12.757: [GC [PSYoungGen: 61906K->544K(63424K)] 757926K->696843K(784320K), 0.0119396 secs] [Times: user=0.06 sys=0.00, real=0.01 secs] 
2168.113: [GC [PSYoungGen: 61920K->1340K(63424K)] 758219K->698007K(784320K), 0.0116168 secs] [Times: user=0.05 sys=0.01, real=0.01 secs] 
2196.054: [GC [PSYoungGen: 62780K->2048K(61824K)] 759447K->700339K(782720K), 0.0127746 secs] [Times: user=0.06 sys=0.00, real=0.01 secs] 
2212.547: [GC [PSYoungGen: 61824K->1472K(61696K)] 760115K->701651K(782592K), 0.0116190 secs] [Times: user=0.05 sys=0.00, real=0.01 secs] 
2246.804: [GC [PSYoungGen: 61120K->1765K(61440K)] 761299K->703211K(782336K), 0.0116386 secs] [Times: user=0.05 sys=0.00, real=0.01 secs] 
2247.301: [GC [PSYoungGen: 61413K->434K(62592K)] 762859K->703448K(783488K), 0.0104297 secs] [Times: user=0.06 sys=0.00, real=0.01 secs] 
2248.139: [GC [PSYoungGen: 60018K->608K(62528K)] 763032K->703888K(783424K), 0.0099672 secs] [Times: user=0.05 sys=0.00, real=0.01 secs] 
2249.247: [GC [PSYoungGen: 60192K->721K(62784K)] 763472K->704411K(783680K), 0.0109867 secs] [Times: user=0.03 sys=0.00, real=0.01 secs] 
2249.803: [GC [PSYoungGen: 60625K->224K(62656K)] 764315K->704229K(783552K), 0.0099295 secs] [Times: user=0.00 sys=0.00, real=0.01 secs] 
2250.432: [GC [PSYoungGen: 60128K->160K(62848K)] 764133K->704253K(783744K), 0.0100839 secs] [Times: user=0.06 sys=0.00, real=0.01 secs] 
2250.997: [GC [PSYoungGen: 60320K->192K(62848K)] 764413K->704365K(783744K), 0.0097750 secs] [Times: user=0.06 sys=0.00, real=0.01 secs] 
2251.453: [GC [PSYoungGen: 60352K->224K(62976K)] 764525K->704477K(783872K), 0.0099174 secs] [Times: user=0.06 sys=0.00, real=0.01 secs] 
2251.986: [GC [PSYoungGen: 60576K->192K(62912K)] 764829K->704549K(783808K), 0.0096038 secs] [Times: user=0.00 sys=0.00, real=0.01 secs] 
2252.651: [GC [PSYoungGen: 60544K->192K(63168K)] 764901K->704653K(784064K), 0.0102627 secs] [Times: user=0.06 sys=0.00, real=0.01 secs] 
2254.613: [GC [PSYoungGen: 60928K->192K(63104K)] 765389K->704717K(784000K), 0.0104354 secs] [Times: user=0.05 sys=0.00, real=0.01 secs] 
2257.271: [GC [PSYoungGen: 60928K->2294K(61440K)] 765453K->708002K(782336K), 0.0152759 secs] [Times: user=0.06 sys=0.00, real=0.01 secs] 
2259.361: [GC [PSYoungGen: 61430K->2792K(61952K)] 767138K->710289K(782848K), 0.0158579 secs] [Times: user=0.06 sys=0.00, real=0.02 secs] 
2259.821: [GC [PSYoungGen: 61928K->320K(62016K)] 769425K->708028K(782912K), 0.0099221 secs] [Times: user=0.03 sys=0.00, real=0.01 secs] 
2260.661: [GC [PSYoungGen: 58752K->608K(61952K)] 766460K->708540K(782848K), 0.0101922 secs] [Times: user=0.00 sys=0.00, real=0.01 secs] 
2274.388: [GC [PSYoungGen: 59040K->857K(62400K)] 766972K->709093K(783296K), 0.0117743 secs] [Times: user=0.00 sys=0.00, real=0.01 secs] 
2317.482: [GC [PSYoungGen: 59929K->1504K(62208K)] 768165K->710242K(783104K), 0.0130654 secs] [Times: user=0.05 sys=0.01, real=0.01 secs] 
2323.045: [GC [PSYoungGen: 60576K->3119K(55360K)] 769314K->719918K(776256K), 0.0105991 secs] [Times: user=0.00 sys=0.00, real=0.01 secs] 
2323.056: [Full GC [PSYoungGen: 3119K->0K(55360K)] [PSOldGen: 716798K->475849K(720896K)] 719918K->475849K(776256K) [PSPermGen: 175364K->175364K(262144K)], 2.4827685 secs] [Times: user=2.28 sys=0.02, real=2.48 secs] 
2325.749: [GC [PSYoungGen: 52224K->256K(58880K)] 528073K->476105K(779776K), 0.0112992 secs] [Times: user=0.06 sys=0.00, real=0.01 secs] 
2325.897: [GC [PSYoungGen: 52480K->1024K(59328K)] 528329K->477041K(780224K), 0.0085823 secs] [Times: user=0.06 sys=0.00, real=0.01 secs] 
2326.033: [GC [PSYoungGen: 53824K->1696K(59008K)] 529841K->478705K(779904K), 0.0104330 secs] [Times: user=0.06 sys=0.00, real=0.01 secs] 
2327.881: [GC [PSYoungGen: 54496K->2016K(60096K)] 531505K->480673K(780992K), 0.0098088 secs] [Times: user=0.00 sys=0.00, real=0.01 secs] 
2330.127: [GC [PSYoungGen: 56352K->1664K(59776K)] 535009K->481785K(780672K), 0.0086827 secs] [Times: user=0.00 sys=0.00, real=0.01 secs] 
2336.404: [GC [PSYoungGen: 56000K->1008K(60608K)] 536121K->482473K(781504K), 0.0075637 secs] [Times: user=0.00 sys=0.00, real=0.01 secs] 
2341.409: [GC [PSYoungGen: 56496K->3136K(60416K)] 537961K->485450K(781312K), 0.0075058 secs] [Times: user=0.00 sys=0.00, real=0.01 secs] 
2347.269: [GC [PSYoungGen: 58624K->5088K(50816K)] 540938K->497985K(771712K), 0.0193966 secs] [Times: user=0.09 sys=0.00, real=0.02 secs] 
2360.846: [GC [PSYoungGen: 50784K->2464K(55616K)] 543681K->500438K(776512K), 0.0145162 secs] [Times: user=0.05 sys=0.00, real=0.01 secs] 
2364.509: [GC [PSYoungGen: 48160K->9376K(50112K)] 546134K->511075K(771008K), 0.0201742 secs] [Times: user=0.05 sys=0.00, real=0.02 secs] 
2370.367: [GC [PSYoungGen: 50074K->4368K(53120K)] 551773K->515375K(774016K), 0.0169551 secs] [Times: user=0.06 sys=0.00, real=0.02 secs] 
2381.244: [GC [PSYoungGen: 45072K->5344K(54144K)] 556079K->520648K(775040K), 0.0140683 secs] [Times: user=0.06 sys=0.00, real=0.01 secs] 
2384.764: [GC [PSYoungGen: 47776K->9856K(51392K)] 563080K->530448K(772288K), 0.0170648 secs] [Times: user=0.06 sys=0.00, real=0.02 secs] 
2393.448: [GC [PSYoungGen: 51312K->2224K(53120K)] 571904K->532628K(774016K), 0.0162539 secs] [Times: user=0.06 sys=0.00, real=0.02 secs] 
2424.414: [GC [PSYoungGen: 42608K->1024K(52800K)] 573012K->533463K(773696K), 0.0096398 secs] [Times: user=0.00 sys=0.00, real=0.01 secs] 
2436.764: [GC [PSYoungGen: 41408K->912K(53568K)] 573847K->534124K(774464K), 0.0091838 secs] [Times: user=0.06 sys=0.00, real=0.01 secs] 
2439.182: [GC [PSYoungGen: 42256K->1408K(53312K)] 575468K->535132K(774208K), 0.0094949 secs] [Times: user=0.06 sys=0.00, real=0.01 secs] 
