2325.749: [GC [PSYoungGen: 52224K->256K(58880K)] 528073K->476105K(779776K), 0.0112992 secs] [Times: user=0.06 sys=0.00, real=0.01 secs]
2325.749: [GC [PSYoungGen: 52224K->256K(58880K)] 528073K->476105K(779776K), 0.0112992 secs] [Times: user=0.06 sys=0.00, real=0.01 secs]
2325.749: [GC [PSYoungGen: 52224K->256K(58880K)] 528073K->476105K(779776K), 0.0112992 secs] [Times: user=0.06 sys=0.00, real=0.01 secs]
2325.749: [GC [PSYoungGen: 52224K->256K(58880K)] 528073K->476105K(779776K), 0.0112992 secs] [Times: user=0.06 sys=0.00, real=0.01 secs]
2325.749: [GC [PSYoungGen: 52224K->256K(58880K)] 528073K->476105K(779776K), 0.0112992 secs] [Times: user=0.06 sys=0.00, real=0.01 secs]
2325.749: [GC [PSYoungGen: 52224K->256K(58880K)] 528073K->476105K(779776K), 0.0112992 secs] [Times: user=0.06 sys=0.00, real=0.01 secs]
2325.749: [GC [PSYoungGen: 52224K->256K(58880K)] 528073K->476105K(779776K), 0.0112992 secs] [Times: user=0.06 sys=0.00, real=0.01 secs]
2325.749: [GC [PSYoungGen: 52224K->256K(58880K)] 528073K->476105K(779776K), 0.0112992 secs] [Times: user=0.06 sys=0.00, real=0.01 secs]
2325.749: [GC [PSYoungGen: 52224K->256K(58880K)] 528073K->476105K(779776K), 0.0112992 secs] [Times: user=0.06 sys=0.00, real=0.01 secs]
2325.749: [GC [PSYoungGen: 52224K->256K(58880K)] 528073K->476105K(779776K), 0.0112992 secs] [Times: user=0.06 sys=0.00, real=0.01 secs]
2325.749: [GC [PSYoungGen: 52224K->256K(58880K)] 528073K->476105K(779776K), 0.0112992 secs] [Times: user=0.06 sys=0.00, real=0.01 secs]
2325.749: [GC [PSYoungGen: 52224K->256K(58880K)] 528073K->476105K(779776K), 0.0112992 secs] [Times: user=0.06 sys=0.00, real=0.01 secs]
2325.749: [GC [PSYoungGen: 52224K->256K(58880K)] 528073K->476105K(779776K), 0.0112992 secs] [Times: user=0.06 sys=0.00, real=0.01 secs]
2325.749: [GC [PSYoungGen: 52224K->256K(58880K)] 528073K->476105K(779776K), 0.0112992 secs] [Times: user=0.06 sys=0.00, real=0.01 secs]
2325.749: [GC [PSYoungGen: 52224K->256K(58880K)] 528073K->476105K(779776K), 0.0112992 secs] [Times: user=0.06 sys=0.00, real=0.01 secs]
2325.749: [GC [PSYoungGen: 52224K->256K(58880K)] 528073K->476105K(779776K), 0.0112992 secs] [Times: user=0.06 sys=0.00, real=0.01 secs]
2325.749: [GC [PSYoungGen: 52224K->256K(58880K)] 528073K->476105K(779776K), 0.0112992 secs] [Times: user=0.06 sys=0.00, real=0.01 secs]
2325.749: [GC [PSYoungGen: 52224K->256K(58880K)] 528073K->476105K(779776K), 0.0112992 secs] [Times: user=0.06 sys=0.00, real=0.01 secs]
2325.749: [GC [PSYoungGen: 52224K->256K(58880K)] 528073K->476105K(779776K), 0.0112992 secs] [Times: user=0.06 sys=0.00, real=0.01 secs]
2325.749: [GC [PSYoungGen: 52224K->256K(58880K)] 528073K->476105K(779776K), 0.0112992 secs] [Times: user=0.06 sys=0.00, real=0.01 secs]
2325.749: [GC [PSYoungGen: 52224K->256K(58880K)] 528073K->476105K(779776K), 0.0112992 secs] [Times: user=0.06 sys=0.00, real=0.01 secs]
2325.749: [GC [PSYoungGen: 52224K->256K(58880K)] 528073K->476105K(779776K), 0.0112992 secs] [Times: user=0.06 sys=0.00, real=0.01 secs]
2325.749: [GC [PSYoungGen: 52224K->256K(58880K)] 528073K->476105K(779776K), 0.0112992 secs] [Times: user=0.06 sys=0.00, real=0.01 secs]
2325.749: [GC [PSYoungGen: 52224K->256K(58880K)] 528073K->476105K(779776K), 0.0112992 secs] [Times: user=0.06 sys=0.00, real=0.01 secs]
2325.749: [GC [PSYoungGen: 52224K->256K(58880K)] 528073K->476105K(779776K), 0.0112992 secs] [Times: user=0.06 sys=0.00, real=0.01 secs]
2325.749: [GC [PSYoungGen: 52224K->256K(58880K)] 528073K->476105K(779776K), 0.0112992 secs] [Times: user=0.06 sys=0.00, real=0.01 secs]
2325.749: [GC [PSYoungGen: 52224K->256K(58880K)] 528073K->476105K(779776K), 0.0112992 secs] [Times: user=0.06 sys=0.00, real=0.01 secs]
2325.749: [GC [PSYoungGen: 52224K->256K(58880K)] 528073K->476105K(779776K), 0.0112992 secs] [Times: user=0.06 sys=0.00, real=0.01 secs]
2325.749: [GC [PSYoungGen: 52224K->256K(58880K)] 528073K->476105K(779776K), 0.0112992 secs] [Times: user=0.06 sys=0.00, real=0.01 secs]
2325.749: [GC [PSYoungGen: 52224K->256K(58880K)] 528073K->476105K(779776K), 0.0112992 secs] [Times: user=0.06 sys=0.00, real=0.01 secs]
2325.749: [GC [PSYoungGen: 52224K->256K(58880K)] 528073K->476105K(779776K), 0.0112992 secs] [Times: user=0.06 sys=0.00, real=0.01 secs]
2325.749: [GC [PSYoungGen: 52224K->256K(58880K)] 528073K->476105K(779776K), 0.0112992 secs] [Times: user=0.06 sys=0.00, real=0.01 secs]
2325.749: [GC [PSYoungGen: 52224K->256K(58880K)] 528073K->476105K(779776K), 0.0112992 secs] [Times: user=0.06 sys=0.00, real=0.01 secs]
2325.749: [GC [PSYoungGen: 52224K->256K(58880K)] 528073K->476105K(779776K), 0.0112992 secs] [Times: user=0.06 sys=0.00, real=0.01 secs]
2325.749: [GC [PSYoungGen: 52224K->256K(58880K)] 528073K->476105K(779776K), 0.0112992 secs] [Times: user=0.06 sys=0.00, real=0.01 secs]
2325.749: [GC [PSYoungGen: 52224K->256K(58880K)] 528073K->476105K(779776K), 0.0112992 secs] [Times: user=0.06 sys=0.00, real=0.01 secs]
2325.749: [GC [PSYoungGen: 52224K->256K(58880K)] 528073K->476105K(779776K), 0.0112992 secs] [Times: user=0.06 sys=0.00, real=0.01 secs]
2325.749: [GC [PSYoungGen: 52224K->256K(58880K)] 528073K->476105K(779776K), 0.0112992 secs] [Times: user=0.06 sys=0.00, real=0.01 secs]
2325.749: [GC [PSYoungGen: 52224K->256K(58880K)] 528073K->476105K(779776K), 0.0112992 secs] [Times: user=0.06 sys=0.00, real=0.01 secs]
2325.749: [GC [PSYoungGen: 52224K->256K(58880K)] 528073K->476105K(779776K), 0.0112992 secs] [Times: user=0.06 sys=0.00, real=0.01 secs]
2325.749: [GC [PSYoungGen: 52224K->256K(58880K)] 528073K->476105K(779776K), 0.0112992 secs] [Times: user=0.06 sys=0.00, real=0.01 secs]
2325.749: [GC [PSYoungGen: 52224K->256K(58880K)] 528073K->476105K(779776K), 0.0112992 secs] [Times: user=0.06 sys=0.00, real=0.01 secs]
2325.749: [GC [PSYoungGen: 52224K->256K(58880K)] 528073K->476105K(779776K), 0.0112992 secs] [Times: user=0.06 sys=0.00, real=0.01 secs]
2325.749: [GC [PSYoungGen: 52224K->256K(58880K)] 528073K->476105K(779776K), 0.0112992 secs] [Times: user=0.06 sys=0.00, real=0.01 secs]
2325.749: [GC [PSYoungGen: 52224K->256K(58880K)] 528073K->476105K(779776K), 0.0112992 secs] [Times: user=0.06 sys=0.00, real=0.01 secs]
2325.749: [GC [PSYoungGen: 52224K->256K(58880K)] 528073K->476105K(779776K), 0.0112992 secs] [Times: user=0.06 sys=0.00, real=0.01 secs]
2325.749: [GC [PSYoungGen: 52224K->256K(58880K)] 528073K->476105K(779776K), 0.0112992 secs] [Times: user=0.06 sys=0.00, real=0.01 secs]
2325.749: [GC [PSYoungGen: 52224K->256K(58880K)] 528073K->476105K(779776K), 0.0112992 secs] [Times: user=0.06 sys=0.00, real=0.01 secs]
2325.749: [GC [PSYoungGen: 52224K->256K(58880K)] 528073K->476105K(779776K), 0.0112992 secs] [Times: user=0.06 sys=0.00, real=0.01 secs]
2325.749: [GC [PSYoungGen: 52224K->256K(58880K)] 528073K->476105K(779776K), 0.0112992 secs] [Times: user=0.06 sys=0.00, real=0.01 secs]
2325.749: [GC [PSYoungGen: 52224K->256K(58880K)] 528073K->476105K(779776K), 0.0112992 secs] [Times: user=0.06 sys=0.00, real=0.01 secs]
2325.749: [GC [PSYoungGen: 52224K->256K(58880K)] 528073K->476105K(779776K), 0.0112992 secs] [Times: user=0.06 sys=0.00, real=0.01 secs]
2325.749: [GC [PSYoungGen: 52224K->256K(58880K)] 528073K->476105K(779776K), 0.0112992 secs] [Times: user=0.06 sys=0.00, real=0.01 secs]
2325.749: [GC [PSYoungGen: 52224K->256K(58880K)] 528073K->476105K(779776K), 0.0112992 secs] [Times: user=0.06 sys=0.00, real=0.01 secs]
2325.749: [GC [PSYoungGen: 52224K->256K(58880K)] 528073K->476105K(779776K), 0.0112992 secs] [Times: user=0.06 sys=0.00, real=0.01 secs]
2325.749: [GC [PSYoungGen: 52224K->256K(58880K)] 528073K->476105K(779776K), 0.0112992 secs] [Times: user=0.06 sys=0.00, real=0.01 secs]
2325.749: [GC [PSYoungGen: 52224K->256K(58880K)] 528073K->476105K(779776K), 0.0112992 secs] [Times: user=0.06 sys=0.00, real=0.01 secs]
2325.749: [GC [PSYoungGen: 52224K->256K(58880K)] 528073K->476105K(779776K), 0.0112992 secs] [Times: user=0.06 sys=0.00, real=0.01 secs]
2325.749: [GC [PSYoungGen: 52224K->256K(58880K)] 528073K->476105K(779776K), 0.0112992 secs] [Times: user=0.06 sys=0.00, real=0.01 secs]
2325.749: [GC [PSYoungGen: 52224K->256K(58880K)] 528073K->476105K(779776K), 0.0112992 secs] [Times: user=0.06 sys=0.00, real=0.01 secs]
2325.749: [GC [PSYoungGen: 52224K->256K(58880K)] 528073K->476105K(779776K), 0.0112992 secs] [Times: user=0.06 sys=0.00, real=0.01 secs]
2325.749: [GC [PSYoungGen: 52224K->256K(58880K)] 528073K->476105K(779776K), 0.0112992 secs] [Times: user=0.06 sys=0.00, real=0.01 secs]
2325.749: [GC [PSYoungGen: 52224K->256K(58880K)] 528073K->476105K(779776K), 0.0112992 secs] [Times: user=0.06 sys=0.00, real=0.01 secs]
2325.749: [GC [PSYoungGen: 52224K->256K(58880K)] 528073K->476105K(779776K), 0.0112992 secs] [Times: user=0.06 sys=0.00, real=0.01 secs]
2325.749: [GC [PSYoungGen: 52224K->256K(58880K)] 528073K->476105K(779776K), 0.0112992 secs] [Times: user=0.06 sys=0.00, real=0.01 secs]
2325.749: [GC [PSYoungGen: 52224K->256K(58880K)] 528073K->476105K(779776K), 0.0112992 secs] [Times: user=0.06 sys=0.00, real=0.01 secs]
2325.749: [GC [PSYoungGen: 52224K->256K(58880K)] 528073K->476105K(779776K), 0.0112992 secs] [Times: user=0.06 sys=0.00, real=0.01 secs]
2325.749: [GC [PSYoungGen: 52224K->256K(58880K)] 528073K->476105K(779776K), 0.0112992 secs] [Times: user=0.06 sys=0.00, real=0.01 secs]
2325.749: [GC [PSYoungGen: 52224K->256K(58880K)] 528073K->476105K(779776K), 0.0112992 secs] [Times: user=0.06 sys=0.00, real=0.01 secs]
2325.749: [GC [PSYoungGen: 52224K->256K(58880K)] 528073K->476105K(779776K), 0.0112992 secs] [Times: user=0.06 sys=0.00, real=0.01 secs]
2325.749: [GC [PSYoungGen: 52224K->256K(58880K)] 528073K->476105K(779776K), 0.0112992 secs] [Times: user=0.06 sys=0.00, real=0.01 secs]
2325.749: [GC [PSYoungGen: 52224K->256K(58880K)] 528073K->476105K(779776K), 0.0112992 secs] [Times: user=0.06 sys=0.00, real=0.01 secs]
2325.749: [GC [PSYoungGen: 52224K->256K(58880K)] 528073K->476105K(779776K), 0.0112992 secs] [Times: user=0.06 sys=0.00, real=0.01 secs]
2325.749: [GC [PSYoungGen: 52224K->256K(58880K)] 528073K->476105K(779776K), 0.0112992 secs] [Times: user=0.06 sys=0.00, real=0.01 secs]
2325.749: [GC [PSYoungGen: 52224K->256K(58880K)] 528073K->476105K(779776K), 0.0112992 secs] [Times: user=0.06 sys=0.00, real=0.01 secs]
2325.749: [GC [PSYoungGen: 52224K->256K(58880K)] 528073K->476105K(779776K), 0.0112992 secs] [Times: user=0.06 sys=0.00, real=0.01 secs]
2325.749: [GC [PSYoungGen: 52224K->256K(58880K)] 528073K->476105K(779776K), 0.0112992 secs] [Times: user=0.06 sys=0.00, real=0.01 secs]
2325.749: [GC [PSYoungGen: 52224K->256K(58880K)] 528073K->476105K(779776K), 0.0112992 secs] [Times: user=0.06 sys=0.00, real=0.01 secs]
2325.749: [GC [PSYoungGen: 52224K->256K(58880K)] 528073K->476105K(779776K), 0.0112992 secs] [Times: user=0.06 sys=0.00, real=0.01 secs]
2325.749: [GC [PSYoungGen: 52224K->256K(58880K)] 528073K->476105K(779776K), 0.0112992 secs] [Times: user=0.06 sys=0.00, real=0.01 secs]
2325.749: [GC [PSYoungGen: 52224K->256K(58880K)] 528073K->476105K(779776K), 0.0112992 secs] [Times: user=0.06 sys=0.00, real=0.01 secs]
2325.749: [GC [PSYoungGen: 52224K->256K(58880K)] 528073K->476105K(779776K), 0.0112992 secs] [Times: user=0.06 sys=0.00, real=0.01 secs]
2325.749: [GC [PSYoungGen: 52224K->256K(58880K)] 528073K->476105K(779776K), 0.0112992 secs] [Times: user=0.06 sys=0.00, real=0.01 secs]
2325.749: [GC [PSYoungGen: 52224K->256K(58880K)] 528073K->476105K(779776K), 0.0112992 secs] [Times: user=0.06 sys=0.00, real=0.01 secs]
2325.749: [GC [PSYoungGen: 52224K->256K(58880K)] 528073K->476105K(779776K), 0.0112992 secs] [Times: user=0.06 sys=0.00, real=0.01 secs]
2325.749: [GC [PSYoungGen: 52224K->256K(58880K)] 528073K->476105K(779776K), 0.0112992 secs] [Times: user=0.06 sys=0.00, real=0.01 secs]
2325.749: [GC [PSYoungGen: 52224K->256K(58880K)] 528073K->476105K(779776K), 0.0112992 secs] [Times: user=0.06 sys=0.00, real=0.01 secs]
2325.749: [GC [PSYoungGen: 52224K->256K(58880K)] 528073K->476105K(779776K), 0.0112992 secs] [Times: user=0.06 sys=0.00, real=0.01 secs]
2325.749: [GC [PSYoungGen: 52224K->256K(58880K)] 528073K->476105K(779776K), 0.0112992 secs] [Times: user=0.06 sys=0.00, real=0.01 secs]
2325.749: [GC [PSYoungGen: 52224K->256K(58880K)] 528073K->476105K(779776K), 0.0112992 secs] [Times: user=0.06 sys=0.00, real=0.01 secs]
2325.749: [GC [PSYoungGen: 52224K->256K(58880K)] 528073K->476105K(779776K), 0.0112992 secs] [Times: user=0.06 sys=0.00, real=0.01 secs]
2325.749: [GC [PSYoungGen: 52224K->256K(58880K)] 528073K->476105K(779776K), 0.0112992 secs] [Times: user=0.06 sys=0.00, real=0.01 secs]
2325.749: [GC [PSYoungGen: 52224K->256K(58880K)] 528073K->476105K(779776K), 0.0112992 secs] [Times: user=0.06 sys=0.00, real=0.01 secs]
2325.749: [GC [PSYoungGen: 52224K->256K(58880K)] 528073K->476105K(779776K), 0.0112992 secs] [Times: user=0.06 sys=0.00, real=0.01 secs]
2325.749: [GC [PSYoungGen: 52224K->256K(58880K)] 528073K->476105K(779776K), 0.0112992 secs] [Times: user=0.06 sys=0.00, real=0.01 secs]
2325.749: [GC [PSYoungGen: 52224K->256K(58880K)] 528073K->476105K(779776K), 0.0112992 secs] [Times: user=0.06 sys=0.00, real=0.01 secs]
2325.749: [GC [PSYoungGen: 52224K->256K(58880K)] 528073K->476105K(779776K), 0.0112992 secs] [Times: user=0.06 sys=0.00, real=0.01 secs]
2325.749: [GC [PSYoungGen: 52224K->256K(58880K)] 528073K->476105K(779776K), 0.0112992 secs] [Times: user=0.06 sys=0.00, real=0.01 secs]
2325.749: [GC [PSYoungGen: 52224K->256K(58880K)] 528073K->476105K(779776K), 0.0112992 secs] [Times: user=0.06 sys=0.00, real=0.01 secs]
2325.749: [GC [PSYoungGen: 52224K->256K(58880K)] 528073K->476105K(779776K), 0.0112992 secs] [Times: user=0.06 sys=0.00, real=0.01 secs]
2325.749: [GC [PSYoungGen: 52224K->256K(58880K)] 528073K->476105K(779776K), 0.0112992 secs] [Times: user=0.06 sys=0.00, real=0.01 secs]
2325.749: [GC [PSYoungGen: 52224K->256K(58880K)] 528073K->476105K(779776K), 0.0112992 secs] [Times: user=0.06 sys=0.00, real=0.01 secs]
2325.749: [GC [PSYoungGen: 52224K->256K(58880K)] 528073K->476105K(779776K), 0.0112992 secs] [Times: user=0.06 sys=0.00, real=0.01 secs]
2325.749: [GC [PSYoungGen: 52224K->256K(58880K)] 528073K->476105K(779776K), 0.0112992 secs] [Times: user=0.06 sys=0.00, real=0.01 secs]
2325.749: [GC [PSYoungGen: 52224K->256K(58880K)] 528073K->476105K(779776K), 0.0112992 secs] [Times: user=0.06 sys=0.00, real=0.01 secs]
2325.749: [GC [PSYoungGen: 52224K->256K(58880K)] 528073K->476105K(779776K), 0.0112992 secs] [Times: user=0.06 sys=0.00, real=0.01 secs]
2325.749: [GC [PSYoungGen: 52224K->256K(58880K)] 528073K->476105K(779776K), 0.0112992 secs] [Times: user=0.06 sys=0.00, real=0.01 secs]
2325.749: [GC [PSYoungGen: 52224K->256K(58880K)] 528073K->476105K(779776K), 0.0112992 secs] [Times: user=0.06 sys=0.00, real=0.01 secs]
2325.749: [GC [PSYoungGen: 52224K->256K(58880K)] 528073K->476105K(779776K), 0.0112992 secs] [Times: user=0.06 sys=0.00, real=0.01 secs]
2325.749: [GC [PSYoungGen: 52224K->256K(58880K)] 528073K->476105K(779776K), 0.0112992 secs] [Times: user=0.06 sys=0.00, real=0.01 secs]
2325.749: [GC [PSYoungGen: 52224K->256K(58880K)] 528073K->476105K(779776K), 0.0112992 secs] [Times: user=0.06 sys=0.00, real=0.01 secs]
2325.749: [GC [PSYoungGen: 52224K->256K(58880K)] 528073K->476105K(779776K), 0.0112992 secs] [Times: user=0.06 sys=0.00, real=0.01 secs]
2325.749: [GC [PSYoungGen: 52224K->256K(58880K)] 528073K->476105K(779776K), 0.0112992 secs] [Times: user=0.06 sys=0.00, real=0.01 secs]
2325.749: [GC [PSYoungGen: 52224K->256K(58880K)] 528073K->476105K(779776K), 0.0112992 secs] [Times: user=0.06 sys=0.00, real=0.01 secs]
2325.749: [GC [PSYoungGen: 52224K->256K(58880K)] 528073K->476105K(779776K), 0.0112992 secs] [Times: user=0.06 sys=0.00, real=0.01 secs]
2325.749: [GC [PSYoungGen: 52224K->256K(58880K)] 528073K->476105K(779776K), 0.0112992 secs] [Times: user=0.06 sys=0.00, real=0.01 secs]
2325.749: [GC [PSYoungGen: 52224K->256K(58880K)] 528073K->476105K(779776K), 0.0112992 secs] [Times: user=0.06 sys=0.00, real=0.01 secs]
2325.749: [GC [PSYoungGen: 52224K->256K(58880K)] 528073K->476105K(779776K), 0.0112992 secs] [Times: user=0.06 sys=0.00, real=0.01 secs]
2325.749: [GC [PSYoungGen: 52224K->256K(58880K)] 528073K->476105K(779776K), 0.0112992 secs] [Times: user=0.06 sys=0.00, real=0.01 secs]
2325.749: [GC [PSYoungGen: 52224K->256K(58880K)] 528073K->476105K(779776K), 0.0112992 secs] [Times: user=0.06 sys=0.00, real=0.01 secs]
2325.749: [GC [PSYoungGen: 52224K->256K(58880K)] 528073K->476105K(779776K), 0.0112992 secs] [Times: user=0.06 sys=0.00, real=0.01 secs]
2325.749: [GC [PSYoungGen: 52224K->256K(58880K)] 528073K->476105K(779776K), 0.0112992 secs] [Times: user=0.06 sys=0.00, real=0.01 secs]
2325.749: [GC [PSYoungGen: 52224K->256K(58880K)] 528073K->476105K(779776K), 0.0112992 secs] [Times: user=0.06 sys=0.00, real=0.01 secs]
2325.749: [GC [PSYoungGen: 52224K->256K(58880K)] 528073K->476105K(779776K), 0.0112992 secs] [Times: user=0.06 sys=0.00, real=0.01 secs]
2325.749: [GC [PSYoungGen: 52224K->256K(58880K)] 528073K->476105K(779776K), 0.0112992 secs] [Times: user=0.06 sys=0.00, real=0.01 secs]
2325.749: [GC [PSYoungGen: 52224K->256K(58880K)] 528073K->476105K(779776K), 0.0112992 secs] [Times: user=0.06 sys=0.00, real=0.01 secs]
2325.749: [GC [PSYoungGen: 52224K->256K(58880K)] 528073K->476105K(779776K), 0.0112992 secs] [Times: user=0.06 sys=0.00, real=0.01 secs]
2325.749: [GC [PSYoungGen: 52224K->256K(58880K)] 528073K->476105K(779776K), 0.0112992 secs] [Times: user=0.06 sys=0.00, real=0.01 secs]
2325.749: [GC [PSYoungGen: 52224K->256K(58880K)] 528073K->476105K(779776K), 0.0112992 secs] [Times: user=0.06 sys=0.00, real=0.01 secs]
2325.749: [GC [PSYoungGen: 52224K->256K(58880K)] 528073K->476105K(779776K), 0.0112992 secs] [Times: user=0.06 sys=0.00, real=0.01 secs]
2325.749: [GC [PSYoungGen: 52224K->256K(58880K)] 528073K->476105K(779776K), 0.0112992 secs] [Times: user=0.06 sys=0.00, real=0.01 secs]
2325.749: [GC [PSYoungGen: 52224K->256K(58880K)] 528073K->476105K(779776K), 0.0112992 secs] [Times: user=0.06 sys=0.00, real=0.01 secs]
2325.749: [GC [PSYoungGen: 52224K->256K(58880K)] 528073K->476105K(779776K), 0.0112992 secs] [Times: user=0.06 sys=0.00, real=0.01 secs]
2325.749: [GC [PSYoungGen: 52224K->256K(58880K)] 528073K->476105K(779776K), 0.0112992 secs] [Times: user=0.06 sys=0.00, real=0.01 secs]
2325.749: [GC [PSYoungGen: 52224K->256K(58880K)] 528073K->476105K(779776K), 0.0112992 secs] [Times: user=0.06 sys=0.00, real=0.01 secs]
2325.749: [GC [PSYoungGen: 52224K->256K(58880K)] 528073K->476105K(779776K), 0.0112992 secs] [Times: user=0.06 sys=0.00, real=0.01 secs]
2325.749: [GC [PSYoungGen: 52224K->256K(58880K)] 528073K->476105K(779776K), 0.0112992 secs] [Times: user=0.06 sys=0.00, real=0.01 secs]
2325.749: [GC [PSYoungGen: 52224K->256K(58880K)] 528073K->476105K(779776K), 0.0112992 secs] [Times: user=0.06 sys=0.00, real=0.01 secs]
2325.749: [GC [PSYoungGen: 52224K->256K(58880K)] 528073K->476105K(779776K), 0.0112992 secs] [Times: user=0.06 sys=0.00, real=0.01 secs]
2325.749: [GC [PSYoungGen: 52224K->256K(58880K)] 528073K->476105K(779776K), 0.0112992 secs] [Times: user=0.06 sys=0.00, real=0.01 secs]
2325.749: [GC [PSYoungGen: 52224K->256K(58880K)] 528073K->476105K(779776K), 0.0112992 secs] [Times: user=0.06 sys=0.00, real=0.01 secs]
2325.749: [GC [PSYoungGen: 52224K->256K(58880K)] 528073K->476105K(779776K), 0.0112992 secs] [Times: user=0.06 sys=0.00, real=0.01 secs]
2325.749: [GC [PSYoungGen: 52224K->256K(58880K)] 528073K->476105K(779776K), 0.0112992 secs] [Times: user=0.06 sys=0.00, real=0.01 secs]
2325.749: [GC [PSYoungGen: 52224K->256K(58880K)] 528073K->476105K(779776K), 0.0112992 secs] [Times: user=0.06 sys=0.00, real=0.01 secs]
2325.749: [GC [PSYoungGen: 52224K->256K(58880K)] 528073K->476105K(779776K), 0.0112992 secs] [Times: user=0.06 sys=0.00, real=0.01 secs]
2325.749: [GC [PSYoungGen: 52224K->256K(58880K)] 528073K->476105K(779776K), 0.0112992 secs] [Times: user=0.06 sys=0.00, real=0.01 secs]
2325.749: [GC [PSYoungGen: 52224K->256K(58880K)] 528073K->476105K(779776K), 0.0112992 secs] [Times: user=0.06 sys=0.00, real=0.01 secs]
2325.749: [GC [PSYoungGen: 52224K->256K(58880K)] 528073K->476105K(779776K), 0.0112992 secs] [Times: user=0.06 sys=0.00, real=0.01 secs]
2325.749: [GC [PSYoungGen: 52224K->256K(58880K)] 528073K->476105K(779776K), 0.0112992 secs] [Times: user=0.06 sys=0.00, real=0.01 secs]
2325.749: [GC [PSYoungGen: 52224K->256K(58880K)] 528073K->476105K(779776K), 0.0112992 secs] [Times: user=0.06 sys=0.00, real=0.01 secs]
2325.749: [GC [PSYoungGen: 52224K->256K(58880K)] 528073K->476105K(779776K), 0.0112992 secs] [Times: user=0.06 sys=0.00, real=0.01 secs]
2325.749: [GC [PSYoungGen: 52224K->256K(58880K)] 528073K->476105K(779776K), 0.0112992 secs] [Times: user=0.06 sys=0.00, real=0.01 secs]
2325.749: [GC [PSYoungGen: 52224K->256K(58880K)] 528073K->476105K(779776K), 0.0112992 secs] [Times: user=0.06 sys=0.00, real=0.01 secs]
2325.749: [GC [PSYoungGen: 52224K->256K(58880K)] 528073K->476105K(779776K), 0.0112992 secs] [Times: user=0.06 sys=0.00, real=0.01 secs]
2325.749: [GC [PSYoungGen: 52224K->256K(58880K)] 528073K->476105K(779776K), 0.0112992 secs] [Times: user=0.06 sys=0.00, real=0.01 secs]
2325.749: [GC [PSYoungGen: 52224K->256K(58880K)] 528073K->476105K(779776K), 0.0112992 secs] [Times: user=0.06 sys=0.00, real=0.01 secs]
2325.749: [GC [PSYoungGen: 52224K->256K(58880K)] 528073K->476105K(779776K), 0.0112992 secs] [Times: user=0.06 sys=0.00, real=0.01 secs]
2325.749: [GC [PSYoungGen: 52224K->256K(58880K)] 528073K->476105K(779776K), 0.0112992 secs] [Times: user=0.06 sys=0.00, real=0.01 secs]
2325.749: [GC [PSYoungGen: 52224K->256K(58880K)] 528073K->476105K(779776K), 0.0112992 secs] [Times: user=0.06 sys=0.00, real=0.01 secs]
2325.749: [GC [PSYoungGen: 52224K->256K(58880K)] 528073K->476105K(779776K), 0.0112992 secs] [Times: user=0.06 sys=0.00, real=0.01 secs]
2325.749: [GC [PSYoungGen: 52224K->256K(58880K)] 528073K->476105K(779776K), 0.0112992 secs] [Times: user=0.06 sys=0.00, real=0.01 secs]
2325.749: [GC [PSYoungGen: 52224K->256K(58880K)] 528073K->476105K(779776K), 0.0112992 secs] [Times: user=0.06 sys=0.00, real=0.01 secs]
2325.749: [GC [PSYoungGen: 52224K->256K(58880K)] 528073K->476105K(779776K), 0.0112992 secs] [Times: user=0.06 sys=0.00, real=0.01 secs]
2325.749: [GC [PSYoungGen: 52224K->256K(58880K)] 528073K->476105K(779776K), 0.0112992 secs] [Times: user=0.06 sys=0.00, real=0.01 secs]
2325.749: [GC [PSYoungGen: 52224K->256K(58880K)] 528073K->476105K(779776K), 0.0112992 secs] [Times: user=0.06 sys=0.00, real=0.01 secs]
2325.749: [GC [PSYoungGen: 52224K->256K(58880K)] 528073K->476105K(779776K), 0.0112992 secs] [Times: user=0.06 sys=0.00, real=0.01 secs]
2325.749: [GC [PSYoungGen: 52224K->256K(58880K)] 528073K->476105K(779776K), 0.0112992 secs] [Times: user=0.06 sys=0.00, real=0.01 secs]
2325.749: [GC [PSYoungGen: 52224K->256K(58880K)] 528073K->476105K(779776K), 0.0112992 secs] [Times: user=0.06 sys=0.00, real=0.01 secs]
2325.749: [GC [PSYoungGen: 52224K->256K(58880K)] 528073K->476105K(779776K), 0.0112992 secs] [Times: user=0.06 sys=0.00, real=0.01 secs]
2325.749: [GC [PSYoungGen: 52224K->256K(58880K)] 528073K->476105K(779776K), 0.0112992 secs] [Times: user=0.06 sys=0.00, real=0.01 secs]
2325.749: [GC [PSYoungGen: 52224K->256K(58880K)] 528073K->476105K(779776K), 0.0112992 secs] [Times: user=0.06 sys=0.00, real=0.01 secs]
2325.749: [GC [PSYoungGen: 52224K->256K(58880K)] 528073K->476105K(779776K), 0.0112992 secs] [Times: user=0.06 sys=0.00, real=0.01 secs]
2325.749: [GC [PSYoungGen: 52224K->256K(58880K)] 528073K->476105K(779776K), 0.0112992 secs] [Times: user=0.06 sys=0.00, real=0.01 secs]
2325.749: [GC [PSYoungGen: 52224K->256K(58880K)] 528073K->476105K(779776K), 0.0112992 secs] [Times: user=0.06 sys=0.00, real=0.01 secs]
2325.749: [GC [PSYoungGen: 52224K->256K(58880K)] 528073K->476105K(779776K), 0.0112992 secs] [Times: user=0.06 sys=0.00, real=0.01 secs]
2325.749: [GC [PSYoungGen: 52224K->256K(58880K)] 528073K->476105K(779776K), 0.0112992 secs] [Times: user=0.06 sys=0.00, real=0.01 secs]
2325.749: [GC [PSYoungGen: 52224K->256K(58880K)] 528073K->476105K(779776K), 0.0112992 secs] [Times: user=0.06 sys=0.00, real=0.01 secs]
2325.749: [GC [PSYoungGen: 52224K->256K(58880K)] 528073K->476105K(779776K), 0.0112992 secs] [Times: user=0.06 sys=0.00, real=0.01 secs]
2325.749: [GC [PSYoungGen: 52224K->256K(58880K)] 528073K->476105K(779776K), 0.0112992 secs] [Times: user=0.06 sys=0.00, real=0.01 secs]
2325.749: [GC [PSYoungGen: 52224K->256K(58880K)] 528073K->476105K(779776K), 0.0112992 secs] [Times: user=0.06 sys=0.00, real=0.01 secs]
2325.749: [GC [PSYoungGen: 52224K->256K(58880K)] 528073K->476105K(779776K), 0.0112992 secs] [Times: user=0.06 sys=0.00, real=0.01 secs]
2325.749: [GC [PSYoungGen: 52224K->256K(58880K)] 528073K->476105K(779776K), 0.0112992 secs] [Times: user=0.06 sys=0.00, real=0.01 secs]
2325.749: [GC [PSYoungGen: 52224K->256K(58880K)] 528073K->476105K(779776K), 0.0112992 secs] [Times: user=0.06 sys=0.00, real=0.01 secs]
2325.749: [GC [PSYoungGen: 52224K->256K(58880K)] 528073K->476105K(779776K), 0.0112992 secs] [Times: user=0.06 sys=0.00, real=0.01 secs]
2325.749: [GC [PSYoungGen: 52224K->256K(58880K)] 528073K->476105K(779776K), 0.0112992 secs] [Times: user=0.06 sys=0.00, real=0.01 secs]
2325.749: [GC [PSYoungGen: 52224K->256K(58880K)] 528073K->476105K(779776K), 0.0112992 secs] [Times: user=0.06 sys=0.00, real=0.01 secs]
2325.749: [GC [PSYoungGen: 52224K->256K(58880K)] 528073K->476105K(779776K), 0.0112992 secs] [Times: user=0.06 sys=0.00, real=0.01 secs]
2325.749: [GC [PSYoungGen: 52224K->256K(58880K)] 528073K->476105K(779776K), 0.0112992 secs] [Times: user=0.06 sys=0.00, real=0.01 secs]
2325.749: [GC [PSYoungGen: 52224K->256K(58880K)] 528073K->476105K(779776K), 0.0112992 secs] [Times: user=0.06 sys=0.00, real=0.01 secs]
2325.749: [GC [PSYoungGen: 52224K->256K(58880K)] 528073K->476105K(779776K), 0.0112992 secs] [Times: user=0.06 sys=0.00, real=0.01 secs]
2325.749: [GC [PSYoungGen: 52224K->256K(58880K)] 528073K->476105K(779776K), 0.0112992 secs] [Times: user=0.06 sys=0.00, real=0.01 secs]
2325.749: [GC [PSYoungGen: 52224K->256K(58880K)] 528073K->476105K(779776K), 0.0112992 secs] [Times: user=0.06 sys=0.00, real=0.01 secs]
2325.749: [GC [PSYoungGen: 52224K->256K(58880K)] 528073K->476105K(779776K), 0.0112992 secs] [Times: user=0.06 sys=0.00, real=0.01 secs]
2325.749: [GC [PSYoungGen: 52224K->256K(58880K)] 528073K->476105K(779776K), 0.0112992 secs] [Times: user=0.06 sys=0.00, real=0.01 secs]
2325.749: [GC [PSYoungGen: 52224K->256K(58880K)] 528073K->476105K(779776K), 0.0112992 secs] [Times: user=0.06 sys=0.00, real=0.01 secs]
2325.749: [GC [PSYoungGen: 52224K->256K(58880K)] 528073K->476105K(779776K), 0.0112992 secs] [Times: user=0.06 sys=0.00, real=0.01 secs]
2325.749: [GC [PSYoungGen: 52224K->256K(58880K)] 528073K->476105K(779776K), 0.0112992 secs] [Times: user=0.06 sys=0.00, real=0.01 secs]
2325.749: [GC [PSYoungGen: 52224K->256K(58880K)] 528073K->476105K(779776K), 0.0112992 secs] [Times: user=0.06 sys=0.00, real=0.01 secs]
2325.749: [GC [PSYoungGen: 52224K->256K(58880K)] 528073K->476105K(779776K), 0.0112992 secs] [Times: user=0.06 sys=0.00, real=0.01 secs]
2325.749: [GC [PSYoungGen: 52224K->256K(58880K)] 528073K->476105K(779776K), 0.0112992 secs] [Times: user=0.06 sys=0.00, real=0.01 secs]
2325.749: [GC [PSYoungGen: 52224K->256K(58880K)] 528073K->476105K(779776K), 0.0112992 secs] [Times: user=0.06 sys=0.00, real=0.01 secs]
2325.749: [GC [PSYoungGen: 52224K->256K(58880K)] 528073K->476105K(779776K), 0.0112992 secs] [Times: user=0.06 sys=0.00, real=0.01 secs]
2325.749: [GC [PSYoungGen: 52224K->256K(58880K)] 528073K->476105K(779776K), 0.0112992 secs] [Times: user=0.06 sys=0.00, real=0.01 secs]
2325.749: [GC [PSYoungGen: 52224K->256K(58880K)] 528073K->476105K(779776K), 0.0112992 secs] [Times: user=0.06 sys=0.00, real=0.01 secs]
2325.749: [GC [PSYoungGen: 52224K->256K(58880K)] 528073K->476105K(779776K), 0.0112992 secs] [Times: user=0.06 sys=0.00, real=0.01 secs]
2325.749: [GC [PSYoungGen: 52224K->256K(58880K)] 528073K->476105K(779776K), 0.0112992 secs] [Times: user=0.06 sys=0.00, real=0.01 secs]
2325.749: [GC [PSYoungGen: 52224K->256K(58880K)] 528073K->476105K(779776K), 0.0112992 secs] [Times: user=0.06 sys=0.00, real=0.01 secs]
2325.749: [GC [PSYoungGen: 52224K->256K(58880K)] 528073K->476105K(779776K), 0.0112992 secs] [Times: user=0.06 sys=0.00, real=0.01 secs]
2325.749: [GC [PSYoungGen: 52224K->256K(58880K)] 528073K->476105K(779776K), 0.0112992 secs] [Times: user=0.06 sys=0.00, real=0.01 secs]
2325.749: [GC [PSYoungGen: 52224K->256K(58880K)] 528073K->476105K(779776K), 0.0112992 secs] [Times: user=0.06 sys=0.00, real=0.01 secs]
2325.749: [GC [PSYoungGen: 52224K->256K(58880K)] 528073K->476105K(779776K), 0.0112992 secs] [Times: user=0.06 sys=0.00, real=0.01 secs]
2325.749: [GC [PSYoungGen: 52224K->256K(58880K)] 528073K->476105K(779776K), 0.0112992 secs] [Times: user=0.06 sys=0.00, real=0.01 secs]
2325.749: [GC [PSYoungGen: 52224K->256K(58880K)] 528073K->476105K(779776K), 0.0112992 secs] [Times: user=0.06 sys=0.00, real=0.01 secs]
2325.749: [GC [PSYoungGen: 52224K->256K(58880K)] 528073K->476105K(779776K), 0.0112992 secs] [Times: user=0.06 sys=0.00, real=0.01 secs]
2325.749: [GC [PSYoungGen: 52224K->256K(58880K)] 528073K->476105K(779776K), 0.0112992 secs] [Times: user=0.06 sys=0.00, real=0.01 secs]
2325.749: [GC [PSYoungGen: 52224K->256K(58880K)] 528073K->476105K(779776K), 0.0112992 secs] [Times: user=0.06 sys=0.00, real=0.01 secs]
2325.749: [GC [PSYoungGen: 52224K->256K(58880K)] 528073K->476105K(779776K), 0.0112992 secs] [Times: user=0.06 sys=0.00, real=0.01 secs]
2325.749: [GC [PSYoungGen: 52224K->256K(58880K)] 528073K->476105K(779776K), 0.0112992 secs] [Times: user=0.06 sys=0.00, real=0.01 secs]
2325.749: [GC [PSYoungGen: 52224K->256K(58880K)] 528073K->476105K(779776K), 0.0112992 secs] [Times: user=0.06 sys=0.00, real=0.01 secs]
2325.749: [GC [PSYoungGen: 52224K->256K(58880K)] 528073K->476105K(779776K), 0.0112992 secs] [Times: user=0.06 sys=0.00, real=0.01 secs]
2325.749: [GC [PSYoungGen: 52224K->256K(58880K)] 528073K->476105K(779776K), 0.0112992 secs] [Times: user=0.06 sys=0.00, real=0.01 secs]
2325.749: [GC [PSYoungGen: 52224K->256K(58880K)] 528073K->476105K(779776K), 0.0112992 secs] [Times: user=0.06 sys=0.00, real=0.01 secs]
2325.749: [GC [PSYoungGen: 52224K->256K(58880K)] 528073K->476105K(779776K), 0.0112992 secs] [Times: user=0.06 sys=0.00, real=0.01 secs]
2325.749: [GC [PSYoungGen: 52224K->256K(58880K)] 528073K->476105K(779776K), 0.0112992 secs] [Times: user=0.06 sys=0.00, real=0.01 secs]
2325.749: [GC [PSYoungGen: 52224K->256K(58880K)] 528073K->476105K(779776K), 0.0112992 secs] [Times: user=0.06 sys=0.00, real=0.01 secs]
2325.749: [GC [PSYoungGen: 52224K->256K(58880K)] 528073K->476105K(779776K), 0.0112992 secs] [Times: user=0.06 sys=0.00, real=0.01 secs]
2325.749: [GC [PSYoungGen: 52224K->256K(58880K)] 528073K->476105K(779776K), 0.0112992 secs] [Times: user=0.06 sys=0.00, real=0.01 secs]
2325.749: [GC [PSYoungGen: 52224K->256K(58880K)] 528073K->476105K(779776K), 0.0112992 secs] [Times: user=0.06 sys=0.00, real=0.01 secs]
2325.749: [GC [PSYoungGen: 52224K->256K(58880K)] 528073K->476105K(779776K), 0.0112992 secs] [Times: user=0.06 sys=0.00, real=0.01 secs]
2325.749: [GC [PSYoungGen: 52224K->256K(58880K)] 528073K->476105K(779776K), 0.0112992 secs] [Times: user=0.06 sys=0.00, real=0.01 secs]
2325.749: [GC [PSYoungGen: 52224K->256K(58880K)] 528073K->476105K(779776K), 0.0112992 secs] [Times: user=0.06 sys=0.00, real=0.01 secs]
2325.749: [GC [PSYoungGen: 52224K->256K(58880K)] 528073K->476105K(779776K), 0.0112992 secs] [Times: user=0.06 sys=0.00, real=0.01 secs]
2325.749: [GC [PSYoungGen: 52224K->256K(58880K)] 528073K->476105K(779776K), 0.0112992 secs] [Times: user=0.06 sys=0.00, real=0.01 secs]
2325.749: [GC [PSYoungGen: 52224K->256K(58880K)] 528073K->476105K(779776K), 0.0112992 secs] [Times: user=0.06 sys=0.00, real=0.01 secs]
2325.749: [GC [PSYoungGen: 52224K->256K(58880K)] 528073K->476105K(779776K), 0.0112992 secs] [Times: user=0.06 sys=0.00, real=0.01 secs]
2325.749: [GC [PSYoungGen: 52224K->256K(58880K)] 528073K->476105K(779776K), 0.0112992 secs] [Times: user=0.06 sys=0.00, real=0.01 secs]
2325.749: [GC [PSYoungGen: 52224K->256K(58880K)] 528073K->476105K(779776K), 0.0112992 secs] [Times: user=0.06 sys=0.00, real=0.01 secs]
2325.749: [GC [PSYoungGen: 52224K->256K(58880K)] 528073K->476105K(779776K), 0.0112992 secs] [Times: user=0.06 sys=0.00, real=0.01 secs]
2325.749: [GC [PSYoungGen: 52224K->256K(58880K)] 528073K->476105K(779776K), 0.0112992 secs] [Times: user=0.06 sys=0.00, real=0.01 secs]
2325.749: [GC [PSYoungGen: 52224K->256K(58880K)] 528073K->476105K(779776K), 0.0112992 secs] [Times: user=0.06 sys=0.00, real=0.01 secs]
2325.749: [GC [PSYoungGen: 52224K->256K(58880K)] 528073K->476105K(779776K), 0.0112992 secs] [Times: user=0.06 sys=0.00, real=0.01 secs]
2325.749: [GC [PSYoungGen: 52224K->256K(58880K)] 528073K->476105K(779776K), 0.0112992 secs] [Times: user=0.06 sys=0.00, real=0.01 secs]
2325.749: [GC [PSYoungGen: 52224K->256K(58880K)] 528073K->476105K(779776K), 0.0112992 secs] [Times: user=0.06 sys=0.00, real=0.01 secs]
2325.749: [GC [PSYoungGen: 52224K->256K(58880K)] 528073K->476105K(779776K), 0.0112992 secs] [Times: user=0.06 sys=0.00, real=0.01 secs]
2325.749: [GC [PSYoungGen: 52224K->256K(58880K)] 528073K->476105K(779776K), 0.0112992 secs] [Times: user=0.06 sys=0.00, real=0.01 secs]
2325.749: [GC [PSYoungGen: 52224K->256K(58880K)] 528073K->476105K(779776K), 0.0112992 secs] [Times: user=0.06 sys=0.00, real=0.01 secs]
2325.749: [GC [PSYoungGen: 52224K->256K(58880K)] 528073K->476105K(779776K), 0.0112992 secs] [Times: user=0.06 sys=0.00, real=0.01 secs]
2325.749: [GC [PSYoungGen: 52224K->256K(58880K)] 528073K->476105K(779776K), 0.0112992 secs] [Times: user=0.06 sys=0.00, real=0.01 secs]
2325.749: [GC [PSYoungGen: 52224K->256K(58880K)] 528073K->476105K(779776K), 0.0112992 secs] [Times: user=0.06 sys=0.00, real=0.01 secs]
2325.749: [GC [PSYoungGen: 52224K->256K(58880K)] 528073K->476105K(779776K), 0.0112992 secs] [Times: user=0.06 sys=0.00, real=0.01 secs]
2325.749: [GC [PSYoungGen: 52224K->256K(58880K)] 528073K->476105K(779776K), 0.0112992 secs] [Times: user=0.06 sys=0.00, real=0.01 secs]
2325.749: [GC [PSYoungGen: 52224K->256K(58880K)] 528073K->476105K(779776K), 0.0112992 secs] [Times: user=0.06 sys=0.00, real=0.01 secs]
2325.749: [GC [PSYoungGen: 52224K->256K(58880K)] 528073K->476105K(779776K), 0.0112992 secs] [Times: user=0.06 sys=0.00, real=0.01 secs]
2325.749: [GC [PSYoungGen: 52224K->256K(58880K)] 528073K->476105K(779776K), 0.0112992 secs] [Times: user=0.06 sys=0.00, real=0.01 secs]
2325.749: [GC [PSYoungGen: 52224K->256K(58880K)] 528073K->476105K(779776K), 0.0112992 secs] [Times: user=0.06 sys=0.00, real=0.01 secs]
2325.749: [GC [PSYoungGen: 52224K->256K(58880K)] 528073K->476105K(779776K), 0.0112992 secs] [Times: user=0.06 sys=0.00, real=0.01 secs]
2325.749: [GC [PSYoungGen: 52224K->256K(58880K)] 528073K->476105K(779776K), 0.0112992 secs] [Times: user=0.06 sys=0.00, real=0.01 secs]
2325.749: [GC [PSYoungGen: 52224K->256K(58880K)] 528073K->476105K(779776K), 0.0112992 secs] [Times: user=0.06 sys=0.00, real=0.01 secs]
2325.749: [GC [PSYoungGen: 52224K->256K(58880K)] 528073K->476105K(779776K), 0.0112992 secs] [Times: user=0.06 sys=0.00, real=0.01 secs]
2325.749: [GC [PSYoungGen: 52224K->256K(58880K)] 528073K->476105K(779776K), 0.0112992 secs] [Times: user=0.06 sys=0.00, real=0.01 secs]
2325.749: [GC [PSYoungGen: 52224K->256K(58880K)] 528073K->476105K(779776K), 0.0112992 secs] [Times: user=0.06 sys=0.00, real=0.01 secs]
2325.749: [GC [PSYoungGen: 52224K->256K(58880K)] 528073K->476105K(779776K), 0.0112992 secs] [Times: user=0.06 sys=0.00, real=0.01 secs]
2325.749: [GC [PSYoungGen: 52224K->256K(58880K)] 528073K->476105K(779776K), 0.0112992 secs] [Times: user=0.06 sys=0.00, real=0.01 secs]
2325.749: [GC [PSYoungGen: 52224K->256K(58880K)] 528073K->476105K(779776K), 0.0112992 secs] [Times: user=0.06 sys=0.00, real=0.01 secs]
2325.749: [GC [PSYoungGen: 52224K->256K(58880K)] 528073K->476105K(779776K), 0.0112992 secs] [Times: user=0.06 sys=0.00, real=0.01 secs]
2325.749: [GC [PSYoungGen: 52224K->256K(58880K)] 528073K->476105K(779776K), 0.0112992 secs] [Times: user=0.06 sys=0.00, real=0.01 secs]
2325.749: [GC [PSYoungGen: 52224K->256K(58880K)] 528073K->476105K(779776K), 0.0112992 secs] [Times: user=0.06 sys=0.00, real=0.01 secs]
2325.749: [GC [PSYoungGen: 52224K->256K(58880K)] 528073K->476105K(779776K), 0.0112992 secs] [Times: user=0.06 sys=0.00, real=0.01 secs]
2325.749: [GC [PSYoungGen: 52224K->256K(58880K)] 528073K->476105K(779776K), 0.0112992 secs] [Times: user=0.06 sys=0.00, real=0.01 secs]
2325.749: [GC [PSYoungGen: 52224K->256K(58880K)] 528073K->476105K(779776K), 0.0112992 secs] [Times: user=0.06 sys=0.00, real=0.01 secs]
2325.749: [GC [PSYoungGen: 52224K->256K(58880K)] 528073K->476105K(779776K), 0.0112992 secs] [Times: user=0.06 sys=0.00, real=0.01 secs]
2325.749: [GC [PSYoungGen: 52224K->256K(58880K)] 528073K->476105K(779776K), 0.0112992 secs] [Times: user=0.06 sys=0.00, real=0.01 secs]
2325.749: [GC [PSYoungGen: 52224K->256K(58880K)] 528073K->476105K(779776K), 0.0112992 secs] [Times: user=0.06 sys=0.00, real=0.01 secs]
2325.749: [GC [PSYoungGen: 52224K->256K(58880K)] 528073K->476105K(779776K), 0.0112992 secs] [Times: user=0.06 sys=0.00, real=0.01 secs]
2325.749: [GC [PSYoungGen: 52224K->256K(58880K)] 528073K->476105K(779776K), 0.0112992 secs] [Times: user=0.06 sys=0.00, real=0.01 secs]
2325.749: [GC [PSYoungGen: 52224K->256K(58880K)] 528073K->476105K(779776K), 0.0112992 secs] [Times: user=0.06 sys=0.00, real=0.01 secs]
2325.749: [GC [PSYoungGen: 52224K->256K(58880K)] 528073K->476105K(779776K), 0.0112992 secs] [Times: user=0.06 sys=0.00, real=0.01 secs]
2325.749: [GC [PSYoungGen: 52224K->256K(58880K)] 528073K->476105K(779776K), 0.0112992 secs] [Times: user=0.06 sys=0.00, real=0.01 secs]
2325.749: [GC [PSYoungGen: 52224K->256K(58880K)] 528073K->476105K(779776K), 0.0112992 secs] [Times: user=0.06 sys=0.00, real=0.01 secs]
2325.749: [GC [PSYoungGen: 52224K->256K(58880K)] 528073K->476105K(779776K), 0.0112992 secs] [Times: user=0.06 sys=0.00, real=0.01 secs]
2325.749: [GC [PSYoungGen: 52224K->256K(58880K)] 528073K->476105K(779776K), 0.0112992 secs] [Times: user=0.06 sys=0.00, real=0.01 secs]
2325.749: [GC [PSYoungGen: 52224K->256K(58880K)] 528073K->476105K(779776K), 0.0112992 secs] [Times: user=0.06 sys=0.00, real=0.01 secs]
2325.749: [GC [PSYoungGen: 52224K->256K(58880K)] 528073K->476105K(779776K), 0.0112992 secs] [Times: user=0.06 sys=0.00, real=0.01 secs]
2325.749: [GC [PSYoungGen: 52224K->256K(58880K)] 528073K->476105K(779776K), 0.0112992 secs] [Times: user=0.06 sys=0.00, real=0.01 secs]
2325.749: [GC [PSYoungGen: 52224K->256K(58880K)] 528073K->476105K(779776K), 0.0112992 secs] [Times: user=0.06 sys=0.00, real=0.01 secs]
2325.749: [GC [PSYoungGen: 52224K->256K(58880K)] 528073K->476105K(779776K), 0.0112992 secs] [Times: user=0.06 sys=0.00, real=0.01 secs]
2325.749: [GC [PSYoungGen: 52224K->256K(58880K)] 528073K->476105K(779776K), 0.0112992 secs] [Times: user=0.06 sys=0.00, real=0.01 secs]
2325.749: [GC [PSYoungGen: 52224K->256K(58880K)] 528073K->476105K(779776K), 0.0112992 secs] [Times: user=0.06 sys=0.00, real=0.01 secs]
2325.749: [GC [PSYoungGen: 52224K->256K(58880K)] 528073K->476105K(779776K), 0.0112992 secs] [Times: user=0.06 sys=0.00, real=0.01 secs]
2325.749: [GC [PSYoungGen: 52224K->256K(58880K)] 528073K->476105K(779776K), 0.0112992 secs] [Times: user=0.06 sys=0.00, real=0.01 secs]
2325.749: [GC [PSYoungGen: 52224K->256K(58880K)] 528073K->476105K(779776K), 0.0112992 secs] [Times: user=0.06 sys=0.00, real=0.01 secs]
2325.749: [GC [PSYoungGen: 52224K->256K(58880K)] 528073K->476105K(779776K), 0.0112992 secs] [Times: user=0.06 sys=0.00, real=0.01 secs]
2325.749: [GC [PSYoungGen: 52224K->256K(58880K)] 528073K->476105K(779776K), 0.0112992 secs] [Times: user=0.06 sys=0.00, real=0.01 secs]
2325.749: [GC [PSYoungGen: 52224K->256K(58880K)] 528073K->476105K(779776K), 0.0112992 secs] [Times: user=0.06 sys=0.00, real=0.01 secs]
2325.749: [GC [PSYoungGen: 52224K->256K(58880K)] 528073K->476105K(779776K), 0.0112992 secs] [Times: user=0.06 sys=0.00, real=0.01 secs]
2325.749: [GC [PSYoungGen: 52224K->256K(58880K)] 528073K->476105K(779776K), 0.0112992 secs] [Times: user=0.06 sys=0.00, real=0.01 secs]
2325.749: [GC [PSYoungGen: 52224K->256K(58880K)] 528073K->476105K(779776K), 0.0112992 secs] [Times: user=0.06 sys=0.00, real=0.01 secs]
2325.749: [GC [PSYoungGen: 52224K->256K(58880K)] 528073K->476105K(779776K), 0.0112992 secs] [Times: user=0.06 sys=0.00, real=0.01 secs]
2325.749: [GC [PSYoungGen: 52224K->256K(58880K)] 528073K->476105K(779776K), 0.0112992 secs] [Times: user=0.06 sys=0.00, real=0.01 secs]
2325.749: [GC [PSYoungGen: 52224K->256K(58880K)] 528073K->476105K(779776K), 0.0112992 secs] [Times: user=0.06 sys=0.00, real=0.01 secs]
2325.749: [GC [PSYoungGen: 52224K->256K(58880K)] 528073K->476105K(779776K), 0.0112992 secs] [Times: user=0.06 sys=0.00, real=0.01 secs]
2325.749: [GC [PSYoungGen: 52224K->256K(58880K)] 528073K->476105K(779776K), 0.0112992 secs] [Times: user=0.06 sys=0.00, real=0.01 secs]
2325.749: [GC [PSYoungGen: 52224K->256K(58880K)] 528073K->476105K(779776K), 0.0112992 secs] [Times: user=0.06 sys=0.00, real=0.01 secs]
2325.749: [GC [PSYoungGen: 52224K->256K(58880K)] 528073K->476105K(779776K), 0.0112992 secs] [Times: user=0.06 sys=0.00, real=0.01 secs]
2325.749: [GC [PSYoungGen: 52224K->256K(58880K)] 528073K->476105K(779776K), 0.0112992 secs] [Times: user=0.06 sys=0.00, real=0.01 secs]
2325.749: [GC [PSYoungGen: 52224K->256K(58880K)] 528073K->476105K(779776K), 0.0112992 secs] [Times: user=0.06 sys=0.00, real=0.01 secs]
2325.749: [GC [PSYoungGen: 52224K->256K(58880K)] 528073K->476105K(779776K), 0.0112992 secs] [Times: user=0.06 sys=0.00, real=0.01 secs]
2325.749: [GC [PSYoungGen: 52224K->256K(58880K)] 528073K->476105K(779776K), 0.0112992 secs] [Times: user=0.06 sys=0.00, real=0.01 secs]
2325.749: [GC [PSYoungGen: 52224K->256K(58880K)] 528073K->476105K(779776K), 0.0112992 secs] [Times: user=0.06 sys=0.00, real=0.01 secs]
2325.749: [GC [PSYoungGen: 52224K->256K(58880K)] 528073K->476105K(779776K), 0.0112992 secs] [Times: user=0.06 sys=0.00, real=0.01 secs]
2325.749: [GC [PSYoungGen: 52224K->256K(58880K)] 528073K->476105K(779776K), 0.0112992 secs] [Times: user=0.06 sys=0.00, real=0.01 secs]
2325.749: [GC [PSYoungGen: 52224K->256K(58880K)] 528073K->476105K(779776K), 0.0112992 secs] [Times: user=0.06 sys=0.00, real=0.01 secs]
2325.749: [GC [PSYoungGen: 52224K->256K(58880K)] 528073K->476105K(779776K), 0.0112992 secs] [Times: user=0.06 sys=0.00, real=0.01 secs]
2325.749: [GC [PSYoungGen: 52224K->256K(58880K)] 528073K->476105K(779776K), 0.0112992 secs] [Times: user=0.06 sys=0.00, real=0.01 secs]
2325.749: [GC [PSYoungGen: 52224K->256K(58880K)] 528073K->476105K(779776K), 0.0112992 secs] [Times: user=0.06 sys=0.00, real=0.01 secs]
2325.749: [GC [PSYoungGen: 52224K->256K(58880K)] 528073K->476105K(779776K), 0.0112992 secs] [Times: user=0.06 sys=0.00, real=0.01 secs]
2325.749: [GC [PSYoungGen: 52224K->256K(58880K)] 528073K->476105K(779776K), 0.0112992 secs] [Times: user=0.06 sys=0.00, real=0.01 secs]
2325.749: [GC [PSYoungGen: 52224K->256K(58880K)] 528073K->476105K(779776K), 0.0112992 secs] [Times: user=0.06 sys=0.00, real=0.01 secs]
2325.749: [GC [PSYoungGen: 52224K->256K(58880K)] 528073K->476105K(779776K), 0.0112992 secs] [Times: user=0.06 sys=0.00, real=0.01 secs]
2325.749: [GC [PSYoungGen: 52224K->256K(58880K)] 528073K->476105K(779776K), 0.0112992 secs] [Times: user=0.06 sys=0.00, real=0.01 secs]
2325.749: [GC [PSYoungGen: 52224K->256K(58880K)] 528073K->476105K(779776K), 0.0112992 secs] [Times: user=0.06 sys=0.00, real=0.01 secs]
2325.749: [GC [PSYoungGen: 52224K->256K(58880K)] 528073K->476105K(779776K), 0.0112992 secs] [Times: user=0.06 sys=0.00, real=0.01 secs]
2325.749: [GC [PSYoungGen: 52224K->256K(58880K)] 528073K->476105K(779776K), 0.0112992 secs] [Times: user=0.06 sys=0.00, real=0.01 secs]
2325.749: [GC [PSYoungGen: 52224K->256K(58880K)] 528073K->476105K(779776K), 0.0112992 secs] [Times: user=0.06 sys=0.00, real=0.01 secs]
2325.749: [GC [PSYoungGen: 52224K->256K(58880K)] 528073K->476105K(779776K), 0.0112992 secs] [Times: user=0.06 sys=0.00, real=0.01 secs]
2325.749: [GC [PSYoungGen: 52224K->256K(58880K)] 528073K->476105K(779776K), 0.0112992 secs] [Times: user=0.06 sys=0.00, real=0.01 secs]
2325.749: [GC [PSYoungGen: 52224K->256K(58880K)] 528073K->476105K(779776K), 0.0112992 secs] [Times: user=0.06 sys=0.00, real=0.01 secs]
2325.749: [GC [PSYoungGen: 52224K->256K(58880K)] 528073K->476105K(779776K), 0.0112992 secs] [Times: user=0.06 sys=0.00, real=0.01 secs]
2325.749: [GC [PSYoungGen: 52224K->256K(58880K)] 528073K->476105K(779776K), 0.0112992 secs] [Times: user=0.06 sys=0.00, real=0.01 secs]
2325.749: [GC [PSYoungGen: 52224K->256K(58880K)] 528073K->476105K(779776K), 0.0112992 secs] [Times: user=0.06 sys=0.00, real=0.01 secs]
2325.749: [GC [PSYoungGen: 52224K->256K(58880K)] 528073K->476105K(779776K), 0.0112992 secs] [Times: user=0.06 sys=0.00, real=0.01 secs]
2325.749: [GC [PSYoungGen: 52224K->256K(58880K)] 528073K->476105K(779776K), 0.0112992 secs] [Times: user=0.06 sys=0.00, real=0.01 secs]
2325.749: [GC [PSYoungGen: 52224K->256K(58880K)] 528073K->476105K(779776K), 0.0112992 secs] [Times: user=0.06 sys=0.00, real=0.01 secs]
2325.749: [GC [PSYoungGen: 52224K->256K(58880K)] 528073K->476105K(779776K), 0.0112992 secs] [Times: user=0.06 sys=0.00, real=0.01 secs]
2325.749: [GC [PSYoungGen: 52224K->256K(58880K)] 528073K->476105K(779776K), 0.0112992 secs] [Times: user=0.06 sys=0.00, real=0.01 secs]
2325.749: [GC [PSYoungGen: 52224K->256K(58880K)] 528073K->476105K(779776K), 0.0112992 secs] [Times: user=0.06 sys=0.00, real=0.01 secs]
2325.749: [GC [PSYoungGen: 52224K->256K(58880K)] 528073K->476105K(779776K), 0.0112992 secs] [Times: user=0.06 sys=0.00, real=0.01 secs]
2325.749: [GC [PSYoungGen: 52224K->256K(58880K)] 528073K->476105K(779776K), 0.0112992 secs] [Times: user=0.06 sys=0.00, real=0.01 secs]
2325.749: [GC [PSYoungGen: 52224K->256K(58880K)] 528073K->476105K(779776K), 0.0112992 secs] [Times: user=0.06 sys=0.00, real=0.01 secs]
2325.749: [GC [PSYoungGen: 52224K->256K(58880K)] 528073K->476105K(779776K), 0.0112992 secs] [Times: user=0.06 sys=0.00, real=0.01 secs]
2325.749: [GC [PSYoungGen: 52224K->256K(58880K)] 528073K->476105K(779776K), 0.0112992 secs] [Times: user=0.06 sys=0.00, real=0.01 secs]
2325.749: [GC [PSYoungGen: 52224K->256K(58880K)] 528073K->476105K(779776K), 0.0112992 secs] [Times: user=0.06 sys=0.00, real=0.01 secs]
2325.749: [GC [PSYoungGen: 52224K->256K(58880K)] 528073K->476105K(779776K), 0.0112992 secs] [Times: user=0.06 sys=0.00, real=0.01 secs]
2325.749: [GC [PSYoungGen: 52224K->256K(58880K)] 528073K->476105K(779776K), 0.0112992 secs] [Times: user=0.06 sys=0.00, real=0.01 secs]
2325.749: [GC [PSYoungGen: 52224K->256K(58880K)] 528073K->476105K(779776K), 0.0112992 secs] [Times: user=0.06 sys=0.00, real=0.01 secs]
2325.749: [GC [PSYoungGen: 52224K->256K(58880K)] 528073K->476105K(779776K), 0.0112992 secs] [Times: user=0.06 sys=0.00, real=0.01 secs]
2325.749: [GC [PSYoungGen: 52224K->256K(58880K)] 528073K->476105K(779776K), 0.0112992 secs] [Times: user=0.06 sys=0.00, real=0.01 secs]
2325.749: [GC [PSYoungGen: 52224K->256K(58880K)] 528073K->476105K(779776K), 0.0112992 secs] [Times: user=0.06 sys=0.00, real=0.01 secs]
2325.749: [GC [PSYoungGen: 52224K->256K(58880K)] 528073K->476105K(779776K), 0.0112992 secs] [Times: user=0.06 sys=0.00, real=0.01 secs]
2325.749: [GC [PSYoungGen: 52224K->256K(58880K)] 528073K->476105K(779776K), 0.0112992 secs] [Times: user=0.06 sys=0.00, real=0.01 secs]
2325.749: [GC [PSYoungGen: 52224K->256K(58880K)] 528073K->476105K(779776K), 0.0112992 secs] [Times: user=0.06 sys=0.00, real=0.01 secs]
2325.749: [GC [PSYoungGen: 52224K->256K(58880K)] 528073K->476105K(779776K), 0.0112992 secs] [Times: user=0.06 sys=0.00, real=0.01 secs]
2325.749: [GC [PSYoungGen: 52224K->256K(58880K)] 528073K->476105K(779776K), 0.0112992 secs] [Times: user=0.06 sys=0.00, real=0.01 secs]
2325.749: [GC [PSYoungGen: 52224K->256K(58880K)] 528073K->476105K(779776K), 0.0112992 secs] [Times: user=0.06 sys=0.00, real=0.01 secs]
2325.749: [GC [PSYoungGen: 52224K->256K(58880K)] 528073K->476105K(779776K), 0.0112992 secs] [Times: user=0.06 sys=0.00, real=0.01 secs]
2325.749: [GC [PSYoungGen: 52224K->256K(58880K)] 528073K->476105K(779776K), 0.0112992 secs] [Times: user=0.06 sys=0.00, real=0.01 secs]
2325.749: [GC [PSYoungGen: 52224K->256K(58880K)] 528073K->476105K(779776K), 0.0112992 secs] [Times: user=0.06 sys=0.00, real=0.01 secs]
2325.749: [GC [PSYoungGen: 52224K->256K(58880K)] 528073K->476105K(779776K), 0.0112992 secs] [Times: user=0.06 sys=0.00, real=0.01 secs]
2325.749: [GC [PSYoungGen: 52224K->256K(58880K)] 528073K->476105K(779776K), 0.0112992 secs] [Times: user=0.06 sys=0.00, real=0.01 secs]
2325.749: [GC [PSYoungGen: 52224K->256K(58880K)] 528073K->476105K(779776K), 0.0112992 secs] [Times: user=0.06 sys=0.00, real=0.01 secs]
2325.749: [GC [PSYoungGen: 52224K->256K(58880K)] 528073K->476105K(779776K), 0.0112992 secs] [Times: user=0.06 sys=0.00, real=0.01 secs]
2325.749: [GC [PSYoungGen: 52224K->256K(58880K)] 528073K->476105K(779776K), 0.0112992 secs] [Times: user=0.06 sys=0.00, real=0.01 secs]
2325.749: [GC [PSYoungGen: 52224K->256K(58880K)] 528073K->476105K(779776K), 0.0112992 secs] [Times: user=0.06 sys=0.00, real=0.01 secs]
2325.749: [GC [PSYoungGen: 52224K->256K(58880K)] 528073K->476105K(779776K), 0.0112992 secs] [Times: user=0.06 sys=0.00, real=0.01 secs]
2325.749: [GC [PSYoungGen: 52224K->256K(58880K)] 528073K->476105K(779776K), 0.0112992 secs] [Times: user=0.06 sys=0.00, real=0.01 secs]
2325.749: [GC [PSYoungGen: 52224K->256K(58880K)] 528073K->476105K(779776K), 0.0112992 secs] [Times: user=0.06 sys=0.00, real=0.01 secs]
2325.749: [GC [PSYoungGen: 52224K->256K(58880K)] 528073K->476105K(779776K), 0.0112992 secs] [Times: user=0.06 sys=0.00, real=0.01 secs]
2325.749: [GC [PSYoungGen: 52224K->256K(58880K)] 528073K->476105K(779776K), 0.0112992 secs] [Times: user=0.06 sys=0.00, real=0.01 secs]
2325.749: [GC [PSYoungGen: 52224K->256K(58880K)] 528073K->476105K(779776K), 0.0112992 secs] [Times: user=0.06 sys=0.00, real=0.01 secs]
2325.749: [GC [PSYoungGen: 52224K->256K(58880K)] 528073K->476105K(779776K), 0.0112992 secs] [Times: user=0.06 sys=0.00, real=0.01 secs]
2325.749: [GC [PSYoungGen: 52224K->256K(58880K)] 528073K->476105K(779776K), 0.0112992 secs] [Times: user=0.06 sys=0.00, real=0.01 secs]
2325.749: [GC [PSYoungGen: 52224K->256K(58880K)] 528073K->476105K(779776K), 0.0112992 secs] [Times: user=0.06 sys=0.00, real=0.01 secs]
2325.749: [GC [PSYoungGen: 52224K->256K(58880K)] 528073K->476105K(779776K), 0.0112992 secs] [Times: user=0.06 sys=0.00, real=0.01 secs]
2325.749: [GC [PSYoungGen: 52224K->256K(58880K)] 528073K->476105K(779776K), 0.0112992 secs] [Times: user=0.06 sys=0.00, real=0.01 secs]
2325.749: [GC [PSYoungGen: 52224K->256K(58880K)] 528073K->476105K(779776K), 0.0112992 secs] [Times: user=0.06 sys=0.00, real=0.01 secs]
2325.749: [GC [PSYoungGen: 52224K->256K(58880K)] 528073K->476105K(779776K), 0.0112992 secs] [Times: user=0.06 sys=0.00, real=0.01 secs]
2325.749: [GC [PSYoungGen: 52224K->256K(58880K)] 528073K->476105K(779776K), 0.0112992 secs] [Times: user=0.06 sys=0.00, real=0.01 secs]
2325.749: [GC [PSYoungGen: 52224K->256K(58880K)] 528073K->476105K(779776K), 0.0112992 secs] [Times: user=0.06 sys=0.00, real=0.01 secs]
2325.749: [GC [PSYoungGen: 52224K->256K(58880K)] 528073K->476105K(779776K), 0.0112992 secs] [Times: user=0.06 sys=0.00, real=0.01 secs]
2325.749: [GC [PSYoungGen: 52224K->256K(58880K)] 528073K->476105K(779776K), 0.0112992 secs] [Times: user=0.06 sys=0.00, real=0.01 secs]
2325.749: [GC [PSYoungGen: 52224K->256K(58880K)] 528073K->476105K(779776K), 0.0112992 secs] [Times: user=0.06 sys=0.00, real=0.01 secs]
2325.749: [GC [PSYoungGen: 52224K->256K(58880K)] 528073K->476105K(779776K), 0.0112992 secs] [Times: user=0.06 sys=0.00, real=0.01 secs]
2325.749: [GC [PSYoungGen: 52224K->256K(58880K)] 528073K->476105K(779776K), 0.0112992 secs] [Times: user=0.06 sys=0.00, real=0.01 secs]
2325.749: [GC [PSYoungGen: 52224K->256K(58880K)] 528073K->476105K(779776K), 0.0112992 secs] [Times: user=0.06 sys=0.00, real=0.01 secs]
2325.749: [GC [PSYoungGen: 52224K->256K(58880K)] 528073K->476105K(779776K), 0.0112992 secs] [Times: user=0.06 sys=0.00, real=0.01 secs]
2325.749: [GC [PSYoungGen: 52224K->256K(58880K)] 528073K->476105K(779776K), 0.0112992 secs] [Times: user=0.06 sys=0.00, real=0.01 secs]
2325.749: [GC [PSYoungGen: 52224K->256K(58880K)] 528073K->476105K(779776K), 0.0112992 secs] [Times: user=0.06 sys=0.00, real=0.01 secs]
2325.749: [GC [PSYoungGen: 52224K->256K(58880K)] 528073K->476105K(779776K), 0.0112992 secs] [Times: user=0.06 sys=0.00, real=0.01 secs]
2325.749: [GC [PSYoungGen: 52224K->256K(58880K)] 528073K->476105K(779776K), 0.0112992 secs] [Times: user=0.06 sys=0.00, real=0.01 secs]
2325.749: [GC [PSYoungGen: 52224K->256K(58880K)] 528073K->476105K(779776K), 0.0112992 secs] [Times: user=0.06 sys=0.00, real=0.01 secs]
2325.749: [GC [PSYoungGen: 52224K->256K(58880K)] 528073K->476105K(779776K), 0.0112992 secs] [Times: user=0.06 sys=0.00, real=0.01 secs]
2325.749: [GC [PSYoungGen: 52224K->256K(58880K)] 528073K->476105K(779776K), 0.0112992 secs] [Times: user=0.06 sys=0.00, real=0.01 secs]
2325.749: [GC [PSYoungGen: 52224K->256K(58880K)] 528073K->476105K(779776K), 0.0112992 secs] [Times: user=0.06 sys=0.00, real=0.01 secs]
2325.749: [GC [PSYoungGen: 52224K->256K(58880K)] 528073K->476105K(779776K), 0.0112992 secs] [Times: user=0.06 sys=0.00, real=0.01 secs]
2325.749: [GC [PSYoungGen: 52224K->256K(58880K)] 528073K->476105K(779776K), 0.0112992 secs] [Times: user=0.06 sys=0.00, real=0.01 secs]
2325.749: [GC [PSYoungGen: 52224K->256K(58880K)] 528073K->476105K(779776K), 0.0112992 secs] [Times: user=0.06 sys=0.00, real=0.01 secs]
2325.749: [GC [PSYoungGen: 52224K->256K(58880K)] 528073K->476105K(779776K), 0.0112992 secs] [Times: user=0.06 sys=0.00, real=0.01 secs]
2325.749: [GC [PSYoungGen: 52224K->256K(58880K)] 528073K->476105K(779776K), 0.0112992 secs] [Times: user=0.06 sys=0.00, real=0.01 secs]
2325.749: [GC [PSYoungGen: 52224K->256K(58880K)] 528073K->476105K(779776K), 0.0112992 secs] [Times: user=0.06 sys=0.00, real=0.01 secs]
2325.749: [GC [PSYoungGen: 52224K->256K(58880K)] 528073K->476105K(779776K), 0.0112992 secs] [Times: user=0.06 sys=0.00, real=0.01 secs]
2325.749: [GC [PSYoungGen: 52224K->256K(58880K)] 528073K->476105K(779776K), 0.0112992 secs] [Times: user=0.06 sys=0.00, real=0.01 secs]
2325.749: [GC [PSYoungGen: 52224K->256K(58880K)] 528073K->476105K(779776K), 0.0112992 secs] [Times: user=0.06 sys=0.00, real=0.01 secs]
2325.749: [GC [PSYoungGen: 52224K->256K(58880K)] 528073K->476105K(779776K), 0.0112992 secs] [Times: user=0.06 sys=0.00, real=0.01 secs]
2325.749: [GC [PSYoungGen: 52224K->256K(58880K)] 528073K->476105K(779776K), 0.0112992 secs] [Times: user=0.06 sys=0.00, real=0.01 secs]
2325.749: [GC [PSYoungGen: 52224K->256K(58880K)] 528073K->476105K(779776K), 0.0112992 secs] [Times: user=0.06 sys=0.00, real=0.01 secs]
2325.749: [GC [PSYoungGen: 52224K->256K(58880K)] 528073K->476105K(779776K), 0.0112992 secs] [Times: user=0.06 sys=0.00, real=0.01 secs]
2325.749: [GC [PSYoungGen: 52224K->256K(58880K)] 528073K->476105K(779776K), 0.0112992 secs] [Times: user=0.06 sys=0.00, real=0.01 secs]
2325.749: [GC [PSYoungGen: 52224K->256K(58880K)] 528073K->476105K(779776K), 0.0112992 secs] [Times: user=0.06 sys=0.00, real=0.01 secs]
2325.749: [GC [PSYoungGen: 52224K->256K(58880K)] 528073K->476105K(779776K), 0.0112992 secs] [Times: user=0.06 sys=0.00, real=0.01 secs]
2325.749: [GC [PSYoungGen: 52224K->256K(58880K)] 528073K->476105K(779776K), 0.0112992 secs] [Times: user=0.06 sys=0.00, real=0.01 secs]
2325.749: [GC [PSYoungGen: 52224K->256K(58880K)] 528073K->476105K(779776K), 0.0112992 secs] [Times: user=0.06 sys=0.00, real=0.01 secs]
2325.749: [GC [PSYoungGen: 52224K->256K(58880K)] 528073K->476105K(779776K), 0.0112992 secs] [Times: user=0.06 sys=0.00, real=0.01 secs]
2325.749: [GC [PSYoungGen: 52224K->256K(58880K)] 528073K->476105K(779776K), 0.0112992 secs] [Times: user=0.06 sys=0.00, real=0.01 secs]
2325.749: [GC [PSYoungGen: 52224K->256K(58880K)] 528073K->476105K(779776K), 0.0112992 secs] [Times: user=0.06 sys=0.00, real=0.01 secs]
2325.749: [GC [PSYoungGen: 52224K->256K(58880K)] 528073K->476105K(779776K), 0.0112992 secs] [Times: user=0.06 sys=0.00, real=0.01 secs]
2325.749: [GC [PSYoungGen: 52224K->256K(58880K)] 528073K->476105K(779776K), 0.0112992 secs] [Times: user=0.06 sys=0.00, real=0.01 secs]
2325.749: [GC [PSYoungGen: 52224K->256K(58880K)] 528073K->476105K(779776K), 0.0112992 secs] [Times: user=0.06 sys=0.00, real=0.01 secs]
2325.749: [GC [PSYoungGen: 52224K->256K(58880K)] 528073K->476105K(779776K), 0.0112992 secs] [Times: user=0.06 sys=0.00, real=0.01 secs]
2325.749: [GC [PSYoungGen: 52224K->256K(58880K)] 528073K->476105K(779776K), 0.0112992 secs] [Times: user=0.06 sys=0.00, real=0.01 secs]
2325.749: [GC [PSYoungGen: 52224K->256K(58880K)] 528073K->476105K(779776K), 0.0112992 secs] [Times: user=0.06 sys=0.00, real=0.01 secs]
2325.749: [GC [PSYoungGen: 52224K->256K(58880K)] 528073K->476105K(779776K), 0.0112992 secs] [Times: user=0.06 sys=0.00, real=0.01 secs]
2325.749: [GC [PSYoungGen: 52224K->256K(58880K)] 528073K->476105K(779776K), 0.0112992 secs] [Times: user=0.06 sys=0.00, real=0.01 secs]
2325.749: [GC [PSYoungGen: 52224K->256K(58880K)] 528073K->476105K(779776K), 0.0112992 secs] [Times: user=0.06 sys=0.00, real=0.01 secs]
2325.749: [GC [PSYoungGen: 52224K->256K(58880K)] 528073K->476105K(779776K), 0.0112992 secs] [Times: user=0.06 sys=0.00, real=0.01 secs]
2325.749: [GC [PSYoungGen: 52224K->256K(58880K)] 528073K->476105K(779776K), 0.0112992 secs] [Times: user=0.06 sys=0.00, real=0.01 secs]
2325.749: [GC [PSYoungGen: 52224K->256K(58880K)] 528073K->476105K(779776K), 0.0112992 secs] [Times: user=0.06 sys=0.00, real=0.01 secs]
2325.749: [GC [PSYoungGen: 52224K->256K(58880K)] 528073K->476105K(779776K), 0.0112992 secs] [Times: user=0.06 sys=0.00, real=0.01 secs]
2325.749: [GC [PSYoungGen: 52224K->256K(58880K)] 528073K->476105K(779776K), 0.0112992 secs] [Times: user=0.06 sys=0.00, real=0.01 secs]
2325.749: [GC [PSYoungGen: 52224K->256K(58880K)] 528073K->476105K(779776K), 0.0112992 secs] [Times: user=0.06 sys=0.00, real=0.01 secs]
2325.749: [GC [PSYoungGen: 52224K->256K(58880K)] 528073K->476105K(779776K), 0.0112992 secs] [Times: user=0.06 sys=0.00, real=0.01 secs]
2325.749: [GC [PSYoungGen: 52224K->256K(58880K)] 528073K->476105K(779776K), 0.0112992 secs] [Times: user=0.06 sys=0.00, real=0.01 secs]
2325.749: [GC [PSYoungGen: 52224K->256K(58880K)] 528073K->476105K(779776K), 0.0112992 secs] [Times: user=0.06 sys=0.00, real=0.01 secs]
2325.749: [GC [PSYoungGen: 52224K->256K(58880K)] 528073K->476105K(779776K), 0.0112992 secs] [Times: user=0.06 sys=0.00, real=0.01 secs]
2325.749: [GC [PSYoungGen: 52224K->256K(58880K)] 528073K->476105K(779776K), 0.0112992 secs] [Times: user=0.06 sys=0.00, real=0.01 secs]
2325.749: [GC [PSYoungGen: 52224K->256K(58880K)] 528073K->476105K(779776K), 0.0112992 secs] [Times: user=0.06 sys=0.00, real=0.01 secs]
2325.749: [GC [PSYoungGen: 52224K->256K(58880K)] 528073K->476105K(779776K), 0.0112992 secs] [Times: user=0.06 sys=0.00, real=0.01 secs]
2325.749: [GC [PSYoungGen: 52224K->256K(58880K)] 528073K->476105K(779776K), 0.0112992 secs] [Times: user=0.06 sys=0.00, real=0.01 secs]
2325.749: [GC [PSYoungGen: 52224K->256K(58880K)] 528073K->476105K(779776K), 0.0112992 secs] [Times: user=0.06 sys=0.00, real=0.01 secs]
2325.749: [GC [PSYoungGen: 52224K->256K(58880K)] 528073K->476105K(779776K), 0.0112992 secs] [Times: user=0.06 sys=0.00, real=0.01 secs]
2325.749: [GC [PSYoungGen: 52224K->256K(58880K)] 528073K->476105K(779776K), 0.0112992 secs] [Times: user=0.06 sys=0.00, real=0.01 secs]
2325.749: [GC [PSYoungGen: 52224K->256K(58880K)] 528073K->476105K(779776K), 0.0112992 secs] [Times: user=0.06 sys=0.00, real=0.01 secs]
2325.749: [GC [PSYoungGen: 52224K->256K(58880K)] 528073K->476105K(779776K), 0.0112992 secs] [Times: user=0.06 sys=0.00, real=0.01 secs]
2325.749: [GC [PSYoungGen: 52224K->256K(58880K)] 528073K->476105K(779776K), 0.0112992 secs] [Times: user=0.06 sys=0.00, real=0.01 secs]
2325.749: [GC [PSYoungGen: 52224K->256K(58880K)] 528073K->476105K(779776K), 0.0112992 secs] [Times: user=0.06 sys=0.00, real=0.01 secs]
2325.749: [GC [PSYoungGen: 52224K->256K(58880K)] 528073K->476105K(779776K), 0.0112992 secs] [Times: user=0.06 sys=0.00, real=0.01 secs]
2325.749: [GC [PSYoungGen: 52224K->256K(58880K)] 528073K->476105K(779776K), 0.0112992 secs] [Times: user=0.06 sys=0.00, real=0.01 secs]
2325.749: [GC [PSYoungGen: 52224K->256K(58880K)] 528073K->476105K(779776K), 0.0112992 secs] [Times: user=0.06 sys=0.00, real=0.01 secs]
2325.749: [GC [PSYoungGen: 52224K->256K(58880K)] 528073K->476105K(779776K), 0.0112992 secs] [Times: user=0.06 sys=0.00, real=0.01 secs]
2325.749: [GC [PSYoungGen: 52224K->256K(58880K)] 528073K->476105K(779776K), 0.0112992 secs] [Times: user=0.06 sys=0.00, real=0.01 secs]
2325.749: [GC [PSYoungGen: 52224K->256K(58880K)] 528073K->476105K(779776K), 0.0112992 secs] [Times: user=0.06 sys=0.00, real=0.01 secs]
2325.749: [GC [PSYoungGen: 52224K->256K(58880K)] 528073K->476105K(779776K), 0.0112992 secs] [Times: user=0.06 sys=0.00, real=0.01 secs]
2325.749: [GC [PSYoungGen: 52224K->256K(58880K)] 528073K->476105K(779776K), 0.0112992 secs] [Times: user=0.06 sys=0.00, real=0.01 secs]
2325.749: [GC [PSYoungGen: 52224K->256K(58880K)] 528073K->476105K(779776K), 0.0112992 secs] [Times: user=0.06 sys=0.00, real=0.01 secs]
2325.749: [GC [PSYoungGen: 52224K->256K(58880K)] 528073K->476105K(779776K), 0.0112992 secs] [Times: user=0.06 sys=0.00, real=0.01 secs]
2325.749: [GC [PSYoungGen: 52224K->256K(58880K)] 528073K->476105K(779776K), 0.0112992 secs] [Times: user=0.06 sys=0.00, real=0.01 secs]
2325.749: [GC [PSYoungGen: 52224K->256K(58880K)] 528073K->476105K(779776K), 0.0112992 secs] [Times: user=0.06 sys=0.00, real=0.01 secs]
2325.749: [GC [PSYoungGen: 52224K->256K(58880K)] 528073K->476105K(779776K), 0.0112992 secs] [Times: user=0.06 sys=0.00, real=0.01 secs]
2325.749: [GC [PSYoungGen: 52224K->256K(58880K)] 528073K->476105K(779776K), 0.0112992 secs] [Times: user=0.06 sys=0.00, real=0.01 secs]
2325.749: [GC [PSYoungGen: 52224K->256K(58880K)] 528073K->476105K(779776K), 0.0112992 secs] [Times: user=0.06 sys=0.00, real=0.01 secs]
2325.749: [GC [PSYoungGen: 52224K->256K(58880K)] 528073K->476105K(779776K), 0.0112992 secs] [Times: user=0.06 sys=0.00, real=0.01 secs]
2325.749: [GC [PSYoungGen: 52224K->256K(58880K)] 528073K->476105K(779776K), 0.0112992 secs] [Times: user=0.06 sys=0.00, real=0.01 secs]
2325.749: [GC [PSYoungGen: 52224K->256K(58880K)] 528073K->476105K(779776K), 0.0112992 secs] [Times: user=0.06 sys=0.00, real=0.01 secs]
2325.749: [GC [PSYoungGen: 52224K->256K(58880K)] 528073K->476105K(779776K), 0.0112992 secs] [Times: user=0.06 sys=0.00, real=0.01 secs]
2325.749: [GC [PSYoungGen: 52224K->256K(58880K)] 528073K->476105K(779776K), 0.0112992 secs] [Times: user=0.06 sys=0.00, real=0.01 secs]
2325.749: [GC [PSYoungGen: 52224K->256K(58880K)] 528073K->476105K(779776K), 0.0112992 secs] [Times: user=0.06 sys=0.00, real=0.01 secs]
2325.749: [GC [PSYoungGen: 52224K->256K(58880K)] 528073K->476105K(779776K), 0.0112992 secs] [Times: user=0.06 sys=0.00, real=0.01 secs]
2325.749: [GC [PSYoungGen: 52224K->256K(58880K)] 528073K->476105K(779776K), 0.0112992 secs] [Times: user=0.06 sys=0.00, real=0.01 secs]
2325.749: [GC [PSYoungGen: 52224K->256K(58880K)] 528073K->476105K(779776K), 0.0112992 secs] [Times: user=0.06 sys=0.00, real=0.01 secs]
2325.749: [GC [PSYoungGen: 52224K->256K(58880K)] 528073K->476105K(779776K), 0.0112992 secs] [Times: user=0.06 sys=0.00, real=0.01 secs]
2325.749: [GC [PSYoungGen: 52224K->256K(58880K)] 528073K->476105K(779776K), 0.0112992 secs] [Times: user=0.06 sys=0.00, real=0.01 secs]
2325.749: [GC [PSYoungGen: 52224K->256K(58880K)] 528073K->476105K(779776K), 0.0112992 secs] [Times: user=0.06 sys=0.00, real=0.01 secs]
2325.749: [GC [PSYoungGen: 52224K->256K(58880K)] 528073K->476105K(779776K), 0.0112992 secs] [Times: user=0.06 sys=0.00, real=0.01 secs]
2325.749: [GC [PSYoungGen: 52224K->256K(58880K)] 528073K->476105K(779776K), 0.0112992 secs] [Times: user=0.06 sys=0.00, real=0.01 secs]
2325.749: [GC [PSYoungGen: 52224K->256K(58880K)] 528073K->476105K(779776K), 0.0112992 secs] [Times: user=0.06 sys=0.00, real=0.01 secs]
2325.749: [GC [PSYoungGen: 52224K->256K(58880K)] 528073K->476105K(779776K), 0.0112992 secs] [Times: user=0.06 sys=0.00, real=0.01 secs]
2325.749: [GC [PSYoungGen: 52224K->256K(58880K)] 528073K->476105K(779776K), 0.0112992 secs] [Times: user=0.06 sys=0.00, real=0.01 secs]
2325.749: [GC [PSYoungGen: 52224K->256K(58880K)] 528073K->476105K(779776K), 0.0112992 secs] [Times: user=0.06 sys=0.00, real=0.01 secs]
2325.749: [GC [PSYoungGen: 52224K->256K(58880K)] 528073K->476105K(779776K), 0.0112992 secs] [Times: user=0.06 sys=0.00, real=0.01 secs]
2325.749: [GC [PSYoungGen: 52224K->256K(58880K)] 528073K->476105K(779776K), 0.0112992 secs] [Times: user=0.06 sys=0.00, real=0.01 secs]
2325.749: [GC [PSYoungGen: 52224K->256K(58880K)] 528073K->476105K(779776K), 0.0112992 secs] [Times: user=0.06 sys=0.00, real=0.01 secs]
2325.749: [GC [PSYoungGen: 52224K->256K(58880K)] 528073K->476105K(779776K), 0.0112992 secs] [Times: user=0.06 sys=0.00, real=0.01 secs]
2325.749: [GC [PSYoungGen: 52224K->256K(58880K)] 528073K->476105K(779776K), 0.0112992 secs] [Times: user=0.06 sys=0.00, real=0.01 secs]
2325.749: [GC [PSYoungGen: 52224K->256K(58880K)] 528073K->476105K(779776K), 0.0112992 secs] [Times: user=0.06 sys=0.00, real=0.01 secs]
2325.749: [GC [PSYoungGen: 52224K->256K(58880K)] 528073K->476105K(779776K), 0.0112992 secs] [Times: user=0.06 sys=0.00, real=0.01 secs]
2325.749: [GC [PSYoungGen: 52224K->256K(58880K)] 528073K->476105K(779776K), 0.0112992 secs] [Times: user=0.06 sys=0.00, real=0.01 secs]
2325.749: [GC [PSYoungGen: 52224K->256K(58880K)] 528073K->476105K(779776K), 0.0112992 secs] [Times: user=0.06 sys=0.00, real=0.01 secs]
2325.749: [GC [PSYoungGen: 52224K->256K(58880K)] 528073K->476105K(779776K), 0.0112992 secs] [Times: user=0.06 sys=0.00, real=0.01 secs]
2325.749: [GC [PSYoungGen: 52224K->256K(58880K)] 528073K->476105K(779776K), 0.0112992 secs] [Times: user=0.06 sys=0.00, real=0.01 secs]
2325.749: [GC [PSYoungGen: 52224K->256K(58880K)] 528073K->476105K(779776K), 0.0112992 secs] [Times: user=0.06 sys=0.00, real=0.01 secs]
2325.749: [GC [PSYoungGen: 52224K->256K(58880K)] 528073K->476105K(779776K), 0.0112992 secs] [Times: user=0.06 sys=0.00, real=0.01 secs]
2325.749: [GC [PSYoungGen: 52224K->256K(58880K)] 528073K->476105K(779776K), 0.0112992 secs] [Times: user=0.06 sys=0.00, real=0.01 secs]
2325.749: [GC [PSYoungGen: 52224K->256K(58880K)] 528073K->476105K(779776K), 0.0112992 secs] [Times: user=0.06 sys=0.00, real=0.01 secs]
2325.749: [GC [PSYoungGen: 52224K->256K(58880K)] 528073K->476105K(779776K), 0.0112992 secs] [Times: user=0.06 sys=0.00, real=0.01 secs]
2325.749: [GC [PSYoungGen: 52224K->256K(58880K)] 528073K->476105K(779776K), 0.0112992 secs] [Times: user=0.06 sys=0.00, real=0.01 secs]
2325.749: [GC [PSYoungGen: 52224K->256K(58880K)] 528073K->476105K(779776K), 0.0112992 secs] [Times: user=0.06 sys=0.00, real=0.01 secs]
2325.749: [GC [PSYoungGen: 52224K->256K(58880K)] 528073K->476105K(779776K), 0.0112992 secs] [Times: user=0.06 sys=0.00, real=0.01 secs]
2325.749: [GC [PSYoungGen: 52224K->256K(58880K)] 528073K->476105K(779776K), 0.0112992 secs] [Times: user=0.06 sys=0.00, real=0.01 secs]
2325.749: [GC [PSYoungGen: 52224K->256K(58880K)] 528073K->476105K(779776K), 0.0112992 secs] [Times: user=0.06 sys=0.00, real=0.01 secs]
2325.749: [GC [PSYoungGen: 52224K->256K(58880K)] 528073K->476105K(779776K), 0.0112992 secs] [Times: user=0.06 sys=0.00, real=0.01 secs]
2325.749: [GC [PSYoungGen: 52224K->256K(58880K)] 528073K->476105K(779776K), 0.0112992 secs] [Times: user=0.06 sys=0.00, real=0.01 secs]
2325.749: [GC [PSYoungGen: 52224K->256K(58880K)] 528073K->476105K(779776K), 0.0112992 secs] [Times: user=0.06 sys=0.00, real=0.01 secs]
2325.749: [GC [PSYoungGen: 52224K->256K(58880K)] 528073K->476105K(779776K), 0.0112992 secs] [Times: user=0.06 sys=0.00, real=0.01 secs]
2325.749: [GC [PSYoungGen: 52224K->256K(58880K)] 528073K->476105K(779776K), 0.0112992 secs] [Times: user=0.06 sys=0.00, real=0.01 secs]
2325.749: [GC [PSYoungGen: 52224K->256K(58880K)] 528073K->476105K(779776K), 0.0112992 secs] [Times: user=0.06 sys=0.00, real=0.01 secs]
2325.749: [GC [PSYoungGen: 52224K->256K(58880K)] 528073K->476105K(779776K), 0.0112992 secs] [Times: user=0.06 sys=0.00, real=0.01 secs]
2325.749: [GC [PSYoungGen: 52224K->256K(58880K)] 528073K->476105K(779776K), 0.0112992 secs] [Times: user=0.06 sys=0.00, real=0.01 secs]
2325.749: [GC [PSYoungGen: 52224K->256K(58880K)] 528073K->476105K(779776K), 0.0112992 secs] [Times: user=0.06 sys=0.00, real=0.01 secs]
2325.749: [GC [PSYoungGen: 52224K->256K(58880K)] 528073K->476105K(779776K), 0.0112992 secs] [Times: user=0.06 sys=0.00, real=0.01 secs]
2325.749: [GC [PSYoungGen: 52224K->256K(58880K)] 528073K->476105K(779776K), 0.0112992 secs] [Times: user=0.06 sys=0.00, real=0.01 secs]
2325.749: [GC [PSYoungGen: 52224K->256K(58880K)] 528073K->476105K(779776K), 0.0112992 secs] [Times: user=0.06 sys=0.00, real=0.01 secs]
2325.749: [GC [PSYoungGen: 52224K->256K(58880K)] 528073K->476105K(779776K), 0.0112992 secs] [Times: user=0.06 sys=0.00, real=0.01 secs]
2325.749: [GC [PSYoungGen: 52224K->256K(58880K)] 528073K->476105K(779776K), 0.0112992 secs] [Times: user=0.06 sys=0.00, real=0.01 secs]
2325.749: [GC [PSYoungGen: 52224K->256K(58880K)] 528073K->476105K(779776K), 0.0112992 secs] [Times: user=0.06 sys=0.00, real=0.01 secs]
2325.749: [GC [PSYoungGen: 52224K->256K(58880K)] 528073K->476105K(779776K), 0.0112992 secs] [Times: user=0.06 sys=0.00, real=0.01 secs]
2325.749: [GC [PSYoungGen: 52224K->256K(58880K)] 528073K->476105K(779776K), 0.0112992 secs] [Times: user=0.06 sys=0.00, real=0.01 secs]
2325.749: [GC [PSYoungGen: 52224K->256K(58880K)] 528073K->476105K(779776K), 0.0112992 secs] [Times: user=0.06 sys=0.00, real=0.01 secs]
2325.749: [GC [PSYoungGen: 52224K->256K(58880K)] 528073K->476105K(779776K), 0.0112992 secs] [Times: user=0.06 sys=0.00, real=0.01 secs]
2325.749: [GC [PSYoungGen: 52224K->256K(58880K)] 528073K->476105K(779776K), 0.0112992 secs] [Times: user=0.06 sys=0.00, real=0.01 secs]
2325.749: [GC [PSYoungGen: 52224K->256K(58880K)] 528073K->476105K(779776K), 0.0112992 secs] [Times: user=0.06 sys=0.00, real=0.01 secs]
2325.749: [GC [PSYoungGen: 52224K->256K(58880K)] 528073K->476105K(779776K), 0.0112992 secs] [Times: user=0.06 sys=0.00, real=0.01 secs]
2325.749: [GC [PSYoungGen: 52224K->256K(58880K)] 528073K->476105K(779776K), 0.0112992 secs] [Times: user=0.06 sys=0.00, real=0.01 secs]
2325.749: [GC [PSYoungGen: 52224K->256K(58880K)] 528073K->476105K(779776K), 0.0112992 secs] [Times: user=0.06 sys=0.00, real=0.01 secs]
2325.749: [GC [PSYoungGen: 52224K->256K(58880K)] 528073K->476105K(779776K), 0.0112992 secs] [Times: user=0.06 sys=0.00, real=0.01 secs]
2325.749: [GC [PSYoungGen: 52224K->256K(58880K)] 528073K->476105K(779776K), 0.0112992 secs] [Times: user=0.06 sys=0.00, real=0.01 secs]
2325.749: [GC [PSYoungGen: 52224K->256K(58880K)] 528073K->476105K(779776K), 0.0112992 secs] [Times: user=0.06 sys=0.00, real=0.01 secs]
2325.749: [GC [PSYoungGen: 52224K->256K(58880K)] 528073K->476105K(779776K), 0.0112992 secs] [Times: user=0.06 sys=0.00, real=0.01 secs]
2325.749: [GC [PSYoungGen: 52224K->256K(58880K)] 528073K->476105K(779776K), 0.0112992 secs] [Times: user=0.06 sys=0.00, real=0.01 secs]
2325.749: [GC [PSYoungGen: 52224K->256K(58880K)] 528073K->476105K(779776K), 0.0112992 secs] [Times: user=0.06 sys=0.00, real=0.01 secs]
2325.749: [GC [PSYoungGen: 52224K->256K(58880K)] 528073K->476105K(779776K), 0.0112992 secs] [Times: user=0.06 sys=0.00, real=0.01 secs]
2325.749: [GC [PSYoungGen: 52224K->256K(58880K)] 528073K->476105K(779776K), 0.0112992 secs] [Times: user=0.06 sys=0.00, real=0.01 secs]
2325.749: [GC [PSYoungGen: 52224K->256K(58880K)] 528073K->476105K(779776K), 0.0112992 secs] [Times: user=0.06 sys=0.00, real=0.01 secs]
2325.749: [GC [PSYoungGen: 52224K->256K(58880K)] 528073K->476105K(779776K), 0.0112992 secs] [Times: user=0.06 sys=0.00, real=0.01 secs]
2325.749: [GC [PSYoungGen: 52224K->256K(58880K)] 528073K->476105K(779776K), 0.0112992 secs] [Times: user=0.06 sys=0.00, real=0.01 secs]
2325.749: [GC [PSYoungGen: 52224K->256K(58880K)] 528073K->476105K(779776K), 0.0112992 secs] [Times: user=0.06 sys=0.00, real=0.01 secs]
2325.749: [GC [PSYoungGen: 52224K->256K(58880K)] 528073K->476105K(779776K), 0.0112992 secs] [Times: user=0.06 sys=0.00, real=0.01 secs]
2325.749: [GC [PSYoungGen: 52224K->256K(58880K)] 528073K->476105K(779776K), 0.0112992 secs] [Times: user=0.06 sys=0.00, real=0.01 secs]
2325.749: [GC [PSYoungGen: 52224K->256K(58880K)] 528073K->476105K(779776K), 0.0112992 secs] [Times: user=0.06 sys=0.00, real=0.01 secs]
2325.749: [GC [PSYoungGen: 52224K->256K(58880K)] 528073K->476105K(779776K), 0.0112992 secs] [Times: user=0.06 sys=0.00, real=0.01 secs]
2325.749: [GC [PSYoungGen: 52224K->256K(58880K)] 528073K->476105K(779776K), 0.0112992 secs] [Times: user=0.06 sys=0.00, real=0.01 secs]
2325.749: [GC [PSYoungGen: 52224K->256K(58880K)] 528073K->476105K(779776K), 0.0112992 secs] [Times: user=0.06 sys=0.00, real=0.01 secs]
2325.749: [GC [PSYoungGen: 52224K->256K(58880K)] 528073K->476105K(779776K), 0.0112992 secs] [Times: user=0.06 sys=0.00, real=0.01 secs]
2325.749: [GC [PSYoungGen: 52224K->256K(58880K)] 528073K->476105K(779776K), 0.0112992 secs] [Times: user=0.06 sys=0.00, real=0.01 secs]
2325.749: [GC [PSYoungGen: 52224K->256K(58880K)] 528073K->476105K(779776K), 0.0112992 secs] [Times: user=0.06 sys=0.00, real=0.01 secs]
2325.749: [GC [PSYoungGen: 52224K->256K(58880K)] 528073K->476105K(779776K), 0.0112992 secs] [Times: user=0.06 sys=0.00, real=0.01 secs]
2325.749: [GC [PSYoungGen: 52224K->256K(58880K)] 528073K->476105K(779776K), 0.0112992 secs] [Times: user=0.06 sys=0.00, real=0.01 secs]
2325.749: [GC [PSYoungGen: 52224K->256K(58880K)] 528073K->476105K(779776K), 0.0112992 secs] [Times: user=0.06 sys=0.00, real=0.01 secs]
2325.749: [GC [PSYoungGen: 52224K->256K(58880K)] 528073K->476105K(779776K), 0.0112992 secs] [Times: user=0.06 sys=0.00, real=0.01 secs]
2325.749: [GC [PSYoungGen: 52224K->256K(58880K)] 528073K->476105K(779776K), 0.0112992 secs] [Times: user=0.06 sys=0.00, real=0.01 secs]
2325.749: [GC [PSYoungGen: 52224K->256K(58880K)] 528073K->476105K(779776K), 0.0112992 secs] [Times: user=0.06 sys=0.00, real=0.01 secs]
2325.749: [GC [PSYoungGen: 52224K->256K(58880K)] 528073K->476105K(779776K), 0.0112992 secs] [Times: user=0.06 sys=0.00, real=0.01 secs]
2325.749: [GC [PSYoungGen: 52224K->256K(58880K)] 528073K->476105K(779776K), 0.0112992 secs] [Times: user=0.06 sys=0.00, real=0.01 secs]
2325.749: [GC [PSYoungGen: 52224K->256K(58880K)] 528073K->476105K(779776K), 0.0112992 secs] [Times: user=0.06 sys=0.00, real=0.01 secs]
2325.749: [GC [PSYoungGen: 52224K->256K(58880K)] 528073K->476105K(779776K), 0.0112992 secs] [Times: user=0.06 sys=0.00, real=0.01 secs]
2325.749: [GC [PSYoungGen: 52224K->256K(58880K)] 528073K->476105K(779776K), 0.0112992 secs] [Times: user=0.06 sys=0.00, real=0.01 secs]
2325.749: [GC [PSYoungGen: 52224K->256K(58880K)] 528073K->476105K(779776K), 0.0112992 secs] [Times: user=0.06 sys=0.00, real=0.01 secs]
2325.749: [GC [PSYoungGen: 52224K->256K(58880K)] 528073K->476105K(779776K), 0.0112992 secs] [Times: user=0.06 sys=0.00, real=0.01 secs]
2325.749: [GC [PSYoungGen: 52224K->256K(58880K)] 528073K->476105K(779776K), 0.0112992 secs] [Times: user=0.06 sys=0.00, real=0.01 secs]
2325.749: [GC [PSYoungGen: 52224K->256K(58880K)] 528073K->476105K(779776K), 0.0112992 secs] [Times: user=0.06 sys=0.00, real=0.01 secs]
2325.749: [GC [PSYoungGen: 52224K->256K(58880K)] 528073K->476105K(779776K), 0.0112992 secs] [Times: user=0.06 sys=0.00, real=0.01 secs]
2325.749: [GC [PSYoungGen: 52224K->256K(58880K)] 528073K->476105K(779776K), 0.0112992 secs] [Times: user=0.06 sys=0.00, real=0.01 secs]
2325.749: [GC [PSYoungGen: 52224K->256K(58880K)] 528073K->476105K(779776K), 0.0112992 secs] [Times: user=0.06 sys=0.00, real=0.01 secs]
2325.749: [GC [PSYoungGen: 52224K->256K(58880K)] 528073K->476105K(779776K), 0.0112992 secs] [Times: user=0.06 sys=0.00, real=0.01 secs]
2325.749: [GC [PSYoungGen: 52224K->256K(58880K)] 528073K->476105K(779776K), 0.0112992 secs] [Times: user=0.06 sys=0.00, real=0.01 secs]
2325.749: [GC [PSYoungGen: 52224K->256K(58880K)] 528073K->476105K(779776K), 0.0112992 secs] [Times: user=0.06 sys=0.00, real=0.01 secs]
2325.749: [GC [PSYoungGen: 52224K->256K(58880K)] 528073K->476105K(779776K), 0.0112992 secs] [Times: user=0.06 sys=0.00, real=0.01 secs]
2325.749: [GC [PSYoungGen: 52224K->256K(58880K)] 528073K->476105K(779776K), 0.0112992 secs] [Times: user=0.06 sys=0.00, real=0.01 secs]
2325.749: [GC [PSYoungGen: 52224K->256K(58880K)] 528073K->476105K(779776K), 0.0112992 secs] [Times: user=0.06 sys=0.00, real=0.01 secs]
2325.749: [GC [PSYoungGen: 52224K->256K(58880K)] 528073K->476105K(779776K), 0.0112992 secs] [Times: user=0.06 sys=0.00, real=0.01 secs]
2325.749: [GC [PSYoungGen: 52224K->256K(58880K)] 528073K->476105K(779776K), 0.0112992 secs] [Times: user=0.06 sys=0.00, real=0.01 secs]
2325.749: [GC [PSYoungGen: 52224K->256K(58880K)] 528073K->476105K(779776K), 0.0112992 secs] [Times: user=0.06 sys=0.00, real=0.01 secs]
2325.749: [GC [PSYoungGen: 52224K->256K(58880K)] 528073K->476105K(779776K), 0.0112992 secs] [Times: user=0.06 sys=0.00, real=0.01 secs]
2325.749: [GC [PSYoungGen: 52224K->256K(58880K)] 528073K->476105K(779776K), 0.0112992 secs] [Times: user=0.06 sys=0.00, real=0.01 secs]
2325.749: [GC [PSYoungGen: 52224K->256K(58880K)] 528073K->476105K(779776K), 0.0112992 secs] [Times: user=0.06 sys=0.00, real=0.01 secs]
2325.749: [GC [PSYoungGen: 52224K->256K(58880K)] 528073K->476105K(779776K), 0.0112992 secs] [Times: user=0.06 sys=0.00, real=0.01 secs]
2325.749: [GC [PSYoungGen: 52224K->256K(58880K)] 528073K->476105K(779776K), 0.0112992 secs] [Times: user=0.06 sys=0.00, real=0.01 secs]
2325.749: [GC [PSYoungGen: 52224K->256K(58880K)] 528073K->476105K(779776K), 0.0112992 secs] [Times: user=0.06 sys=0.00, real=0.01 secs]
2325.749: [GC [PSYoungGen: 52224K->256K(58880K)] 528073K->476105K(779776K), 0.0112992 secs] [Times: user=0.06 sys=0.00, real=0.01 secs]
2325.749: [GC [PSYoungGen: 52224K->256K(58880K)] 528073K->476105K(779776K), 0.0112992 secs] [Times: user=0.06 sys=0.00, real=0.01 secs]
2325.749: [GC [PSYoungGen: 52224K->256K(58880K)] 528073K->476105K(779776K), 0.0112992 secs] [Times: user=0.06 sys=0.00, real=0.01 secs]
2325.749: [GC [PSYoungGen: 52224K->256K(58880K)] 528073K->476105K(779776K), 0.0112992 secs] [Times: user=0.06 sys=0.00, real=0.01 secs]
2325.749: [GC [PSYoungGen: 52224K->256K(58880K)] 528073K->476105K(779776K), 0.0112992 secs] [Times: user=0.06 sys=0.00, real=0.01 secs]
2325.749: [GC [PSYoungGen: 52224K->256K(58880K)] 528073K->476105K(779776K), 0.0112992 secs] [Times: user=0.06 sys=0.00, real=0.01 secs]
2325.749: [GC [PSYoungGen: 52224K->256K(58880K)] 528073K->476105K(779776K), 0.0112992 secs] [Times: user=0.06 sys=0.00, real=0.01 secs]
2325.749: [GC [PSYoungGen: 52224K->256K(58880K)] 528073K->476105K(779776K), 0.0112992 secs] [Times: user=0.06 sys=0.00, real=0.01 secs]
2325.749: [GC [PSYoungGen: 52224K->256K(58880K)] 528073K->476105K(779776K), 0.0112992 secs] [Times: user=0.06 sys=0.00, real=0.01 secs]
2325.749: [GC [PSYoungGen: 52224K->256K(58880K)] 528073K->476105K(779776K), 0.0112992 secs] [Times: user=0.06 sys=0.00, real=0.01 secs]
2325.749: [GC [PSYoungGen: 52224K->256K(58880K)] 528073K->476105K(779776K), 0.0112992 secs] [Times: user=0.06 sys=0.00, real=0.01 secs]
2325.749: [GC [PSYoungGen: 52224K->256K(58880K)] 528073K->476105K(779776K), 0.0112992 secs] [Times: user=0.06 sys=0.00, real=0.01 secs]
2325.749: [GC [PSYoungGen: 52224K->256K(58880K)] 528073K->476105K(779776K), 0.0112992 secs] [Times: user=0.06 sys=0.00, real=0.01 secs]
2325.749: [GC [PSYoungGen: 52224K->256K(58880K)] 528073K->476105K(779776K), 0.0112992 secs] [Times: user=0.06 sys=0.00, real=0.01 secs]
2325.749: [GC [PSYoungGen: 52224K->256K(58880K)] 528073K->476105K(779776K), 0.0112992 secs] [Times: user=0.06 sys=0.00, real=0.01 secs]
2325.749: [GC [PSYoungGen: 52224K->256K(58880K)] 528073K->476105K(779776K), 0.0112992 secs] [Times: user=0.06 sys=0.00, real=0.01 secs]
2325.749: [GC [PSYoungGen: 52224K->256K(58880K)] 528073K->476105K(779776K), 0.0112992 secs] [Times: user=0.06 sys=0.00, real=0.01 secs]
2325.749: [GC [PSYoungGen: 52224K->256K(58880K)] 528073K->476105K(779776K), 0.0112992 secs] [Times: user=0.06 sys=0.00, real=0.01 secs]
2325.749: [GC [PSYoungGen: 52224K->256K(58880K)] 528073K->476105K(779776K), 0.0112992 secs] [Times: user=0.06 sys=0.00, real=0.01 secs]
2325.749: [GC [PSYoungGen: 52224K->256K(58880K)] 528073K->476105K(779776K), 0.0112992 secs] [Times: user=0.06 sys=0.00, real=0.01 secs]
2325.749: [GC [PSYoungGen: 52224K->256K(58880K)] 528073K->476105K(779776K), 0.0112992 secs] [Times: user=0.06 sys=0.00, real=0.01 secs]
2325.749: [GC [PSYoungGen: 52224K->256K(58880K)] 528073K->476105K(779776K), 0.0112992 secs] [Times: user=0.06 sys=0.00, real=0.01 secs]
2325.749: [GC [PSYoungGen: 52224K->256K(58880K)] 528073K->476105K(779776K), 0.0112992 secs] [Times: user=0.06 sys=0.00, real=0.01 secs]
2325.749: [GC [PSYoungGen: 52224K->256K(58880K)] 528073K->476105K(779776K), 0.0112992 secs] [Times: user=0.06 sys=0.00, real=0.01 secs]
2325.749: [GC [PSYoungGen: 52224K->256K(58880K)] 528073K->476105K(779776K), 0.0112992 secs] [Times: user=0.06 sys=0.00, real=0.01 secs]
2325.749: [GC [PSYoungGen: 52224K->256K(58880K)] 528073K->476105K(779776K), 0.0112992 secs] [Times: user=0.06 sys=0.00, real=0.01 secs]
2325.749: [GC [PSYoungGen: 52224K->256K(58880K)] 528073K->476105K(779776K), 0.0112992 secs] [Times: user=0.06 sys=0.00, real=0.01 secs]
2325.749: [GC [PSYoungGen: 52224K->256K(58880K)] 528073K->476105K(779776K), 0.0112992 secs] [Times: user=0.06 sys=0.00, real=0.01 secs]
2325.749: [GC [PSYoungGen: 52224K->256K(58880K)] 528073K->476105K(779776K), 0.0112992 secs] [Times: user=0.06 sys=0.00, real=0.01 secs]
2325.749: [GC [PSYoungGen: 52224K->256K(58880K)] 528073K->476105K(779776K), 0.0112992 secs] [Times: user=0.06 sys=0.00, real=0.01 secs]
2325.749: [GC [PSYoungGen: 52224K->256K(58880K)] 528073K->476105K(779776K), 0.0112992 secs] [Times: user=0.06 sys=0.00, real=0.01 secs]
2325.749: [GC [PSYoungGen: 52224K->256K(58880K)] 528073K->476105K(779776K), 0.0112992 secs] [Times: user=0.06 sys=0.00, real=0.01 secs]
2325.749: [GC [PSYoungGen: 52224K->256K(58880K)] 528073K->476105K(779776K), 0.0112992 secs] [Times: user=0.06 sys=0.00, real=0.01 secs]
2325.749: [GC [PSYoungGen: 52224K->256K(58880K)] 528073K->476105K(779776K), 0.0112992 secs] [Times: user=0.06 sys=0.00, real=0.01 secs]
2325.749: [GC [PSYoungGen: 52224K->256K(58880K)] 528073K->476105K(779776K), 0.0112992 secs] [Times: user=0.06 sys=0.00, real=0.01 secs]
2325.749: [GC [PSYoungGen: 52224K->256K(58880K)] 528073K->476105K(779776K), 0.0112992 secs] [Times: user=0.06 sys=0.00, real=0.01 secs]
2325.749: [GC [PSYoungGen: 52224K->256K(58880K)] 528073K->476105K(779776K), 0.0112992 secs] [Times: user=0.06 sys=0.00, real=0.01 secs]
2325.749: [GC [PSYoungGen: 52224K->256K(58880K)] 528073K->476105K(779776K), 0.0112992 secs] [Times: user=0.06 sys=0.00, real=0.01 secs]
2325.749: [GC [PSYoungGen: 52224K->256K(58880K)] 528073K->476105K(779776K), 0.0112992 secs] [Times: user=0.06 sys=0.00, real=0.01 secs]
2325.749: [GC [PSYoungGen: 52224K->256K(58880K)] 528073K->476105K(779776K), 0.0112992 secs] [Times: user=0.06 sys=0.00, real=0.01 secs]
2325.749: [GC [PSYoungGen: 52224K->256K(58880K)] 528073K->476105K(779776K), 0.0112992 secs] [Times: user=0.06 sys=0.00, real=0.01 secs]
2325.749: [GC [PSYoungGen: 52224K->256K(58880K)] 528073K->476105K(779776K), 0.0112992 secs] [Times: user=0.06 sys=0.00, real=0.01 secs]
2325.749: [GC [PSYoungGen: 52224K->256K(58880K)] 528073K->476105K(779776K), 0.0112992 secs] [Times: user=0.06 sys=0.00, real=0.01 secs]
2325.749: [GC [PSYoungGen: 52224K->256K(58880K)] 528073K->476105K(779776K), 0.0112992 secs] [Times: user=0.06 sys=0.00, real=0.01 secs]
2325.749: [GC [PSYoungGen: 52224K->256K(58880K)] 528073K->476105K(779776K), 0.0112992 secs] [Times: user=0.06 sys=0.00, real=0.01 secs]
2325.749: [GC [PSYoungGen: 52224K->256K(58880K)] 528073K->476105K(779776K), 0.0112992 secs] [Times: user=0.06 sys=0.00, real=0.01 secs]
2325.749: [GC [PSYoungGen: 52224K->256K(58880K)] 528073K->476105K(779776K), 0.0112992 secs] [Times: user=0.06 sys=0.00, real=0.01 secs]
2325.749: [GC [PSYoungGen: 52224K->256K(58880K)] 528073K->476105K(779776K), 0.0112992 secs] [Times: user=0.06 sys=0.00, real=0.01 secs]
2325.749: [GC [PSYoungGen: 52224K->256K(58880K)] 528073K->476105K(779776K), 0.0112992 secs] [Times: user=0.06 sys=0.00, real=0.01 secs]
2325.749: [GC [PSYoungGen: 52224K->256K(58880K)] 528073K->476105K(779776K), 0.0112992 secs] [Times: user=0.06 sys=0.00, real=0.01 secs]
2325.749: [GC [PSYoungGen: 52224K->256K(58880K)] 528073K->476105K(779776K), 0.0112992 secs] [Times: user=0.06 sys=0.00, real=0.01 secs]
2325.749: [GC [PSYoungGen: 52224K->256K(58880K)] 528073K->476105K(779776K), 0.0112992 secs] [Times: user=0.06 sys=0.00, real=0.01 secs]
2325.749: [GC [PSYoungGen: 52224K->256K(58880K)] 528073K->476105K(779776K), 0.0112992 secs] [Times: user=0.06 sys=0.00, real=0.01 secs]
2325.749: [GC [PSYoungGen: 52224K->256K(58880K)] 528073K->476105K(779776K), 0.0112992 secs] [Times: user=0.06 sys=0.00, real=0.01 secs]
2325.749: [GC [PSYoungGen: 52224K->256K(58880K)] 528073K->476105K(779776K), 0.0112992 secs] [Times: user=0.06 sys=0.00, real=0.01 secs]
2325.749: [GC [PSYoungGen: 52224K->256K(58880K)] 528073K->476105K(779776K), 0.0112992 secs] [Times: user=0.06 sys=0.00, real=0.01 secs]
2325.749: [GC [PSYoungGen: 52224K->256K(58880K)] 528073K->476105K(779776K), 0.0112992 secs] [Times: user=0.06 sys=0.00, real=0.01 secs]
2325.749: [GC [PSYoungGen: 52224K->256K(58880K)] 528073K->476105K(779776K), 0.0112992 secs] [Times: user=0.06 sys=0.00, real=0.01 secs]
2325.749: [GC [PSYoungGen: 52224K->256K(58880K)] 528073K->476105K(779776K), 0.0112992 secs] [Times: user=0.06 sys=0.00, real=0.01 secs]
2325.749: [GC [PSYoungGen: 52224K->256K(58880K)] 528073K->476105K(779776K), 0.0112992 secs] [Times: user=0.06 sys=0.00, real=0.01 secs]
2325.749: [GC [PSYoungGen: 52224K->256K(58880K)] 528073K->476105K(779776K), 0.0112992 secs] [Times: user=0.06 sys=0.00, real=0.01 secs]
2325.749: [GC [PSYoungGen: 52224K->256K(58880K)] 528073K->476105K(779776K), 0.0112992 secs] [Times: user=0.06 sys=0.00, real=0.01 secs]
2325.749: [GC [PSYoungGen: 52224K->256K(58880K)] 528073K->476105K(779776K), 0.0112992 secs] [Times: user=0.06 sys=0.00, real=0.01 secs]
2325.749: [GC [PSYoungGen: 52224K->256K(58880K)] 528073K->476105K(779776K), 0.0112992 secs] [Times: user=0.06 sys=0.00, real=0.01 secs]
2325.749: [GC [PSYoungGen: 52224K->256K(58880K)] 528073K->476105K(779776K), 0.0112992 secs] [Times: user=0.06 sys=0.00, real=0.01 secs]
2325.749: [GC [PSYoungGen: 52224K->256K(58880K)] 528073K->476105K(779776K), 0.0112992 secs] [Times: user=0.06 sys=0.00, real=0.01 secs]
2325.749: [GC [PSYoungGen: 52224K->256K(58880K)] 528073K->476105K(779776K), 0.0112992 secs] [Times: user=0.06 sys=0.00, real=0.01 secs]
2325.749: [GC [PSYoungGen: 52224K->256K(58880K)] 528073K->476105K(779776K), 0.0112992 secs] [Times: user=0.06 sys=0.00, real=0.01 secs]
2325.749: [GC [PSYoungGen: 52224K->256K(58880K)] 528073K->476105K(779776K), 0.0112992 secs] [Times: user=0.06 sys=0.00, real=0.01 secs]
2325.749: [GC [PSYoungGen: 52224K->256K(58880K)] 528073K->476105K(779776K), 0.0112992 secs] [Times: user=0.06 sys=0.00, real=0.01 secs]
2325.749: [GC [PSYoungGen: 52224K->256K(58880K)] 528073K->476105K(779776K), 0.0112992 secs] [Times: user=0.06 sys=0.00, real=0.01 secs]
2325.749: [GC [PSYoungGen: 52224K->256K(58880K)] 528073K->476105K(779776K), 0.0112992 secs] [Times: user=0.06 sys=0.00, real=0.01 secs]
2325.749: [GC [PSYoungGen: 52224K->256K(58880K)] 528073K->476105K(779776K), 0.0112992 secs] [Times: user=0.06 sys=0.00, real=0.01 secs]
2325.749: [GC [PSYoungGen: 52224K->256K(58880K)] 528073K->476105K(779776K), 0.0112992 secs] [Times: user=0.06 sys=0.00, real=0.01 secs]
2325.749: [GC [PSYoungGen: 52224K->256K(58880K)] 528073K->476105K(779776K), 0.0112992 secs] [Times: user=0.06 sys=0.00, real=0.01 secs]
2325.749: [GC [PSYoungGen: 52224K->256K(58880K)] 528073K->476105K(779776K), 0.0112992 secs] [Times: user=0.06 sys=0.00, real=0.01 secs]
2325.749: [GC [PSYoungGen: 52224K->256K(58880K)] 528073K->476105K(779776K), 0.0112992 secs] [Times: user=0.06 sys=0.00, real=0.01 secs]
2325.749: [GC [PSYoungGen: 52224K->256K(58880K)] 528073K->476105K(779776K), 0.0112992 secs] [Times: user=0.06 sys=0.00, real=0.01 secs]
2325.749: [GC [PSYoungGen: 52224K->256K(58880K)] 528073K->476105K(779776K), 0.0112992 secs] [Times: user=0.06 sys=0.00, real=0.01 secs]
2325.749: [GC [PSYoungGen: 52224K->256K(58880K)] 528073K->476105K(779776K), 0.0112992 secs] [Times: user=0.06 sys=0.00, real=0.01 secs]
2325.749: [GC [PSYoungGen: 52224K->256K(58880K)] 528073K->476105K(779776K), 0.0112992 secs] [Times: user=0.06 sys=0.00, real=0.01 secs]
2325.749: [GC [PSYoungGen: 52224K->256K(58880K)] 528073K->476105K(779776K), 0.0112992 secs] [Times: user=0.06 sys=0.00, real=0.01 secs]
2325.749: [GC [PSYoungGen: 52224K->256K(58880K)] 528073K->476105K(779776K), 0.0112992 secs] [Times: user=0.06 sys=0.00, real=0.01 secs]
2325.749: [GC [PSYoungGen: 52224K->256K(58880K)] 528073K->476105K(779776K), 0.0112992 secs] [Times: user=0.06 sys=0.00, real=0.01 secs]
2325.749: [GC [PSYoungGen: 52224K->256K(58880K)] 528073K->476105K(779776K), 0.0112992 secs] [Times: user=0.06 sys=0.00, real=0.01 secs]
2325.749: [GC [PSYoungGen: 52224K->256K(58880K)] 528073K->476105K(779776K), 0.0112992 secs] [Times: user=0.06 sys=0.00, real=0.01 secs]
2325.749: [GC [PSYoungGen: 52224K->256K(58880K)] 528073K->476105K(779776K), 0.0112992 secs] [Times: user=0.06 sys=0.00, real=0.01 secs]
2325.749: [GC [PSYoungGen: 52224K->256K(58880K)] 528073K->476105K(779776K), 0.0112992 secs] [Times: user=0.06 sys=0.00, real=0.01 secs]
2325.749: [GC [PSYoungGen: 52224K->256K(58880K)] 528073K->476105K(779776K), 0.0112992 secs] [Times: user=0.06 sys=0.00, real=0.01 secs]
2325.749: [GC [PSYoungGen: 52224K->256K(58880K)] 528073K->476105K(779776K), 0.0112992 secs] [Times: user=0.06 sys=0.00, real=0.01 secs]
2325.749: [GC [PSYoungGen: 52224K->256K(58880K)] 528073K->476105K(779776K), 0.0112992 secs] [Times: user=0.06 sys=0.00, real=0.01 secs]
2325.749: [GC [PSYoungGen: 52224K->256K(58880K)] 528073K->476105K(779776K), 0.0112992 secs] [Times: user=0.06 sys=0.00, real=0.01 secs]
2325.749: [GC [PSYoungGen: 52224K->256K(58880K)] 528073K->476105K(779776K), 0.0112992 secs] [Times: user=0.06 sys=0.00, real=0.01 secs]
2325.749: [GC [PSYoungGen: 52224K->256K(58880K)] 528073K->476105K(779776K), 0.0112992 secs] [Times: user=0.06 sys=0.00, real=0.01 secs]
2325.749: [GC [PSYoungGen: 52224K->256K(58880K)] 528073K->476105K(779776K), 0.0112992 secs] [Times: user=0.06 sys=0.00, real=0.01 secs]
2325.749: [GC [PSYoungGen: 52224K->256K(58880K)] 528073K->476105K(779776K), 0.0112992 secs] [Times: user=0.06 sys=0.00, real=0.01 secs]
2325.749: [GC [PSYoungGen: 52224K->256K(58880K)] 528073K->476105K(779776K), 0.0112992 secs] [Times: user=0.06 sys=0.00, real=0.01 secs]
2325.749: [GC [PSYoungGen: 52224K->256K(58880K)] 528073K->476105K(779776K), 0.0112992 secs] [Times: user=0.06 sys=0.00, real=0.01 secs]
2325.749: [GC [PSYoungGen: 52224K->256K(58880K)] 528073K->476105K(779776K), 0.0112992 secs] [Times: user=0.06 sys=0.00, real=0.01 secs]
2325.749: [GC [PSYoungGen: 52224K->256K(58880K)] 528073K->476105K(779776K), 0.0112992 secs] [Times: user=0.06 sys=0.00, real=0.01 secs]
2325.749: [GC [PSYoungGen: 52224K->256K(58880K)] 528073K->476105K(779776K), 0.0112992 secs] [Times: user=0.06 sys=0.00, real=0.01 secs]
2325.749: [GC [PSYoungGen: 52224K->256K(58880K)] 528073K->476105K(779776K), 0.0112992 secs] [Times: user=0.06 sys=0.00, real=0.01 secs]
2325.749: [GC [PSYoungGen: 52224K->256K(58880K)] 528073K->476105K(779776K), 0.0112992 secs] [Times: user=0.06 sys=0.00, real=0.01 secs]
2325.749: [GC [PSYoungGen: 52224K->256K(58880K)] 528073K->476105K(779776K), 0.0112992 secs] [Times: user=0.06 sys=0.00, real=0.01 secs]
2325.749: [GC [PSYoungGen: 52224K->256K(58880K)] 528073K->476105K(779776K), 0.0112992 secs] [Times: user=0.06 sys=0.00, real=0.01 secs]
2325.749: [GC [PSYoungGen: 52224K->256K(58880K)] 528073K->476105K(779776K), 0.0112992 secs] [Times: user=0.06 sys=0.00, real=0.01 secs]
2325.749: [GC [PSYoungGen: 52224K->256K(58880K)] 528073K->476105K(779776K), 0.0112992 secs] [Times: user=0.06 sys=0.00, real=0.01 secs]
2325.749: [GC [PSYoungGen: 52224K->256K(58880K)] 528073K->476105K(779776K), 0.0112992 secs] [Times: user=0.06 sys=0.00, real=0.01 secs]
2325.749: [GC [PSYoungGen: 52224K->256K(58880K)] 528073K->476105K(779776K), 0.0112992 secs] [Times: user=0.06 sys=0.00, real=0.01 secs]
2325.749: [GC [PSYoungGen: 52224K->256K(58880K)] 528073K->476105K(779776K), 0.0112992 secs] [Times: user=0.06 sys=0.00, real=0.01 secs]
2325.749: [GC [PSYoungGen: 52224K->256K(58880K)] 528073K->476105K(779776K), 0.0112992 secs] [Times: user=0.06 sys=0.00, real=0.01 secs]
2325.749: [GC [PSYoungGen: 52224K->256K(58880K)] 528073K->476105K(779776K), 0.0112992 secs] [Times: user=0.06 sys=0.00, real=0.01 secs]
2325.749: [GC [PSYoungGen: 52224K->256K(58880K)] 528073K->476105K(779776K), 0.0112992 secs] [Times: user=0.06 sys=0.00, real=0.01 secs]
2325.749: [GC [PSYoungGen: 52224K->256K(58880K)] 528073K->476105K(779776K), 0.0112992 secs] [Times: user=0.06 sys=0.00, real=0.01 secs]
2325.749: [GC [PSYoungGen: 52224K->256K(58880K)] 528073K->476105K(779776K), 0.0112992 secs] [Times: user=0.06 sys=0.00, real=0.01 secs]
2325.749: [GC [PSYoungGen: 52224K->256K(58880K)] 528073K->476105K(779776K), 0.0112992 secs] [Times: user=0.06 sys=0.00, real=0.01 secs]
2325.749: [GC [PSYoungGen: 52224K->256K(58880K)] 528073K->476105K(779776K), 0.0112992 secs] [Times: user=0.06 sys=0.00, real=0.01 secs]
2325.749: [GC [PSYoungGen: 52224K->256K(58880K)] 528073K->476105K(779776K), 0.0112992 secs] [Times: user=0.06 sys=0.00, real=0.01 secs]
2325.749: [GC [PSYoungGen: 52224K->256K(58880K)] 528073K->476105K(779776K), 0.0112992 secs] [Times: user=0.06 sys=0.00, real=0.01 secs]
2325.749: [GC [PSYoungGen: 52224K->256K(58880K)] 528073K->476105K(779776K), 0.0112992 secs] [Times: user=0.06 sys=0.00, real=0.01 secs]
2325.749: [GC [PSYoungGen: 52224K->256K(58880K)] 528073K->476105K(779776K), 0.0112992 secs] [Times: user=0.06 sys=0.00, real=0.01 secs]
2325.749: [GC [PSYoungGen: 52224K->256K(58880K)] 528073K->476105K(779776K), 0.0112992 secs] [Times: user=0.06 sys=0.00, real=0.01 secs]
2325.749: [GC [PSYoungGen: 52224K->256K(58880K)] 528073K->476105K(779776K), 0.0112992 secs] [Times: user=0.06 sys=0.00, real=0.01 secs]
2325.749: [GC [PSYoungGen: 52224K->256K(58880K)] 528073K->476105K(779776K), 0.0112992 secs] [Times: user=0.06 sys=0.00, real=0.01 secs]
2325.749: [GC [PSYoungGen: 52224K->256K(58880K)] 528073K->476105K(779776K), 0.0112992 secs] [Times: user=0.06 sys=0.00, real=0.01 secs]
2325.749: [GC [PSYoungGen: 52224K->256K(58880K)] 528073K->476105K(779776K), 0.0112992 secs] [Times: user=0.06 sys=0.00, real=0.01 secs]
2325.749: [GC [PSYoungGen: 52224K->256K(58880K)] 528073K->476105K(779776K), 0.0112992 secs] [Times: user=0.06 sys=0.00, real=0.01 secs]
2325.749: [GC [PSYoungGen: 52224K->256K(58880K)] 528073K->476105K(779776K), 0.0112992 secs] [Times: user=0.06 sys=0.00, real=0.01 secs]
2325.749: [GC [PSYoungGen: 52224K->256K(58880K)] 528073K->476105K(779776K), 0.0112992 secs] [Times: user=0.06 sys=0.00, real=0.01 secs]
2325.749: [GC [PSYoungGen: 52224K->256K(58880K)] 528073K->476105K(779776K), 0.0112992 secs] [Times: user=0.06 sys=0.00, real=0.01 secs]
2325.749: [GC [PSYoungGen: 52224K->256K(58880K)] 528073K->476105K(779776K), 0.0112992 secs] [Times: user=0.06 sys=0.00, real=0.01 secs]
2325.749: [GC [PSYoungGen: 52224K->256K(58880K)] 528073K->476105K(779776K), 0.0112992 secs] [Times: user=0.06 sys=0.00, real=0.01 secs]
2325.749: [GC [PSYoungGen: 52224K->256K(58880K)] 528073K->476105K(779776K), 0.0112992 secs] [Times: user=0.06 sys=0.00, real=0.01 secs]
2325.749: [GC [PSYoungGen: 52224K->256K(58880K)] 528073K->476105K(779776K), 0.0112992 secs] [Times: user=0.06 sys=0.00, real=0.01 secs]
2325.749: [GC [PSYoungGen: 52224K->256K(58880K)] 528073K->476105K(779776K), 0.0112992 secs] [Times: user=0.06 sys=0.00, real=0.01 secs]
2325.749: [GC [PSYoungGen: 52224K->256K(58880K)] 528073K->476105K(779776K), 0.0112992 secs] [Times: user=0.06 sys=0.00, real=0.01 secs]
2325.749: [GC [PSYoungGen: 52224K->256K(58880K)] 528073K->476105K(779776K), 0.0112992 secs] [Times: user=0.06 sys=0.00, real=0.01 secs]
2325.749: [GC [PSYoungGen: 52224K->256K(58880K)] 528073K->476105K(779776K), 0.0112992 secs] [Times: user=0.06 sys=0.00, real=0.01 secs]
2325.749: [GC [PSYoungGen: 52224K->256K(58880K)] 528073K->476105K(779776K), 0.0112992 secs] [Times: user=0.06 sys=0.00, real=0.01 secs]
2325.749: [GC [PSYoungGen: 52224K->256K(58880K)] 528073K->476105K(779776K), 0.0112992 secs] [Times: user=0.06 sys=0.00, real=0.01 secs]
2325.749: [GC [PSYoungGen: 52224K->256K(58880K)] 528073K->476105K(779776K), 0.0112992 secs] [Times: user=0.06 sys=0.00, real=0.01 secs]
2325.749: [GC [PSYoungGen: 52224K->256K(58880K)] 528073K->476105K(779776K), 0.0112992 secs] [Times: user=0.06 sys=0.00, real=0.01 secs]
2325.749: [GC [PSYoungGen: 52224K->256K(58880K)] 528073K->476105K(779776K), 0.0112992 secs] [Times: user=0.06 sys=0.00, real=0.01 secs]
2325.749: [GC [PSYoungGen: 52224K->256K(58880K)] 528073K->476105K(779776K), 0.0112992 secs] [Times: user=0.06 sys=0.00, real=0.01 secs]
2325.749: [GC [PSYoungGen: 52224K->256K(58880K)] 528073K->476105K(779776K), 0.0112992 secs] [Times: user=0.06 sys=0.00, real=0.01 secs]
2325.749: [GC [PSYoungGen: 52224K->256K(58880K)] 528073K->476105K(779776K), 0.0112992 secs] [Times: user=0.06 sys=0.00, real=0.01 secs]
2325.749: [GC [PSYoungGen: 52224K->256K(58880K)] 528073K->476105K(779776K), 0.0112992 secs] [Times: user=0.06 sys=0.00, real=0.01 secs]
2325.749: [GC [PSYoungGen: 52224K->256K(58880K)] 528073K->476105K(779776K), 0.0112992 secs] [Times: user=0.06 sys=0.00, real=0.01 secs]
2325.749: [GC [PSYoungGen: 52224K->256K(58880K)] 528073K->476105K(779776K), 0.0112992 secs] [Times: user=0.06 sys=0.00, real=0.01 secs]
2325.749: [GC [PSYoungGen: 52224K->256K(58880K)] 528073K->476105K(779776K), 0.0112992 secs] [Times: user=0.06 sys=0.00, real=0.01 secs]
2325.749: [GC [PSYoungGen: 52224K->256K(58880K)] 528073K->476105K(779776K), 0.0112992 secs] [Times: user=0.06 sys=0.00, real=0.01 secs]
2325.749: [GC [PSYoungGen: 52224K->256K(58880K)] 528073K->476105K(779776K), 0.0112992 secs] [Times: user=0.06 sys=0.00, real=0.01 secs]
2325.749: [GC [PSYoungGen: 52224K->256K(58880K)] 528073K->476105K(779776K), 0.0112992 secs] [Times: user=0.06 sys=0.00, real=0.01 secs]
2325.749: [GC [PSYoungGen: 52224K->256K(58880K)] 528073K->476105K(779776K), 0.0112992 secs] [Times: user=0.06 sys=0.00, real=0.01 secs]
2325.749: [GC [PSYoungGen: 52224K->256K(58880K)] 528073K->476105K(779776K), 0.0112992 secs] [Times: user=0.06 sys=0.00, real=0.01 secs]
2325.749: [GC [PSYoungGen: 52224K->256K(58880K)] 528073K->476105K(779776K), 0.0112992 secs] [Times: user=0.06 sys=0.00, real=0.01 secs]
2325.749: [GC [PSYoungGen: 52224K->256K(58880K)] 528073K->476105K(779776K), 0.0112992 secs] [Times: user=0.06 sys=0.00, real=0.01 secs]
2325.749: [GC [PSYoungGen: 52224K->256K(58880K)] 528073K->476105K(779776K), 0.0112992 secs] [Times: user=0.06 sys=0.00, real=0.01 secs]
2325.749: [GC [PSYoungGen: 52224K->256K(58880K)] 528073K->476105K(779776K), 0.0112992 secs] [Times: user=0.06 sys=0.00, real=0.01 secs]
2325.749: [GC [PSYoungGen: 52224K->256K(58880K)] 528073K->476105K(779776K), 0.0112992 secs] [Times: user=0.06 sys=0.00, real=0.01 secs]
2325.749: [GC [PSYoungGen: 52224K->256K(58880K)] 528073K->476105K(779776K), 0.0112992 secs] [Times: user=0.06 sys=0.00, real=0.01 secs]
2325.749: [GC [PSYoungGen: 52224K->256K(58880K)] 528073K->476105K(779776K), 0.0112992 secs] [Times: user=0.06 sys=0.00, real=0.01 secs]
2325.749: [GC [PSYoungGen: 52224K->256K(58880K)] 528073K->476105K(779776K), 0.0112992 secs] [Times: user=0.06 sys=0.00, real=0.01 secs]
2325.749: [GC [PSYoungGen: 52224K->256K(58880K)] 528073K->476105K(779776K), 0.0112992 secs] [Times: user=0.06 sys=0.00, real=0.01 secs]
2325.749: [GC [PSYoungGen: 52224K->256K(58880K)] 528073K->476105K(779776K), 0.0112992 secs] [Times: user=0.06 sys=0.00, real=0.01 secs]
2325.749: [GC [PSYoungGen: 52224K->256K(58880K)] 528073K->476105K(779776K), 0.0112992 secs] [Times: user=0.06 sys=0.00, real=0.01 secs]
2325.749: [GC [PSYoungGen: 52224K->256K(58880K)] 528073K->476105K(779776K), 0.0112992 secs] [Times: user=0.06 sys=0.00, real=0.01 secs]
2325.749: [GC [PSYoungGen: 52224K->256K(58880K)] 528073K->476105K(779776K), 0.0112992 secs] [Times: user=0.06 sys=0.00, real=0.01 secs]
2325.749: [GC [PSYoungGen: 52224K->256K(58880K)] 528073K->476105K(779776K), 0.0112992 secs] [Times: user=0.06 sys=0.00, real=0.01 secs]
2325.749: [GC [PSYoungGen: 52224K->256K(58880K)] 528073K->476105K(779776K), 0.0112992 secs] [Times: user=0.06 sys=0.00, real=0.01 secs]
2325.749: [GC [PSYoungGen: 52224K->256K(58880K)] 528073K->476105K(779776K), 0.0112992 secs] [Times: user=0.06 sys=0.00, real=0.01 secs]
2325.749: [GC [PSYoungGen: 52224K->256K(58880K)] 528073K->476105K(779776K), 0.0112992 secs] [Times: user=0.06 sys=0.00, real=0.01 secs]
2325.749: [GC [PSYoungGen: 52224K->256K(58880K)] 528073K->476105K(779776K), 0.0112992 secs] [Times: user=0.06 sys=0.00, real=0.01 secs]
2325.749: [GC [PSYoungGen: 52224K->256K(58880K)] 528073K->476105K(779776K), 0.0112992 secs] [Times: user=0.06 sys=0.00, real=0.01 secs]
2325.749: [GC [PSYoungGen: 52224K->256K(58880K)] 528073K->476105K(779776K), 0.0112992 secs] [Times: user=0.06 sys=0.00, real=0.01 secs]
2325.749: [GC [PSYoungGen: 52224K->256K(58880K)] 528073K->476105K(779776K), 0.0112992 secs] [Times: user=0.06 sys=0.00, real=0.01 secs]
2325.749: [GC [PSYoungGen: 52224K->256K(58880K)] 528073K->476105K(779776K), 0.0112992 secs] [Times: user=0.06 sys=0.00, real=0.01 secs]
2325.749: [GC [PSYoungGen: 52224K->256K(58880K)] 528073K->476105K(779776K), 0.0112992 secs] [Times: user=0.06 sys=0.00, real=0.01 secs]
2325.749: [GC [PSYoungGen: 52224K->256K(58880K)] 528073K->476105K(779776K), 0.0112992 secs] [Times: user=0.06 sys=0.00, real=0.01 secs]
2325.749: [GC [PSYoungGen: 52224K->256K(58880K)] 528073K->476105K(779776K), 0.0112992 secs] [Times: user=0.06 sys=0.00, real=0.01 secs]
2325.749: [GC [PSYoungGen: 52224K->256K(58880K)] 528073K->476105K(779776K), 0.0112992 secs] [Times: user=0.06 sys=0.00, real=0.01 secs]
2325.749: [GC [PSYoungGen: 52224K->256K(58880K)] 528073K->476105K(779776K), 0.0112992 secs] [Times: user=0.06 sys=0.00, real=0.01 secs]
2325.749: [GC [PSYoungGen: 52224K->256K(58880K)] 528073K->476105K(779776K), 0.0112992 secs] [Times: user=0.06 sys=0.00, real=0.01 secs]
2325.749: [GC [PSYoungGen: 52224K->256K(58880K)] 528073K->476105K(779776K), 0.0112992 secs] [Times: user=0.06 sys=0.00, real=0.01 secs]
2325.749: [GC [PSYoungGen: 52224K->256K(58880K)] 528073K->476105K(779776K), 0.0112992 secs] [Times: user=0.06 sys=0.00, real=0.01 secs]
2325.749: [GC [PSYoungGen: 52224K->256K(58880K)] 528073K->476105K(779776K), 0.0112992 secs] [Times: user=0.06 sys=0.00, real=0.01 secs]
2325.749: [GC [PSYoungGen: 52224K->256K(58880K)] 528073K->476105K(779776K), 0.0112992 secs] [Times: user=0.06 sys=0.00, real=0.01 secs]
2325.749: [GC [PSYoungGen: 52224K->256K(58880K)] 528073K->476105K(779776K), 0.0112992 secs] [Times: user=0.06 sys=0.00, real=0.01 secs]
2325.749: [GC [PSYoungGen: 52224K->256K(58880K)] 528073K->476105K(779776K), 0.0112992 secs] [Times: user=0.06 sys=0.00, real=0.01 secs]
2325.749: [GC [PSYoungGen: 52224K->256K(58880K)] 528073K->476105K(779776K), 0.0112992 secs] [Times: user=0.06 sys=0.00, real=0.01 secs]
2325.749: [GC [PSYoungGen: 52224K->256K(58880K)] 528073K->476105K(779776K), 0.0112992 secs] [Times: user=0.06 sys=0.00, real=0.01 secs]
2325.749: [GC [PSYoungGen: 52224K->256K(58880K)] 528073K->476105K(779776K), 0.0112992 secs] [Times: user=0.06 sys=0.00, real=0.01 secs]
2325.749: [GC [PSYoungGen: 52224K->256K(58880K)] 528073K->476105K(779776K), 0.0112992 secs] [Times: user=0.06 sys=0.00, real=0.01 secs]
2325.749: [GC [PSYoungGen: 52224K->256K(58880K)] 528073K->476105K(779776K), 0.0112992 secs] [Times: user=0.06 sys=0.00, real=0.01 secs]
2325.749: [GC [PSYoungGen: 52224K->256K(58880K)] 528073K->476105K(779776K), 0.0112992 secs] [Times: user=0.06 sys=0.00, real=0.01 secs]
2325.749: [GC [PSYoungGen: 52224K->256K(58880K)] 528073K->476105K(779776K), 0.0112992 secs] [Times: user=0.06 sys=0.00, real=0.01 secs]
2325.749: [GC [PSYoungGen: 52224K->256K(58880K)] 528073K->476105K(779776K), 0.0112992 secs] [Times: user=0.06 sys=0.00, real=0.01 secs]
2325.749: [GC [PSYoungGen: 52224K->256K(58880K)] 528073K->476105K(779776K), 0.0112992 secs] [Times: user=0.06 sys=0.00, real=0.01 secs]
2325.749: [GC [PSYoungGen: 52224K->256K(58880K)] 528073K->476105K(779776K), 0.0112992 secs] [Times: user=0.06 sys=0.00, real=0.01 secs]
2325.749: [GC [PSYoungGen: 52224K->256K(58880K)] 528073K->476105K(779776K), 0.0112992 secs] [Times: user=0.06 sys=0.00, real=0.01 secs]
2325.749: [GC [PSYoungGen: 52224K->256K(58880K)] 528073K->476105K(779776K), 0.0112992 secs] [Times: user=0.06 sys=0.00, real=0.01 secs]
2325.749: [GC [PSYoungGen: 52224K->256K(58880K)] 528073K->476105K(779776K), 0.0112992 secs] [Times: user=0.06 sys=0.00, real=0.01 secs]
2325.749: [GC [PSYoungGen: 52224K->256K(58880K)] 528073K->476105K(779776K), 0.0112992 secs] [Times: user=0.06 sys=0.00, real=0.01 secs]
2325.749: [GC [PSYoungGen: 52224K->256K(58880K)] 528073K->476105K(779776K), 0.0112992 secs] [Times: user=0.06 sys=0.00, real=0.01 secs]
2325.749: [GC [PSYoungGen: 52224K->256K(58880K)] 528073K->476105K(779776K), 0.0112992 secs] [Times: user=0.06 sys=0.00, real=0.01 secs]
2325.749: [GC [PSYoungGen: 52224K->256K(58880K)] 528073K->476105K(779776K), 0.0112992 secs] [Times: user=0.06 sys=0.00, real=0.01 secs]
2325.749: [GC [PSYoungGen: 52224K->256K(58880K)] 528073K->476105K(779776K), 0.0112992 secs] [Times: user=0.06 sys=0.00, real=0.01 secs]
2325.749: [GC [PSYoungGen: 52224K->256K(58880K)] 528073K->476105K(779776K), 0.0112992 secs] [Times: user=0.06 sys=0.00, real=0.01 secs]
2325.749: [GC [PSYoungGen: 52224K->256K(58880K)] 528073K->476105K(779776K), 0.0112992 secs] [Times: user=0.06 sys=0.00, real=0.01 secs]
2325.749: [GC [PSYoungGen: 52224K->256K(58880K)] 528073K->476105K(779776K), 0.0112992 secs] [Times: user=0.06 sys=0.00, real=0.01 secs]
2325.749: [GC [PSYoungGen: 52224K->256K(58880K)] 528073K->476105K(779776K), 0.0112992 secs] [Times: user=0.06 sys=0.00, real=0.01 secs]
2325.749: [GC [PSYoungGen: 52224K->256K(58880K)] 528073K->476105K(779776K), 0.0112992 secs] [Times: user=0.06 sys=0.00, real=0.01 secs]
2325.749: [GC [PSYoungGen: 52224K->256K(58880K)] 528073K->476105K(779776K), 0.0112992 secs] [Times: user=0.06 sys=0.00, real=0.01 secs]
2325.749: [GC [PSYoungGen: 52224K->256K(58880K)] 528073K->476105K(779776K), 0.0112992 secs] [Times: user=0.06 sys=0.00, real=0.01 secs]
2325.749: [GC [PSYoungGen: 52224K->256K(58880K)] 528073K->476105K(779776K), 0.0112992 secs] [Times: user=0.06 sys=0.00, real=0.01 secs]
2325.749: [GC [PSYoungGen: 52224K->256K(58880K)] 528073K->476105K(779776K), 0.0112992 secs] [Times: user=0.06 sys=0.00, real=0.01 secs]
2325.749: [GC [PSYoungGen: 52224K->256K(58880K)] 528073K->476105K(779776K), 0.0112992 secs] [Times: user=0.06 sys=0.00, real=0.01 secs]
2325.749: [GC [PSYoungGen: 52224K->256K(58880K)] 528073K->476105K(779776K), 0.0112992 secs] [Times: user=0.06 sys=0.00, real=0.01 secs]
2325.749: [GC [PSYoungGen: 52224K->256K(58880K)] 528073K->476105K(779776K), 0.0112992 secs] [Times: user=0.06 sys=0.00, real=0.01 secs]
2325.749: [GC [PSYoungGen: 52224K->256K(58880K)] 528073K->476105K(779776K), 0.0112992 secs] [Times: user=0.06 sys=0.00, real=0.01 secs]
2325.749: [GC [PSYoungGen: 52224K->256K(58880K)] 528073K->476105K(779776K), 0.0112992 secs] [Times: user=0.06 sys=0.00, real=0.01 secs]
2325.749: [GC [PSYoungGen: 52224K->256K(58880K)] 528073K->476105K(779776K), 0.0112992 secs] [Times: user=0.06 sys=0.00, real=0.01 secs]
2325.749: [GC [PSYoungGen: 52224K->256K(58880K)] 528073K->476105K(779776K), 0.0112992 secs] [Times: user=0.06 sys=0.00, real=0.01 secs]
2325.749: [GC [PSYoungGen: 52224K->256K(58880K)] 528073K->476105K(779776K), 0.0112992 secs] [Times: user=0.06 sys=0.00, real=0.01 secs]
2325.749: [GC [PSYoungGen: 52224K->256K(58880K)] 528073K->476105K(779776K), 0.0112992 secs] [Times: user=0.06 sys=0.00, real=0.01 secs]
2325.749: [GC [PSYoungGen: 52224K->256K(58880K)] 528073K->476105K(779776K), 0.0112992 secs] [Times: user=0.06 sys=0.00, real=0.01 secs]
2325.749: [GC [PSYoungGen: 52224K->256K(58880K)] 528073K->476105K(779776K), 0.0112992 secs] [Times: user=0.06 sys=0.00, real=0.01 secs]
2325.749: [GC [PSYoungGen: 52224K->256K(58880K)] 528073K->476105K(779776K), 0.0112992 secs] [Times: user=0.06 sys=0.00, real=0.01 secs]
2325.749: [GC [PSYoungGen: 52224K->256K(58880K)] 528073K->476105K(779776K), 0.0112992 secs] [Times: user=0.06 sys=0.00, real=0.01 secs]
2325.749: [GC [PSYoungGen: 52224K->256K(58880K)] 528073K->476105K(779776K), 0.0112992 secs] [Times: user=0.06 sys=0.00, real=0.01 secs]
2325.749: [GC [PSYoungGen: 52224K->256K(58880K)] 528073K->476105K(779776K), 0.0112992 secs] [Times: user=0.06 sys=0.00, real=0.01 secs]
2325.749: [GC [PSYoungGen: 52224K->256K(58880K)] 528073K->476105K(779776K), 0.0112992 secs] [Times: user=0.06 sys=0.00, real=0.01 secs]
2325.749: [GC [PSYoungGen: 52224K->256K(58880K)] 528073K->476105K(779776K), 0.0112992 secs] [Times: user=0.06 sys=0.00, real=0.01 secs]
2325.749: [GC [PSYoungGen: 52224K->256K(58880K)] 528073K->476105K(779776K), 0.0112992 secs] [Times: user=0.06 sys=0.00, real=0.01 secs]
2325.749: [GC [PSYoungGen: 52224K->256K(58880K)] 528073K->476105K(779776K), 0.0112992 secs] [Times: user=0.06 sys=0.00, real=0.01 secs]
2325.749: [GC [PSYoungGen: 52224K->256K(58880K)] 528073K->476105K(779776K), 0.0112992 secs] [Times: user=0.06 sys=0.00, real=0.01 secs]
2325.749: [GC [PSYoungGen: 52224K->256K(58880K)] 528073K->476105K(779776K), 0.0112992 secs] [Times: user=0.06 sys=0.00, real=0.01 secs]
2325.749: [GC [PSYoungGen: 52224K->256K(58880K)] 528073K->476105K(779776K), 0.0112992 secs] [Times: user=0.06 sys=0.00, real=0.01 secs]
2325.749: [GC [PSYoungGen: 52224K->256K(58880K)] 528073K->476105K(779776K), 0.0112992 secs] [Times: user=0.06 sys=0.00, real=0.01 secs]
2325.749: [GC [PSYoungGen: 52224K->256K(58880K)] 528073K->476105K(779776K), 0.0112992 secs] [Times: user=0.06 sys=0.00, real=0.01 secs]
2325.749: [GC [PSYoungGen: 52224K->256K(58880K)] 528073K->476105K(779776K), 0.0112992 secs] [Times: user=0.06 sys=0.00, real=0.01 secs]
2325.749: [GC [PSYoungGen: 52224K->256K(58880K)] 528073K->476105K(779776K), 0.0112992 secs] [Times: user=0.06 sys=0.00, real=0.01 secs]
2325.749: [GC [PSYoungGen: 52224K->256K(58880K)] 528073K->476105K(779776K), 0.0112992 secs] [Times: user=0.06 sys=0.00, real=0.01 secs]
2325.749: [GC [PSYoungGen: 52224K->256K(58880K)] 528073K->476105K(779776K), 0.0112992 secs] [Times: user=0.06 sys=0.00, real=0.01 secs]
2325.749: [GC [PSYoungGen: 52224K->256K(58880K)] 528073K->476105K(779776K), 0.0112992 secs] [Times: user=0.06 sys=0.00, real=0.01 secs]
2325.749: [GC [PSYoungGen: 52224K->256K(58880K)] 528073K->476105K(779776K), 0.0112992 secs] [Times: user=0.06 sys=0.00, real=0.01 secs]
2325.749: [GC [PSYoungGen: 52224K->256K(58880K)] 528073K->476105K(779776K), 0.0112992 secs] [Times: user=0.06 sys=0.00, real=0.01 secs]
2325.749: [GC [PSYoungGen: 52224K->256K(58880K)] 528073K->476105K(779776K), 0.0112992 secs] [Times: user=0.06 sys=0.00, real=0.01 secs]
2325.749: [GC [PSYoungGen: 52224K->256K(58880K)] 528073K->476105K(779776K), 0.0112992 secs] [Times: user=0.06 sys=0.00, real=0.01 secs]
2325.749: [GC [PSYoungGen: 52224K->256K(58880K)] 528073K->476105K(779776K), 0.0112992 secs] [Times: user=0.06 sys=0.00, real=0.01 secs]
2325.749: [GC [PSYoungGen: 52224K->256K(58880K)] 528073K->476105K(779776K), 0.0112992 secs] [Times: user=0.06 sys=0.00, real=0.01 secs]
2325.749: [GC [PSYoungGen: 52224K->256K(58880K)] 528073K->476105K(779776K), 0.0112992 secs] [Times: user=0.06 sys=0.00, real=0.01 secs]
2325.749: [GC [PSYoungGen: 52224K->256K(58880K)] 528073K->476105K(779776K), 0.0112992 secs] [Times: user=0.06 sys=0.00, real=0.01 secs]
2325.749: [GC [PSYoungGen: 52224K->256K(58880K)] 528073K->476105K(779776K), 0.0112992 secs] [Times: user=0.06 sys=0.00, real=0.01 secs]
2325.749: [GC [PSYoungGen: 52224K->256K(58880K)] 528073K->476105K(779776K), 0.0112992 secs] [Times: user=0.06 sys=0.00, real=0.01 secs]
2325.749: [GC [PSYoungGen: 52224K->256K(58880K)] 528073K->476105K(779776K), 0.0112992 secs] [Times: user=0.06 sys=0.00, real=0.01 secs]
2325.749: [GC [PSYoungGen: 52224K->256K(58880K)] 528073K->476105K(779776K), 0.0112992 secs] [Times: user=0.06 sys=0.00, real=0.01 secs]
2325.749: [GC [PSYoungGen: 52224K->256K(58880K)] 528073K->476105K(779776K), 0.0112992 secs] [Times: user=0.06 sys=0.00, real=0.01 secs]
2325.749: [GC [PSYoungGen: 52224K->256K(58880K)] 528073K->476105K(779776K), 0.0112992 secs] [Times: user=0.06 sys=0.00, real=0.01 secs]
2325.749: [GC [PSYoungGen: 52224K->256K(58880K)] 528073K->476105K(779776K), 0.0112992 secs] [Times: user=0.06 sys=0.00, real=0.01 secs]
2325.749: [GC [PSYoungGen: 52224K->256K(58880K)] 528073K->476105K(779776K), 0.0112992 secs] [Times: user=0.06 sys=0.00, real=0.01 secs]
2325.749: [GC [PSYoungGen: 52224K->256K(58880K)] 528073K->476105K(779776K), 0.0112992 secs] [Times: user=0.06 sys=0.00, real=0.01 secs]
2325.749: [GC [PSYoungGen: 52224K->256K(58880K)] 528073K->476105K(779776K), 0.0112992 secs] [Times: user=0.06 sys=0.00, real=0.01 secs]
2325.749: [GC [PSYoungGen: 52224K->256K(58880K)] 528073K->476105K(779776K), 0.0112992 secs] [Times: user=0.06 sys=0.00, real=0.01 secs]
2325.749: [GC [PSYoungGen: 52224K->256K(58880K)] 528073K->476105K(779776K), 0.0112992 secs] [Times: user=0.06 sys=0.00, real=0.01 secs]
2325.749: [GC [PSYoungGen: 52224K->256K(58880K)] 528073K->476105K(779776K), 0.0112992 secs] [Times: user=0.06 sys=0.00, real=0.01 secs]
2325.749: [GC [PSYoungGen: 52224K->256K(58880K)] 528073K->476105K(779776K), 0.0112992 secs] [Times: user=0.06 sys=0.00, real=0.01 secs]
2325.749: [GC [PSYoungGen: 52224K->256K(58880K)] 528073K->476105K(779776K), 0.0112992 secs] [Times: user=0.06 sys=0.00, real=0.01 secs]
2325.749: [GC [PSYoungGen: 52224K->256K(58880K)] 528073K->476105K(779776K), 0.0112992 secs] [Times: user=0.06 sys=0.00, real=0.01 secs]
2325.749: [GC [PSYoungGen: 52224K->256K(58880K)] 528073K->476105K(779776K), 0.0112992 secs] [Times: user=0.06 sys=0.00, real=0.01 secs]
2325.749: [GC [PSYoungGen: 52224K->256K(58880K)] 528073K->476105K(779776K), 0.0112992 secs] [Times: user=0.06 sys=0.00, real=0.01 secs]
2325.749: [GC [PSYoungGen: 52224K->256K(58880K)] 528073K->476105K(779776K), 0.0112992 secs] [Times: user=0.06 sys=0.00, real=0.01 secs]
2325.749: [GC [PSYoungGen: 52224K->256K(58880K)] 528073K->476105K(779776K), 0.0112992 secs] [Times: user=0.06 sys=0.00, real=0.01 secs]
2325.749: [GC [PSYoungGen: 52224K->256K(58880K)] 528073K->476105K(779776K), 0.0112992 secs] [Times: user=0.06 sys=0.00, real=0.01 secs]
2325.749: [GC [PSYoungGen: 52224K->256K(58880K)] 528073K->476105K(779776K), 0.0112992 secs] [Times: user=0.06 sys=0.00, real=0.01 secs]
2325.749: [GC [PSYoungGen: 52224K->256K(58880K)] 528073K->476105K(779776K), 0.0112992 secs] [Times: user=0.06 sys=0.00, real=0.01 secs]
2325.749: [GC [PSYoungGen: 52224K->256K(58880K)] 528073K->476105K(779776K), 0.0112992 secs] [Times: user=0.06 sys=0.00, real=0.01 secs]
2325.749: [GC [PSYoungGen: 52224K->256K(58880K)] 528073K->476105K(779776K), 0.0112992 secs] [Times: user=0.06 sys=0.00, real=0.01 secs]
2325.749: [GC [PSYoungGen: 52224K->256K(58880K)] 528073K->476105K(779776K), 0.0112992 secs] [Times: user=0.06 sys=0.00, real=0.01 secs]
2325.749: [GC [PSYoungGen: 52224K->256K(58880K)] 528073K->476105K(779776K), 0.0112992 secs] [Times: user=0.06 sys=0.00, real=0.01 secs]
2325.749: [GC [PSYoungGen: 52224K->256K(58880K)] 528073K->476105K(779776K), 0.0112992 secs] [Times: user=0.06 sys=0.00, real=0.01 secs]
2325.749: [GC [PSYoungGen: 52224K->256K(58880K)] 528073K->476105K(779776K), 0.0112992 secs] [Times: user=0.06 sys=0.00, real=0.01 secs]
2325.749: [GC [PSYoungGen: 52224K->256K(58880K)] 528073K->476105K(779776K), 0.0112992 secs] [Times: user=0.06 sys=0.00, real=0.01 secs]
2325.749: [GC [PSYoungGen: 52224K->256K(58880K)] 528073K->476105K(779776K), 0.0112992 secs] [Times: user=0.06 sys=0.00, real=0.01 secs]
2325.749: [GC [PSYoungGen: 52224K->256K(58880K)] 528073K->476105K(779776K), 0.0112992 secs] [Times: user=0.06 sys=0.00, real=0.01 secs]
2325.749: [GC [PSYoungGen: 52224K->256K(58880K)] 528073K->476105K(779776K), 0.0112992 secs] [Times: user=0.06 sys=0.00, real=0.01 secs]
2325.749: [GC [PSYoungGen: 52224K->256K(58880K)] 528073K->476105K(779776K), 0.0112992 secs] [Times: user=0.06 sys=0.00, real=0.01 secs]
2325.749: [GC [PSYoungGen: 52224K->256K(58880K)] 528073K->476105K(779776K), 0.0112992 secs] [Times: user=0.06 sys=0.00, real=0.01 secs]
2325.749: [GC [PSYoungGen: 52224K->256K(58880K)] 528073K->476105K(779776K), 0.0112992 secs] [Times: user=0.06 sys=0.00, real=0.01 secs]
2325.749: [GC [PSYoungGen: 52224K->256K(58880K)] 528073K->476105K(779776K), 0.0112992 secs] [Times: user=0.06 sys=0.00, real=0.01 secs]
2325.749: [GC [PSYoungGen: 52224K->256K(58880K)] 528073K->476105K(779776K), 0.0112992 secs] [Times: user=0.06 sys=0.00, real=0.01 secs]
2325.749: [GC [PSYoungGen: 52224K->256K(58880K)] 528073K->476105K(779776K), 0.0112992 secs] [Times: user=0.06 sys=0.00, real=0.01 secs]
2325.749: [GC [PSYoungGen: 52224K->256K(58880K)] 528073K->476105K(779776K), 0.0112992 secs] [Times: user=0.06 sys=0.00, real=0.01 secs]
2325.749: [GC [PSYoungGen: 52224K->256K(58880K)] 528073K->476105K(779776K), 0.0112992 secs] [Times: user=0.06 sys=0.00, real=0.01 secs]
2325.749: [GC [PSYoungGen: 52224K->256K(58880K)] 528073K->476105K(779776K), 0.0112992 secs] [Times: user=0.06 sys=0.00, real=0.01 secs]
2325.749: [GC [PSYoungGen: 52224K->256K(58880K)] 528073K->476105K(779776K), 0.0112992 secs] [Times: user=0.06 sys=0.00, real=0.01 secs]
2325.749: [GC [PSYoungGen: 52224K->256K(58880K)] 528073K->476105K(779776K), 0.0112992 secs] [Times: user=0.06 sys=0.00, real=0.01 secs]
2325.749: [GC [PSYoungGen: 52224K->256K(58880K)] 528073K->476105K(779776K), 0.0112992 secs] [Times: user=0.06 sys=0.00, real=0.01 secs]
2325.749: [GC [PSYoungGen: 52224K->256K(58880K)] 528073K->476105K(779776K), 0.0112992 secs] [Times: user=0.06 sys=0.00, real=0.01 secs]
2325.749: [GC [PSYoungGen: 52224K->256K(58880K)] 528073K->476105K(779776K), 0.0112992 secs] [Times: user=0.06 sys=0.00, real=0.01 secs]
2325.749: [GC [PSYoungGen: 52224K->256K(58880K)] 528073K->476105K(779776K), 0.0112992 secs] [Times: user=0.06 sys=0.00, real=0.01 secs]
2325.749: [GC [PSYoungGen: 52224K->256K(58880K)] 528073K->476105K(779776K), 0.0112992 secs] [Times: user=0.06 sys=0.00, real=0.01 secs]
2325.749: [GC [PSYoungGen: 52224K->256K(58880K)] 528073K->476105K(779776K), 0.0112992 secs] [Times: user=0.06 sys=0.00, real=0.01 secs]
2325.749: [GC [PSYoungGen: 52224K->256K(58880K)] 528073K->476105K(779776K), 0.0112992 secs] [Times: user=0.06 sys=0.00, real=0.01 secs]
2325.749: [GC [PSYoungGen: 52224K->256K(58880K)] 528073K->476105K(779776K), 0.0112992 secs] [Times: user=0.06 sys=0.00, real=0.01 secs]
2325.749: [GC [PSYoungGen: 52224K->256K(58880K)] 528073K->476105K(779776K), 0.0112992 secs] [Times: user=0.06 sys=0.00, real=0.01 secs]
2325.749: [GC [PSYoungGen: 52224K->256K(58880K)] 528073K->476105K(779776K), 0.0112992 secs] [Times: user=0.06 sys=0.00, real=0.01 secs]
2325.749: [GC [PSYoungGen: 52224K->256K(58880K)] 528073K->476105K(779776K), 0.0112992 secs] [Times: user=0.06 sys=0.00, real=0.01 secs]
2325.749: [GC [PSYoungGen: 52224K->256K(58880K)] 528073K->476105K(779776K), 0.0112992 secs] [Times: user=0.06 sys=0.00, real=0.01 secs]
2325.749: [GC [PSYoungGen: 52224K->256K(58880K)] 528073K->476105K(779776K), 0.0112992 secs] [Times: user=0.06 sys=0.00, real=0.01 secs]
2325.749: [GC [PSYoungGen: 52224K->256K(58880K)] 528073K->476105K(779776K), 0.0112992 secs] [Times: user=0.06 sys=0.00, real=0.01 secs]
2325.749: [GC [PSYoungGen: 52224K->256K(58880K)] 528073K->476105K(779776K), 0.0112992 secs] [Times: user=0.06 sys=0.00, real=0.01 secs]
2325.749: [GC [PSYoungGen: 52224K->256K(58880K)] 528073K->476105K(779776K), 0.0112992 secs] [Times: user=0.06 sys=0.00, real=0.01 secs]
2325.749: [GC [PSYoungGen: 52224K->256K(58880K)] 528073K->476105K(779776K), 0.0112992 secs] [Times: user=0.06 sys=0.00, real=0.01 secs]
2325.749: [GC [PSYoungGen: 52224K->256K(58880K)] 528073K->476105K(779776K), 0.0112992 secs] [Times: user=0.06 sys=0.00, real=0.01 secs]
2325.749: [GC [PSYoungGen: 52224K->256K(58880K)] 528073K->476105K(779776K), 0.0112992 secs] [Times: user=0.06 sys=0.00, real=0.01 secs]
2325.749: [GC [PSYoungGen: 52224K->256K(58880K)] 528073K->476105K(779776K), 0.0112992 secs] [Times: user=0.06 sys=0.00, real=0.01 secs]
2325.749: [GC [PSYoungGen: 52224K->256K(58880K)] 528073K->476105K(779776K), 0.0112992 secs] [Times: user=0.06 sys=0.00, real=0.01 secs]
2325.749: [GC [PSYoungGen: 52224K->256K(58880K)] 528073K->476105K(779776K), 0.0112992 secs] [Times: user=0.06 sys=0.00, real=0.01 secs]
2325.749: [GC [PSYoungGen: 52224K->256K(58880K)] 528073K->476105K(779776K), 0.0112992 secs] [Times: user=0.06 sys=0.00, real=0.01 secs]
2325.749: [GC [PSYoungGen: 52224K->256K(58880K)] 528073K->476105K(779776K), 0.0112992 secs] [Times: user=0.06 sys=0.00, real=0.01 secs]
2325.749: [GC [PSYoungGen: 52224K->256K(58880K)] 528073K->476105K(779776K), 0.0112992 secs] [Times: user=0.06 sys=0.00, real=0.01 secs]
2325.749: [GC [PSYoungGen: 52224K->256K(58880K)] 528073K->476105K(779776K), 0.0112992 secs] [Times: user=0.06 sys=0.00, real=0.01 secs]
2325.749: [GC [PSYoungGen: 52224K->256K(58880K)] 528073K->476105K(779776K), 0.0112992 secs] [Times: user=0.06 sys=0.00, real=0.01 secs]
2325.749: [GC [PSYoungGen: 52224K->256K(58880K)] 528073K->476105K(779776K), 0.0112992 secs] [Times: user=0.06 sys=0.00, real=0.01 secs]
2325.749: [GC [PSYoungGen: 52224K->256K(58880K)] 528073K->476105K(779776K), 0.0112992 secs] [Times: user=0.06 sys=0.00, real=0.01 secs]
2325.749: [GC [PSYoungGen: 52224K->256K(58880K)] 528073K->476105K(779776K), 0.0112992 secs] [Times: user=0.06 sys=0.00, real=0.01 secs]
2325.749: [GC [PSYoungGen: 52224K->256K(58880K)] 528073K->476105K(779776K), 0.0112992 secs] [Times: user=0.06 sys=0.00, real=0.01 secs]
2325.749: [GC [PSYoungGen: 52224K->256K(58880K)] 528073K->476105K(779776K), 0.0112992 secs] [Times: user=0.06 sys=0.00, real=0.01 secs]
2325.749: [GC [PSYoungGen: 52224K->256K(58880K)] 528073K->476105K(779776K), 0.0112992 secs] [Times: user=0.06 sys=0.00, real=0.01 secs]
2325.749: [GC [PSYoungGen: 52224K->256K(58880K)] 528073K->476105K(779776K), 0.0112992 secs] [Times: user=0.06 sys=0.00, real=0.01 secs]
2325.749: [GC [PSYoungGen: 52224K->256K(58880K)] 528073K->476105K(779776K), 0.0112992 secs] [Times: user=0.06 sys=0.00, real=0.01 secs]
2325.749: [GC [PSYoungGen: 52224K->256K(58880K)] 528073K->476105K(779776K), 0.0112992 secs] [Times: user=0.06 sys=0.00, real=0.01 secs]
2325.749: [GC [PSYoungGen: 52224K->256K(58880K)] 528073K->476105K(779776K), 0.0112992 secs] [Times: user=0.06 sys=0.00, real=0.01 secs]
2325.749: [GC [PSYoungGen: 52224K->256K(58880K)] 528073K->476105K(779776K), 0.0112992 secs] [Times: user=0.06 sys=0.00, real=0.01 secs]
2325.749: [GC [PSYoungGen: 52224K->256K(58880K)] 528073K->476105K(779776K), 0.0112992 secs] [Times: user=0.06 sys=0.00, real=0.01 secs]
2325.749: [GC [PSYoungGen: 52224K->256K(58880K)] 528073K->476105K(779776K), 0.0112992 secs] [Times: user=0.06 sys=0.00, real=0.01 secs]
2325.749: [GC [PSYoungGen: 52224K->256K(58880K)] 528073K->476105K(779776K), 0.0112992 secs] [Times: user=0.06 sys=0.00, real=0.01 secs]
2325.749: [GC [PSYoungGen: 52224K->256K(58880K)] 528073K->476105K(779776K), 0.0112992 secs] [Times: user=0.06 sys=0.00, real=0.01 secs]
2325.749: [GC [PSYoungGen: 52224K->256K(58880K)] 528073K->476105K(779776K), 0.0112992 secs] [Times: user=0.06 sys=0.00, real=0.01 secs]
2325.749: [GC [PSYoungGen: 52224K->256K(58880K)] 528073K->476105K(779776K), 0.0112992 secs] [Times: user=0.06 sys=0.00, real=0.01 secs]
2325.749: [GC [PSYoungGen: 52224K->256K(58880K)] 528073K->476105K(779776K), 0.0112992 secs] [Times: user=0.06 sys=0.00, real=0.01 secs]
2325.749: [GC [PSYoungGen: 52224K->256K(58880K)] 528073K->476105K(779776K), 0.0112992 secs] [Times: user=0.06 sys=0.00, real=0.01 secs]
2325.749: [GC [PSYoungGen: 52224K->256K(58880K)] 528073K->476105K(779776K), 0.0112992 secs] [Times: user=0.06 sys=0.00, real=0.01 secs]
2325.749: [GC [PSYoungGen: 52224K->256K(58880K)] 528073K->476105K(779776K), 0.0112992 secs] [Times: user=0.06 sys=0.00, real=0.01 secs]
2325.749: [GC [PSYoungGen: 52224K->256K(58880K)] 528073K->476105K(779776K), 0.0112992 secs] [Times: user=0.06 sys=0.00, real=0.01 secs]
2325.749: [GC [PSYoungGen: 52224K->256K(58880K)] 528073K->476105K(779776K), 0.0112992 secs] [Times: user=0.06 sys=0.00, real=0.01 secs]
2325.749: [GC [PSYoungGen: 52224K->256K(58880K)] 528073K->476105K(779776K), 0.0112992 secs] [Times: user=0.06 sys=0.00, real=0.01 secs]
2325.749: [GC [PSYoungGen: 52224K->256K(58880K)] 528073K->476105K(779776K), 0.0112992 secs] [Times: user=0.06 sys=0.00, real=0.01 secs]
2325.749: [GC [PSYoungGen: 52224K->256K(58880K)] 528073K->476105K(779776K), 0.0112992 secs] [Times: user=0.06 sys=0.00, real=0.01 secs]
2325.749: [GC [PSYoungGen: 52224K->256K(58880K)] 528073K->476105K(779776K), 0.0112992 secs] [Times: user=0.06 sys=0.00, real=0.01 secs]
2325.749: [GC [PSYoungGen: 52224K->256K(58880K)] 528073K->476105K(779776K), 0.0112992 secs] [Times: user=0.06 sys=0.00, real=0.01 secs]
2325.749: [GC [PSYoungGen: 52224K->256K(58880K)] 528073K->476105K(779776K), 0.0112992 secs] [Times: user=0.06 sys=0.00, real=0.01 secs]
2325.749: [GC [PSYoungGen: 52224K->256K(58880K)] 528073K->476105K(779776K), 0.0112992 secs] [Times: user=0.06 sys=0.00, real=0.01 secs]
2325.749: [GC [PSYoungGen: 52224K->256K(58880K)] 528073K->476105K(779776K), 0.0112992 secs] [Times: user=0.06 sys=0.00, real=0.01 secs]
2325.749: [GC [PSYoungGen: 52224K->256K(58880K)] 528073K->476105K(779776K), 0.0112992 secs] [Times: user=0.06 sys=0.00, real=0.01 secs]
2325.749: [GC [PSYoungGen: 52224K->256K(58880K)] 528073K->476105K(779776K), 0.0112992 secs] [Times: user=0.06 sys=0.00, real=0.01 secs]
2325.749: [GC [PSYoungGen: 52224K->256K(58880K)] 528073K->476105K(779776K), 0.0112992 secs] [Times: user=0.06 sys=0.00, real=0.01 secs]
2325.749: [GC [PSYoungGen: 52224K->256K(58880K)] 528073K->476105K(779776K), 0.0112992 secs] [Times: user=0.06 sys=0.00, real=0.01 secs]
2325.749: [GC [PSYoungGen: 52224K->256K(58880K)] 528073K->476105K(779776K), 0.0112992 secs] [Times: user=0.06 sys=0.00, real=0.01 secs]
2325.749: [GC [PSYoungGen: 52224K->256K(58880K)] 528073K->476105K(779776K), 0.0112992 secs] [Times: user=0.06 sys=0.00, real=0.01 secs]
2325.749: [GC [PSYoungGen: 52224K->256K(58880K)] 528073K->476105K(779776K), 0.0112992 secs] [Times: user=0.06 sys=0.00, real=0.01 secs]
2325.749: [GC [PSYoungGen: 52224K->256K(58880K)] 528073K->476105K(779776K), 0.0112992 secs] [Times: user=0.06 sys=0.00, real=0.01 secs]
2325.749: [GC [PSYoungGen: 52224K->256K(58880K)] 528073K->476105K(779776K), 0.0112992 secs] [Times: user=0.06 sys=0.00, real=0.01 secs]
2325.749: [GC [PSYoungGen: 52224K->256K(58880K)] 528073K->476105K(779776K), 0.0112992 secs] [Times: user=0.06 sys=0.00, real=0.01 secs]
2325.749: [GC [PSYoungGen: 52224K->256K(58880K)] 528073K->476105K(779776K), 0.0112992 secs] [Times: user=0.06 sys=0.00, real=0.01 secs]
2325.749: [GC [PSYoungGen: 52224K->256K(58880K)] 528073K->476105K(779776K), 0.0112992 secs] [Times: user=0.06 sys=0.00, real=0.01 secs]
2325.749: [GC [PSYoungGen: 52224K->256K(58880K)] 528073K->476105K(779776K), 0.0112992 secs] [Times: user=0.06 sys=0.00, real=0.01 secs]
2325.749: [GC [PSYoungGen: 52224K->256K(58880K)] 528073K->476105K(779776K), 0.0112992 secs] [Times: user=0.06 sys=0.00, real=0.01 secs]
2325.749: [GC [PSYoungGen: 52224K->256K(58880K)] 528073K->476105K(779776K), 0.0112992 secs] [Times: user=0.06 sys=0.00, real=0.01 secs]
2325.749: [GC [PSYoungGen: 52224K->256K(58880K)] 528073K->476105K(779776K), 0.0112992 secs] [Times: user=0.06 sys=0.00, real=0.01 secs]
2325.749: [GC [PSYoungGen: 52224K->256K(58880K)] 528073K->476105K(779776K), 0.0112992 secs] [Times: user=0.06 sys=0.00, real=0.01 secs]
2325.749: [GC [PSYoungGen: 52224K->256K(58880K)] 528073K->476105K(779776K), 0.0112992 secs] [Times: user=0.06 sys=0.00, real=0.01 secs]
2325.749: [GC [PSYoungGen: 52224K->256K(58880K)] 528073K->476105K(779776K), 0.0112992 secs] [Times: user=0.06 sys=0.00, real=0.01 secs]
2325.749: [GC [PSYoungGen: 52224K->256K(58880K)] 528073K->476105K(779776K), 0.0112992 secs] [Times: user=0.06 sys=0.00, real=0.01 secs]
2325.749: [GC [PSYoungGen: 52224K->256K(58880K)] 528073K->476105K(779776K), 0.0112992 secs] [Times: user=0.06 sys=0.00, real=0.01 secs]
2325.749: [GC [PSYoungGen: 52224K->256K(58880K)] 528073K->476105K(779776K), 0.0112992 secs] [Times: user=0.06 sys=0.00, real=0.01 secs]
2325.749: [GC [PSYoungGen: 52224K->256K(58880K)] 528073K->476105K(779776K), 0.0112992 secs] [Times: user=0.06 sys=0.00, real=0.01 secs]
2325.749: [GC [PSYoungGen: 52224K->256K(58880K)] 528073K->476105K(779776K), 0.0112992 secs] [Times: user=0.06 sys=0.00, real=0.01 secs]
2325.749: [GC [PSYoungGen: 52224K->256K(58880K)] 528073K->476105K(779776K), 0.0112992 secs] [Times: user=0.06 sys=0.00, real=0.01 secs]
2325.749: [GC [PSYoungGen: 52224K->256K(58880K)] 528073K->476105K(779776K), 0.0112992 secs] [Times: user=0.06 sys=0.00, real=0.01 secs]
2325.749: [GC [PSYoungGen: 52224K->256K(58880K)] 528073K->476105K(779776K), 0.0112992 secs] [Times: user=0.06 sys=0.00, real=0.01 secs]
2325.749: [GC [PSYoungGen: 52224K->256K(58880K)] 528073K->476105K(779776K), 0.0112992 secs] [Times: user=0.06 sys=0.00, real=0.01 secs]
2325.749: [GC [PSYoungGen: 52224K->256K(58880K)] 528073K->476105K(779776K), 0.0112992 secs] [Times: user=0.06 sys=0.00, real=0.01 secs]
2325.749: [GC [PSYoungGen: 52224K->256K(58880K)] 528073K->476105K(779776K), 0.0112992 secs] [Times: user=0.06 sys=0.00, real=0.01 secs]
2325.749: [GC [PSYoungGen: 52224K->256K(58880K)] 528073K->476105K(779776K), 0.0112992 secs] [Times: user=0.06 sys=0.00, real=0.01 secs]
2325.749: [GC [PSYoungGen: 52224K->256K(58880K)] 528073K->476105K(779776K), 0.0112992 secs] [Times: user=0.06 sys=0.00, real=0.01 secs]
2325.749: [GC [PSYoungGen: 52224K->256K(58880K)] 528073K->476105K(779776K), 0.0112992 secs] [Times: user=0.06 sys=0.00, real=0.01 secs]
2325.749: [GC [PSYoungGen: 52224K->256K(58880K)] 528073K->476105K(779776K), 0.0112992 secs] [Times: user=0.06 sys=0.00, real=0.01 secs]
2325.749: [GC [PSYoungGen: 52224K->256K(58880K)] 528073K->476105K(779776K), 0.0112992 secs] [Times: user=0.06 sys=0.00, real=0.01 secs]
2325.749: [GC [PSYoungGen: 52224K->256K(58880K)] 528073K->476105K(779776K), 0.0112992 secs] [Times: user=0.06 sys=0.00, real=0.01 secs]
2325.749: [GC [PSYoungGen: 52224K->256K(58880K)] 528073K->476105K(779776K), 0.0112992 secs] [Times: user=0.06 sys=0.00, real=0.01 secs]
2325.749: [GC [PSYoungGen: 52224K->256K(58880K)] 528073K->476105K(779776K), 0.0112992 secs] [Times: user=0.06 sys=0.00, real=0.01 secs]
2325.749: [GC [PSYoungGen: 52224K->256K(58880K)] 528073K->476105K(779776K), 0.0112992 secs] [Times: user=0.06 sys=0.00, real=0.01 secs]
2325.749: [GC [PSYoungGen: 52224K->256K(58880K)] 528073K->476105K(779776K), 0.0112992 secs] [Times: user=0.06 sys=0.00, real=0.01 secs]
2325.749: [GC [PSYoungGen: 52224K->256K(58880K)] 528073K->476105K(779776K), 0.0112992 secs] [Times: user=0.06 sys=0.00, real=0.01 secs]
2325.749: [GC [PSYoungGen: 52224K->256K(58880K)] 528073K->476105K(779776K), 0.0112992 secs] [Times: user=0.06 sys=0.00, real=0.01 secs]
2325.749: [GC [PSYoungGen: 52224K->256K(58880K)] 528073K->476105K(779776K), 0.0112992 secs] [Times: user=0.06 sys=0.00, real=0.01 secs]
2325.749: [GC [PSYoungGen: 52224K->256K(58880K)] 528073K->476105K(779776K), 0.0112992 secs] [Times: user=0.06 sys=0.00, real=0.01 secs]
2325.749: [GC [PSYoungGen: 52224K->256K(58880K)] 528073K->476105K(779776K), 0.0112992 secs] [Times: user=0.06 sys=0.00, real=0.01 secs]
2325.749: [GC [PSYoungGen: 52224K->256K(58880K)] 528073K->476105K(779776K), 0.0112992 secs] [Times: user=0.06 sys=0.00, real=0.01 secs]
2325.749: [GC [PSYoungGen: 52224K->256K(58880K)] 528073K->476105K(779776K), 0.0112992 secs] [Times: user=0.06 sys=0.00, real=0.01 secs]
2325.749: [GC [PSYoungGen: 52224K->256K(58880K)] 528073K->476105K(779776K), 0.0112992 secs] [Times: user=0.06 sys=0.00, real=0.01 secs]
2325.749: [GC [PSYoungGen: 52224K->256K(58880K)] 528073K->476105K(779776K), 0.0112992 secs] [Times: user=0.06 sys=0.00, real=0.01 secs]
2325.749: [GC [PSYoungGen: 52224K->256K(58880K)] 528073K->476105K(779776K), 0.0112992 secs] [Times: user=0.06 sys=0.00, real=0.01 secs]
2325.749: [GC [PSYoungGen: 52224K->256K(58880K)] 528073K->476105K(779776K), 0.0112992 secs] [Times: user=0.06 sys=0.00, real=0.01 secs]
2325.749: [GC [PSYoungGen: 52224K->256K(58880K)] 528073K->476105K(779776K), 0.0112992 secs] [Times: user=0.06 sys=0.00, real=0.01 secs]
2325.749: [GC [PSYoungGen: 52224K->256K(58880K)] 528073K->476105K(779776K), 0.0112992 secs] [Times: user=0.06 sys=0.00, real=0.01 secs]
2325.749: [GC [PSYoungGen: 52224K->256K(58880K)] 528073K->476105K(779776K), 0.0112992 secs] [Times: user=0.06 sys=0.00, real=0.01 secs]
2325.749: [GC [PSYoungGen: 52224K->256K(58880K)] 528073K->476105K(779776K), 0.0112992 secs] [Times: user=0.06 sys=0.00, real=0.01 secs]
2325.749: [GC [PSYoungGen: 52224K->256K(58880K)] 528073K->476105K(779776K), 0.0112992 secs] [Times: user=0.06 sys=0.00, real=0.01 secs]
2325.749: [GC [PSYoungGen: 52224K->256K(58880K)] 528073K->476105K(779776K), 0.0112992 secs] [Times: user=0.06 sys=0.00, real=0.01 secs]
2325.749: [GC [PSYoungGen: 52224K->256K(58880K)] 528073K->476105K(779776K), 0.0112992 secs] [Times: user=0.06 sys=0.00, real=0.01 secs]
2325.749: [GC [PSYoungGen: 52224K->256K(58880K)] 528073K->476105K(779776K), 0.0112992 secs] [Times: user=0.06 sys=0.00, real=0.01 secs]
2325.749: [GC [PSYoungGen: 52224K->256K(58880K)] 528073K->476105K(779776K), 0.0112992 secs] [Times: user=0.06 sys=0.00, real=0.01 secs]
2325.749: [GC [PSYoungGen: 52224K->256K(58880K)] 528073K->476105K(779776K), 0.0112992 secs] [Times: user=0.06 sys=0.00, real=0.01 secs]
2325.749: [GC [PSYoungGen: 52224K->256K(58880K)] 528073K->476105K(779776K), 0.0112992 secs] [Times: user=0.06 sys=0.00, real=0.01 secs]
2325.749: [GC [PSYoungGen: 52224K->256K(58880K)] 528073K->476105K(779776K), 0.0112992 secs] [Times: user=0.06 sys=0.00, real=0.01 secs]
2325.749: [GC [PSYoungGen: 52224K->256K(58880K)] 528073K->476105K(779776K), 0.0112992 secs] [Times: user=0.06 sys=0.00, real=0.01 secs]
2325.749: [GC [PSYoungGen: 52224K->256K(58880K)] 528073K->476105K(779776K), 0.0112992 secs] [Times: user=0.06 sys=0.00, real=0.01 secs]
2325.749: [GC [PSYoungGen: 52224K->256K(58880K)] 528073K->476105K(779776K), 0.0112992 secs] [Times: user=0.06 sys=0.00, real=0.01 secs]
2325.749: [GC [PSYoungGen: 52224K->256K(58880K)] 528073K->476105K(779776K), 0.0112992 secs] [Times: user=0.06 sys=0.00, real=0.01 secs]
2325.749: [GC [PSYoungGen: 52224K->256K(58880K)] 528073K->476105K(779776K), 0.0112992 secs] [Times: user=0.06 sys=0.00, real=0.01 secs]
2325.749: [GC [PSYoungGen: 52224K->256K(58880K)] 528073K->476105K(779776K), 0.0112992 secs] [Times: user=0.06 sys=0.00, real=0.01 secs]
2325.749: [GC [PSYoungGen: 52224K->256K(58880K)] 528073K->476105K(779776K), 0.0112992 secs] [Times: user=0.06 sys=0.00, real=0.01 secs]
2325.749: [GC [PSYoungGen: 52224K->256K(58880K)] 528073K->476105K(779776K), 0.0112992 secs] [Times: user=0.06 sys=0.00, real=0.01 secs]
2325.749: [GC [PSYoungGen: 52224K->256K(58880K)] 528073K->476105K(779776K), 0.0112992 secs] [Times: user=0.06 sys=0.00, real=0.01 secs]
2325.749: [GC [PSYoungGen: 52224K->256K(58880K)] 528073K->476105K(779776K), 0.0112992 secs] [Times: user=0.06 sys=0.00, real=0.01 secs]
2325.749: [GC [PSYoungGen: 52224K->256K(58880K)] 528073K->476105K(779776K), 0.0112992 secs] [Times: user=0.06 sys=0.00, real=0.01 secs]
2325.749: [GC [PSYoungGen: 52224K->256K(58880K)] 528073K->476105K(779776K), 0.0112992 secs] [Times: user=0.06 sys=0.00, real=0.01 secs]
2325.749: [GC [PSYoungGen: 52224K->256K(58880K)] 528073K->476105K(779776K), 0.0112992 secs] [Times: user=0.06 sys=0.00, real=0.01 secs]
2325.749: [GC [PSYoungGen: 52224K->256K(58880K)] 528073K->476105K(779776K), 0.0112992 secs] [Times: user=0.06 sys=0.00, real=0.01 secs]
2325.749: [GC [PSYoungGen: 52224K->256K(58880K)] 528073K->476105K(779776K), 0.0112992 secs] [Times: user=0.06 sys=0.00, real=0.01 secs]
2325.749: [GC [PSYoungGen: 52224K->256K(58880K)] 528073K->476105K(779776K), 0.0112992 secs] [Times: user=0.06 sys=0.00, real=0.01 secs]
2325.749: [GC [PSYoungGen: 52224K->256K(58880K)] 528073K->476105K(779776K), 0.0112992 secs] [Times: user=0.06 sys=0.00, real=0.01 secs]
2325.749: [GC [PSYoungGen: 52224K->256K(58880K)] 528073K->476105K(779776K), 0.0112992 secs] [Times: user=0.06 sys=0.00, real=0.01 secs]
2325.749: [GC [PSYoungGen: 52224K->256K(58880K)] 528073K->476105K(779776K), 0.0112992 secs] [Times: user=0.06 sys=0.00, real=0.01 secs]
2325.749: [GC [PSYoungGen: 52224K->256K(58880K)] 528073K->476105K(779776K), 0.0112992 secs] [Times: user=0.06 sys=0.00, real=0.01 secs]
2325.749: [GC [PSYoungGen: 52224K->256K(58880K)] 528073K->476105K(779776K), 0.0112992 secs] [Times: user=0.06 sys=0.00, real=0.01 secs]
2325.749: [GC [PSYoungGen: 52224K->256K(58880K)] 528073K->476105K(779776K), 0.0112992 secs] [Times: user=0.06 sys=0.00, real=0.01 secs]
2325.749: [GC [PSYoungGen: 52224K->256K(58880K)] 528073K->476105K(779776K), 0.0112992 secs] [Times: user=0.06 sys=0.00, real=0.01 secs]
2325.749: [GC [PSYoungGen: 52224K->256K(58880K)] 528073K->476105K(779776K), 0.0112992 secs] [Times: user=0.06 sys=0.00, real=0.01 secs]
2325.749: [GC [PSYoungGen: 52224K->256K(58880K)] 528073K->476105K(779776K), 0.0112992 secs] [Times: user=0.06 sys=0.00, real=0.01 secs]
2325.749: [GC [PSYoungGen: 52224K->256K(58880K)] 528073K->476105K(779776K), 0.0112992 secs] [Times: user=0.06 sys=0.00, real=0.01 secs]
2325.749: [GC [PSYoungGen: 52224K->256K(58880K)] 528073K->476105K(779776K), 0.0112992 secs] [Times: user=0.06 sys=0.00, real=0.01 secs]
2325.749: [GC [PSYoungGen: 52224K->256K(58880K)] 528073K->476105K(779776K), 0.0112992 secs] [Times: user=0.06 sys=0.00, real=0.01 secs]
2325.749: [GC [PSYoungGen: 52224K->256K(58880K)] 528073K->476105K(779776K), 0.0112992 secs] [Times: user=0.06 sys=0.00, real=0.01 secs]
2325.749: [GC [PSYoungGen: 52224K->256K(58880K)] 528073K->476105K(779776K), 0.0112992 secs] [Times: user=0.06 sys=0.00, real=0.01 secs]
2325.749: [GC [PSYoungGen: 52224K->256K(58880K)] 528073K->476105K(779776K), 0.0112992 secs] [Times: user=0.06 sys=0.00, real=0.01 secs]
2325.749: [GC [PSYoungGen: 52224K->256K(58880K)] 528073K->476105K(779776K), 0.0112992 secs] [Times: user=0.06 sys=0.00, real=0.01 secs]
2325.749: [GC [PSYoungGen: 52224K->256K(58880K)] 528073K->476105K(779776K), 0.0112992 secs] [Times: user=0.06 sys=0.00, real=0.01 secs]
2325.749: [GC [PSYoungGen: 52224K->256K(58880K)] 528073K->476105K(779776K), 0.0112992 secs] [Times: user=0.06 sys=0.00, real=0.01 secs]
2325.749: [GC [PSYoungGen: 52224K->256K(58880K)] 528073K->476105K(779776K), 0.0112992 secs] [Times: user=0.06 sys=0.00, real=0.01 secs]
2325.749: [GC [PSYoungGen: 52224K->256K(58880K)] 528073K->476105K(779776K), 0.0112992 secs] [Times: user=0.06 sys=0.00, real=0.01 secs]
2325.749: [GC [PSYoungGen: 52224K->256K(58880K)] 528073K->476105K(779776K), 0.0112992 secs] [Times: user=0.06 sys=0.00, real=0.01 secs]
2325.749: [GC [PSYoungGen: 52224K->256K(58880K)] 528073K->476105K(779776K), 0.0112992 secs] [Times: user=0.06 sys=0.00, real=0.01 secs]
2325.749: [GC [PSYoungGen: 52224K->256K(58880K)] 528073K->476105K(779776K), 0.0112992 secs] [Times: user=0.06 sys=0.00, real=0.01 secs]
2325.749: [GC [PSYoungGen: 52224K->256K(58880K)] 528073K->476105K(779776K), 0.0112992 secs] [Times: user=0.06 sys=0.00, real=0.01 secs]
2325.749: [GC [PSYoungGen: 52224K->256K(58880K)] 528073K->476105K(779776K), 0.0112992 secs] [Times: user=0.06 sys=0.00, real=0.01 secs]
2325.749: [GC [PSYoungGen: 52224K->256K(58880K)] 528073K->476105K(779776K), 0.0112992 secs] [Times: user=0.06 sys=0.00, real=0.01 secs]
2325.749: [GC [PSYoungGen: 52224K->256K(58880K)] 528073K->476105K(779776K), 0.0112992 secs] [Times: user=0.06 sys=0.00, real=0.01 secs]
2325.749: [GC [PSYoungGen: 52224K->256K(58880K)] 528073K->476105K(779776K), 0.0112992 secs] [Times: user=0.06 sys=0.00, real=0.01 secs]
2325.749: [GC [PSYoungGen: 52224K->256K(58880K)] 528073K->476105K(779776K), 0.0112992 secs] [Times: user=0.06 sys=0.00, real=0.01 secs]
2325.749: [GC [PSYoungGen: 52224K->256K(58880K)] 528073K->476105K(779776K), 0.0112992 secs] [Times: user=0.06 sys=0.00, real=0.01 secs]
2325.749: [GC [PSYoungGen: 52224K->256K(58880K)] 528073K->476105K(779776K), 0.0112992 secs] [Times: user=0.06 sys=0.00, real=0.01 secs]
2325.749: [GC [PSYoungGen: 52224K->256K(58880K)] 528073K->476105K(779776K), 0.0112992 secs] [Times: user=0.06 sys=0.00, real=0.01 secs]
2325.749: [GC [PSYoungGen: 52224K->256K(58880K)] 528073K->476105K(779776K), 0.0112992 secs] [Times: user=0.06 sys=0.00, real=0.01 secs]
2325.749: [GC [PSYoungGen: 52224K->256K(58880K)] 528073K->476105K(779776K), 0.0112992 secs] [Times: user=0.06 sys=0.00, real=0.01 secs]
2325.749: [GC [PSYoungGen: 52224K->256K(58880K)] 528073K->476105K(779776K), 0.0112992 secs] [Times: user=0.06 sys=0.00, real=0.01 secs]
2325.749: [GC [PSYoungGen: 52224K->256K(58880K)] 528073K->476105K(779776K), 0.0112992 secs] [Times: user=0.06 sys=0.00, real=0.01 secs]
2325.749: [GC [PSYoungGen: 52224K->256K(58880K)] 528073K->476105K(779776K), 0.0112992 secs] [Times: user=0.06 sys=0.00, real=0.01 secs]
2325.749: [GC [PSYoungGen: 52224K->256K(58880K)] 528073K->476105K(779776K), 0.0112992 secs] [Times: user=0.06 sys=0.00, real=0.01 secs]
2325.749: [GC [PSYoungGen: 52224K->256K(58880K)] 528073K->476105K(779776K), 0.0112992 secs] [Times: user=0.06 sys=0.00, real=0.01 secs]
2325.749: [GC [PSYoungGen: 52224K->256K(58880K)] 528073K->476105K(779776K), 0.0112992 secs] [Times: user=0.06 sys=0.00, real=0.01 secs]
2325.749: [GC [PSYoungGen: 52224K->256K(58880K)] 528073K->476105K(779776K), 0.0112992 secs] [Times: user=0.06 sys=0.00, real=0.01 secs]
2325.749: [GC [PSYoungGen: 52224K->256K(58880K)] 528073K->476105K(779776K), 0.0112992 secs] [Times: user=0.06 sys=0.00, real=0.01 secs]
2325.749: [GC [PSYoungGen: 52224K->256K(58880K)] 528073K->476105K(779776K), 0.0112992 secs] [Times: user=0.06 sys=0.00, real=0.01 secs]
2325.749: [GC [PSYoungGen: 52224K->256K(58880K)] 528073K->476105K(779776K), 0.0112992 secs] [Times: user=0.06 sys=0.00, real=0.01 secs]
2325.749: [GC [PSYoungGen: 52224K->256K(58880K)] 528073K->476105K(779776K), 0.0112992 secs] [Times: user=0.06 sys=0.00, real=0.01 secs]
2325.749: [GC [PSYoungGen: 52224K->256K(58880K)] 528073K->476105K(779776K), 0.0112992 secs] [Times: user=0.06 sys=0.00, real=0.01 secs]
2325.749: [GC [PSYoungGen: 52224K->256K(58880K)] 528073K->476105K(779776K), 0.0112992 secs] [Times: user=0.06 sys=0.00, real=0.01 secs]
2325.749: [GC [PSYoungGen: 52224K->256K(58880K)] 528073K->476105K(779776K), 0.0112992 secs] [Times: user=0.06 sys=0.00, real=0.01 secs]
2325.749: [GC [PSYoungGen: 52224K->256K(58880K)] 528073K->476105K(779776K), 0.0112992 secs] [Times: user=0.06 sys=0.00, real=0.01 secs]
2325.749: [GC [PSYoungGen: 52224K->256K(58880K)] 528073K->476105K(779776K), 0.0112992 secs] [Times: user=0.06 sys=0.00, real=0.01 secs]
2325.749: [GC [PSYoungGen: 52224K->256K(58880K)] 528073K->476105K(779776K), 0.0112992 secs] [Times: user=0.06 sys=0.00, real=0.01 secs]
2325.749: [GC [PSYoungGen: 52224K->256K(58880K)] 528073K->476105K(779776K), 0.0112992 secs] [Times: user=0.06 sys=0.00, real=0.01 secs]
2325.749: [GC [PSYoungGen: 52224K->256K(58880K)] 528073K->476105K(779776K), 0.0112992 secs] [Times: user=0.06 sys=0.00, real=0.01 secs]
2325.749: [GC [PSYoungGen: 52224K->256K(58880K)] 528073K->476105K(779776K), 0.0112992 secs] [Times: user=0.06 sys=0.00, real=0.01 secs]
2325.749: [GC [PSYoungGen: 52224K->256K(58880K)] 528073K->476105K(779776K), 0.0112992 secs] [Times: user=0.06 sys=0.00, real=0.01 secs]
2325.749: [GC [PSYoungGen: 52224K->256K(58880K)] 528073K->476105K(779776K), 0.0112992 secs] [Times: user=0.06 sys=0.00, real=0.01 secs]
2325.749: [GC [PSYoungGen: 52224K->256K(58880K)] 528073K->476105K(779776K), 0.0112992 secs] [Times: user=0.06 sys=0.00, real=0.01 secs]
2325.749: [GC [PSYoungGen: 52224K->256K(58880K)] 528073K->476105K(779776K), 0.0112992 secs] [Times: user=0.06 sys=0.00, real=0.01 secs]
2325.749: [GC [PSYoungGen: 52224K->256K(58880K)] 528073K->476105K(779776K), 0.0112992 secs] [Times: user=0.06 sys=0.00, real=0.01 secs]
2325.749: [GC [PSYoungGen: 52224K->256K(58880K)] 528073K->476105K(779776K), 0.0112992 secs] [Times: user=0.06 sys=0.00, real=0.01 secs]
2325.749: [GC [PSYoungGen: 52224K->256K(58880K)] 528073K->476105K(779776K), 0.0112992 secs] [Times: user=0.06 sys=0.00, real=0.01 secs]
2325.749: [GC [PSYoungGen: 52224K->256K(58880K)] 528073K->476105K(779776K), 0.0112992 secs] [Times: user=0.06 sys=0.00, real=0.01 secs]
2325.749: [GC [PSYoungGen: 52224K->256K(58880K)] 528073K->476105K(779776K), 0.0112992 secs] [Times: user=0.06 sys=0.00, real=0.01 secs]
2325.749: [GC [PSYoungGen: 52224K->256K(58880K)] 528073K->476105K(779776K), 0.0112992 secs] [Times: user=0.06 sys=0.00, real=0.01 secs]
2325.749: [GC [PSYoungGen: 52224K->256K(58880K)] 528073K->476105K(779776K), 0.0112992 secs] [Times: user=0.06 sys=0.00, real=0.01 secs]
2325.749: [GC [PSYoungGen: 52224K->256K(58880K)] 528073K->476105K(779776K), 0.0112992 secs] [Times: user=0.06 sys=0.00, real=0.01 secs]
2325.749: [GC [PSYoungGen: 52224K->256K(58880K)] 528073K->476105K(779776K), 0.0112992 secs] [Times: user=0.06 sys=0.00, real=0.01 secs]
2325.749: [GC [PSYoungGen: 52224K->256K(58880K)] 528073K->476105K(779776K), 0.0112992 secs] [Times: user=0.06 sys=0.00, real=0.01 secs]
2325.749: [GC [PSYoungGen: 52224K->256K(58880K)] 528073K->476105K(779776K), 0.0112992 secs] [Times: user=0.06 sys=0.00, real=0.01 secs]
2325.749: [GC [PSYoungGen: 52224K->256K(58880K)] 528073K->476105K(779776K), 0.0112992 secs] [Times: user=0.06 sys=0.00, real=0.01 secs]
2325.749: [GC [PSYoungGen: 52224K->256K(58880K)] 528073K->476105K(779776K), 0.0112992 secs] [Times: user=0.06 sys=0.00, real=0.01 secs]
2325.749: [GC [PSYoungGen: 52224K->256K(58880K)] 528073K->476105K(779776K), 0.0112992 secs] [Times: user=0.06 sys=0.00, real=0.01 secs]
2325.749: [GC [PSYoungGen: 52224K->256K(58880K)] 528073K->476105K(779776K), 0.0112992 secs] [Times: user=0.06 sys=0.00, real=0.01 secs]
2325.749: [GC [PSYoungGen: 52224K->256K(58880K)] 528073K->476105K(779776K), 0.0112992 secs] [Times: user=0.06 sys=0.00, real=0.01 secs]
2325.749: [GC [PSYoungGen: 52224K->256K(58880K)] 528073K->476105K(779776K), 0.0112992 secs] [Times: user=0.06 sys=0.00, real=0.01 secs]
2325.749: [GC [PSYoungGen: 52224K->256K(58880K)] 528073K->476105K(779776K), 0.0112992 secs] [Times: user=0.06 sys=0.00, real=0.01 secs]
2325.749: [GC [PSYoungGen: 52224K->256K(58880K)] 528073K->476105K(779776K), 0.0112992 secs] [Times: user=0.06 sys=0.00, real=0.01 secs]
2325.749: [GC [PSYoungGen: 52224K->256K(58880K)] 528073K->476105K(779776K), 0.0112992 secs] [Times: user=0.06 sys=0.00, real=0.01 secs]
2325.749: [GC [PSYoungGen: 52224K->256K(58880K)] 528073K->476105K(779776K), 0.0112992 secs] [Times: user=0.06 sys=0.00, real=0.01 secs]
2325.749: [GC [PSYoungGen: 52224K->256K(58880K)] 528073K->476105K(779776K), 0.0112992 secs] [Times: user=0.06 sys=0.00, real=0.01 secs]
2325.749: [GC [PSYoungGen: 52224K->256K(58880K)] 528073K->476105K(779776K), 0.0112992 secs] [Times: user=0.06 sys=0.00, real=0.01 secs]
2325.749: [GC [PSYoungGen: 52224K->256K(58880K)] 528073K->476105K(779776K), 0.0112992 secs] [Times: user=0.06 sys=0.00, real=0.01 secs]
2325.749: [GC [PSYoungGen: 52224K->256K(58880K)] 528073K->476105K(779776K), 0.0112992 secs] [Times: user=0.06 sys=0.00, real=0.01 secs]
2325.749: [GC [PSYoungGen: 52224K->256K(58880K)] 528073K->476105K(779776K), 0.0112992 secs] [Times: user=0.06 sys=0.00, real=0.01 secs]
2325.749: [GC [PSYoungGen: 52224K->256K(58880K)] 528073K->476105K(779776K), 0.0112992 secs] [Times: user=0.06 sys=0.00, real=0.01 secs]
2325.749: [GC [PSYoungGen: 52224K->256K(58880K)] 528073K->476105K(779776K), 0.0112992 secs] [Times: user=0.06 sys=0.00, real=0.01 secs]
2325.749: [GC [PSYoungGen: 52224K->256K(58880K)] 528073K->476105K(779776K), 0.0112992 secs] [Times: user=0.06 sys=0.00, real=0.01 secs]
2325.749: [GC [PSYoungGen: 52224K->256K(58880K)] 528073K->476105K(779776K), 0.0112992 secs] [Times: user=0.06 sys=0.00, real=0.01 secs]
2325.749: [GC [PSYoungGen: 52224K->256K(58880K)] 528073K->476105K(779776K), 0.0112992 secs] [Times: user=0.06 sys=0.00, real=0.01 secs]
2325.749: [GC [PSYoungGen: 52224K->256K(58880K)] 528073K->476105K(779776K), 0.0112992 secs] [Times: user=0.06 sys=0.00, real=0.01 secs]
2325.749: [GC [PSYoungGen: 52224K->256K(58880K)] 528073K->476105K(779776K), 0.0112992 secs] [Times: user=0.06 sys=0.00, real=0.01 secs]
2325.749: [GC [PSYoungGen: 52224K->256K(58880K)] 528073K->476105K(779776K), 0.0112992 secs] [Times: user=0.06 sys=0.00, real=0.01 secs]
2325.749: [GC [PSYoungGen: 52224K->256K(58880K)] 528073K->476105K(779776K), 0.0112992 secs] [Times: user=0.06 sys=0.00, real=0.01 secs]
2325.749: [GC [PSYoungGen: 52224K->256K(58880K)] 528073K->476105K(779776K), 0.0112992 secs] [Times: user=0.06 sys=0.00, real=0.01 secs]
2325.749: [GC [PSYoungGen: 52224K->256K(58880K)] 528073K->476105K(779776K), 0.0112992 secs] [Times: user=0.06 sys=0.00, real=0.01 secs]
2325.749: [GC [PSYoungGen: 52224K->256K(58880K)] 528073K->476105K(779776K), 0.0112992 secs] [Times: user=0.06 sys=0.00, real=0.01 secs]
2325.749: [GC [PSYoungGen: 52224K->256K(58880K)] 528073K->476105K(779776K), 0.0112992 secs] [Times: user=0.06 sys=0.00, real=0.01 secs]
2325.749: [GC [PSYoungGen: 52224K->256K(58880K)] 528073K->476105K(779776K), 0.0112992 secs] [Times: user=0.06 sys=0.00, real=0.01 secs]
2325.749: [GC [PSYoungGen: 52224K->256K(58880K)] 528073K->476105K(779776K), 0.0112992 secs] [Times: user=0.06 sys=0.00, real=0.01 secs]
2325.749: [GC [PSYoungGen: 52224K->256K(58880K)] 528073K->476105K(779776K), 0.0112992 secs] [Times: user=0.06 sys=0.00, real=0.01 secs]
2325.749: [GC [PSYoungGen: 52224K->256K(58880K)] 528073K->476105K(779776K), 0.0112992 secs] [Times: user=0.06 sys=0.00, real=0.01 secs]
2325.749: [GC [PSYoungGen: 52224K->256K(58880K)] 528073K->476105K(779776K), 0.0112992 secs] [Times: user=0.06 sys=0.00, real=0.01 secs]
2325.749: [GC [PSYoungGen: 52224K->256K(58880K)] 528073K->476105K(779776K), 0.0112992 secs] [Times: user=0.06 sys=0.00, real=0.01 secs]
2325.749: [GC [PSYoungGen: 52224K->256K(58880K)] 528073K->476105K(779776K), 0.0112992 secs] [Times: user=0.06 sys=0.00, real=0.01 secs]
2325.749: [GC [PSYoungGen: 52224K->256K(58880K)] 528073K->476105K(779776K), 0.0112992 secs] [Times: user=0.06 sys=0.00, real=0.01 secs]
2325.749: [GC [PSYoungGen: 52224K->256K(58880K)] 528073K->476105K(779776K), 0.0112992 secs] [Times: user=0.06 sys=0.00, real=0.01 secs]
2325.749: [GC [PSYoungGen: 52224K->256K(58880K)] 528073K->476105K(779776K), 0.0112992 secs] [Times: user=0.06 sys=0.00, real=0.01 secs]
2325.749: [GC [PSYoungGen: 52224K->256K(58880K)] 528073K->476105K(779776K), 0.0112992 secs] [Times: user=0.06 sys=0.00, real=0.01 secs]
2325.749: [GC [PSYoungGen: 52224K->256K(58880K)] 528073K->476105K(779776K), 0.0112992 secs] [Times: user=0.06 sys=0.00, real=0.01 secs]
2325.749: [GC [PSYoungGen: 52224K->256K(58880K)] 528073K->476105K(779776K), 0.0112992 secs] [Times: user=0.06 sys=0.00, real=0.01 secs]
2325.749: [GC [PSYoungGen: 52224K->256K(58880K)] 528073K->476105K(779776K), 0.0112992 secs] [Times: user=0.06 sys=0.00, real=0.01 secs]
2325.749: [GC [PSYoungGen: 52224K->256K(58880K)] 528073K->476105K(779776K), 0.0112992 secs] [Times: user=0.06 sys=0.00, real=0.01 secs]
2325.749: [GC [PSYoungGen: 52224K->256K(58880K)] 528073K->476105K(779776K), 0.0112992 secs] [Times: user=0.06 sys=0.00, real=0.01 secs]
2325.749: [GC [PSYoungGen: 52224K->256K(58880K)] 528073K->476105K(779776K), 0.0112992 secs] [Times: user=0.06 sys=0.00, real=0.01 secs]
2325.749: [GC [PSYoungGen: 52224K->256K(58880K)] 528073K->476105K(779776K), 0.0112992 secs] [Times: user=0.06 sys=0.00, real=0.01 secs]
2325.749: [GC [PSYoungGen: 52224K->256K(58880K)] 528073K->476105K(779776K), 0.0112992 secs] [Times: user=0.06 sys=0.00, real=0.01 secs]
2325.749: [GC [PSYoungGen: 52224K->256K(58880K)] 528073K->476105K(779776K), 0.0112992 secs] [Times: user=0.06 sys=0.00, real=0.01 secs]
2325.749: [GC [PSYoungGen: 52224K->256K(58880K)] 528073K->476105K(779776K), 0.0112992 secs] [Times: user=0.06 sys=0.00, real=0.01 secs]
2325.749: [GC [PSYoungGen: 52224K->256K(58880K)] 528073K->476105K(779776K), 0.0112992 secs] [Times: user=0.06 sys=0.00, real=0.01 secs]
2325.749: [GC [PSYoungGen: 52224K->256K(58880K)] 528073K->476105K(779776K), 0.0112992 secs] [Times: user=0.06 sys=0.00, real=0.01 secs]
2325.749: [GC [PSYoungGen: 52224K->256K(58880K)] 528073K->476105K(779776K), 0.0112992 secs] [Times: user=0.06 sys=0.00, real=0.01 secs]
2325.749: [GC [PSYoungGen: 52224K->256K(58880K)] 528073K->476105K(779776K), 0.0112992 secs] [Times: user=0.06 sys=0.00, real=0.01 secs]
2325.749: [GC [PSYoungGen: 52224K->256K(58880K)] 528073K->476105K(779776K), 0.0112992 secs] [Times: user=0.06 sys=0.00, real=0.01 secs]
2325.749: [GC [PSYoungGen: 52224K->256K(58880K)] 528073K->476105K(779776K), 0.0112992 secs] [Times: user=0.06 sys=0.00, real=0.01 secs]
2325.749: [GC [PSYoungGen: 52224K->256K(58880K)] 528073K->476105K(779776K), 0.0112992 secs] [Times: user=0.06 sys=0.00, real=0.01 secs]
2325.749: [GC [PSYoungGen: 52224K->256K(58880K)] 528073K->476105K(779776K), 0.0112992 secs] [Times: user=0.06 sys=0.00, real=0.01 secs]
2325.749: [GC [PSYoungGen: 52224K->256K(58880K)] 528073K->476105K(779776K), 0.0112992 secs] [Times: user=0.06 sys=0.00, real=0.01 secs]
2325.749: [GC [PSYoungGen: 52224K->256K(58880K)] 528073K->476105K(779776K), 0.0112992 secs] [Times: user=0.06 sys=0.00, real=0.01 secs]
2325.749: [GC [PSYoungGen: 52224K->256K(58880K)] 528073K->476105K(779776K), 0.0112992 secs] [Times: user=0.06 sys=0.00, real=0.01 secs]
2325.749: [GC [PSYoungGen: 52224K->256K(58880K)] 528073K->476105K(779776K), 0.0112992 secs] [Times: user=0.06 sys=0.00, real=0.01 secs]
2325.749: [GC [PSYoungGen: 52224K->256K(58880K)] 528073K->476105K(779776K), 0.0112992 secs] [Times: user=0.06 sys=0.00, real=0.01 secs]
2325.749: [GC [PSYoungGen: 52224K->256K(58880K)] 528073K->476105K(779776K), 0.0112992 secs] [Times: user=0.06 sys=0.00, real=0.01 secs]
2325.749: [GC [PSYoungGen: 52224K->256K(58880K)] 528073K->476105K(779776K), 0.0112992 secs] [Times: user=0.06 sys=0.00, real=0.01 secs]
2325.749: [GC [PSYoungGen: 52224K->256K(58880K)] 528073K->476105K(779776K), 0.0112992 secs] [Times: user=0.06 sys=0.00, real=0.01 secs]
2325.749: [GC [PSYoungGen: 52224K->256K(58880K)] 528073K->476105K(779776K), 0.0112992 secs] [Times: user=0.06 sys=0.00, real=0.01 secs]
2325.749: [GC [PSYoungGen: 52224K->256K(58880K)] 528073K->476105K(779776K), 0.0112992 secs] [Times: user=0.06 sys=0.00, real=0.01 secs]
2325.749: [GC [PSYoungGen: 52224K->256K(58880K)] 528073K->476105K(779776K), 0.0112992 secs] [Times: user=0.06 sys=0.00, real=0.01 secs]
2325.749: [GC [PSYoungGen: 52224K->256K(58880K)] 528073K->476105K(779776K), 0.0112992 secs] [Times: user=0.06 sys=0.00, real=0.01 secs]
2325.749: [GC [PSYoungGen: 52224K->256K(58880K)] 528073K->476105K(779776K), 0.0112992 secs] [Times: user=0.06 sys=0.00, real=0.01 secs]
2325.749: [GC [PSYoungGen: 52224K->256K(58880K)] 528073K->476105K(779776K), 0.0112992 secs] [Times: user=0.06 sys=0.00, real=0.01 secs]
2325.749: [GC [PSYoungGen: 52224K->256K(58880K)] 528073K->476105K(779776K), 0.0112992 secs] [Times: user=0.06 sys=0.00, real=0.01 secs]
2325.749: [GC [PSYoungGen: 52224K->256K(58880K)] 528073K->476105K(779776K), 0.0112992 secs] [Times: user=0.06 sys=0.00, real=0.01 secs]
2325.749: [GC [PSYoungGen: 52224K->256K(58880K)] 528073K->476105K(779776K), 0.0112992 secs] [Times: user=0.06 sys=0.00, real=0.01 secs]
2325.749: [GC [PSYoungGen: 52224K->256K(58880K)] 528073K->476105K(779776K), 0.0112992 secs] [Times: user=0.06 sys=0.00, real=0.01 secs]
2325.749: [GC [PSYoungGen: 52224K->256K(58880K)] 528073K->476105K(779776K), 0.0112992 secs] [Times: user=0.06 sys=0.00, real=0.01 secs]
2325.749: [GC [PSYoungGen: 52224K->256K(58880K)] 528073K->476105K(779776K), 0.0112992 secs] [Times: user=0.06 sys=0.00, real=0.01 secs]
2325.749: [GC [PSYoungGen: 52224K->256K(58880K)] 528073K->476105K(779776K), 0.0112992 secs] [Times: user=0.06 sys=0.00, real=0.01 secs]
2325.749: [GC [PSYoungGen: 52224K->256K(58880K)] 528073K->476105K(779776K), 0.0112992 secs] [Times: user=0.06 sys=0.00, real=0.01 secs]
2325.749: [GC [PSYoungGen: 52224K->256K(58880K)] 528073K->476105K(779776K), 0.0112992 secs] [Times: user=0.06 sys=0.00, real=0.01 secs]
2325.749: [GC [PSYoungGen: 52224K->256K(58880K)] 528073K->476105K(779776K), 0.0112992 secs] [Times: user=0.06 sys=0.00, real=0.01 secs]
2325.749: [GC [PSYoungGen: 52224K->256K(58880K)] 528073K->476105K(779776K), 0.0112992 secs] [Times: user=0.06 sys=0.00, real=0.01 secs]
2325.749: [GC [PSYoungGen: 52224K->256K(58880K)] 528073K->476105K(779776K), 0.0112992 secs] [Times: user=0.06 sys=0.00, real=0.01 secs]
2325.749: [GC [PSYoungGen: 52224K->256K(58880K)] 528073K->476105K(779776K), 0.0112992 secs] [Times: user=0.06 sys=0.00, real=0.01 secs]
2325.749: [GC [PSYoungGen: 52224K->256K(58880K)] 528073K->476105K(779776K), 0.0112992 secs] [Times: user=0.06 sys=0.00, real=0.01 secs]
2325.749: [GC [PSYoungGen: 52224K->256K(58880K)] 528073K->476105K(779776K), 0.0112992 secs] [Times: user=0.06 sys=0.00, real=0.01 secs]
2325.749: [GC [PSYoungGen: 52224K->256K(58880K)] 528073K->476105K(779776K), 0.0112992 secs] [Times: user=0.06 sys=0.00, real=0.01 secs]
2325.749: [GC [PSYoungGen: 52224K->256K(58880K)] 528073K->476105K(779776K), 0.0112992 secs] [Times: user=0.06 sys=0.00, real=0.01 secs]
2325.749: [GC [PSYoungGen: 52224K->256K(58880K)] 528073K->476105K(779776K), 0.0112992 secs] [Times: user=0.06 sys=0.00, real=0.01 secs]
2325.749: [GC [PSYoungGen: 52224K->256K(58880K)] 528073K->476105K(779776K), 0.0112992 secs] [Times: user=0.06 sys=0.00, real=0.01 secs]
2325.749: [GC [PSYoungGen: 52224K->256K(58880K)] 528073K->476105K(779776K), 0.0112992 secs] [Times: user=0.06 sys=0.00, real=0.01 secs]
2325.749: [GC [PSYoungGen: 52224K->256K(58880K)] 528073K->476105K(779776K), 0.0112992 secs] [Times: user=0.06 sys=0.00, real=0.01 secs]
2325.749: [GC [PSYoungGen: 52224K->256K(58880K)] 528073K->476105K(779776K), 0.0112992 secs] [Times: user=0.06 sys=0.00, real=0.01 secs]
2325.749: [GC [PSYoungGen: 52224K->256K(58880K)] 528073K->476105K(779776K), 0.0112992 secs] [Times: user=0.06 sys=0.00, real=0.01 secs]
2325.749: [GC [PSYoungGen: 52224K->256K(58880K)] 528073K->476105K(779776K), 0.0112992 secs] [Times: user=0.06 sys=0.00, real=0.01 secs]
2325.749: [GC [PSYoungGen: 52224K->256K(58880K)] 528073K->476105K(779776K), 0.0112992 secs] [Times: user=0.06 sys=0.00, real=0.01 secs]
2325.749: [GC [PSYoungGen: 52224K->256K(58880K)] 528073K->476105K(779776K), 0.0112992 secs] [Times: user=0.06 sys=0.00, real=0.01 secs]
2325.749: [GC [PSYoungGen: 52224K->256K(58880K)] 528073K->476105K(779776K), 0.0112992 secs] [Times: user=0.06 sys=0.00, real=0.01 secs]
2325.749: [GC [PSYoungGen: 52224K->256K(58880K)] 528073K->476105K(779776K), 0.0112992 secs] [Times: user=0.06 sys=0.00, real=0.01 secs]
2325.749: [GC [PSYoungGen: 52224K->256K(58880K)] 528073K->476105K(779776K), 0.0112992 secs] [Times: user=0.06 sys=0.00, real=0.01 secs]
2325.749: [GC [PSYoungGen: 52224K->256K(58880K)] 528073K->476105K(779776K), 0.0112992 secs] [Times: user=0.06 sys=0.00, real=0.01 secs]
2325.749: [GC [PSYoungGen: 52224K->256K(58880K)] 528073K->476105K(779776K), 0.0112992 secs] [Times: user=0.06 sys=0.00, real=0.01 secs]
2325.749: [GC [PSYoungGen: 52224K->256K(58880K)] 528073K->476105K(779776K), 0.0112992 secs] [Times: user=0.06 sys=0.00, real=0.01 secs]
2325.749: [GC [PSYoungGen: 52224K->256K(58880K)] 528073K->476105K(779776K), 0.0112992 secs] [Times: user=0.06 sys=0.00, real=0.01 secs]
2325.749: [GC [PSYoungGen: 52224K->256K(58880K)] 528073K->476105K(779776K), 0.0112992 secs] [Times: user=0.06 sys=0.00, real=0.01 secs]
2325.749: [GC [PSYoungGen: 52224K->256K(58880K)] 528073K->476105K(779776K), 0.0112992 secs] [Times: user=0.06 sys=0.00, real=0.01 secs]
2325.749: [GC [PSYoungGen: 52224K->256K(58880K)] 528073K->476105K(779776K), 0.0112992 secs] [Times: user=0.06 sys=0.00, real=0.01 secs]
2325.749: [GC [PSYoungGen: 52224K->256K(58880K)] 528073K->476105K(779776K), 0.0112992 secs] [Times: user=0.06 sys=0.00, real=0.01 secs]
2325.749: [GC [PSYoungGen: 52224K->256K(58880K)] 528073K->476105K(779776K), 0.0112992 secs] [Times: user=0.06 sys=0.00, real=0.01 secs]
2325.749: [GC [PSYoungGen: 52224K->256K(58880K)] 528073K->476105K(779776K), 0.0112992 secs] [Times: user=0.06 sys=0.00, real=0.01 secs]
2325.749: [GC [PSYoungGen: 52224K->256K(58880K)] 528073K->476105K(779776K), 0.0112992 secs] [Times: user=0.06 sys=0.00, real=0.01 secs]
2325.749: [GC [PSYoungGen: 52224K->256K(58880K)] 528073K->476105K(779776K), 0.0112992 secs] [Times: user=0.06 sys=0.00, real=0.01 secs]
2325.749: [GC [PSYoungGen: 52224K->256K(58880K)] 528073K->476105K(779776K), 0.0112992 secs] [Times: user=0.06 sys=0.00, real=0.01 secs]
2325.749: [GC [PSYoungGen: 52224K->256K(58880K)] 528073K->476105K(779776K), 0.0112992 secs] [Times: user=0.06 sys=0.00, real=0.01 secs]
2325.749: [GC [PSYoungGen: 52224K->256K(58880K)] 528073K->476105K(779776K), 0.0112992 secs] [Times: user=0.06 sys=0.00, real=0.01 secs]
2325.749: [GC [PSYoungGen: 52224K->256K(58880K)] 528073K->476105K(779776K), 0.0112992 secs] [Times: user=0.06 sys=0.00, real=0.01 secs]
2325.749: [GC [PSYoungGen: 52224K->256K(58880K)] 528073K->476105K(779776K), 0.0112992 secs] [Times: user=0.06 sys=0.00, real=0.01 secs]
2325.749: [GC [PSYoungGen: 52224K->256K(58880K)] 528073K->476105K(779776K), 0.0112992 secs] [Times: user=0.06 sys=0.00, real=0.01 secs]
2325.749: [GC [PSYoungGen: 52224K->256K(58880K)] 528073K->476105K(779776K), 0.0112992 secs] [Times: user=0.06 sys=0.00, real=0.01 secs]
2325.749: [GC [PSYoungGen: 52224K->256K(58880K)] 528073K->476105K(779776K), 0.0112992 secs] [Times: user=0.06 sys=0.00, real=0.01 secs]
2325.749: [GC [PSYoungGen: 52224K->256K(58880K)] 528073K->476105K(779776K), 0.0112992 secs] [Times: user=0.06 sys=0.00, real=0.01 secs]
2325.749: [GC [PSYoungGen: 52224K->256K(58880K)] 528073K->476105K(779776K), 0.0112992 secs] [Times: user=0.06 sys=0.00, real=0.01 secs]
2325.749: [GC [PSYoungGen: 52224K->256K(58880K)] 528073K->476105K(779776K), 0.0112992 secs] [Times: user=0.06 sys=0.00, real=0.01 secs]
2325.749: [GC [PSYoungGen: 52224K->256K(58880K)] 528073K->476105K(779776K), 0.0112992 secs] [Times: user=0.06 sys=0.00, real=0.01 secs]
2325.749: [GC [PSYoungGen: 52224K->256K(58880K)] 528073K->476105K(779776K), 0.0112992 secs] [Times: user=0.06 sys=0.00, real=0.01 secs]
2325.749: [GC [PSYoungGen: 52224K->256K(58880K)] 528073K->476105K(779776K), 0.0112992 secs] [Times: user=0.06 sys=0.00, real=0.01 secs]
2325.749: [GC [PSYoungGen: 52224K->256K(58880K)] 528073K->476105K(779776K), 0.0112992 secs] [Times: user=0.06 sys=0.00, real=0.01 secs]
2325.749: [GC [PSYoungGen: 52224K->256K(58880K)] 528073K->476105K(779776K), 0.0112992 secs] [Times: user=0.06 sys=0.00, real=0.01 secs]
2325.749: [GC [PSYoungGen: 52224K->256K(58880K)] 528073K->476105K(779776K), 0.0112992 secs] [Times: user=0.06 sys=0.00, real=0.01 secs]
2325.749: [GC [PSYoungGen: 52224K->256K(58880K)] 528073K->476105K(779776K), 0.0112992 secs] [Times: user=0.06 sys=0.00, real=0.01 secs]
2325.749: [GC [PSYoungGen: 52224K->256K(58880K)] 528073K->476105K(779776K), 0.0112992 secs] [Times: user=0.06 sys=0.00, real=0.01 secs]
2325.749: [GC [PSYoungGen: 52224K->256K(58880K)] 528073K->476105K(779776K), 0.0112992 secs] [Times: user=0.06 sys=0.00, real=0.01 secs]
2325.749: [GC [PSYoungGen: 52224K->256K(58880K)] 528073K->476105K(779776K), 0.0112992 secs] [Times: user=0.06 sys=0.00, real=0.01 secs]
2325.749: [GC [PSYoungGen: 52224K->256K(58880K)] 528073K->476105K(779776K), 0.0112992 secs] [Times: user=0.06 sys=0.00, real=0.01 secs]
2325.749: [GC [PSYoungGen: 52224K->256K(58880K)] 528073K->476105K(779776K), 0.0112992 secs] [Times: user=0.06 sys=0.00, real=0.01 secs]
2325.749: [GC [PSYoungGen: 52224K->256K(58880K)] 528073K->476105K(779776K), 0.0112992 secs] [Times: user=0.06 sys=0.00, real=0.01 secs]
2325.749: [GC [PSYoungGen: 52224K->256K(58880K)] 528073K->476105K(779776K), 0.0112992 secs] [Times: user=0.06 sys=0.00, real=0.01 secs]
2325.749: [GC [PSYoungGen: 52224K->256K(58880K)] 528073K->476105K(779776K), 0.0112992 secs] [Times: user=0.06 sys=0.00, real=0.01 secs]
2325.749: [GC [PSYoungGen: 52224K->256K(58880K)] 528073K->476105K(779776K), 0.0112992 secs] [Times: user=0.06 sys=0.00, real=0.01 secs]
2325.749: [GC [PSYoungGen: 52224K->256K(58880K)] 528073K->476105K(779776K), 0.0112992 secs] [Times: user=0.06 sys=0.00, real=0.01 secs]
2325.749: [GC [PSYoungGen: 52224K->256K(58880K)] 528073K->476105K(779776K), 0.0112992 secs] [Times: user=0.06 sys=0.00, real=0.01 secs]
2325.749: [GC [PSYoungGen: 52224K->256K(58880K)] 528073K->476105K(779776K), 0.0112992 secs] [Times: user=0.06 sys=0.00, real=0.01 secs]
2325.749: [GC [PSYoungGen: 52224K->256K(58880K)] 528073K->476105K(779776K), 0.0112992 secs] [Times: user=0.06 sys=0.00, real=0.01 secs]
2325.749: [GC [PSYoungGen: 52224K->256K(58880K)] 528073K->476105K(779776K), 0.0112992 secs] [Times: user=0.06 sys=0.00, real=0.01 secs]
2325.749: [GC [PSYoungGen: 52224K->256K(58880K)] 528073K->476105K(779776K), 0.0112992 secs] [Times: user=0.06 sys=0.00, real=0.01 secs]
2325.749: [GC [PSYoungGen: 52224K->256K(58880K)] 528073K->476105K(779776K), 0.0112992 secs] [Times: user=0.06 sys=0.00, real=0.01 secs]
2325.749: [GC [PSYoungGen: 52224K->256K(58880K)] 528073K->476105K(779776K), 0.0112992 secs] [Times: user=0.06 sys=0.00, real=0.01 secs]
2325.749: [GC [PSYoungGen: 52224K->256K(58880K)] 528073K->476105K(779776K), 0.0112992 secs] [Times: user=0.06 sys=0.00, real=0.01 secs]
2325.749: [GC [PSYoungGen: 52224K->256K(58880K)] 528073K->476105K(779776K), 0.0112992 secs] [Times: user=0.06 sys=0.00, real=0.01 secs]
2325.749: [GC [PSYoungGen: 52224K->256K(58880K)] 528073K->476105K(779776K), 0.0112992 secs] [Times: user=0.06 sys=0.00, real=0.01 secs]
2325.749: [GC [PSYoungGen: 52224K->256K(58880K)] 528073K->476105K(779776K), 0.0112992 secs] [Times: user=0.06 sys=0.00, real=0.01 secs]
2325.749: [GC [PSYoungGen: 52224K->256K(58880K)] 528073K->476105K(779776K), 0.0112992 secs] [Times: user=0.06 sys=0.00, real=0.01 secs]
2325.749: [GC [PSYoungGen: 52224K->256K(58880K)] 528073K->476105K(779776K), 0.0112992 secs] [Times: user=0.06 sys=0.00, real=0.01 secs]
2325.749: [GC [PSYoungGen: 52224K->256K(58880K)] 528073K->476105K(779776K), 0.0112992 secs] [Times: user=0.06 sys=0.00, real=0.01 secs]
2325.749: [GC [PSYoungGen: 52224K->256K(58880K)] 528073K->476105K(779776K), 0.0112992 secs] [Times: user=0.06 sys=0.00, real=0.01 secs]
2325.749: [GC [PSYoungGen: 52224K->256K(58880K)] 528073K->476105K(779776K), 0.0112992 secs] [Times: user=0.06 sys=0.00, real=0.01 secs]
2325.749: [GC [PSYoungGen: 52224K->256K(58880K)] 528073K->476105K(779776K), 0.0112992 secs] [Times: user=0.06 sys=0.00, real=0.01 secs]
2325.749: [GC [PSYoungGen: 52224K->256K(58880K)] 528073K->476105K(779776K), 0.0112992 secs] [Times: user=0.06 sys=0.00, real=0.01 secs]
2325.749: [GC [PSYoungGen: 52224K->256K(58880K)] 528073K->476105K(779776K), 0.0112992 secs] [Times: user=0.06 sys=0.00, real=0.01 secs]
2325.749: [GC [PSYoungGen: 52224K->256K(58880K)] 528073K->476105K(779776K), 0.0112992 secs] [Times: user=0.06 sys=0.00, real=0.01 secs]
2325.749: [GC [PSYoungGen: 52224K->256K(58880K)] 528073K->476105K(779776K), 0.0112992 secs] [Times: user=0.06 sys=0.00, real=0.01 secs]
2325.749: [GC [PSYoungGen: 52224K->256K(58880K)] 528073K->476105K(779776K), 0.0112992 secs] [Times: user=0.06 sys=0.00, real=0.01 secs]
2325.749: [GC [PSYoungGen: 52224K->256K(58880K)] 528073K->476105K(779776K), 0.0112992 secs] [Times: user=0.06 sys=0.00, real=0.01 secs]
2325.749: [GC [PSYoungGen: 52224K->256K(58880K)] 528073K->476105K(779776K), 0.0112992 secs] [Times: user=0.06 sys=0.00, real=0.01 secs]
2325.749: [GC [PSYoungGen: 52224K->256K(58880K)] 528073K->476105K(779776K), 0.0112992 secs] [Times: user=0.06 sys=0.00, real=0.01 secs]
2325.749: [GC [PSYoungGen: 52224K->256K(58880K)] 528073K->476105K(779776K), 0.0112992 secs] [Times: user=0.06 sys=0.00, real=0.01 secs]
2325.749: [GC [PSYoungGen: 52224K->256K(58880K)] 528073K->476105K(779776K), 0.0112992 secs] [Times: user=0.06 sys=0.00, real=0.01 secs]
2325.749: [GC [PSYoungGen: 52224K->256K(58880K)] 528073K->476105K(779776K), 0.0112992 secs] [Times: user=0.06 sys=0.00, real=0.01 secs]
2325.749: [GC [PSYoungGen: 52224K->256K(58880K)] 528073K->476105K(779776K), 0.0112992 secs] [Times: user=0.06 sys=0.00, real=0.01 secs]
2325.749: [GC [PSYoungGen: 52224K->256K(58880K)] 528073K->476105K(779776K), 0.0112992 secs] [Times: user=0.06 sys=0.00, real=0.01 secs]
2325.749: [GC [PSYoungGen: 52224K->256K(58880K)] 528073K->476105K(779776K), 0.0112992 secs] [Times: user=0.06 sys=0.00, real=0.01 secs]
2325.749: [GC [PSYoungGen: 52224K->256K(58880K)] 528073K->476105K(779776K), 0.0112992 secs] [Times: user=0.06 sys=0.00, real=0.01 secs]
2325.749: [GC [PSYoungGen: 52224K->256K(58880K)] 528073K->476105K(779776K), 0.0112992 secs] [Times: user=0.06 sys=0.00, real=0.01 secs]
2325.749: [GC [PSYoungGen: 52224K->256K(58880K)] 528073K->476105K(779776K), 0.0112992 secs] [Times: user=0.06 sys=0.00, real=0.01 secs]
2325.749: [GC [PSYoungGen: 52224K->256K(58880K)] 528073K->476105K(779776K), 0.0112992 secs] [Times: user=0.06 sys=0.00, real=0.01 secs]
2325.749: [GC [PSYoungGen: 52224K->256K(58880K)] 528073K->476105K(779776K), 0.0112992 secs] [Times: user=0.06 sys=0.00, real=0.01 secs]
2325.749: [GC [PSYoungGen: 52224K->256K(58880K)] 528073K->476105K(779776K), 0.0112992 secs] [Times: user=0.06 sys=0.00, real=0.01 secs]
2325.749: [GC [PSYoungGen: 52224K->256K(58880K)] 528073K->476105K(779776K), 0.0112992 secs] [Times: user=0.06 sys=0.00, real=0.01 secs]
2325.749: [GC [PSYoungGen: 52224K->256K(58880K)] 528073K->476105K(779776K), 0.0112992 secs] [Times: user=0.06 sys=0.00, real=0.01 secs]
2325.749: [GC [PSYoungGen: 52224K->256K(58880K)] 528073K->476105K(779776K), 0.0112992 secs] [Times: user=0.06 sys=0.00, real=0.01 secs]
2325.749: [GC [PSYoungGen: 52224K->256K(58880K)] 528073K->476105K(779776K), 0.0112992 secs] [Times: user=0.06 sys=0.00, real=0.01 secs]
2325.749: [GC [PSYoungGen: 52224K->256K(58880K)] 528073K->476105K(779776K), 0.0112992 secs] [Times: user=0.06 sys=0.00, real=0.01 secs]
2325.749: [GC [PSYoungGen: 52224K->256K(58880K)] 528073K->476105K(779776K), 0.0112992 secs] [Times: user=0.06 sys=0.00, real=0.01 secs]
2325.749: [GC [PSYoungGen: 52224K->256K(58880K)] 528073K->476105K(779776K), 0.0112992 secs] [Times: user=0.06 sys=0.00, real=0.01 secs]
2325.749: [GC [PSYoungGen: 52224K->256K(58880K)] 528073K->476105K(779776K), 0.0112992 secs] [Times: user=0.06 sys=0.00, real=0.01 secs]
2325.749: [GC [PSYoungGen: 52224K->256K(58880K)] 528073K->476105K(779776K), 0.0112992 secs] [Times: user=0.06 sys=0.00, real=0.01 secs]
2325.749: [GC [PSYoungGen: 52224K->256K(58880K)] 528073K->476105K(779776K), 0.0112992 secs] [Times: user=0.06 sys=0.00, real=0.01 secs]
2325.749: [GC [PSYoungGen: 52224K->256K(58880K)] 528073K->476105K(779776K), 0.0112992 secs] [Times: user=0.06 sys=0.00, real=0.01 secs]
2325.749: [GC [PSYoungGen: 52224K->256K(58880K)] 528073K->476105K(779776K), 0.0112992 secs] [Times: user=0.06 sys=0.00, real=0.01 secs]
2325.749: [GC [PSYoungGen: 52224K->256K(58880K)] 528073K->476105K(779776K), 0.0112992 secs] [Times: user=0.06 sys=0.00, real=0.01 secs]
2325.749: [GC [PSYoungGen: 52224K->256K(58880K)] 528073K->476105K(779776K), 0.0112992 secs] [Times: user=0.06 sys=0.00, real=0.01 secs]
2325.749: [GC [PSYoungGen: 52224K->256K(58880K)] 528073K->476105K(779776K), 0.0112992 secs] [Times: user=0.06 sys=0.00, real=0.01 secs]
2325.749: [GC [PSYoungGen: 52224K->256K(58880K)] 528073K->476105K(779776K), 0.0112992 secs] [Times: user=0.06 sys=0.00, real=0.01 secs]
2325.749: [GC [PSYoungGen: 52224K->256K(58880K)] 528073K->476105K(779776K), 0.0112992 secs] [Times: user=0.06 sys=0.00, real=0.01 secs]
2325.749: [GC [PSYoungGen: 52224K->256K(58880K)] 528073K->476105K(779776K), 0.0112992 secs] [Times: user=0.06 sys=0.00, real=0.01 secs]
2325.749: [GC [PSYoungGen: 52224K->256K(58880K)] 528073K->476105K(779776K), 0.0112992 secs] [Times: user=0.06 sys=0.00, real=0.01 secs]
2325.749: [GC [PSYoungGen: 52224K->256K(58880K)] 528073K->476105K(779776K), 0.0112992 secs] [Times: user=0.06 sys=0.00, real=0.01 secs]
2325.749: [GC [PSYoungGen: 52224K->256K(58880K)] 528073K->476105K(779776K), 0.0112992 secs] [Times: user=0.06 sys=0.00, real=0.01 secs]
2325.749: [GC [PSYoungGen: 52224K->256K(58880K)] 528073K->476105K(779776K), 0.0112992 secs] [Times: user=0.06 sys=0.00, real=0.01 secs]
2325.749: [GC [PSYoungGen: 52224K->256K(58880K)] 528073K->476105K(779776K), 0.0112992 secs] [Times: user=0.06 sys=0.00, real=0.01 secs]
2325.749: [GC [PSYoungGen: 52224K->256K(58880K)] 528073K->476105K(779776K), 0.0112992 secs] [Times: user=0.06 sys=0.00, real=0.01 secs]
2325.749: [GC [PSYoungGen: 52224K->256K(58880K)] 528073K->476105K(779776K), 0.0112992 secs] [Times: user=0.06 sys=0.00, real=0.01 secs]
2325.749: [GC [PSYoungGen: 52224K->256K(58880K)] 528073K->476105K(779776K), 0.0112992 secs] [Times: user=0.06 sys=0.00, real=0.01 secs]
2325.749: [GC [PSYoungGen: 52224K->256K(58880K)] 528073K->476105K(779776K), 0.0112992 secs] [Times: user=0.06 sys=0.00, real=0.01 secs]
2325.749: [GC [PSYoungGen: 52224K->256K(58880K)] 528073K->476105K(779776K), 0.0112992 secs] [Times: user=0.06 sys=0.00, real=0.01 secs]
2325.749: [GC [PSYoungGen: 52224K->256K(58880K)] 528073K->476105K(779776K), 0.0112992 secs] [Times: user=0.06 sys=0.00, real=0.01 secs]
2325.749: [GC [PSYoungGen: 52224K->256K(58880K)] 528073K->476105K(779776K), 0.0112992 secs] [Times: user=0.06 sys=0.00, real=0.01 secs]
2325.749: [GC [PSYoungGen: 52224K->256K(58880K)] 528073K->476105K(779776K), 0.0112992 secs] [Times: user=0.06 sys=0.00, real=0.01 secs]
2325.749: [GC [PSYoungGen: 52224K->256K(58880K)] 528073K->476105K(779776K), 0.0112992 secs] [Times: user=0.06 sys=0.00, real=0.01 secs]
2325.749: [GC [PSYoungGen: 52224K->256K(58880K)] 528073K->476105K(779776K), 0.0112992 secs] [Times: user=0.06 sys=0.00, real=0.01 secs]
2325.749: [GC [PSYoungGen: 52224K->256K(58880K)] 528073K->476105K(779776K), 0.0112992 secs] [Times: user=0.06 sys=0.00, real=0.01 secs]
2325.749: [GC [PSYoungGen: 52224K->256K(58880K)] 528073K->476105K(779776K), 0.0112992 secs] [Times: user=0.06 sys=0.00, real=0.01 secs]
2325.749: [GC [PSYoungGen: 52224K->256K(58880K)] 528073K->476105K(779776K), 0.0112992 secs] [Times: user=0.06 sys=0.00, real=0.01 secs]
2325.749: [GC [PSYoungGen: 52224K->256K(58880K)] 528073K->476105K(779776K), 0.0112992 secs] [Times: user=0.06 sys=0.00, real=0.01 secs]
2325.749: [GC [PSYoungGen: 52224K->256K(58880K)] 528073K->476105K(779776K), 0.0112992 secs] [Times: user=0.06 sys=0.00, real=0.01 secs]
2325.749: [GC [PSYoungGen: 52224K->256K(58880K)] 528073K->476105K(779776K), 0.0112992 secs] [Times: user=0.06 sys=0.00, real=0.01 secs]
2325.749: [GC [PSYoungGen: 52224K->256K(58880K)] 528073K->476105K(779776K), 0.0112992 secs] [Times: user=0.06 sys=0.00, real=0.01 secs]
2325.749: [GC [PSYoungGen: 52224K->256K(58880K)] 528073K->476105K(779776K), 0.0112992 secs] [Times: user=0.06 sys=0.00, real=0.01 secs]
2325.749: [GC [PSYoungGen: 52224K->256K(58880K)] 528073K->476105K(779776K), 0.0112992 secs] [Times: user=0.06 sys=0.00, real=0.01 secs]
2325.749: [GC [PSYoungGen: 52224K->256K(58880K)] 528073K->476105K(779776K), 0.0112992 secs] [Times: user=0.06 sys=0.00, real=0.01 secs]
2325.749: [GC [PSYoungGen: 52224K->256K(58880K)] 528073K->476105K(779776K), 0.0112992 secs] [Times: user=0.06 sys=0.00, real=0.01 secs]
2325.749: [GC [PSYoungGen: 52224K->256K(58880K)] 528073K->476105K(779776K), 0.0112992 secs] [Times: user=0.06 sys=0.00, real=0.01 secs]
2325.749: [GC [PSYoungGen: 52224K->256K(58880K)] 528073K->476105K(779776K), 0.0112992 secs] [Times: user=0.06 sys=0.00, real=0.01 secs]
2325.749: [GC [PSYoungGen: 52224K->256K(58880K)] 528073K->476105K(779776K), 0.0112992 secs] [Times: user=0.06 sys=0.00, real=0.01 secs]
2325.749: [GC [PSYoungGen: 52224K->256K(58880K)] 528073K->476105K(779776K), 0.0112992 secs] [Times: user=0.06 sys=0.00, real=0.01 secs]
2325.749: [GC [PSYoungGen: 52224K->256K(58880K)] 528073K->476105K(779776K), 0.0112992 secs] [Times: user=0.06 sys=0.00, real=0.01 secs]
2325.749: [GC [PSYoungGen: 52224K->256K(58880K)] 528073K->476105K(779776K), 0.0112992 secs] [Times: user=0.06 sys=0.00, real=0.01 secs]
2325.749: [GC [PSYoungGen: 52224K->256K(58880K)] 528073K->476105K(779776K), 0.0112992 secs] [Times: user=0.06 sys=0.00, real=0.01 secs]
2325.749: [GC [PSYoungGen: 52224K->256K(58880K)] 528073K->476105K(779776K), 0.0112992 secs] [Times: user=0.06 sys=0.00, real=0.01 secs]
2325.749: [GC [PSYoungGen: 52224K->256K(58880K)] 528073K->476105K(779776K), 0.0112992 secs] [Times: user=0.06 sys=0.00, real=0.01 secs]
2325.749: [GC [PSYoungGen: 52224K->256K(58880K)] 528073K->476105K(779776K), 0.0112992 secs] [Times: user=0.06 sys=0.00, real=0.01 secs]
2325.749: [GC [PSYoungGen: 52224K->256K(58880K)] 528073K->476105K(779776K), 0.0112992 secs] [Times: user=0.06 sys=0.00, real=0.01 secs]
2325.749: [GC [PSYoungGen: 52224K->256K(58880K)] 528073K->476105K(779776K), 0.0112992 secs] [Times: user=0.06 sys=0.00, real=0.01 secs]
2325.749: [GC [PSYoungGen: 52224K->256K(58880K)] 528073K->476105K(779776K), 0.0112992 secs] [Times: user=0.06 sys=0.00, real=0.01 secs]
2325.749: [GC [PSYoungGen: 52224K->256K(58880K)] 528073K->476105K(779776K), 0.0112992 secs] [Times: user=0.06 sys=0.00, real=0.01 secs]
2325.749: [GC [PSYoungGen: 52224K->256K(58880K)] 528073K->476105K(779776K), 0.0112992 secs] [Times: user=0.06 sys=0.00, real=0.01 secs]
2325.749: [GC [PSYoungGen: 52224K->256K(58880K)] 528073K->476105K(779776K), 0.0112992 secs] [Times: user=0.06 sys=0.00, real=0.01 secs]
2325.749: [GC [PSYoungGen: 52224K->256K(58880K)] 528073K->476105K(779776K), 0.0112992 secs] [Times: user=0.06 sys=0.00, real=0.01 secs]
2325.749: [GC [PSYoungGen: 52224K->256K(58880K)] 528073K->476105K(779776K), 0.0112992 secs] [Times: user=0.06 sys=0.00, real=0.01 secs]
2325.749: [GC [PSYoungGen: 52224K->256K(58880K)] 528073K->476105K(779776K), 0.0112992 secs] [Times: user=0.06 sys=0.00, real=0.01 secs]
2325.749: [GC [PSYoungGen: 52224K->256K(58880K)] 528073K->476105K(779776K), 0.0112992 secs] [Times: user=0.06 sys=0.00, real=0.01 secs]
2325.749: [GC [PSYoungGen: 52224K->256K(58880K)] 528073K->476105K(779776K), 0.0112992 secs] [Times: user=0.06 sys=0.00, real=0.01 secs]
2325.749: [GC [PSYoungGen: 52224K->256K(58880K)] 528073K->476105K(779776K), 0.0112992 secs] [Times: user=0.06 sys=0.00, real=0.01 secs]
2325.749: [GC [PSYoungGen: 52224K->256K(58880K)] 528073K->476105K(779776K), 0.0112992 secs] [Times: user=0.06 sys=0.00, real=0.01 secs]
2325.749: [GC [PSYoungGen: 52224K->256K(58880K)] 528073K->476105K(779776K), 0.0112992 secs] [Times: user=0.06 sys=0.00, real=0.01 secs]
2325.749: [GC [PSYoungGen: 52224K->256K(58880K)] 528073K->476105K(779776K), 0.0112992 secs] [Times: user=0.06 sys=0.00, real=0.01 secs]
2325.749: [GC [PSYoungGen: 52224K->256K(58880K)] 528073K->476105K(779776K), 0.0112992 secs] [Times: user=0.06 sys=0.00, real=0.01 secs]
2325.749: [GC [PSYoungGen: 52224K->256K(58880K)] 528073K->476105K(779776K), 0.0112992 secs] [Times: user=0.06 sys=0.00, real=0.01 secs]
2325.749: [GC [PSYoungGen: 52224K->256K(58880K)] 528073K->476105K(779776K), 0.0112992 secs] [Times: user=0.06 sys=0.00, real=0.01 secs]
2325.749: [GC [PSYoungGen: 52224K->256K(58880K)] 528073K->476105K(779776K), 0.0112992 secs] [Times: user=0.06 sys=0.00, real=0.01 secs]
2325.749: [GC [PSYoungGen: 52224K->256K(58880K)] 528073K->476105K(779776K), 0.0112992 secs] [Times: user=0.06 sys=0.00, real=0.01 secs]
2325.749: [GC [PSYoungGen: 52224K->256K(58880K)] 528073K->476105K(779776K), 0.0112992 secs] [Times: user=0.06 sys=0.00, real=0.01 secs]
2325.749: [GC [PSYoungGen: 52224K->256K(58880K)] 528073K->476105K(779776K), 0.0112992 secs] [Times: user=0.06 sys=0.00, real=0.01 secs]
2325.749: [GC [PSYoungGen: 52224K->256K(58880K)] 528073K->476105K(779776K), 0.0112992 secs] [Times: user=0.06 sys=0.00, real=0.01 secs]
2325.749: [GC [PSYoungGen: 52224K->256K(58880K)] 528073K->476105K(779776K), 0.0112992 secs] [Times: user=0.06 sys=0.00, real=0.01 secs]
2325.749: [GC [PSYoungGen: 52224K->256K(58880K)] 528073K->476105K(779776K), 0.0112992 secs] [Times: user=0.06 sys=0.00, real=0.01 secs]
2325.749: [GC [PSYoungGen: 52224K->256K(58880K)] 528073K->476105K(779776K), 0.0112992 secs] [Times: user=0.06 sys=0.00, real=0.01 secs]
2325.749: [GC [PSYoungGen: 52224K->256K(58880K)] 528073K->476105K(779776K), 0.0112992 secs] [Times: user=0.06 sys=0.00, real=0.01 secs]
2325.749: [GC [PSYoungGen: 52224K->256K(58880K)] 528073K->476105K(779776K), 0.0112992 secs] [Times: user=0.06 sys=0.00, real=0.01 secs]
2325.749: [GC [PSYoungGen: 52224K->256K(58880K)] 528073K->476105K(779776K), 0.0112992 secs] [Times: user=0.06 sys=0.00, real=0.01 secs]
2325.749: [GC [PSYoungGen: 52224K->256K(58880K)] 528073K->476105K(779776K), 0.0112992 secs] [Times: user=0.06 sys=0.00, real=0.01 secs]
2325.749: [GC [PSYoungGen: 52224K->256K(58880K)] 528073K->476105K(779776K), 0.0112992 secs] [Times: user=0.06 sys=0.00, real=0.01 secs]
2325.749: [GC [PSYoungGen: 52224K->256K(58880K)] 528073K->476105K(779776K), 0.0112992 secs] [Times: user=0.06 sys=0.00, real=0.01 secs]
2325.749: [GC [PSYoungGen: 52224K->256K(58880K)] 528073K->476105K(779776K), 0.0112992 secs] [Times: user=0.06 sys=0.00, real=0.01 secs]
2325.749: [GC [PSYoungGen: 52224K->256K(58880K)] 528073K->476105K(779776K), 0.0112992 secs] [Times: user=0.06 sys=0.00, real=0.01 secs]
2325.749: [GC [PSYoungGen: 52224K->256K(58880K)] 528073K->476105K(779776K), 0.0112992 secs] [Times: user=0.06 sys=0.00, real=0.01 secs]
2325.749: [GC [PSYoungGen: 52224K->256K(58880K)] 528073K->476105K(779776K), 0.0112992 secs] [Times: user=0.06 sys=0.00, real=0.01 secs]
2325.749: [GC [PSYoungGen: 52224K->256K(58880K)] 528073K->476105K(779776K), 0.0112992 secs] [Times: user=0.06 sys=0.00, real=0.01 secs]
2325.749: [GC [PSYoungGen: 52224K->256K(58880K)] 528073K->476105K(779776K), 0.0112992 secs] [Times: user=0.06 sys=0.00, real=0.01 secs]
2325.749: [GC [PSYoungGen: 52224K->256K(58880K)] 528073K->476105K(779776K), 0.0112992 secs] [Times: user=0.06 sys=0.00, real=0.01 secs]
2325.749: [GC [PSYoungGen: 52224K->256K(58880K)] 528073K->476105K(779776K), 0.0112992 secs] [Times: user=0.06 sys=0.00, real=0.01 secs]
2325.749: [GC [PSYoungGen: 52224K->256K(58880K)] 528073K->476105K(779776K), 0.0112992 secs] [Times: user=0.06 sys=0.00, real=0.01 secs]
2325.749: [GC [PSYoungGen: 52224K->256K(58880K)] 528073K->476105K(779776K), 0.0112992 secs] [Times: user=0.06 sys=0.00, real=0.01 secs]
2325.749: [GC [PSYoungGen: 52224K->256K(58880K)] 528073K->476105K(779776K), 0.0112992 secs] [Times: user=0.06 sys=0.00, real=0.01 secs]
2325.749: [GC [PSYoungGen: 52224K->256K(58880K)] 528073K->476105K(779776K), 0.0112992 secs] [Times: user=0.06 sys=0.00, real=0.01 secs]
2325.749: [GC [PSYoungGen: 52224K->256K(58880K)] 528073K->476105K(779776K), 0.0112992 secs] [Times: user=0.06 sys=0.00, real=0.01 secs]
2325.749: [GC [PSYoungGen: 52224K->256K(58880K)] 528073K->476105K(779776K), 0.0112992 secs] [Times: user=0.06 sys=0.00, real=0.01 secs]
2325.749: [GC [PSYoungGen: 52224K->256K(58880K)] 528073K->476105K(779776K), 0.0112992 secs] [Times: user=0.06 sys=0.00, real=0.01 secs]
2325.749: [GC [PSYoungGen: 52224K->256K(58880K)] 528073K->476105K(779776K), 0.0112992 secs] [Times: user=0.06 sys=0.00, real=0.01 secs]
2325.749: [GC [PSYoungGen: 52224K->256K(58880K)] 528073K->476105K(779776K), 0.0112992 secs] [Times: user=0.06 sys=0.00, real=0.01 secs]
2325.749: [GC [PSYoungGen: 52224K->256K(58880K)] 528073K->476105K(779776K), 0.0112992 secs] [Times: user=0.06 sys=0.00, real=0.01 secs]
2325.749: [GC [PSYoungGen: 52224K->256K(58880K)] 528073K->476105K(779776K), 0.0112992 secs] [Times: user=0.06 sys=0.00, real=0.01 secs]
2325.749: [GC [PSYoungGen: 52224K->256K(58880K)] 528073K->476105K(779776K), 0.0112992 secs] [Times: user=0.06 sys=0.00, real=0.01 secs]
2325.749: [GC [PSYoungGen: 52224K->256K(58880K)] 528073K->476105K(779776K), 0.0112992 secs] [Times: user=0.06 sys=0.00, real=0.01 secs]
2325.749: [GC [PSYoungGen: 52224K->256K(58880K)] 528073K->476105K(779776K), 0.0112992 secs] [Times: user=0.06 sys=0.00, real=0.01 secs]
2325.749: [GC [PSYoungGen: 52224K->256K(58880K)] 528073K->476105K(779776K), 0.0112992 secs] [Times: user=0.06 sys=0.00, real=0.01 secs]
2325.749: [GC [PSYoungGen: 52224K->256K(58880K)] 528073K->476105K(779776K), 0.0112992 secs] [Times: user=0.06 sys=0.00, real=0.01 secs]
2325.749: [GC [PSYoungGen: 52224K->256K(58880K)] 528073K->476105K(779776K), 0.0112992 secs] [Times: user=0.06 sys=0.00, real=0.01 secs]
2325.749: [GC [PSYoungGen: 52224K->256K(58880K)] 528073K->476105K(779776K), 0.0112992 secs] [Times: user=0.06 sys=0.00, real=0.01 secs]
2325.749: [GC [PSYoungGen: 52224K->256K(58880K)] 528073K->476105K(779776K), 0.0112992 secs] [Times: user=0.06 sys=0.00, real=0.01 secs]
2325.749: [GC [PSYoungGen: 52224K->256K(58880K)] 528073K->476105K(779776K), 0.0112992 secs] [Times: user=0.06 sys=0.00, real=0.01 secs]
2325.749: [GC [PSYoungGen: 52224K->256K(58880K)] 528073K->476105K(779776K), 0.0112992 secs] [Times: user=0.06 sys=0.00, real=0.01 secs]
2325.749: [GC [PSYoungGen: 52224K->256K(58880K)] 528073K->476105K(779776K), 0.0112992 secs] [Times: user=0.06 sys=0.00, real=0.01 secs]
2325.749: [GC [PSYoungGen: 52224K->256K(58880K)] 528073K->476105K(779776K), 0.0112992 secs] [Times: user=0.06 sys=0.00, real=0.01 secs]
2325.749: [GC [PSYoungGen: 52224K->256K(58880K)] 528073K->476105K(779776K), 0.0112992 secs] [Times: user=0.06 sys=0.00, real=0.01 secs]
2325.749: [GC [PSYoungGen: 52224K->256K(58880K)] 528073K->476105K(779776K), 0.0112992 secs] [Times: user=0.06 sys=0.00, real=0.01 secs]
2325.749: [GC [PSYoungGen: 52224K->256K(58880K)] 528073K->476105K(779776K), 0.0112992 secs] [Times: user=0.06 sys=0.00, real=0.01 secs]
2325.749: [GC [PSYoungGen: 52224K->256K(58880K)] 528073K->476105K(779776K), 0.0112992 secs] [Times: user=0.06 sys=0.00, real=0.01 secs]
2325.749: [GC [PSYoungGen: 52224K->256K(58880K)] 528073K->476105K(779776K), 0.0112992 secs] [Times: user=0.06 sys=0.00, real=0.01 secs]
2325.749: [GC [PSYoungGen: 52224K->256K(58880K)] 528073K->476105K(779776K), 0.0112992 secs] [Times: user=0.06 sys=0.00, real=0.01 secs]
2325.749: [GC [PSYoungGen: 52224K->256K(58880K)] 528073K->476105K(779776K), 0.0112992 secs] [Times: user=0.06 sys=0.00, real=0.01 secs]
2325.749: [GC [PSYoungGen: 52224K->256K(58880K)] 528073K->476105K(779776K), 0.0112992 secs] [Times: user=0.06 sys=0.00, real=0.01 secs]
2325.749: [GC [PSYoungGen: 52224K->256K(58880K)] 528073K->476105K(779776K), 0.0112992 secs] [Times: user=0.06 sys=0.00, real=0.01 secs]
2325.749: [GC [PSYoungGen: 52224K->256K(58880K)] 528073K->476105K(779776K), 0.0112992 secs] [Times: user=0.06 sys=0.00, real=0.01 secs]
2325.749: [GC [PSYoungGen: 52224K->256K(58880K)] 528073K->476105K(779776K), 0.0112992 secs] [Times: user=0.06 sys=0.00, real=0.01 secs]
2325.749: [GC [PSYoungGen: 52224K->256K(58880K)] 528073K->476105K(779776K), 0.0112992 secs] [Times: user=0.06 sys=0.00, real=0.01 secs]
2325.749: [GC [PSYoungGen: 52224K->256K(58880K)] 528073K->476105K(779776K), 0.0112992 secs] [Times: user=0.06 sys=0.00, real=0.01 secs]
2325.749: [GC [PSYoungGen: 52224K->256K(58880K)] 528073K->476105K(779776K), 0.0112992 secs] [Times: user=0.06 sys=0.00, real=0.01 secs]
2325.749: [GC [PSYoungGen: 52224K->256K(58880K)] 528073K->476105K(779776K), 0.0112992 secs] [Times: user=0.06 sys=0.00, real=0.01 secs]
2325.749: [GC [PSYoungGen: 52224K->256K(58880K)] 528073K->476105K(779776K), 0.0112992 secs] [Times: user=0.06 sys=0.00, real=0.01 secs]
2325.749: [GC [PSYoungGen: 52224K->256K(58880K)] 528073K->476105K(779776K), 0.0112992 secs] [Times: user=0.06 sys=0.00, real=0.01 secs]
2325.749: [GC [PSYoungGen: 52224K->256K(58880K)] 528073K->476105K(779776K), 0.0112992 secs] [Times: user=0.06 sys=0.00, real=0.01 secs]
2325.749: [GC [PSYoungGen: 52224K->256K(58880K)] 528073K->476105K(779776K), 0.0112992 secs] [Times: user=0.06 sys=0.00, real=0.01 secs]
2325.749: [GC [PSYoungGen: 52224K->256K(58880K)] 528073K->476105K(779776K), 0.0112992 secs] [Times: user=0.06 sys=0.00, real=0.01 secs]
2325.749: [GC [PSYoungGen: 52224K->256K(58880K)] 528073K->476105K(779776K), 0.0112992 secs] [Times: user=0.06 sys=0.00, real=0.01 secs]
2325.749: [GC [PSYoungGen: 52224K->256K(58880K)] 528073K->476105K(779776K), 0.0112992 secs] [Times: user=0.06 sys=0.00, real=0.01 secs]
2325.749: [GC [PSYoungGen: 52224K->256K(58880K)] 528073K->476105K(779776K), 0.0112992 secs] [Times: user=0.06 sys=0.00, real=0.01 secs]
2325.749: [GC [PSYoungGen: 52224K->256K(58880K)] 528073K->476105K(779776K), 0.0112992 secs] [Times: user=0.06 sys=0.00, real=0.01 secs]
2325.749: [GC [PSYoungGen: 52224K->256K(58880K)] 528073K->476105K(779776K), 0.0112992 secs] [Times: user=0.06 sys=0.00, real=0.01 secs]
2325.749: [GC [PSYoungGen: 52224K->256K(58880K)] 528073K->476105K(779776K), 0.0112992 secs] [Times: user=0.06 sys=0.00, real=0.01 secs]
2325.749: [GC [PSYoungGen: 52224K->256K(58880K)] 528073K->476105K(779776K), 0.0112992 secs] [Times: user=0.06 sys=0.00, real=0.01 secs]
2325.749: [GC [PSYoungGen: 52224K->256K(58880K)] 528073K->476105K(779776K), 0.0112992 secs] [Times: user=0.06 sys=0.00, real=0.01 secs]
2325.749: [GC [PSYoungGen: 52224K->256K(58880K)] 528073K->476105K(779776K), 0.0112992 secs] [Times: user=0.06 sys=0.00, real=0.01 secs]
2325.749: [GC [PSYoungGen: 52224K->256K(58880K)] 528073K->476105K(779776K), 0.0112992 secs] [Times: user=0.06 sys=0.00, real=0.01 secs]
2325.749: [GC [PSYoungGen: 52224K->256K(58880K)] 528073K->476105K(779776K), 0.0112992 secs] [Times: user=0.06 sys=0.00, real=0.01 secs]
2325.749: [GC [PSYoungGen: 52224K->256K(58880K)] 528073K->476105K(779776K), 0.0112992 secs] [Times: user=0.06 sys=0.00, real=0.01 secs]
2325.749: [GC [PSYoungGen: 52224K->256K(58880K)] 528073K->476105K(779776K), 0.0112992 secs] [Times: user=0.06 sys=0.00, real=0.01 secs]
2325.749: [GC [PSYoungGen: 52224K->256K(58880K)] 528073K->476105K(779776K), 0.0112992 secs] [Times: user=0.06 sys=0.00, real=0.01 secs]
2325.749: [GC [PSYoungGen: 52224K->256K(58880K)] 528073K->476105K(779776K), 0.0112992 secs] [Times: user=0.06 sys=0.00, real=0.01 secs]
2325.749: [GC [PSYoungGen: 52224K->256K(58880K)] 528073K->476105K(779776K), 0.0112992 secs] [Times: user=0.06 sys=0.00, real=0.01 secs]
2325.749: [GC [PSYoungGen: 52224K->256K(58880K)] 528073K->476105K(779776K), 0.0112992 secs] [Times: user=0.06 sys=0.00, real=0.01 secs]
2325.749: [GC [PSYoungGen: 52224K->256K(58880K)] 528073K->476105K(779776K), 0.0112992 secs] [Times: user=0.06 sys=0.00, real=0.01 secs]
2325.749: [GC [PSYoungGen: 52224K->256K(58880K)] 528073K->476105K(779776K), 0.0112992 secs] [Times: user=0.06 sys=0.00, real=0.01 secs]
2325.749: [GC [PSYoungGen: 52224K->256K(58880K)] 528073K->476105K(779776K), 0.0112992 secs] [Times: user=0.06 sys=0.00, real=0.01 secs]
2325.749: [GC [PSYoungGen: 52224K->256K(58880K)] 528073K->476105K(779776K), 0.0112992 secs] [Times: user=0.06 sys=0.00, real=0.01 secs]
2325.749: [GC [PSYoungGen: 52224K->256K(58880K)] 528073K->476105K(779776K), 0.0112992 secs] [Times: user=0.06 sys=0.00, real=0.01 secs]
2325.749: [GC [PSYoungGen: 52224K->256K(58880K)] 528073K->476105K(779776K), 0.0112992 secs] [Times: user=0.06 sys=0.00, real=0.01 secs]
2325.749: [GC [PSYoungGen: 52224K->256K(58880K)] 528073K->476105K(779776K), 0.0112992 secs] [Times: user=0.06 sys=0.00, real=0.01 secs]
2325.749: [GC [PSYoungGen: 52224K->256K(58880K)] 528073K->476105K(779776K), 0.0112992 secs] [Times: user=0.06 sys=0.00, real=0.01 secs]
2325.749: [GC [PSYoungGen: 52224K->256K(58880K)] 528073K->476105K(779776K), 0.0112992 secs] [Times: user=0.06 sys=0.00, real=0.01 secs]
2325.749: [GC [PSYoungGen: 52224K->256K(58880K)] 528073K->476105K(779776K), 0.0112992 secs] [Times: user=0.06 sys=0.00, real=0.01 secs]
2325.749: [GC [PSYoungGen: 52224K->256K(58880K)] 528073K->476105K(779776K), 0.0112992 secs] [Times: user=0.06 sys=0.00, real=0.01 secs]
2325.749: [GC [PSYoungGen: 52224K->256K(58880K)] 528073K->476105K(779776K), 0.0112992 secs] [Times: user=0.06 sys=0.00, real=0.01 secs]
2325.749: [GC [PSYoungGen: 52224K->256K(58880K)] 528073K->476105K(779776K), 0.0112992 secs] [Times: user=0.06 sys=0.00, real=0.01 secs]
2325.749: [GC [PSYoungGen: 52224K->256K(58880K)] 528073K->476105K(779776K), 0.0112992 secs] [Times: user=0.06 sys=0.00, real=0.01 secs]
2325.749: [GC [PSYoungGen: 52224K->256K(58880K)] 528073K->476105K(779776K), 0.0112992 secs] [Times: user=0.06 sys=0.00, real=0.01 secs]
2325.749: [GC [PSYoungGen: 52224K->256K(58880K)] 528073K->476105K(779776K), 0.0112992 secs] [Times: user=0.06 sys=0.00, real=0.01 secs]
2325.749: [GC [PSYoungGen: 52224K->256K(58880K)] 528073K->476105K(779776K), 0.0112992 secs] [Times: user=0.06 sys=0.00, real=0.01 secs]
2325.749: [GC [PSYoungGen: 52224K->256K(58880K)] 528073K->476105K(779776K), 0.0112992 secs] [Times: user=0.06 sys=0.00, real=0.01 secs]
2325.749: [GC [PSYoungGen: 52224K->256K(58880K)] 528073K->476105K(779776K), 0.0112992 secs] [Times: user=0.06 sys=0.00, real=0.01 secs]
2325.749: [GC [PSYoungGen: 52224K->256K(58880K)] 528073K->476105K(779776K), 0.0112992 secs] [Times: user=0.06 sys=0.00, real=0.01 secs]
2325.749: [GC [PSYoungGen: 52224K->256K(58880K)] 528073K->476105K(779776K), 0.0112992 secs] [Times: user=0.06 sys=0.00, real=0.01 secs]
2325.749: [GC [PSYoungGen: 52224K->256K(58880K)] 528073K->476105K(779776K), 0.0112992 secs] [Times: user=0.06 sys=0.00, real=0.01 secs]
2325.749: [GC [PSYoungGen: 52224K->256K(58880K)] 528073K->476105K(779776K), 0.0112992 secs] [Times: user=0.06 sys=0.00, real=0.01 secs]
2325.749: [GC [PSYoungGen: 52224K->256K(58880K)] 528073K->476105K(779776K), 0.0112992 secs] [Times: user=0.06 sys=0.00, real=0.01 secs]
2325.749: [GC [PSYoungGen: 52224K->256K(58880K)] 528073K->476105K(779776K), 0.0112992 secs] [Times: user=0.06 sys=0.00, real=0.01 secs]
2325.749: [GC [PSYoungGen: 52224K->256K(58880K)] 528073K->476105K(779776K), 0.0112992 secs] [Times: user=0.06 sys=0.00, real=0.01 secs]
2325.749: [GC [PSYoungGen: 52224K->256K(58880K)] 528073K->476105K(779776K), 0.0112992 secs] [Times: user=0.06 sys=0.00, real=0.01 secs]
2325.749: [GC [PSYoungGen: 52224K->256K(58880K)] 528073K->476105K(779776K), 0.0112992 secs] [Times: user=0.06 sys=0.00, real=0.01 secs]
2325.749: [GC [PSYoungGen: 52224K->256K(58880K)] 528073K->476105K(779776K), 0.0112992 secs] [Times: user=0.06 sys=0.00, real=0.01 secs]
2325.749: [GC [PSYoungGen: 52224K->256K(58880K)] 528073K->476105K(779776K), 0.0112992 secs] [Times: user=0.06 sys=0.00, real=0.01 secs]
2325.749: [GC [PSYoungGen: 52224K->256K(58880K)] 528073K->476105K(779776K), 0.0112992 secs] [Times: user=0.06 sys=0.00, real=0.01 secs]
2325.749: [GC [PSYoungGen: 52224K->256K(58880K)] 528073K->476105K(779776K), 0.0112992 secs] [Times: user=0.06 sys=0.00, real=0.01 secs]
2325.749: [GC [PSYoungGen: 52224K->256K(58880K)] 528073K->476105K(779776K), 0.0112992 secs] [Times: user=0.06 sys=0.00, real=0.01 secs]
2325.749: [GC [PSYoungGen: 52224K->256K(58880K)] 528073K->476105K(779776K), 0.0112992 secs] [Times: user=0.06 sys=0.00, real=0.01 secs]
2325.749: [GC [PSYoungGen: 52224K->256K(58880K)] 528073K->476105K(779776K), 0.0112992 secs] [Times: user=0.06 sys=0.00, real=0.01 secs]
2325.749: [GC [PSYoungGen: 52224K->256K(58880K)] 528073K->476105K(779776K), 0.0112992 secs] [Times: user=0.06 sys=0.00, real=0.01 secs]
2325.749: [GC [PSYoungGen: 52224K->256K(58880K)] 528073K->476105K(779776K), 0.0112992 secs] [Times: user=0.06 sys=0.00, real=0.01 secs]
2325.749: [GC [PSYoungGen: 52224K->256K(58880K)] 528073K->476105K(779776K), 0.0112992 secs] [Times: user=0.06 sys=0.00, real=0.01 secs]
2325.749: [GC [PSYoungGen: 52224K->256K(58880K)] 528073K->476105K(779776K), 0.0112992 secs] [Times: user=0.06 sys=0.00, real=0.01 secs]
2325.749: [GC [PSYoungGen: 52224K->256K(58880K)] 528073K->476105K(779776K), 0.0112992 secs] [Times: user=0.06 sys=0.00, real=0.01 secs]
2325.749: [GC [PSYoungGen: 52224K->256K(58880K)] 528073K->476105K(779776K), 0.0112992 secs] [Times: user=0.06 sys=0.00, real=0.01 secs]
2325.749: [GC [PSYoungGen: 52224K->256K(58880K)] 528073K->476105K(779776K), 0.0112992 secs] [Times: user=0.06 sys=0.00, real=0.01 secs]
2325.749: [GC [PSYoungGen: 52224K->256K(58880K)] 528073K->476105K(779776K), 0.0112992 secs] [Times: user=0.06 sys=0.00, real=0.01 secs]
2325.749: [GC [PSYoungGen: 52224K->256K(58880K)] 528073K->476105K(779776K), 0.0112992 secs] [Times: user=0.06 sys=0.00, real=0.01 secs]
2325.749: [GC [PSYoungGen: 52224K->256K(58880K)] 528073K->476105K(779776K), 0.0112992 secs] [Times: user=0.06 sys=0.00, real=0.01 secs]
2325.749: [GC [PSYoungGen: 52224K->256K(58880K)] 528073K->476105K(779776K), 0.0112992 secs] [Times: user=0.06 sys=0.00, real=0.01 secs]
2325.749: [GC [PSYoungGen: 52224K->256K(58880K)] 528073K->476105K(779776K), 0.0112992 secs] [Times: user=0.06 sys=0.00, real=0.01 secs]
2325.749: [GC [PSYoungGen: 52224K->256K(58880K)] 528073K->476105K(779776K), 0.0112992 secs] [Times: user=0.06 sys=0.00, real=0.01 secs]
2325.749: [GC [PSYoungGen: 52224K->256K(58880K)] 528073K->476105K(779776K), 0.0112992 secs] [Times: user=0.06 sys=0.00, real=0.01 secs]
2325.749: [GC [PSYoungGen: 52224K->256K(58880K)] 528073K->476105K(779776K), 0.0112992 secs] [Times: user=0.06 sys=0.00, real=0.01 secs]
2325.749: [GC [PSYoungGen: 52224K->256K(58880K)] 528073K->476105K(779776K), 0.0112992 secs] [Times: user=0.06 sys=0.00, real=0.01 secs]
2325.749: [GC [PSYoungGen: 52224K->256K(58880K)] 528073K->476105K(779776K), 0.0112992 secs] [Times: user=0.06 sys=0.00, real=0.01 secs]
2325.749: [GC [PSYoungGen: 52224K->256K(58880K)] 528073K->476105K(779776K), 0.0112992 secs] [Times: user=0.06 sys=0.00, real=0.01 secs]
2325.749: [GC [PSYoungGen: 52224K->256K(58880K)] 528073K->476105K(779776K), 0.0112992 secs] [Times: user=0.06 sys=0.00, real=0.01 secs]
2325.749: [GC [PSYoungGen: 52224K->256K(58880K)] 528073K->476105K(779776K), 0.0112992 secs] [Times: user=0.06 sys=0.00, real=0.01 secs]
2325.749: [GC [PSYoungGen: 52224K->256K(58880K)] 528073K->476105K(779776K), 0.0112992 secs] [Times: user=0.06 sys=0.00, real=0.01 secs]
2325.749: [GC [PSYoungGen: 52224K->256K(58880K)] 528073K->476105K(779776K), 0.0112992 secs] [Times: user=0.06 sys=0.00, real=0.01 secs]
2325.749: [GC [PSYoungGen: 52224K->256K(58880K)] 528073K->476105K(779776K), 0.0112992 secs] [Times: user=0.06 sys=0.00, real=0.01 secs]
2325.749: [GC [PSYoungGen: 52224K->256K(58880K)] 528073K->476105K(779776K), 0.0112992 secs] [Times: user=0.06 sys=0.00, real=0.01 secs]
2325.749: [GC [PSYoungGen: 52224K->256K(58880K)] 528073K->476105K(779776K), 0.0112992 secs] [Times: user=0.06 sys=0.00, real=0.01 secs]
2325.749: [GC [PSYoungGen: 52224K->256K(58880K)] 528073K->476105K(779776K), 0.0112992 secs] [Times: user=0.06 sys=0.00, real=0.01 secs]
2325.749: [GC [PSYoungGen: 52224K->256K(58880K)] 528073K->476105K(779776K), 0.0112992 secs] [Times: user=0.06 sys=0.00, real=0.01 secs]
2325.749: [GC [PSYoungGen: 52224K->256K(58880K)] 528073K->476105K(779776K), 0.0112992 secs] [Times: user=0.06 sys=0.00, real=0.01 secs]
2325.749: [GC [PSYoungGen: 52224K->256K(58880K)] 528073K->476105K(779776K), 0.0112992 secs] [Times: user=0.06 sys=0.00, real=0.01 secs]
2325.749: [GC [PSYoungGen: 52224K->256K(58880K)] 528073K->476105K(779776K), 0.0112992 secs] [Times: user=0.06 sys=0.00, real=0.01 secs]
2325.749: [GC [PSYoungGen: 52224K->256K(58880K)] 528073K->476105K(779776K), 0.0112992 secs] [Times: user=0.06 sys=0.00, real=0.01 secs]
2325.749: [GC [PSYoungGen: 52224K->256K(58880K)] 528073K->476105K(779776K), 0.0112992 secs] [Times: user=0.06 sys=0.00, real=0.01 secs]
2325.749: [GC [PSYoungGen: 52224K->256K(58880K)] 528073K->476105K(779776K), 0.0112992 secs] [Times: user=0.06 sys=0.00, real=0.01 secs]
2325.749: [GC [PSYoungGen: 52224K->256K(58880K)] 528073K->476105K(779776K), 0.0112992 secs] [Times: user=0.06 sys=0.00, real=0.01 secs]
2325.749: [GC [PSYoungGen: 52224K->256K(58880K)] 528073K->476105K(779776K), 0.0112992 secs] [Times: user=0.06 sys=0.00, real=0.01 secs]
2325.749: [GC [PSYoungGen: 52224K->256K(58880K)] 528073K->476105K(779776K), 0.0112992 secs] [Times: user=0.06 sys=0.00, real=0.01 secs]
2325.749: [GC [PSYoungGen: 52224K->256K(58880K)] 528073K->476105K(779776K), 0.0112992 secs] [Times: user=0.06 sys=0.00, real=0.01 secs]
2325.749: [GC [PSYoungGen: 52224K->256K(58880K)] 528073K->476105K(779776K), 0.0112992 secs] [Times: user=0.06 sys=0.00, real=0.01 secs]
2325.749: [GC [PSYoungGen: 52224K->256K(58880K)] 528073K->476105K(779776K), 0.0112992 secs] [Times: user=0.06 sys=0.00, real=0.01 secs]
2325.749: [GC [PSYoungGen: 52224K->256K(58880K)] 528073K->476105K(779776K), 0.0112992 secs] [Times: user=0.06 sys=0.00, real=0.01 secs]
2325.749: [GC [PSYoungGen: 52224K->256K(58880K)] 528073K->476105K(779776K), 0.0112992 secs] [Times: user=0.06 sys=0.00, real=0.01 secs]
2325.749: [GC [PSYoungGen: 52224K->256K(58880K)] 528073K->476105K(779776K), 0.0112992 secs] [Times: user=0.06 sys=0.00, real=0.01 secs]
2325.749: [GC [PSYoungGen: 52224K->256K(58880K)] 528073K->476105K(779776K), 0.0112992 secs] [Times: user=0.06 sys=0.00, real=0.01 secs]
2325.749: [GC [PSYoungGen: 52224K->256K(58880K)] 528073K->476105K(779776K), 0.0112992 secs] [Times: user=0.06 sys=0.00, real=0.01 secs]
2325.749: [GC [PSYoungGen: 52224K->256K(58880K)] 528073K->476105K(779776K), 0.0112992 secs] [Times: user=0.06 sys=0.00, real=0.01 secs]
2325.749: [GC [PSYoungGen: 52224K->256K(58880K)] 528073K->476105K(779776K), 0.0112992 secs] [Times: user=0.06 sys=0.00, real=0.01 secs]
2325.749: [GC [PSYoungGen: 52224K->256K(58880K)] 528073K->476105K(779776K), 0.0112992 secs] [Times: user=0.06 sys=0.00, real=0.01 secs]
2325.749: [GC [PSYoungGen: 52224K->256K(58880K)] 528073K->476105K(779776K), 0.0112992 secs] [Times: user=0.06 sys=0.00, real=0.01 secs]
2325.749: [GC [PSYoungGen: 52224K->256K(58880K)] 528073K->476105K(779776K), 0.0112992 secs] [Times: user=0.06 sys=0.00, real=0.01 secs]
2325.749: [GC [PSYoungGen: 52224K->256K(58880K)] 528073K->476105K(779776K), 0.0112992 secs] [Times: user=0.06 sys=0.00, real=0.01 secs]
2325.749: [GC [PSYoungGen: 52224K->256K(58880K)] 528073K->476105K(779776K), 0.0112992 secs] [Times: user=0.06 sys=0.00, real=0.01 secs]
2325.749: [GC [PSYoungGen: 52224K->256K(58880K)] 528073K->476105K(779776K), 0.0112992 secs] [Times: user=0.06 sys=0.00, real=0.01 secs]
2325.749: [GC [PSYoungGen: 52224K->256K(58880K)] 528073K->476105K(779776K), 0.0112992 secs] [Times: user=0.06 sys=0.00, real=0.01 secs]
2325.749: [GC [PSYoungGen: 52224K->256K(58880K)] 528073K->476105K(779776K), 0.0112992 secs] [Times: user=0.06 sys=0.00, real=0.01 secs]
2325.749: [GC [PSYoungGen: 52224K->256K(58880K)] 528073K->476105K(779776K), 0.0112992 secs] [Times: user=0.06 sys=0.00, real=0.01 secs]
2325.749: [GC [PSYoungGen: 52224K->256K(58880K)] 528073K->476105K(779776K), 0.0112992 secs] [Times: user=0.06 sys=0.00, real=0.01 secs]
2325.749: [GC [PSYoungGen: 52224K->256K(58880K)] 528073K->476105K(779776K), 0.0112992 secs] [Times: user=0.06 sys=0.00, real=0.01 secs]
2325.749: [GC [PSYoungGen: 52224K->256K(58880K)] 528073K->476105K(779776K), 0.0112992 secs] [Times: user=0.06 sys=0.00, real=0.01 secs]
2325.749: [GC [PSYoungGen: 52224K->256K(58880K)] 528073K->476105K(779776K), 0.0112992 secs] [Times: user=0.06 sys=0.00, real=0.01 secs]
2325.749: [GC [PSYoungGen: 52224K->256K(58880K)] 528073K->476105K(779776K), 0.0112992 secs] [Times: user=0.06 sys=0.00, real=0.01 secs]
2325.749: [GC [PSYoungGen: 52224K->256K(58880K)] 528073K->476105K(779776K), 0.0112992 secs] [Times: user=0.06 sys=0.00, real=0.01 secs]
2325.749: [GC [PSYoungGen: 52224K->256K(58880K)] 528073K->476105K(779776K), 0.0112992 secs] [Times: user=0.06 sys=0.00, real=0.01 secs]
2325.749: [GC [PSYoungGen: 52224K->256K(58880K)] 528073K->476105K(779776K), 0.0112992 secs] [Times: user=0.06 sys=0.00, real=0.01 secs]
2325.749: [GC [PSYoungGen: 52224K->256K(58880K)] 528073K->476105K(779776K), 0.0112992 secs] [Times: user=0.06 sys=0.00, real=0.01 secs]
2325.749: [GC [PSYoungGen: 52224K->256K(58880K)] 528073K->476105K(779776K), 0.0112992 secs] [Times: user=0.06 sys=0.00, real=0.01 secs]
2325.749: [GC [PSYoungGen: 52224K->256K(58880K)] 528073K->476105K(779776K), 0.0112992 secs] [Times: user=0.06 sys=0.00, real=0.01 secs]
2325.749: [GC [PSYoungGen: 52224K->256K(58880K)] 528073K->476105K(779776K), 0.0112992 secs] [Times: user=0.06 sys=0.00, real=0.01 secs]
2325.749: [GC [PSYoungGen: 52224K->256K(58880K)] 528073K->476105K(779776K), 0.0112992 secs] [Times: user=0.06 sys=0.00, real=0.01 secs]
2325.749: [GC [PSYoungGen: 52224K->256K(58880K)] 528073K->476105K(779776K), 0.0112992 secs] [Times: user=0.06 sys=0.00, real=0.01 secs]
2325.749: [GC [PSYoungGen: 52224K->256K(58880K)] 528073K->476105K(779776K), 0.0112992 secs] [Times: user=0.06 sys=0.00, real=0.01 secs]
2325.749: [GC [PSYoungGen: 52224K->256K(58880K)] 528073K->476105K(779776K), 0.0112992 secs] [Times: user=0.06 sys=0.00, real=0.01 secs]
2325.749: [GC [PSYoungGen: 52224K->256K(58880K)] 528073K->476105K(779776K), 0.0112992 secs] [Times: user=0.06 sys=0.00, real=0.01 secs]
2325.749: [GC [PSYoungGen: 52224K->256K(58880K)] 528073K->476105K(779776K), 0.0112992 secs] [Times: user=0.06 sys=0.00, real=0.01 secs]
2325.749: [GC [PSYoungGen: 52224K->256K(58880K)] 528073K->476105K(779776K), 0.0112992 secs] [Times: user=0.06 sys=0.00, real=0.01 secs]
2325.749: [GC [PSYoungGen: 52224K->256K(58880K)] 528073K->476105K(779776K), 0.0112992 secs] [Times: user=0.06 sys=0.00, real=0.01 secs]
2325.749: [GC [PSYoungGen: 52224K->256K(58880K)] 528073K->476105K(779776K), 0.0112992 secs] [Times: user=0.06 sys=0.00, real=0.01 secs]
2325.749: [GC [PSYoungGen: 52224K->256K(58880K)] 528073K->476105K(779776K), 0.0112992 secs] [Times: user=0.06 sys=0.00, real=0.01 secs]
2325.749: [GC [PSYoungGen: 52224K->256K(58880K)] 528073K->476105K(779776K), 0.0112992 secs] [Times: user=0.06 sys=0.00, real=0.01 secs]
2325.749: [GC [PSYoungGen: 52224K->256K(58880K)] 528073K->476105K(779776K), 0.0112992 secs] [Times: user=0.06 sys=0.00, real=0.01 secs]
2325.749: [GC [PSYoungGen: 52224K->256K(58880K)] 528073K->476105K(779776K), 0.0112992 secs] [Times: user=0.06 sys=0.00, real=0.01 secs]
2325.749: [GC [PSYoungGen: 52224K->256K(58880K)] 528073K->476105K(779776K), 0.0112992 secs] [Times: user=0.06 sys=0.00, real=0.01 secs]
2325.749: [GC [PSYoungGen: 52224K->256K(58880K)] 528073K->476105K(779776K), 0.0112992 secs] [Times: user=0.06 sys=0.00, real=0.01 secs]
2325.749: [GC [PSYoungGen: 52224K->256K(58880K)] 528073K->476105K(779776K), 0.0112992 secs] [Times: user=0.06 sys=0.00, real=0.01 secs]
2325.749: [GC [PSYoungGen: 52224K->256K(58880K)] 528073K->476105K(779776K), 0.0112992 secs] [Times: user=0.06 sys=0.00, real=0.01 secs]
2325.749: [GC [PSYoungGen: 52224K->256K(58880K)] 528073K->476105K(779776K), 0.0112992 secs] [Times: user=0.06 sys=0.00, real=0.01 secs]
2325.749: [GC [PSYoungGen: 52224K->256K(58880K)] 528073K->476105K(779776K), 0.0112992 secs] [Times: user=0.06 sys=0.00, real=0.01 secs]
2325.749: [GC [PSYoungGen: 52224K->256K(58880K)] 528073K->476105K(779776K), 0.0112992 secs] [Times: user=0.06 sys=0.00, real=0.01 secs]
2325.749: [GC [PSYoungGen: 52224K->256K(58880K)] 528073K->476105K(779776K), 0.0112992 secs] [Times: user=0.06 sys=0.00, real=0.01 secs]
2325.749: [GC [PSYoungGen: 52224K->256K(58880K)] 528073K->476105K(779776K), 0.0112992 secs] [Times: user=0.06 sys=0.00, real=0.01 secs]
2325.749: [GC [PSYoungGen: 52224K->256K(58880K)] 528073K->476105K(779776K), 0.0112992 secs] [Times: user=0.06 sys=0.00, real=0.01 secs]
2325.749: [GC [PSYoungGen: 52224K->256K(58880K)] 528073K->476105K(779776K), 0.0112992 secs] [Times: user=0.06 sys=0.00, real=0.01 secs]
2325.749: [GC [PSYoungGen: 52224K->256K(58880K)] 528073K->476105K(779776K), 0.0112992 secs] [Times: user=0.06 sys=0.00, real=0.01 secs]
2325.749: [GC [PSYoungGen: 52224K->256K(58880K)] 528073K->476105K(779776K), 0.0112992 secs] [Times: user=0.06 sys=0.00, real=0.01 secs]
2325.749: [GC [PSYoungGen: 52224K->256K(58880K)] 528073K->476105K(779776K), 0.0112992 secs] [Times: user=0.06 sys=0.00, real=0.01 secs]
2325.749: [GC [PSYoungGen: 52224K->256K(58880K)] 528073K->476105K(779776K), 0.0112992 secs] [Times: user=0.06 sys=0.00, real=0.01 secs]
2325.749: [GC [PSYoungGen: 52224K->256K(58880K)] 528073K->476105K(779776K), 0.0112992 secs] [Times: user=0.06 sys=0.00, real=0.01 secs]
2325.749: [GC [PSYoungGen: 52224K->256K(58880K)] 528073K->476105K(779776K), 0.0112992 secs] [Times: user=0.06 sys=0.00, real=0.01 secs]
2325.749: [GC [PSYoungGen: 52224K->256K(58880K)] 528073K->476105K(779776K), 0.0112992 secs] [Times: user=0.06 sys=0.00, real=0.01 secs]
2325.749: [GC [PSYoungGen: 52224K->256K(58880K)] 528073K->476105K(779776K), 0.0112992 secs] [Times: user=0.06 sys=0.00, real=0.01 secs]
2325.749: [GC [PSYoungGen: 52224K->256K(58880K)] 528073K->476105K(779776K), 0.0112992 secs] [Times: user=0.06 sys=0.00, real=0.01 secs]
2325.749: [GC [PSYoungGen: 52224K->256K(58880K)] 528073K->476105K(779776K), 0.0112992 secs] [Times: user=0.06 sys=0.00, real=0.01 secs]
2325.749: [GC [PSYoungGen: 52224K->256K(58880K)] 528073K->476105K(779776K), 0.0112992 secs] [Times: user=0.06 sys=0.00, real=0.01 secs]
2325.749: [GC [PSYoungGen: 52224K->256K(58880K)] 528073K->476105K(779776K), 0.0112992 secs] [Times: user=0.06 sys=0.00, real=0.01 secs]
2325.749: [GC [PSYoungGen: 52224K->256K(58880K)] 528073K->476105K(779776K), 0.0112992 secs] [Times: user=0.06 sys=0.00, real=0.01 secs]
2325.749: [GC [PSYoungGen: 52224K->256K(58880K)] 528073K->476105K(779776K), 0.0112992 secs] [Times: user=0.06 sys=0.00, real=0.01 secs]
2325.749: [GC [PSYoungGen: 52224K->256K(58880K)] 528073K->476105K(779776K), 0.0112992 secs] [Times: user=0.06 sys=0.00, real=0.01 secs]
2325.749: [GC [PSYoungGen: 52224K->256K(58880K)] 528073K->476105K(779776K), 0.0112992 secs] [Times: user=0.06 sys=0.00, real=0.01 secs]
2325.749: [GC [PSYoungGen: 52224K->256K(58880K)] 528073K->476105K(779776K), 0.0112992 secs] [Times: user=0.06 sys=0.00, real=0.01 secs]
2325.749: [GC [PSYoungGen: 52224K->256K(58880K)] 528073K->476105K(779776K), 0.0112992 secs] [Times: user=0.06 sys=0.00, real=0.01 secs]
2325.749: [GC [PSYoungGen: 52224K->256K(58880K)] 528073K->476105K(779776K), 0.0112992 secs] [Times: user=0.06 sys=0.00, real=0.01 secs]
2325.749: [GC [PSYoungGen: 52224K->256K(58880K)] 528073K->476105K(779776K), 0.0112992 secs] [Times: user=0.06 sys=0.00, real=0.01 secs]
2325.749: [GC [PSYoungGen: 52224K->256K(58880K)] 528073K->476105K(779776K), 0.0112992 secs] [Times: user=0.06 sys=0.00, real=0.01 secs]
2325.749: [GC [PSYoungGen: 52224K->256K(58880K)] 528073K->476105K(779776K), 0.0112992 secs] [Times: user=0.06 sys=0.00, real=0.01 secs]
2325.749: [GC [PSYoungGen: 52224K->256K(58880K)] 528073K->476105K(779776K), 0.0112992 secs] [Times: user=0.06 sys=0.00, real=0.01 secs]
2325.749: [GC [PSYoungGen: 52224K->256K(58880K)] 528073K->476105K(779776K), 0.0112992 secs] [Times: user=0.06 sys=0.00, real=0.01 secs]
2325.749: [GC [PSYoungGen: 52224K->256K(58880K)] 528073K->476105K(779776K), 0.0112992 secs] [Times: user=0.06 sys=0.00, real=0.01 secs]
2325.749: [GC [PSYoungGen: 52224K->256K(58880K)] 528073K->476105K(779776K), 0.0112992 secs] [Times: user=0.06 sys=0.00, real=0.01 secs]
2325.749: [GC [PSYoungGen: 52224K->256K(58880K)] 528073K->476105K(779776K), 0.0112992 secs] [Times: user=0.06 sys=0.00, real=0.01 secs]
2325.749: [GC [PSYoungGen: 52224K->256K(58880K)] 528073K->476105K(779776K), 0.0112992 secs] [Times: user=0.06 sys=0.00, real=0.01 secs]
2325.749: [GC [PSYoungGen: 52224K->256K(58880K)] 528073K->476105K(779776K), 0.0112992 secs] [Times: user=0.06 sys=0.00, real=0.01 secs]
2325.749: [GC [PSYoungGen: 52224K->256K(58880K)] 528073K->476105K(779776K), 0.0112992 secs] [Times: user=0.06 sys=0.00, real=0.01 secs]
2325.749: [GC [PSYoungGen: 52224K->256K(58880K)] 528073K->476105K(779776K), 0.0112992 secs] [Times: user=0.06 sys=0.00, real=0.01 secs]
2325.749: [GC [PSYoungGen: 52224K->256K(58880K)] 528073K->476105K(779776K), 0.0112992 secs] [Times: user=0.06 sys=0.00, real=0.01 secs]
2325.749: [GC [PSYoungGen: 52224K->256K(58880K)] 528073K->476105K(779776K), 0.0112992 secs] [Times: user=0.06 sys=0.00, real=0.01 secs]
2325.749: [GC [PSYoungGen: 52224K->256K(58880K)] 528073K->476105K(779776K), 0.0112992 secs] [Times: user=0.06 sys=0.00, real=0.01 secs]
2325.749: [GC [PSYoungGen: 52224K->256K(58880K)] 528073K->476105K(779776K), 0.0112992 secs] [Times: user=0.06 sys=0.00, real=0.01 secs]
2325.749: [GC [PSYoungGen: 52224K->256K(58880K)] 528073K->476105K(779776K), 0.0112992 secs] [Times: user=0.06 sys=0.00, real=0.01 secs]
2325.749: [GC [PSYoungGen: 52224K->256K(58880K)] 528073K->476105K(779776K), 0.0112992 secs] [Times: user=0.06 sys=0.00, real=0.01 secs]
2325.749: [GC [PSYoungGen: 52224K->256K(58880K)] 528073K->476105K(779776K), 0.0112992 secs] [Times: user=0.06 sys=0.00, real=0.01 secs]
2325.749: [GC [PSYoungGen: 52224K->256K(58880K)] 528073K->476105K(779776K), 0.0112992 secs] [Times: user=0.06 sys=0.00, real=0.01 secs]
2325.749: [GC [PSYoungGen: 52224K->256K(58880K)] 528073K->476105K(779776K), 0.0112992 secs] [Times: user=0.06 sys=0.00, real=0.01 secs]
2325.749: [GC [PSYoungGen: 52224K->256K(58880K)] 528073K->476105K(779776K), 0.0112992 secs] [Times: user=0.06 sys=0.00, real=0.01 secs]
2325.749: [GC [PSYoungGen: 52224K->256K(58880K)] 528073K->476105K(779776K), 0.0112992 secs] [Times: user=0.06 sys=0.00, real=0.01 secs]
2325.749: [GC [PSYoungGen: 52224K->256K(58880K)] 528073K->476105K(779776K), 0.0112992 secs] [Times: user=0.06 sys=0.00, real=0.01 secs]
2325.749: [GC [PSYoungGen: 52224K->256K(58880K)] 528073K->476105K(779776K), 0.0112992 secs] [Times: user=0.06 sys=0.00, real=0.01 secs]
2325.749: [GC [PSYoungGen: 52224K->256K(58880K)] 528073K->476105K(779776K), 0.0112992 secs] [Times: user=0.06 sys=0.00, real=0.01 secs]
2325.749: [GC [PSYoungGen: 52224K->256K(58880K)] 528073K->476105K(779776K), 0.0112992 secs] [Times: user=0.06 sys=0.00, real=0.01 secs]
2325.749: [GC [PSYoungGen: 52224K->256K(58880K)] 528073K->476105K(779776K), 0.0112992 secs] [Times: user=0.06 sys=0.00, real=0.01 secs]
2325.749: [GC [PSYoungGen: 52224K->256K(58880K)] 528073K->476105K(779776K), 0.0112992 secs] [Times: user=0.06 sys=0.00, real=0.01 secs]
2325.749: [GC [PSYoungGen: 52224K->256K(58880K)] 528073K->476105K(779776K), 0.0112992 secs] [Times: user=0.06 sys=0.00, real=0.01 secs]
2325.749: [GC [PSYoungGen: 52224K->256K(58880K)] 528073K->476105K(779776K), 0.0112992 secs] [Times: user=0.06 sys=0.00, real=0.01 secs]
2325.749: [GC [PSYoungGen: 52224K->256K(58880K)] 528073K->476105K(779776K), 0.0112992 secs] [Times: user=0.06 sys=0.00, real=0.01 secs]
2325.749: [GC [PSYoungGen: 52224K->256K(58880K)] 528073K->476105K(779776K), 0.0112992 secs] [Times: user=0.06 sys=0.00, real=0.01 secs]
2325.749: [GC [PSYoungGen: 52224K->256K(58880K)] 528073K->476105K(779776K), 0.0112992 secs] [Times: user=0.06 sys=0.00, real=0.01 secs]
2325.749: [GC [PSYoungGen: 52224K->256K(58880K)] 528073K->476105K(779776K), 0.0112992 secs] [Times: user=0.06 sys=0.00, real=0.01 secs]
2325.749: [GC [PSYoungGen: 52224K->256K(58880K)] 528073K->476105K(779776K), 0.0112992 secs] [Times: user=0.06 sys=0.00, real=0.01 secs]
2325.749: [GC [PSYoungGen: 52224K->256K(58880K)] 528073K->476105K(779776K), 0.0112992 secs] [Times: user=0.06 sys=0.00, real=0.01 secs]
2325.749: [GC [PSYoungGen: 52224K->256K(58880K)] 528073K->476105K(779776K), 0.0112992 secs] [Times: user=0.06 sys=0.00, real=0.01 secs]
2325.749: [GC [PSYoungGen: 52224K->256K(58880K)] 528073K->476105K(779776K), 0.0112992 secs] [Times: user=0.06 sys=0.00, real=0.01 secs]
2325.749: [GC [PSYoungGen: 52224K->256K(58880K)] 528073K->476105K(779776K), 0.0112992 secs] [Times: user=0.06 sys=0.00, real=0.01 secs]
2325.749: [GC [PSYoungGen: 52224K->256K(58880K)] 528073K->476105K(779776K), 0.0112992 secs] [Times: user=0.06 sys=0.00, real=0.01 secs]
2325.749: [GC [PSYoungGen: 52224K->256K(58880K)] 528073K->476105K(779776K), 0.0112992 secs] [Times: user=0.06 sys=0.00, real=0.01 secs]
2325.749: [GC [PSYoungGen: 52224K->256K(58880K)] 528073K->476105K(779776K), 0.0112992 secs] [Times: user=0.06 sys=0.00, real=0.01 secs]
2325.749: [GC [PSYoungGen: 52224K->256K(58880K)] 528073K->476105K(779776K), 0.0112992 secs] [Times: user=0.06 sys=0.00, real=0.01 secs]
2325.749: [GC [PSYoungGen: 52224K->256K(58880K)] 528073K->476105K(779776K), 0.0112992 secs] [Times: user=0.06 sys=0.00, real=0.01 secs]
2325.749: [GC [PSYoungGen: 52224K->256K(58880K)] 528073K->476105K(779776K), 0.0112992 secs] [Times: user=0.06 sys=0.00, real=0.01 secs]
2325.749: [GC [PSYoungGen: 52224K->256K(58880K)] 528073K->476105K(779776K), 0.0112992 secs] [Times: user=0.06 sys=0.00, real=0.01 secs]
2325.749: [GC [PSYoungGen: 52224K->256K(58880K)] 528073K->476105K(779776K), 0.0112992 secs] [Times: user=0.06 sys=0.00, real=0.01 secs]
2325.749: [GC [PSYoungGen: 52224K->256K(58880K)] 528073K->476105K(779776K), 0.0112992 secs] [Times: user=0.06 sys=0.00, real=0.01 secs]
2325.749: [GC [PSYoungGen: 52224K->256K(58880K)] 528073K->476105K(779776K), 0.0112992 secs] [Times: user=0.06 sys=0.00, real=0.01 secs]
2325.749: [GC [PSYoungGen: 52224K->256K(58880K)] 528073K->476105K(779776K), 0.0112992 secs] [Times: user=0.06 sys=0.00, real=0.01 secs]
2325.749: [GC [PSYoungGen: 52224K->256K(58880K)] 528073K->476105K(779776K), 0.0112992 secs] [Times: user=0.06 sys=0.00, real=0.01 secs]
2325.749: [GC [PSYoungGen: 52224K->256K(58880K)] 528073K->476105K(779776K), 0.0112992 secs] [Times: user=0.06 sys=0.00, real=0.01 secs]
2325.749: [GC [PSYoungGen: 52224K->256K(58880K)] 528073K->476105K(779776K), 0.0112992 secs] [Times: user=0.06 sys=0.00, real=0.01 secs]
2325.749: [GC [PSYoungGen: 52224K->256K(58880K)] 528073K->476105K(779776K), 0.0112992 secs] [Times: user=0.06 sys=0.00, real=0.01 secs]
2325.749: [GC [PSYoungGen: 52224K->256K(58880K)] 528073K->476105K(779776K), 0.0112992 secs] [Times: user=0.06 sys=0.00, real=0.01 secs]
2325.749: [GC [PSYoungGen: 52224K->256K(58880K)] 528073K->476105K(779776K), 0.0112992 secs] [Times: user=0.06 sys=0.00, real=0.01 secs]
2325.749: [GC [PSYoungGen: 52224K->256K(58880K)] 528073K->476105K(779776K), 0.0112992 secs] [Times: user=0.06 sys=0.00, real=0.01 secs]
2325.749: [GC [PSYoungGen: 52224K->256K(58880K)] 528073K->476105K(779776K), 0.0112992 secs] [Times: user=0.06 sys=0.00, real=0.01 secs]
2325.749: [GC [PSYoungGen: 52224K->256K(58880K)] 528073K->476105K(779776K), 0.0112992 secs] [Times: user=0.06 sys=0.00, real=0.01 secs]
2325.749: [GC [PSYoungGen: 52224K->256K(58880K)] 528073K->476105K(779776K), 0.0112992 secs] [Times: user=0.06 sys=0.00, real=0.01 secs]
2325.749: [GC [PSYoungGen: 52224K->256K(58880K)] 528073K->476105K(779776K), 0.0112992 secs] [Times: user=0.06 sys=0.00, real=0.01 secs]
2325.749: [GC [PSYoungGen: 52224K->256K(58880K)] 528073K->476105K(779776K), 0.0112992 secs] [Times: user=0.06 sys=0.00, real=0.01 secs]
2325.749: [GC [PSYoungGen: 52224K->256K(58880K)] 528073K->476105K(779776K), 0.0112992 secs] [Times: user=0.06 sys=0.00, real=0.01 secs]
2325.749: [GC [PSYoungGen: 52224K->256K(58880K)] 528073K->476105K(779776K), 0.0112992 secs] [Times: user=0.06 sys=0.00, real=0.01 secs]
2325.749: [GC [PSYoungGen: 52224K->256K(58880K)] 528073K->476105K(779776K), 0.0112992 secs] [Times: user=0.06 sys=0.00, real=0.01 secs]
2325.749: [GC [PSYoungGen: 52224K->256K(58880K)] 528073K->476105K(779776K), 0.0112992 secs] [Times: user=0.06 sys=0.00, real=0.01 secs]
2325.749: [GC [PSYoungGen: 52224K->256K(58880K)] 528073K->476105K(779776K), 0.0112992 secs] [Times: user=0.06 sys=0.00, real=0.01 secs]
2325.749: [GC [PSYoungGen: 52224K->256K(58880K)] 528073K->476105K(779776K), 0.0112992 secs] [Times: user=0.06 sys=0.00, real=0.01 secs]
2325.749: [GC [PSYoungGen: 52224K->256K(58880K)] 528073K->476105K(779776K), 0.0112992 secs] [Times: user=0.06 sys=0.00, real=0.01 secs]
2325.749: [GC [PSYoungGen: 52224K->256K(58880K)] 528073K->476105K(779776K), 0.0112992 secs] [Times: user=0.06 sys=0.00, real=0.01 secs]
2325.749: [GC [PSYoungGen: 52224K->256K(58880K)] 528073K->476105K(779776K), 0.0112992 secs] [Times: user=0.06 sys=0.00, real=0.01 secs]
2325.749: [GC [PSYoungGen: 52224K->256K(58880K)] 528073K->476105K(779776K), 0.0112992 secs] [Times: user=0.06 sys=0.00, real=0.01 secs]
2325.749: [GC [PSYoungGen: 52224K->256K(58880K)] 528073K->476105K(779776K), 0.0112992 secs] [Times: user=0.06 sys=0.00, real=0.01 secs]
2325.749: [GC [PSYoungGen: 52224K->256K(58880K)] 528073K->476105K(779776K), 0.0112992 secs] [Times: user=0.06 sys=0.00, real=0.01 secs]
2325.749: [GC [PSYoungGen: 52224K->256K(58880K)] 528073K->476105K(779776K), 0.0112992 secs] [Times: user=0.06 sys=0.00, real=0.01 secs]
2325.749: [GC [PSYoungGen: 52224K->256K(58880K)] 528073K->476105K(779776K), 0.0112992 secs] [Times: user=0.06 sys=0.00, real=0.01 secs]
2325.749: [GC [PSYoungGen: 52224K->256K(58880K)] 528073K->476105K(779776K), 0.0112992 secs] [Times: user=0.06 sys=0.00, real=0.01 secs]
2325.749: [GC [PSYoungGen: 52224K->256K(58880K)] 528073K->476105K(779776K), 0.0112992 secs] [Times: user=0.06 sys=0.00, real=0.01 secs]
2325.749: [GC [PSYoungGen: 52224K->256K(58880K)] 528073K->476105K(779776K), 0.0112992 secs] [Times: user=0.06 sys=0.00, real=0.01 secs]
2325.749: [GC [PSYoungGen: 52224K->256K(58880K)] 528073K->476105K(779776K), 0.0112992 secs] [Times: user=0.06 sys=0.00, real=0.01 secs]
2325.749: [GC [PSYoungGen: 52224K->256K(58880K)] 528073K->476105K(779776K), 0.0112992 secs] [Times: user=0.06 sys=0.00, real=0.01 secs]
2325.749: [GC [PSYoungGen: 52224K->256K(58880K)] 528073K->476105K(779776K), 0.0112992 secs] [Times: user=0.06 sys=0.00, real=0.01 secs]
2325.749: [GC [PSYoungGen: 52224K->256K(58880K)] 528073K->476105K(779776K), 0.0112992 secs] [Times: user=0.06 sys=0.00, real=0.01 secs]
2325.749: [GC [PSYoungGen: 52224K->256K(58880K)] 528073K->476105K(779776K), 0.0112992 secs] [Times: user=0.06 sys=0.00, real=0.01 secs]
2325.749: [GC [PSYoungGen: 52224K->256K(58880K)] 528073K->476105K(779776K), 0.0112992 secs] [Times: user=0.06 sys=0.00, real=0.01 secs]
2325.749: [GC [PSYoungGen: 52224K->256K(58880K)] 528073K->476105K(779776K), 0.0112992 secs] [Times: user=0.06 sys=0.00, real=0.01 secs]
2325.749: [GC [PSYoungGen: 52224K->256K(58880K)] 528073K->476105K(779776K), 0.0112992 secs] [Times: user=0.06 sys=0.00, real=0.01 secs]
2325.749: [GC [PSYoungGen: 52224K->256K(58880K)] 528073K->476105K(779776K), 0.0112992 secs] [Times: user=0.06 sys=0.00, real=0.01 secs]
2325.749: [GC [PSYoungGen: 52224K->256K(58880K)] 528073K->476105K(779776K), 0.0112992 secs] [Times: user=0.06 sys=0.00, real=0.01 secs]
2325.749: [GC [PSYoungGen: 52224K->256K(58880K)] 528073K->476105K(779776K), 0.0112992 secs] [Times: user=0.06 sys=0.00, real=0.01 secs]
2325.749: [GC [PSYoungGen: 52224K->256K(58880K)] 528073K->476105K(779776K), 0.0112992 secs] [Times: user=0.06 sys=0.00, real=0.01 secs]
2325.749: [GC [PSYoungGen: 52224K->256K(58880K)] 528073K->476105K(779776K), 0.0112992 secs] [Times: user=0.06 sys=0.00, real=0.01 secs]
2325.749: [GC [PSYoungGen: 52224K->256K(58880K)] 528073K->476105K(779776K), 0.0112992 secs] [Times: user=0.06 sys=0.00, real=0.01 secs]
2325.749: [GC [PSYoungGen: 52224K->256K(58880K)] 528073K->476105K(779776K), 0.0112992 secs] [Times: user=0.06 sys=0.00, real=0.01 secs]
2325.749: [GC [PSYoungGen: 52224K->256K(58880K)] 528073K->476105K(779776K), 0.0112992 secs] [Times: user=0.06 sys=0.00, real=0.01 secs]
2325.749: [GC [PSYoungGen: 52224K->256K(58880K)] 528073K->476105K(779776K), 0.0112992 secs] [Times: user=0.06 sys=0.00, real=0.01 secs]
2325.749: [GC [PSYoungGen: 52224K->256K(58880K)] 528073K->476105K(779776K), 0.0112992 secs] [Times: user=0.06 sys=0.00, real=0.01 secs]
2325.749: [GC [PSYoungGen: 52224K->256K(58880K)] 528073K->476105K(779776K), 0.0112992 secs] [Times: user=0.06 sys=0.00, real=0.01 secs]
2325.749: [GC [PSYoungGen: 52224K->256K(58880K)] 528073K->476105K(779776K), 0.0112992 secs] [Times: user=0.06 sys=0.00, real=0.01 secs]
2325.749: [GC [PSYoungGen: 52224K->256K(58880K)] 528073K->476105K(779776K), 0.0112992 secs] [Times: user=0.06 sys=0.00, real=0.01 secs]
2325.749: [GC [PSYoungGen: 52224K->256K(58880K)] 528073K->476105K(779776K), 0.0112992 secs] [Times: user=0.06 sys=0.00, real=0.01 secs]
2325.749: [GC [PSYoungGen: 52224K->256K(58880K)] 528073K->476105K(779776K), 0.0112992 secs] [Times: user=0.06 sys=0.00, real=0.01 secs]
2325.749: [GC [PSYoungGen: 52224K->256K(58880K)] 528073K->476105K(779776K), 0.0112992 secs] [Times: user=0.06 sys=0.00, real=0.01 secs]
2325.749: [GC [PSYoungGen: 52224K->256K(58880K)] 528073K->476105K(779776K), 0.0112992 secs] [Times: user=0.06 sys=0.00, real=0.01 secs]
2325.749: [GC [PSYoungGen: 52224K->256K(58880K)] 528073K->476105K(779776K), 0.0112992 secs] [Times: user=0.06 sys=0.00, real=0.01 secs]
2325.749: [GC [PSYoungGen: 52224K->256K(58880K)] 528073K->476105K(779776K), 0.0112992 secs] [Times: user=0.06 sys=0.00, real=0.01 secs]
2325.749: [GC [PSYoungGen: 52224K->256K(58880K)] 528073K->476105K(779776K), 0.0112992 secs] [Times: user=0.06 sys=0.00, real=0.01 secs]
2325.749: [GC [PSYoungGen: 52224K->256K(58880K)] 528073K->476105K(779776K), 0.0112992 secs] [Times: user=0.06 sys=0.00, real=0.01 secs]
2325.749: [GC [PSYoungGen: 52224K->256K(58880K)] 528073K->476105K(779776K), 0.0112992 secs] [Times: user=0.06 sys=0.00, real=0.01 secs]
2325.749: [GC [PSYoungGen: 52224K->256K(58880K)] 528073K->476105K(779776K), 0.0112992 secs] [Times: user=0.06 sys=0.00, real=0.01 secs]
2325.749: [GC [PSYoungGen: 52224K->256K(58880K)] 528073K->476105K(779776K), 0.0112992 secs] [Times: user=0.06 sys=0.00, real=0.01 secs]
2325.749: [GC [PSYoungGen: 52224K->256K(58880K)] 528073K->476105K(779776K), 0.0112992 secs] [Times: user=0.06 sys=0.00, real=0.01 secs]
2325.749: [GC [PSYoungGen: 52224K->256K(58880K)] 528073K->476105K(779776K), 0.0112992 secs] [Times: user=0.06 sys=0.00, real=0.01 secs]
2325.749: [GC [PSYoungGen: 52224K->256K(58880K)] 528073K->476105K(779776K), 0.0112992 secs] [Times: user=0.06 sys=0.00, real=0.01 secs]
2325.749: [GC [PSYoungGen: 52224K->256K(58880K)] 528073K->476105K(779776K), 0.0112992 secs] [Times: user=0.06 sys=0.00, real=0.01 secs]
2325.749: [GC [PSYoungGen: 52224K->256K(58880K)] 528073K->476105K(779776K), 0.0112992 secs] [Times: user=0.06 sys=0.00, real=0.01 secs]
2325.749: [GC [PSYoungGen: 52224K->256K(58880K)] 528073K->476105K(779776K), 0.0112992 secs] [Times: user=0.06 sys=0.00, real=0.01 secs]
2325.749: [GC [PSYoungGen: 52224K->256K(58880K)] 528073K->476105K(779776K), 0.0112992 secs] [Times: user=0.06 sys=0.00, real=0.01 secs]
2325.749: [GC [PSYoungGen: 52224K->256K(58880K)] 528073K->476105K(779776K), 0.0112992 secs] [Times: user=0.06 sys=0.00, real=0.01 secs]
2325.749: [GC [PSYoungGen: 52224K->256K(58880K)] 528073K->476105K(779776K), 0.0112992 secs] [Times: user=0.06 sys=0.00, real=0.01 secs]
2325.749: [GC [PSYoungGen: 52224K->256K(58880K)] 528073K->476105K(779776K), 0.0112992 secs] [Times: user=0.06 sys=0.00, real=0.01 secs]
2325.749: [GC [PSYoungGen: 52224K->256K(58880K)] 528073K->476105K(779776K), 0.0112992 secs] [Times: user=0.06 sys=0.00, real=0.01 secs]
2325.749: [GC [PSYoungGen: 52224K->256K(58880K)] 528073K->476105K(779776K), 0.0112992 secs] [Times: user=0.06 sys=0.00, real=0.01 secs]
2325.749: [GC [PSYoungGen: 52224K->256K(58880K)] 528073K->476105K(779776K), 0.0112992 secs] [Times: user=0.06 sys=0.00, real=0.01 secs]
2325.749: [GC [PSYoungGen: 52224K->256K(58880K)] 528073K->476105K(779776K), 0.0112992 secs] [Times: user=0.06 sys=0.00, real=0.01 secs]
2325.749: [GC [PSYoungGen: 52224K->256K(58880K)] 528073K->476105K(779776K), 0.0112992 secs] [Times: user=0.06 sys=0.00, real=0.01 secs]
2325.749: [GC [PSYoungGen: 52224K->256K(58880K)] 528073K->476105K(779776K), 0.0112992 secs] [Times: user=0.06 sys=0.00, real=0.01 secs]
2325.749: [GC [PSYoungGen: 52224K->256K(58880K)] 528073K->476105K(779776K), 0.0112992 secs] [Times: user=0.06 sys=0.00, real=0.01 secs]
2325.749: [GC [PSYoungGen: 52224K->256K(58880K)] 528073K->476105K(779776K), 0.0112992 secs] [Times: user=0.06 sys=0.00, real=0.01 secs]
2325.749: [GC [PSYoungGen: 52224K->256K(58880K)] 528073K->476105K(779776K), 0.0112992 secs] [Times: user=0.06 sys=0.00, real=0.01 secs]
2325.749: [GC [PSYoungGen: 52224K->256K(58880K)] 528073K->476105K(779776K), 0.0112992 secs] [Times: user=0.06 sys=0.00, real=0.01 secs]
2325.749: [GC [PSYoungGen: 52224K->256K(58880K)] 528073K->476105K(779776K), 0.0112992 secs] [Times: user=0.06 sys=0.00, real=0.01 secs]
2325.749: [GC [PSYoungGen: 52224K->256K(58880K)] 528073K->476105K(779776K), 0.0112992 secs] [Times: user=0.06 sys=0.00, real=0.01 secs]
2325.749: [GC [PSYoungGen: 52224K->256K(58880K)] 528073K->476105K(779776K), 0.0112992 secs] [Times: user=0.06 sys=0.00, real=0.01 secs]
2325.749: [GC [PSYoungGen: 52224K->256K(58880K)] 528073K->476105K(779776K), 0.0112992 secs] [Times: user=0.06 sys=0.00, real=0.01 secs]
2325.749: [GC [PSYoungGen: 52224K->256K(58880K)] 528073K->476105K(779776K), 0.0112992 secs] [Times: user=0.06 sys=0.00, real=0.01 secs]
2325.749: [GC [PSYoungGen: 52224K->256K(58880K)] 528073K->476105K(779776K), 0.0112992 secs] [Times: user=0.06 sys=0.00, real=0.01 secs]
2325.749: [GC [PSYoungGen: 52224K->256K(58880K)] 528073K->476105K(779776K), 0.0112992 secs] [Times: user=0.06 sys=0.00, real=0.01 secs]
2325.749: [GC [PSYoungGen: 52224K->256K(58880K)] 528073K->476105K(779776K), 0.0112992 secs] [Times: user=0.06 sys=0.00, real=0.01 secs]
2325.749: [GC [PSYoungGen: 52224K->256K(58880K)] 528073K->476105K(779776K), 0.0112992 secs] [Times: user=0.06 sys=0.00, real=0.01 secs]
2325.749: [GC [PSYoungGen: 52224K->256K(58880K)] 528073K->476105K(779776K), 0.0112992 secs] [Times: user=0.06 sys=0.00, real=0.01 secs]
2325.749: [GC [PSYoungGen: 52224K->256K(58880K)] 528073K->476105K(779776K), 0.0112992 secs] [Times: user=0.06 sys=0.00, real=0.01 secs]
2325.749: [GC [PSYoungGen: 52224K->256K(58880K)] 528073K->476105K(779776K), 0.0112992 secs] [Times: user=0.06 sys=0.00, real=0.01 secs]
2325.749: [GC [PSYoungGen: 52224K->256K(58880K)] 528073K->476105K(779776K), 0.0112992 secs] [Times: user=0.06 sys=0.00, real=0.01 secs]
2325.749: [GC [PSYoungGen: 52224K->256K(58880K)] 528073K->476105K(779776K), 0.0112992 secs] [Times: user=0.06 sys=0.00, real=0.01 secs]
2325.749: [GC [PSYoungGen: 52224K->256K(58880K)] 528073K->476105K(779776K), 0.0112992 secs] [Times: user=0.06 sys=0.00, real=0.01 secs]
2325.749: [GC [PSYoungGen: 52224K->256K(58880K)] 528073K->476105K(779776K), 0.0112992 secs] [Times: user=0.06 sys=0.00, real=0.01 secs]
2325.749: [GC [PSYoungGen: 52224K->256K(58880K)] 528073K->476105K(779776K), 0.0112992 secs] [Times: user=0.06 sys=0.00, real=0.01 secs]
2325.749: [GC [PSYoungGen: 52224K->256K(58880K)] 528073K->476105K(779776K), 0.0112992 secs] [Times: user=0.06 sys=0.00, real=0.01 secs]
2325.749: [GC [PSYoungGen: 52224K->256K(58880K)] 528073K->476105K(779776K), 0.0112992 secs] [Times: user=0.06 sys=0.00, real=0.01 secs]
2325.749: [GC [PSYoungGen: 52224K->256K(58880K)] 528073K->476105K(779776K), 0.0112992 secs] [Times: user=0.06 sys=0.00, real=0.01 secs]
2325.749: [GC [PSYoungGen: 52224K->256K(58880K)] 528073K->476105K(779776K), 0.0112992 secs] [Times: user=0.06 sys=0.00, real=0.01 secs]
2325.749: [GC [PSYoungGen: 52224K->256K(58880K)] 528073K->476105K(779776K), 0.0112992 secs] [Times: user=0.06 sys=0.00, real=0.01 secs]
2325.749: [GC [PSYoungGen: 52224K->256K(58880K)] 528073K->476105K(779776K), 0.0112992 secs] [Times: user=0.06 sys=0.00, real=0.01 secs]
2325.749: [GC [PSYoungGen: 52224K->256K(58880K)] 528073K->476105K(779776K), 0.0112992 secs] [Times: user=0.06 sys=0.00, real=0.01 secs]
2325.749: [GC [PSYoungGen: 52224K->256K(58880K)] 528073K->476105K(779776K), 0.0112992 secs] [Times: user=0.06 sys=0.00, real=0.01 secs]
2325.749: [GC [PSYoungGen: 52224K->256K(58880K)] 528073K->476105K(779776K), 0.0112992 secs] [Times: user=0.06 sys=0.00, real=0.01 secs]
2325.749: [GC [PSYoungGen: 52224K->256K(58880K)] 528073K->476105K(779776K), 0.0112992 secs] [Times: user=0.06 sys=0.00, real=0.01 secs]
2325.749: [GC [PSYoungGen: 52224K->256K(58880K)] 528073K->476105K(779776K), 0.0112992 secs] [Times: user=0.06 sys=0.00, real=0.01 secs]
2325.749: [GC [PSYoungGen: 52224K->256K(58880K)] 528073K->476105K(779776K), 0.0112992 secs] [Times: user=0.06 sys=0.00, real=0.01 secs]
2325.749: [GC [PSYoungGen: 52224K->256K(58880K)] 528073K->476105K(779776K), 0.0112992 secs] [Times: user=0.06 sys=0.00, real=0.01 secs]
2325.749: [GC [PSYoungGen: 52224K->256K(58880K)] 528073K->476105K(779776K), 0.0112992 secs] [Times: user=0.06 sys=0.00, real=0.01 secs]
2325.749: [GC [PSYoungGen: 52224K->256K(58880K)] 528073K->476105K(779776K), 0.0112992 secs] [Times: user=0.06 sys=0.00, real=0.01 secs]
2325.749: [GC [PSYoungGen: 52224K->256K(58880K)] 528073K->476105K(779776K), 0.0112992 secs] [Times: user=0.06 sys=0.00, real=0.01 secs]
2325.749: [GC [PSYoungGen: 52224K->256K(58880K)] 528073K->476105K(779776K), 0.0112992 secs] [Times: user=0.06 sys=0.00, real=0.01 secs]
2325.749: [GC [PSYoungGen: 52224K->256K(58880K)] 528073K->476105K(779776K), 0.0112992 secs] [Times: user=0.06 sys=0.00, real=0.01 secs]
2325.749: [GC [PSYoungGen: 52224K->256K(58880K)] 528073K->476105K(779776K), 0.0112992 secs] [Times: user=0.06 sys=0.00, real=0.01 secs]
2325.749: [GC [PSYoungGen: 52224K->256K(58880K)] 528073K->476105K(779776K), 0.0112992 secs] [Times: user=0.06 sys=0.00, real=0.01 secs]
2325.749: [GC [PSYoungGen: 52224K->256K(58880K)] 528073K->476105K(779776K), 0.0112992 secs] [Times: user=0.06 sys=0.00, real=0.01 secs]
2325.749: [GC [PSYoungGen: 52224K->256K(58880K)] 528073K->476105K(779776K), 0.0112992 secs] [Times: user=0.06 sys=0.00, real=0.01 secs]
2325.749: [GC [PSYoungGen: 52224K->256K(58880K)] 528073K->476105K(779776K), 0.0112992 secs] [Times: user=0.06 sys=0.00, real=0.01 secs]
2325.749: [GC [PSYoungGen: 52224K->256K(58880K)] 528073K->476105K(779776K), 0.0112992 secs] [Times: user=0.06 sys=0.00, real=0.01 secs]
2325.749: [GC [PSYoungGen: 52224K->256K(58880K)] 528073K->476105K(779776K), 0.0112992 secs] [Times: user=0.06 sys=0.00, real=0.01 secs]
2325.749: [GC [PSYoungGen: 52224K->256K(58880K)] 528073K->476105K(779776K), 0.0112992 secs] [Times: user=0.06 sys=0.00, real=0.01 secs]
2325.749: [GC [PSYoungGen: 52224K->256K(58880K)] 528073K->476105K(779776K), 0.0112992 secs] [Times: user=0.06 sys=0.00, real=0.01 secs]
2325.749: [GC [PSYoungGen: 52224K->256K(58880K)] 528073K->476105K(779776K), 0.0112992 secs] [Times: user=0.06 sys=0.00, real=0.01 secs]
2325.749: [GC [PSYoungGen: 52224K->256K(58880K)] 528073K->476105K(779776K), 0.0112992 secs] [Times: user=0.06 sys=0.00, real=0.01 secs]
2325.749: [GC [PSYoungGen: 52224K->256K(58880K)] 528073K->476105K(779776K), 0.0112992 secs] [Times: user=0.06 sys=0.00, real=0.01 secs]
2325.749: [GC [PSYoungGen: 52224K->256K(58880K)] 528073K->476105K(779776K), 0.0112992 secs] [Times: user=0.06 sys=0.00, real=0.01 secs]
2325.749: [GC [PSYoungGen: 52224K->256K(58880K)] 528073K->476105K(779776K), 0.0112992 secs] [Times: user=0.06 sys=0.00, real=0.01 secs]
2325.749: [GC [PSYoungGen: 52224K->256K(58880K)] 528073K->476105K(779776K), 0.0112992 secs] [Times: user=0.06 sys=0.00, real=0.01 secs]
2325.749: [GC [PSYoungGen: 52224K->256K(58880K)] 528073K->476105K(779776K), 0.0112992 secs] [Times: user=0.06 sys=0.00, real=0.01 secs]
2325.749: [GC [PSYoungGen: 52224K->256K(58880K)] 528073K->476105K(779776K), 0.0112992 secs] [Times: user=0.06 sys=0.00, real=0.01 secs]
2325.749: [GC [PSYoungGen: 52224K->256K(58880K)] 528073K->476105K(779776K), 0.0112992 secs] [Times: user=0.06 sys=0.00, real=0.01 secs]
2325.749: [GC [PSYoungGen: 52224K->256K(58880K)] 528073K->476105K(779776K), 0.0112992 secs] [Times: user=0.06 sys=0.00, real=0.01 secs]
2325.749: [GC [PSYoungGen: 52224K->256K(58880K)] 528073K->476105K(779776K), 0.0112992 secs] [Times: user=0.06 sys=0.00, real=0.01 secs]
2325.749: [GC [PSYoungGen: 52224K->256K(58880K)] 528073K->476105K(779776K), 0.0112992 secs] [Times: user=0.06 sys=0.00, real=0.01 secs]
2325.749: [GC [PSYoungGen: 52224K->256K(58880K)] 528073K->476105K(779776K), 0.0112992 secs] [Times: user=0.06 sys=0.00, real=0.01 secs]
2325.749: [GC [PSYoungGen: 52224K->256K(58880K)] 528073K->476105K(779776K), 0.0112992 secs] [Times: user=0.06 sys=0.00, real=0.01 secs]
2325.749: [GC [PSYoungGen: 52224K->256K(58880K)] 528073K->476105K(779776K), 0.0112992 secs] [Times: user=0.06 sys=0.00, real=0.01 secs]
2325.749: [GC [PSYoungGen: 52224K->256K(58880K)] 528073K->476105K(779776K), 0.0112992 secs] [Times: user=0.06 sys=0.00, real=0.01 secs]
2325.749: [GC [PSYoungGen: 52224K->256K(58880K)] 528073K->476105K(779776K), 0.0112992 secs] [Times: user=0.06 sys=0.00, real=0.01 secs]
2325.749: [GC [PSYoungGen: 52224K->256K(58880K)] 528073K->476105K(779776K), 0.0112992 secs] [Times: user=0.06 sys=0.00, real=0.01 secs]
2325.749: [GC [PSYoungGen: 52224K->256K(58880K)] 528073K->476105K(779776K), 0.0112992 secs] [Times: user=0.06 sys=0.00, real=0.01 secs]
2325.749: [GC [PSYoungGen: 52224K->256K(58880K)] 528073K->476105K(779776K), 0.0112992 secs] [Times: user=0.06 sys=0.00, real=0.01 secs]
2325.749: [GC [PSYoungGen: 52224K->256K(58880K)] 528073K->476105K(779776K), 0.0112992 secs] [Times: user=0.06 sys=0.00, real=0.01 secs]
2325.749: [GC [PSYoungGen: 52224K->256K(58880K)] 528073K->476105K(779776K), 0.0112992 secs] [Times: user=0.06 sys=0.00, real=0.01 secs]
2325.749: [GC [PSYoungGen: 52224K->256K(58880K)] 528073K->476105K(779776K), 0.0112992 secs] [Times: user=0.06 sys=0.00, real=0.01 secs]
2325.749: [GC [PSYoungGen: 52224K->256K(58880K)] 528073K->476105K(779776K), 0.0112992 secs] [Times: user=0.06 sys=0.00, real=0.01 secs]
2325.749: [GC [PSYoungGen: 52224K->256K(58880K)] 528073K->476105K(779776K), 0.0112992 secs] [Times: user=0.06 sys=0.00, real=0.01 secs]
2325.749: [GC [PSYoungGen: 52224K->256K(58880K)] 528073K->476105K(779776K), 0.0112992 secs] [Times: user=0.06 sys=0.00, real=0.01 secs]
2325.749: [GC [PSYoungGen: 52224K->256K(58880K)] 528073K->476105K(779776K), 0.0112992 secs] [Times: user=0.06 sys=0.00, real=0.01 secs]
2325.749: [GC [PSYoungGen: 52224K->256K(58880K)] 528073K->476105K(779776K), 0.0112992 secs] [Times: user=0.06 sys=0.00, real=0.01 secs]
2325.749: [GC [PSYoungGen: 52224K->256K(58880K)] 528073K->476105K(779776K), 0.0112992 secs] [Times: user=0.06 sys=0.00, real=0.01 secs]
2325.749: [GC [PSYoungGen: 52224K->256K(58880K)] 528073K->476105K(779776K), 0.0112992 secs] [Times: user=0.06 sys=0.00, real=0.01 secs]
2325.749: [GC [PSYoungGen: 52224K->256K(58880K)] 528073K->476105K(779776K), 0.0112992 secs] [Times: user=0.06 sys=0.00, real=0.01 secs]
2325.749: [GC [PSYoungGen: 52224K->256K(58880K)] 528073K->476105K(779776K), 0.0112992 secs] [Times: user=0.06 sys=0.00, real=0.01 secs]
2325.749: [GC [PSYoungGen: 52224K->256K(58880K)] 528073K->476105K(779776K), 0.0112992 secs] [Times: user=0.06 sys=0.00, real=0.01 secs]
2325.749: [GC [PSYoungGen: 52224K->256K(58880K)] 528073K->476105K(779776K), 0.0112992 secs] [Times: user=0.06 sys=0.00, real=0.01 secs]
2325.749: [GC [PSYoungGen: 52224K->256K(58880K)] 528073K->476105K(779776K), 0.0112992 secs] [Times: user=0.06 sys=0.00, real=0.01 secs]
2325.749: [GC [PSYoungGen: 52224K->256K(58880K)] 528073K->476105K(779776K), 0.0112992 secs] [Times: user=0.06 sys=0.00, real=0.01 secs]
2325.749: [GC [PSYoungGen: 52224K->256K(58880K)] 528073K->476105K(779776K), 0.0112992 secs] [Times: user=0.06 sys=0.00, real=0.01 secs]
2325.749: [GC [PSYoungGen: 52224K->256K(58880K)] 528073K->476105K(779776K), 0.0112992 secs] [Times: user=0.06 sys=0.00, real=0.01 secs]
2325.749: [GC [PSYoungGen: 52224K->256K(58880K)] 528073K->476105K(779776K), 0.0112992 secs] [Times: user=0.06 sys=0.00, real=0.01 secs]
2325.749: [GC [PSYoungGen: 52224K->256K(58880K)] 528073K->476105K(779776K), 0.0112992 secs] [Times: user=0.06 sys=0.00, real=0.01 secs]
2325.749: [GC [PSYoungGen: 52224K->256K(58880K)] 528073K->476105K(779776K), 0.0112992 secs] [Times: user=0.06 sys=0.00, real=0.01 secs]
2325.749: [GC [PSYoungGen: 52224K->256K(58880K)] 528073K->476105K(779776K), 0.0112992 secs] [Times: user=0.06 sys=0.00, real=0.01 secs]
2325.749: [GC [PSYoungGen: 52224K->256K(58880K)] 528073K->476105K(779776K), 0.0112992 secs] [Times: user=0.06 sys=0.00, real=0.01 secs]
2325.749: [GC [PSYoungGen: 52224K->256K(58880K)] 528073K->476105K(779776K), 0.0112992 secs] [Times: user=0.06 sys=0.00, real=0.01 secs]
2325.749: [GC [PSYoungGen: 52224K->256K(58880K)] 528073K->476105K(779776K), 0.0112992 secs] [Times: user=0.06 sys=0.00, real=0.01 secs]
2325.749: [GC [PSYoungGen: 52224K->256K(58880K)] 528073K->476105K(779776K), 0.0112992 secs] [Times: user=0.06 sys=0.00, real=0.01 secs]
2325.749: [GC [PSYoungGen: 52224K->256K(58880K)] 528073K->476105K(779776K), 0.0112992 secs] [Times: user=0.06 sys=0.00, real=0.01 secs]
2325.749: [GC [PSYoungGen: 52224K->256K(58880K)] 528073K->476105K(779776K), 0.0112992 secs] [Times: user=0.06 sys=0.00, real=0.01 secs]
2325.749: [GC [PSYoungGen: 52224K->256K(58880K)] 528073K->476105K(779776K), 0.0112992 secs] [Times: user=0.06 sys=0.00, real=0.01 secs]
2325.749: [GC [PSYoungGen: 52224K->256K(58880K)] 528073K->476105K(779776K), 0.0112992 secs] [Times: user=0.06 sys=0.00, real=0.01 secs]
2325.749: [GC [PSYoungGen: 52224K->256K(58880K)] 528073K->476105K(779776K), 0.0112992 secs] [Times: user=0.06 sys=0.00, real=0.01 secs]
2325.749: [GC [PSYoungGen: 52224K->256K(58880K)] 528073K->476105K(779776K), 0.0112992 secs] [Times: user=0.06 sys=0.00, real=0.01 secs]
2325.749: [GC [PSYoungGen: 52224K->256K(58880K)] 528073K->476105K(779776K), 0.0112992 secs] [Times: user=0.06 sys=0.00, real=0.01 secs]
2325.749: [GC [PSYoungGen: 52224K->256K(58880K)] 528073K->476105K(779776K), 0.0112992 secs] [Times: user=0.06 sys=0.00, real=0.01 secs]
2325.749: [GC [PSYoungGen: 52224K->256K(58880K)] 528073K->476105K(779776K), 0.0112992 secs] [Times: user=0.06 sys=0.00, real=0.01 secs]
2325.749: [GC [PSYoungGen: 52224K->256K(58880K)] 528073K->476105K(779776K), 0.0112992 secs] [Times: user=0.06 sys=0.00, real=0.01 secs]
2325.749: [GC [PSYoungGen: 52224K->256K(58880K)] 528073K->476105K(779776K), 0.0112992 secs] [Times: user=0.06 sys=0.00, real=0.01 secs]
2325.749: [GC [PSYoungGen: 52224K->256K(58880K)] 528073K->476105K(779776K), 0.0112992 secs] [Times: user=0.06 sys=0.00, real=0.01 secs]
2325.749: [GC [PSYoungGen: 52224K->256K(58880K)] 528073K->476105K(779776K), 0.0112992 secs] [Times: user=0.06 sys=0.00, real=0.01 secs]
2325.749: [GC [PSYoungGen: 52224K->256K(58880K)] 528073K->476105K(779776K), 0.0112992 secs] [Times: user=0.06 sys=0.00, real=0.01 secs]
2325.749: [GC [PSYoungGen: 52224K->256K(58880K)] 528073K->476105K(779776K), 0.0112992 secs] [Times: user=0.06 sys=0.00, real=0.01 secs]
2325.749: [GC [PSYoungGen: 52224K->256K(58880K)] 528073K->476105K(779776K), 0.0112992 secs] [Times: user=0.06 sys=0.00, real=0.01 secs]
2325.749: [GC [PSYoungGen: 52224K->256K(58880K)] 528073K->476105K(779776K), 0.0112992 secs] [Times: user=0.06 sys=0.00, real=0.01 secs]
2325.749: [GC [PSYoungGen: 52224K->256K(58880K)] 528073K->476105K(779776K), 0.0112992 secs] [Times: user=0.06 sys=0.00, real=0.01 secs]
2325.749: [GC [PSYoungGen: 52224K->256K(58880K)] 528073K->476105K(779776K), 0.0112992 secs] [Times: user=0.06 sys=0.00, real=0.01 secs]
2325.749: [GC [PSYoungGen: 52224K->256K(58880K)] 528073K->476105K(779776K), 0.0112992 secs] [Times: user=0.06 sys=0.00, real=0.01 secs]
2325.749: [GC [PSYoungGen: 52224K->256K(58880K)] 528073K->476105K(779776K), 0.0112992 secs] [Times: user=0.06 sys=0.00, real=0.01 secs]
2325.749: [GC [PSYoungGen: 52224K->256K(58880K)] 528073K->476105K(779776K), 0.0112992 secs] [Times: user=0.06 sys=0.00, real=0.01 secs]
2325.749: [GC [PSYoungGen: 52224K->256K(58880K)] 528073K->476105K(779776K), 0.0112992 secs] [Times: user=0.06 sys=0.00, real=0.01 secs]
2325.749: [GC [PSYoungGen: 52224K->256K(58880K)] 528073K->476105K(779776K), 0.0112992 secs] [Times: user=0.06 sys=0.00, real=0.01 secs]
2325.749: [GC [PSYoungGen: 52224K->256K(58880K)] 528073K->476105K(779776K), 0.0112992 secs] [Times: user=0.06 sys=0.00, real=0.01 secs]
2325.749: [GC [PSYoungGen: 52224K->256K(58880K)] 528073K->476105K(779776K), 0.0112992 secs] [Times: user=0.06 sys=0.00, real=0.01 secs]
2325.749: [GC [PSYoungGen: 52224K->256K(58880K)] 528073K->476105K(779776K), 0.0112992 secs] [Times: user=0.06 sys=0.00, real=0.01 secs]
2325.749: [GC [PSYoungGen: 52224K->256K(58880K)] 528073K->476105K(779776K), 0.0112992 secs] [Times: user=0.06 sys=0.00, real=0.01 secs]
2325.749: [GC [PSYoungGen: 52224K->256K(58880K)] 528073K->476105K(779776K), 0.0112992 secs] [Times: user=0.06 sys=0.00, real=0.01 secs]
2325.749: [GC [PSYoungGen: 52224K->256K(58880K)] 528073K->476105K(779776K), 0.0112992 secs] [Times: user=0.06 sys=0.00, real=0.01 secs]
2325.749: [GC [PSYoungGen: 52224K->256K(58880K)] 528073K->476105K(779776K), 0.0112992 secs] [Times: user=0.06 sys=0.00, real=0.01 secs]
2325.749: [GC [PSYoungGen: 52224K->256K(58880K)] 528073K->476105K(779776K), 0.0112992 secs] [Times: user=0.06 sys=0.00, real=0.01 secs]
2325.749: [GC [PSYoungGen: 52224K->256K(58880K)] 528073K->476105K(779776K), 0.0112992 secs] [Times: user=0.06 sys=0.00, real=0.01 secs]
2325.749: [GC [PSYoungGen: 52224K->256K(58880K)] 528073K->476105K(779776K), 0.0112992 secs] [Times: user=0.06 sys=0.00, real=0.01 secs]
2325.749: [GC [PSYoungGen: 52224K->256K(58880K)] 528073K->476105K(779776K), 0.0112992 secs] [Times: user=0.06 sys=0.00, real=0.01 secs]
2325.749: [GC [PSYoungGen: 52224K->256K(58880K)] 528073K->476105K(779776K), 0.0112992 secs] [Times: user=0.06 sys=0.00, real=0.01 secs]
2325.749: [GC [PSYoungGen: 52224K->256K(58880K)] 528073K->476105K(779776K), 0.0112992 secs] [Times: user=0.06 sys=0.00, real=0.01 secs]
2325.749: [GC [PSYoungGen: 52224K->256K(58880K)] 528073K->476105K(779776K), 0.0112992 secs] [Times: user=0.06 sys=0.00, real=0.01 secs]
2325.749: [GC [PSYoungGen: 52224K->256K(58880K)] 528073K->476105K(779776K), 0.0112992 secs] [Times: user=0.06 sys=0.00, real=0.01 secs]
2325.749: [GC [PSYoungGen: 52224K->256K(58880K)] 528073K->476105K(779776K), 0.0112992 secs] [Times: user=0.06 sys=0.00, real=0.01 secs]
2325.749: [GC [PSYoungGen: 52224K->256K(58880K)] 528073K->476105K(779776K), 0.0112992 secs] [Times: user=0.06 sys=0.00, real=0.01 secs]
2325.749: [GC [PSYoungGen: 52224K->256K(58880K)] 528073K->476105K(779776K), 0.0112992 secs] [Times: user=0.06 sys=0.00, real=0.01 secs]
2325.749: [GC [PSYoungGen: 52224K->256K(58880K)] 528073K->476105K(779776K), 0.0112992 secs] [Times: user=0.06 sys=0.00, real=0.01 secs]
2325.749: [GC [PSYoungGen: 52224K->256K(58880K)] 528073K->476105K(779776K), 0.0112992 secs] [Times: user=0.06 sys=0.00, real=0.01 secs]
2325.749: [GC [PSYoungGen: 52224K->256K(58880K)] 528073K->476105K(779776K), 0.0112992 secs] [Times: user=0.06 sys=0.00, real=0.01 secs]
2325.749: [GC [PSYoungGen: 52224K->256K(58880K)] 528073K->476105K(779776K), 0.0112992 secs] [Times: user=0.06 sys=0.00, real=0.01 secs]
2325.749: [GC [PSYoungGen: 52224K->256K(58880K)] 528073K->476105K(779776K), 0.0112992 secs] [Times: user=0.06 sys=0.00, real=0.01 secs]
2325.749: [GC [PSYoungGen: 52224K->256K(58880K)] 528073K->476105K(779776K), 0.0112992 secs] [Times: user=0.06 sys=0.00, real=0.01 secs]
2325.749: [GC [PSYoungGen: 52224K->256K(58880K)] 528073K->476105K(779776K), 0.0112992 secs] [Times: user=0.06 sys=0.00, real=0.01 secs]
2325.749: [GC [PSYoungGen: 52224K->256K(58880K)] 528073K->476105K(779776K), 0.0112992 secs] [Times: user=0.06 sys=0.00, real=0.01 secs]
2325.749: [GC [PSYoungGen: 52224K->256K(58880K)] 528073K->476105K(779776K), 0.0112992 secs] [Times: user=0.06 sys=0.00, real=0.01 secs]
2325.749: [GC [PSYoungGen: 52224K->256K(58880K)] 528073K->476105K(779776K), 0.0112992 secs] [Times: user=0.06 sys=0.00, real=0.01 secs]
2325.749: [GC [PSYoungGen: 52224K->256K(58880K)] 528073K->476105K(779776K), 0.0112992 secs] [Times: user=0.06 sys=0.00, real=0.01 secs]
2325.749: [GC [PSYoungGen: 52224K->256K(58880K)] 528073K->476105K(779776K), 0.0112992 secs] [Times: user=0.06 sys=0.00, real=0.01 secs]
2325.749: [GC [PSYoungGen: 52224K->256K(58880K)] 528073K->476105K(779776K), 0.0112992 secs] [Times: user=0.06 sys=0.00, real=0.01 secs]
2325.749: [GC [PSYoungGen: 52224K->256K(58880K)] 528073K->476105K(779776K), 0.0112992 secs] [Times: user=0.06 sys=0.00, real=0.01 secs]
2325.749: [GC [PSYoungGen: 52224K->256K(58880K)] 528073K->476105K(779776K), 0.0112992 secs] [Times: user=0.06 sys=0.00, real=0.01 secs]
2325.749: [GC [PSYoungGen: 52224K->256K(58880K)] 528073K->476105K(779776K), 0.0112992 secs] [Times: user=0.06 sys=0.00, real=0.01 secs]
2325.749: [GC [PSYoungGen: 52224K->256K(58880K)] 528073K->476105K(779776K), 0.0112992 secs] [Times: user=0.06 sys=0.00, real=0.01 secs]
2325.749: [GC [PSYoungGen: 52224K->256K(58880K)] 528073K->476105K(779776K), 0.0112992 secs] [Times: user=0.06 sys=0.00, real=0.01 secs]
2325.749: [GC [PSYoungGen: 52224K->256K(58880K)] 528073K->476105K(779776K), 0.0112992 secs] [Times: user=0.06 sys=0.00, real=0.01 secs]
2325.749: [GC [PSYoungGen: 52224K->256K(58880K)] 528073K->476105K(779776K), 0.0112992 secs] [Times: user=0.06 sys=0.00, real=0.01 secs]
2325.749: [GC [PSYoungGen: 52224K->256K(58880K)] 528073K->476105K(779776K), 0.0112992 secs] [Times: user=0.06 sys=0.00, real=0.01 secs]
2325.749: [GC [PSYoungGen: 52224K->256K(58880K)] 528073K->476105K(779776K), 0.0112992 secs] [Times: user=0.06 sys=0.00, real=0.01 secs]
2325.749: [GC [PSYoungGen: 52224K->256K(58880K)] 528073K->476105K(779776K), 0.0112992 secs] [Times: user=0.06 sys=0.00, real=0.01 secs]
2325.749: [GC [PSYoungGen: 52224K->256K(58880K)] 528073K->476105K(779776K), 0.0112992 secs] [Times: user=0.06 sys=0.00, real=0.01 secs]
2325.749: [GC [PSYoungGen: 52224K->256K(58880K)] 528073K->476105K(779776K), 0.0112992 secs] [Times: user=0.06 sys=0.00, real=0.01 secs]
2325.749: [GC [PSYoungGen: 52224K->256K(58880K)] 528073K->476105K(779776K), 0.0112992 secs] [Times: user=0.06 sys=0.00, real=0.01 secs]
2325.749: [GC [PSYoungGen: 52224K->256K(58880K)] 528073K->476105K(779776K), 0.0112992 secs] [Times: user=0.06 sys=0.00, real=0.01 secs]
2325.749: [GC [PSYoungGen: 52224K->256K(58880K)] 528073K->476105K(779776K), 0.0112992 secs] [Times: user=0.06 sys=0.00, real=0.01 secs]
2325.749: [GC [PSYoungGen: 52224K->256K(58880K)] 528073K->476105K(779776K), 0.0112992 secs] [Times: user=0.06 sys=0.00, real=0.01 secs]
2325.749: [GC [PSYoungGen: 52224K->256K(58880K)] 528073K->476105K(779776K), 0.0112992 secs] [Times: user=0.06 sys=0.00, real=0.01 secs]
2325.749: [GC [PSYoungGen: 52224K->256K(58880K)] 528073K->476105K(779776K), 0.0112992 secs] [Times: user=0.06 sys=0.00, real=0.01 secs]
2325.749: [GC [PSYoungGen: 52224K->256K(58880K)] 528073K->476105K(779776K), 0.0112992 secs] [Times: user=0.06 sys=0.00, real=0.01 secs]
2325.749: [GC [PSYoungGen: 52224K->256K(58880K)] 528073K->476105K(779776K), 0.0112992 secs] [Times: user=0.06 sys=0.00, real=0.01 secs]
2325.749: [GC [PSYoungGen: 52224K->256K(58880K)] 528073K->476105K(779776K), 0.0112992 secs] [Times: user=0.06 sys=0.00, real=0.01 secs]
2325.749: [GC [PSYoungGen: 52224K->256K(58880K)] 528073K->476105K(779776K), 0.0112992 secs] [Times: user=0.06 sys=0.00, real=0.01 secs]
2325.749: [GC [PSYoungGen: 52224K->256K(58880K)] 528073K->476105K(779776K), 0.0112992 secs] [Times: user=0.06 sys=0.00, real=0.01 secs]
2325.749: [GC [PSYoungGen: 52224K->256K(58880K)] 528073K->476105K(779776K), 0.0112992 secs] [Times: user=0.06 sys=0.00, real=0.01 secs]
2325.749: [GC [PSYoungGen: 52224K->256K(58880K)] 528073K->476105K(779776K), 0.0112992 secs] [Times: user=0.06 sys=0.00, real=0.01 secs]
2325.749: [GC [PSYoungGen: 52224K->256K(58880K)] 528073K->476105K(779776K), 0.0112992 secs] [Times: user=0.06 sys=0.00, real=0.01 secs]
2325.749: [GC [PSYoungGen: 52224K->256K(58880K)] 528073K->476105K(779776K), 0.0112992 secs] [Times: user=0.06 sys=0.00, real=0.01 secs]
2325.749: [GC [PSYoungGen: 52224K->256K(58880K)] 528073K->476105K(779776K), 0.0112992 secs] [Times: user=0.06 sys=0.00, real=0.01 secs]
2325.749: [GC [PSYoungGen: 52224K->256K(58880K)] 528073K->476105K(779776K), 0.0112992 secs] [Times: user=0.06 sys=0.00, real=0.01 secs]
2325.749: [GC [PSYoungGen: 52224K->256K(58880K)] 528073K->476105K(779776K), 0.0112992 secs] [Times: user=0.06 sys=0.00, real=0.01 secs]
2325.749: [GC [PSYoungGen: 52224K->256K(58880K)] 528073K->476105K(779776K), 0.0112992 secs] [Times: user=0.06 sys=0.00, real=0.01 secs]
2325.749: [GC [PSYoungGen: 52224K->256K(58880K)] 528073K->476105K(779776K), 0.0112992 secs] [Times: user=0.06 sys=0.00, real=0.01 secs]
2325.749: [GC [PSYoungGen: 52224K->256K(58880K)] 528073K->476105K(779776K), 0.0112992 secs] [Times: user=0.06 sys=0.00, real=0.01 secs]
2325.749: [GC [PSYoungGen: 52224K->256K(58880K)] 528073K->476105K(779776K), 0.0112992 secs] [Times: user=0.06 sys=0.00, real=0.01 secs]
2325.749: [GC [PSYoungGen: 52224K->256K(58880K)] 528073K->476105K(779776K), 0.0112992 secs] [Times: user=0.06 sys=0.00, real=0.01 secs]
2325.749: [GC [PSYoungGen: 52224K->256K(58880K)] 528073K->476105K(779776K), 0.0112992 secs] [Times: user=0.06 sys=0.00, real=0.01 secs]
2325.749: [GC [PSYoungGen: 52224K->256K(58880K)] 528073K->476105K(779776K), 0.0112992 secs] [Times: user=0.06 sys=0.00, real=0.01 secs]
2325.749: [GC [PSYoungGen: 52224K->256K(58880K)] 528073K->476105K(779776K), 0.0112992 secs] [Times: user=0.06 sys=0.00, real=0.01 secs]
2325.749: [GC [PSYoungGen: 52224K->256K(58880K)] 528073K->476105K(779776K), 0.0112992 secs] [Times: user=0.06 sys=0.00, real=0.01 secs]
2325.749: [GC [PSYoungGen: 52224K->256K(58880K)] 528073K->476105K(779776K), 0.0112992 secs] [Times: user=0.06 sys=0.00, real=0.01 secs]
2325.749: [GC [PSYoungGen: 52224K->256K(58880K)] 528073K->476105K(779776K), 0.0112992 secs] [Times: user=0.06 sys=0.00, real=0.01 secs]
2325.749: [GC [PSYoungGen: 52224K->256K(58880K)] 528073K->476105K(779776K), 0.0112992 secs] [Times: user=0.06 sys=0.00, real=0.01 secs]
2325.749: [GC [PSYoungGen: 52224K->256K(58880K)] 528073K->476105K(779776K), 0.0112992 secs] [Times: user=0.06 sys=0.00, real=0.01 secs]
2325.749: [GC [PSYoungGen: 52224K->256K(58880K)] 528073K->476105K(779776K), 0.0112992 secs] [Times: user=0.06 sys=0.00, real=0.01 secs]
2325.749: [GC [PSYoungGen: 52224K->256K(58880K)] 528073K->476105K(779776K), 0.0112992 secs] [Times: user=0.06 sys=0.00, real=0.01 secs]
2325.749: [GC [PSYoungGen: 52224K->256K(58880K)] 528073K->476105K(779776K), 0.0112992 secs] [Times: user=0.06 sys=0.00, real=0.01 secs]
2325.749: [GC [PSYoungGen: 52224K->256K(58880K)] 528073K->476105K(779776K), 0.0112992 secs] [Times: user=0.06 sys=0.00, real=0.01 secs]
2325.749: [GC [PSYoungGen: 52224K->256K(58880K)] 528073K->476105K(779776K), 0.0112992 secs] [Times: user=0.06 sys=0.00, real=0.01 secs]
2325.749: [GC [PSYoungGen: 52224K->256K(58880K)] 528073K->476105K(779776K), 0.0112992 secs] [Times: user=0.06 sys=0.00, real=0.01 secs]
2325.749: [GC [PSYoungGen: 52224K->256K(58880K)] 528073K->476105K(779776K), 0.0112992 secs] [Times: user=0.06 sys=0.00, real=0.01 secs]
2325.749: [GC [PSYoungGen: 52224K->256K(58880K)] 528073K->476105K(779776K), 0.0112992 secs] [Times: user=0.06 sys=0.00, real=0.01 secs]
2325.749: [GC [PSYoungGen: 52224K->256K(58880K)] 528073K->476105K(779776K), 0.0112992 secs] [Times: user=0.06 sys=0.00, real=0.01 secs]
2325.749: [GC [PSYoungGen: 52224K->256K(58880K)] 528073K->476105K(779776K), 0.0112992 secs] [Times: user=0.06 sys=0.00, real=0.01 secs]
2325.749: [GC [PSYoungGen: 52224K->256K(58880K)] 528073K->476105K(779776K), 0.0112992 secs] [Times: user=0.06 sys=0.00, real=0.01 secs]
2325.749: [GC [PSYoungGen: 52224K->256K(58880K)] 528073K->476105K(779776K), 0.0112992 secs] [Times: user=0.06 sys=0.00, real=0.01 secs]
2325.749: [GC [PSYoungGen: 52224K->256K(58880K)] 528073K->476105K(779776K), 0.0112992 secs] [Times: user=0.06 sys=0.00, real=0.01 secs]
2325.749: [GC [PSYoungGen: 52224K->256K(58880K)] 528073K->476105K(779776K), 0.0112992 secs] [Times: user=0.06 sys=0.00, real=0.01 secs]
2325.749: [GC [PSYoungGen: 52224K->256K(58880K)] 528073K->476105K(779776K), 0.0112992 secs] [Times: user=0.06 sys=0.00, real=0.01 secs]
2325.749: [GC [PSYoungGen: 52224K->256K(58880K)] 528073K->476105K(779776K), 0.0112992 secs] [Times: user=0.06 sys=0.00, real=0.01 secs]
2325.749: [GC [PSYoungGen: 52224K->256K(58880K)] 528073K->476105K(779776K), 0.0112992 secs] [Times: user=0.06 sys=0.00, real=0.01 secs]
2325.749: [GC [PSYoungGen: 52224K->256K(58880K)] 528073K->476105K(779776K), 0.0112992 secs] [Times: user=0.06 sys=0.00, real=0.01 secs]
2325.749: [GC [PSYoungGen: 52224K->256K(58880K)] 528073K->476105K(779776K), 0.0112992 secs] [Times: user=0.06 sys=0.00, real=0.01 secs]
2325.749: [GC [PSYoungGen: 52224K->256K(58880K)] 528073K->476105K(779776K), 0.0112992 secs] [Times: user=0.06 sys=0.00, real=0.01 secs]
2325.749: [GC [PSYoungGen: 52224K->256K(58880K)] 528073K->476105K(779776K), 0.0112992 secs] [Times: user=0.06 sys=0.00, real=0.01 secs]
2325.749: [GC [PSYoungGen: 52224K->256K(58880K)] 528073K->476105K(779776K), 0.0112992 secs] [Times: user=0.06 sys=0.00, real=0.01 secs]
2325.749: [GC [PSYoungGen: 52224K->256K(58880K)] 528073K->476105K(779776K), 0.0112992 secs] [Times: user=0.06 sys=0.00, real=0.01 secs]
2325.749: [GC [PSYoungGen: 52224K->256K(58880K)] 528073K->476105K(779776K), 0.0112992 secs] [Times: user=0.06 sys=0.00, real=0.01 secs]
2325.749: [GC [PSYoungGen: 52224K->256K(58880K)] 528073K->476105K(779776K), 0.0112992 secs] [Times: user=0.06 sys=0.00, real=0.01 secs]
2325.749: [GC [PSYoungGen: 52224K->256K(58880K)] 528073K->476105K(779776K), 0.0112992 secs] [Times: user=0.06 sys=0.00, real=0.01 secs]
2325.749: [GC [PSYoungGen: 52224K->256K(58880K)] 528073K->476105K(779776K), 0.0112992 secs] [Times: user=0.06 sys=0.00, real=0.01 secs]
2325.749: [GC [PSYoungGen: 52224K->256K(58880K)] 528073K->476105K(779776K), 0.0112992 secs] [Times: user=0.06 sys=0.00, real=0.01 secs]
2325.749: [GC [PSYoungGen: 52224K->256K(58880K)] 528073K->476105K(779776K), 0.0112992 secs] [Times: user=0.06 sys=0.00, real=0.01 secs]
2325.749: [GC [PSYoungGen: 52224K->256K(58880K)] 528073K->476105K(779776K), 0.0112992 secs] [Times: user=0.06 sys=0.00, real=0.01 secs]
2325.749: [GC [PSYoungGen: 52224K->256K(58880K)] 528073K->476105K(779776K), 0.0112992 secs] [Times: user=0.06 sys=0.00, real=0.01 secs]
2325.749: [GC [PSYoungGen: 52224K->256K(58880K)] 528073K->476105K(779776K), 0.0112992 secs] [Times: user=0.06 sys=0.00, real=0.01 secs]
2325.749: [GC [PSYoungGen: 52224K->256K(58880K)] 528073K->476105K(779776K), 0.0112992 secs] [Times: user=0.06 sys=0.00, real=0.01 secs]
2325.749: [GC [PSYoungGen: 52224K->256K(58880K)] 528073K->476105K(779776K), 0.0112992 secs] [Times: user=0.06 sys=0.00, real=0.01 secs]
2325.749: [GC [PSYoungGen: 52224K->256K(58880K)] 528073K->476105K(779776K), 0.0112992 secs] [Times: user=0.06 sys=0.00, real=0.01 secs]
2325.749: [GC [PSYoungGen: 52224K->256K(58880K)] 528073K->476105K(779776K), 0.0112992 secs] [Times: user=0.06 sys=0.00, real=0.01 secs]
2325.749: [GC [PSYoungGen: 52224K->256K(58880K)] 528073K->476105K(779776K), 0.0112992 secs] [Times: user=0.06 sys=0.00, real=0.01 secs]
2325.749: [GC [PSYoungGen: 52224K->256K(58880K)] 528073K->476105K(779776K), 0.0112992 secs] [Times: user=0.06 sys=0.00, real=0.01 secs]
2325.749: [GC [PSYoungGen: 52224K->256K(58880K)] 528073K->476105K(779776K), 0.0112992 secs] [Times: user=0.06 sys=0.00, real=0.01 secs]
2325.749: [GC [PSYoungGen: 52224K->256K(58880K)] 528073K->476105K(779776K), 0.0112992 secs] [Times: user=0.06 sys=0.00, real=0.01 secs]
2325.749: [GC [PSYoungGen: 52224K->256K(58880K)] 528073K->476105K(779776K), 0.0112992 secs] [Times: user=0.06 sys=0.00, real=0.01 secs]
2325.749: [GC [PSYoungGen: 52224K->256K(58880K)] 528073K->476105K(779776K), 0.0112992 secs] [Times: user=0.06 sys=0.00, real=0.01 secs]
2325.749: [GC [PSYoungGen: 52224K->256K(58880K)] 528073K->476105K(779776K), 0.0112992 secs] [Times: user=0.06 sys=0.00, real=0.01 secs]
2325.749: [GC [PSYoungGen: 52224K->256K(58880K)] 528073K->476105K(779776K), 0.0112992 secs] [Times: user=0.06 sys=0.00, real=0.01 secs]
2325.749: [GC [PSYoungGen: 52224K->256K(58880K)] 528073K->476105K(779776K), 0.0112992 secs] [Times: user=0.06 sys=0.00, real=0.01 secs]
2325.749: [GC [PSYoungGen: 52224K->256K(58880K)] 528073K->476105K(779776K), 0.0112992 secs] [Times: user=0.06 sys=0.00, real=0.01 secs]
2325.749: [GC [PSYoungGen: 52224K->256K(58880K)] 528073K->476105K(779776K), 0.0112992 secs] [Times: user=0.06 sys=0.00, real=0.01 secs]
2325.749: [GC [PSYoungGen: 52224K->256K(58880K)] 528073K->476105K(779776K), 0.0112992 secs] [Times: user=0.06 sys=0.00, real=0.01 secs]
2325.749: [GC [PSYoungGen: 52224K->256K(58880K)] 528073K->476105K(779776K), 0.0112992 secs] [Times: user=0.06 sys=0.00, real=0.01 secs]
2325.749: [GC [PSYoungGen: 52224K->256K(58880K)] 528073K->476105K(779776K), 0.0112992 secs] [Times: user=0.06 sys=0.00, real=0.01 secs]
2325.749: [GC [PSYoungGen: 52224K->256K(58880K)] 528073K->476105K(779776K), 0.0112992 secs] [Times: user=0.06 sys=0.00, real=0.01 secs]
2325.749: [GC [PSYoungGen: 52224K->256K(58880K)] 528073K->476105K(779776K), 0.0112992 secs] [Times: user=0.06 sys=0.00, real=0.01 secs]
2325.749: [GC [PSYoungGen: 52224K->256K(58880K)] 528073K->476105K(779776K), 0.0112992 secs] [Times: user=0.06 sys=0.00, real=0.01 secs]
2325.749: [GC [PSYoungGen: 52224K->256K(58880K)] 528073K->476105K(779776K), 0.0112992 secs] [Times: user=0.06 sys=0.00, real=0.01 secs]
2325.749: [GC [PSYoungGen: 52224K->256K(58880K)] 528073K->476105K(779776K), 0.0112992 secs] [Times: user=0.06 sys=0.00, real=0.01 secs]
2325.749: [GC [PSYoungGen: 52224K->256K(58880K)] 528073K->476105K(779776K), 0.0112992 secs] [Times: user=0.06 sys=0.00, real=0.01 secs]
2325.749: [GC [PSYoungGen: 52224K->256K(58880K)] 528073K->476105K(779776K), 0.0112992 secs] [Times: user=0.06 sys=0.00, real=0.01 secs]
2325.749: [GC [PSYoungGen: 52224K->256K(58880K)] 528073K->476105K(779776K), 0.0112992 secs] [Times: user=0.06 sys=0.00, real=0.01 secs]
2325.749: [GC [PSYoungGen: 52224K->256K(58880K)] 528073K->476105K(779776K), 0.0112992 secs] [Times: user=0.06 sys=0.00, real=0.01 secs]
2325.749: [GC [PSYoungGen: 52224K->256K(58880K)] 528073K->476105K(779776K), 0.0112992 secs] [Times: user=0.06 sys=0.00, real=0.01 secs]
2325.749: [GC [PSYoungGen: 52224K->256K(58880K)] 528073K->476105K(779776K), 0.0112992 secs] [Times: user=0.06 sys=0.00, real=0.01 secs]
2325.749: [GC [PSYoungGen: 52224K->256K(58880K)] 528073K->476105K(779776K), 0.0112992 secs] [Times: user=0.06 sys=0.00, real=0.01 secs]
2325.749: [GC [PSYoungGen: 52224K->256K(58880K)] 528073K->476105K(779776K), 0.0112992 secs] [Times: user=0.06 sys=0.00, real=0.01 secs]
2325.749: [GC [PSYoungGen: 52224K->256K(58880K)] 528073K->476105K(779776K), 0.0112992 secs] [Times: user=0.06 sys=0.00, real=0.01 secs]
2325.749: [GC [PSYoungGen: 52224K->256K(58880K)] 528073K->476105K(779776K), 0.0112992 secs] [Times: user=0.06 sys=0.00, real=0.01 secs]
2325.749: [GC [PSYoungGen: 52224K->256K(58880K)] 528073K->476105K(779776K), 0.0112992 secs] [Times: user=0.06 sys=0.00, real=0.01 secs]
2325.749: [GC [PSYoungGen: 52224K->256K(58880K)] 528073K->476105K(779776K), 0.0112992 secs] [Times: user=0.06 sys=0.00, real=0.01 secs]
2325.749: [GC [PSYoungGen: 52224K->256K(58880K)] 528073K->476105K(779776K), 0.0112992 secs] [Times: user=0.06 sys=0.00, real=0.01 secs]
2325.749: [GC [PSYoungGen: 52224K->256K(58880K)] 528073K->476105K(779776K), 0.0112992 secs] [Times: user=0.06 sys=0.00, real=0.01 secs]
2325.749: [GC [PSYoungGen: 52224K->256K(58880K)] 528073K->476105K(779776K), 0.0112992 secs] [Times: user=0.06 sys=0.00, real=0.01 secs]
2325.749: [GC [PSYoungGen: 52224K->256K(58880K)] 528073K->476105K(779776K), 0.0112992 secs] [Times: user=0.06 sys=0.00, real=0.01 secs]
2325.749: [GC [PSYoungGen: 52224K->256K(58880K)] 528073K->476105K(779776K), 0.0112992 secs] [Times: user=0.06 sys=0.00, real=0.01 secs]
2325.749: [GC [PSYoungGen: 52224K->256K(58880K)] 528073K->476105K(779776K), 0.0112992 secs] [Times: user=0.06 sys=0.00, real=0.01 secs]
2325.749: [GC [PSYoungGen: 52224K->256K(58880K)] 528073K->476105K(779776K), 0.0112992 secs] [Times: user=0.06 sys=0.00, real=0.01 secs]
2325.749: [GC [PSYoungGen: 52224K->256K(58880K)] 528073K->476105K(779776K), 0.0112992 secs] [Times: user=0.06 sys=0.00, real=0.01 secs]
2325.749: [GC [PSYoungGen: 52224K->256K(58880K)] 528073K->476105K(779776K), 0.0112992 secs] [Times: user=0.06 sys=0.00, real=0.01 secs]
2325.749: [GC [PSYoungGen: 52224K->256K(58880K)] 528073K->476105K(779776K), 0.0112992 secs] [Times: user=0.06 sys=0.00, real=0.01 secs]
2325.749: [GC [PSYoungGen: 52224K->256K(58880K)] 528073K->476105K(779776K), 0.0112992 secs] [Times: user=0.06 sys=0.00, real=0.01 secs]
2325.749: [GC [PSYoungGen: 52224K->256K(58880K)] 528073K->476105K(779776K), 0.0112992 secs] [Times: user=0.06 sys=0.00, real=0.01 secs]
2325.749: [GC [PSYoungGen: 52224K->256K(58880K)] 528073K->476105K(779776K), 0.0112992 secs] [Times: user=0.06 sys=0.00, real=0.01 secs]
2325.749: [GC [PSYoungGen: 52224K->256K(58880K)] 528073K->476105K(779776K), 0.0112992 secs] [Times: user=0.06 sys=0.00, real=0.01 secs]
2325.749: [GC [PSYoungGen: 52224K->256K(58880K)] 528073K->476105K(779776K), 0.0112992 secs] [Times: user=0.06 sys=0.00, real=0.01 secs]
2325.749: [GC [PSYoungGen: 52224K->256K(58880K)] 528073K->476105K(779776K), 0.0112992 secs] [Times: user=0.06 sys=0.00, real=0.01 secs]
2325.749: [GC [PSYoungGen: 52224K->256K(58880K)] 528073K->476105K(779776K), 0.0112992 secs] [Times: user=0.06 sys=0.00, real=0.01 secs]
2325.749: [GC [PSYoungGen: 52224K->256K(58880K)] 528073K->476105K(779776K), 0.0112992 secs] [Times: user=0.06 sys=0.00, real=0.01 secs]
2325.749: [GC [PSYoungGen: 52224K->256K(58880K)] 528073K->476105K(779776K), 0.0112992 secs] [Times: user=0.06 sys=0.00, real=0.01 secs]
2325.749: [GC [PSYoungGen: 52224K->256K(58880K)] 528073K->476105K(779776K), 0.0112992 secs] [Times: user=0.06 sys=0.00, real=0.01 secs]
2325.749: [GC [PSYoungGen: 52224K->256K(58880K)] 528073K->476105K(779776K), 0.0112992 secs] [Times: user=0.06 sys=0.00, real=0.01 secs]
2325.749: [GC [PSYoungGen: 52224K->256K(58880K)] 528073K->476105K(779776K), 0.0112992 secs] [Times: user=0.06 sys=0.00, real=0.01 secs]
2325.749: [GC [PSYoungGen: 52224K->256K(58880K)] 528073K->476105K(779776K), 0.0112992 secs] [Times: user=0.06 sys=0.00, real=0.01 secs]
2325.749: [GC [PSYoungGen: 52224K->256K(58880K)] 528073K->476105K(779776K), 0.0112992 secs] [Times: user=0.06 sys=0.00, real=0.01 secs]
2325.749: [GC [PSYoungGen: 52224K->256K(58880K)] 528073K->476105K(779776K), 0.0112992 secs] [Times: user=0.06 sys=0.00, real=0.01 secs]
2325.749: [GC [PSYoungGen: 52224K->256K(58880K)] 528073K->476105K(779776K), 0.0112992 secs] [Times: user=0.06 sys=0.00, real=0.01 secs]
2325.749: [GC [PSYoungGen: 52224K->256K(58880K)] 528073K->476105K(779776K), 0.0112992 secs] [Times: user=0.06 sys=0.00, real=0.01 secs]
2325.749: [GC [PSYoungGen: 52224K->256K(58880K)] 528073K->476105K(779776K), 0.0112992 secs] [Times: user=0.06 sys=0.00, real=0.01 secs]
2325.749: [GC [PSYoungGen: 52224K->256K(58880K)] 528073K->476105K(779776K), 0.0112992 secs] [Times: user=0.06 sys=0.00, real=0.01 secs]
2325.749: [GC [PSYoungGen: 52224K->256K(58880K)] 528073K->476105K(779776K), 0.0112992 secs] [Times: user=0.06 sys=0.00, real=0.01 secs]
2325.749: [GC [PSYoungGen: 52224K->256K(58880K)] 528073K->476105K(779776K), 0.0112992 secs] [Times: user=0.06 sys=0.00, real=0.01 secs]
2325.749: [GC [PSYoungGen: 52224K->256K(58880K)] 528073K->476105K(779776K), 0.0112992 secs] [Times: user=0.06 sys=0.00, real=0.01 secs]
2325.749: [GC [PSYoungGen: 52224K->256K(58880K)] 528073K->476105K(779776K), 0.0112992 secs] [Times: user=0.06 sys=0.00, real=0.01 secs]
2325.749: [GC [PSYoungGen: 52224K->256K(58880K)] 528073K->476105K(779776K), 0.0112992 secs] [Times: user=0.06 sys=0.00, real=0.01 secs]
2325.749: [GC [PSYoungGen: 52224K->256K(58880K)] 528073K->476105K(779776K), 0.0112992 secs] [Times: user=0.06 sys=0.00, real=0.01 secs]
2325.749: [GC [PSYoungGen: 52224K->256K(58880K)] 528073K->476105K(779776K), 0.0112992 secs] [Times: user=0.06 sys=0.00, real=0.01 secs]
2325.749: [GC [PSYoungGen: 52224K->256K(58880K)] 528073K->476105K(779776K), 0.0112992 secs] [Times: user=0.06 sys=0.00, real=0.01 secs]
2325.749: [GC [PSYoungGen: 52224K->256K(58880K)] 528073K->476105K(779776K), 0.0112992 secs] [Times: user=0.06 sys=0.00, real=0.01 secs]
2325.749: [GC [PSYoungGen: 52224K->256K(58880K)] 528073K->476105K(779776K), 0.0112992 secs] [Times: user=0.06 sys=0.00, real=0.01 secs]
2325.749: [GC [PSYoungGen: 52224K->256K(58880K)] 528073K->476105K(779776K), 0.0112992 secs] [Times: user=0.06 sys=0.00, real=0.01 secs]
2325.749: [GC [PSYoungGen: 52224K->256K(58880K)] 528073K->476105K(779776K), 0.0112992 secs] [Times: user=0.06 sys=0.00, real=0.01 secs]
2325.749: [GC [PSYoungGen: 52224K->256K(58880K)] 528073K->476105K(779776K), 0.0112992 secs] [Times: user=0.06 sys=0.00, real=0.01 secs]
2325.749: [GC [PSYoungGen: 52224K->256K(58880K)] 528073K->476105K(779776K), 0.0112992 secs] [Times: user=0.06 sys=0.00, real=0.01 secs]
2325.749: [GC [PSYoungGen: 52224K->256K(58880K)] 528073K->476105K(779776K), 0.0112992 secs] [Times: user=0.06 sys=0.00, real=0.01 secs]
2325.749: [GC [PSYoungGen: 52224K->256K(58880K)] 528073K->476105K(779776K), 0.0112992 secs] [Times: user=0.06 sys=0.00, real=0.01 secs]
2325.749: [GC [PSYoungGen: 52224K->256K(58880K)] 528073K->476105K(779776K), 0.0112992 secs] [Times: user=0.06 sys=0.00, real=0.01 secs]
2325.749: [GC [PSYoungGen: 52224K->256K(58880K)] 528073K->476105K(779776K), 0.0112992 secs] [Times: user=0.06 sys=0.00, real=0.01 secs]
2325.749: [GC [PSYoungGen: 52224K->256K(58880K)] 528073K->476105K(779776K), 0.0112992 secs] [Times: user=0.06 sys=0.00, real=0.01 secs]
2325.749: [GC [PSYoungGen: 52224K->256K(58880K)] 528073K->476105K(779776K), 0.0112992 secs] [Times: user=0.06 sys=0.00, real=0.01 secs]
2325.749: [GC [PSYoungGen: 52224K->256K(58880K)] 528073K->476105K(779776K), 0.0112992 secs] [Times: user=0.06 sys=0.00, real=0.01 secs]
2325.749: [GC [PSYoungGen: 52224K->256K(58880K)] 528073K->476105K(779776K), 0.0112992 secs] [Times: user=0.06 sys=0.00, real=0.01 secs]
2325.749: [GC [PSYoungGen: 52224K->256K(58880K)] 528073K->476105K(779776K), 0.0112992 secs] [Times: user=0.06 sys=0.00, real=0.01 secs]
2325.749: [GC [PSYoungGen: 52224K->256K(58880K)] 528073K->476105K(779776K), 0.0112992 secs] [Times: user=0.06 sys=0.00, real=0.01 secs]
2325.749: [GC [PSYoungGen: 52224K->256K(58880K)] 528073K->476105K(779776K), 0.0112992 secs] [Times: user=0.06 sys=0.00, real=0.01 secs]
2325.749: [GC [PSYoungGen: 52224K->256K(58880K)] 528073K->476105K(779776K), 0.0112992 secs] [Times: user=0.06 sys=0.00, real=0.01 secs]
2325.749: [GC [PSYoungGen: 52224K->256K(58880K)] 528073K->476105K(779776K), 0.0112992 secs] [Times: user=0.06 sys=0.00, real=0.01 secs]
2325.749: [GC [PSYoungGen: 52224K->256K(58880K)] 528073K->476105K(779776K), 0.0112992 secs] [Times: user=0.06 sys=0.00, real=0.01 secs]
2325.749: [GC [PSYoungGen: 52224K->256K(58880K)] 528073K->476105K(779776K), 0.0112992 secs] [Times: user=0.06 sys=0.00, real=0.01 secs]
2325.749: [GC [PSYoungGen: 52224K->256K(58880K)] 528073K->476105K(779776K), 0.0112992 secs] [Times: user=0.06 sys=0.00, real=0.01 secs]
2325.749: [GC [PSYoungGen: 52224K->256K(58880K)] 528073K->476105K(779776K), 0.0112992 secs] [Times: user=0.06 sys=0.00, real=0.01 secs]
2325.749: [GC [PSYoungGen: 52224K->256K(58880K)] 528073K->476105K(779776K), 0.0112992 secs] [Times: user=0.06 sys=0.00, real=0.01 secs]
2325.749: [GC [PSYoungGen: 52224K->256K(58880K)] 528073K->476105K(779776K), 0.0112992 secs] [Times: user=0.06 sys=0.00, real=0.01 secs]
2325.749: [GC [PSYoungGen: 52224K->256K(58880K)] 528073K->476105K(779776K), 0.0112992 secs] [Times: user=0.06 sys=0.00, real=0.01 secs]
2325.749: [GC [PSYoungGen: 52224K->256K(58880K)] 528073K->476105K(779776K), 0.0112992 secs] [Times: user=0.06 sys=0.00, real=0.01 secs]
2325.749: [GC [PSYoungGen: 52224K->256K(58880K)] 528073K->476105K(779776K), 0.0112992 secs] [Times: user=0.06 sys=0.00, real=0.01 secs]
2325.749: [GC [PSYoungGen: 52224K->256K(58880K)] 528073K->476105K(779776K), 0.0112992 secs] [Times: user=0.06 sys=0.00, real=0.01 secs]
2325.749: [GC [PSYoungGen: 52224K->256K(58880K)] 528073K->476105K(779776K), 0.0112992 secs] [Times: user=0.06 sys=0.00, real=0.01 secs]
2325.749: [GC [PSYoungGen: 52224K->256K(58880K)] 528073K->476105K(779776K), 0.0112992 secs] [Times: user=0.06 sys=0.00, real=0.01 secs]
2325.749: [GC [PSYoungGen: 52224K->256K(58880K)] 528073K->476105K(779776K), 0.0112992 secs] [Times: user=0.06 sys=0.00, real=0.01 secs]
2325.749: [GC [PSYoungGen: 52224K->256K(58880K)] 528073K->476105K(779776K), 0.0112992 secs] [Times: user=0.06 sys=0.00, real=0.01 secs]
2325.749: [GC [PSYoungGen: 52224K->256K(58880K)] 528073K->476105K(779776K), 0.0112992 secs] [Times: user=0.06 sys=0.00, real=0.01 secs]
2325.749: [GC [PSYoungGen: 52224K->256K(58880K)] 528073K->476105K(779776K), 0.0112992 secs] [Times: user=0.06 sys=0.00, real=0.01 secs]
2325.749: [GC [PSYoungGen: 52224K->256K(58880K)] 528073K->476105K(779776K), 0.0112992 secs] [Times: user=0.06 sys=0.00, real=0.01 secs]
2325.749: [GC [PSYoungGen: 52224K->256K(58880K)] 528073K->476105K(779776K), 0.0112992 secs] [Times: user=0.06 sys=0.00, real=0.01 secs]
2325.749: [GC [PSYoungGen: 52224K->256K(58880K)] 528073K->476105K(779776K), 0.0112992 secs] [Times: user=0.06 sys=0.00, real=0.01 secs]
2325.749: [GC [PSYoungGen: 52224K->256K(58880K)] 528073K->476105K(779776K), 0.0112992 secs] [Times: user=0.06 sys=0.00, real=0.01 secs]
2325.749: [GC [PSYoungGen: 52224K->256K(58880K)] 528073K->476105K(779776K), 0.0112992 secs] [Times: user=0.06 sys=0.00, real=0.01 secs]
2325.749: [GC [PSYoungGen: 52224K->256K(58880K)] 528073K->476105K(779776K), 0.0112992 secs] [Times: user=0.06 sys=0.00, real=0.01 secs]
2325.749: [GC [PSYoungGen: 52224K->256K(58880K)] 528073K->476105K(779776K), 0.0112992 secs] [Times: user=0.06 sys=0.00, real=0.01 secs]
2325.749: [GC [PSYoungGen: 52224K->256K(58880K)] 528073K->476105K(779776K), 0.0112992 secs] [Times: user=0.06 sys=0.00, real=0.01 secs]
2325.749: [GC [PSYoungGen: 52224K->256K(58880K)] 528073K->476105K(779776K), 0.0112992 secs] [Times: user=0.06 sys=0.00, real=0.01 secs]
2325.749: [GC [PSYoungGen: 52224K->256K(58880K)] 528073K->476105K(779776K), 0.0112992 secs] [Times: user=0.06 sys=0.00, real=0.01 secs]
2325.749: [GC [PSYoungGen: 52224K->256K(58880K)] 528073K->476105K(779776K), 0.0112992 secs] [Times: user=0.06 sys=0.00, real=0.01 secs]
2325.749: [GC [PSYoungGen: 52224K->256K(58880K)] 528073K->476105K(779776K), 0.0112992 secs] [Times: user=0.06 sys=0.00, real=0.01 secs]
2325.749: [GC [PSYoungGen: 52224K->256K(58880K)] 528073K->476105K(779776K), 0.0112992 secs] [Times: user=0.06 sys=0.00, real=0.01 secs]
2325.749: [GC [PSYoungGen: 52224K->256K(58880K)] 528073K->476105K(779776K), 0.0112992 secs] [Times: user=0.06 sys=0.00, real=0.01 secs]
2325.749: [GC [PSYoungGen: 52224K->256K(58880K)] 528073K->476105K(779776K), 0.0112992 secs] [Times: user=0.06 sys=0.00, real=0.01 secs]
2325.749: [GC [PSYoungGen: 52224K->256K(58880K)] 528073K->476105K(779776K), 0.0112992 secs] [Times: user=0.06 sys=0.00, real=0.01 secs]
2325.749: [GC [PSYoungGen: 52224K->256K(58880K)] 528073K->476105K(779776K), 0.0112992 secs] [Times: user=0.06 sys=0.00, real=0.01 secs]
2325.749: [GC [PSYoungGen: 52224K->256K(58880K)] 528073K->476105K(779776K), 0.0112992 secs] [Times: user=0.06 sys=0.00, real=0.01 secs]
2325.749: [GC [PSYoungGen: 52224K->256K(58880K)] 528073K->476105K(779776K), 0.0112992 secs] [Times: user=0.06 sys=0.00, real=0.01 secs]
2325.749: [GC [PSYoungGen: 52224K->256K(58880K)] 528073K->476105K(779776K), 0.0112992 secs] [Times: user=0.06 sys=0.00, real=0.01 secs]
2325.749: [GC [PSYoungGen: 52224K->256K(58880K)] 528073K->476105K(779776K), 0.0112992 secs] [Times: user=0.06 sys=0.00, real=0.01 secs]
2325.749: [GC [PSYoungGen: 52224K->256K(58880K)] 528073K->476105K(779776K), 0.0112992 secs] [Times: user=0.06 sys=0.00, real=0.01 secs]
2325.749: [GC [PSYoungGen: 52224K->256K(58880K)] 528073K->476105K(779776K), 0.0112992 secs] [Times: user=0.06 sys=0.00, real=0.01 secs]
2325.749: [GC [PSYoungGen: 52224K->256K(58880K)] 528073K->476105K(779776K), 0.0112992 secs] [Times: user=0.06 sys=0.00, real=0.01 secs]
2325.749: [GC [PSYoungGen: 52224K->256K(58880K)] 528073K->476105K(779776K), 0.0112992 secs] [Times: user=0.06 sys=0.00, real=0.01 secs]
2325.749: [GC [PSYoungGen: 52224K->256K(58880K)] 528073K->476105K(779776K), 0.0112992 secs] [Times: user=0.06 sys=0.00, real=0.01 secs]
2325.749: [GC [PSYoungGen: 52224K->256K(58880K)] 528073K->476105K(779776K), 0.0112992 secs] [Times: user=0.06 sys=0.00, real=0.01 secs]
2325.749: [GC [PSYoungGen: 52224K->256K(58880K)] 528073K->476105K(779776K), 0.0112992 secs] [Times: user=0.06 sys=0.00, real=0.01 secs]
2325.749: [GC [PSYoungGen: 52224K->256K(58880K)] 528073K->476105K(779776K), 0.0112992 secs] [Times: user=0.06 sys=0.00, real=0.01 secs]
2325.749: [GC [PSYoungGen: 52224K->256K(58880K)] 528073K->476105K(779776K), 0.0112992 secs] [Times: user=0.06 sys=0.00, real=0.01 secs]
2325.749: [GC [PSYoungGen: 52224K->256K(58880K)] 528073K->476105K(779776K), 0.0112992 secs] [Times: user=0.06 sys=0.00, real=0.01 secs]
2325.749: [GC [PSYoungGen: 52224K->256K(58880K)] 528073K->476105K(779776K), 0.0112992 secs] [Times: user=0.06 sys=0.00, real=0.01 secs]
2325.749: [GC [PSYoungGen: 52224K->256K(58880K)] 528073K->476105K(779776K), 0.0112992 secs] [Times: user=0.06 sys=0.00, real=0.01 secs]
2325.749: [GC [PSYoungGen: 52224K->256K(58880K)] 528073K->476105K(779776K), 0.0112992 secs] [Times: user=0.06 sys=0.00, real=0.01 secs]
2325.749: [GC [PSYoungGen: 52224K->256K(58880K)] 528073K->476105K(779776K), 0.0112992 secs] [Times: user=0.06 sys=0.00, real=0.01 secs]
2325.749: [GC [PSYoungGen: 52224K->256K(58880K)] 528073K->476105K(779776K), 0.0112992 secs] [Times: user=0.06 sys=0.00, real=0.01 secs]
2325.749: [GC [PSYoungGen: 52224K->256K(58880K)] 528073K->476105K(779776K), 0.0112992 secs] [Times: user=0.06 sys=0.00, real=0.01 secs]
2325.749: [GC [PSYoungGen: 52224K->256K(58880K)] 528073K->476105K(779776K), 0.0112992 secs] [Times: user=0.06 sys=0.00, real=0.01 secs]
2325.749: [GC [PSYoungGen: 52224K->256K(58880K)] 528073K->476105K(779776K), 0.0112992 secs] [Times: user=0.06 sys=0.00, real=0.01 secs]
2325.749: [GC [PSYoungGen: 52224K->256K(58880K)] 528073K->476105K(779776K), 0.0112992 secs] [Times: user=0.06 sys=0.00, real=0.01 secs]
2325.749: [GC [PSYoungGen: 52224K->256K(58880K)] 528073K->476105K(779776K), 0.0112992 secs] [Times: user=0.06 sys=0.00, real=0.01 secs]
2325.749: [GC [PSYoungGen: 52224K->256K(58880K)] 528073K->476105K(779776K), 0.0112992 secs] [Times: user=0.06 sys=0.00, real=0.01 secs]
2325.749: [GC [PSYoungGen: 52224K->256K(58880K)] 528073K->476105K(779776K), 0.0112992 secs] [Times: user=0.06 sys=0.00, real=0.01 secs]
2325.749: [GC [PSYoungGen: 52224K->256K(58880K)] 528073K->476105K(779776K), 0.0112992 secs] [Times: user=0.06 sys=0.00, real=0.01 secs]
2325.749: [GC [PSYoungGen: 52224K->256K(58880K)] 528073K->476105K(779776K), 0.0112992 secs] [Times: user=0.06 sys=0.00, real=0.01 secs]
2325.749: [GC [PSYoungGen: 52224K->256K(58880K)] 528073K->476105K(779776K), 0.0112992 secs] [Times: user=0.06 sys=0.00, real=0.01 secs]
2325.749: [GC [PSYoungGen: 52224K->256K(58880K)] 528073K->476105K(779776K), 0.0112992 secs] [Times: user=0.06 sys=0.00, real=0.01 secs]
2325.749: [GC [PSYoungGen: 52224K->256K(58880K)] 528073K->476105K(779776K), 0.0112992 secs] [Times: user=0.06 sys=0.00, real=0.01 secs]
2325.749: [GC [PSYoungGen: 52224K->256K(58880K)] 528073K->476105K(779776K), 0.0112992 secs] [Times: user=0.06 sys=0.00, real=0.01 secs]
2325.749: [GC [PSYoungGen: 52224K->256K(58880K)] 528073K->476105K(779776K), 0.0112992 secs] [Times: user=0.06 sys=0.00, real=0.01 secs]
2325.749: [GC [PSYoungGen: 52224K->256K(58880K)] 528073K->476105K(779776K), 0.0112992 secs] [Times: user=0.06 sys=0.00, real=0.01 secs]
2325.749: [GC [PSYoungGen: 52224K->256K(58880K)] 528073K->476105K(779776K), 0.0112992 secs] [Times: user=0.06 sys=0.00, real=0.01 secs]
2325.749: [GC [PSYoungGen: 52224K->256K(58880K)] 528073K->476105K(779776K), 0.0112992 secs] [Times: user=0.06 sys=0.00, real=0.01 secs]
2325.749: [GC [PSYoungGen: 52224K->256K(58880K)] 528073K->476105K(779776K), 0.0112992 secs] [Times: user=0.06 sys=0.00, real=0.01 secs]
2325.749: [GC [PSYoungGen: 52224K->256K(58880K)] 528073K->476105K(779776K), 0.0112992 secs] [Times: user=0.06 sys=0.00, real=0.01 secs]
2325.749: [GC [PSYoungGen: 52224K->256K(58880K)] 528073K->476105K(779776K), 0.0112992 secs] [Times: user=0.06 sys=0.00, real=0.01 secs]
2325.749: [GC [PSYoungGen: 52224K->256K(58880K)] 528073K->476105K(779776K), 0.0112992 secs] [Times: user=0.06 sys=0.00, real=0.01 secs]
2325.749: [GC [PSYoungGen: 52224K->256K(58880K)] 528073K->476105K(779776K), 0.0112992 secs] [Times: user=0.06 sys=0.00, real=0.01 secs]
2325.749: [GC [PSYoungGen: 52224K->256K(58880K)] 528073K->476105K(779776K), 0.0112992 secs] [Times: user=0.06 sys=0.00, real=0.01 secs]
2325.749: [GC [PSYoungGen: 52224K->256K(58880K)] 528073K->476105K(779776K), 0.0112992 secs] [Times: user=0.06 sys=0.00, real=0.01 secs]
2325.749: [GC [PSYoungGen: 52224K->256K(58880K)] 528073K->476105K(779776K), 0.0112992 secs] [Times: user=0.06 sys=0.00, real=0.01 secs]
2325.749: [GC [PSYoungGen: 52224K->256K(58880K)] 528073K->476105K(779776K), 0.0112992 secs] [Times: user=0.06 sys=0.00, real=0.01 secs]
2325.749: [GC [PSYoungGen: 52224K->256K(58880K)] 528073K->476105K(779776K), 0.0112992 secs] [Times: user=0.06 sys=0.00, real=0.01 secs]
2325.749: [GC [PSYoungGen: 52224K->256K(58880K)] 528073K->476105K(779776K), 0.0112992 secs] [Times: user=0.06 sys=0.00, real=0.01 secs]
2325.749: [GC [PSYoungGen: 52224K->256K(58880K)] 528073K->476105K(779776K), 0.0112992 secs] [Times: user=0.06 sys=0.00, real=0.01 secs]
2325.749: [GC [PSYoungGen: 52224K->256K(58880K)] 528073K->476105K(779776K), 0.0112992 secs] [Times: user=0.06 sys=0.00, real=0.01 secs]
2325.749: [GC [PSYoungGen: 52224K->256K(58880K)] 528073K->476105K(779776K), 0.0112992 secs] [Times: user=0.06 sys=0.00, real=0.01 secs]
2325.749: [GC [PSYoungGen: 52224K->256K(58880K)] 528073K->476105K(779776K), 0.0112992 secs] [Times: user=0.06 sys=0.00, real=0.01 secs]
2325.749: [GC [PSYoungGen: 52224K->256K(58880K)] 528073K->476105K(779776K), 0.0112992 secs] [Times: user=0.06 sys=0.00, real=0.01 secs]
2325.749: [GC [PSYoungGen: 52224K->256K(58880K)] 528073K->476105K(779776K), 0.0112992 secs] [Times: user=0.06 sys=0.00, real=0.01 secs]
2325.749: [GC [PSYoungGen: 52224K->256K(58880K)] 528073K->476105K(779776K), 0.0112992 secs] [Times: user=0.06 sys=0.00, real=0.01 secs]
2325.749: [GC [PSYoungGen: 52224K->256K(58880K)] 528073K->476105K(779776K), 0.0112992 secs] [Times: user=0.06 sys=0.00, real=0.01 secs]
2325.749: [GC [PSYoungGen: 52224K->256K(58880K)] 528073K->476105K(779776K), 0.0112992 secs] [Times: user=0.06 sys=0.00, real=0.01 secs]
2325.749: [GC [PSYoungGen: 52224K->256K(58880K)] 528073K->476105K(779776K), 0.0112992 secs] [Times: user=0.06 sys=0.00, real=0.01 secs]
2325.749: [GC [PSYoungGen: 52224K->256K(58880K)] 528073K->476105K(779776K), 0.0112992 secs] [Times: user=0.06 sys=0.00, real=0.01 secs]
2325.749: [GC [PSYoungGen: 52224K->256K(58880K)] 528073K->476105K(779776K), 0.0112992 secs] [Times: user=0.06 sys=0.00, real=0.01 secs]
2325.749: [GC [PSYoungGen: 52224K->256K(58880K)] 528073K->476105K(779776K), 0.0112992 secs] [Times: user=0.06 sys=0.00, real=0.01 secs]
2325.749: [GC [PSYoungGen: 52224K->256K(58880K)] 528073K->476105K(779776K), 0.0112992 secs] [Times: user=0.06 sys=0.00, real=0.01 secs]
2325.749: [GC [PSYoungGen: 52224K->256K(58880K)] 528073K->476105K(779776K), 0.0112992 secs] [Times: user=0.06 sys=0.00, real=0.01 secs]
2325.749: [GC [PSYoungGen: 52224K->256K(58880K)] 528073K->476105K(779776K), 0.0112992 secs] [Times: user=0.06 sys=0.00, real=0.01 secs]
2325.749: [GC [PSYoungGen: 52224K->256K(58880K)] 528073K->476105K(779776K), 0.0112992 secs] [Times: user=0.06 sys=0.00, real=0.01 secs]
2325.749: [GC [PSYoungGen: 52224K->256K(58880K)] 528073K->476105K(779776K), 0.0112992 secs] [Times: user=0.06 sys=0.00, real=0.01 secs]
2325.749: [GC [PSYoungGen: 52224K->256K(58880K)] 528073K->476105K(779776K), 0.0112992 secs] [Times: user=0.06 sys=0.00, real=0.01 secs]
2325.749: [GC [PSYoungGen: 52224K->256K(58880K)] 528073K->476105K(779776K), 0.0112992 secs] [Times: user=0.06 sys=0.00, real=0.01 secs]
2325.749: [GC [PSYoungGen: 52224K->256K(58880K)] 528073K->476105K(779776K), 0.0112992 secs] [Times: user=0.06 sys=0.00, real=0.01 secs]
2325.749: [GC [PSYoungGen: 52224K->256K(58880K)] 528073K->476105K(779776K), 0.0112992 secs] [Times: user=0.06 sys=0.00, real=0.01 secs]
2325.749: [GC [PSYoungGen: 52224K->256K(58880K)] 528073K->476105K(779776K), 0.0112992 secs] [Times: user=0.06 sys=0.00, real=0.01 secs]
2325.749: [GC [PSYoungGen: 52224K->256K(58880K)] 528073K->476105K(779776K), 0.0112992 secs] [Times: user=0.06 sys=0.00, real=0.01 secs]
2325.749: [GC [PSYoungGen: 52224K->256K(58880K)] 528073K->476105K(779776K), 0.0112992 secs] [Times: user=0.06 sys=0.00, real=0.01 secs]
2325.749: [GC [PSYoungGen: 52224K->256K(58880K)] 528073K->476105K(779776K), 0.0112992 secs] [Times: user=0.06 sys=0.00, real=0.01 secs]
2325.749: [GC [PSYoungGen: 52224K->256K(58880K)] 528073K->476105K(779776K), 0.0112992 secs] [Times: user=0.06 sys=0.00, real=0.01 secs]
2325.749: [GC [PSYoungGen: 52224K->256K(58880K)] 528073K->476105K(779776K), 0.0112992 secs] [Times: user=0.06 sys=0.00, real=0.01 secs]
2325.749: [GC [PSYoungGen: 52224K->256K(58880K)] 528073K->476105K(779776K), 0.0112992 secs] [Times: user=0.06 sys=0.00, real=0.01 secs]
2325.749: [GC [PSYoungGen: 52224K->256K(58880K)] 528073K->476105K(779776K), 0.0112992 secs] [Times: user=0.06 sys=0.00, real=0.01 secs]
2325.749: [GC [PSYoungGen: 52224K->256K(58880K)] 528073K->476105K(779776K), 0.0112992 secs] [Times: user=0.06 sys=0.00, real=0.01 secs]
2325.749: [GC [PSYoungGen: 52224K->256K(58880K)] 528073K->476105K(779776K), 0.0112992 secs] [Times: user=0.06 sys=0.00, real=0.01 secs]
2325.749: [GC [PSYoungGen: 52224K->256K(58880K)] 528073K->476105K(779776K), 0.0112992 secs] [Times: user=0.06 sys=0.00, real=0.01 secs]
2325.749: [GC [PSYoungGen: 52224K->256K(58880K)] 528073K->476105K(779776K), 0.0112992 secs] [Times: user=0.06 sys=0.00, real=0.01 secs]
2325.749: [GC [PSYoungGen: 52224K->256K(58880K)] 528073K->476105K(779776K), 0.0112992 secs] [Times: user=0.06 sys=0.00, real=0.01 secs]
2325.749: [GC [PSYoungGen: 52224K->256K(58880K)] 528073K->476105K(779776K), 0.0112992 secs] [Times: user=0.06 sys=0.00, real=0.01 secs]
2325.749: [GC [PSYoungGen: 52224K->256K(58880K)] 528073K->476105K(779776K), 0.0112992 secs] [Times: user=0.06 sys=0.00, real=0.01 secs]
2325.749: [GC [PSYoungGen: 52224K->256K(58880K)] 528073K->476105K(779776K), 0.0112992 secs] [Times: user=0.06 sys=0.00, real=0.01 secs]
2325.749: [GC [PSYoungGen: 52224K->256K(58880K)] 528073K->476105K(779776K), 0.0112992 secs] [Times: user=0.06 sys=0.00, real=0.01 secs]
2325.749: [GC [PSYoungGen: 52224K->256K(58880K)] 528073K->476105K(779776K), 0.0112992 secs] [Times: user=0.06 sys=0.00, real=0.01 secs]
2325.749: [GC [PSYoungGen: 52224K->256K(58880K)] 528073K->476105K(779776K), 0.0112992 secs] [Times: user=0.06 sys=0.00, real=0.01 secs]
2325.749: [GC [PSYoungGen: 52224K->256K(58880K)] 528073K->476105K(779776K), 0.0112992 secs] [Times: user=0.06 sys=0.00, real=0.01 secs]
2325.749: [GC [PSYoungGen: 52224K->256K(58880K)] 528073K->476105K(779776K), 0.0112992 secs] [Times: user=0.06 sys=0.00, real=0.01 secs]
2325.749: [GC [PSYoungGen: 52224K->256K(58880K)] 528073K->476105K(779776K), 0.0112992 secs] [Times: user=0.06 sys=0.00, real=0.01 secs]
2325.749: [GC [PSYoungGen: 52224K->256K(58880K)] 528073K->476105K(779776K), 0.0112992 secs] [Times: user=0.06 sys=0.00, real=0.01 secs]
2325.749: [GC [PSYoungGen: 52224K->256K(58880K)] 528073K->476105K(779776K), 0.0112992 secs] [Times: user=0.06 sys=0.00, real=0.01 secs]
2325.749: [GC [PSYoungGen: 52224K->256K(58880K)] 528073K->476105K(779776K), 0.0112992 secs] [Times: user=0.06 sys=0.00, real=0.01 secs]
2325.749: [GC [PSYoungGen: 52224K->256K(58880K)] 528073K->476105K(779776K), 0.0112992 secs] [Times: user=0.06 sys=0.00, real=0.01 secs]
2325.749: [GC [PSYoungGen: 52224K->256K(58880K)] 528073K->476105K(779776K), 0.0112992 secs] [Times: user=0.06 sys=0.00, real=0.01 secs]
2325.749: [GC [PSYoungGen: 52224K->256K(58880K)] 528073K->476105K(779776K), 0.0112992 secs] [Times: user=0.06 sys=0.00, real=0.01 secs]
2325.749: [GC [PSYoungGen: 52224K->256K(58880K)] 528073K->476105K(779776K), 0.0112992 secs] [Times: user=0.06 sys=0.00, real=0.01 secs]
2325.749: [GC [PSYoungGen: 52224K->256K(58880K)] 528073K->476105K(779776K), 0.0112992 secs] [Times: user=0.06 sys=0.00, real=0.01 secs]
2325.749: [GC [PSYoungGen: 52224K->256K(58880K)] 528073K->476105K(779776K), 0.0112992 secs] [Times: user=0.06 sys=0.00, real=0.01 secs]
2325.749: [GC [PSYoungGen: 52224K->256K(58880K)] 528073K->476105K(779776K), 0.0112992 secs] [Times: user=0.06 sys=0.00, real=0.01 secs]
2325.749: [GC [PSYoungGen: 52224K->256K(58880K)] 528073K->476105K(779776K), 0.0112992 secs] [Times: user=0.06 sys=0.00, real=0.01 secs]
2325.749: [GC [PSYoungGen: 52224K->256K(58880K)] 528073K->476105K(779776K), 0.0112992 secs] [Times: user=0.06 sys=0.00, real=0.01 secs]
2325.749: [GC [PSYoungGen: 52224K->256K(58880K)] 528073K->476105K(779776K), 0.0112992 secs] [Times: user=0.06 sys=0.00, real=0.01 secs]
2325.749: [GC [PSYoungGen: 52224K->256K(58880K)] 528073K->476105K(779776K), 0.0112992 secs] [Times: user=0.06 sys=0.00, real=0.01 secs]
2325.749: [GC [PSYoungGen: 52224K->256K(58880K)] 528073K->476105K(779776K), 0.0112992 secs] [Times: user=0.06 sys=0.00, real=0.01 secs]
2325.749: [GC [PSYoungGen: 52224K->256K(58880K)] 528073K->476105K(779776K), 0.0112992 secs] [Times: user=0.06 sys=0.00, real=0.01 secs]
2325.749: [GC [PSYoungGen: 52224K->256K(58880K)] 528073K->476105K(779776K), 0.0112992 secs] [Times: user=0.06 sys=0.00, real=0.01 secs]
2325.749: [GC [PSYoungGen: 52224K->256K(58880K)] 528073K->476105K(779776K), 0.0112992 secs] [Times: user=0.06 sys=0.00, real=0.01 secs]
2325.749: [GC [PSYoungGen: 52224K->256K(58880K)] 528073K->476105K(779776K), 0.0112992 secs] [Times: user=0.06 sys=0.00, real=0.01 secs]
2325.749: [GC [PSYoungGen: 52224K->256K(58880K)] 528073K->476105K(779776K), 0.0112992 secs] [Times: user=0.06 sys=0.00, real=0.01 secs]
2325.749: [GC [PSYoungGen: 52224K->256K(58880K)] 528073K->476105K(779776K), 0.0112992 secs] [Times: user=0.06 sys=0.00, real=0.01 secs]
2325.749: [GC [PSYoungGen: 52224K->256K(58880K)] 528073K->476105K(779776K), 0.0112992 secs] [Times: user=0.06 sys=0.00, real=0.01 secs]
2325.749: [GC [PSYoungGen: 52224K->256K(58880K)] 528073K->476105K(779776K), 0.0112992 secs] [Times: user=0.06 sys=0.00, real=0.01 secs]
2325.749: [GC [PSYoungGen: 52224K->256K(58880K)] 528073K->476105K(779776K), 0.0112992 secs] [Times: user=0.06 sys=0.00, real=0.01 secs]
2325.749: [GC [PSYoungGen: 52224K->256K(58880K)] 528073K->476105K(779776K), 0.0112992 secs] [Times: user=0.06 sys=0.00, real=0.01 secs]
2325.749: [GC [PSYoungGen: 52224K->256K(58880K)] 528073K->476105K(779776K), 0.0112992 secs] [Times: user=0.06 sys=0.00, real=0.01 secs]
2325.749: [GC [PSYoungGen: 52224K->256K(58880K)] 528073K->476105K(779776K), 0.0112992 secs] [Times: user=0.06 sys=0.00, real=0.01 secs]
2325.749: [GC [PSYoungGen: 52224K->256K(58880K)] 528073K->476105K(779776K), 0.0112992 secs] [Times: user=0.06 sys=0.00, real=0.01 secs]
2325.749: [GC [PSYoungGen: 52224K->256K(58880K)] 528073K->476105K(779776K), 0.0112992 secs] [Times: user=0.06 sys=0.00, real=0.01 secs]
2325.749: [GC [PSYoungGen: 52224K->256K(58880K)] 528073K->476105K(779776K), 0.0112992 secs] [Times: user=0.06 sys=0.00, real=0.01 secs]
2325.749: [GC [PSYoungGen: 52224K->256K(58880K)] 528073K->476105K(779776K), 0.0112992 secs] [Times: user=0.06 sys=0.00, real=0.01 secs]
2325.749: [GC [PSYoungGen: 52224K->256K(58880K)] 528073K->476105K(779776K), 0.0112992 secs] [Times: user=0.06 sys=0.00, real=0.01 secs]
2325.749: [GC [PSYoungGen: 52224K->256K(58880K)] 528073K->476105K(779776K), 0.0112992 secs] [Times: user=0.06 sys=0.00, real=0.01 secs]
2325.749: [GC [PSYoungGen: 52224K->256K(58880K)] 528073K->476105K(779776K), 0.0112992 secs] [Times: user=0.06 sys=0.00, real=0.01 secs]
2325.749: [GC [PSYoungGen: 52224K->256K(58880K)] 528073K->476105K(779776K), 0.0112992 secs] [Times: user=0.06 sys=0.00, real=0.01 secs]
2325.749: [GC [PSYoungGen: 52224K->256K(58880K)] 528073K->476105K(779776K), 0.0112992 secs] [Times: user=0.06 sys=0.00, real=0.01 secs]
2325.749: [GC [PSYoungGen: 52224K->256K(58880K)] 528073K->476105K(779776K), 0.0112992 secs] [Times: user=0.06 sys=0.00, real=0.01 secs]
2325.749: [GC [PSYoungGen: 52224K->256K(58880K)] 528073K->476105K(779776K), 0.0112992 secs] [Times: user=0.06 sys=0.00, real=0.01 secs]
2325.749: [GC [PSYoungGen: 52224K->256K(58880K)] 528073K->476105K(779776K), 0.0112992 secs] [Times: user=0.06 sys=0.00, real=0.01 secs]
2325.749: [GC [PSYoungGen: 52224K->256K(58880K)] 528073K->476105K(779776K), 0.0112992 secs] [Times: user=0.06 sys=0.00, real=0.01 secs]
2325.749: [GC [PSYoungGen: 52224K->256K(58880K)] 528073K->476105K(779776K), 0.0112992 secs] [Times: user=0.06 sys=0.00, real=0.01 secs]
2325.749: [GC [PSYoungGen: 52224K->256K(58880K)] 528073K->476105K(779776K), 0.0112992 secs] [Times: user=0.06 sys=0.00, real=0.01 secs]
2325.749: [GC [PSYoungGen: 52224K->256K(58880K)] 528073K->476105K(779776K), 0.0112992 secs] [Times: user=0.06 sys=0.00, real=0.01 secs]
2325.749: [GC [PSYoungGen: 52224K->256K(58880K)] 528073K->476105K(779776K), 0.0112992 secs] [Times: user=0.06 sys=0.00, real=0.01 secs]
2325.749: [GC [PSYoungGen: 52224K->256K(58880K)] 528073K->476105K(779776K), 0.0112992 secs] [Times: user=0.06 sys=0.00, real=0.01 secs]
2325.749: [GC [PSYoungGen: 52224K->256K(58880K)] 528073K->476105K(779776K), 0.0112992 secs] [Times: user=0.06 sys=0.00, real=0.01 secs]
2325.749: [GC [PSYoungGen: 52224K->256K(58880K)] 528073K->476105K(779776K), 0.0112992 secs] [Times: user=0.06 sys=0.00, real=0.01 secs]
2325.749: [GC [PSYoungGen: 52224K->256K(58880K)] 528073K->476105K(779776K), 0.0112992 secs] [Times: user=0.06 sys=0.00, real=0.01 secs]
2325.749: [GC [PSYoungGen: 52224K->256K(58880K)] 528073K->476105K(779776K), 0.0112992 secs] [Times: user=0.06 sys=0.00, real=0.01 secs]
2325.749: [GC [PSYoungGen: 52224K->256K(58880K)] 528073K->476105K(779776K), 0.0112992 secs] [Times: user=0.06 sys=0.00, real=0.01 secs]
2325.749: [GC [PSYoungGen: 52224K->256K(58880K)] 528073K->476105K(779776K), 0.0112992 secs] [Times: user=0.06 sys=0.00, real=0.01 secs]
2325.749: [GC [PSYoungGen: 52224K->256K(58880K)] 528073K->476105K(779776K), 0.0112992 secs] [Times: user=0.06 sys=0.00, real=0.01 secs]
2325.749: [GC [PSYoungGen: 52224K->256K(58880K)] 528073K->476105K(779776K), 0.0112992 secs] [Times: user=0.06 sys=0.00, real=0.01 secs]
2325.749: [GC [PSYoungGen: 52224K->256K(58880K)] 528073K->476105K(779776K), 0.0112992 secs] [Times: user=0.06 sys=0.00, real=0.01 secs]
2325.749: [GC [PSYoungGen: 52224K->256K(58880K)] 528073K->476105K(779776K), 0.0112992 secs] [Times: user=0.06 sys=0.00, real=0.01 secs]
2325.749: [GC [PSYoungGen: 52224K->256K(58880K)] 528073K->476105K(779776K), 0.0112992 secs] [Times: user=0.06 sys=0.00, real=0.01 secs]
2325.749: [GC [PSYoungGen: 52224K->256K(58880K)] 528073K->476105K(779776K), 0.0112992 secs] [Times: user=0.06 sys=0.00, real=0.01 secs]
2325.749: [GC [PSYoungGen: 52224K->256K(58880K)] 528073K->476105K(779776K), 0.0112992 secs] [Times: user=0.06 sys=0.00, real=0.01 secs]
2325.749: [GC [PSYoungGen: 52224K->256K(58880K)] 528073K->476105K(779776K), 0.0112992 secs] [Times: user=0.06 sys=0.00, real=0.01 secs]
2325.749: [GC [PSYoungGen: 52224K->256K(58880K)] 528073K->476105K(779776K), 0.0112992 secs] [Times: user=0.06 sys=0.00, real=0.01 secs]
2325.749: [GC [PSYoungGen: 52224K->256K(58880K)] 528073K->476105K(779776K), 0.0112992 secs] [Times: user=0.06 sys=0.00, real=0.01 secs]
2325.749: [GC [PSYoungGen: 52224K->256K(58880K)] 528073K->476105K(779776K), 0.0112992 secs] [Times: user=0.06 sys=0.00, real=0.01 secs]
2325.749: [GC [PSYoungGen: 52224K->256K(58880K)] 528073K->476105K(779776K), 0.0112992 secs] [Times: user=0.06 sys=0.00, real=0.01 secs]
2325.749: [GC [PSYoungGen: 52224K->256K(58880K)] 528073K->476105K(779776K), 0.0112992 secs] [Times: user=0.06 sys=0.00, real=0.01 secs]
2325.749: [GC [PSYoungGen: 52224K->256K(58880K)] 528073K->476105K(779776K), 0.0112992 secs] [Times: user=0.06 sys=0.00, real=0.01 secs]
2325.749: [GC [PSYoungGen: 52224K->256K(58880K)] 528073K->476105K(779776K), 0.0112992 secs] [Times: user=0.06 sys=0.00, real=0.01 secs]
2325.749: [GC [PSYoungGen: 52224K->256K(58880K)] 528073K->476105K(779776K), 0.0112992 secs] [Times: user=0.06 sys=0.00, real=0.01 secs]
2325.749: [GC [PSYoungGen: 52224K->256K(58880K)] 528073K->476105K(779776K), 0.0112992 secs] [Times: user=0.06 sys=0.00, real=0.01 secs]
2325.749: [GC [PSYoungGen: 52224K->256K(58880K)] 528073K->476105K(779776K), 0.0112992 secs] [Times: user=0.06 sys=0.00, real=0.01 secs]
2325.749: [GC [PSYoungGen: 52224K->256K(58880K)] 528073K->476105K(779776K), 0.0112992 secs] [Times: user=0.06 sys=0.00, real=0.01 secs]
2325.749: [GC [PSYoungGen: 52224K->256K(58880K)] 528073K->476105K(779776K), 0.0112992 secs] [Times: user=0.06 sys=0.00, real=0.01 secs]
2325.749: [GC [PSYoungGen: 52224K->256K(58880K)] 528073K->476105K(779776K), 0.0112992 secs] [Times: user=0.06 sys=0.00, real=0.01 secs]
2325.749: [GC [PSYoungGen: 52224K->256K(58880K)] 528073K->476105K(779776K), 0.0112992 secs] [Times: user=0.06 sys=0.00, real=0.01 secs]
2325.749: [GC [PSYoungGen: 52224K->256K(58880K)] 528073K->476105K(779776K), 0.0112992 secs] [Times: user=0.06 sys=0.00, real=0.01 secs]
2325.749: [GC [PSYoungGen: 52224K->256K(58880K)] 528073K->476105K(779776K), 0.0112992 secs] [Times: user=0.06 sys=0.00, real=0.01 secs]
2325.749: [GC [PSYoungGen: 52224K->256K(58880K)] 528073K->476105K(779776K), 0.0112992 secs] [Times: user=0.06 sys=0.00, real=0.01 secs]
2325.749: [GC [PSYoungGen: 52224K->256K(58880K)] 528073K->476105K(779776K), 0.0112992 secs] [Times: user=0.06 sys=0.00, real=0.01 secs]
2325.749: [GC [PSYoungGen: 52224K->256K(58880K)] 528073K->476105K(779776K), 0.0112992 secs] [Times: user=0.06 sys=0.00, real=0.01 secs]
2325.749: [GC [PSYoungGen: 52224K->256K(58880K)] 528073K->476105K(779776K), 0.0112992 secs] [Times: user=0.06 sys=0.00, real=0.01 secs]
2325.749: [GC [PSYoungGen: 52224K->256K(58880K)] 528073K->476105K(779776K), 0.0112992 secs] [Times: user=0.06 sys=0.00, real=0.01 secs]
2325.749: [GC [PSYoungGen: 52224K->256K(58880K)] 528073K->476105K(779776K), 0.0112992 secs] [Times: user=0.06 sys=0.00, real=0.01 secs]
2325.749: [GC [PSYoungGen: 52224K->256K(58880K)] 528073K->476105K(779776K), 0.0112992 secs] [Times: user=0.06 sys=0.00, real=0.01 secs]
2325.749: [GC [PSYoungGen: 52224K->256K(58880K)] 528073K->476105K(779776K), 0.0112992 secs] [Times: user=0.06 sys=0.00, real=0.01 secs]
2325.749: [GC [PSYoungGen: 52224K->256K(58880K)] 528073K->476105K(779776K), 0.0112992 secs] [Times: user=0.06 sys=0.00, real=0.01 secs]
2325.749: [GC [PSYoungGen: 52224K->256K(58880K)] 528073K->476105K(779776K), 0.0112992 secs] [Times: user=0.06 sys=0.00, real=0.01 secs]
2325.749: [GC [PSYoungGen: 52224K->256K(58880K)] 528073K->476105K(779776K), 0.0112992 secs] [Times: user=0.06 sys=0.00, real=0.01 secs]
2325.749: [GC [PSYoungGen: 52224K->256K(58880K)] 528073K->476105K(779776K), 0.0112992 secs] [Times: user=0.06 sys=0.00, real=0.01 secs]
2325.749: [GC [PSYoungGen: 52224K->256K(58880K)] 528073K->476105K(779776K), 0.0112992 secs] [Times: user=0.06 sys=0.00, real=0.01 secs]
2325.749: [GC [PSYoungGen: 52224K->256K(58880K)] 528073K->476105K(779776K), 0.0112992 secs] [Times: user=0.06 sys=0.00, real=0.01 secs]
2325.749: [GC [PSYoungGen: 52224K->256K(58880K)] 528073K->476105K(779776K), 0.0112992 secs] [Times: user=0.06 sys=0.00, real=0.01 secs]
2325.749: [GC [PSYoungGen: 52224K->256K(58880K)] 528073K->476105K(779776K), 0.0112992 secs] [Times: user=0.06 sys=0.00, real=0.01 secs]
2325.749: [GC [PSYoungGen: 52224K->256K(58880K)] 528073K->476105K(779776K), 0.0112992 secs] [Times: user=0.06 sys=0.00, real=0.01 secs]
2325.749: [GC [PSYoungGen: 52224K->256K(58880K)] 528073K->476105K(779776K), 0.0112992 secs] [Times: user=0.06 sys=0.00, real=0.01 secs]
2325.749: [GC [PSYoungGen: 52224K->256K(58880K)] 528073K->476105K(779776K), 0.0112992 secs] [Times: user=0.06 sys=0.00, real=0.01 secs]
2325.749: [GC [PSYoungGen: 52224K->256K(58880K)] 528073K->476105K(779776K), 0.0112992 secs] [Times: user=0.06 sys=0.00, real=0.01 secs]
2325.749: [GC [PSYoungGen: 52224K->256K(58880K)] 528073K->476105K(779776K), 0.0112992 secs] [Times: user=0.06 sys=0.00, real=0.01 secs]
2325.749: [GC [PSYoungGen: 52224K->256K(58880K)] 528073K->476105K(779776K), 0.0112992 secs] [Times: user=0.06 sys=0.00, real=0.01 secs]
2325.749: [GC [PSYoungGen: 52224K->256K(58880K)] 528073K->476105K(779776K), 0.0112992 secs] [Times: user=0.06 sys=0.00, real=0.01 secs]
2325.749: [GC [PSYoungGen: 52224K->256K(58880K)] 528073K->476105K(779776K), 0.0112992 secs] [Times: user=0.06 sys=0.00, real=0.01 secs]
2325.749: [GC [PSYoungGen: 52224K->256K(58880K)] 528073K->476105K(779776K), 0.0112992 secs] [Times: user=0.06 sys=0.00, real=0.01 secs]
2325.749: [GC [PSYoungGen: 52224K->256K(58880K)] 528073K->476105K(779776K), 0.0112992 secs] [Times: user=0.06 sys=0.00, real=0.01 secs]
2325.749: [GC [PSYoungGen: 52224K->256K(58880K)] 528073K->476105K(779776K), 0.0112992 secs] [Times: user=0.06 sys=0.00, real=0.01 secs]
2325.749: [GC [PSYoungGen: 52224K->256K(58880K)] 528073K->476105K(779776K), 0.0112992 secs] [Times: user=0.06 sys=0.00, real=0.01 secs]
2325.749: [GC [PSYoungGen: 52224K->256K(58880K)] 528073K->476105K(779776K), 0.0112992 secs] [Times: user=0.06 sys=0.00, real=0.01 secs]
2325.749: [GC [PSYoungGen: 52224K->256K(58880K)] 528073K->476105K(779776K), 0.0112992 secs] [Times: user=0.06 sys=0.00, real=0.01 secs]
2325.749: [GC [PSYoungGen: 52224K->256K(58880K)] 528073K->476105K(779776K), 0.0112992 secs] [Times: user=0.06 sys=0.00, real=0.01 secs]
2325.749: [GC [PSYoungGen: 52224K->256K(58880K)] 528073K->476105K(779776K), 0.0112992 secs] [Times: user=0.06 sys=0.00, real=0.01 secs]
2325.749: [GC [PSYoungGen: 52224K->256K(58880K)] 528073K->476105K(779776K), 0.0112992 secs] [Times: user=0.06 sys=0.00, real=0.01 secs]
2325.749: [GC [PSYoungGen: 52224K->256K(58880K)] 528073K->476105K(779776K), 0.0112992 secs] [Times: user=0.06 sys=0.00, real=0.01 secs]
2325.749: [GC [PSYoungGen: 52224K->256K(58880K)] 528073K->476105K(779776K), 0.0112992 secs] [Times: user=0.06 sys=0.00, real=0.01 secs]
2325.749: [GC [PSYoungGen: 52224K->256K(58880K)] 528073K->476105K(779776K), 0.0112992 secs] [Times: user=0.06 sys=0.00, real=0.01 secs]
2325.749: [GC [PSYoungGen: 52224K->256K(58880K)] 528073K->476105K(779776K), 0.0112992 secs] [Times: user=0.06 sys=0.00, real=0.01 secs]
2325.749: [GC [PSYoungGen: 52224K->256K(58880K)] 528073K->476105K(779776K), 0.0112992 secs] [Times: user=0.06 sys=0.00, real=0.01 secs]
2325.749: [GC [PSYoungGen: 52224K->256K(58880K)] 528073K->476105K(779776K), 0.0112992 secs] [Times: user=0.06 sys=0.00, real=0.01 secs]
2325.749: [GC [PSYoungGen: 52224K->256K(58880K)] 528073K->476105K(779776K), 0.0112992 secs] [Times: user=0.06 sys=0.00, real=0.01 secs]
2325.749: [GC [PSYoungGen: 52224K->256K(58880K)] 528073K->476105K(779776K), 0.0112992 secs] [Times: user=0.06 sys=0.00, real=0.01 secs]
2325.749: [GC [PSYoungGen: 52224K->256K(58880K)] 528073K->476105K(779776K), 0.0112992 secs] [Times: user=0.06 sys=0.00, real=0.01 secs]
2325.749: [GC [PSYoungGen: 52224K->256K(58880K)] 528073K->476105K(779776K), 0.0112992 secs] [Times: user=0.06 sys=0.00, real=0.01 secs]
2325.749: [GC [PSYoungGen: 52224K->256K(58880K)] 528073K->476105K(779776K), 0.0112992 secs] [Times: user=0.06 sys=0.00, real=0.01 secs]
2325.749: [GC [PSYoungGen: 52224K->256K(58880K)] 528073K->476105K(779776K), 0.0112992 secs] [Times: user=0.06 sys=0.00, real=0.01 secs]
2325.749: [GC [PSYoungGen: 52224K->256K(58880K)] 528073K->476105K(779776K), 0.0112992 secs] [Times: user=0.06 sys=0.00, real=0.01 secs]
2325.749: [GC [PSYoungGen: 52224K->256K(58880K)] 528073K->476105K(779776K), 0.0112992 secs] [Times: user=0.06 sys=0.00, real=0.01 secs]
2325.749: [GC [PSYoungGen: 52224K->256K(58880K)] 528073K->476105K(779776K), 0.0112992 secs] [Times: user=0.06 sys=0.00, real=0.01 secs]
2325.749: [GC [PSYoungGen: 52224K->256K(58880K)] 528073K->476105K(779776K), 0.0112992 secs] [Times: user=0.06 sys=0.00, real=0.01 secs]
2325.749: [GC [PSYoungGen: 52224K->256K(58880K)] 528073K->476105K(779776K), 0.0112992 secs] [Times: user=0.06 sys=0.00, real=0.01 secs]
2325.749: [GC [PSYoungGen: 52224K->256K(58880K)] 528073K->476105K(779776K), 0.0112992 secs] [Times: user=0.06 sys=0.00, real=0.01 secs]
2325.749: [GC [PSYoungGen: 52224K->256K(58880K)] 528073K->476105K(779776K), 0.0112992 secs] [Times: user=0.06 sys=0.00, real=0.01 secs]
2325.749: [GC [PSYoungGen: 52224K->256K(58880K)] 528073K->476105K(779776K), 0.0112992 secs] [Times: user=0.06 sys=0.00, real=0.01 secs]
2325.749: [GC [PSYoungGen: 52224K->256K(58880K)] 528073K->476105K(779776K), 0.0112992 secs] [Times: user=0.06 sys=0.00, real=0.01 secs]
2325.749: [GC [PSYoungGen: 52224K->256K(58880K)] 528073K->476105K(779776K), 0.0112992 secs] [Times: user=0.06 sys=0.00, real=0.01 secs]
2325.749: [GC [PSYoungGen: 52224K->256K(58880K)] 528073K->476105K(779776K), 0.0112992 secs] [Times: user=0.06 sys=0.00, real=0.01 secs]
2325.749: [GC [PSYoungGen: 52224K->256K(58880K)] 528073K->476105K(779776K), 0.0112992 secs] [Times: user=0.06 sys=0.00, real=0.01 secs]
2325.749: [GC [PSYoungGen: 52224K->256K(58880K)] 528073K->476105K(779776K), 0.0112992 secs] [Times: user=0.06 sys=0.00, real=0.01 secs]
2325.749: [GC [PSYoungGen: 52224K->256K(58880K)] 528073K->476105K(779776K), 0.0112992 secs] [Times: user=0.06 sys=0.00, real=0.01 secs]
2325.749: [GC [PSYoungGen: 52224K->256K(58880K)] 528073K->476105K(779776K), 0.0112992 secs] [Times: user=0.06 sys=0.00, real=0.01 secs]
2325.749: [GC [PSYoungGen: 52224K->256K(58880K)] 528073K->476105K(779776K), 0.0112992 secs] [Times: user=0.06 sys=0.00, real=0.01 secs]
2325.749: [GC [PSYoungGen: 52224K->256K(58880K)] 528073K->476105K(779776K), 0.0112992 secs] [Times: user=0.06 sys=0.00, real=0.01 secs]
2325.749: [GC [PSYoungGen: 52224K->256K(58880K)] 528073K->476105K(779776K), 0.0112992 secs] [Times: user=0.06 sys=0.00, real=0.01 secs]
2325.749: [GC [PSYoungGen: 52224K->256K(58880K)] 528073K->476105K(779776K), 0.0112992 secs] [Times: user=0.06 sys=0.00, real=0.01 secs]
2325.749: [GC [PSYoungGen: 52224K->256K(58880K)] 528073K->476105K(779776K), 0.0112992 secs] [Times: user=0.06 sys=0.00, real=0.01 secs]
2325.749: [GC [PSYoungGen: 52224K->256K(58880K)] 528073K->476105K(779776K), 0.0112992 secs] [Times: user=0.06 sys=0.00, real=0.01 secs]
2325.749: [GC [PSYoungGen: 52224K->256K(58880K)] 528073K->476105K(779776K), 0.0112992 secs] [Times: user=0.06 sys=0.00, real=0.01 secs]
2325.749: [GC [PSYoungGen: 52224K->256K(58880K)] 528073K->476105K(779776K), 0.0112992 secs] [Times: user=0.06 sys=0.00, real=0.01 secs]
2325.749: [GC [PSYoungGen: 52224K->256K(58880K)] 528073K->476105K(779776K), 0.0112992 secs] [Times: user=0.06 sys=0.00, real=0.01 secs]
2325.749: [GC [PSYoungGen: 52224K->256K(58880K)] 528073K->476105K(779776K), 0.0112992 secs] [Times: user=0.06 sys=0.00, real=0.01 secs]
2325.749: [GC [PSYoungGen: 52224K->256K(58880K)] 528073K->476105K(779776K), 0.0112992 secs] [Times: user=0.06 sys=0.00, real=0.01 secs]
2325.749: [GC [PSYoungGen: 52224K->256K(58880K)] 528073K->476105K(779776K), 0.0112992 secs] [Times: user=0.06 sys=0.00, real=0.01 secs]
2325.749: [GC [PSYoungGen: 52224K->256K(58880K)] 528073K->476105K(779776K), 0.0112992 secs] [Times: user=0.06 sys=0.00, real=0.01 secs]
2325.749: [GC [PSYoungGen: 52224K->256K(58880K)] 528073K->476105K(779776K), 0.0112992 secs] [Times: user=0.06 sys=0.00, real=0.01 secs]
2325.749: [GC [PSYoungGen: 52224K->256K(58880K)] 528073K->476105K(779776K), 0.0112992 secs] [Times: user=0.06 sys=0.00, real=0.01 secs]
2325.749: [GC [PSYoungGen: 52224K->256K(58880K)] 528073K->476105K(779776K), 0.0112992 secs] [Times: user=0.06 sys=0.00, real=0.01 secs]
2325.749: [GC [PSYoungGen: 52224K->256K(58880K)] 528073K->476105K(779776K), 0.0112992 secs] [Times: user=0.06 sys=0.00, real=0.01 secs]
2325.749: [GC [PSYoungGen: 52224K->256K(58880K)] 528073K->476105K(779776K), 0.0112992 secs] [Times: user=0.06 sys=0.00, real=0.01 secs]
2325.749: [GC [PSYoungGen: 52224K->256K(58880K)] 528073K->476105K(779776K), 0.0112992 secs] [Times: user=0.06 sys=0.00, real=0.01 secs]
2325.749: [GC [PSYoungGen: 52224K->256K(58880K)] 528073K->476105K(779776K), 0.0112992 secs] [Times: user=0.06 sys=0.00, real=0.01 secs]
2325.749: [GC [PSYoungGen: 52224K->256K(58880K)] 528073K->476105K(779776K), 0.0112992 secs] [Times: user=0.06 sys=0.00, real=0.01 secs]
2325.749: [GC [PSYoungGen: 52224K->256K(58880K)] 528073K->476105K(779776K), 0.0112992 secs] [Times: user=0.06 sys=0.00, real=0.01 secs]
2325.749: [GC [PSYoungGen: 52224K->256K(58880K)] 528073K->476105K(779776K), 0.0112992 secs] [Times: user=0.06 sys=0.00, real=0.01 secs]
2325.749: [GC [PSYoungGen: 52224K->256K(58880K)] 528073K->476105K(779776K), 0.0112992 secs] [Times: user=0.06 sys=0.00, real=0.01 secs]
2325.749: [GC [PSYoungGen: 52224K->256K(58880K)] 528073K->476105K(779776K), 0.0112992 secs] [Times: user=0.06 sys=0.00, real=0.01 secs]
2325.749: [GC [PSYoungGen: 52224K->256K(58880K)] 528073K->476105K(779776K), 0.0112992 secs] [Times: user=0.06 sys=0.00, real=0.01 secs]
2325.749: [GC [PSYoungGen: 52224K->256K(58880K)] 528073K->476105K(779776K), 0.0112992 secs] [Times: user=0.06 sys=0.00, real=0.01 secs]
2325.749: [GC [PSYoungGen: 52224K->256K(58880K)] 528073K->476105K(779776K), 0.0112992 secs] [Times: user=0.06 sys=0.00, real=0.01 secs]
2325.749: [GC [PSYoungGen: 52224K->256K(58880K)] 528073K->476105K(779776K), 0.0112992 secs] [Times: user=0.06 sys=0.00, real=0.01 secs]
2325.749: [GC [PSYoungGen: 52224K->256K(58880K)] 528073K->476105K(779776K), 0.0112992 secs] [Times: user=0.06 sys=0.00, real=0.01 secs]
2325.749: [GC [PSYoungGen: 52224K->256K(58880K)] 528073K->476105K(779776K), 0.0112992 secs] [Times: user=0.06 sys=0.00, real=0.01 secs]
2325.749: [GC [PSYoungGen: 52224K->256K(58880K)] 528073K->476105K(779776K), 0.0112992 secs] [Times: user=0.06 sys=0.00, real=0.01 secs]
2325.749: [GC [PSYoungGen: 52224K->256K(58880K)] 528073K->476105K(779776K), 0.0112992 secs] [Times: user=0.06 sys=0.00, real=0.01 secs]
2325.749: [GC [PSYoungGen: 52224K->256K(58880K)] 528073K->476105K(779776K), 0.0112992 secs] [Times: user=0.06 sys=0.00, real=0.01 secs]
2325.749: [GC [PSYoungGen: 52224K->256K(58880K)] 528073K->476105K(779776K), 0.0112992 secs] [Times: user=0.06 sys=0.00, real=0.01 secs]
2325.749: [GC [PSYoungGen: 52224K->256K(58880K)] 528073K->476105K(779776K), 0.0112992 secs] [Times: user=0.06 sys=0.00, real=0.01 secs]
2325.749: [GC [PSYoungGen: 52224K->256K(58880K)] 528073K->476105K(779776K), 0.0112992 secs] [Times: user=0.06 sys=0.00, real=0.01 secs]
2325.749: [GC [PSYoungGen: 52224K->256K(58880K)] 528073K->476105K(779776K), 0.0112992 secs] [Times: user=0.06 sys=0.00, real=0.01 secs]
2325.749: [GC [PSYoungGen: 52224K->256K(58880K)] 528073K->476105K(779776K), 0.0112992 secs] [Times: user=0.06 sys=0.00, real=0.01 secs]
2325.749: [GC [PSYoungGen: 52224K->256K(58880K)] 528073K->476105K(779776K), 0.0112992 secs] [Times: user=0.06 sys=0.00, real=0.01 secs]
2325.749: [GC [PSYoungGen: 52224K->256K(58880K)] 528073K->476105K(779776K), 0.0112992 secs] [Times: user=0.06 sys=0.00, real=0.01 secs]
2325.749: [GC [PSYoungGen: 52224K->256K(58880K)] 528073K->476105K(779776K), 0.0112992 secs] [Times: user=0.06 sys=0.00, real=0.01 secs]
2325.749: [GC [PSYoungGen: 52224K->256K(58880K)] 528073K->476105K(779776K), 0.0112992 secs] [Times: user=0.06 sys=0.00, real=0.01 secs]
2325.749: [GC [PSYoungGen: 52224K->256K(58880K)] 528073K->476105K(779776K), 0.0112992 secs] [Times: user=0.06 sys=0.00, real=0.01 secs]
2325.749: [GC [PSYoungGen: 52224K->256K(58880K)] 528073K->476105K(779776K), 0.0112992 secs] [Times: user=0.06 sys=0.00, real=0.01 secs]
2325.749: [GC [PSYoungGen: 52224K->256K(58880K)] 528073K->476105K(779776K), 0.0112992 secs] [Times: user=0.06 sys=0.00, real=0.01 secs]
2325.749: [GC [PSYoungGen: 52224K->256K(58880K)] 528073K->476105K(779776K), 0.0112992 secs] [Times: user=0.06 sys=0.00, real=0.01 secs]
2325.749: [GC [PSYoungGen: 52224K->256K(58880K)] 528073K->476105K(779776K), 0.0112992 secs] [Times: user=0.06 sys=0.00, real=0.01 secs]
2325.749: [GC [PSYoungGen: 52224K->256K(58880K)] 528073K->476105K(779776K), 0.0112992 secs] [Times: user=0.06 sys=0.00, real=0.01 secs]
2325.749: [GC [PSYoungGen: 52224K->256K(58880K)] 528073K->476105K(779776K), 0.0112992 secs] [Times: user=0.06 sys=0.00, real=0.01 secs]
2325.749: [GC [PSYoungGen: 52224K->256K(58880K)] 528073K->476105K(779776K), 0.0112992 secs] [Times: user=0.06 sys=0.00, real=0.01 secs]
2325.749: [GC [PSYoungGen: 52224K->256K(58880K)] 528073K->476105K(779776K), 0.0112992 secs] [Times: user=0.06 sys=0.00, real=0.01 secs]
2325.749: [GC [PSYoungGen: 52224K->256K(58880K)] 528073K->476105K(779776K), 0.0112992 secs] [Times: user=0.06 sys=0.00, real=0.01 secs]
2325.749: [GC [PSYoungGen: 52224K->256K(58880K)] 528073K->476105K(779776K), 0.0112992 secs] [Times: user=0.06 sys=0.00, real=0.01 secs]
2325.749: [GC [PSYoungGen: 52224K->256K(58880K)] 528073K->476105K(779776K), 0.0112992 secs] [Times: user=0.06 sys=0.00, real=0.01 secs]
2325.749: [GC [PSYoungGen: 52224K->256K(58880K)] 528073K->476105K(779776K), 0.0112992 secs] [Times: user=0.06 sys=0.00, real=0.01 secs]
2325.749: [GC [PSYoungGen: 52224K->256K(58880K)] 528073K->476105K(779776K), 0.0112992 secs] [Times: user=0.06 sys=0.00, real=0.01 secs]
2325.749: [GC [PSYoungGen: 52224K->256K(58880K)] 528073K->476105K(779776K), 0.0112992 secs] [Times: user=0.06 sys=0.00, real=0.01 secs]
2325.749: [GC [PSYoungGen: 52224K->256K(58880K)] 528073K->476105K(779776K), 0.0112992 secs] [Times: user=0.06 sys=0.00, real=0.01 secs]
2325.749: [GC [PSYoungGen: 52224K->256K(58880K)] 528073K->476105K(779776K), 0.0112992 secs] [Times: user=0.06 sys=0.00, real=0.01 secs]
2325.749: [GC [PSYoungGen: 52224K->256K(58880K)] 528073K->476105K(779776K), 0.0112992 secs] [Times: user=0.06 sys=0.00, real=0.01 secs]
2325.749: [GC [PSYoungGen: 52224K->256K(58880K)] 528073K->476105K(779776K), 0.0112992 secs] [Times: user=0.06 sys=0.00, real=0.01 secs]
2325.749: [GC [PSYoungGen: 52224K->256K(58880K)] 528073K->476105K(779776K), 0.0112992 secs] [Times: user=0.06 sys=0.00, real=0.01 secs]
2325.749: [GC [PSYoungGen: 52224K->256K(58880K)] 528073K->476105K(779776K), 0.0112992 secs] [Times: user=0.06 sys=0.00, real=0.01 secs]
2325.749: [GC [PSYoungGen: 52224K->256K(58880K)] 528073K->476105K(779776K), 0.0112992 secs] [Times: user=0.06 sys=0.00, real=0.01 secs]
2325.749: [GC [PSYoungGen: 52224K->256K(58880K)] 528073K->476105K(779776K), 0.0112992 secs] [Times: user=0.06 sys=0.00, real=0.01 secs]
2325.749: [GC [PSYoungGen: 52224K->256K(58880K)] 528073K->476105K(779776K), 0.0112992 secs] [Times: user=0.06 sys=0.00, real=0.01 secs]
2325.749: [GC [PSYoungGen: 52224K->256K(58880K)] 528073K->476105K(779776K), 0.0112992 secs] [Times: user=0.06 sys=0.00, real=0.01 secs]
2325.749: [GC [PSYoungGen: 52224K->256K(58880K)] 528073K->476105K(779776K), 0.0112992 secs] [Times: user=0.06 sys=0.00, real=0.01 secs]
2325.749: [GC [PSYoungGen: 52224K->256K(58880K)] 528073K->476105K(779776K), 0.0112992 secs] [Times: user=0.06 sys=0.00, real=0.01 secs]
2325.749: [GC [PSYoungGen: 52224K->256K(58880K)] 528073K->476105K(779776K), 0.0112992 secs] [Times: user=0.06 sys=0.00, real=0.01 secs]
2325.749: [GC [PSYoungGen: 52224K->256K(58880K)] 528073K->476105K(779776K), 0.0112992 secs] [Times: user=0.06 sys=0.00, real=0.01 secs]
2325.749: [GC [PSYoungGen: 52224K->256K(58880K)] 528073K->476105K(779776K), 0.0112992 secs] [Times: user=0.06 sys=0.00, real=0.01 secs]
2325.749: [GC [PSYoungGen: 52224K->256K(58880K)] 528073K->476105K(779776K), 0.0112992 secs] [Times: user=0.06 sys=0.00, real=0.01 secs]
2325.749: [GC [PSYoungGen: 52224K->256K(58880K)] 528073K->476105K(779776K), 0.0112992 secs] [Times: user=0.06 sys=0.00, real=0.01 secs]
2325.749: [GC [PSYoungGen: 52224K->256K(58880K)] 528073K->476105K(779776K), 0.0112992 secs] [Times: user=0.06 sys=0.00, real=0.01 secs]
2325.749: [GC [PSYoungGen: 52224K->256K(58880K)] 528073K->476105K(779776K), 0.0112992 secs] [Times: user=0.06 sys=0.00, real=0.01 secs]
2325.749: [GC [PSYoungGen: 52224K->256K(58880K)] 528073K->476105K(779776K), 0.0112992 secs] [Times: user=0.06 sys=0.00, real=0.01 secs]
2325.749: [GC [PSYoungGen: 52224K->256K(58880K)] 528073K->476105K(779776K), 0.0112992 secs] [Times: user=0.06 sys=0.00, real=0.01 secs]
2325.749: [GC [PSYoungGen: 52224K->256K(58880K)] 528073K->476105K(779776K), 0.0112992 secs] [Times: user=0.06 sys=0.00, real=0.01 secs]
2325.749: [GC [PSYoungGen: 52224K->256K(58880K)] 528073K->476105K(779776K), 0.0112992 secs] [Times: user=0.06 sys=0.00, real=0.01 secs]
2325.749: [GC [PSYoungGen: 52224K->256K(58880K)] 528073K->476105K(779776K), 0.0112992 secs] [Times: user=0.06 sys=0.00, real=0.01 secs]
2325.749: [GC [PSYoungGen: 52224K->256K(58880K)] 528073K->476105K(779776K), 0.0112992 secs] [Times: user=0.06 sys=0.00, real=0.01 secs]
2325.749: [GC [PSYoungGen: 52224K->256K(58880K)] 528073K->476105K(779776K), 0.0112992 secs] [Times: user=0.06 sys=0.00, real=0.01 secs]
2325.749: [GC [PSYoungGen: 52224K->256K(58880K)] 528073K->476105K(779776K), 0.0112992 secs] [Times: user=0.06 sys=0.00, real=0.01 secs]
2325.749: [GC [PSYoungGen: 52224K->256K(58880K)] 528073K->476105K(779776K), 0.0112992 secs] [Times: user=0.06 sys=0.00, real=0.01 secs]
2325.749: [GC [PSYoungGen: 52224K->256K(58880K)] 528073K->476105K(779776K), 0.0112992 secs] [Times: user=0.06 sys=0.00, real=0.01 secs]
2325.749: [GC [PSYoungGen: 52224K->256K(58880K)] 528073K->476105K(779776K), 0.0112992 secs] [Times: user=0.06 sys=0.00, real=0.01 secs]
2325.749: [GC [PSYoungGen: 52224K->256K(58880K)] 528073K->476105K(779776K), 0.0112992 secs] [Times: user=0.06 sys=0.00, real=0.01 secs]
2325.749: [GC [PSYoungGen: 52224K->256K(58880K)] 528073K->476105K(779776K), 0.0112992 secs] [Times: user=0.06 sys=0.00, real=0.01 secs]
2325.749: [GC [PSYoungGen: 52224K->256K(58880K)] 528073K->476105K(779776K), 0.0112992 secs] [Times: user=0.06 sys=0.00, real=0.01 secs]
2325.749: [GC [PSYoungGen: 52224K->256K(58880K)] 528073K->476105K(779776K), 0.0112992 secs] [Times: user=0.06 sys=0.00, real=0.01 secs]
2325.749: [GC [PSYoungGen: 52224K->256K(58880K)] 528073K->476105K(779776K), 0.0112992 secs] [Times: user=0.06 sys=0.00, real=0.01 secs]
2325.749: [GC [PSYoungGen: 52224K->256K(58880K)] 528073K->476105K(779776K), 0.0112992 secs] [Times: user=0.06 sys=0.00, real=0.01 secs]
2325.749: [GC [PSYoungGen: 52224K->256K(58880K)] 528073K->476105K(779776K), 0.0112992 secs] [Times: user=0.06 sys=0.00, real=0.01 secs]
2325.749: [GC [PSYoungGen: 52224K->256K(58880K)] 528073K->476105K(779776K), 0.0112992 secs] [Times: user=0.06 sys=0.00, real=0.01 secs]
2325.749: [GC [PSYoungGen: 52224K->256K(58880K)] 528073K->476105K(779776K), 0.0112992 secs] [Times: user=0.06 sys=0.00, real=0.01 secs]
2325.749: [GC [PSYoungGen: 52224K->256K(58880K)] 528073K->476105K(779776K), 0.0112992 secs] [Times: user=0.06 sys=0.00, real=0.01 secs]
2325.749: [GC [PSYoungGen: 52224K->256K(58880K)] 528073K->476105K(779776K), 0.0112992 secs] [Times: user=0.06 sys=0.00, real=0.01 secs]
2325.749: [GC [PSYoungGen: 52224K->256K(58880K)] 528073K->476105K(779776K), 0.0112992 secs] [Times: user=0.06 sys=0.00, real=0.01 secs]
2325.749: [GC [PSYoungGen: 52224K->256K(58880K)] 528073K->476105K(779776K), 0.0112992 secs] [Times: user=0.06 sys=0.00, real=0.01 secs]
2325.749: [GC [PSYoungGen: 52224K->256K(58880K)] 528073K->476105K(779776K), 0.0112992 secs] [Times: user=0.06 sys=0.00, real=0.01 secs]
2325.749: [GC [PSYoungGen: 52224K->256K(58880K)] 528073K->476105K(779776K), 0.0112992 secs] [Times: user=0.06 sys=0.00, real=0.01 secs]
2325.749: [GC [PSYoungGen: 52224K->256K(58880K)] 528073K->476105K(779776K), 0.0112992 secs] [Times: user=0.06 sys=0.00, real=0.01 secs]
2325.749: [GC [PSYoungGen: 52224K->256K(58880K)] 528073K->476105K(779776K), 0.0112992 secs] [Times: user=0.06 sys=0.00, real=0.01 secs]
2325.749: [GC [PSYoungGen: 52224K->256K(58880K)] 528073K->476105K(779776K), 0.0112992 secs] [Times: user=0.06 sys=0.00, real=0.01 secs]
2325.749: [GC [PSYoungGen: 52224K->256K(58880K)] 528073K->476105K(779776K), 0.0112992 secs] [Times: user=0.06 sys=0.00, real=0.01 secs]
2325.749: [GC [PSYoungGen: 52224K->256K(58880K)] 528073K->476105K(779776K), 0.0112992 secs] [Times: user=0.06 sys=0.00, real=0.01 secs]
2325.749: [GC [PSYoungGen: 52224K->256K(58880K)] 528073K->476105K(779776K), 0.0112992 secs] [Times: user=0.06 sys=0.00, real=0.01 secs]
2325.749: [GC [PSYoungGen: 52224K->256K(58880K)] 528073K->476105K(779776K), 0.0112992 secs] [Times: user=0.06 sys=0.00, real=0.01 secs]
2325.749: [GC [PSYoungGen: 52224K->256K(58880K)] 528073K->476105K(779776K), 0.0112992 secs] [Times: user=0.06 sys=0.00, real=0.01 secs]
2325.749: [GC [PSYoungGen: 52224K->256K(58880K)] 528073K->476105K(779776K), 0.0112992 secs] [Times: user=0.06 sys=0.00, real=0.01 secs]
2325.749: [GC [PSYoungGen: 52224K->256K(58880K)] 528073K->476105K(779776K), 0.0112992 secs] [Times: user=0.06 sys=0.00, real=0.01 secs]
2325.749: [GC [PSYoungGen: 52224K->256K(58880K)] 528073K->476105K(779776K), 0.0112992 secs] [Times: user=0.06 sys=0.00, real=0.01 secs]
2325.749: [GC [PSYoungGen: 52224K->256K(58880K)] 528073K->476105K(779776K), 0.0112992 secs] [Times: user=0.06 sys=0.00, real=0.01 secs]
2325.749: [GC [PSYoungGen: 52224K->256K(58880K)] 528073K->476105K(779776K), 0.0112992 secs] [Times: user=0.06 sys=0.00, real=0.01 secs]
2325.749: [GC [PSYoungGen: 52224K->256K(58880K)] 528073K->476105K(779776K), 0.0112992 secs] [Times: user=0.06 sys=0.00, real=0.01 secs]
2325.749: [GC [PSYoungGen: 52224K->256K(58880K)] 528073K->476105K(779776K), 0.0112992 secs] [Times: user=0.06 sys=0.00, real=0.01 secs]
2325.749: [GC [PSYoungGen: 52224K->256K(58880K)] 528073K->476105K(779776K), 0.0112992 secs] [Times: user=0.06 sys=0.00, real=0.01 secs]
2325.749: [GC [PSYoungGen: 52224K->256K(58880K)] 528073K->476105K(779776K), 0.0112992 secs] [Times: user=0.06 sys=0.00, real=0.01 secs]
2325.749: [GC [PSYoungGen: 52224K->256K(58880K)] 528073K->476105K(779776K), 0.0112992 secs] [Times: user=0.06 sys=0.00, real=0.01 secs]
2325.749: [GC [PSYoungGen: 52224K->256K(58880K)] 528073K->476105K(779776K), 0.0112992 secs] [Times: user=0.06 sys=0.00, real=0.01 secs]
2325.749: [GC [PSYoungGen: 52224K->256K(58880K)] 528073K->476105K(779776K), 0.0112992 secs] [Times: user=0.06 sys=0.00, real=0.01 secs]
2325.749: [GC [PSYoungGen: 52224K->256K(58880K)] 528073K->476105K(779776K), 0.0112992 secs] [Times: user=0.06 sys=0.00, real=0.01 secs]
2325.749: [GC [PSYoungGen: 52224K->256K(58880K)] 528073K->476105K(779776K), 0.0112992 secs] [Times: user=0.06 sys=0.00, real=0.01 secs]
2325.749: [GC [PSYoungGen: 52224K->256K(58880K)] 528073K->476105K(779776K), 0.0112992 secs] [Times: user=0.06 sys=0.00, real=0.01 secs]
2325.749: [GC [PSYoungGen: 52224K->256K(58880K)] 528073K->476105K(779776K), 0.0112992 secs] [Times: user=0.06 sys=0.00, real=0.01 secs]
2325.749: [GC [PSYoungGen: 52224K->256K(58880K)] 528073K->476105K(779776K), 0.0112992 secs] [Times: user=0.06 sys=0.00, real=0.01 secs]
2325.749: [GC [PSYoungGen: 52224K->256K(58880K)] 528073K->476105K(779776K), 0.0112992 secs] [Times: user=0.06 sys=0.00, real=0.01 secs]
2325.749: [GC [PSYoungGen: 52224K->256K(58880K)] 528073K->476105K(779776K), 0.0112992 secs] [Times: user=0.06 sys=0.00, real=0.01 secs]
2325.749: [GC [PSYoungGen: 52224K->256K(58880K)] 528073K->476105K(779776K), 0.0112992 secs] [Times: user=0.06 sys=0.00, real=0.01 secs]
2325.749: [GC [PSYoungGen: 52224K->256K(58880K)] 528073K->476105K(779776K), 0.0112992 secs] [Times: user=0.06 sys=0.00, real=0.01 secs]
2325.749: [GC [PSYoungGen: 52224K->256K(58880K)] 528073K->476105K(779776K), 0.0112992 secs] [Times: user=0.06 sys=0.00, real=0.01 secs]
2325.749: [GC [PSYoungGen: 52224K->256K(58880K)] 528073K->476105K(779776K), 0.0112992 secs] [Times: user=0.06 sys=0.00, real=0.01 secs]
2325.749: [GC [PSYoungGen: 52224K->256K(58880K)] 528073K->476105K(779776K), 0.0112992 secs] [Times: user=0.06 sys=0.00, real=0.01 secs]
2325.749: [GC [PSYoungGen: 52224K->256K(58880K)] 528073K->476105K(779776K), 0.0112992 secs] [Times: user=0.06 sys=0.00, real=0.01 secs]
2325.749: [GC [PSYoungGen: 52224K->256K(58880K)] 528073K->476105K(779776K), 0.0112992 secs] [Times: user=0.06 sys=0.00, real=0.01 secs]
2325.749: [GC [PSYoungGen: 52224K->256K(58880K)] 528073K->476105K(779776K), 0.0112992 secs] [Times: user=0.06 sys=0.00, real=0.01 secs]
2325.749: [GC [PSYoungGen: 52224K->256K(58880K)] 528073K->476105K(779776K), 0.0112992 secs] [Times: user=0.06 sys=0.00, real=0.01 secs]
2325.749: [GC [PSYoungGen: 52224K->256K(58880K)] 528073K->476105K(779776K), 0.0112992 secs] [Times: user=0.06 sys=0.00, real=0.01 secs]
2325.749: [GC [PSYoungGen: 52224K->256K(58880K)] 528073K->476105K(779776K), 0.0112992 secs] [Times: user=0.06 sys=0.00, real=0.01 secs]
2325.749: [GC [PSYoungGen: 52224K->256K(58880K)] 528073K->476105K(779776K), 0.0112992 secs] [Times: user=0.06 sys=0.00, real=0.01 secs]
2325.749: [GC [PSYoungGen: 52224K->256K(58880K)] 528073K->476105K(779776K), 0.0112992 secs] [Times: user=0.06 sys=0.00, real=0.01 secs]
2325.749: [GC [PSYoungGen: 52224K->256K(58880K)] 528073K->476105K(779776K), 0.0112992 secs] [Times: user=0.06 sys=0.00, real=0.01 secs]
2325.749: [GC [PSYoungGen: 52224K->256K(58880K)] 528073K->476105K(779776K), 0.0112992 secs] [Times: user=0.06 sys=0.00, real=0.01 secs]
2325.749: [GC [PSYoungGen: 52224K->256K(58880K)] 528073K->476105K(779776K), 0.0112992 secs] [Times: user=0.06 sys=0.00, real=0.01 secs]
2325.749: [GC [PSYoungGen: 52224K->256K(58880K)] 528073K->476105K(779776K), 0.0112992 secs] [Times: user=0.06 sys=0.00, real=0.01 secs]
2325.749: [GC [PSYoungGen: 52224K->256K(58880K)] 528073K->476105K(779776K), 0.0112992 secs] [Times: user=0.06 sys=0.00, real=0.01 secs]
2325.749: [GC [PSYoungGen: 52224K->256K(58880K)] 528073K->476105K(779776K), 0.0112992 secs] [Times: user=0.06 sys=0.00, real=0.01 secs]
2325.749: [GC [PSYoungGen: 52224K->256K(58880K)] 528073K->476105K(779776K), 0.0112992 secs] [Times: user=0.06 sys=0.00, real=0.01 secs]
2325.749: [GC [PSYoungGen: 52224K->256K(58880K)] 528073K->476105K(779776K), 0.0112992 secs] [Times: user=0.06 sys=0.00, real=0.01 secs]
2325.749: [GC [PSYoungGen: 52224K->256K(58880K)] 528073K->476105K(779776K), 0.0112992 secs] [Times: user=0.06 sys=0.00, real=0.01 secs]
2325.749: [GC [PSYoungGen: 52224K->256K(58880K)] 528073K->476105K(779776K), 0.0112992 secs] [Times: user=0.06 sys=0.00, real=0.01 secs]
2325.749: [GC [PSYoungGen: 52224K->256K(58880K)] 528073K->476105K(779776K), 0.0112992 secs] [Times: user=0.06 sys=0.00, real=0.01 secs]
2325.749: [GC [PSYoungGen: 52224K->256K(58880K)] 528073K->476105K(779776K), 0.0112992 secs] [Times: user=0.06 sys=0.00, real=0.01 secs]
2325.749: [GC [PSYoungGen: 52224K->256K(58880K)] 528073K->476105K(779776K), 0.0112992 secs] [Times: user=0.06 sys=0.00, real=0.01 secs]
2325.749: [GC [PSYoungGen: 52224K->256K(58880K)] 528073K->476105K(779776K), 0.0112992 secs] [Times: user=0.06 sys=0.00, real=0.01 secs]
2325.749: [GC [PSYoungGen: 52224K->256K(58880K)] 528073K->476105K(779776K), 0.0112992 secs] [Times: user=0.06 sys=0.00, real=0.01 secs]
2325.749: [GC [PSYoungGen: 52224K->256K(58880K)] 528073K->476105K(779776K), 0.0112992 secs] [Times: user=0.06 sys=0.00, real=0.01 secs]
2325.749: [GC [PSYoungGen: 52224K->256K(58880K)] 528073K->476105K(779776K), 0.0112992 secs] [Times: user=0.06 sys=0.00, real=0.01 secs]
2325.749: [GC [PSYoungGen: 52224K->256K(58880K)] 528073K->476105K(779776K), 0.0112992 secs] [Times: user=0.06 sys=0.00, real=0.01 secs]
2325.749: [GC [PSYoungGen: 52224K->256K(58880K)] 528073K->476105K(779776K), 0.0112992 secs] [Times: user=0.06 sys=0.00, real=0.01 secs]
2325.749: [GC [PSYoungGen: 52224K->256K(58880K)] 528073K->476105K(779776K), 0.0112992 secs] [Times: user=0.06 sys=0.00, real=0.01 secs]
2325.749: [GC [PSYoungGen: 52224K->256K(58880K)] 528073K->476105K(779776K), 0.0112992 secs] [Times: user=0.06 sys=0.00, real=0.01 secs]
2325.749: [GC [PSYoungGen: 52224K->256K(58880K)] 528073K->476105K(779776K), 0.0112992 secs] [Times: user=0.06 sys=0.00, real=0.01 secs]
2325.749: [GC [PSYoungGen: 52224K->256K(58880K)] 528073K->476105K(779776K), 0.0112992 secs] [Times: user=0.06 sys=0.00, real=0.01 secs]
2325.749: [GC [PSYoungGen: 52224K->256K(58880K)] 528073K->476105K(779776K), 0.0112992 secs] [Times: user=0.06 sys=0.00, real=0.01 secs]
2325.749: [GC [PSYoungGen: 52224K->256K(58880K)] 528073K->476105K(779776K), 0.0112992 secs] [Times: user=0.06 sys=0.00, real=0.01 secs]
2325.749: [GC [PSYoungGen: 52224K->256K(58880K)] 528073K->476105K(779776K), 0.0112992 secs] [Times: user=0.06 sys=0.00, real=0.01 secs]
2325.749: [GC [PSYoungGen: 52224K->256K(58880K)] 528073K->476105K(779776K), 0.0112992 secs] [Times: user=0.06 sys=0.00, real=0.01 secs]
2325.749: [GC [PSYoungGen: 52224K->256K(58880K)] 528073K->476105K(779776K), 0.0112992 secs] [Times: user=0.06 sys=0.00, real=0.01 secs]
2325.749: [GC [PSYoungGen: 52224K->256K(58880K)] 528073K->476105K(779776K), 0.0112992 secs] [Times: user=0.06 sys=0.00, real=0.01 secs]
2325.749: [GC [PSYoungGen: 52224K->256K(58880K)] 528073K->476105K(779776K), 0.0112992 secs] [Times: user=0.06 sys=0.00, real=0.01 secs]
2325.749: [GC [PSYoungGen: 52224K->256K(58880K)] 528073K->476105K(779776K), 0.0112992 secs] [Times: user=0.06 sys=0.00, real=0.01 secs]
2325.749: [GC [PSYoungGen: 52224K->256K(58880K)] 528073K->476105K(779776K), 0.0112992 secs] [Times: user=0.06 sys=0.00, real=0.01 secs]
2325.749: [GC [PSYoungGen: 52224K->256K(58880K)] 528073K->476105K(779776K), 0.0112992 secs] [Times: user=0.06 sys=0.00, real=0.01 secs]
2325.749: [GC [PSYoungGen: 52224K->256K(58880K)] 528073K->476105K(779776K), 0.0112992 secs] [Times: user=0.06 sys=0.00, real=0.01 secs]
2325.749: [GC [PSYoungGen: 52224K->256K(58880K)] 528073K->476105K(779776K), 0.0112992 secs] [Times: user=0.06 sys=0.00, real=0.01 secs]
2325.749: [GC [PSYoungGen: 52224K->256K(58880K)] 528073K->476105K(779776K), 0.0112992 secs] [Times: user=0.06 sys=0.00, real=0.01 secs]
2325.749: [GC [PSYoungGen: 52224K->256K(58880K)] 528073K->476105K(779776K), 0.0112992 secs] [Times: user=0.06 sys=0.00, real=0.01 secs]
2325.749: [GC [PSYoungGen: 52224K->256K(58880K)] 528073K->476105K(779776K), 0.0112992 secs] [Times: user=0.06 sys=0.00, real=0.01 secs]
2325.749: [GC [PSYoungGen: 52224K->256K(58880K)] 528073K->476105K(779776K), 0.0112992 secs] [Times: user=0.06 sys=0.00, real=0.01 secs]
2325.749: [GC [PSYoungGen: 52224K->256K(58880K)] 528073K->476105K(779776K), 0.0112992 secs] [Times: user=0.06 sys=0.00, real=0.01 secs]
2325.749: [GC [PSYoungGen: 52224K->256K(58880K)] 528073K->476105K(779776K), 0.0112992 secs] [Times: user=0.06 sys=0.00, real=0.01 secs]
2325.749: [GC [PSYoungGen: 52224K->256K(58880K)] 528073K->476105K(779776K), 0.0112992 secs] [Times: user=0.06 sys=0.00, real=0.01 secs]
2325.749: [GC [PSYoungGen: 52224K->256K(58880K)] 528073K->476105K(779776K), 0.0112992 secs] [Times: user=0.06 sys=0.00, real=0.01 secs]
2325.749: [GC [PSYoungGen: 52224K->256K(58880K)] 528073K->476105K(779776K), 0.0112992 secs] [Times: user=0.06 sys=0.00, real=0.01 secs]
2325.749: [GC [PSYoungGen: 52224K->256K(58880K)] 528073K->476105K(779776K), 0.0112992 secs] [Times: user=0.06 sys=0.00, real=0.01 secs]
2325.749: [GC [PSYoungGen: 52224K->256K(58880K)] 528073K->476105K(779776K), 0.0112992 secs] [Times: user=0.06 sys=0.00, real=0.01 secs]
2325.749: [GC [PSYoungGen: 52224K->256K(58880K)] 528073K->476105K(779776K), 0.0112992 secs] [Times: user=0.06 sys=0.00, real=0.01 secs]
2325.749: [GC [PSYoungGen: 52224K->256K(58880K)] 528073K->476105K(779776K), 0.0112992 secs] [Times: user=0.06 sys=0.00, real=0.01 secs]
2325.749: [GC [PSYoungGen: 52224K->256K(58880K)] 528073K->476105K(779776K), 0.0112992 secs] [Times: user=0.06 sys=0.00, real=0.01 secs]
2325.749: [GC [PSYoungGen: 52224K->256K(58880K)] 528073K->476105K(779776K), 0.0112992 secs] [Times: user=0.06 sys=0.00, real=0.01 secs]
2325.749: [GC [PSYoungGen: 52224K->256K(58880K)] 528073K->476105K(779776K), 0.0112992 secs] [Times: user=0.06 sys=0.00, real=0.01 secs]
2325.749: [GC [PSYoungGen: 52224K->256K(58880K)] 528073K->476105K(779776K), 0.0112992 secs] [Times: user=0.06 sys=0.00, real=0.01 secs]
2325.749: [GC [PSYoungGen: 52224K->256K(58880K)] 528073K->476105K(779776K), 0.0112992 secs] [Times: user=0.06 sys=0.00, real=0.01 secs]
2325.749: [GC [PSYoungGen: 52224K->256K(58880K)] 528073K->476105K(779776K), 0.0112992 secs] [Times: user=0.06 sys=0.00, real=0.01 secs]
2325.749: [GC [PSYoungGen: 52224K->256K(58880K)] 528073K->476105K(779776K), 0.0112992 secs] [Times: user=0.06 sys=0.00, real=0.01 secs]
2325.749: [GC [PSYoungGen: 52224K->256K(58880K)] 528073K->476105K(779776K), 0.0112992 secs] [Times: user=0.06 sys=0.00, real=0.01 secs]
2325.749: [GC [PSYoungGen: 52224K->256K(58880K)] 528073K->476105K(779776K), 0.0112992 secs] [Times: user=0.06 sys=0.00, real=0.01 secs]
2325.749: [GC [PSYoungGen: 52224K->256K(58880K)] 528073K->476105K(779776K), 0.0112992 secs] [Times: user=0.06 sys=0.00, real=0.01 secs]
2325.749: [GC [PSYoungGen: 52224K->256K(58880K)] 528073K->476105K(779776K), 0.0112992 secs] [Times: user=0.06 sys=0.00, real=0.01 secs]
2325.749: [GC [PSYoungGen: 52224K->256K(58880K)] 528073K->476105K(779776K), 0.0112992 secs] [Times: user=0.06 sys=0.00, real=0.01 secs]
2325.749: [GC [PSYoungGen: 52224K->256K(58880K)] 528073K->476105K(779776K), 0.0112992 secs] [Times: user=0.06 sys=0.00, real=0.01 secs]
2325.749: [GC [PSYoungGen: 52224K->256K(58880K)] 528073K->476105K(779776K), 0.0112992 secs] [Times: user=0.06 sys=0.00, real=0.01 secs]
2325.749: [GC [PSYoungGen: 52224K->256K(58880K)] 528073K->476105K(779776K), 0.0112992 secs] [Times: user=0.06 sys=0.00, real=0.01 secs]
2325.749: [GC [PSYoungGen: 52224K->256K(58880K)] 528073K->476105K(779776K), 0.0112992 secs] [Times: user=0.06 sys=0.00, real=0.01 secs]
2325.749: [GC [PSYoungGen: 52224K->256K(58880K)] 528073K->476105K(779776K), 0.0112992 secs] [Times: user=0.06 sys=0.00, real=0.01 secs]
2325.749: [GC [PSYoungGen: 52224K->256K(58880K)] 528073K->476105K(779776K), 0.0112992 secs] [Times: user=0.06 sys=0.00, real=0.01 secs]
2325.749: [GC [PSYoungGen: 52224K->256K(58880K)] 528073K->476105K(779776K), 0.0112992 secs] [Times: user=0.06 sys=0.00, real=0.01 secs]
2325.749: [GC [PSYoungGen: 52224K->256K(58880K)] 528073K->476105K(779776K), 0.0112992 secs] [Times: user=0.06 sys=0.00, real=0.01 secs]
2325.749: [GC [PSYoungGen: 52224K->256K(58880K)] 528073K->476105K(779776K), 0.0112992 secs] [Times: user=0.06 sys=0.00, real=0.01 secs]
2325.749: [GC [PSYoungGen: 52224K->256K(58880K)] 528073K->476105K(779776K), 0.0112992 secs] [Times: user=0.06 sys=0.00, real=0.01 secs]
2325.749: [GC [PSYoungGen: 52224K->256K(58880K)] 528073K->476105K(779776K), 0.0112992 secs] [Times: user=0.06 sys=0.00, real=0.01 secs]
2325.749: [GC [PSYoungGen: 52224K->256K(58880K)] 528073K->476105K(779776K), 0.0112992 secs] [Times: user=0.06 sys=0.00, real=0.01 secs]
2325.749: [GC [PSYoungGen: 52224K->256K(58880K)] 528073K->476105K(779776K), 0.0112992 secs] [Times: user=0.06 sys=0.00, real=0.01 secs]
2325.749: [GC [PSYoungGen: 52224K->256K(58880K)] 528073K->476105K(779776K), 0.0112992 secs] [Times: user=0.06 sys=0.00, real=0.01 secs]
2325.749: [GC [PSYoungGen: 52224K->256K(58880K)] 528073K->476105K(779776K), 0.0112992 secs] [Times: user=0.06 sys=0.00, real=0.01 secs]
2325.749: [GC [PSYoungGen: 52224K->256K(58880K)] 528073K->476105K(779776K), 0.0112992 secs] [Times: user=0.06 sys=0.00, real=0.01 secs]
2325.749: [GC [PSYoungGen: 52224K->256K(58880K)] 528073K->476105K(779776K), 0.0112992 secs] [Times: user=0.06 sys=0.00, real=0.01 secs]
2325.749: [GC [PSYoungGen: 52224K->256K(58880K)] 528073K->476105K(779776K), 0.0112992 secs] [Times: user=0.06 sys=0.00, real=0.01 secs]
2325.749: [GC [PSYoungGen: 52224K->256K(58880K)] 528073K->476105K(779776K), 0.0112992 secs] [Times: user=0.06 sys=0.00, real=0.01 secs]
2325.749: [GC [PSYoungGen: 52224K->256K(58880K)] 528073K->476105K(779776K), 0.0112992 secs] [Times: user=0.06 sys=0.00, real=0.01 secs]
2325.749: [GC [PSYoungGen: 52224K->256K(58880K)] 528073K->476105K(779776K), 0.0112992 secs] [Times: user=0.06 sys=0.00, real=0.01 secs]
2325.749: [GC [PSYoungGen: 52224K->256K(58880K)] 528073K->476105K(779776K), 0.0112992 secs] [Times: user=0.06 sys=0.00, real=0.01 secs]
2325.749: [GC [PSYoungGen: 52224K->256K(58880K)] 528073K->476105K(779776K), 0.0112992 secs] [Times: user=0.06 sys=0.00, real=0.01 secs]
2325.749: [GC [PSYoungGen: 52224K->256K(58880K)] 528073K->476105K(779776K), 0.0112992 secs] [Times: user=0.06 sys=0.00, real=0.01 secs]
2325.749: [GC [PSYoungGen: 52224K->256K(58880K)] 528073K->476105K(779776K), 0.0112992 secs] [Times: user=0.06 sys=0.00, real=0.01 secs]
2325.749: [GC [PSYoungGen: 52224K->256K(58880K)] 528073K->476105K(779776K), 0.0112992 secs] [Times: user=0.06 sys=0.00, real=0.01 secs]
2325.749: [GC [PSYoungGen: 52224K->256K(58880K)] 528073K->476105K(779776K), 0.0112992 secs] [Times: user=0.06 sys=0.00, real=0.01 secs]
2325.749: [GC [PSYoungGen: 52224K->256K(58880K)] 528073K->476105K(779776K), 0.0112992 secs] [Times: user=0.06 sys=0.00, real=0.01 secs]
2325.749: [GC [PSYoungGen: 52224K->256K(58880K)] 528073K->476105K(779776K), 0.0112992 secs] [Times: user=0.06 sys=0.00, real=0.01 secs]
2325.749: [GC [PSYoungGen: 52224K->256K(58880K)] 528073K->476105K(779776K), 0.0112992 secs] [Times: user=0.06 sys=0.00, real=0.01 secs]
2325.749: [GC [PSYoungGen: 52224K->256K(58880K)] 528073K->476105K(779776K), 0.0112992 secs] [Times: user=0.06 sys=0.00, real=0.01 secs]
2325.749: [GC [PSYoungGen: 52224K->256K(58880K)] 528073K->476105K(779776K), 0.0112992 secs] [Times: user=0.06 sys=0.00, real=0.01 secs]
2325.749: [GC [PSYoungGen: 52224K->256K(58880K)] 528073K->476105K(779776K), 0.0112992 secs] [Times: user=0.06 sys=0.00, real=0.01 secs]
2325.749: [GC [PSYoungGen: 52224K->256K(58880K)] 528073K->476105K(779776K), 0.0112992 secs] [Times: user=0.06 sys=0.00, real=0.01 secs]
2325.749: [GC [PSYoungGen: 52224K->256K(58880K)] 528073K->476105K(779776K), 0.0112992 secs] [Times: user=0.06 sys=0.00, real=0.01 secs]
2325.749: [GC [PSYoungGen: 52224K->256K(58880K)] 528073K->476105K(779776K), 0.0112992 secs] [Times: user=0.06 sys=0.00, real=0.01 secs]
2325.749: [GC [PSYoungGen: 52224K->256K(58880K)] 528073K->476105K(779776K), 0.0112992 secs] [Times: user=0.06 sys=0.00, real=0.01 secs]
2325.749: [GC [PSYoungGen: 52224K->256K(58880K)] 528073K->476105K(779776K), 0.0112992 secs] [Times: user=0.06 sys=0.00, real=0.01 secs]
2325.749: [GC [PSYoungGen: 52224K->256K(58880K)] 528073K->476105K(779776K), 0.0112992 secs] [Times: user=0.06 sys=0.00, real=0.01 secs]
2325.749: [GC [PSYoungGen: 52224K->256K(58880K)] 528073K->476105K(779776K), 0.0112992 secs] [Times: user=0.06 sys=0.00, real=0.01 secs]
2325.749: [GC [PSYoungGen: 52224K->256K(58880K)] 528073K->476105K(779776K), 0.0112992 secs] [Times: user=0.06 sys=0.00, real=0.01 secs]
2325.749: [GC [PSYoungGen: 52224K->256K(58880K)] 528073K->476105K(779776K), 0.0112992 secs] [Times: user=0.06 sys=0.00, real=0.01 secs]
2325.749: [GC [PSYoungGen: 52224K->256K(58880K)] 528073K->476105K(779776K), 0.0112992 secs] [Times: user=0.06 sys=0.00, real=0.01 secs]
2325.749: [GC [PSYoungGen: 52224K->256K(58880K)] 528073K->476105K(779776K), 0.0112992 secs] [Times: user=0.06 sys=0.00, real=0.01 secs]
2325.749: [GC [PSYoungGen: 52224K->256K(58880K)] 528073K->476105K(779776K), 0.0112992 secs] [Times: user=0.06 sys=0.00, real=0.01 secs]
2325.749: [GC [PSYoungGen: 52224K->256K(58880K)] 528073K->476105K(779776K), 0.0112992 secs] [Times: user=0.06 sys=0.00, real=0.01 secs]
2325.749: [GC [PSYoungGen: 52224K->256K(58880K)] 528073K->476105K(779776K), 0.0112992 secs] [Times: user=0.06 sys=0.00, real=0.01 secs]
2325.749: [GC [PSYoungGen: 52224K->256K(58880K)] 528073K->476105K(779776K), 0.0112992 secs] [Times: user=0.06 sys=0.00, real=0.01 secs]
2325.749: [GC [PSYoungGen: 52224K->256K(58880K)] 528073K->476105K(779776K), 0.0112992 secs] [Times: user=0.06 sys=0.00, real=0.01 secs]
2325.749: [GC [PSYoungGen: 52224K->256K(58880K)] 528073K->476105K(779776K), 0.0112992 secs] [Times: user=0.06 sys=0.00, real=0.01 secs]
2325.749: [GC [PSYoungGen: 52224K->256K(58880K)] 528073K->476105K(779776K), 0.0112992 secs] [Times: user=0.06 sys=0.00, real=0.01 secs]
2325.749: [GC [PSYoungGen: 52224K->256K(58880K)] 528073K->476105K(779776K), 0.0112992 secs] [Times: user=0.06 sys=0.00, real=0.01 secs]
2325.749: [GC [PSYoungGen: 52224K->256K(58880K)] 528073K->476105K(779776K), 0.0112992 secs] [Times: user=0.06 sys=0.00, real=0.01 secs]
2325.749: [GC [PSYoungGen: 52224K->256K(58880K)] 528073K->476105K(779776K), 0.0112992 secs] [Times: user=0.06 sys=0.00, real=0.01 secs]
2325.749: [GC [PSYoungGen: 52224K->256K(58880K)] 528073K->476105K(779776K), 0.0112992 secs] [Times: user=0.06 sys=0.00, real=0.01 secs]
2325.749: [GC [PSYoungGen: 52224K->256K(58880K)] 528073K->476105K(779776K), 0.0112992 secs] [Times: user=0.06 sys=0.00, real=0.01 secs]
2325.749: [GC [PSYoungGen: 52224K->256K(58880K)] 528073K->476105K(779776K), 0.0112992 secs] [Times: user=0.06 sys=0.00, real=0.01 secs]
2325.749: [GC [PSYoungGen: 52224K->256K(58880K)] 528073K->476105K(779776K), 0.0112992 secs] [Times: user=0.06 sys=0.00, real=0.01 secs]
2325.749: [GC [PSYoungGen: 52224K->256K(58880K)] 528073K->476105K(779776K), 0.0112992 secs] [Times: user=0.06 sys=0.00, real=0.01 secs]
2325.749: [GC [PSYoungGen: 52224K->256K(58880K)] 528073K->476105K(779776K), 0.0112992 secs] [Times: user=0.06 sys=0.00, real=0.01 secs]
2325.749: [GC [PSYoungGen: 52224K->256K(58880K)] 528073K->476105K(779776K), 0.0112992 secs] [Times: user=0.06 sys=0.00, real=0.01 secs]
2325.749: [GC [PSYoungGen: 52224K->256K(58880K)] 528073K->476105K(779776K), 0.0112992 secs] [Times: user=0.06 sys=0.00, real=0.01 secs]
2325.749: [GC [PSYoungGen: 52224K->256K(58880K)] 528073K->476105K(779776K), 0.0112992 secs] [Times: user=0.06 sys=0.00, real=0.01 secs]
2325.749: [GC [PSYoungGen: 52224K->256K(58880K)] 528073K->476105K(779776K), 0.0112992 secs] [Times: user=0.06 sys=0.00, real=0.01 secs]
2325.749: [GC [PSYoungGen: 52224K->256K(58880K)] 528073K->476105K(779776K), 0.0112992 secs] [Times: user=0.06 sys=0.00, real=0.01 secs]
2325.749: [GC [PSYoungGen: 52224K->256K(58880K)] 528073K->476105K(779776K), 0.0112992 secs] [Times: user=0.06 sys=0.00, real=0.01 secs]
2325.749: [GC [PSYoungGen: 52224K->256K(58880K)] 528073K->476105K(779776K), 0.0112992 secs] [Times: user=0.06 sys=0.00, real=0.01 secs]
2325.749: [GC [PSYoungGen: 52224K->256K(58880K)] 528073K->476105K(779776K), 0.0112992 secs] [Times: user=0.06 sys=0.00, real=0.01 secs]
2325.749: [GC [PSYoungGen: 52224K->256K(58880K)] 528073K->476105K(779776K), 0.0112992 secs] [Times: user=0.06 sys=0.00, real=0.01 secs]
2325.749: [GC [PSYoungGen: 52224K->256K(58880K)] 528073K->476105K(779776K), 0.0112992 secs] [Times: user=0.06 sys=0.00, real=0.01 secs]
2325.749: [GC [PSYoungGen: 52224K->256K(58880K)] 528073K->476105K(779776K), 0.0112992 secs] [Times: user=0.06 sys=0.00, real=0.01 secs]
2325.749: [GC [PSYoungGen: 52224K->256K(58880K)] 528073K->476105K(779776K), 0.0112992 secs] [Times: user=0.06 sys=0.00, real=0.01 secs]
2325.749: [GC [PSYoungGen: 52224K->256K(58880K)] 528073K->476105K(779776K), 0.0112992 secs] [Times: user=0.06 sys=0.00, real=0.01 secs]
2325.749: [GC [PSYoungGen: 52224K->256K(58880K)] 528073K->476105K(779776K), 0.0112992 secs] [Times: user=0.06 sys=0.00, real=0.01 secs]
2325.749: [GC [PSYoungGen: 52224K->256K(58880K)] 528073K->476105K(779776K), 0.0112992 secs] [Times: user=0.06 sys=0.00, real=0.01 secs]
2325.749: [GC [PSYoungGen: 52224K->256K(58880K)] 528073K->476105K(779776K), 0.0112992 secs] [Times: user=0.06 sys=0.00, real=0.01 secs]
2325.749: [GC [PSYoungGen: 52224K->256K(58880K)] 528073K->476105K(779776K), 0.0112992 secs] [Times: user=0.06 sys=0.00, real=0.01 secs]
2325.749: [GC [PSYoungGen: 52224K->256K(58880K)] 528073K->476105K(779776K), 0.0112992 secs] [Times: user=0.06 sys=0.00, real=0.01 secs]
2325.749: [GC [PSYoungGen: 52224K->256K(58880K)] 528073K->476105K(779776K), 0.0112992 secs] [Times: user=0.06 sys=0.00, real=0.01 secs]
2325.749: [GC [PSYoungGen: 52224K->256K(58880K)] 528073K->476105K(779776K), 0.0112992 secs] [Times: user=0.06 sys=0.00, real=0.01 secs]
2325.749: [GC [PSYoungGen: 52224K->256K(58880K)] 528073K->476105K(779776K), 0.0112992 secs] [Times: user=0.06 sys=0.00, real=0.01 secs]
2325.749: [GC [PSYoungGen: 52224K->256K(58880K)] 528073K->476105K(779776K), 0.0112992 secs] [Times: user=0.06 sys=0.00, real=0.01 secs]
2325.749: [GC [PSYoungGen: 52224K->256K(58880K)] 528073K->476105K(779776K), 0.0112992 secs] [Times: user=0.06 sys=0.00, real=0.01 secs]
2325.749: [GC [PSYoungGen: 52224K->256K(58880K)] 528073K->476105K(779776K), 0.0112992 secs] [Times: user=0.06 sys=0.00, real=0.01 secs]
2325.749: [GC [PSYoungGen: 52224K->256K(58880K)] 528073K->476105K(779776K), 0.0112992 secs] [Times: user=0.06 sys=0.00, real=0.01 secs]
2325.749: [GC [PSYoungGen: 52224K->256K(58880K)] 528073K->476105K(779776K), 0.0112992 secs] [Times: user=0.06 sys=0.00, real=0.01 secs]
2325.749: [GC [PSYoungGen: 52224K->256K(58880K)] 528073K->476105K(779776K), 0.0112992 secs] [Times: user=0.06 sys=0.00, real=0.01 secs]
2325.749: [GC [PSYoungGen: 52224K->256K(58880K)] 528073K->476105K(779776K), 0.0112992 secs] [Times: user=0.06 sys=0.00, real=0.01 secs]
2325.749: [GC [PSYoungGen: 52224K->256K(58880K)] 528073K->476105K(779776K), 0.0112992 secs] [Times: user=0.06 sys=0.00, real=0.01 secs]
2325.749: [GC [PSYoungGen: 52224K->256K(58880K)] 528073K->476105K(779776K), 0.0112992 secs] [Times: user=0.06 sys=0.00, real=0.01 secs]
2325.749: [GC [PSYoungGen: 52224K->256K(58880K)] 528073K->476105K(779776K), 0.0112992 secs] [Times: user=0.06 sys=0.00, real=0.01 secs]
2325.749: [GC [PSYoungGen: 52224K->256K(58880K)] 528073K->476105K(779776K), 0.0112992 secs] [Times: user=0.06 sys=0.00, real=0.01 secs]
2325.749: [GC [PSYoungGen: 52224K->256K(58880K)] 528073K->476105K(779776K), 0.0112992 secs] [Times: user=0.06 sys=0.00, real=0.01 secs]
2325.749: [GC [PSYoungGen: 52224K->256K(58880K)] 528073K->476105K(779776K), 0.0112992 secs] [Times: user=0.06 sys=0.00, real=0.01 secs]
2325.749: [GC [PSYoungGen: 52224K->256K(58880K)] 528073K->476105K(779776K), 0.0112992 secs] [Times: user=0.06 sys=0.00, real=0.01 secs]
2325.749: [GC [PSYoungGen: 52224K->256K(58880K)] 528073K->476105K(779776K), 0.0112992 secs] [Times: user=0.06 sys=0.00, real=0.01 secs]
2325.749: [GC [PSYoungGen: 52224K->256K(58880K)] 528073K->476105K(779776K), 0.0112992 secs] [Times: user=0.06 sys=0.00, real=0.01 secs]
2325.749: [GC [PSYoungGen: 52224K->256K(58880K)] 528073K->476105K(779776K), 0.0112992 secs] [Times: user=0.06 sys=0.00, real=0.01 secs]
2325.749: [GC [PSYoungGen: 52224K->256K(58880K)] 528073K->476105K(779776K), 0.0112992 secs] [Times: user=0.06 sys=0.00, real=0.01 secs]
2325.749: [GC [PSYoungGen: 52224K->256K(58880K)] 528073K->476105K(779776K), 0.0112992 secs] [Times: user=0.06 sys=0.00, real=0.01 secs]
2325.749: [GC [PSYoungGen: 52224K->256K(58880K)] 528073K->476105K(779776K), 0.0112992 secs] [Times: user=0.06 sys=0.00, real=0.01 secs]
2325.749: [GC [PSYoungGen: 52224K->256K(58880K)] 528073K->476105K(779776K), 0.0112992 secs] [Times: user=0.06 sys=0.00, real=0.01 secs]
2325.749: [GC [PSYoungGen: 52224K->256K(58880K)] 528073K->476105K(779776K), 0.0112992 secs] [Times: user=0.06 sys=0.00, real=0.01 secs]
2325.749: [GC [PSYoungGen: 52224K->256K(58880K)] 528073K->476105K(779776K), 0.0112992 secs] [Times: user=0.06 sys=0.00, real=0.01 secs]
2325.749: [GC [PSYoungGen: 52224K->256K(58880K)] 528073K->476105K(779776K), 0.0112992 secs] [Times: user=0.06 sys=0.00, real=0.01 secs]
2325.749: [GC [PSYoungGen: 52224K->256K(58880K)] 528073K->476105K(779776K), 0.0112992 secs] [Times: user=0.06 sys=0.00, real=0.01 secs]
2325.749: [GC [PSYoungGen: 52224K->256K(58880K)] 528073K->476105K(779776K), 0.0112992 secs] [Times: user=0.06 sys=0.00, real=0.01 secs]
2325.749: [GC [PSYoungGen: 52224K->256K(58880K)] 528073K->476105K(779776K), 0.0112992 secs] [Times: user=0.06 sys=0.00, real=0.01 secs]
2325.749: [GC [PSYoungGen: 52224K->256K(58880K)] 528073K->476105K(779776K), 0.0112992 secs] [Times: user=0.06 sys=0.00, real=0.01 secs]
2325.749: [GC [PSYoungGen: 52224K->256K(58880K)] 528073K->476105K(779776K), 0.0112992 secs] [Times: user=0.06 sys=0.00, real=0.01 secs]
2325.749: [GC [PSYoungGen: 52224K->256K(58880K)] 528073K->476105K(779776K), 0.0112992 secs] [Times: user=0.06 sys=0.00, real=0.01 secs]
2325.749: [GC [PSYoungGen: 52224K->256K(58880K)] 528073K->476105K(779776K), 0.0112992 secs] [Times: user=0.06 sys=0.00, real=0.01 secs]
2325.749: [GC [PSYoungGen: 52224K->256K(58880K)] 528073K->476105K(779776K), 0.0112992 secs] [Times: user=0.06 sys=0.00, real=0.01 secs]
2325.749: [GC [PSYoungGen: 52224K->256K(58880K)] 528073K->476105K(779776K), 0.0112992 secs] [Times: user=0.06 sys=0.00, real=0.01 secs]
2325.749: [GC [PSYoungGen: 52224K->256K(58880K)] 528073K->476105K(779776K), 0.0112992 secs] [Times: user=0.06 sys=0.00, real=0.01 secs]
2325.749: [GC [PSYoungGen: 52224K->256K(58880K)] 528073K->476105K(779776K), 0.0112992 secs] [Times: user=0.06 sys=0.00, real=0.01 secs]
2325.749: [GC [PSYoungGen: 52224K->256K(58880K)] 528073K->476105K(779776K), 0.0112992 secs] [Times: user=0.06 sys=0.00, real=0.01 secs]
2325.749: [GC [PSYoungGen: 52224K->256K(58880K)] 528073K->476105K(779776K), 0.0112992 secs] [Times: user=0.06 sys=0.00, real=0.01 secs]
2325.749: [GC [PSYoungGen: 52224K->256K(58880K)] 528073K->476105K(779776K), 0.0112992 secs] [Times: user=0.06 sys=0.00, real=0.01 secs]
2325.749: [GC [PSYoungGen: 52224K->256K(58880K)] 528073K->476105K(779776K), 0.0112992 secs] [Times: user=0.06 sys=0.00, real=0.01 secs]
2325.749: [GC [PSYoungGen: 52224K->256K(58880K)] 528073K->476105K(779776K), 0.0112992 secs] [Times: user=0.06 sys=0.00, real=0.01 secs]
2325.749: [GC [PSYoungGen: 52224K->256K(58880K)] 528073K->476105K(779776K), 0.0112992 secs] [Times: user=0.06 sys=0.00, real=0.01 secs]
2325.749: [GC [PSYoungGen: 52224K->256K(58880K)] 528073K->476105K(779776K), 0.0112992 secs] [Times: user=0.06 sys=0.00, real=0.01 secs]
2325.749: [GC [PSYoungGen: 52224K->256K(58880K)] 528073K->476105K(779776K), 0.0112992 secs] [Times: user=0.06 sys=0.00, real=0.01 secs]
2325.749: [GC [PSYoungGen: 52224K->256K(58880K)] 528073K->476105K(779776K), 0.0112992 secs] [Times: user=0.06 sys=0.00, real=0.01 secs]
2325.749: [GC [PSYoungGen: 52224K->256K(58880K)] 528073K->476105K(779776K), 0.0112992 secs] [Times: user=0.06 sys=0.00, real=0.01 secs]
2325.749: [GC [PSYoungGen: 52224K->256K(58880K)] 528073K->476105K(779776K), 0.0112992 secs] [Times: user=0.06 sys=0.00, real=0.01 secs]
2325.749: [GC [PSYoungGen: 52224K->256K(58880K)] 528073K->476105K(779776K), 0.0112992 secs] [Times: user=0.06 sys=0.00, real=0.01 secs]
2325.749: [GC [PSYoungGen: 52224K->256K(58880K)] 528073K->476105K(779776K), 0.0112992 secs] [Times: user=0.06 sys=0.00, real=0.01 secs]
2325.749: [GC [PSYoungGen: 52224K->256K(58880K)] 528073K->476105K(779776K), 0.0112992 secs] [Times: user=0.06 sys=0.00, real=0.01 secs]
2325.749: [GC [PSYoungGen: 52224K->256K(58880K)] 528073K->476105K(779776K), 0.0112992 secs] [Times: user=0.06 sys=0.00, real=0.01 secs]
2325.749: [GC [PSYoungGen: 52224K->256K(58880K)] 528073K->476105K(779776K), 0.0112992 secs] [Times: user=0.06 sys=0.00, real=0.01 secs]
2325.749: [GC [PSYoungGen: 52224K->256K(58880K)] 528073K->476105K(779776K), 0.0112992 secs] [Times: user=0.06 sys=0.00, real=0.01 secs]
2325.749: [GC [PSYoungGen: 52224K->256K(58880K)] 528073K->476105K(779776K), 0.0112992 secs] [Times: user=0.06 sys=0.00, real=0.01 secs]
2325.749: [GC [PSYoungGen: 52224K->256K(58880K)] 528073K->476105K(779776K), 0.0112992 secs] [Times: user=0.06 sys=0.00, real=0.01 secs]
2325.749: [GC [PSYoungGen: 52224K->256K(58880K)] 528073K->476105K(779776K), 0.0112992 secs] [Times: user=0.06 sys=0.00, real=0.01 secs]
2325.749: [GC [PSYoungGen: 52224K->256K(58880K)] 528073K->476105K(779776K), 0.0112992 secs] [Times: user=0.06 sys=0.00, real=0.01 secs]
2325.749: [GC [PSYoungGen: 52224K->256K(58880K)] 528073K->476105K(779776K), 0.0112992 secs] [Times: user=0.06 sys=0.00, real=0.01 secs]
2325.749: [GC [PSYoungGen: 52224K->256K(58880K)] 528073K->476105K(779776K), 0.0112992 secs] [Times: user=0.06 sys=0.00, real=0.01 secs]
2325.749: [GC [PSYoungGen: 52224K->256K(58880K)] 528073K->476105K(779776K), 0.0112992 secs] [Times: user=0.06 sys=0.00, real=0.01 secs]
2325.749: [GC [PSYoungGen: 52224K->256K(58880K)] 528073K->476105K(779776K), 0.0112992 secs] [Times: user=0.06 sys=0.00, real=0.01 secs]
2325.749: [GC [PSYoungGen: 52224K->256K(58880K)] 528073K->476105K(779776K), 0.0112992 secs] [Times: user=0.06 sys=0.00, real=0.01 secs]
2325.749: [GC [PSYoungGen: 52224K->256K(58880K)] 528073K->476105K(779776K), 0.0112992 secs] [Times: user=0.06 sys=0.00, real=0.01 secs]
2325.749: [GC [PSYoungGen: 52224K->256K(58880K)] 528073K->476105K(779776K), 0.0112992 secs] [Times: user=0.06 sys=0.00, real=0.01 secs]
2325.749: [GC [PSYoungGen: 52224K->256K(58880K)] 528073K->476105K(779776K), 0.0112992 secs] [Times: user=0.06 sys=0.00, real=0.01 secs]
2325.749: [GC [PSYoungGen: 52224K->256K(58880K)] 528073K->476105K(779776K), 0.0112992 secs] [Times: user=0.06 sys=0.00, real=0.01 secs]
2325.749: [GC [PSYoungGen: 52224K->256K(58880K)] 528073K->476105K(779776K), 0.0112992 secs] [Times: user=0.06 sys=0.00, real=0.01 secs]
2325.749: [GC [PSYoungGen: 52224K->256K(58880K)] 528073K->476105K(779776K), 0.0112992 secs] [Times: user=0.06 sys=0.00, real=0.01 secs]
2325.749: [GC [PSYoungGen: 52224K->256K(58880K)] 528073K->476105K(779776K), 0.0112992 secs] [Times: user=0.06 sys=0.00, real=0.01 secs]
2325.749: [GC [PSYoungGen: 52224K->256K(58880K)] 528073K->476105K(779776K), 0.0112992 secs] [Times: user=0.06 sys=0.00, real=0.01 secs]
2325.749: [GC [PSYoungGen: 52224K->256K(58880K)] 528073K->476105K(779776K), 0.0112992 secs] [Times: user=0.06 sys=0.00, real=0.01 secs]
2325.749: [GC [PSYoungGen: 52224K->256K(58880K)] 528073K->476105K(779776K), 0.0112992 secs] [Times: user=0.06 sys=0.00, real=0.01 secs]
2325.749: [GC [PSYoungGen: 52224K->256K(58880K)] 528073K->476105K(779776K), 0.0112992 secs] [Times: user=0.06 sys=0.00, real=0.01 secs]
2325.749: [GC [PSYoungGen: 52224K->256K(58880K)] 528073K->476105K(779776K), 0.0112992 secs] [Times: user=0.06 sys=0.00, real=0.01 secs]
2325.749: [GC [PSYoungGen: 52224K->256K(58880K)] 528073K->476105K(779776K), 0.0112992 secs] [Times: user=0.06 sys=0.00, real=0.01 secs]
2325.749: [GC [PSYoungGen: 52224K->256K(58880K)] 528073K->476105K(779776K), 0.0112992 secs] [Times: user=0.06 sys=0.00, real=0.01 secs]
2325.749: [GC [PSYoungGen: 52224K->256K(58880K)] 528073K->476105K(779776K), 0.0112992 secs] [Times: user=0.06 sys=0.00, real=0.01 secs]
2325.749: [GC [PSYoungGen: 52224K->256K(58880K)] 528073K->476105K(779776K), 0.0112992 secs] [Times: user=0.06 sys=0.00, real=0.01 secs]
2325.749: [GC [PSYoungGen: 52224K->256K(58880K)] 528073K->476105K(779776K), 0.0112992 secs] [Times: user=0.06 sys=0.00, real=0.01 secs]
2325.749: [GC [PSYoungGen: 52224K->256K(58880K)] 528073K->476105K(779776K), 0.0112992 secs] [Times: user=0.06 sys=0.00, real=0.01 secs]
2325.749: [GC [PSYoungGen: 52224K->256K(58880K)] 528073K->476105K(779776K), 0.0112992 secs] [Times: user=0.06 sys=0.00, real=0.01 secs]
2325.749: [GC [PSYoungGen: 52224K->256K(58880K)] 528073K->476105K(779776K), 0.0112992 secs] [Times: user=0.06 sys=0.00, real=0.01 secs]
2325.749: [GC [PSYoungGen: 52224K->256K(58880K)] 528073K->476105K(779776K), 0.0112992 secs] [Times: user=0.06 sys=0.00, real=0.01 secs]
2325.749: [GC [PSYoungGen: 52224K->256K(58880K)] 528073K->476105K(779776K), 0.0112992 secs] [Times: user=0.06 sys=0.00, real=0.01 secs]
2325.749: [GC [PSYoungGen: 52224K->256K(58880K)] 528073K->476105K(779776K), 0.0112992 secs] [Times: user=0.06 sys=0.00, real=0.01 secs]
2325.749: [GC [PSYoungGen: 52224K->256K(58880K)] 528073K->476105K(779776K), 0.0112992 secs] [Times: user=0.06 sys=0.00, real=0.01 secs]
2325.749: [GC [PSYoungGen: 52224K->256K(58880K)] 528073K->476105K(779776K), 0.0112992 secs] [Times: user=0.06 sys=0.00, real=0.01 secs]
2325.749: [GC [PSYoungGen: 52224K->256K(58880K)] 528073K->476105K(779776K), 0.0112992 secs] [Times: user=0.06 sys=0.00, real=0.01 secs]
2325.749: [GC [PSYoungGen: 52224K->256K(58880K)] 528073K->476105K(779776K), 0.0112992 secs] [Times: user=0.06 sys=0.00, real=0.01 secs]
2325.749: [GC [PSYoungGen: 52224K->256K(58880K)] 528073K->476105K(779776K), 0.0112992 secs] [Times: user=0.06 sys=0.00, real=0.01 secs]
2325.749: [GC [PSYoungGen: 52224K->256K(58880K)] 528073K->476105K(779776K), 0.0112992 secs] [Times: user=0.06 sys=0.00, real=0.01 secs]
2325.749: [GC [PSYoungGen: 52224K->256K(58880K)] 528073K->476105K(779776K), 0.0112992 secs] [Times: user=0.06 sys=0.00, real=0.01 secs]
2325.749: [GC [PSYoungGen: 52224K->256K(58880K)] 528073K->476105K(779776K), 0.0112992 secs] [Times: user=0.06 sys=0.00, real=0.01 secs]
2325.749: [GC [PSYoungGen: 52224K->256K(58880K)] 528073K->476105K(779776K), 0.0112992 secs] [Times: user=0.06 sys=0.00, real=0.01 secs]
2325.749: [GC [PSYoungGen: 52224K->256K(58880K)] 528073K->476105K(779776K), 0.0112992 secs] [Times: user=0.06 sys=0.00, real=0.01 secs]
2325.749: [GC [PSYoungGen: 52224K->256K(58880K)] 528073K->476105K(779776K), 0.0112992 secs] [Times: user=0.06 sys=0.00, real=0.01 secs]
2325.749: [GC [PSYoungGen: 52224K->256K(58880K)] 528073K->476105K(779776K), 0.0112992 secs] [Times: user=0.06 sys=0.00, real=0.01 secs]
2325.749: [GC [PSYoungGen: 52224K->256K(58880K)] 528073K->476105K(779776K), 0.0112992 secs] [Times: user=0.06 sys=0.00, real=0.01 secs]
2325.749: [GC [PSYoungGen: 52224K->256K(58880K)] 528073K->476105K(779776K), 0.0112992 secs] [Times: user=0.06 sys=0.00, real=0.01 secs]
2325.749: [GC [PSYoungGen: 52224K->256K(58880K)] 528073K->476105K(779776K), 0.0112992 secs] [Times: user=0.06 sys=0.00, real=0.01 secs]
2325.749: [GC [PSYoungGen: 52224K->256K(58880K)] 528073K->476105K(779776K), 0.0112992 secs] [Times: user=0.06 sys=0.00, real=0.01 secs]
2325.749: [GC [PSYoungGen: 52224K->256K(58880K)] 528073K->476105K(779776K), 0.0112992 secs] [Times: user=0.06 sys=0.00, real=0.01 secs]
2325.749: [GC [PSYoungGen: 52224K->256K(58880K)] 528073K->476105K(779776K), 0.0112992 secs] [Times: user=0.06 sys=0.00, real=0.01 secs]
2325.749: [GC [PSYoungGen: 52224K->256K(58880K)] 528073K->476105K(779776K), 0.0112992 secs] [Times: user=0.06 sys=0.00, real=0.01 secs]
2325.749: [GC [PSYoungGen: 52224K->256K(58880K)] 528073K->476105K(779776K), 0.0112992 secs] [Times: user=0.06 sys=0.00, real=0.01 secs]
2325.749: [GC [PSYoungGen: 52224K->256K(58880K)] 528073K->476105K(779776K), 0.0112992 secs] [Times: user=0.06 sys=0.00, real=0.01 secs]
2325.749: [GC [PSYoungGen: 52224K->256K(58880K)] 528073K->476105K(779776K), 0.0112992 secs] [Times: user=0.06 sys=0.00, real=0.01 secs]
2325.749: [GC [PSYoungGen: 52224K->256K(58880K)] 528073K->476105K(779776K), 0.0112992 secs] [Times: user=0.06 sys=0.00, real=0.01 secs]
2325.749: [GC [PSYoungGen: 52224K->256K(58880K)] 528073K->476105K(779776K), 0.0112992 secs] [Times: user=0.06 sys=0.00, real=0.01 secs]
2325.749: [GC [PSYoungGen: 52224K->256K(58880K)] 528073K->476105K(779776K), 0.0112992 secs] [Times: user=0.06 sys=0.00, real=0.01 secs]
2325.749: [GC [PSYoungGen: 52224K->256K(58880K)] 528073K->476105K(779776K), 0.0112992 secs] [Times: user=0.06 sys=0.00, real=0.01 secs]
2325.749: [GC [PSYoungGen: 52224K->256K(58880K)] 528073K->476105K(779776K), 0.0112992 secs] [Times: user=0.06 sys=0.00, real=0.01 secs]
2325.749: [GC [PSYoungGen: 52224K->256K(58880K)] 528073K->476105K(779776K), 0.0112992 secs] [Times: user=0.06 sys=0.00, real=0.01 secs]
2325.749: [GC [PSYoungGen: 52224K->256K(58880K)] 528073K->476105K(779776K), 0.0112992 secs] [Times: user=0.06 sys=0.00, real=0.01 secs]
2325.749: [GC [PSYoungGen: 52224K->256K(58880K)] 528073K->476105K(779776K), 0.0112992 secs] [Times: user=0.06 sys=0.00, real=0.01 secs]
2325.749: [GC [PSYoungGen: 52224K->256K(58880K)] 528073K->476105K(779776K), 0.0112992 secs] [Times: user=0.06 sys=0.00, real=0.01 secs]
2325.749: [GC [PSYoungGen: 52224K->256K(58880K)] 528073K->476105K(779776K), 0.0112992 secs] [Times: user=0.06 sys=0.00, real=0.01 secs]
2325.749: [GC [PSYoungGen: 52224K->256K(58880K)] 528073K->476105K(779776K), 0.0112992 secs] [Times: user=0.06 sys=0.00, real=0.01 secs]
2325.749: [GC [PSYoungGen: 52224K->256K(58880K)] 528073K->476105K(779776K), 0.0112992 secs] [Times: user=0.06 sys=0.00, real=0.01 secs]
2325.749: [GC [PSYoungGen: 52224K->256K(58880K)] 528073K->476105K(779776K), 0.0112992 secs] [Times: user=0.06 sys=0.00, real=0.01 secs]
2325.749: [GC [PSYoungGen: 52224K->256K(58880K)] 528073K->476105K(779776K), 0.0112992 secs] [Times: user=0.06 sys=0.00, real=0.01 secs]
2325.749: [GC [PSYoungGen: 52224K->256K(58880K)] 528073K->476105K(779776K), 0.0112992 secs] [Times: user=0.06 sys=0.00, real=0.01 secs]
2325.749: [GC [PSYoungGen: 52224K->256K(58880K)] 528073K->476105K(779776K), 0.0112992 secs] [Times: user=0.06 sys=0.00, real=0.01 secs]
2325.749: [GC [PSYoungGen: 52224K->256K(58880K)] 528073K->476105K(779776K), 0.0112992 secs] [Times: user=0.06 sys=0.00, real=0.01 secs]
2325.749: [GC [PSYoungGen: 52224K->256K(58880K)] 528073K->476105K(779776K), 0.0112992 secs] [Times: user=0.06 sys=0.00, real=0.01 secs]
2325.749: [GC [PSYoungGen: 52224K->256K(58880K)] 528073K->476105K(779776K), 0.0112992 secs] [Times: user=0.06 sys=0.00, real=0.01 secs]
2325.749: [GC [PSYoungGen: 52224K->256K(58880K)] 528073K->476105K(779776K), 0.0112992 secs] [Times: user=0.06 sys=0.00, real=0.01 secs]
2325.749: [GC [PSYoungGen: 52224K->256K(58880K)] 528073K->476105K(779776K), 0.0112992 secs] [Times: user=0.06 sys=0.00, real=0.01 secs]
2325.749: [GC [PSYoungGen: 52224K->256K(58880K)] 528073K->476105K(779776K), 0.0112992 secs] [Times: user=0.06 sys=0.00, real=0.01 secs]
2325.749: [GC [PSYoungGen: 52224K->256K(58880K)] 528073K->476105K(779776K), 0.0112992 secs] [Times: user=0.06 sys=0.00, real=0.01 secs]
2325.749: [GC [PSYoungGen: 52224K->256K(58880K)] 528073K->476105K(779776K), 0.0112992 secs] [Times: user=0.06 sys=0.00, real=0.01 secs]
2325.749: [GC [PSYoungGen: 52224K->256K(58880K)] 528073K->476105K(779776K), 0.0112992 secs] [Times: user=0.06 sys=0.00, real=0.01 secs]
2325.749: [GC [PSYoungGen: 52224K->256K(58880K)] 528073K->476105K(779776K), 0.0112992 secs] [Times: user=0.06 sys=0.00, real=0.01 secs]
2325.749: [GC [PSYoungGen: 52224K->256K(58880K)] 528073K->476105K(779776K), 0.0112992 secs] [Times: user=0.06 sys=0.00, real=0.01 secs]
2325.749: [GC [PSYoungGen: 52224K->256K(58880K)] 528073K->476105K(779776K), 0.0112992 secs] [Times: user=0.06 sys=0.00, real=0.01 secs]
2325.749: [GC [PSYoungGen: 52224K->256K(58880K)] 528073K->476105K(779776K), 0.0112992 secs] [Times: user=0.06 sys=0.00, real=0.01 secs]
2325.749: [GC [PSYoungGen: 52224K->256K(58880K)] 528073K->476105K(779776K), 0.0112992 secs] [Times: user=0.06 sys=0.00, real=0.01 secs]
2325.749: [GC [PSYoungGen: 52224K->256K(58880K)] 528073K->476105K(779776K), 0.0112992 secs] [Times: user=0.06 sys=0.00, real=0.01 secs]
2325.749: [GC [PSYoungGen: 52224K->256K(58880K)] 528073K->476105K(779776K), 0.0112992 secs] [Times: user=0.06 sys=0.00, real=0.01 secs]
2325.749: [GC [PSYoungGen: 52224K->256K(58880K)] 528073K->476105K(779776K), 0.0112992 secs] [Times: user=0.06 sys=0.00, real=0.01 secs]
2325.749: [GC [PSYoungGen: 52224K->256K(58880K)] 528073K->476105K(779776K), 0.0112992 secs] [Times: user=0.06 sys=0.00, real=0.01 secs]
2325.749: [GC [PSYoungGen: 52224K->256K(58880K)] 528073K->476105K(779776K), 0.0112992 secs] [Times: user=0.06 sys=0.00, real=0.01 secs]
2325.749: [GC [PSYoungGen: 52224K->256K(58880K)] 528073K->476105K(779776K), 0.0112992 secs] [Times: user=0.06 sys=0.00, real=0.01 secs]
2325.749: [GC [PSYoungGen: 52224K->256K(58880K)] 528073K->476105K(779776K), 0.0112992 secs] [Times: user=0.06 sys=0.00, real=0.01 secs]
2325.749: [GC [PSYoungGen: 52224K->256K(58880K)] 528073K->476105K(779776K), 0.0112992 secs] [Times: user=0.06 sys=0.00, real=0.01 secs]
2325.749: [GC [PSYoungGen: 52224K->256K(58880K)] 528073K->476105K(779776K), 0.0112992 secs] [Times: user=0.06 sys=0.00, real=0.01 secs]
2325.749: [GC [PSYoungGen: 52224K->256K(58880K)] 528073K->476105K(779776K), 0.0112992 secs] [Times: user=0.06 sys=0.00, real=0.01 secs]
2325.749: [GC [PSYoungGen: 52224K->256K(58880K)] 528073K->476105K(779776K), 0.0112992 secs] [Times: user=0.06 sys=0.00, real=0.01 secs]
2325.749: [GC [PSYoungGen: 52224K->256K(58880K)] 528073K->476105K(779776K), 0.0112992 secs] [Times: user=0.06 sys=0.00, real=0.01 secs]
2325.749: [GC [PSYoungGen: 52224K->256K(58880K)] 528073K->476105K(779776K), 0.0112992 secs] [Times: user=0.06 sys=0.00, real=0.01 secs]
2325.749: [GC [PSYoungGen: 52224K->256K(58880K)] 528073K->476105K(779776K), 0.0112992 secs] [Times: user=0.06 sys=0.00, real=0.01 secs]
2325.749: [GC [PSYoungGen: 52224K->256K(58880K)] 528073K->476105K(779776K), 0.0112992 secs] [Times: user=0.06 sys=0.00, real=0.01 secs]
2325.749: [GC [PSYoungGen: 52224K->256K(58880K)] 528073K->476105K(779776K), 0.0112992 secs] [Times: user=0.06 sys=0.00, real=0.01 secs]
2325.749: [GC [PSYoungGen: 52224K->256K(58880K)] 528073K->476105K(779776K), 0.0112992 secs] [Times: user=0.06 sys=0.00, real=0.01 secs]
2325.749: [GC [PSYoungGen: 52224K->256K(58880K)] 528073K->476105K(779776K), 0.0112992 secs] [Times: user=0.06 sys=0.00, real=0.01 secs]
2325.749: [GC [PSYoungGen: 52224K->256K(58880K)] 528073K->476105K(779776K), 0.0112992 secs] [Times: user=0.06 sys=0.00, real=0.01 secs]
2325.749: [GC [PSYoungGen: 52224K->256K(58880K)] 528073K->476105K(779776K), 0.0112992 secs] [Times: user=0.06 sys=0.00, real=0.01 secs]
2325.749: [GC [PSYoungGen: 52224K->256K(58880K)] 528073K->476105K(779776K), 0.0112992 secs] [Times: user=0.06 sys=0.00, real=0.01 secs]
2325.749: [GC [PSYoungGen: 52224K->256K(58880K)] 528073K->476105K(779776K), 0.0112992 secs] [Times: user=0.06 sys=0.00, real=0.01 secs]
2325.749: [GC [PSYoungGen: 52224K->256K(58880K)] 528073K->476105K(779776K), 0.0112992 secs] [Times: user=0.06 sys=0.00, real=0.01 secs]
2325.749: [GC [PSYoungGen: 52224K->256K(58880K)] 528073K->476105K(779776K), 0.0112992 secs] [Times: user=0.06 sys=0.00, real=0.01 secs]
2325.749: [GC [PSYoungGen: 52224K->256K(58880K)] 528073K->476105K(779776K), 0.0112992 secs] [Times: user=0.06 sys=0.00, real=0.01 secs]
2325.749: [GC [PSYoungGen: 52224K->256K(58880K)] 528073K->476105K(779776K), 0.0112992 secs] [Times: user=0.06 sys=0.00, real=0.01 secs]
2325.749: [GC [PSYoungGen: 52224K->256K(58880K)] 528073K->476105K(779776K), 0.0112992 secs] [Times: user=0.06 sys=0.00, real=0.01 secs]
2325.749: [GC [PSYoungGen: 52224K->256K(58880K)] 528073K->476105K(779776K), 0.0112992 secs] [Times: user=0.06 sys=0.00, real=0.01 secs]
2325.749: [GC [PSYoungGen: 52224K->256K(58880K)] 528073K->476105K(779776K), 0.0112992 secs] [Times: user=0.06 sys=0.00, real=0.01 secs]
2325.749: [GC [PSYoungGen: 52224K->256K(58880K)] 528073K->476105K(779776K), 0.0112992 secs] [Times: user=0.06 sys=0.00, real=0.01 secs]
2325.749: [GC [PSYoungGen: 52224K->256K(58880K)] 528073K->476105K(779776K), 0.0112992 secs] [Times: user=0.06 sys=0.00, real=0.01 secs]
2325.749: [GC [PSYoungGen: 52224K->256K(58880K)] 528073K->476105K(779776K), 0.0112992 secs] [Times: user=0.06 sys=0.00, real=0.01 secs]
2325.749: [GC [PSYoungGen: 52224K->256K(58880K)] 528073K->476105K(779776K), 0.0112992 secs] [Times: user=0.06 sys=0.00, real=0.01 secs]
2325.749: [GC [PSYoungGen: 52224K->256K(58880K)] 528073K->476105K(779776K), 0.0112992 secs] [Times: user=0.06 sys=0.00, real=0.01 secs]
2325.749: [GC [PSYoungGen: 52224K->256K(58880K)] 528073K->476105K(779776K), 0.0112992 secs] [Times: user=0.06 sys=0.00, real=0.01 secs]
2325.749: [GC [PSYoungGen: 52224K->256K(58880K)] 528073K->476105K(779776K), 0.0112992 secs] [Times: user=0.06 sys=0.00, real=0.01 secs]
2325.749: [GC [PSYoungGen: 52224K->256K(58880K)] 528073K->476105K(779776K), 0.0112992 secs] [Times: user=0.06 sys=0.00, real=0.01 secs]
2325.749: [GC [PSYoungGen: 52224K->256K(58880K)] 528073K->476105K(779776K), 0.0112992 secs] [Times: user=0.06 sys=0.00, real=0.01 secs]
2325.749: [GC [PSYoungGen: 52224K->256K(58880K)] 528073K->476105K(779776K), 0.0112992 secs] [Times: user=0.06 sys=0.00, real=0.01 secs]
2325.749: [GC [PSYoungGen: 52224K->256K(58880K)] 528073K->476105K(779776K), 0.0112992 secs] [Times: user=0.06 sys=0.00, real=0.01 secs]
2325.749: [GC [PSYoungGen: 52224K->256K(58880K)] 528073K->476105K(779776K), 0.0112992 secs] [Times: user=0.06 sys=0.00, real=0.01 secs]
2325.749: [GC [PSYoungGen: 52224K->256K(58880K)] 528073K->476105K(779776K), 0.0112992 secs] [Times: user=0.06 sys=0.00, real=0.01 secs]
2325.749: [GC [PSYoungGen: 52224K->256K(58880K)] 528073K->476105K(779776K), 0.0112992 secs] [Times: user=0.06 sys=0.00, real=0.01 secs]
2325.749: [GC [PSYoungGen: 52224K->256K(58880K)] 528073K->476105K(779776K), 0.0112992 secs] [Times: user=0.06 sys=0.00, real=0.01 secs]
2325.749: [GC [PSYoungGen: 52224K->256K(58880K)] 528073K->476105K(779776K), 0.0112992 secs] [Times: user=0.06 sys=0.00, real=0.01 secs]
2325.749: [GC [PSYoungGen: 52224K->256K(58880K)] 528073K->476105K(779776K), 0.0112992 secs] [Times: user=0.06 sys=0.00, real=0.01 secs]
2325.749: [GC [PSYoungGen: 52224K->256K(58880K)] 528073K->476105K(779776K), 0.0112992 secs] [Times: user=0.06 sys=0.00, real=0.01 secs]
2325.749: [GC [PSYoungGen: 52224K->256K(58880K)] 528073K->476105K(779776K), 0.0112992 secs] [Times: user=0.06 sys=0.00, real=0.01 secs]
2325.749: [GC [PSYoungGen: 52224K->256K(58880K)] 528073K->476105K(779776K), 0.0112992 secs] [Times: user=0.06 sys=0.00, real=0.01 secs]
2325.749: [GC [PSYoungGen: 52224K->256K(58880K)] 528073K->476105K(779776K), 0.0112992 secs] [Times: user=0.06 sys=0.00, real=0.01 secs]
2325.749: [GC [PSYoungGen: 52224K->256K(58880K)] 528073K->476105K(779776K), 0.0112992 secs] [Times: user=0.06 sys=0.00, real=0.01 secs]
2325.749: [GC [PSYoungGen: 52224K->256K(58880K)] 528073K->476105K(779776K), 0.0112992 secs] [Times: user=0.06 sys=0.00, real=0.01 secs]
2325.749: [GC [PSYoungGen: 52224K->256K(58880K)] 528073K->476105K(779776K), 0.0112992 secs] [Times: user=0.06 sys=0.00, real=0.01 secs]
2325.749: [GC [PSYoungGen: 52224K->256K(58880K)] 528073K->476105K(779776K), 0.0112992 secs] [Times: user=0.06 sys=0.00, real=0.01 secs]
2325.749: [GC [PSYoungGen: 52224K->256K(58880K)] 528073K->476105K(779776K), 0.0112992 secs] [Times: user=0.06 sys=0.00, real=0.01 secs]
2325.749: [GC [PSYoungGen: 52224K->256K(58880K)] 528073K->476105K(779776K), 0.0112992 secs] [Times: user=0.06 sys=0.00, real=0.01 secs]
2325.749: [GC [PSYoungGen: 52224K->256K(58880K)] 528073K->476105K(779776K), 0.0112992 secs] [Times: user=0.06 sys=0.00, real=0.01 secs]
2325.749: [GC [PSYoungGen: 52224K->256K(58880K)] 528073K->476105K(779776K), 0.0112992 secs] [Times: user=0.06 sys=0.00, real=0.01 secs]
2325.749: [GC [PSYoungGen: 52224K->256K(58880K)] 528073K->476105K(779776K), 0.0112992 secs] [Times: user=0.06 sys=0.00, real=0.01 secs]
2325.749: [GC [PSYoungGen: 52224K->256K(58880K)] 528073K->476105K(779776K), 0.0112992 secs] [Times: user=0.06 sys=0.00, real=0.01 secs]
2325.749: [GC [PSYoungGen: 52224K->256K(58880K)] 528073K->476105K(779776K), 0.0112992 secs] [Times: user=0.06 sys=0.00, real=0.01 secs]
2325.749: [GC [PSYoungGen: 52224K->256K(58880K)] 528073K->476105K(779776K), 0.0112992 secs] [Times: user=0.06 sys=0.00, real=0.01 secs]
2325.749: [GC [PSYoungGen: 52224K->256K(58880K)] 528073K->476105K(779776K), 0.0112992 secs] [Times: user=0.06 sys=0.00, real=0.01 secs]
2325.749: [GC [PSYoungGen: 52224K->256K(58880K)] 528073K->476105K(779776K), 0.0112992 secs] [Times: user=0.06 sys=0.00, real=0.01 secs]
2325.749: [GC [PSYoungGen: 52224K->256K(58880K)] 528073K->476105K(779776K), 0.0112992 secs] [Times: user=0.06 sys=0.00, real=0.01 secs]
2325.749: [GC [PSYoungGen: 52224K->256K(58880K)] 528073K->476105K(779776K), 0.0112992 secs] [Times: user=0.06 sys=0.00, real=0.01 secs]
2325.749: [GC [PSYoungGen: 52224K->256K(58880K)] 528073K->476105K(779776K), 0.0112992 secs] [Times: user=0.06 sys=0.00, real=0.01 secs]
2325.749: [GC [PSYoungGen: 52224K->256K(58880K)] 528073K->476105K(779776K), 0.0112992 secs] [Times: user=0.06 sys=0.00, real=0.01 secs]
2325.749: [GC [PSYoungGen: 52224K->256K(58880K)] 528073K->476105K(779776K), 0.0112992 secs] [Times: user=0.06 sys=0.00, real=0.01 secs]
2325.749: [GC [PSYoungGen: 52224K->256K(58880K)] 528073K->476105K(779776K), 0.0112992 secs] [Times: user=0.06 sys=0.00, real=0.01 secs]
2325.749: [GC [PSYoungGen: 52224K->256K(58880K)] 528073K->476105K(779776K), 0.0112992 secs] [Times: user=0.06 sys=0.00, real=0.01 secs]
2325.749: [GC [PSYoungGen: 52224K->256K(58880K)] 528073K->476105K(779776K), 0.0112992 secs] [Times: user=0.06 sys=0.00, real=0.01 secs]
2325.749: [GC [PSYoungGen: 52224K->256K(58880K)] 528073K->476105K(779776K), 0.0112992 secs] [Times: user=0.06 sys=0.00, real=0.01 secs]
2325.749: [GC [PSYoungGen: 52224K->256K(58880K)] 528073K->476105K(779776K), 0.0112992 secs] [Times: user=0.06 sys=0.00, real=0.01 secs]
2325.749: [GC [PSYoungGen: 52224K->256K(58880K)] 528073K->476105K(779776K), 0.0112992 secs] [Times: user=0.06 sys=0.00, real=0.01 secs]
2325.749: [GC [PSYoungGen: 52224K->256K(58880K)] 528073K->476105K(779776K), 0.0112992 secs] [Times: user=0.06 sys=0.00, real=0.01 secs]
2325.749: [GC [PSYoungGen: 52224K->256K(58880K)] 528073K->476105K(779776K), 0.0112992 secs] [Times: user=0.06 sys=0.00, real=0.01 secs]
2325.749: [GC [PSYoungGen: 52224K->256K(58880K)] 528073K->476105K(779776K), 0.0112992 secs] [Times: user=0.06 sys=0.00, real=0.01 secs]
2325.749: [GC [PSYoungGen: 52224K->256K(58880K)] 528073K->476105K(779776K), 0.0112992 secs] [Times: user=0.06 sys=0.00, real=0.01 secs]
2325.749: [GC [PSYoungGen: 52224K->256K(58880K)] 528073K->476105K(779776K), 0.0112992 secs] [Times: user=0.06 sys=0.00, real=0.01 secs]
2325.749: [GC [PSYoungGen: 52224K->256K(58880K)] 528073K->476105K(779776K), 0.0112992 secs] [Times: user=0.06 sys=0.00, real=0.01 secs]
2325.749: [GC [PSYoungGen: 52224K->256K(58880K)] 528073K->476105K(779776K), 0.0112992 secs] [Times: user=0.06 sys=0.00, real=0.01 secs]
2325.749: [GC [PSYoungGen: 52224K->256K(58880K)] 528073K->476105K(779776K), 0.0112992 secs] [Times: user=0.06 sys=0.00, real=0.01 secs]
2325.749: [GC [PSYoungGen: 52224K->256K(58880K)] 528073K->476105K(779776K), 0.0112992 secs] [Times: user=0.06 sys=0.00, real=0.01 secs]
2325.749: [GC [PSYoungGen: 52224K->256K(58880K)] 528073K->476105K(779776K), 0.0112992 secs] [Times: user=0.06 sys=0.00, real=0.01 secs]
2325.749: [GC [PSYoungGen: 52224K->256K(58880K)] 528073K->476105K(779776K), 0.0112992 secs] [Times: user=0.06 sys=0.00, real=0.01 secs]
2325.749: [GC [PSYoungGen: 52224K->256K(58880K)] 528073K->476105K(779776K), 0.0112992 secs] [Times: user=0.06 sys=0.00, real=0.01 secs]
2325.749: [GC [PSYoungGen: 52224K->256K(58880K)] 528073K->476105K(779776K), 0.0112992 secs] [Times: user=0.06 sys=0.00, real=0.01 secs]
2325.749: [GC [PSYoungGen: 52224K->256K(58880K)] 528073K->476105K(779776K), 0.0112992 secs] [Times: user=0.06 sys=0.00, real=0.01 secs]
2325.749: [GC [PSYoungGen: 52224K->256K(58880K)] 528073K->476105K(779776K), 0.0112992 secs] [Times: user=0.06 sys=0.00, real=0.01 secs]
2325.749: [GC [PSYoungGen: 52224K->256K(58880K)] 528073K->476105K(779776K), 0.0112992 secs] [Times: user=0.06 sys=0.00, real=0.01 secs]
2325.749: [GC [PSYoungGen: 52224K->256K(58880K)] 528073K->476105K(779776K), 0.0112992 secs] [Times: user=0.06 sys=0.00, real=0.01 secs]
2325.749: [GC [PSYoungGen: 52224K->256K(58880K)] 528073K->476105K(779776K), 0.0112992 secs] [Times: user=0.06 sys=0.00, real=0.01 secs]
2325.749: [GC [PSYoungGen: 52224K->256K(58880K)] 528073K->476105K(779776K), 0.0112992 secs] [Times: user=0.06 sys=0.00, real=0.01 secs]
2325.749: [GC [PSYoungGen: 52224K->256K(58880K)] 528073K->476105K(779776K), 0.0112992 secs] [Times: user=0.06 sys=0.00, real=0.01 secs]
2325.749: [GC [PSYoungGen: 52224K->256K(58880K)] 528073K->476105K(779776K), 0.0112992 secs] [Times: user=0.06 sys=0.00, real=0.01 secs]
2325.749: [GC [PSYoungGen: 52224K->256K(58880K)] 528073K->476105K(779776K), 0.0112992 secs] [Times: user=0.06 sys=0.00, real=0.01 secs]
2325.749: [GC [PSYoungGen: 52224K->256K(58880K)] 528073K->476105K(779776K), 0.0112992 secs] [Times: user=0.06 sys=0.00, real=0.01 secs]
2325.749: [GC [PSYoungGen: 52224K->256K(58880K)] 528073K->476105K(779776K), 0.0112992 secs] [Times: user=0.06 sys=0.00, real=0.01 secs]
2325.749: [GC [PSYoungGen: 52224K->256K(58880K)] 528073K->476105K(779776K), 0.0112992 secs] [Times: user=0.06 sys=0.00, real=0.01 secs]
2325.749: [GC [PSYoungGen: 52224K->256K(58880K)] 528073K->476105K(779776K), 0.0112992 secs] [Times: user=0.06 sys=0.00, real=0.01 secs]
2325.749: [GC [PSYoungGen: 52224K->256K(58880K)] 528073K->476105K(779776K), 0.0112992 secs] [Times: user=0.06 sys=0.00, real=0.01 secs]
2325.749: [GC [PSYoungGen: 52224K->256K(58880K)] 528073K->476105K(779776K), 0.0112992 secs] [Times: user=0.06 sys=0.00, real=0.01 secs]
2325.749: [GC [PSYoungGen: 52224K->256K(58880K)] 528073K->476105K(779776K), 0.0112992 secs] [Times: user=0.06 sys=0.00, real=0.01 secs]
2325.749: [GC [PSYoungGen: 52224K->256K(58880K)] 528073K->476105K(779776K), 0.0112992 secs] [Times: user=0.06 sys=0.00, real=0.01 secs]
2325.749: [GC [PSYoungGen: 52224K->256K(58880K)] 528073K->476105K(779776K), 0.0112992 secs] [Times: user=0.06 sys=0.00, real=0.01 secs]
2325.749: [GC [PSYoungGen: 52224K->256K(58880K)] 528073K->476105K(779776K), 0.0112992 secs] [Times: user=0.06 sys=0.00, real=0.01 secs]
2325.749: [GC [PSYoungGen: 52224K->256K(58880K)] 528073K->476105K(779776K), 0.0112992 secs] [Times: user=0.06 sys=0.00, real=0.01 secs]
2325.749: [GC [PSYoungGen: 52224K->256K(58880K)] 528073K->476105K(779776K), 0.0112992 secs] [Times: user=0.06 sys=0.00, real=0.01 secs]
2325.749: [GC [PSYoungGen: 52224K->256K(58880K)] 528073K->476105K(779776K), 0.0112992 secs] [Times: user=0.06 sys=0.00, real=0.01 secs]
2325.749: [GC [PSYoungGen: 52224K->256K(58880K)] 528073K->476105K(779776K), 0.0112992 secs] [Times: user=0.06 sys=0.00, real=0.01 secs]
2325.749: [GC [PSYoungGen: 52224K->256K(58880K)] 528073K->476105K(779776K), 0.0112992 secs] [Times: user=0.06 sys=0.00, real=0.01 secs]
2325.749: [GC [PSYoungGen: 52224K->256K(58880K)] 528073K->476105K(779776K), 0.0112992 secs] [Times: user=0.06 sys=0.00, real=0.01 secs]
2325.749: [GC [PSYoungGen: 52224K->256K(58880K)] 528073K->476105K(779776K), 0.0112992 secs] [Times: user=0.06 sys=0.00, real=0.01 secs]
2325.749: [GC [PSYoungGen: 52224K->256K(58880K)] 528073K->476105K(779776K), 0.0112992 secs] [Times: user=0.06 sys=0.00, real=0.01 secs]
2325.749: [GC [PSYoungGen: 52224K->256K(58880K)] 528073K->476105K(779776K), 0.0112992 secs] [Times: user=0.06 sys=0.00, real=0.01 secs]
2325.749: [GC [PSYoungGen: 52224K->256K(58880K)] 528073K->476105K(779776K), 0.0112992 secs] [Times: user=0.06 sys=0.00, real=0.01 secs]
2325.749: [GC [PSYoungGen: 52224K->256K(58880K)] 528073K->476105K(779776K), 0.0112992 secs] [Times: user=0.06 sys=0.00, real=0.01 secs]
2325.749: [GC [PSYoungGen: 52224K->256K(58880K)] 528073K->476105K(779776K), 0.0112992 secs] [Times: user=0.06 sys=0.00, real=0.01 secs]
2325.749: [GC [PSYoungGen: 52224K->256K(58880K)] 528073K->476105K(779776K), 0.0112992 secs] [Times: user=0.06 sys=0.00, real=0.01 secs]
2325.749: [GC [PSYoungGen: 52224K->256K(58880K)] 528073K->476105K(779776K), 0.0112992 secs] [Times: user=0.06 sys=0.00, real=0.01 secs]
2325.749: [GC [PSYoungGen: 52224K->256K(58880K)] 528073K->476105K(779776K), 0.0112992 secs] [Times: user=0.06 sys=0.00, real=0.01 secs]
2325.749: [GC [PSYoungGen: 52224K->256K(58880K)] 528073K->476105K(779776K), 0.0112992 secs] [Times: user=0.06 sys=0.00, real=0.01 secs]
2325.749: [GC [PSYoungGen: 52224K->256K(58880K)] 528073K->476105K(779776K), 0.0112992 secs] [Times: user=0.06 sys=0.00, real=0.01 secs]
2325.749: [GC [PSYoungGen: 52224K->256K(58880K)] 528073K->476105K(779776K), 0.0112992 secs] [Times: user=0.06 sys=0.00, real=0.01 secs]
2325.749: [GC [PSYoungGen: 52224K->256K(58880K)] 528073K->476105K(779776K), 0.0112992 secs] [Times: user=0.06 sys=0.00, real=0.01 secs]
2325.749: [GC [PSYoungGen: 52224K->256K(58880K)] 528073K->476105K(779776K), 0.0112992 secs] [Times: user=0.06 sys=0.00, real=0.01 secs]
2325.749: [GC [PSYoungGen: 52224K->256K(58880K)] 528073K->476105K(779776K), 0.0112992 secs] [Times: user=0.06 sys=0.00, real=0.01 secs]
2325.749: [GC [PSYoungGen: 52224K->256K(58880K)] 528073K->476105K(779776K), 0.0112992 secs] [Times: user=0.06 sys=0.00, real=0.01 secs]
2325.749: [GC [PSYoungGen: 52224K->256K(58880K)] 528073K->476105K(779776K), 0.0112992 secs] [Times: user=0.06 sys=0.00, real=0.01 secs]
2325.749: [GC [PSYoungGen: 52224K->256K(58880K)] 528073K->476105K(779776K), 0.0112992 secs] [Times: user=0.06 sys=0.00, real=0.01 secs]
2325.749: [GC [PSYoungGen: 52224K->256K(58880K)] 528073K->476105K(779776K), 0.0112992 secs] [Times: user=0.06 sys=0.00, real=0.01 secs]
2325.749: [GC [PSYoungGen: 52224K->256K(58880K)] 528073K->476105K(779776K), 0.0112992 secs] [Times: user=0.06 sys=0.00, real=0.01 secs]
2325.749: [GC [PSYoungGen: 52224K->256K(58880K)] 528073K->476105K(779776K), 0.0112992 secs] [Times: user=0.06 sys=0.00, real=0.01 secs]
2325.749: [GC [PSYoungGen: 52224K->256K(58880K)] 528073K->476105K(779776K), 0.0112992 secs] [Times: user=0.06 sys=0.00, real=0.01 secs]
2325.749: [GC [PSYoungGen: 52224K->256K(58880K)] 528073K->476105K(779776K), 0.0112992 secs] [Times: user=0.06 sys=0.00, real=0.01 secs]
2325.749: [GC [PSYoungGen: 52224K->256K(58880K)] 528073K->476105K(779776K), 0.0112992 secs] [Times: user=0.06 sys=0.00, real=0.01 secs]
2325.749: [GC [PSYoungGen: 52224K->256K(58880K)] 528073K->476105K(779776K), 0.0112992 secs] [Times: user=0.06 sys=0.00, real=0.01 secs]
2325.749: [GC [PSYoungGen: 52224K->256K(58880K)] 528073K->476105K(779776K), 0.0112992 secs] [Times: user=0.06 sys=0.00, real=0.01 secs]
2325.749: [GC [PSYoungGen: 52224K->256K(58880K)] 528073K->476105K(779776K), 0.0112992 secs] [Times: user=0.06 sys=0.00, real=0.01 secs]
2325.749: [GC [PSYoungGen: 52224K->256K(58880K)] 528073K->476105K(779776K), 0.0112992 secs] [Times: user=0.06 sys=0.00, real=0.01 secs]
2325.749: [GC [PSYoungGen: 52224K->256K(58880K)] 528073K->476105K(779776K), 0.0112992 secs] [Times: user=0.06 sys=0.00, real=0.01 secs]
2325.749: [GC [PSYoungGen: 52224K->256K(58880K)] 528073K->476105K(779776K), 0.0112992 secs] [Times: user=0.06 sys=0.00, real=0.01 secs]
2325.749: [GC [PSYoungGen: 52224K->256K(58880K)] 528073K->476105K(779776K), 0.0112992 secs] [Times: user=0.06 sys=0.00, real=0.01 secs]
2325.749: [GC [PSYoungGen: 52224K->256K(58880K)] 528073K->476105K(779776K), 0.0112992 secs] [Times: user=0.06 sys=0.00, real=0.01 secs]
2325.749: [GC [PSYoungGen: 52224K->256K(58880K)] 528073K->476105K(779776K), 0.0112992 secs] [Times: user=0.06 sys=0.00, real=0.01 secs]
2325.749: [GC [PSYoungGen: 52224K->256K(58880K)] 528073K->476105K(779776K), 0.0112992 secs] [Times: user=0.06 sys=0.00, real=0.01 secs]
2325.749: [GC [PSYoungGen: 52224K->256K(58880K)] 528073K->476105K(779776K), 0.0112992 secs] [Times: user=0.06 sys=0.00, real=0.01 secs]
2325.749: [GC [PSYoungGen: 52224K->256K(58880K)] 528073K->476105K(779776K), 0.0112992 secs] [Times: user=0.06 sys=0.00, real=0.01 secs]
2325.749: [GC [PSYoungGen: 52224K->256K(58880K)] 528073K->476105K(779776K), 0.0112992 secs] [Times: user=0.06 sys=0.00, real=0.01 secs]
2325.749: [GC [PSYoungGen: 52224K->256K(58880K)] 528073K->476105K(779776K), 0.0112992 secs] [Times: user=0.06 sys=0.00, real=0.01 secs]
2325.749: [GC [PSYoungGen: 52224K->256K(58880K)] 528073K->476105K(779776K), 0.0112992 secs] [Times: user=0.06 sys=0.00, real=0.01 secs]
2325.749: [GC [PSYoungGen: 52224K->256K(58880K)] 528073K->476105K(779776K), 0.0112992 secs] [Times: user=0.06 sys=0.00, real=0.01 secs]
2325.749: [GC [PSYoungGen: 52224K->256K(58880K)] 528073K->476105K(779776K), 0.0112992 secs] [Times: user=0.06 sys=0.00, real=0.01 secs]
2325.749: [GC [PSYoungGen: 52224K->256K(58880K)] 528073K->476105K(779776K), 0.0112992 secs] [Times: user=0.06 sys=0.00, real=0.01 secs]
2325.749: [GC [PSYoungGen: 52224K->256K(58880K)] 528073K->476105K(779776K), 0.0112992 secs] [Times: user=0.06 sys=0.00, real=0.01 secs]
2325.749: [GC [PSYoungGen: 52224K->256K(58880K)] 528073K->476105K(779776K), 0.0112992 secs] [Times: user=0.06 sys=0.00, real=0.01 secs]
2325.749: [GC [PSYoungGen: 52224K->256K(58880K)] 528073K->476105K(779776K), 0.0112992 secs] [Times: user=0.06 sys=0.00, real=0.01 secs]
2325.749: [GC [PSYoungGen: 52224K->256K(58880K)] 528073K->476105K(779776K), 0.0112992 secs] [Times: user=0.06 sys=0.00, real=0.01 secs]
2325.749: [GC [PSYoungGen: 52224K->256K(58880K)] 528073K->476105K(779776K), 0.0112992 secs] [Times: user=0.06 sys=0.00, real=0.01 secs]
2325.749: [GC [PSYoungGen: 52224K->256K(58880K)] 528073K->476105K(779776K), 0.0112992 secs] [Times: user=0.06 sys=0.00, real=0.01 secs]
2325.749: [GC [PSYoungGen: 52224K->256K(58880K)] 528073K->476105K(779776K), 0.0112992 secs] [Times: user=0.06 sys=0.00, real=0.01 secs]
2325.749: [GC [PSYoungGen: 52224K->256K(58880K)] 528073K->476105K(779776K), 0.0112992 secs] [Times: user=0.06 sys=0.00, real=0.01 secs]
2325.749: [GC [PSYoungGen: 52224K->256K(58880K)] 528073K->476105K(779776K), 0.0112992 secs] [Times: user=0.06 sys=0.00, real=0.01 secs]
2325.749: [GC [PSYoungGen: 52224K->256K(58880K)] 528073K->476105K(779776K), 0.0112992 secs] [Times: user=0.06 sys=0.00, real=0.01 secs]
2325.749: [GC [PSYoungGen: 52224K->256K(58880K)] 528073K->476105K(779776K), 0.0112992 secs] [Times: user=0.06 sys=0.00, real=0.01 secs]
2325.749: [GC [PSYoungGen: 52224K->256K(58880K)] 528073K->476105K(779776K), 0.0112992 secs] [Times: user=0.06 sys=0.00, real=0.01 secs]
2325.749: [GC [PSYoungGen: 52224K->256K(58880K)] 528073K->476105K(779776K), 0.0112992 secs] [Times: user=0.06 sys=0.00, real=0.01 secs]
2325.749: [GC [PSYoungGen: 52224K->256K(58880K)] 528073K->476105K(779776K), 0.0112992 secs] [Times: user=0.06 sys=0.00, real=0.01 secs]
2325.749: [GC [PSYoungGen: 52224K->256K(58880K)] 528073K->476105K(779776K), 0.0112992 secs] [Times: user=0.06 sys=0.00, real=0.01 secs]
2325.749: [GC [PSYoungGen: 52224K->256K(58880K)] 528073K->476105K(779776K), 0.0112992 secs] [Times: user=0.06 sys=0.00, real=0.01 secs]
2325.749: [GC [PSYoungGen: 52224K->256K(58880K)] 528073K->476105K(779776K), 0.0112992 secs] [Times: user=0.06 sys=0.00, real=0.01 secs]
2325.749: [GC [PSYoungGen: 52224K->256K(58880K)] 528073K->476105K(779776K), 0.0112992 secs] [Times: user=0.06 sys=0.00, real=0.01 secs]
2325.749: [GC [PSYoungGen: 52224K->256K(58880K)] 528073K->476105K(779776K), 0.0112992 secs] [Times: user=0.06 sys=0.00, real=0.01 secs]
2325.749: [GC [PSYoungGen: 52224K->256K(58880K)] 528073K->476105K(779776K), 0.0112992 secs] [Times: user=0.06 sys=0.00, real=0.01 secs]
2325.749: [GC [PSYoungGen: 52224K->256K(58880K)] 528073K->476105K(779776K), 0.0112992 secs] [Times: user=0.06 sys=0.00, real=0.01 secs]
2325.749: [GC [PSYoungGen: 52224K->256K(58880K)] 528073K->476105K(779776K), 0.0112992 secs] [Times: user=0.06 sys=0.00, real=0.01 secs]
2325.749: [GC [PSYoungGen: 52224K->256K(58880K)] 528073K->476105K(779776K), 0.0112992 secs] [Times: user=0.06 sys=0.00, real=0.01 secs]
2325.749: [GC [PSYoungGen: 52224K->256K(58880K)] 528073K->476105K(779776K), 0.0112992 secs] [Times: user=0.06 sys=0.00, real=0.01 secs]
2325.749: [GC [PSYoungGen: 52224K->256K(58880K)] 528073K->476105K(779776K), 0.0112992 secs] [Times: user=0.06 sys=0.00, real=0.01 secs]
2325.749: [GC [PSYoungGen: 52224K->256K(58880K)] 528073K->476105K(779776K), 0.0112992 secs] [Times: user=0.06 sys=0.00, real=0.01 secs]
2325.749: [GC [PSYoungGen: 52224K->256K(58880K)] 528073K->476105K(779776K), 0.0112992 secs] [Times: user=0.06 sys=0.00, real=0.01 secs]
2325.749: [GC [PSYoungGen: 52224K->256K(58880K)] 528073K->476105K(779776K), 0.0112992 secs] [Times: user=0.06 sys=0.00, real=0.01 secs]
2325.749: [GC [PSYoungGen: 52224K->256K(58880K)] 528073K->476105K(779776K), 0.0112992 secs] [Times: user=0.06 sys=0.00, real=0.01 secs]
2325.749: [GC [PSYoungGen: 52224K->256K(58880K)] 528073K->476105K(779776K), 0.0112992 secs] [Times: user=0.06 sys=0.00, real=0.01 secs]
2325.749: [GC [PSYoungGen: 52224K->256K(58880K)] 528073K->476105K(779776K), 0.0112992 secs] [Times: user=0.06 sys=0.00, real=0.01 secs]
2325.749: [GC [PSYoungGen: 52224K->256K(58880K)] 528073K->476105K(779776K), 0.0112992 secs] [Times: user=0.06 sys=0.00, real=0.01 secs]
2325.749: [GC [PSYoungGen: 52224K->256K(58880K)] 528073K->476105K(779776K), 0.0112992 secs] [Times: user=0.06 sys=0.00, real=0.01 secs]
2325.749: [GC [PSYoungGen: 52224K->256K(58880K)] 528073K->476105K(779776K), 0.0112992 secs] [Times: user=0.06 sys=0.00, real=0.01 secs]
2325.749: [GC [PSYoungGen: 52224K->256K(58880K)] 528073K->476105K(779776K), 0.0112992 secs] [Times: user=0.06 sys=0.00, real=0.01 secs]
2325.749: [GC [PSYoungGen: 52224K->256K(58880K)] 528073K->476105K(779776K), 0.0112992 secs] [Times: user=0.06 sys=0.00, real=0.01 secs]
2325.749: [GC [PSYoungGen: 52224K->256K(58880K)] 528073K->476105K(779776K), 0.0112992 secs] [Times: user=0.06 sys=0.00, real=0.01 secs]
2325.749: [GC [PSYoungGen: 52224K->256K(58880K)] 528073K->476105K(779776K), 0.0112992 secs] [Times: user=0.06 sys=0.00, real=0.01 secs]
2325.749: [GC [PSYoungGen: 52224K->256K(58880K)] 528073K->476105K(779776K), 0.0112992 secs] [Times: user=0.06 sys=0.00, real=0.01 secs]
2325.749: [GC [PSYoungGen: 52224K->256K(58880K)] 528073K->476105K(779776K), 0.0112992 secs] [Times: user=0.06 sys=0.00, real=0.01 secs]
2325.749: [GC [PSYoungGen: 52224K->256K(58880K)] 528073K->476105K(779776K), 0.0112992 secs] [Times: user=0.06 sys=0.00, real=0.01 secs]
2325.749: [GC [PSYoungGen: 52224K->256K(58880K)] 528073K->476105K(779776K), 0.0112992 secs] [Times: user=0.06 sys=0.00, real=0.01 secs]
2325.749: [GC [PSYoungGen: 52224K->256K(58880K)] 528073K->476105K(779776K), 0.0112992 secs] [Times: user=0.06 sys=0.00, real=0.01 secs]
2325.749: [GC [PSYoungGen: 52224K->256K(58880K)] 528073K->476105K(779776K), 0.0112992 secs] [Times: user=0.06 sys=0.00, real=0.01 secs]
2325.749: [GC [PSYoungGen: 52224K->256K(58880K)] 528073K->476105K(779776K), 0.0112992 secs] [Times: user=0.06 sys=0.00, real=0.01 secs]
2325.749: [GC [PSYoungGen: 52224K->256K(58880K)] 528073K->476105K(779776K), 0.0112992 secs] [Times: user=0.06 sys=0.00, real=0.01 secs]
2325.749: [GC [PSYoungGen: 52224K->256K(58880K)] 528073K->476105K(779776K), 0.0112992 secs] [Times: user=0.06 sys=0.00, real=0.01 secs]
2325.749: [GC [PSYoungGen: 52224K->256K(58880K)] 528073K->476105K(779776K), 0.0112992 secs] [Times: user=0.06 sys=0.00, real=0.01 secs]
2325.749: [GC [PSYoungGen: 52224K->256K(58880K)] 528073K->476105K(779776K), 0.0112992 secs] [Times: user=0.06 sys=0.00, real=0.01 secs]
2325.749: [GC [PSYoungGen: 52224K->256K(58880K)] 528073K->476105K(779776K), 0.0112992 secs] [Times: user=0.06 sys=0.00, real=0.01 secs]
2325.749: [GC [PSYoungGen: 52224K->256K(58880K)] 528073K->476105K(779776K), 0.0112992 secs] [Times: user=0.06 sys=0.00, real=0.01 secs]
2325.749: [GC [PSYoungGen: 52224K->256K(58880K)] 528073K->476105K(779776K), 0.0112992 secs] [Times: user=0.06 sys=0.00, real=0.01 secs]
2325.749: [GC [PSYoungGen: 52224K->256K(58880K)] 528073K->476105K(779776K), 0.0112992 secs] [Times: user=0.06 sys=0.00, real=0.01 secs]
2325.749: [GC [PSYoungGen: 52224K->256K(58880K)] 528073K->476105K(779776K), 0.0112992 secs] [Times: user=0.06 sys=0.00, real=0.01 secs]
2325.749: [GC [PSYoungGen: 52224K->256K(58880K)] 528073K->476105K(779776K), 0.0112992 secs] [Times: user=0.06 sys=0.00, real=0.01 secs]
2325.749: [GC [PSYoungGen: 52224K->256K(58880K)] 528073K->476105K(779776K), 0.0112992 secs] [Times: user=0.06 sys=0.00, real=0.01 secs]
2325.749: [GC [PSYoungGen: 52224K->256K(58880K)] 528073K->476105K(779776K), 0.0112992 secs] [Times: user=0.06 sys=0.00, real=0.01 secs]
2325.749: [GC [PSYoungGen: 52224K->256K(58880K)] 528073K->476105K(779776K), 0.0112992 secs] [Times: user=0.06 sys=0.00, real=0.01 secs]
2325.749: [GC [PSYoungGen: 52224K->256K(58880K)] 528073K->476105K(779776K), 0.0112992 secs] [Times: user=0.06 sys=0.00, real=0.01 secs]
2325.749: [GC [PSYoungGen: 52224K->256K(58880K)] 528073K->476105K(779776K), 0.0112992 secs] [Times: user=0.06 sys=0.00, real=0.01 secs]
2325.749: [GC [PSYoungGen: 52224K->256K(58880K)] 528073K->476105K(779776K), 0.0112992 secs] [Times: user=0.06 sys=0.00, real=0.01 secs]
2325.749: [GC [PSYoungGen: 52224K->256K(58880K)] 528073K->476105K(779776K), 0.0112992 secs] [Times: user=0.06 sys=0.00, real=0.01 secs]
2325.749: [GC [PSYoungGen: 52224K->256K(58880K)] 528073K->476105K(779776K), 0.0112992 secs] [Times: user=0.06 sys=0.00, real=0.01 secs]
2325.749: [GC [PSYoungGen: 52224K->256K(58880K)] 528073K->476105K(779776K), 0.0112992 secs] [Times: user=0.06 sys=0.00, real=0.01 secs]
2325.749: [GC [PSYoungGen: 52224K->256K(58880K)] 528073K->476105K(779776K), 0.0112992 secs] [Times: user=0.06 sys=0.00, real=0.01 secs]
2325.749: [GC [PSYoungGen: 52224K->256K(58880K)] 528073K->476105K(779776K), 0.0112992 secs] [Times: user=0.06 sys=0.00, real=0.01 secs]
2325.749: [GC [PSYoungGen: 52224K->256K(58880K)] 528073K->476105K(779776K), 0.0112992 secs] [Times: user=0.06 sys=0.00, real=0.01 secs]
2325.749: [GC [PSYoungGen: 52224K->256K(58880K)] 528073K->476105K(779776K), 0.0112992 secs] [Times: user=0.06 sys=0.00, real=0.01 secs]
2325.749: [GC [PSYoungGen: 52224K->256K(58880K)] 528073K->476105K(779776K), 0.0112992 secs] [Times: user=0.06 sys=0.00, real=0.01 secs]
2325.749: [GC [PSYoungGen: 52224K->256K(58880K)] 528073K->476105K(779776K), 0.0112992 secs] [Times: user=0.06 sys=0.00, real=0.01 secs]
2325.749: [GC [PSYoungGen: 52224K->256K(58880K)] 528073K->476105K(779776K), 0.0112992 secs] [Times: user=0.06 sys=0.00, real=0.01 secs]
2325.749: [GC [PSYoungGen: 52224K->256K(58880K)] 528073K->476105K(779776K), 0.0112992 secs] [Times: user=0.06 sys=0.00, real=0.01 secs]
2325.749: [GC [PSYoungGen: 52224K->256K(58880K)] 528073K->476105K(779776K), 0.0112992 secs] [Times: user=0.06 sys=0.00, real=0.01 secs]
2325.749: [GC [PSYoungGen: 52224K->256K(58880K)] 528073K->476105K(779776K), 0.0112992 secs] [Times: user=0.06 sys=0.00, real=0.01 secs]
2325.749: [GC [PSYoungGen: 52224K->256K(58880K)] 528073K->476105K(779776K), 0.0112992 secs] [Times: user=0.06 sys=0.00, real=0.01 secs]
2325.749: [GC [PSYoungGen: 52224K->256K(58880K)] 528073K->476105K(779776K), 0.0112992 secs] [Times: user=0.06 sys=0.00, real=0.01 secs]
2325.749: [GC [PSYoungGen: 52224K->256K(58880K)] 528073K->476105K(779776K), 0.0112992 secs] [Times: user=0.06 sys=0.00, real=0.01 secs]
2325.749: [GC [PSYoungGen: 52224K->256K(58880K)] 528073K->476105K(779776K), 0.0112992 secs] [Times: user=0.06 sys=0.00, real=0.01 secs]
2325.749: [GC [PSYoungGen: 52224K->256K(58880K)] 528073K->476105K(779776K), 0.0112992 secs] [Times: user=0.06 sys=0.00, real=0.01 secs]
2325.749: [GC [PSYoungGen: 52224K->256K(58880K)] 528073K->476105K(779776K), 0.0112992 secs] [Times: user=0.06 sys=0.00, real=0.01 secs]
2325.749: [GC [PSYoungGen: 52224K->256K(58880K)] 528073K->476105K(779776K), 0.0112992 secs] [Times: user=0.06 sys=0.00, real=0.01 secs]
2325.749: [GC [PSYoungGen: 52224K->256K(58880K)] 528073K->476105K(779776K), 0.0112992 secs] [Times: user=0.06 sys=0.00, real=0.01 secs]
2325.749: [GC [PSYoungGen: 52224K->256K(58880K)] 528073K->476105K(779776K), 0.0112992 secs] [Times: user=0.06 sys=0.00, real=0.01 secs]
2325.749: [GC [PSYoungGen: 52224K->256K(58880K)] 528073K->476105K(779776K), 0.0112992 secs] [Times: user=0.06 sys=0.00, real=0.01 secs]
2325.749: [GC [PSYoungGen: 52224K->256K(58880K)] 528073K->476105K(779776K), 0.0112992 secs] [Times: user=0.06 sys=0.00, real=0.01 secs]
2325.749: [GC [PSYoungGen: 52224K->256K(58880K)] 528073K->476105K(779776K), 0.0112992 secs] [Times: user=0.06 sys=0.00, real=0.01 secs]
2325.749: [GC [PSYoungGen: 52224K->256K(58880K)] 528073K->476105K(779776K), 0.0112992 secs] [Times: user=0.06 sys=0.00, real=0.01 secs]
2325.749: [GC [PSYoungGen: 52224K->256K(58880K)] 528073K->476105K(779776K), 0.0112992 secs] [Times: user=0.06 sys=0.00, real=0.01 secs]
2325.749: [GC [PSYoungGen: 52224K->256K(58880K)] 528073K->476105K(779776K), 0.0112992 secs] [Times: user=0.06 sys=0.00, real=0.01 secs]
2325.749: [GC [PSYoungGen: 52224K->256K(58880K)] 528073K->476105K(779776K), 0.0112992 secs] [Times: user=0.06 sys=0.00, real=0.01 secs]
2325.749: [GC [PSYoungGen: 52224K->256K(58880K)] 528073K->476105K(779776K), 0.0112992 secs] [Times: user=0.06 sys=0.00, real=0.01 secs]
2325.749: [GC [PSYoungGen: 52224K->256K(58880K)] 528073K->476105K(779776K), 0.0112992 secs] [Times: user=0.06 sys=0.00, real=0.01 secs]
2325.749: [GC [PSYoungGen: 52224K->256K(58880K)] 528073K->476105K(779776K), 0.0112992 secs] [Times: user=0.06 sys=0.00, real=0.01 secs]
2325.749: [GC [PSYoungGen: 52224K->256K(58880K)] 528073K->476105K(779776K), 0.0112992 secs] [Times: user=0.06 sys=0.00, real=0.01 secs]
2325.749: [GC [PSYoungGen: 52224K->256K(58880K)] 528073K->476105K(779776K), 0.0112992 secs] [Times: user=0.06 sys=0.00, real=0.01 secs]
2325.749: [GC [PSYoungGen: 52224K->256K(58880K)] 528073K->476105K(779776K), 0.0112992 secs] [Times: user=0.06 sys=0.00, real=0.01 secs]
2325.749: [GC [PSYoungGen: 52224K->256K(58880K)] 528073K->476105K(779776K), 0.0112992 secs] [Times: user=0.06 sys=0.00, real=0.01 secs]
2325.749: [GC [PSYoungGen: 52224K->256K(58880K)] 528073K->476105K(779776K), 0.0112992 secs] [Times: user=0.06 sys=0.00, real=0.01 secs]
2325.749: [GC [PSYoungGen: 52224K->256K(58880K)] 528073K->476105K(779776K), 0.0112992 secs] [Times: user=0.06 sys=0.00, real=0.01 secs]
2325.749: [GC [PSYoungGen: 52224K->256K(58880K)] 528073K->476105K(779776K), 0.0112992 secs] [Times: user=0.06 sys=0.00, real=0.01 secs]
2325.749: [GC [PSYoungGen: 52224K->256K(58880K)] 528073K->476105K(779776K), 0.0112992 secs] [Times: user=0.06 sys=0.00, real=0.01 secs]
2325.749: [GC [PSYoungGen: 52224K->256K(58880K)] 528073K->476105K(779776K), 0.0112992 secs] [Times: user=0.06 sys=0.00, real=0.01 secs]
2325.749: [GC [PSYoungGen: 52224K->256K(58880K)] 528073K->476105K(779776K), 0.0112992 secs] [Times: user=0.06 sys=0.00, real=0.01 secs]
2325.749: [GC [PSYoungGen: 52224K->256K(58880K)] 528073K->476105K(779776K), 0.0112992 secs] [Times: user=0.06 sys=0.00, real=0.01 secs]
2325.749: [GC [PSYoungGen: 52224K->256K(58880K)] 528073K->476105K(779776K), 0.0112992 secs] [Times: user=0.06 sys=0.00, real=0.01 secs]
2325.749: [GC [PSYoungGen: 52224K->256K(58880K)] 528073K->476105K(779776K), 0.0112992 secs] [Times: user=0.06 sys=0.00, real=0.01 secs]
2325.749: [GC [PSYoungGen: 52224K->256K(58880K)] 528073K->476105K(779776K), 0.0112992 secs] [Times: user=0.06 sys=0.00, real=0.01 secs]
2325.749: [GC [PSYoungGen: 52224K->256K(58880K)] 528073K->476105K(779776K), 0.0112992 secs] [Times: user=0.06 sys=0.00, real=0.01 secs]
2325.749: [GC [PSYoungGen: 52224K->256K(58880K)] 528073K->476105K(779776K), 0.0112992 secs] [Times: user=0.06 sys=0.00, real=0.01 secs]
2325.749: [GC [PSYoungGen: 52224K->256K(58880K)] 528073K->476105K(779776K), 0.0112992 secs] [Times: user=0.06 sys=0.00, real=0.01 secs]
2325.749: [GC [PSYoungGen: 52224K->256K(58880K)] 528073K->476105K(779776K), 0.0112992 secs] [Times: user=0.06 sys=0.00, real=0.01 secs]
2325.749: [GC [PSYoungGen: 52224K->256K(58880K)] 528073K->476105K(779776K), 0.0112992 secs] [Times: user=0.06 sys=0.00, real=0.01 secs]
2325.749: [GC [PSYoungGen: 52224K->256K(58880K)] 528073K->476105K(779776K), 0.0112992 secs] [Times: user=0.06 sys=0.00, real=0.01 secs]
2325.749: [GC [PSYoungGen: 52224K->256K(58880K)] 528073K->476105K(779776K), 0.0112992 secs] [Times: user=0.06 sys=0.00, real=0.01 secs]
2325.749: [GC [PSYoungGen: 52224K->256K(58880K)] 528073K->476105K(779776K), 0.0112992 secs] [Times: user=0.06 sys=0.00, real=0.01 secs]
2325.749: [GC [PSYoungGen: 52224K->256K(58880K)] 528073K->476105K(779776K), 0.0112992 secs] [Times: user=0.06 sys=0.00, real=0.01 secs]
2325.749: [GC [PSYoungGen: 52224K->256K(58880K)] 528073K->476105K(779776K), 0.0112992 secs] [Times: user=0.06 sys=0.00, real=0.01 secs]
2325.749: [GC [PSYoungGen: 52224K->256K(58880K)] 528073K->476105K(779776K), 0.0112992 secs] [Times: user=0.06 sys=0.00, real=0.01 secs]
2325.749: [GC [PSYoungGen: 52224K->256K(58880K)] 528073K->476105K(779776K), 0.0112992 secs] [Times: user=0.06 sys=0.00, real=0.01 secs]
2325.749: [GC [PSYoungGen: 52224K->256K(58880K)] 528073K->476105K(779776K), 0.0112992 secs] [Times: user=0.06 sys=0.00, real=0.01 secs]
2325.749: [GC [PSYoungGen: 52224K->256K(58880K)] 528073K->476105K(779776K), 0.0112992 secs] [Times: user=0.06 sys=0.00, real=0.01 secs]
2325.749: [GC [PSYoungGen: 52224K->256K(58880K)] 528073K->476105K(779776K), 0.0112992 secs] [Times: user=0.06 sys=0.00, real=0.01 secs]
2325.749: [GC [PSYoungGen: 52224K->256K(58880K)] 528073K->476105K(779776K), 0.0112992 secs] [Times: user=0.06 sys=0.00, real=0.01 secs]
2325.749: [GC [PSYoungGen: 52224K->256K(58880K)] 528073K->476105K(779776K), 0.0112992 secs] [Times: user=0.06 sys=0.00, real=0.01 secs]
2325.749: [GC [PSYoungGen: 52224K->256K(58880K)] 528073K->476105K(779776K), 0.0112992 secs] [Times: user=0.06 sys=0.00, real=0.01 secs]
2325.749: [GC [PSYoungGen: 52224K->256K(58880K)] 528073K->476105K(779776K), 0.0112992 secs] [Times: user=0.06 sys=0.00, real=0.01 secs]
2325.749: [GC [PSYoungGen: 52224K->256K(58880K)] 528073K->476105K(779776K), 0.0112992 secs] [Times: user=0.06 sys=0.00, real=0.01 secs]
2325.749: [GC [PSYoungGen: 52224K->256K(58880K)] 528073K->476105K(779776K), 0.0112992 secs] [Times: user=0.06 sys=0.00, real=0.01 secs]
2325.749: [GC [PSYoungGen: 52224K->256K(58880K)] 528073K->476105K(779776K), 0.0112992 secs] [Times: user=0.06 sys=0.00, real=0.01 secs]
2325.749: [GC [PSYoungGen: 52224K->256K(58880K)] 528073K->476105K(779776K), 0.0112992 secs] [Times: user=0.06 sys=0.00, real=0.01 secs]
2325.749: [GC [PSYoungGen: 52224K->256K(58880K)] 528073K->476105K(779776K), 0.0112992 secs] [Times: user=0.06 sys=0.00, real=0.01 secs]
2325.749: [GC [PSYoungGen: 52224K->256K(58880K)] 528073K->476105K(779776K), 0.0112992 secs] [Times: user=0.06 sys=0.00, real=0.01 secs]
2325.749: [GC [PSYoungGen: 52224K->256K(58880K)] 528073K->476105K(779776K), 0.0112992 secs] [Times: user=0.06 sys=0.00, real=0.01 secs]
2325.749: [GC [PSYoungGen: 52224K->256K(58880K)] 528073K->476105K(779776K), 0.0112992 secs] [Times: user=0.06 sys=0.00, real=0.01 secs]
2325.749: [GC [PSYoungGen: 52224K->256K(58880K)] 528073K->476105K(779776K), 0.0112992 secs] [Times: user=0.06 sys=0.00, real=0.01 secs]
2325.749: [GC [PSYoungGen: 52224K->256K(58880K)] 528073K->476105K(779776K), 0.0112992 secs] [Times: user=0.06 sys=0.00, real=0.01 secs]
2325.749: [GC [PSYoungGen: 52224K->256K(58880K)] 528073K->476105K(779776K), 0.0112992 secs] [Times: user=0.06 sys=0.00, real=0.01 secs]
2325.749: [GC [PSYoungGen: 52224K->256K(58880K)] 528073K->476105K(779776K), 0.0112992 secs] [Times: user=0.06 sys=0.00, real=0.01 secs]
2325.749: [GC [PSYoungGen: 52224K->256K(58880K)] 528073K->476105K(779776K), 0.0112992 secs] [Times: user=0.06 sys=0.00, real=0.01 secs]
2325.749: [GC [PSYoungGen: 52224K->256K(58880K)] 528073K->476105K(779776K), 0.0112992 secs] [Times: user=0.06 sys=0.00, real=0.01 secs]
2325.749: [GC [PSYoungGen: 52224K->256K(58880K)] 528073K->476105K(779776K), 0.0112992 secs] [Times: user=0.06 sys=0.00, real=0.01 secs]
2325.749: [GC [PSYoungGen: 52224K->256K(58880K)] 528073K->476105K(779776K), 0.0112992 secs] [Times: user=0.06 sys=0.00, real=0.01 secs]
2325.749: [GC [PSYoungGen: 52224K->256K(58880K)] 528073K->476105K(779776K), 0.0112992 secs] [Times: user=0.06 sys=0.00, real=0.01 secs]
2325.749: [GC [PSYoungGen: 52224K->256K(58880K)] 528073K->476105K(779776K), 0.0112992 secs] [Times: user=0.06 sys=0.00, real=0.01 secs]
2325.749: [GC [PSYoungGen: 52224K->256K(58880K)] 528073K->476105K(779776K), 0.0112992 secs] [Times: user=0.06 sys=0.00, real=0.01 secs]
2325.749: [GC [PSYoungGen: 52224K->256K(58880K)] 528073K->476105K(779776K), 0.0112992 secs] [Times: user=0.06 sys=0.00, real=0.01 secs]
2325.749: [GC [PSYoungGen: 52224K->256K(58880K)] 528073K->476105K(779776K), 0.0112992 secs] [Times: user=0.06 sys=0.00, real=0.01 secs]
2325.749: [GC [PSYoungGen: 52224K->256K(58880K)] 528073K->476105K(779776K), 0.0112992 secs] [Times: user=0.06 sys=0.00, real=0.01 secs]
2325.749: [GC [PSYoungGen: 52224K->256K(58880K)] 528073K->476105K(779776K), 0.0112992 secs] [Times: user=0.06 sys=0.00, real=0.01 secs]
2325.749: [GC [PSYoungGen: 52224K->256K(58880K)] 528073K->476105K(779776K), 0.0112992 secs] [Times: user=0.06 sys=0.00, real=0.01 secs]
2325.749: [GC [PSYoungGen: 52224K->256K(58880K)] 528073K->476105K(779776K), 0.0112992 secs] [Times: user=0.06 sys=0.00, real=0.01 secs]
2325.749: [GC [PSYoungGen: 52224K->256K(58880K)] 528073K->476105K(779776K), 0.0112992 secs] [Times: user=0.06 sys=0.00, real=0.01 secs]
2325.749: [GC [PSYoungGen: 52224K->256K(58880K)] 528073K->476105K(779776K), 0.0112992 secs] [Times: user=0.06 sys=0.00, real=0.01 secs]
2325.749: [GC [PSYoungGen: 52224K->256K(58880K)] 528073K->476105K(779776K), 0.0112992 secs] [Times: user=0.06 sys=0.00, real=0.01 secs]
2325.749: [GC [PSYoungGen: 52224K->256K(58880K)] 528073K->476105K(779776K), 0.0112992 secs] [Times: user=0.06 sys=0.00, real=0.01 secs]
2325.749: [GC [PSYoungGen: 52224K->256K(58880K)] 528073K->476105K(779776K), 0.0112992 secs] [Times: user=0.06 sys=0.00, real=0.01 secs]
2325.749: [GC [PSYoungGen: 52224K->256K(58880K)] 528073K->476105K(779776K), 0.0112992 secs] [Times: user=0.06 sys=0.00, real=0.01 secs]
2325.749: [GC [PSYoungGen: 52224K->256K(58880K)] 528073K->476105K(779776K), 0.0112992 secs] [Times: user=0.06 sys=0.00, real=0.01 secs]
2325.749: [GC [PSYoungGen: 52224K->256K(58880K)] 528073K->476105K(779776K), 0.0112992 secs] [Times: user=0.06 sys=0.00, real=0.01 secs]
2325.749: [GC [PSYoungGen: 52224K->256K(58880K)] 528073K->476105K(779776K), 0.0112992 secs] [Times: user=0.06 sys=0.00, real=0.01 secs]
2325.749: [GC [PSYoungGen: 52224K->256K(58880K)] 528073K->476105K(779776K), 0.0112992 secs] [Times: user=0.06 sys=0.00, real=0.01 secs]
2325.749: [GC [PSYoungGen: 52224K->256K(58880K)] 528073K->476105K(779776K), 0.0112992 secs] [Times: user=0.06 sys=0.00, real=0.01 secs]
2325.749: [GC [PSYoungGen: 52224K->256K(58880K)] 528073K->476105K(779776K), 0.0112992 secs] [Times: user=0.06 sys=0.00, real=0.01 secs]
2325.749: [GC [PSYoungGen: 52224K->256K(58880K)] 528073K->476105K(779776K), 0.0112992 secs] [Times: user=0.06 sys=0.00, real=0.01 secs]
2325.749: [GC [PSYoungGen: 52224K->256K(58880K)] 528073K->476105K(779776K), 0.0112992 secs] [Times: user=0.06 sys=0.00, real=0.01 secs]
2325.749: [GC [PSYoungGen: 52224K->256K(58880K)] 528073K->476105K(779776K), 0.0112992 secs] [Times: user=0.06 sys=0.00, real=0.01 secs]
2325.749: [GC [PSYoungGen: 52224K->256K(58880K)] 528073K->476105K(779776K), 0.0112992 secs] [Times: user=0.06 sys=0.00, real=0.01 secs]
2325.749: [GC [PSYoungGen: 52224K->256K(58880K)] 528073K->476105K(779776K), 0.0112992 secs] [Times: user=0.06 sys=0.00, real=0.01 secs]
2325.749: [GC [PSYoungGen: 52224K->256K(58880K)] 528073K->476105K(779776K), 0.0112992 secs] [Times: user=0.06 sys=0.00, real=0.01 secs]
2325.749: [GC [PSYoungGen: 52224K->256K(58880K)] 528073K->476105K(779776K), 0.0112992 secs] [Times: user=0.06 sys=0.00, real=0.01 secs]
2325.749: [GC [PSYoungGen: 52224K->256K(58880K)] 528073K->476105K(779776K), 0.0112992 secs] [Times: user=0.06 sys=0.00, real=0.01 secs]
2325.749: [GC [PSYoungGen: 52224K->256K(58880K)] 528073K->476105K(779776K), 0.0112992 secs] [Times: user=0.06 sys=0.00, real=0.01 secs]
2325.749: [GC [PSYoungGen: 52224K->256K(58880K)] 528073K->476105K(779776K), 0.0112992 secs] [Times: user=0.06 sys=0.00, real=0.01 secs]
2325.749: [GC [PSYoungGen: 52224K->256K(58880K)] 528073K->476105K(779776K), 0.0112992 secs] [Times: user=0.06 sys=0.00, real=0.01 secs]
2325.749: [GC [PSYoungGen: 52224K->256K(58880K)] 528073K->476105K(779776K), 0.0112992 secs] [Times: user=0.06 sys=0.00, real=0.01 secs]
2325.749: [GC [PSYoungGen: 52224K->256K(58880K)] 528073K->476105K(779776K), 0.0112992 secs] [Times: user=0.06 sys=0.00, real=0.01 secs]
2325.749: [GC [PSYoungGen: 52224K->256K(58880K)] 528073K->476105K(779776K), 0.0112992 secs] [Times: user=0.06 sys=0.00, real=0.01 secs]
2325.749: [GC [PSYoungGen: 52224K->256K(58880K)] 528073K->476105K(779776K), 0.0112992 secs] [Times: user=0.06 sys=0.00, real=0.01 secs]
2325.749: [GC [PSYoungGen: 52224K->256K(58880K)] 528073K->476105K(779776K), 0.0112992 secs] [Times: user=0.06 sys=0.00, real=0.01 secs]
2325.749: [GC [PSYoungGen: 52224K->256K(58880K)] 528073K->476105K(779776K), 0.0112992 secs] [Times: user=0.06 sys=0.00, real=0.01 secs]
2325.749: [GC [PSYoungGen: 52224K->256K(58880K)] 528073K->476105K(779776K), 0.0112992 secs] [Times: user=0.06 sys=0.00, real=0.01 secs]
2325.749: [GC [PSYoungGen: 52224K->256K(58880K)] 528073K->476105K(779776K), 0.0112992 secs] [Times: user=0.06 sys=0.00, real=0.01 secs]
2325.749: [GC [PSYoungGen: 52224K->256K(58880K)] 528073K->476105K(779776K), 0.0112992 secs] [Times: user=0.06 sys=0.00, real=0.01 secs]
2325.749: [GC [PSYoungGen: 52224K->256K(58880K)] 528073K->476105K(779776K), 0.0112992 secs] [Times: user=0.06 sys=0.00, real=0.01 secs]
2325.749: [GC [PSYoungGen: 52224K->256K(58880K)] 528073K->476105K(779776K), 0.0112992 secs] [Times: user=0.06 sys=0.00, real=0.01 secs]
2325.749: [GC [PSYoungGen: 52224K->256K(58880K)] 528073K->476105K(779776K), 0.0112992 secs] [Times: user=0.06 sys=0.00, real=0.01 secs]
2325.749: [GC [PSYoungGen: 52224K->256K(58880K)] 528073K->476105K(779776K), 0.0112992 secs] [Times: user=0.06 sys=0.00, real=0.01 secs]
2325.749: [GC [PSYoungGen: 52224K->256K(58880K)] 528073K->476105K(779776K), 0.0112992 secs] [Times: user=0.06 sys=0.00, real=0.01 secs]
2325.749: [GC [PSYoungGen: 52224K->256K(58880K)] 528073K->476105K(779776K), 0.0112992 secs] [Times: user=0.06 sys=0.00, real=0.01 secs]
2325.749: [GC [PSYoungGen: 52224K->256K(58880K)] 528073K->476105K(779776K), 0.0112992 secs] [Times: user=0.06 sys=0.00, real=0.01 secs]
2325.749: [GC [PSYoungGen: 52224K->256K(58880K)] 528073K->476105K(779776K), 0.0112992 secs] [Times: user=0.06 sys=0.00, real=0.01 secs]
2325.749: [GC [PSYoungGen: 52224K->256K(58880K)] 528073K->476105K(779776K), 0.0112992 secs] [Times: user=0.06 sys=0.00, real=0.01 secs]
2325.749: [GC [PSYoungGen: 52224K->256K(58880K)] 528073K->476105K(779776K), 0.0112992 secs] [Times: user=0.06 sys=0.00, real=0.01 secs]
2325.749: [GC [PSYoungGen: 52224K->256K(58880K)] 528073K->476105K(779776K), 0.0112992 secs] [Times: user=0.06 sys=0.00, real=0.01 secs]
2325.749: [GC [PSYoungGen: 52224K->256K(58880K)] 528073K->476105K(779776K), 0.0112992 secs] [Times: user=0.06 sys=0.00, real=0.01 secs]
2325.749: [GC [PSYoungGen: 52224K->256K(58880K)] 528073K->476105K(779776K), 0.0112992 secs] [Times: user=0.06 sys=0.00, real=0.01 secs]
2325.749: [GC [PSYoungGen: 52224K->256K(58880K)] 528073K->476105K(779776K), 0.0112992 secs] [Times: user=0.06 sys=0.00, real=0.01 secs]
2325.749: [GC [PSYoungGen: 52224K->256K(58880K)] 528073K->476105K(779776K), 0.0112992 secs] [Times: user=0.06 sys=0.00, real=0.01 secs]
2325.749: [GC [PSYoungGen: 52224K->256K(58880K)] 528073K->476105K(779776K), 0.0112992 secs] [Times: user=0.06 sys=0.00, real=0.01 secs]
2325.749: [GC [PSYoungGen: 52224K->256K(58880K)] 528073K->476105K(779776K), 0.0112992 secs] [Times: user=0.06 sys=0.00, real=0.01 secs]
2325.749: [GC [PSYoungGen: 52224K->256K(58880K)] 528073K->476105K(779776K), 0.0112992 secs] [Times: user=0.06 sys=0.00, real=0.01 secs]
2325.749: [GC [PSYoungGen: 52224K->256K(58880K)] 528073K->476105K(779776K), 0.0112992 secs] [Times: user=0.06 sys=0.00, real=0.01 secs]
2325.749: [GC [PSYoungGen: 52224K->256K(58880K)] 528073K->476105K(779776K), 0.0112992 secs] [Times: user=0.06 sys=0.00, real=0.01 secs]
2325.749: [GC [PSYoungGen: 52224K->256K(58880K)] 528073K->476105K(779776K), 0.0112992 secs] [Times: user=0.06 sys=0.00, real=0.01 secs]
2325.749: [GC [PSYoungGen: 52224K->256K(58880K)] 528073K->476105K(779776K), 0.0112992 secs] [Times: user=0.06 sys=0.00, real=0.01 secs]
2325.749: [GC [PSYoungGen: 52224K->256K(58880K)] 528073K->476105K(779776K), 0.0112992 secs] [Times: user=0.06 sys=0.00, real=0.01 secs]
2325.749: [GC [PSYoungGen: 52224K->256K(58880K)] 528073K->476105K(779776K), 0.0112992 secs] [Times: user=0.06 sys=0.00, real=0.01 secs]
2325.749: [GC [PSYoungGen: 52224K->256K(58880K)] 528073K->476105K(779776K), 0.0112992 secs] [Times: user=0.06 sys=0.00, real=0.01 secs]
2325.749: [GC [PSYoungGen: 52224K->256K(58880K)] 528073K->476105K(779776K), 0.0112992 secs] [Times: user=0.06 sys=0.00, real=0.01 secs]
2325.749: [GC [PSYoungGen: 52224K->256K(58880K)] 528073K->476105K(779776K), 0.0112992 secs] [Times: user=0.06 sys=0.00, real=0.01 secs]
2325.749: [GC [PSYoungGen: 52224K->256K(58880K)] 528073K->476105K(779776K), 0.0112992 secs] [Times: user=0.06 sys=0.00, real=0.01 secs]
2325.749: [GC [PSYoungGen: 52224K->256K(58880K)] 528073K->476105K(779776K), 0.0112992 secs] [Times: user=0.06 sys=0.00, real=0.01 secs]
2325.749: [GC [PSYoungGen: 52224K->256K(58880K)] 528073K->476105K(779776K), 0.0112992 secs] [Times: user=0.06 sys=0.00, real=0.01 secs]
2325.749: [GC [PSYoungGen: 52224K->256K(58880K)] 528073K->476105K(779776K), 0.0112992 secs] [Times: user=0.06 sys=0.00, real=0.01 secs]
2325.749: [GC [PSYoungGen: 52224K->256K(58880K)] 528073K->476105K(779776K), 0.0112992 secs] [Times: user=0.06 sys=0.00, real=0.01 secs]
2325.749: [GC [PSYoungGen: 52224K->256K(58880K)] 528073K->476105K(779776K), 0.0112992 secs] [Times: user=0.06 sys=0.00, real=0.01 secs]
2325.749: [GC [PSYoungGen: 52224K->256K(58880K)] 528073K->476105K(779776K), 0.0112992 secs] [Times: user=0.06 sys=0.00, real=0.01 secs]
2325.749: [GC [PSYoungGen: 52224K->256K(58880K)] 528073K->476105K(779776K), 0.0112992 secs] [Times: user=0.06 sys=0.00, real=0.01 secs]
2325.749: [GC [PSYoungGen: 52224K->256K(58880K)] 528073K->476105K(779776K), 0.0112992 secs] [Times: user=0.06 sys=0.00, real=0.01 secs]
2325.749: [GC [PSYoungGen: 52224K->256K(58880K)] 528073K->476105K(779776K), 0.0112992 secs] [Times: user=0.06 sys=0.00, real=0.01 secs]
2325.749: [GC [PSYoungGen: 52224K->256K(58880K)] 528073K->476105K(779776K), 0.0112992 secs] [Times: user=0.06 sys=0.00, real=0.01 secs]
2325.749: [GC [PSYoungGen: 52224K->256K(58880K)] 528073K->476105K(779776K), 0.0112992 secs] [Times: user=0.06 sys=0.00, real=0.01 secs]
2325.749: [GC [PSYoungGen: 52224K->256K(58880K)] 528073K->476105K(779776K), 0.0112992 secs] [Times: user=0.06 sys=0.00, real=0.01 secs]
2325.749: [GC [PSYoungGen: 52224K->256K(58880K)] 528073K->476105K(779776K), 0.0112992 secs] [Times: user=0.06 sys=0.00, real=0.01 secs]
2325.749: [GC [PSYoungGen: 52224K->256K(58880K)] 528073K->476105K(779776K), 0.0112992 secs] [Times: user=0.06 sys=0.00, real=0.01 secs]
2325.749: [GC [PSYoungGen: 52224K->256K(58880K)] 528073K->476105K(779776K), 0.0112992 secs] [Times: user=0.06 sys=0.00, real=0.01 secs]
2325.749: [GC [PSYoungGen: 52224K->256K(58880K)] 528073K->476105K(779776K), 0.0112992 secs] [Times: user=0.06 sys=0.00, real=0.01 secs]
2325.749: [GC [PSYoungGen: 52224K->256K(58880K)] 528073K->476105K(779776K), 0.0112992 secs] [Times: user=0.06 sys=0.00, real=0.01 secs]
2325.749: [GC [PSYoungGen: 52224K->256K(58880K)] 528073K->476105K(779776K), 0.0112992 secs] [Times: user=0.06 sys=0.00, real=0.01 secs]
2325.749: [GC [PSYoungGen: 52224K->256K(58880K)] 528073K->476105K(779776K), 0.0112992 secs] [Times: user=0.06 sys=0.00, real=0.01 secs]
2325.749: [GC [PSYoungGen: 52224K->256K(58880K)] 528073K->476105K(779776K), 0.0112992 secs] [Times: user=0.06 sys=0.00, real=0.01 secs]
2325.749: [GC [PSYoungGen: 52224K->256K(58880K)] 528073K->476105K(779776K), 0.0112992 secs] [Times: user=0.06 sys=0.00, real=0.01 secs]
2325.749: [GC [PSYoungGen: 52224K->256K(58880K)] 528073K->476105K(779776K), 0.0112992 secs] [Times: user=0.06 sys=0.00, real=0.01 secs]
2325.749: [GC [PSYoungGen: 52224K->256K(58880K)] 528073K->476105K(779776K), 0.0112992 secs] [Times: user=0.06 sys=0.00, real=0.01 secs]
2325.749: [GC [PSYoungGen: 52224K->256K(58880K)] 528073K->476105K(779776K), 0.0112992 secs] [Times: user=0.06 sys=0.00, real=0.01 secs]
2325.749: [GC [PSYoungGen: 52224K->256K(58880K)] 528073K->476105K(779776K), 0.0112992 secs] [Times: user=0.06 sys=0.00, real=0.01 secs]
2325.749: [GC [PSYoungGen: 52224K->256K(58880K)] 528073K->476105K(779776K), 0.0112992 secs] [Times: user=0.06 sys=0.00, real=0.01 secs]
2325.749: [GC [PSYoungGen: 52224K->256K(58880K)] 528073K->476105K(779776K), 0.0112992 secs] [Times: user=0.06 sys=0.00, real=0.01 secs]
2325.749: [GC [PSYoungGen: 52224K->256K(58880K)] 528073K->476105K(779776K), 0.0112992 secs] [Times: user=0.06 sys=0.00, real=0.01 secs]
2325.749: [GC [PSYoungGen: 52224K->256K(58880K)] 528073K->476105K(779776K), 0.0112992 secs] [Times: user=0.06 sys=0.00, real=0.01 secs]
2325.749: [GC [PSYoungGen: 52224K->256K(58880K)] 528073K->476105K(779776K), 0.0112992 secs] [Times: user=0.06 sys=0.00, real=0.01 secs]
2325.749: [GC [PSYoungGen: 52224K->256K(58880K)] 528073K->476105K(779776K), 0.0112992 secs] [Times: user=0.06 sys=0.00, real=0.01 secs]
2325.749: [GC [PSYoungGen: 52224K->256K(58880K)] 528073K->476105K(779776K), 0.0112992 secs] [Times: user=0.06 sys=0.00, real=0.01 secs]
2325.749: [GC [PSYoungGen: 52224K->256K(58880K)] 528073K->476105K(779776K), 0.0112992 secs] [Times: user=0.06 sys=0.00, real=0.01 secs]
2325.749: [GC [PSYoungGen: 52224K->256K(58880K)] 528073K->476105K(779776K), 0.0112992 secs] [Times: user=0.06 sys=0.00, real=0.01 secs]
2325.749: [GC [PSYoungGen: 52224K->256K(58880K)] 528073K->476105K(779776K), 0.0112992 secs] [Times: user=0.06 sys=0.00, real=0.01 secs]
2325.749: [GC [PSYoungGen: 52224K->256K(58880K)] 528073K->476105K(779776K), 0.0112992 secs] [Times: user=0.06 sys=0.00, real=0.01 secs]
2325.749: [GC [PSYoungGen: 52224K->256K(58880K)] 528073K->476105K(779776K), 0.0112992 secs] [Times: user=0.06 sys=0.00, real=0.01 secs]
2325.749: [GC [PSYoungGen: 52224K->256K(58880K)] 528073K->476105K(779776K), 0.0112992 secs] [Times: user=0.06 sys=0.00, real=0.01 secs]
2325.749: [GC [PSYoungGen: 52224K->256K(58880K)] 528073K->476105K(779776K), 0.0112992 secs] [Times: user=0.06 sys=0.00, real=0.01 secs]
2325.749: [GC [PSYoungGen: 52224K->256K(58880K)] 528073K->476105K(779776K), 0.0112992 secs] [Times: user=0.06 sys=0.00, real=0.01 secs]
2325.749: [GC [PSYoungGen: 52224K->256K(58880K)] 528073K->476105K(779776K), 0.0112992 secs] [Times: user=0.06 sys=0.00, real=0.01 secs]
2325.749: [GC [PSYoungGen: 52224K->256K(58880K)] 528073K->476105K(779776K), 0.0112992 secs] [Times: user=0.06 sys=0.00, real=0.01 secs]
2325.749: [GC [PSYoungGen: 52224K->256K(58880K)] 528073K->476105K(779776K), 0.0112992 secs] [Times: user=0.06 sys=0.00, real=0.01 secs]
2325.749: [GC [PSYoungGen: 52224K->256K(58880K)] 528073K->476105K(779776K), 0.0112992 secs] [Times: user=0.06 sys=0.00, real=0.01 secs]
2325.749: [GC [PSYoungGen: 52224K->256K(58880K)] 528073K->476105K(779776K), 0.0112992 secs] [Times: user=0.06 sys=0.00, real=0.01 secs]
2325.749: [GC [PSYoungGen: 52224K->256K(58880K)] 528073K->476105K(779776K), 0.0112992 secs] [Times: user=0.06 sys=0.00, real=0.01 secs]
2325.749: [GC [PSYoungGen: 52224K->256K(58880K)] 528073K->476105K(779776K), 0.0112992 secs] [Times: user=0.06 sys=0.00, real=0.01 secs]
2325.749: [GC [PSYoungGen: 52224K->256K(58880K)] 528073K->476105K(779776K), 0.0112992 secs] [Times: user=0.06 sys=0.00, real=0.01 secs]
2325.749: [GC [PSYoungGen: 52224K->256K(58880K)] 528073K->476105K(779776K), 0.0112992 secs] [Times: user=0.06 sys=0.00, real=0.01 secs]
2325.749: [GC [PSYoungGen: 52224K->256K(58880K)] 528073K->476105K(779776K), 0.0112992 secs] [Times: user=0.06 sys=0.00, real=0.01 secs]
2325.749: [GC [PSYoungGen: 52224K->256K(58880K)] 528073K->476105K(779776K), 0.0112992 secs] [Times: user=0.06 sys=0.00, real=0.01 secs]
2325.749: [GC [PSYoungGen: 52224K->256K(58880K)] 528073K->476105K(779776K), 0.0112992 secs] [Times: user=0.06 sys=0.00, real=0.01 secs]
2325.749: [GC [PSYoungGen: 52224K->256K(58880K)] 528073K->476105K(779776K), 0.0112992 secs] [Times: user=0.06 sys=0.00, real=0.01 secs]
2325.749: [GC [PSYoungGen: 52224K->256K(58880K)] 528073K->476105K(779776K), 0.0112992 secs] [Times: user=0.06 sys=0.00, real=0.01 secs]
2325.749: [GC [PSYoungGen: 52224K->256K(58880K)] 528073K->476105K(779776K), 0.0112992 secs] [Times: user=0.06 sys=0.00, real=0.01 secs]
2325.749: [GC [PSYoungGen: 52224K->256K(58880K)] 528073K->476105K(779776K), 0.0112992 secs] [Times: user=0.06 sys=0.00, real=0.01 secs]
2325.749: [GC [PSYoungGen: 52224K->256K(58880K)] 528073K->476105K(779776K), 0.0112992 secs] [Times: user=0.06 sys=0.00, real=0.01 secs]
2325.749: [GC [PSYoungGen: 52224K->256K(58880K)] 528073K->476105K(779776K), 0.0112992 secs] [Times: user=0.06 sys=0.00, real=0.01 secs]
2325.749: [GC [PSYoungGen: 52224K->256K(58880K)] 528073K->476105K(779776K), 0.0112992 secs] [Times: user=0.06 sys=0.00, real=0.01 secs]
2325.749: [GC [PSYoungGen: 52224K->256K(58880K)] 528073K->476105K(779776K), 0.0112992 secs] [Times: user=0.06 sys=0.00, real=0.01 secs]
2325.749: [GC [PSYoungGen: 52224K->256K(58880K)] 528073K->476105K(779776K), 0.0112992 secs] [Times: user=0.06 sys=0.00, real=0.01 secs]
2325.749: [GC [PSYoungGen: 52224K->256K(58880K)] 528073K->476105K(779776K), 0.0112992 secs] [Times: user=0.06 sys=0.00, real=0.01 secs]
2325.749: [GC [PSYoungGen: 52224K->256K(58880K)] 528073K->476105K(779776K), 0.0112992 secs] [Times: user=0.06 sys=0.00, real=0.01 secs]
2325.749: [GC [PSYoungGen: 52224K->256K(58880K)] 528073K->476105K(779776K), 0.0112992 secs] [Times: user=0.06 sys=0.00, real=0.01 secs]
2325.749: [GC [PSYoungGen: 52224K->256K(58880K)] 528073K->476105K(779776K), 0.0112992 secs] [Times: user=0.06 sys=0.00, real=0.01 secs]
2325.749: [GC [PSYoungGen: 52224K->256K(58880K)] 528073K->476105K(779776K), 0.0112992 secs] [Times: user=0.06 sys=0.00, real=0.01 secs]
2325.749: [GC [PSYoungGen: 52224K->256K(58880K)] 528073K->476105K(779776K), 0.0112992 secs] [Times: user=0.06 sys=0.00, real=0.01 secs]
2325.749: [GC [PSYoungGen: 52224K->256K(58880K)] 528073K->476105K(779776K), 0.0112992 secs] [Times: user=0.06 sys=0.00, real=0.01 secs]
2325.749: [GC [PSYoungGen: 52224K->256K(58880K)] 528073K->476105K(779776K), 0.0112992 secs] [Times: user=0.06 sys=0.00, real=0.01 secs]
2325.749: [GC [PSYoungGen: 52224K->256K(58880K)] 528073K->476105K(779776K), 0.0112992 secs] [Times: user=0.06 sys=0.00, real=0.01 secs]
2325.749: [GC [PSYoungGen: 52224K->256K(58880K)] 528073K->476105K(779776K), 0.0112992 secs] [Times: user=0.06 sys=0.00, real=0.01 secs]
2325.749: [GC [PSYoungGen: 52224K->256K(58880K)] 528073K->476105K(779776K), 0.0112992 secs] [Times: user=0.06 sys=0.00, real=0.01 secs]
2325.749: [GC [PSYoungGen: 52224K->256K(58880K)] 528073K->476105K(779776K), 0.0112992 secs] [Times: user=0.06 sys=0.00, real=0.01 secs]
2325.749: [GC [PSYoungGen: 52224K->256K(58880K)] 528073K->476105K(779776K), 0.0112992 secs] [Times: user=0.06 sys=0.00, real=0.01 secs]
2325.749: [GC [PSYoungGen: 52224K->256K(58880K)] 528073K->476105K(779776K), 0.0112992 secs] [Times: user=0.06 sys=0.00, real=0.01 secs]
2325.749: [GC [PSYoungGen: 52224K->256K(58880K)] 528073K->476105K(779776K), 0.0112992 secs] [Times: user=0.06 sys=0.00, real=0.01 secs]
2325.749: [GC [PSYoungGen: 52224K->256K(58880K)] 528073K->476105K(779776K), 0.0112992 secs] [Times: user=0.06 sys=0.00, real=0.01 secs]
2325.749: [GC [PSYoungGen: 52224K->256K(58880K)] 528073K->476105K(779776K), 0.0112992 secs] [Times: user=0.06 sys=0.00, real=0.01 secs]
2325.749: [GC [PSYoungGen: 52224K->256K(58880K)] 528073K->476105K(779776K), 0.0112992 secs] [Times: user=0.06 sys=0.00, real=0.01 secs]
2325.749: [GC [PSYoungGen: 52224K->256K(58880K)] 528073K->476105K(779776K), 0.0112992 secs] [Times: user=0.06 sys=0.00, real=0.01 secs]
2325.749: [GC [PSYoungGen: 52224K->256K(58880K)] 528073K->476105K(779776K), 0.0112992 secs] [Times: user=0.06 sys=0.00, real=0.01 secs]
2325.749: [GC [PSYoungGen: 52224K->256K(58880K)] 528073K->476105K(779776K), 0.0112992 secs] [Times: user=0.06 sys=0.00, real=0.01 secs]
2325.749: [GC [PSYoungGen: 52224K->256K(58880K)] 528073K->476105K(779776K), 0.0112992 secs] [Times: user=0.06 sys=0.00, real=0.01 secs]
2325.749: [GC [PSYoungGen: 52224K->256K(58880K)] 528073K->476105K(779776K), 0.0112992 secs] [Times: user=0.06 sys=0.00, real=0.01 secs]
2325.749: [GC [PSYoungGen: 52224K->256K(58880K)] 528073K->476105K(779776K), 0.0112992 secs] [Times: user=0.06 sys=0.00, real=0.01 secs]
2325.749: [GC [PSYoungGen: 52224K->256K(58880K)] 528073K->476105K(779776K), 0.0112992 secs] [Times: user=0.06 sys=0.00, real=0.01 secs]
2325.749: [GC [PSYoungGen: 52224K->256K(58880K)] 528073K->476105K(779776K), 0.0112992 secs] [Times: user=0.06 sys=0.00, real=0.01 secs]
2325.749: [GC [PSYoungGen: 52224K->256K(58880K)] 528073K->476105K(779776K), 0.0112992 secs] [Times: user=0.06 sys=0.00, real=0.01 secs]
2325.749: [GC [PSYoungGen: 52224K->256K(58880K)] 528073K->476105K(779776K), 0.0112992 secs] [Times: user=0.06 sys=0.00, real=0.01 secs]
2325.749: [GC [PSYoungGen: 52224K->256K(58880K)] 528073K->476105K(779776K), 0.0112992 secs] [Times: user=0.06 sys=0.00, real=0.01 secs]
2325.749: [GC [PSYoungGen: 52224K->256K(58880K)] 528073K->476105K(779776K), 0.0112992 secs] [Times: user=0.06 sys=0.00, real=0.01 secs]
2325.749: [GC [PSYoungGen: 52224K->256K(58880K)] 528073K->476105K(779776K), 0.0112992 secs] [Times: user=0.06 sys=0.00, real=0.01 secs]
2325.749: [GC [PSYoungGen: 52224K->256K(58880K)] 528073K->476105K(779776K), 0.0112992 secs] [Times: user=0.06 sys=0.00, real=0.01 secs]
2325.749: [GC [PSYoungGen: 52224K->256K(58880K)] 528073K->476105K(779776K), 0.0112992 secs] [Times: user=0.06 sys=0.00, real=0.01 secs]
2325.749: [GC [PSYoungGen: 52224K->256K(58880K)] 528073K->476105K(779776K), 0.0112992 secs] [Times: user=0.06 sys=0.00, real=0.01 secs]
2325.749: [GC [PSYoungGen: 52224K->256K(58880K)] 528073K->476105K(779776K), 0.0112992 secs] [Times: user=0.06 sys=0.00, real=0.01 secs]
2325.749: [GC [PSYoungGen: 52224K->256K(58880K)] 528073K->476105K(779776K), 0.0112992 secs] [Times: user=0.06 sys=0.00, real=0.01 secs]
2325.749: [GC [PSYoungGen: 52224K->256K(58880K)] 528073K->476105K(779776K), 0.0112992 secs] [Times: user=0.06 sys=0.00, real=0.01 secs]
2325.749: [GC [PSYoungGen: 52224K->256K(58880K)] 528073K->476105K(779776K), 0.0112992 secs] [Times: user=0.06 sys=0.00, real=0.01 secs]
2325.749: [GC [PSYoungGen: 52224K->256K(58880K)] 528073K->476105K(779776K), 0.0112992 secs] [Times: user=0.06 sys=0.00, real=0.01 secs]
2325.749: [GC [PSYoungGen: 52224K->256K(58880K)] 528073K->476105K(779776K), 0.0112992 secs] [Times: user=0.06 sys=0.00, real=0.01 secs]
2325.749: [GC [PSYoungGen: 52224K->256K(58880K)] 528073K->476105K(779776K), 0.0112992 secs] [Times: user=0.06 sys=0.00, real=0.01 secs]
2325.749: [GC [PSYoungGen: 52224K->256K(58880K)] 528073K->476105K(779776K), 0.0112992 secs] [Times: user=0.06 sys=0.00, real=0.01 secs]
2325.749: [GC [PSYoungGen: 52224K->256K(58880K)] 528073K->476105K(779776K), 0.0112992 secs] [Times: user=0.06 sys=0.00, real=0.01 secs]
2325.749: [GC [PSYoungGen: 52224K->256K(58880K)] 528073K->476105K(779776K), 0.0112992 secs] [Times: user=0.06 sys=0.00, real=0.01 secs]
2325.749: [GC [PSYoungGen: 52224K->256K(58880K)] 528073K->476105K(779776K), 0.0112992 secs] [Times: user=0.06 sys=0.00, real=0.01 secs]
2325.749: [GC [PSYoungGen: 52224K->256K(58880K)] 528073K->476105K(779776K), 0.0112992 secs] [Times: user=0.06 sys=0.00, real=0.01 secs]
2325.749: [GC [PSYoungGen: 52224K->256K(58880K)] 528073K->476105K(779776K), 0.0112992 secs] [Times: user=0.06 sys=0.00, real=0.01 secs]
2325.749: [GC [PSYoungGen: 52224K->256K(58880K)] 528073K->476105K(779776K), 0.0112992 secs] [Times: user=0.06 sys=0.00, real=0.01 secs]
2325.749: [GC [PSYoungGen: 52224K->256K(58880K)] 528073K->476105K(779776K), 0.0112992 secs] [Times: user=0.06 sys=0.00, real=0.01 secs]
2325.749: [GC [PSYoungGen: 52224K->256K(58880K)] 528073K->476105K(779776K), 0.0112992 secs] [Times: user=0.06 sys=0.00, real=0.01 secs]
2325.749: [GC [PSYoungGen: 52224K->256K(58880K)] 528073K->476105K(779776K), 0.0112992 secs] [Times: user=0.06 sys=0.00, real=0.01 secs]
2325.749: [GC [PSYoungGen: 52224K->256K(58880K)] 528073K->476105K(779776K), 0.0112992 secs] [Times: user=0.06 sys=0.00, real=0.01 secs]
2325.749: [GC [PSYoungGen: 52224K->256K(58880K)] 528073K->476105K(779776K), 0.0112992 secs] [Times: user=0.06 sys=0.00, real=0.01 secs]
2325.749: [GC [PSYoungGen: 52224K->256K(58880K)] 528073K->476105K(779776K), 0.0112992 secs] [Times: user=0.06 sys=0.00, real=0.01 secs]
2325.749: [GC [PSYoungGen: 52224K->256K(58880K)] 528073K->476105K(779776K), 0.0112992 secs] [Times: user=0.06 sys=0.00, real=0.01 secs]
2325.749: [GC [PSYoungGen: 52224K->256K(58880K)] 528073K->476105K(779776K), 0.0112992 secs] [Times: user=0.06 sys=0.00, real=0.01 secs]
2325.749: [GC [PSYoungGen: 52224K->256K(58880K)] 528073K->476105K(779776K), 0.0112992 secs] [Times: user=0.06 sys=0.00, real=0.01 secs]
2325.749: [GC [PSYoungGen: 52224K->256K(58880K)] 528073K->476105K(779776K), 0.0112992 secs] [Times: user=0.06 sys=0.00, real=0.01 secs]
2325.749: [GC [PSYoungGen: 52224K->256K(58880K)] 528073K->476105K(779776K), 0.0112992 secs] [Times: user=0.06 sys=0.00, real=0.01 secs]
2325.749: [GC [PSYoungGen: 52224K->256K(58880K)] 528073K->476105K(779776K), 0.0112992 secs] [Times: user=0.06 sys=0.00, real=0.01 secs]
2325.749: [GC [PSYoungGen: 52224K->256K(58880K)] 528073K->476105K(779776K), 0.0112992 secs] [Times: user=0.06 sys=0.00, real=0.01 secs]
2325.749: [GC [PSYoungGen: 52224K->256K(58880K)] 528073K->476105K(779776K), 0.0112992 secs] [Times: user=0.06 sys=0.00, real=0.01 secs]
2325.749: [GC [PSYoungGen: 52224K->256K(58880K)] 528073K->476105K(779776K), 0.0112992 secs] [Times: user=0.06 sys=0.00, real=0.01 secs]
2325.749: [GC [PSYoungGen: 52224K->256K(58880K)] 528073K->476105K(779776K), 0.0112992 secs] [Times: user=0.06 sys=0.00, real=0.01 secs]
2325.749: [GC [PSYoungGen: 52224K->256K(58880K)] 528073K->476105K(779776K), 0.0112992 secs] [Times: user=0.06 sys=0.00, real=0.01 secs]
2325.749: [GC [PSYoungGen: 52224K->256K(58880K)] 528073K->476105K(779776K), 0.0112992 secs] [Times: user=0.06 sys=0.00, real=0.01 secs]
2325.749: [GC [PSYoungGen: 52224K->256K(58880K)] 528073K->476105K(779776K), 0.0112992 secs] [Times: user=0.06 sys=0.00, real=0.01 secs]
2325.749: [GC [PSYoungGen: 52224K->256K(58880K)] 528073K->476105K(779776K), 0.0112992 secs] [Times: user=0.06 sys=0.00, real=0.01 secs]
2325.749: [GC [PSYoungGen: 52224K->256K(58880K)] 528073K->476105K(779776K), 0.0112992 secs] [Times: user=0.06 sys=0.00, real=0.01 secs]
2325.749: [GC [PSYoungGen: 52224K->256K(58880K)] 528073K->476105K(779776K), 0.0112992 secs] [Times: user=0.06 sys=0.00, real=0.01 secs]
2325.749: [GC [PSYoungGen: 52224K->256K(58880K)] 528073K->476105K(779776K), 0.0112992 secs] [Times: user=0.06 sys=0.00, real=0.01 secs]
2325.749: [GC [PSYoungGen: 52224K->256K(58880K)] 528073K->476105K(779776K), 0.0112992 secs] [Times: user=0.06 sys=0.00, real=0.01 secs]
2325.749: [GC [PSYoungGen: 52224K->256K(58880K)] 528073K->476105K(779776K), 0.0112992 secs] [Times: user=0.06 sys=0.00, real=0.01 secs]
2325.749: [GC [PSYoungGen: 52224K->256K(58880K)] 528073K->476105K(779776K), 0.0112992 secs] [Times: user=0.06 sys=0.00, real=0.01 secs]
2325.749: [GC [PSYoungGen: 52224K->256K(58880K)] 528073K->476105K(779776K), 0.0112992 secs] [Times: user=0.06 sys=0.00, real=0.01 secs]
2325.749: [GC [PSYoungGen: 52224K->256K(58880K)] 528073K->476105K(779776K), 0.0112992 secs] [Times: user=0.06 sys=0.00, real=0.01 secs]
2325.749: [GC [PSYoungGen: 52224K->256K(58880K)] 528073K->476105K(779776K), 0.0112992 secs] [Times: user=0.06 sys=0.00, real=0.01 secs]
2325.749: [GC [PSYoungGen: 52224K->256K(58880K)] 528073K->476105K(779776K), 0.0112992 secs] [Times: user=0.06 sys=0.00, real=0.01 secs]
2325.749: [GC [PSYoungGen: 52224K->256K(58880K)] 528073K->476105K(779776K), 0.0112992 secs] [Times: user=0.06 sys=0.00, real=0.01 secs]
2325.749: [GC [PSYoungGen: 52224K->256K(58880K)] 528073K->476105K(779776K), 0.0112992 secs] [Times: user=0.06 sys=0.00, real=0.01 secs]
2325.749: [GC [PSYoungGen: 52224K->256K(58880K)] 528073K->476105K(779776K), 0.0112992 secs] [Times: user=0.06 sys=0.00, real=0.01 secs]
2325.749: [GC [PSYoungGen: 52224K->256K(58880K)] 528073K->476105K(779776K), 0.0112992 secs] [Times: user=0.06 sys=0.00, real=0.01 secs]
2325.749: [GC [PSYoungGen: 52224K->256K(58880K)] 528073K->476105K(779776K), 0.0112992 secs] [Times: user=0.06 sys=0.00, real=0.01 secs]
2325.749: [GC [PSYoungGen: 52224K->256K(58880K)] 528073K->476105K(779776K), 0.0112992 secs] [Times: user=0.06 sys=0.00, real=0.01 secs]
2325.749: [GC [PSYoungGen: 52224K->256K(58880K)] 528073K->476105K(779776K), 0.0112992 secs] [Times: user=0.06 sys=0.00, real=0.01 secs]
2325.749: [GC [PSYoungGen: 52224K->256K(58880K)] 528073K->476105K(779776K), 0.0112992 secs] [Times: user=0.06 sys=0.00, real=0.01 secs]
2325.749: [GC [PSYoungGen: 52224K->256K(58880K)] 528073K->476105K(779776K), 0.0112992 secs] [Times: user=0.06 sys=0.00, real=0.01 secs]
2325.749: [GC [PSYoungGen: 52224K->256K(58880K)] 528073K->476105K(779776K), 0.0112992 secs] [Times: user=0.06 sys=0.00, real=0.01 secs]
2325.749: [GC [PSYoungGen: 52224K->256K(58880K)] 528073K->476105K(779776K), 0.0112992 secs] [Times: user=0.06 sys=0.00, real=0.01 secs]
2325.749: [GC [PSYoungGen: 52224K->256K(58880K)] 528073K->476105K(779776K), 0.0112992 secs] [Times: user=0.06 sys=0.00, real=0.01 secs]
2325.749: [GC [PSYoungGen: 52224K->256K(58880K)] 528073K->476105K(779776K), 0.0112992 secs] [Times: user=0.06 sys=0.00, real=0.01 secs]
2325.749: [GC [PSYoungGen: 52224K->256K(58880K)] 528073K->476105K(779776K), 0.0112992 secs] [Times: user=0.06 sys=0.00, real=0.01 secs]
2325.749: [GC [PSYoungGen: 52224K->256K(58880K)] 528073K->476105K(779776K), 0.0112992 secs] [Times: user=0.06 sys=0.00, real=0.01 secs]
2325.749: [GC [PSYoungGen: 52224K->256K(58880K)] 528073K->476105K(779776K), 0.0112992 secs] [Times: user=0.06 sys=0.00, real=0.01 secs]
2325.749: [GC [PSYoungGen: 52224K->256K(58880K)] 528073K->476105K(779776K), 0.0112992 secs] [Times: user=0.06 sys=0.00, real=0.01 secs]
2325.749: [GC [PSYoungGen: 52224K->256K(58880K)] 528073K->476105K(779776K), 0.0112992 secs] [Times: user=0.06 sys=0.00, real=0.01 secs]
2325.749: [GC [PSYoungGen: 52224K->256K(58880K)] 528073K->476105K(779776K), 0.0112992 secs] [Times: user=0.06 sys=0.00, real=0.01 secs]
2325.749: [GC [PSYoungGen: 52224K->256K(58880K)] 528073K->476105K(779776K), 0.0112992 secs] [Times: user=0.06 sys=0.00, real=0.01 secs]
2325.749: [GC [PSYoungGen: 52224K->256K(58880K)] 528073K->476105K(779776K), 0.0112992 secs] [Times: user=0.06 sys=0.00, real=0.01 secs]
2325.749: [GC [PSYoungGen: 52224K->256K(58880K)] 528073K->476105K(779776K), 0.0112992 secs] [Times: user=0.06 sys=0.00, real=0.01 secs]
2325.749: [GC [PSYoungGen: 52224K->256K(58880K)] 528073K->476105K(779776K), 0.0112992 secs] [Times: user=0.06 sys=0.00, real=0.01 secs]
2325.749: [GC [PSYoungGen: 52224K->256K(58880K)] 528073K->476105K(779776K), 0.0112992 secs] [Times: user=0.06 sys=0.00, real=0.01 secs]
2325.749: [GC [PSYoungGen: 52224K->256K(58880K)] 528073K->476105K(779776K), 0.0112992 secs] [Times: user=0.06 sys=0.00, real=0.01 secs]
2325.749: [GC [PSYoungGen: 52224K->256K(58880K)] 528073K->476105K(779776K), 0.0112992 secs] [Times: user=0.06 sys=0.00, real=0.01 secs]
2325.749: [GC [PSYoungGen: 52224K->256K(58880K)] 528073K->476105K(779776K), 0.0112992 secs] [Times: user=0.06 sys=0.00, real=0.01 secs]
2325.749: [GC [PSYoungGen: 52224K->256K(58880K)] 528073K->476105K(779776K), 0.0112992 secs] [Times: user=0.06 sys=0.00, real=0.01 secs]
2325.749: [GC [PSYoungGen: 52224K->256K(58880K)] 528073K->476105K(779776K), 0.0112992 secs] [Times: user=0.06 sys=0.00, real=0.01 secs]
2325.749: [GC [PSYoungGen: 52224K->256K(58880K)] 528073K->476105K(779776K), 0.0112992 secs] [Times: user=0.06 sys=0.00, real=0.01 secs]
2325.749: [GC [PSYoungGen: 52224K->256K(58880K)] 528073K->476105K(779776K), 0.0112992 secs] [Times: user=0.06 sys=0.00, real=0.01 secs]
2325.749: [GC [PSYoungGen: 52224K->256K(58880K)] 528073K->476105K(779776K), 0.0112992 secs] [Times: user=0.06 sys=0.00, real=0.01 secs]
2325.749: [GC [PSYoungGen: 52224K->256K(58880K)] 528073K->476105K(779776K), 0.0112992 secs] [Times: user=0.06 sys=0.00, real=0.01 secs]
2325.749: [GC [PSYoungGen: 52224K->256K(58880K)] 528073K->476105K(779776K), 0.0112992 secs] [Times: user=0.06 sys=0.00, real=0.01 secs]
2325.749: [GC [PSYoungGen: 52224K->256K(58880K)] 528073K->476105K(779776K), 0.0112992 secs] [Times: user=0.06 sys=0.00, real=0.01 secs]
2325.749: [GC [PSYoungGen: 52224K->256K(58880K)] 528073K->476105K(779776K), 0.0112992 secs] [Times: user=0.06 sys=0.00, real=0.01 secs]
2325.749: [GC [PSYoungGen: 52224K->256K(58880K)] 528073K->476105K(779776K), 0.0112992 secs] [Times: user=0.06 sys=0.00, real=0.01 secs]
2325.749: [GC [PSYoungGen: 52224K->256K(58880K)] 528073K->476105K(779776K), 0.0112992 secs] [Times: user=0.06 sys=0.00, real=0.01 secs]
2325.749: [GC [PSYoungGen: 52224K->256K(58880K)] 528073K->476105K(779776K), 0.0112992 secs] [Times: user=0.06 sys=0.00, real=0.01 secs]
2325.749: [GC [PSYoungGen: 52224K->256K(58880K)] 528073K->476105K(779776K), 0.0112992 secs] [Times: user=0.06 sys=0.00, real=0.01 secs]
2325.749: [GC [PSYoungGen: 52224K->256K(58880K)] 528073K->476105K(779776K), 0.0112992 secs] [Times: user=0.06 sys=0.00, real=0.01 secs]
2325.749: [GC [PSYoungGen: 52224K->256K(58880K)] 528073K->476105K(779776K), 0.0112992 secs] [Times: user=0.06 sys=0.00, real=0.01 secs]
2325.749: [GC [PSYoungGen: 52224K->256K(58880K)] 528073K->476105K(779776K), 0.0112992 secs] [Times: user=0.06 sys=0.00, real=0.01 secs]
2325.749: [GC [PSYoungGen: 52224K->256K(58880K)] 528073K->476105K(779776K), 0.0112992 secs] [Times: user=0.06 sys=0.00, real=0.01 secs]
2325.749: [GC [PSYoungGen: 52224K->256K(58880K)] 528073K->476105K(779776K), 0.0112992 secs] [Times: user=0.06 sys=0.00, real=0.01 secs]
2325.749: [GC [PSYoungGen: 52224K->256K(58880K)] 528073K->476105K(779776K), 0.0112992 secs] [Times: user=0.06 sys=0.00, real=0.01 secs]
2325.749: [GC [PSYoungGen: 52224K->256K(58880K)] 528073K->476105K(779776K), 0.0112992 secs] [Times: user=0.06 sys=0.00, real=0.01 secs]
2325.749: [GC [PSYoungGen: 52224K->256K(58880K)] 528073K->476105K(779776K), 0.0112992 secs] [Times: user=0.06 sys=0.00, real=0.01 secs]
2325.749: [GC [PSYoungGen: 52224K->256K(58880K)] 528073K->476105K(779776K), 0.0112992 secs] [Times: user=0.06 sys=0.00, real=0.01 secs]
2325.749: [GC [PSYoungGen: 52224K->256K(58880K)] 528073K->476105K(779776K), 0.0112992 secs] [Times: user=0.06 sys=0.00, real=0.01 secs]
2325.749: [GC [PSYoungGen: 52224K->256K(58880K)] 528073K->476105K(779776K), 0.0112992 secs] [Times: user=0.06 sys=0.00, real=0.01 secs]
2325.749: [GC [PSYoungGen: 52224K->256K(58880K)] 528073K->476105K(779776K), 0.0112992 secs] [Times: user=0.06 sys=0.00, real=0.01 secs]
2325.749: [GC [PSYoungGen: 52224K->256K(58880K)] 528073K->476105K(779776K), 0.0112992 secs] [Times: user=0.06 sys=0.00, real=0.01 secs]
2325.749: [GC [PSYoungGen: 52224K->256K(58880K)] 528073K->476105K(779776K), 0.0112992 secs] [Times: user=0.06 sys=0.00, real=0.01 secs]
2325.749: [GC [PSYoungGen: 52224K->256K(58880K)] 528073K->476105K(779776K), 0.0112992 secs] [Times: user=0.06 sys=0.00, real=0.01 secs]
2325.749: [GC [PSYoungGen: 52224K->256K(58880K)] 528073K->476105K(779776K), 0.0112992 secs] [Times: user=0.06 sys=0.00, real=0.01 secs]
2325.749: [GC [PSYoungGen: 52224K->256K(58880K)] 528073K->476105K(779776K), 0.0112992 secs] [Times: user=0.06 sys=0.00, real=0.01 secs]
2325.749: [GC [PSYoungGen: 52224K->256K(58880K)] 528073K->476105K(779776K), 0.0112992 secs] [Times: user=0.06 sys=0.00, real=0.01 secs]
2325.749: [GC [PSYoungGen: 52224K->256K(58880K)] 528073K->476105K(779776K), 0.0112992 secs] [Times: user=0.06 sys=0.00, real=0.01 secs]
2325.749: [GC [PSYoungGen: 52224K->256K(58880K)] 528073K->476105K(779776K), 0.0112992 secs] [Times: user=0.06 sys=0.00, real=0.01 secs]
2325.749: [GC [PSYoungGen: 52224K->256K(58880K)] 528073K->476105K(779776K), 0.0112992 secs] [Times: user=0.06 sys=0.00, real=0.01 secs]
2325.749: [GC [PSYoungGen: 52224K->256K(58880K)] 528073K->476105K(779776K), 0.0112992 secs] [Times: user=0.06 sys=0.00, real=0.01 secs]
2325.749: [GC [PSYoungGen: 52224K->256K(58880K)] 528073K->476105K(779776K), 0.0112992 secs] [Times: user=0.06 sys=0.00, real=0.01 secs]
2325.749: [GC [PSYoungGen: 52224K->256K(58880K)] 528073K->476105K(779776K), 0.0112992 secs] [Times: user=0.06 sys=0.00, real=0.01 secs]
2325.749: [GC [PSYoungGen: 52224K->256K(58880K)] 528073K->476105K(779776K), 0.0112992 secs] [Times: user=0.06 sys=0.00, real=0.01 secs]
2325.749: [GC [PSYoungGen: 52224K->256K(58880K)] 528073K->476105K(779776K), 0.0112992 secs] [Times: user=0.06 sys=0.00, real=0.01 secs]
2325.749: [GC [PSYoungGen: 52224K->256K(58880K)] 528073K->476105K(779776K), 0.0112992 secs] [Times: user=0.06 sys=0.00, real=0.01 secs]
2325.749: [GC [PSYoungGen: 52224K->256K(58880K)] 528073K->476105K(779776K), 0.0112992 secs] [Times: user=0.06 sys=0.00, real=0.01 secs]
2325.749: [GC [PSYoungGen: 52224K->256K(58880K)] 528073K->476105K(779776K), 0.0112992 secs] [Times: user=0.06 sys=0.00, real=0.01 secs]
2325.749: [GC [PSYoungGen: 52224K->256K(58880K)] 528073K->476105K(779776K), 0.0112992 secs] [Times: user=0.06 sys=0.00, real=0.01 secs]
2325.749: [GC [PSYoungGen: 52224K->256K(58880K)] 528073K->476105K(779776K), 0.0112992 secs] [Times: user=0.06 sys=0.00, real=0.01 secs]
2325.749: [GC [PSYoungGen: 52224K->256K(58880K)] 528073K->476105K(779776K), 0.0112992 secs] [Times: user=0.06 sys=0.00, real=0.01 secs]
2325.749: [GC [PSYoungGen: 52224K->256K(58880K)] 528073K->476105K(779776K), 0.0112992 secs] [Times: user=0.06 sys=0.00, real=0.01 secs]
2325.749: [GC [PSYoungGen: 52224K->256K(58880K)] 528073K->476105K(779776K), 0.0112992 secs] [Times: user=0.06 sys=0.00, real=0.01 secs]
2325.749: [GC [PSYoungGen: 52224K->256K(58880K)] 528073K->476105K(779776K), 0.0112992 secs] [Times: user=0.06 sys=0.00, real=0.01 secs]
2325.749: [GC [PSYoungGen: 52224K->256K(58880K)] 528073K->476105K(779776K), 0.0112992 secs] [Times: user=0.06 sys=0.00, real=0.01 secs]
2325.749: [GC [PSYoungGen: 52224K->256K(58880K)] 528073K->476105K(779776K), 0.0112992 secs] [Times: user=0.06 sys=0.00, real=0.01 secs]
2325.749: [GC [PSYoungGen: 52224K->256K(58880K)] 528073K->476105K(779776K), 0.0112992 secs] [Times: user=0.06 sys=0.00, real=0.01 secs]
2325.749: [GC [PSYoungGen: 52224K->256K(58880K)] 528073K->476105K(779776K), 0.0112992 secs] [Times: user=0.06 sys=0.00, real=0.01 secs]
2325.749: [GC [PSYoungGen: 52224K->256K(58880K)] 528073K->476105K(779776K), 0.0112992 secs] [Times: user=0.06 sys=0.00, real=0.01 secs]
2325.749: [GC [PSYoungGen: 52224K->256K(58880K)] 528073K->476105K(779776K), 0.0112992 secs] [Times: user=0.06 sys=0.00, real=0.01 secs]
2325.749: [GC [PSYoungGen: 52224K->256K(58880K)] 528073K->476105K(779776K), 0.0112992 secs] [Times: user=0.06 sys=0.00, real=0.01 secs]
2325.749: [GC [PSYoungGen: 52224K->256K(58880K)] 528073K->476105K(779776K), 0.0112992 secs] [Times: user=0.06 sys=0.00, real=0.01 secs]
2325.749: [GC [PSYoungGen: 52224K->256K(58880K)] 528073K->476105K(779776K), 0.0112992 secs] [Times: user=0.06 sys=0.00, real=0.01 secs]
2325.749: [GC [PSYoungGen: 52224K->256K(58880K)] 528073K->476105K(779776K), 0.0112992 secs] [Times: user=0.06 sys=0.00, real=0.01 secs]
2325.749: [GC [PSYoungGen: 52224K->256K(58880K)] 528073K->476105K(779776K), 0.0112992 secs] [Times: user=0.06 sys=0.00, real=0.01 secs]
2325.749: [GC [PSYoungGen: 52224K->256K(58880K)] 528073K->476105K(779776K), 0.0112992 secs] [Times: user=0.06 sys=0.00, real=0.01 secs]
2325.749: [GC [PSYoungGen: 52224K->256K(58880K)] 528073K->476105K(779776K), 0.0112992 secs] [Times: user=0.06 sys=0.00, real=0.01 secs]
2325.749: [GC [PSYoungGen: 52224K->256K(58880K)] 528073K->476105K(779776K), 0.0112992 secs] [Times: user=0.06 sys=0.00, real=0.01 secs]
2325.749: [GC [PSYoungGen: 52224K->256K(58880K)] 528073K->476105K(779776K), 0.0112992 secs] [Times: user=0.06 sys=0.00, real=0.01 secs]
2325.749: [GC [PSYoungGen: 52224K->256K(58880K)] 528073K->476105K(779776K), 0.0112992 secs] [Times: user=0.06 sys=0.00, real=0.01 secs]
2325.749: [GC [PSYoungGen: 52224K->256K(58880K)] 528073K->476105K(779776K), 0.0112992 secs] [Times: user=0.06 sys=0.00, real=0.01 secs]
2325.749: [GC [PSYoungGen: 52224K->256K(58880K)] 528073K->476105K(779776K), 0.0112992 secs] [Times: user=0.06 sys=0.00, real=0.01 secs]
2325.749: [GC [PSYoungGen: 52224K->256K(58880K)] 528073K->476105K(779776K), 0.0112992 secs] [Times: user=0.06 sys=0.00, real=0.01 secs]
2325.749: [GC [PSYoungGen: 52224K->256K(58880K)] 528073K->476105K(779776K), 0.0112992 secs] [Times: user=0.06 sys=0.00, real=0.01 secs]
2325.749: [GC [PSYoungGen: 52224K->256K(58880K)] 528073K->476105K(779776K), 0.0112992 secs] [Times: user=0.06 sys=0.00, real=0.01 secs]
2325.749: [GC [PSYoungGen: 52224K->256K(58880K)] 528073K->476105K(779776K), 0.0112992 secs] [Times: user=0.06 sys=0.00, real=0.01 secs]
2325.749: [GC [PSYoungGen: 52224K->256K(58880K)] 528073K->476105K(779776K), 0.0112992 secs] [Times: user=0.06 sys=0.00, real=0.01 secs]
2325.749: [GC [PSYoungGen: 52224K->256K(58880K)] 528073K->476105K(779776K), 0.0112992 secs] [Times: user=0.06 sys=0.00, real=0.01 secs]
2325.749: [GC [PSYoungGen: 52224K->256K(58880K)] 528073K->476105K(779776K), 0.0112992 secs] [Times: user=0.06 sys=0.00, real=0.01 secs]
2325.749: [GC [PSYoungGen: 52224K->256K(58880K)] 528073K->476105K(779776K), 0.0112992 secs] [Times: user=0.06 sys=0.00, real=0.01 secs]
2325.749: [GC [PSYoungGen: 52224K->256K(58880K)] 528073K->476105K(779776K), 0.0112992 secs] [Times: user=0.06 sys=0.00, real=0.01 secs]
2325.749: [GC [PSYoungGen: 52224K->256K(58880K)] 528073K->476105K(779776K), 0.0112992 secs] [Times: user=0.06 sys=0.00, real=0.01 secs]
2325.749: [GC [PSYoungGen: 52224K->256K(58880K)] 528073K->476105K(779776K), 0.0112992 secs] [Times: user=0.06 sys=0.00, real=0.01 secs]
2325.749: [GC [PSYoungGen: 52224K->256K(58880K)] 528073K->476105K(779776K), 0.0112992 secs] [Times: user=0.06 sys=0.00, real=0.01 secs]
2325.749: [GC [PSYoungGen: 52224K->256K(58880K)] 528073K->476105K(779776K), 0.0112992 secs] [Times: user=0.06 sys=0.00, real=0.01 secs]
2325.749: [GC [PSYoungGen: 52224K->256K(58880K)] 528073K->476105K(779776K), 0.0112992 secs] [Times: user=0.06 sys=0.00, real=0.01 secs]
2325.749: [GC [PSYoungGen: 52224K->256K(58880K)] 528073K->476105K(779776K), 0.0112992 secs] [Times: user=0.06 sys=0.00, real=0.01 secs]
2325.749: [GC [PSYoungGen: 52224K->256K(58880K)] 528073K->476105K(779776K), 0.0112992 secs] [Times: user=0.06 sys=0.00, real=0.01 secs]
2325.749: [GC [PSYoungGen: 52224K->256K(58880K)] 528073K->476105K(779776K), 0.0112992 secs] [Times: user=0.06 sys=0.00, real=0.01 secs]
2325.749: [GC [PSYoungGen: 52224K->256K(58880K)] 528073K->476105K(779776K), 0.0112992 secs] [Times: user=0.06 sys=0.00, real=0.01 secs]
2325.749: [GC [PSYoungGen: 52224K->256K(58880K)] 528073K->476105K(779776K), 0.0112992 secs] [Times: user=0.06 sys=0.00, real=0.01 secs]
2325.749: [GC [PSYoungGen: 52224K->256K(58880K)] 528073K->476105K(779776K), 0.0112992 secs] [Times: user=0.06 sys=0.00, real=0.01 secs]
2325.749: [GC [PSYoungGen: 52224K->256K(58880K)] 528073K->476105K(779776K), 0.0112992 secs] [Times: user=0.06 sys=0.00, real=0.01 secs]
2325.749: [GC [PSYoungGen: 52224K->256K(58880K)] 528073K->476105K(779776K), 0.0112992 secs] [Times: user=0.06 sys=0.00, real=0.01 secs]
2325.749: [GC [PSYoungGen: 52224K->256K(58880K)] 528073K->476105K(779776K), 0.0112992 secs] [Times: user=0.06 sys=0.00, real=0.01 secs]
2325.749: [GC [PSYoungGen: 52224K->256K(58880K)] 528073K->476105K(779776K), 0.0112992 secs] [Times: user=0.06 sys=0.00, real=0.01 secs]
2325.749: [GC [PSYoungGen: 52224K->256K(58880K)] 528073K->476105K(779776K), 0.0112992 secs] [Times: user=0.06 sys=0.00, real=0.01 secs]
2325.749: [GC [PSYoungGen: 52224K->256K(58880K)] 528073K->476105K(779776K), 0.0112992 secs] [Times: user=0.06 sys=0.00, real=0.01 secs]
2325.749: [GC [PSYoungGen: 52224K->256K(58880K)] 528073K->476105K(779776K), 0.0112992 secs] [Times: user=0.06 sys=0.00, real=0.01 secs]
2325.749: [GC [PSYoungGen: 52224K->256K(58880K)] 528073K->476105K(779776K), 0.0112992 secs] [Times: user=0.06 sys=0.00, real=0.01 secs]
2325.749: [GC [PSYoungGen: 52224K->256K(58880K)] 528073K->476105K(779776K), 0.0112992 secs] [Times: user=0.06 sys=0.00, real=0.01 secs]
2325.749: [GC [PSYoungGen: 52224K->256K(58880K)] 528073K->476105K(779776K), 0.0112992 secs] [Times: user=0.06 sys=0.00, real=0.01 secs]
2325.749: [GC [PSYoungGen: 52224K->256K(58880K)] 528073K->476105K(779776K), 0.0112992 secs] [Times: user=0.06 sys=0.00, real=0.01 secs]
2325.749: [GC [PSYoungGen: 52224K->256K(58880K)] 528073K->476105K(779776K), 0.0112992 secs] [Times: user=0.06 sys=0.00, real=0.01 secs]
2325.749: [GC [PSYoungGen: 52224K->256K(58880K)] 528073K->476105K(779776K), 0.0112992 secs] [Times: user=0.06 sys=0.00, real=0.01 secs]
2325.749: [GC [PSYoungGen: 52224K->256K(58880K)] 528073K->476105K(779776K), 0.0112992 secs] [Times: user=0.06 sys=0.00, real=0.01 secs]
2325.749: [GC [PSYoungGen: 52224K->256K(58880K)] 528073K->476105K(779776K), 0.0112992 secs] [Times: user=0.06 sys=0.00, real=0.01 secs]
2325.749: [GC [PSYoungGen: 52224K->256K(58880K)] 528073K->476105K(779776K), 0.0112992 secs] [Times: user=0.06 sys=0.00, real=0.01 secs]
2325.749: [GC [PSYoungGen: 52224K->256K(58880K)] 528073K->476105K(779776K), 0.0112992 secs] [Times: user=0.06 sys=0.00, real=0.01 secs]
2325.749: [GC [PSYoungGen: 52224K->256K(58880K)] 528073K->476105K(779776K), 0.0112992 secs] [Times: user=0.06 sys=0.00, real=0.01 secs]
2325.749: [GC [PSYoungGen: 52224K->256K(58880K)] 528073K->476105K(779776K), 0.0112992 secs] [Times: user=0.06 sys=0.00, real=0.01 secs]
2325.749: [GC [PSYoungGen: 52224K->256K(58880K)] 528073K->476105K(779776K), 0.0112992 secs] [Times: user=0.06 sys=0.00, real=0.01 secs]
2325.749: [GC [PSYoungGen: 52224K->256K(58880K)] 528073K->476105K(779776K), 0.0112992 secs] [Times: user=0.06 sys=0.00, real=0.01 secs]
2325.749: [GC [PSYoungGen: 52224K->256K(58880K)] 528073K->476105K(779776K), 0.0112992 secs] [Times: user=0.06 sys=0.00, real=0.01 secs]
2325.749: [GC [PSYoungGen: 52224K->256K(58880K)] 528073K->476105K(779776K), 0.0112992 secs] [Times: user=0.06 sys=0.00, real=0.01 secs]
2325.749: [GC [PSYoungGen: 52224K->256K(58880K)] 528073K->476105K(779776K), 0.0112992 secs] [Times: user=0.06 sys=0.00, real=0.01 secs]
2325.749: [GC [PSYoungGen: 52224K->256K(58880K)] 528073K->476105K(779776K), 0.0112992 secs] [Times: user=0.06 sys=0.00, real=0.01 secs]
2325.749: [GC [PSYoungGen: 52224K->256K(58880K)] 528073K->476105K(779776K), 0.0112992 secs] [Times: user=0.06 sys=0.00, real=0.01 secs]
2325.749: [GC [PSYoungGen: 52224K->256K(58880K)] 528073K->476105K(779776K), 0.0112992 secs] [Times: user=0.06 sys=0.00, real=0.01 secs]
2325.749: [GC [PSYoungGen: 52224K->256K(58880K)] 528073K->476105K(779776K), 0.0112992 secs] [Times: user=0.06 sys=0.00, real=0.01 secs]
2325.749: [GC [PSYoungGen: 52224K->256K(58880K)] 528073K->476105K(779776K), 0.0112992 secs] [Times: user=0.06 sys=0.00, real=0.01 secs]
2325.749: [GC [PSYoungGen: 52224K->256K(58880K)] 528073K->476105K(779776K), 0.0112992 secs] [Times: user=0.06 sys=0.00, real=0.01 secs]
2325.749: [GC [PSYoungGen: 52224K->256K(58880K)] 528073K->476105K(779776K), 0.0112992 secs] [Times: user=0.06 sys=0.00, real=0.01 secs]
2325.749: [GC [PSYoungGen: 52224K->256K(58880K)] 528073K->476105K(779776K), 0.0112992 secs] [Times: user=0.06 sys=0.00, real=0.01 secs]
2325.749: [GC [PSYoungGen: 52224K->256K(58880K)] 528073K->476105K(779776K), 0.0112992 secs] [Times: user=0.06 sys=0.00, real=0.01 secs]
2325.749: [GC [PSYoungGen: 52224K->256K(58880K)] 528073K->476105K(779776K), 0.0112992 secs] [Times: user=0.06 sys=0.00, real=0.01 secs]
2325.749: [GC [PSYoungGen: 52224K->256K(58880K)] 528073K->476105K(779776K), 0.0112992 secs] [Times: user=0.06 sys=0.00, real=0.01 secs]
2325.749: [GC [PSYoungGen: 52224K->256K(58880K)] 528073K->476105K(779776K), 0.0112992 secs] [Times: user=0.06 sys=0.00, real=0.01 secs]
2325.749: [GC [PSYoungGen: 52224K->256K(58880K)] 528073K->476105K(779776K), 0.0112992 secs] [Times: user=0.06 sys=0.00, real=0.01 secs]
2325.749: [GC [PSYoungGen: 52224K->256K(58880K)] 528073K->476105K(779776K), 0.0112992 secs] [Times: user=0.06 sys=0.00, real=0.01 secs]
2325.749: [GC [PSYoungGen: 52224K->256K(58880K)] 528073K->476105K(779776K), 0.0112992 secs] [Times: user=0.06 sys=0.00, real=0.01 secs]
2325.749: [GC [PSYoungGen: 52224K->256K(58880K)] 528073K->476105K(779776K), 0.0112992 secs] [Times: user=0.06 sys=0.00, real=0.01 secs]
2325.749: [GC [PSYoungGen: 52224K->256K(58880K)] 528073K->476105K(779776K), 0.0112992 secs] [Times: user=0.06 sys=0.00, real=0.01 secs]
2325.749: [GC [PSYoungGen: 52224K->256K(58880K)] 528073K->476105K(779776K), 0.0112992 secs] [Times: user=0.06 sys=0.00, real=0.01 secs]
2325.749: [GC [PSYoungGen: 52224K->256K(58880K)] 528073K->476105K(779776K), 0.0112992 secs] [Times: user=0.06 sys=0.00, real=0.01 secs]
2325.749: [GC [PSYoungGen: 52224K->256K(58880K)] 528073K->476105K(779776K), 0.0112992 secs] [Times: user=0.06 sys=0.00, real=0.01 secs]
2325.749: [GC [PSYoungGen: 52224K->256K(58880K)] 528073K->476105K(779776K), 0.0112992 secs] [Times: user=0.06 sys=0.00, real=0.01 secs]
2325.749: [GC [PSYoungGen: 52224K->256K(58880K)] 528073K->476105K(779776K), 0.0112992 secs] [Times: user=0.06 sys=0.00, real=0.01 secs]
2325.749: [GC [PSYoungGen: 52224K->256K(58880K)] 528073K->476105K(779776K), 0.0112992 secs] [Times: user=0.06 sys=0.00, real=0.01 secs]
2325.749: [GC [PSYoungGen: 52224K->256K(58880K)] 528073K->476105K(779776K), 0.0112992 secs] [Times: user=0.06 sys=0.00, real=0.01 secs]
2325.749: [GC [PSYoungGen: 52224K->256K(58880K)] 528073K->476105K(779776K), 0.0112992 secs] [Times: user=0.06 sys=0.00, real=0.01 secs]
2325.749: [GC [PSYoungGen: 52224K->256K(58880K)] 528073K->476105K(779776K), 0.0112992 secs] [Times: user=0.06 sys=0.00, real=0.01 secs]
2325.749: [GC [PSYoungGen: 52224K->256K(58880K)] 528073K->476105K(779776K), 0.0112992 secs] [Times: user=0.06 sys=0.00, real=0.01 secs]
2325.749: [GC [PSYoungGen: 52224K->256K(58880K)] 528073K->476105K(779776K), 0.0112992 secs] [Times: user=0.06 sys=0.00, real=0.01 secs]
2325.749: [GC [PSYoungGen: 52224K->256K(58880K)] 528073K->476105K(779776K), 0.0112992 secs] [Times: user=0.06 sys=0.00, real=0.01 secs]
2325.749: [GC [PSYoungGen: 52224K->256K(58880K)] 528073K->476105K(779776K), 0.0112992 secs] [Times: user=0.06 sys=0.00, real=0.01 secs]
2325.749: [GC [PSYoungGen: 52224K->256K(58880K)] 528073K->476105K(779776K), 0.0112992 secs] [Times: user=0.06 sys=0.00, real=0.01 secs]
2325.749: [GC [PSYoungGen: 52224K->256K(58880K)] 528073K->476105K(779776K), 0.0112992 secs] [Times: user=0.06 sys=0.00, real=0.01 secs]
2325.749: [GC [PSYoungGen: 52224K->256K(58880K)] 528073K->476105K(779776K), 0.0112992 secs] [Times: user=0.06 sys=0.00, real=0.01 secs]
2325.749: [GC [PSYoungGen: 52224K->256K(58880K)] 528073K->476105K(779776K), 0.0112992 secs] [Times: user=0.06 sys=0.00, real=0.01 secs]
2325.749: [GC [PSYoungGen: 52224K->256K(58880K)] 528073K->476105K(779776K), 0.0112992 secs] [Times: user=0.06 sys=0.00, real=0.01 secs]
2325.749: [GC [PSYoungGen: 52224K->256K(58880K)] 528073K->476105K(779776K), 0.0112992 secs] [Times: user=0.06 sys=0.00, real=0.01 secs]
2325.749: [GC [PSYoungGen: 52224K->256K(58880K)] 528073K->476105K(779776K), 0.0112992 secs] [Times: user=0.06 sys=0.00, real=0.01 secs]
2325.749: [GC [PSYoungGen: 52224K->256K(58880K)] 528073K->476105K(779776K), 0.0112992 secs] [Times: user=0.06 sys=0.00, real=0.01 secs]
2325.749: [GC [PSYoungGen: 52224K->256K(58880K)] 528073K->476105K(779776K), 0.0112992 secs] [Times: user=0.06 sys=0.00, real=0.01 secs]
2325.749: [GC [PSYoungGen: 52224K->256K(58880K)] 528073K->476105K(779776K), 0.0112992 secs] [Times: user=0.06 sys=0.00, real=0.01 secs]
2325.749: [GC [PSYoungGen: 52224K->256K(58880K)] 528073K->476105K(779776K), 0.0112992 secs] [Times: user=0.06 sys=0.00, real=0.01 secs]
2325.749: [GC [PSYoungGen: 52224K->256K(58880K)] 528073K->476105K(779776K), 0.0112992 secs] [Times: user=0.06 sys=0.00, real=0.01 secs]
2325.749: [GC [PSYoungGen: 52224K->256K(58880K)] 528073K->476105K(779776K), 0.0112992 secs] [Times: user=0.06 sys=0.00, real=0.01 secs]
2325.749: [GC [PSYoungGen: 52224K->256K(58880K)] 528073K->476105K(779776K), 0.0112992 secs] [Times: user=0.06 sys=0.00, real=0.01 secs]
2325.749: [GC [PSYoungGen: 52224K->256K(58880K)] 528073K->476105K(779776K), 0.0112992 secs] [Times: user=0.06 sys=0.00, real=0.01 secs]
2325.749: [GC [PSYoungGen: 52224K->256K(58880K)] 528073K->476105K(779776K), 0.0112992 secs] [Times: user=0.06 sys=0.00, real=0.01 secs]
2325.749: [GC [PSYoungGen: 52224K->256K(58880K)] 528073K->476105K(779776K), 0.0112992 secs] [Times: user=0.06 sys=0.00, real=0.01 secs]
2325.749: [GC [PSYoungGen: 52224K->256K(58880K)] 528073K->476105K(779776K), 0.0112992 secs] [Times: user=0.06 sys=0.00, real=0.01 secs]
2325.749: [GC [PSYoungGen: 52224K->256K(58880K)] 528073K->476105K(779776K), 0.0112992 secs] [Times: user=0.06 sys=0.00, real=0.01 secs]
2325.749: [GC [PSYoungGen: 52224K->256K(58880K)] 528073K->476105K(779776K), 0.0112992 secs] [Times: user=0.06 sys=0.00, real=0.01 secs]
2325.749: [GC [PSYoungGen: 52224K->256K(58880K)] 528073K->476105K(779776K), 0.0112992 secs] [Times: user=0.06 sys=0.00, real=0.01 secs]
2325.749: [GC [PSYoungGen: 52224K->256K(58880K)] 528073K->476105K(779776K), 0.0112992 secs] [Times: user=0.06 sys=0.00, real=0.01 secs]
2325.749: [GC [PSYoungGen: 52224K->256K(58880K)] 528073K->476105K(779776K), 0.0112992 secs] [Times: user=0.06 sys=0.00, real=0.01 secs]
2325.749: [GC [PSYoungGen: 52224K->256K(58880K)] 528073K->476105K(779776K), 0.0112992 secs] [Times: user=0.06 sys=0.00, real=0.01 secs]
2325.749: [GC [PSYoungGen: 52224K->256K(58880K)] 528073K->476105K(779776K), 0.0112992 secs] [Times: user=0.06 sys=0.00, real=0.01 secs]
2325.749: [GC [PSYoungGen: 52224K->256K(58880K)] 528073K->476105K(779776K), 0.0112992 secs] [Times: user=0.06 sys=0.00, real=0.01 secs]
2325.749: [GC [PSYoungGen: 52224K->256K(58880K)] 528073K->476105K(779776K), 0.0112992 secs] [Times: user=0.06 sys=0.00, real=0.01 secs]
2325.749: [GC [PSYoungGen: 52224K->256K(58880K)] 528073K->476105K(779776K), 0.0112992 secs] [Times: user=0.06 sys=0.00, real=0.01 secs]
2325.749: [GC [PSYoungGen: 52224K->256K(58880K)] 528073K->476105K(779776K), 0.0112992 secs] [Times: user=0.06 sys=0.00, real=0.01 secs]
2325.749: [GC [PSYoungGen: 52224K->256K(58880K)] 528073K->476105K(779776K), 0.0112992 secs] [Times: user=0.06 sys=0.00, real=0.01 secs]
2325.749: [GC [PSYoungGen: 52224K->256K(58880K)] 528073K->476105K(779776K), 0.0112992 secs] [Times: user=0.06 sys=0.00, real=0.01 secs]
2325.749: [GC [PSYoungGen: 52224K->256K(58880K)] 528073K->476105K(779776K), 0.0112992 secs] [Times: user=0.06 sys=0.00, real=0.01 secs]
2325.749: [GC [PSYoungGen: 52224K->256K(58880K)] 528073K->476105K(779776K), 0.0112992 secs] [Times: user=0.06 sys=0.00, real=0.01 secs]
2325.749: [GC [PSYoungGen: 52224K->256K(58880K)] 528073K->476105K(779776K), 0.0112992 secs] [Times: user=0.06 sys=0.00, real=0.01 secs]
2325.749: [GC [PSYoungGen: 52224K->256K(58880K)] 528073K->476105K(779776K), 0.0112992 secs] [Times: user=0.06 sys=0.00, real=0.01 secs]
2325.749: [GC [PSYoungGen: 52224K->256K(58880K)] 528073K->476105K(779776K), 0.0112992 secs] [Times: user=0.06 sys=0.00, real=0.01 secs]
2325.749: [GC [PSYoungGen: 52224K->256K(58880K)] 528073K->476105K(779776K), 0.0112992 secs] [Times: user=0.06 sys=0.00, real=0.01 secs]
2325.749: [GC [PSYoungGen: 52224K->256K(58880K)] 528073K->476105K(779776K), 0.0112992 secs] [Times: user=0.06 sys=0.00, real=0.01 secs]
2325.749: [GC [PSYoungGen: 52224K->256K(58880K)] 528073K->476105K(779776K), 0.0112992 secs] [Times: user=0.06 sys=0.00, real=0.01 secs]
2325.749: [GC [PSYoungGen: 52224K->256K(58880K)] 528073K->476105K(779776K), 0.0112992 secs] [Times: user=0.06 sys=0.00, real=0.01 secs]
2325.749: [GC [PSYoungGen: 52224K->256K(58880K)] 528073K->476105K(779776K), 0.0112992 secs] [Times: user=0.06 sys=0.00, real=0.01 secs]
2325.749: [GC [PSYoungGen: 52224K->256K(58880K)] 528073K->476105K(779776K), 0.0112992 secs] [Times: user=0.06 sys=0.00, real=0.01 secs]
2325.749: [GC [PSYoungGen: 52224K->256K(58880K)] 528073K->476105K(779776K), 0.0112992 secs] [Times: user=0.06 sys=0.00, real=0.01 secs]
2325.749: [GC [PSYoungGen: 52224K->256K(58880K)] 528073K->476105K(779776K), 0.0112992 secs] [Times: user=0.06 sys=0.00, real=0.01 secs]
2325.749: [GC [PSYoungGen: 52224K->256K(58880K)] 528073K->476105K(779776K), 0.0112992 secs] [Times: user=0.06 sys=0.00, real=0.01 secs]
2325.749: [GC [PSYoungGen: 52224K->256K(58880K)] 528073K->476105K(779776K), 0.0112992 secs] [Times: user=0.06 sys=0.00, real=0.01 secs]
2325.749: [GC [PSYoungGen: 52224K->256K(58880K)] 528073K->476105K(779776K), 0.0112992 secs] [Times: user=0.06 sys=0.00, real=0.01 secs]
2325.749: [GC [PSYoungGen: 52224K->256K(58880K)] 528073K->476105K(779776K), 0.0112992 secs] [Times: user=0.06 sys=0.00, real=0.01 secs]
2325.749: [GC [PSYoungGen: 52224K->256K(58880K)] 528073K->476105K(779776K), 0.0112992 secs] [Times: user=0.06 sys=0.00, real=0.01 secs]
2325.749: [GC [PSYoungGen: 52224K->256K(58880K)] 528073K->476105K(779776K), 0.0112992 secs] [Times: user=0.06 sys=0.00, real=0.01 secs]
2325.749: [GC [PSYoungGen: 52224K->256K(58880K)] 528073K->476105K(779776K), 0.0112992 secs] [Times: user=0.06 sys=0.00, real=0.01 secs]
2325.749: [GC [PSYoungGen: 52224K->256K(58880K)] 528073K->476105K(779776K), 0.0112992 secs] [Times: user=0.06 sys=0.00, real=0.01 secs]
2325.749: [GC [PSYoungGen: 52224K->256K(58880K)] 528073K->476105K(779776K), 0.0112992 secs] [Times: user=0.06 sys=0.00, real=0.01 secs]
2325.749: [GC [PSYoungGen: 52224K->256K(58880K)] 528073K->476105K(779776K), 0.0112992 secs] [Times: user=0.06 sys=0.00, real=0.01 secs]
2325.749: [GC [PSYoungGen: 52224K->256K(58880K)] 528073K->476105K(779776K), 0.0112992 secs] [Times: user=0.06 sys=0.00, real=0.01 secs]
2325.749: [GC [PSYoungGen: 52224K->256K(58880K)] 528073K->476105K(779776K), 0.0112992 secs] [Times: user=0.06 sys=0.00, real=0.01 secs]
2325.749: [GC [PSYoungGen: 52224K->256K(58880K)] 528073K->476105K(779776K), 0.0112992 secs] [Times: user=0.06 sys=0.00, real=0.01 secs]
2325.749: [GC [PSYoungGen: 52224K->256K(58880K)] 528073K->476105K(779776K), 0.0112992 secs] [Times: user=0.06 sys=0.00, real=0.01 secs]
2325.749: [GC [PSYoungGen: 52224K->256K(58880K)] 528073K->476105K(779776K), 0.0112992 secs] [Times: user=0.06 sys=0.00, real=0.01 secs]
2325.749: [GC [PSYoungGen: 52224K->256K(58880K)] 528073K->476105K(779776K), 0.0112992 secs] [Times: user=0.06 sys=0.00, real=0.01 secs]
2325.749: [GC [PSYoungGen: 52224K->256K(58880K)] 528073K->476105K(779776K), 0.0112992 secs] [Times: user=0.06 sys=0.00, real=0.01 secs]
2325.749: [GC [PSYoungGen: 52224K->256K(58880K)] 528073K->476105K(779776K), 0.0112992 secs] [Times: user=0.06 sys=0.00, real=0.01 secs]
2325.749: [GC [PSYoungGen: 52224K->256K(58880K)] 528073K->476105K(779776K), 0.0112992 secs] [Times: user=0.06 sys=0.00, real=0.01 secs]
2325.749: [GC [PSYoungGen: 52224K->256K(58880K)] 528073K->476105K(779776K), 0.0112992 secs] [Times: user=0.06 sys=0.00, real=0.01 secs]
2325.749: [GC [PSYoungGen: 52224K->256K(58880K)] 528073K->476105K(779776K), 0.0112992 secs] [Times: user=0.06 sys=0.00, real=0.01 secs]
2325.749: [GC [PSYoungGen: 52224K->256K(58880K)] 528073K->476105K(779776K), 0.0112992 secs] [Times: user=0.06 sys=0.00, real=0.01 secs]
2325.749: [GC [PSYoungGen: 52224K->256K(58880K)] 528073K->476105K(779776K), 0.0112992 secs] [Times: user=0.06 sys=0.00, real=0.01 secs]
2325.749: [GC [PSYoungGen: 52224K->256K(58880K)] 528073K->476105K(779776K), 0.0112992 secs] [Times: user=0.06 sys=0.00, real=0.01 secs]
2325.749: [GC [PSYoungGen: 52224K->256K(58880K)] 528073K->476105K(779776K), 0.0112992 secs] [Times: user=0.06 sys=0.00, real=0.01 secs]
2325.749: [GC [PSYoungGen: 52224K->256K(58880K)] 528073K->476105K(779776K), 0.0112992 secs] [Times: user=0.06 sys=0.00, real=0.01 secs]
2325.749: [GC [PSYoungGen: 52224K->256K(58880K)] 528073K->476105K(779776K), 0.0112992 secs] [Times: user=0.06 sys=0.00, real=0.01 secs]
2325.749: [GC [PSYoungGen: 52224K->256K(58880K)] 528073K->476105K(779776K), 0.0112992 secs] [Times: user=0.06 sys=0.00, real=0.01 secs]
2325.749: [GC [PSYoungGen: 52224K->256K(58880K)] 528073K->476105K(779776K), 0.0112992 secs] [Times: user=0.06 sys=0.00, real=0.01 secs]
2325.749: [GC [PSYoungGen: 52224K->256K(58880K)] 528073K->476105K(779776K), 0.0112992 secs] [Times: user=0.06 sys=0.00, real=0.01 secs]
2325.749: [GC [PSYoungGen: 52224K->256K(58880K)] 528073K->476105K(779776K), 0.0112992 secs] [Times: user=0.06 sys=0.00, real=0.01 secs]
2325.749: [GC [PSYoungGen: 52224K->256K(58880K)] 528073K->476105K(779776K), 0.0112992 secs] [Times: user=0.06 sys=0.00, real=0.01 secs]
2325.749: [GC [PSYoungGen: 52224K->256K(58880K)] 528073K->476105K(779776K), 0.0112992 secs] [Times: user=0.06 sys=0.00, real=0.01 secs]
2325.749: [GC [PSYoungGen: 52224K->256K(58880K)] 528073K->476105K(779776K), 0.0112992 secs] [Times: user=0.06 sys=0.00, real=0.01 secs]
2325.749: [GC [PSYoungGen: 52224K->256K(58880K)] 528073K->476105K(779776K), 0.0112992 secs] [Times: user=0.06 sys=0.00, real=0.01 secs]
2325.749: [GC [PSYoungGen: 52224K->256K(58880K)] 528073K->476105K(779776K), 0.0112992 secs] [Times: user=0.06 sys=0.00, real=0.01 secs]
2325.749: [GC [PSYoungGen: 52224K->256K(58880K)] 528073K->476105K(779776K), 0.0112992 secs] [Times: user=0.06 sys=0.00, real=0.01 secs]
2325.749: [GC [PSYoungGen: 52224K->256K(58880K)] 528073K->476105K(779776K), 0.0112992 secs] [Times: user=0.06 sys=0.00, real=0.01 secs]
2325.749: [GC [PSYoungGen: 52224K->256K(58880K)] 528073K->476105K(779776K), 0.0112992 secs] [Times: user=0.06 sys=0.00, real=0.01 secs]
2325.749: [GC [PSYoungGen: 52224K->256K(58880K)] 528073K->476105K(779776K), 0.0112992 secs] [Times: user=0.06 sys=0.00, real=0.01 secs]
2325.749: [GC [PSYoungGen: 52224K->256K(58880K)] 528073K->476105K(779776K), 0.0112992 secs] [Times: user=0.06 sys=0.00, real=0.01 secs]
2325.749: [GC [PSYoungGen: 52224K->256K(58880K)] 528073K->476105K(779776K), 0.0112992 secs] [Times: user=0.06 sys=0.00, real=0.01 secs]
2325.749: [GC [PSYoungGen: 52224K->256K(58880K)] 528073K->476105K(779776K), 0.0112992 secs] [Times: user=0.06 sys=0.00, real=0.01 secs]
2325.749: [GC [PSYoungGen: 52224K->256K(58880K)] 528073K->476105K(779776K), 0.0112992 secs] [Times: user=0.06 sys=0.00, real=0.01 secs]
2325.749: [GC [PSYoungGen: 52224K->256K(58880K)] 528073K->476105K(779776K), 0.0112992 secs] [Times: user=0.06 sys=0.00, real=0.01 secs]
2325.749: [GC [PSYoungGen: 52224K->256K(58880K)] 528073K->476105K(779776K), 0.0112992 secs] [Times: user=0.06 sys=0.00, real=0.01 secs]
2325.749: [GC [PSYoungGen: 52224K->256K(58880K)] 528073K->476105K(779776K), 0.0112992 secs] [Times: user=0.06 sys=0.00, real=0.01 secs]
2325.749: [GC [PSYoungGen: 52224K->256K(58880K)] 528073K->476105K(779776K), 0.0112992 secs] [Times: user=0.06 sys=0.00, real=0.01 secs]
2325.749: [GC [PSYoungGen: 52224K->256K(58880K)] 528073K->476105K(779776K), 0.0112992 secs] [Times: user=0.06 sys=0.00, real=0.01 secs]
2325.749: [GC [PSYoungGen: 52224K->256K(58880K)] 528073K->476105K(779776K), 0.0112992 secs] [Times: user=0.06 sys=0.00, real=0.01 secs]
2325.749: [GC [PSYoungGen: 52224K->256K(58880K)] 528073K->476105K(779776K), 0.0112992 secs] [Times: user=0.06 sys=0.00, real=0.01 secs]
2325.749: [GC [PSYoungGen: 52224K->256K(58880K)] 528073K->476105K(779776K), 0.0112992 secs] [Times: user=0.06 sys=0.00, real=0.01 secs]
2325.749: [GC [PSYoungGen: 52224K->256K(58880K)] 528073K->476105K(779776K), 0.0112992 secs] [Times: user=0.06 sys=0.00, real=0.01 secs]
2325.749: [GC [PSYoungGen: 52224K->256K(58880K)] 528073K->476105K(779776K), 0.0112992 secs] [Times: user=0.06 sys=0.00, real=0.01 secs]
2325.749: [GC [PSYoungGen: 52224K->256K(58880K)] 528073K->476105K(779776K), 0.0112992 secs] [Times: user=0.06 sys=0.00, real=0.01 secs]
2325.749: [GC [PSYoungGen: 52224K->256K(58880K)] 528073K->476105K(779776K), 0.0112992 secs] [Times: user=0.06 sys=0.00, real=0.01 secs]
2325.749: [GC [PSYoungGen: 52224K->256K(58880K)] 528073K->476105K(779776K), 0.0112992 secs] [Times: user=0.06 sys=0.00, real=0.01 secs]
2325.749: [GC [PSYoungGen: 52224K->256K(58880K)] 528073K->476105K(779776K), 0.0112992 secs] [Times: user=0.06 sys=0.00, real=0.01 secs]
2325.749: [GC [PSYoungGen: 52224K->256K(58880K)] 528073K->476105K(779776K), 0.0112992 secs] [Times: user=0.06 sys=0.00, real=0.01 secs]
2325.749: [GC [PSYoungGen: 52224K->256K(58880K)] 528073K->476105K(779776K), 0.0112992 secs] [Times: user=0.06 sys=0.00, real=0.01 secs]
2325.749: [GC [PSYoungGen: 52224K->256K(58880K)] 528073K->476105K(779776K), 0.0112992 secs] [Times: user=0.06 sys=0.00, real=0.01 secs]
2325.749: [GC [PSYoungGen: 52224K->256K(58880K)] 528073K->476105K(779776K), 0.0112992 secs] [Times: user=0.06 sys=0.00, real=0.01 secs]
2325.749: [GC [PSYoungGen: 52224K->256K(58880K)] 528073K->476105K(779776K), 0.0112992 secs] [Times: user=0.06 sys=0.00, real=0.01 secs]
2325.749: [GC [PSYoungGen: 52224K->256K(58880K)] 528073K->476105K(779776K), 0.0112992 secs] [Times: user=0.06 sys=0.00, real=0.01 secs]
2325.749: [GC [PSYoungGen: 52224K->256K(58880K)] 528073K->476105K(779776K), 0.0112992 secs] [Times: user=0.06 sys=0.00, real=0.01 secs]
2325.749: [GC [PSYoungGen: 52224K->256K(58880K)] 528073K->476105K(779776K), 0.0112992 secs] [Times: user=0.06 sys=0.00, real=0.01 secs]
2325.749: [GC [PSYoungGen: 52224K->256K(58880K)] 528073K->476105K(779776K), 0.0112992 secs] [Times: user=0.06 sys=0.00, real=0.01 secs]
2325.749: [GC [PSYoungGen: 52224K->256K(58880K)] 528073K->476105K(779776K), 0.0112992 secs] [Times: user=0.06 sys=0.00, real=0.01 secs]
2325.749: [GC [PSYoungGen: 52224K->256K(58880K)] 528073K->476105K(779776K), 0.0112992 secs] [Times: user=0.06 sys=0.00, real=0.01 secs]
2325.749: [GC [PSYoungGen: 52224K->256K(58880K)] 528073K->476105K(779776K), 0.0112992 secs] [Times: user=0.06 sys=0.00, real=0.01 secs]
2325.749: [GC [PSYoungGen: 52224K->256K(58880K)] 528073K->476105K(779776K), 0.0112992 secs] [Times: user=0.06 sys=0.00, real=0.01 secs]
2325.749: [GC [PSYoungGen: 52224K->256K(58880K)] 528073K->476105K(779776K), 0.0112992 secs] [Times: user=0.06 sys=0.00, real=0.01 secs]
2325.749: [GC [PSYoungGen: 52224K->256K(58880K)] 528073K->476105K(779776K), 0.0112992 secs] [Times: user=0.06 sys=0.00, real=0.01 secs]
2325.749: [GC [PSYoungGen: 52224K->256K(58880K)] 528073K->476105K(779776K), 0.0112992 secs] [Times: user=0.06 sys=0.00, real=0.01 secs]
2325.749: [GC [PSYoungGen: 52224K->256K(58880K)] 528073K->476105K(779776K), 0.0112992 secs] [Times: user=0.06 sys=0.00, real=0.01 secs]
2325.749: [GC [PSYoungGen: 52224K->256K(58880K)] 528073K->476105K(779776K), 0.0112992 secs] [Times: user=0.06 sys=0.00, real=0.01 secs]
2325.749: [GC [PSYoungGen: 52224K->256K(58880K)] 528073K->476105K(779776K), 0.0112992 secs] [Times: user=0.06 sys=0.00, real=0.01 secs]
2325.749: [GC [PSYoungGen: 52224K->256K(58880K)] 528073K->476105K(779776K), 0.0112992 secs] [Times: user=0.06 sys=0.00, real=0.01 secs]
2325.749: [GC [PSYoungGen: 52224K->256K(58880K)] 528073K->476105K(779776K), 0.0112992 secs] [Times: user=0.06 sys=0.00, real=0.01 secs]
2325.749: [GC [PSYoungGen: 52224K->256K(58880K)] 528073K->476105K(779776K), 0.0112992 secs] [Times: user=0.06 sys=0.00, real=0.01 secs]
2325.749: [GC [PSYoungGen: 52224K->256K(58880K)] 528073K->476105K(779776K), 0.0112992 secs] [Times: user=0.06 sys=0.00, real=0.01 secs]
2325.749: [GC [PSYoungGen: 52224K->256K(58880K)] 528073K->476105K(779776K), 0.0112992 secs] [Times: user=0.06 sys=0.00, real=0.01 secs]
2325.749: [GC [PSYoungGen: 52224K->256K(58880K)] 528073K->476105K(779776K), 0.0112992 secs] [Times: user=0.06 sys=0.00, real=0.01 secs]
2325.749: [GC [PSYoungGen: 52224K->256K(58880K)] 528073K->476105K(779776K), 0.0112992 secs] [Times: user=0.06 sys=0.00, real=0.01 secs]
2325.749: [GC [PSYoungGen: 52224K->256K(58880K)] 528073K->476105K(779776K), 0.0112992 secs] [Times: user=0.06 sys=0.00, real=0.01 secs]
2325.749: [GC [PSYoungGen: 52224K->256K(58880K)] 528073K->476105K(779776K), 0.0112992 secs] [Times: user=0.06 sys=0.00, real=0.01 secs]
2325.749: [GC [PSYoungGen: 52224K->256K(58880K)] 528073K->476105K(779776K), 0.0112992 secs] [Times: user=0.06 sys=0.00, real=0.01 secs]
2325.749: [GC [PSYoungGen: 52224K->256K(58880K)] 528073K->476105K(779776K), 0.0112992 secs] [Times: user=0.06 sys=0.00, real=0.01 secs]
2325.749: [GC [PSYoungGen: 52224K->256K(58880K)] 528073K->476105K(779776K), 0.0112992 secs] [Times: user=0.06 sys=0.00, real=0.01 secs]
2325.749: [GC [PSYoungGen: 52224K->256K(58880K)] 528073K->476105K(779776K), 0.0112992 secs] [Times: user=0.06 sys=0.00, real=0.01 secs]
2325.749: [GC [PSYoungGen: 52224K->256K(58880K)] 528073K->476105K(779776K), 0.0112992 secs] [Times: user=0.06 sys=0.00, real=0.01 secs]
2325.749: [GC [PSYoungGen: 52224K->256K(58880K)] 528073K->476105K(779776K), 0.0112992 secs] [Times: user=0.06 sys=0.00, real=0.01 secs]
2325.749: [GC [PSYoungGen: 52224K->256K(58880K)] 528073K->476105K(779776K), 0.0112992 secs] [Times: user=0.06 sys=0.00, real=0.01 secs]
2325.749: [GC [PSYoungGen: 52224K->256K(58880K)] 528073K->476105K(779776K), 0.0112992 secs] [Times: user=0.06 sys=0.00, real=0.01 secs]
2325.749: [GC [PSYoungGen: 52224K->256K(58880K)] 528073K->476105K(779776K), 0.0112992 secs] [Times: user=0.06 sys=0.00, real=0.01 secs]
2325.749: [GC [PSYoungGen: 52224K->256K(58880K)] 528073K->476105K(779776K), 0.0112992 secs] [Times: user=0.06 sys=0.00, real=0.01 secs]
2325.749: [GC [PSYoungGen: 52224K->256K(58880K)] 528073K->476105K(779776K), 0.0112992 secs] [Times: user=0.06 sys=0.00, real=0.01 secs]
2325.749: [GC [PSYoungGen: 52224K->256K(58880K)] 528073K->476105K(779776K), 0.0112992 secs] [Times: user=0.06 sys=0.00, real=0.01 secs]
2325.749: [GC [PSYoungGen: 52224K->256K(58880K)] 528073K->476105K(779776K), 0.0112992 secs] [Times: user=0.06 sys=0.00, real=0.01 secs]
2325.749: [GC [PSYoungGen: 52224K->256K(58880K)] 528073K->476105K(779776K), 0.0112992 secs] [Times: user=0.06 sys=0.00, real=0.01 secs]
2325.749: [GC [PSYoungGen: 52224K->256K(58880K)] 528073K->476105K(779776K), 0.0112992 secs] [Times: user=0.06 sys=0.00, real=0.01 secs]
2325.749: [GC [PSYoungGen: 52224K->256K(58880K)] 528073K->476105K(779776K), 0.0112992 secs] [Times: user=0.06 sys=0.00, real=0.01 secs]
2325.749: [GC [PSYoungGen: 52224K->256K(58880K)] 528073K->476105K(779776K), 0.0112992 secs] [Times: user=0.06 sys=0.00, real=0.01 secs]
2325.749: [GC [PSYoungGen: 52224K->256K(58880K)] 528073K->476105K(779776K), 0.0112992 secs] [Times: user=0.06 sys=0.00, real=0.01 secs]
2325.749: [GC [PSYoungGen: 52224K->256K(58880K)] 528073K->476105K(779776K), 0.0112992 secs] [Times: user=0.06 sys=0.00, real=0.01 secs]
2325.749: [GC [PSYoungGen: 52224K->256K(58880K)] 528073K->476105K(779776K), 0.0112992 secs] [Times: user=0.06 sys=0.00, real=0.01 secs]
2325.749: [GC [PSYoungGen: 52224K->256K(58880K)] 528073K->476105K(779776K), 0.0112992 secs] [Times: user=0.06 sys=0.00, real=0.01 secs]
2325.749: [GC [PSYoungGen: 52224K->256K(58880K)] 528073K->476105K(779776K), 0.0112992 secs] [Times: user=0.06 sys=0.00, real=0.01 secs]
2325.749: [GC [PSYoungGen: 52224K->256K(58880K)] 528073K->476105K(779776K), 0.0112992 secs] [Times: user=0.06 sys=0.00, real=0.01 secs]
2325.749: [GC [PSYoungGen: 52224K->256K(58880K)] 528073K->476105K(779776K), 0.0112992 secs] [Times: user=0.06 sys=0.00, real=0.01 secs]
2325.749: [GC [PSYoungGen: 52224K->256K(58880K)] 528073K->476105K(779776K), 0.0112992 secs] [Times: user=0.06 sys=0.00, real=0.01 secs]
2325.749: [GC [PSYoungGen: 52224K->256K(58880K)] 528073K->476105K(779776K), 0.0112992 secs] [Times: user=0.06 sys=0.00, real=0.01 secs]
2325.749: [GC [PSYoungGen: 52224K->256K(58880K)] 528073K->476105K(779776K), 0.0112992 secs] [Times: user=0.06 sys=0.00, real=0.01 secs]
2325.749: [GC [PSYoungGen: 52224K->256K(58880K)] 528073K->476105K(779776K), 0.0112992 secs] [Times: user=0.06 sys=0.00, real=0.01 secs]
2325.749: [GC [PSYoungGen: 52224K->256K(58880K)] 528073K->476105K(779776K), 0.0112992 secs] [Times: user=0.06 sys=0.00, real=0.01 secs]
2325.749: [GC [PSYoungGen: 52224K->256K(58880K)] 528073K->476105K(779776K), 0.0112992 secs] [Times: user=0.06 sys=0.00, real=0.01 secs]
2325.749: [GC [PSYoungGen: 52224K->256K(58880K)] 528073K->476105K(779776K), 0.0112992 secs] [Times: user=0.06 sys=0.00, real=0.01 secs]
2325.749: [GC [PSYoungGen: 52224K->256K(58880K)] 528073K->476105K(779776K), 0.0112992 secs] [Times: user=0.06 sys=0.00, real=0.01 secs]
2325.749: [GC [PSYoungGen: 52224K->256K(58880K)] 528073K->476105K(779776K), 0.0112992 secs] [Times: user=0.06 sys=0.00, real=0.01 secs]
2325.749: [GC [PSYoungGen: 52224K->256K(58880K)] 528073K->476105K(779776K), 0.0112992 secs] [Times: user=0.06 sys=0.00, real=0.01 secs]
2325.749: [GC [PSYoungGen: 52224K->256K(58880K)] 528073K->476105K(779776K), 0.0112992 secs] [Times: user=0.06 sys=0.00, real=0.01 secs]
2325.749: [GC [PSYoungGen: 52224K->256K(58880K)] 528073K->476105K(779776K), 0.0112992 secs] [Times: user=0.06 sys=0.00, real=0.01 secs]
2325.749: [GC [PSYoungGen: 52224K->256K(58880K)] 528073K->476105K(779776K), 0.0112992 secs] [Times: user=0.06 sys=0.00, real=0.01 secs]
2325.749: [GC [PSYoungGen: 52224K->256K(58880K)] 528073K->476105K(779776K), 0.0112992 secs] [Times: user=0.06 sys=0.00, real=0.01 secs]
2325.749: [GC [PSYoungGen: 52224K->256K(58880K)] 528073K->476105K(779776K), 0.0112992 secs] [Times: user=0.06 sys=0.00, real=0.01 secs]
2325.749: [GC [PSYoungGen: 52224K->256K(58880K)] 528073K->476105K(779776K), 0.0112992 secs] [Times: user=0.06 sys=0.00, real=0.01 secs]
2325.749: [GC [PSYoungGen: 52224K->256K(58880K)] 528073K->476105K(779776K), 0.0112992 secs] [Times: user=0.06 sys=0.00, real=0.01 secs]
2325.749: [GC [PSYoungGen: 52224K->256K(58880K)] 528073K->476105K(779776K), 0.0112992 secs] [Times: user=0.06 sys=0.00, real=0.01 secs]
2325.749: [GC [PSYoungGen: 52224K->256K(58880K)] 528073K->476105K(779776K), 0.0112992 secs] [Times: user=0.06 sys=0.00, real=0.01 secs]
2325.749: [GC [PSYoungGen: 52224K->256K(58880K)] 528073K->476105K(779776K), 0.0112992 secs] [Times: user=0.06 sys=0.00, real=0.01 secs]
2325.749: [GC [PSYoungGen: 52224K->256K(58880K)] 528073K->476105K(779776K), 0.0112992 secs] [Times: user=0.06 sys=0.00, real=0.01 secs]
2325.749: [GC [PSYoungGen: 52224K->256K(58880K)] 528073K->476105K(779776K), 0.0112992 secs] [Times: user=0.06 sys=0.00, real=0.01 secs]
2325.749: [GC [PSYoungGen: 52224K->256K(58880K)] 528073K->476105K(779776K), 0.0112992 secs] [Times: user=0.06 sys=0.00, real=0.01 secs]
2325.749: [GC [PSYoungGen: 52224K->256K(58880K)] 528073K->476105K(779776K), 0.0112992 secs] [Times: user=0.06 sys=0.00, real=0.01 secs]
2325.749: [GC [PSYoungGen: 52224K->256K(58880K)] 528073K->476105K(779776K), 0.0112992 secs] [Times: user=0.06 sys=0.00, real=0.01 secs]
2325.749: [GC [PSYoungGen: 52224K->256K(58880K)] 528073K->476105K(779776K), 0.0112992 secs] [Times: user=0.06 sys=0.00, real=0.01 secs]
2325.749: [GC [PSYoungGen: 52224K->256K(58880K)] 528073K->476105K(779776K), 0.0112992 secs] [Times: user=0.06 sys=0.00, real=0.01 secs]
2325.749: [GC [PSYoungGen: 52224K->256K(58880K)] 528073K->476105K(779776K), 0.0112992 secs] [Times: user=0.06 sys=0.00, real=0.01 secs]
2325.749: [GC [PSYoungGen: 52224K->256K(58880K)] 528073K->476105K(779776K), 0.0112992 secs] [Times: user=0.06 sys=0.00, real=0.01 secs]
2325.749: [GC [PSYoungGen: 52224K->256K(58880K)] 528073K->476105K(779776K), 0.0112992 secs] [Times: user=0.06 sys=0.00, real=0.01 secs]
2325.749: [GC [PSYoungGen: 52224K->256K(58880K)] 528073K->476105K(779776K), 0.0112992 secs] [Times: user=0.06 sys=0.00, real=0.01 secs]
2325.749: [GC [PSYoungGen: 52224K->256K(58880K)] 528073K->476105K(779776K), 0.0112992 secs] [Times: user=0.06 sys=0.00, real=0.01 secs]
2325.749: [GC [PSYoungGen: 52224K->256K(58880K)] 528073K->476105K(779776K), 0.0112992 secs] [Times: user=0.06 sys=0.00, real=0.01 secs]
2325.749: [GC [PSYoungGen: 52224K->256K(58880K)] 528073K->476105K(779776K), 0.0112992 secs] [Times: user=0.06 sys=0.00, real=0.01 secs]
2325.749: [GC [PSYoungGen: 52224K->256K(58880K)] 528073K->476105K(779776K), 0.0112992 secs] [Times: user=0.06 sys=0.00, real=0.01 secs]
2325.749: [GC [PSYoungGen: 52224K->256K(58880K)] 528073K->476105K(779776K), 0.0112992 secs] [Times: user=0.06 sys=0.00, real=0.01 secs]
2325.749: [GC [PSYoungGen: 52224K->256K(58880K)] 528073K->476105K(779776K), 0.0112992 secs] [Times: user=0.06 sys=0.00, real=0.01 secs]
2325.749: [GC [PSYoungGen: 52224K->256K(58880K)] 528073K->476105K(779776K), 0.0112992 secs] [Times: user=0.06 sys=0.00, real=0.01 secs]
2325.749: [GC [PSYoungGen: 52224K->256K(58880K)] 528073K->476105K(779776K), 0.0112992 secs] [Times: user=0.06 sys=0.00, real=0.01 secs]
2325.749: [GC [PSYoungGen: 52224K->256K(58880K)] 528073K->476105K(779776K), 0.0112992 secs] [Times: user=0.06 sys=0.00, real=0.01 secs]
2325.749: [GC [PSYoungGen: 52224K->256K(58880K)] 528073K->476105K(779776K), 0.0112992 secs] [Times: user=0.06 sys=0.00, real=0.01 secs]
2325.749: [GC [PSYoungGen: 52224K->256K(58880K)] 528073K->476105K(779776K), 0.0112992 secs] [Times: user=0.06 sys=0.00, real=0.01 secs]
2325.749: [GC [PSYoungGen: 52224K->256K(58880K)] 528073K->476105K(779776K), 0.0112992 secs] [Times: user=0.06 sys=0.00, real=0.01 secs]
2325.749: [GC [PSYoungGen: 52224K->256K(58880K)] 528073K->476105K(779776K), 0.0112992 secs] [Times: user=0.06 sys=0.00, real=0.01 secs]
2325.749: [GC [PSYoungGen: 52224K->256K(58880K)] 528073K->476105K(779776K), 0.0112992 secs] [Times: user=0.06 sys=0.00, real=0.01 secs]
2325.749: [GC [PSYoungGen: 52224K->256K(58880K)] 528073K->476105K(779776K), 0.0112992 secs] [Times: user=0.06 sys=0.00, real=0.01 secs]
2325.749: [GC [PSYoungGen: 52224K->256K(58880K)] 528073K->476105K(779776K), 0.0112992 secs] [Times: user=0.06 sys=0.00, real=0.01 secs]
2325.749: [GC [PSYoungGen: 52224K->256K(58880K)] 528073K->476105K(779776K), 0.0112992 secs] [Times: user=0.06 sys=0.00, real=0.01 secs]
2325.749: [GC [PSYoungGen: 52224K->256K(58880K)] 528073K->476105K(779776K), 0.0112992 secs] [Times: user=0.06 sys=0.00, real=0.01 secs]
2325.749: [GC [PSYoungGen: 52224K->256K(58880K)] 528073K->476105K(779776K), 0.0112992 secs] [Times: user=0.06 sys=0.00, real=0.01 secs]
2325.749: [GC [PSYoungGen: 52224K->256K(58880K)] 528073K->476105K(779776K), 0.0112992 secs] [Times: user=0.06 sys=0.00, real=0.01 secs]
2325.749: [GC [PSYoungGen: 52224K->256K(58880K)] 528073K->476105K(779776K), 0.0112992 secs] [Times: user=0.06 sys=0.00, real=0.01 secs]
2325.749: [GC [PSYoungGen: 52224K->256K(58880K)] 528073K->476105K(779776K), 0.0112992 secs] [Times: user=0.06 sys=0.00, real=0.01 secs]
2325.749: [GC [PSYoungGen: 52224K->256K(58880K)] 528073K->476105K(779776K), 0.0112992 secs] [Times: user=0.06 sys=0.00, real=0.01 secs]
2325.749: [GC [PSYoungGen: 52224K->256K(58880K)] 528073K->476105K(779776K), 0.0112992 secs] [Times: user=0.06 sys=0.00, real=0.01 secs]
2325.749: [GC [PSYoungGen: 52224K->256K(58880K)] 528073K->476105K(779776K), 0.0112992 secs] [Times: user=0.06 sys=0.00, real=0.01 secs]
2325.749: [GC [PSYoungGen: 52224K->256K(58880K)] 528073K->476105K(779776K), 0.0112992 secs] [Times: user=0.06 sys=0.00, real=0.01 secs]
2325.749: [GC [PSYoungGen: 52224K->256K(58880K)] 528073K->476105K(779776K), 0.0112992 secs] [Times: user=0.06 sys=0.00, real=0.01 secs]
2325.749: [GC [PSYoungGen: 52224K->256K(58880K)] 528073K->476105K(779776K), 0.0112992 secs] [Times: user=0.06 sys=0.00, real=0.01 secs]
2325.749: [GC [PSYoungGen: 52224K->256K(58880K)] 528073K->476105K(779776K), 0.0112992 secs] [Times: user=0.06 sys=0.00, real=0.01 secs]
2325.749: [GC [PSYoungGen: 52224K->256K(58880K)] 528073K->476105K(779776K), 0.0112992 secs] [Times: user=0.06 sys=0.00, real=0.01 secs]
2325.749: [GC [PSYoungGen: 52224K->256K(58880K)] 528073K->476105K(779776K), 0.0112992 secs] [Times: user=0.06 sys=0.00, real=0.01 secs]
2325.749: [GC [PSYoungGen: 52224K->256K(58880K)] 528073K->476105K(779776K), 0.0112992 secs] [Times: user=0.06 sys=0.00, real=0.01 secs]
2325.749: [GC [PSYoungGen: 52224K->256K(58880K)] 528073K->476105K(779776K), 0.0112992 secs] [Times: user=0.06 sys=0.00, real=0.01 secs]
2325.749: [GC [PSYoungGen: 52224K->256K(58880K)] 528073K->476105K(779776K), 0.0112992 secs] [Times: user=0.06 sys=0.00, real=0.01 secs]
2325.749: [GC [PSYoungGen: 52224K->256K(58880K)] 528073K->476105K(779776K), 0.0112992 secs] [Times: user=0.06 sys=0.00, real=0.01 secs]
2325.749: [GC [PSYoungGen: 52224K->256K(58880K)] 528073K->476105K(779776K), 0.0112992 secs] [Times: user=0.06 sys=0.00, real=0.01 secs]
2325.749: [GC [PSYoungGen: 52224K->256K(58880K)] 528073K->476105K(779776K), 0.0112992 secs] [Times: user=0.06 sys=0.00, real=0.01 secs]
2325.749: [GC [PSYoungGen: 52224K->256K(58880K)] 528073K->476105K(779776K), 0.0112992 secs] [Times: user=0.06 sys=0.00, real=0.01 secs]
2325.749: [GC [PSYoungGen: 52224K->256K(58880K)] 528073K->476105K(779776K), 0.0112992 secs] [Times: user=0.06 sys=0.00, real=0.01 secs]
2325.749: [GC [PSYoungGen: 52224K->256K(58880K)] 528073K->476105K(779776K), 0.0112992 secs] [Times: user=0.06 sys=0.00, real=0.01 secs]
2325.749: [GC [PSYoungGen: 52224K->256K(58880K)] 528073K->476105K(779776K), 0.0112992 secs] [Times: user=0.06 sys=0.00, real=0.01 secs]
2325.749: [GC [PSYoungGen: 52224K->256K(58880K)] 528073K->476105K(779776K), 0.0112992 secs] [Times: user=0.06 sys=0.00, real=0.01 secs]
2325.749: [GC [PSYoungGen: 52224K->256K(58880K)] 528073K->476105K(779776K), 0.0112992 secs] [Times: user=0.06 sys=0.00, real=0.01 secs]
2325.749: [GC [PSYoungGen: 52224K->256K(58880K)] 528073K->476105K(779776K), 0.0112992 secs] [Times: user=0.06 sys=0.00, real=0.01 secs]
2325.749: [GC [PSYoungGen: 52224K->256K(58880K)] 528073K->476105K(779776K), 0.0112992 secs] [Times: user=0.06 sys=0.00, real=0.01 secs]
2325.749: [GC [PSYoungGen: 52224K->256K(58880K)] 528073K->476105K(779776K), 0.0112992 secs] [Times: user=0.06 sys=0.00, real=0.01 secs]
2325.749: [GC [PSYoungGen: 52224K->256K(58880K)] 528073K->476105K(779776K), 0.0112992 secs] [Times: user=0.06 sys=0.00, real=0.01 secs]
2325.749: [GC [PSYoungGen: 52224K->256K(58880K)] 528073K->476105K(779776K), 0.0112992 secs] [Times: user=0.06 sys=0.00, real=0.01 secs]
2325.749: [GC [PSYoungGen: 52224K->256K(58880K)] 528073K->476105K(779776K), 0.0112992 secs] [Times: user=0.06 sys=0.00, real=0.01 secs]
2325.749: [GC [PSYoungGen: 52224K->256K(58880K)] 528073K->476105K(779776K), 0.0112992 secs] [Times: user=0.06 sys=0.00, real=0.01 secs]
2325.749: [GC [PSYoungGen: 52224K->256K(58880K)] 528073K->476105K(779776K), 0.0112992 secs] [Times: user=0.06 sys=0.00, real=0.01 secs]
2325.749: [GC [PSYoungGen: 52224K->256K(58880K)] 528073K->476105K(779776K), 0.0112992 secs] [Times: user=0.06 sys=0.00, real=0.01 secs]
2325.749: [GC [PSYoungGen: 52224K->256K(58880K)] 528073K->476105K(779776K), 0.0112992 secs] [Times: user=0.06 sys=0.00, real=0.01 secs]
2325.749: [GC [PSYoungGen: 52224K->256K(58880K)] 528073K->476105K(779776K), 0.0112992 secs] [Times: user=0.06 sys=0.00, real=0.01 secs]
2325.749: [GC [PSYoungGen: 52224K->256K(58880K)] 528073K->476105K(779776K), 0.0112992 secs] [Times: user=0.06 sys=0.00, real=0.01 secs]
2325.749: [GC [PSYoungGen: 52224K->256K(58880K)] 528073K->476105K(779776K), 0.0112992 secs] [Times: user=0.06 sys=0.00, real=0.01 secs]
2325.749: [GC [PSYoungGen: 52224K->256K(58880K)] 528073K->476105K(779776K), 0.0112992 secs] [Times: user=0.06 sys=0.00, real=0.01 secs]
2325.749: [GC [PSYoungGen: 52224K->256K(58880K)] 528073K->476105K(779776K), 0.0112992 secs] [Times: user=0.06 sys=0.00, real=0.01 secs]
2325.749: [GC [PSYoungGen: 52224K->256K(58880K)] 528073K->476105K(779776K), 0.0112992 secs] [Times: user=0.06 sys=0.00, real=0.01 secs]
2325.749: [GC [PSYoungGen: 52224K->256K(58880K)] 528073K->476105K(779776K), 0.0112992 secs] [Times: user=0.06 sys=0.00, real=0.01 secs]
2325.749: [GC [PSYoungGen: 52224K->256K(58880K)] 528073K->476105K(779776K), 0.0112992 secs] [Times: user=0.06 sys=0.00, real=0.01 secs]
2325.749: [GC [PSYoungGen: 52224K->256K(58880K)] 528073K->476105K(779776K), 0.0112992 secs] [Times: user=0.06 sys=0.00, real=0.01 secs]
2325.749: [GC [PSYoungGen: 52224K->256K(58880K)] 528073K->476105K(779776K), 0.0112992 secs] [Times: user=0.06 sys=0.00, real=0.01 secs]
2325.749: [GC [PSYoungGen: 52224K->256K(58880K)] 528073K->476105K(779776K), 0.0112992 secs] [Times: user=0.06 sys=0.00, real=0.01 secs]
2325.749: [GC [PSYoungGen: 52224K->256K(58880K)] 528073K->476105K(779776K), 0.0112992 secs] [Times: user=0.06 sys=0.00, real=0.01 secs]
2325.749: [GC [PSYoungGen: 52224K->256K(58880K)] 528073K->476105K(779776K), 0.0112992 secs] [Times: user=0.06 sys=0.00, real=0.01 secs]
2325.749: [GC [PSYoungGen: 52224K->256K(58880K)] 528073K->476105K(779776K), 0.0112992 secs] [Times: user=0.06 sys=0.00, real=0.01 secs]
2325.749: [GC [PSYoungGen: 52224K->256K(58880K)] 528073K->476105K(779776K), 0.0112992 secs] [Times: user=0.06 sys=0.00, real=0.01 secs]
2325.749: [GC [PSYoungGen: 52224K->256K(58880K)] 528073K->476105K(779776K), 0.0112992 secs] [Times: user=0.06 sys=0.00, real=0.01 secs]
2325.749: [GC [PSYoungGen: 52224K->256K(58880K)] 528073K->476105K(779776K), 0.0112992 secs] [Times: user=0.06 sys=0.00, real=0.01 secs]
2325.749: [GC [PSYoungGen: 52224K->256K(58880K)] 528073K->476105K(779776K), 0.0112992 secs] [Times: user=0.06 sys=0.00, real=0.01 secs]
2325.749: [GC [PSYoungGen: 52224K->256K(58880K)] 528073K->476105K(779776K), 0.0112992 secs] [Times: user=0.06 sys=0.00, real=0.01 secs]
2325.749: [GC [PSYoungGen: 52224K->256K(58880K)] 528073K->476105K(779776K), 0.0112992 secs] [Times: user=0.06 sys=0.00, real=0.01 secs]
2325.749: [GC [PSYoungGen: 52224K->256K(58880K)] 528073K->476105K(779776K), 0.0112992 secs] [Times: user=0.06 sys=0.00, real=0.01 secs]
2325.749: [GC [PSYoungGen: 52224K->256K(58880K)] 528073K->476105K(779776K), 0.0112992 secs] [Times: user=0.06 sys=0.00, real=0.01 secs]
2325.749: [GC [PSYoungGen: 52224K->256K(58880K)] 528073K->476105K(779776K), 0.0112992 secs] [Times: user=0.06 sys=0.00, real=0.01 secs]
2325.749: [GC [PSYoungGen: 52224K->256K(58880K)] 528073K->476105K(779776K), 0.0112992 secs] [Times: user=0.06 sys=0.00, real=0.01 secs]
2325.749: [GC [PSYoungGen: 52224K->256K(58880K)] 528073K->476105K(779776K), 0.0112992 secs] [Times: user=0.06 sys=0.00, real=0.01 secs]
2325.749: [GC [PSYoungGen: 52224K->256K(58880K)] 528073K->476105K(779776K), 0.0112992 secs] [Times: user=0.06 sys=0.00, real=0.01 secs]
2325.749: [GC [PSYoungGen: 52224K->256K(58880K)] 528073K->476105K(779776K), 0.0112992 secs] [Times: user=0.06 sys=0.00, real=0.01 secs]
2325.749: [GC [PSYoungGen: 52224K->256K(58880K)] 528073K->476105K(779776K), 0.0112992 secs] [Times: user=0.06 sys=0.00, real=0.01 secs]
2325.749: [GC [PSYoungGen: 52224K->256K(58880K)] 528073K->476105K(779776K), 0.0112992 secs] [Times: user=0.06 sys=0.00, real=0.01 secs]
2325.749: [GC [PSYoungGen: 52224K->256K(58880K)] 528073K->476105K(779776K), 0.0112992 secs] [Times: user=0.06 sys=0.00, real=0.01 secs]
2325.749: [GC [PSYoungGen: 52224K->256K(58880K)] 528073K->476105K(779776K), 0.0112992 secs] [Times: user=0.06 sys=0.00, real=0.01 secs]
2325.749: [GC [PSYoungGen: 52224K->256K(58880K)] 528073K->476105K(779776K), 0.0112992 secs] [Times: user=0.06 sys=0.00, real=0.01 secs]
2325.749: [GC [PSYoungGen: 52224K->256K(58880K)] 528073K->476105K(779776K), 0.0112992 secs] [Times: user=0.06 sys=0.00, real=0.01 secs]
2325.749: [GC [PSYoungGen: 52224K->256K(58880K)] 528073K->476105K(779776K), 0.0112992 secs] [Times: user=0.06 sys=0.00, real=0.01 secs]
2325.749: [GC [PSYoungGen: 52224K->256K(58880K)] 528073K->476105K(779776K), 0.0112992 secs] [Times: user=0.06 sys=0.00, real=0.01 secs]
2325.749: [GC [PSYoungGen: 52224K->256K(58880K)] 528073K->476105K(779776K), 0.0112992 secs] [Times: user=0.06 sys=0.00, real=0.01 secs]
2325.749: [GC [PSYoungGen: 52224K->256K(58880K)] 528073K->476105K(779776K), 0.0112992 secs] [Times: user=0.06 sys=0.00, real=0.01 secs]
2325.749: [GC [PSYoungGen: 52224K->256K(58880K)] 528073K->476105K(779776K), 0.0112992 secs] [Times: user=0.06 sys=0.00, real=0.01 secs]
2325.749: [GC [PSYoungGen: 52224K->256K(58880K)] 528073K->476105K(779776K), 0.0112992 secs] [Times: user=0.06 sys=0.00, real=0.01 secs]
2325.749: [GC [PSYoungGen: 52224K->256K(58880K)] 528073K->476105K(779776K), 0.0112992 secs] [Times: user=0.06 sys=0.00, real=0.01 secs]
2325.749: [GC [PSYoungGen: 52224K->256K(58880K)] 528073K->476105K(779776K), 0.0112992 secs] [Times: user=0.06 sys=0.00, real=0.01 secs]
2325.749: [GC [PSYoungGen: 52224K->256K(58880K)] 528073K->476105K(779776K), 0.0112992 secs] [Times: user=0.06 sys=0.00, real=0.01 secs]
2325.749: [GC [PSYoungGen: 52224K->256K(58880K)] 528073K->476105K(779776K), 0.0112992 secs] [Times: user=0.06 sys=0.00, real=0.01 secs]
2325.749: [GC [PSYoungGen: 52224K->256K(58880K)] 528073K->476105K(779776K), 0.0112992 secs] [Times: user=0.06 sys=0.00, real=0.01 secs]
2325.749: [GC [PSYoungGen: 52224K->256K(58880K)] 528073K->476105K(779776K), 0.0112992 secs] [Times: user=0.06 sys=0.00, real=0.01 secs]
2325.749: [GC [PSYoungGen: 52224K->256K(58880K)] 528073K->476105K(779776K), 0.0112992 secs] [Times: user=0.06 sys=0.00, real=0.01 secs]
2325.749: [GC [PSYoungGen: 52224K->256K(58880K)] 528073K->476105K(779776K), 0.0112992 secs] [Times: user=0.06 sys=0.00, real=0.01 secs]
2325.749: [GC [PSYoungGen: 52224K->256K(58880K)] 528073K->476105K(779776K), 0.0112992 secs] [Times: user=0.06 sys=0.00, real=0.01 secs]
2325.749: [GC [PSYoungGen: 52224K->256K(58880K)] 528073K->476105K(779776K), 0.0112992 secs] [Times: user=0.06 sys=0.00, real=0.01 secs]
2325.749: [GC [PSYoungGen: 52224K->256K(58880K)] 528073K->476105K(779776K), 0.0112992 secs] [Times: user=0.06 sys=0.00, real=0.01 secs]
2325.749: [GC [PSYoungGen: 52224K->256K(58880K)] 528073K->476105K(779776K), 0.0112992 secs] [Times: user=0.06 sys=0.00, real=0.01 secs]
2325.749: [GC [PSYoungGen: 52224K->256K(58880K)] 528073K->476105K(779776K), 0.0112992 secs] [Times: user=0.06 sys=0.00, real=0.01 secs]
2325.749: [GC [PSYoungGen: 52224K->256K(58880K)] 528073K->476105K(779776K), 0.0112992 secs] [Times: user=0.06 sys=0.00, real=0.01 secs]
2325.749: [GC [PSYoungGen: 52224K->256K(58880K)] 528073K->476105K(779776K), 0.0112992 secs] [Times: user=0.06 sys=0.00, real=0.01 secs]
2325.749: [GC [PSYoungGen: 52224K->256K(58880K)] 528073K->476105K(779776K), 0.0112992 secs] [Times: user=0.06 sys=0.00, real=0.01 secs]
2325.749: [GC [PSYoungGen: 52224K->256K(58880K)] 528073K->476105K(779776K), 0.0112992 secs] [Times: user=0.06 sys=0.00, real=0.01 secs]
2325.749: [GC [PSYoungGen: 52224K->256K(58880K)] 528073K->476105K(779776K), 0.0112992 secs] [Times: user=0.06 sys=0.00, real=0.01 secs]
2325.749: [GC [PSYoungGen: 52224K->256K(58880K)] 528073K->476105K(779776K), 0.0112992 secs] [Times: user=0.06 sys=0.00, real=0.01 secs]
2325.749: [GC [PSYoungGen: 52224K->256K(58880K)] 528073K->476105K(779776K), 0.0112992 secs] [Times: user=0.06 sys=0.00, real=0.01 secs]
2325.749: [GC [PSYoungGen: 52224K->256K(58880K)] 528073K->476105K(779776K), 0.0112992 secs] [Times: user=0.06 sys=0.00, real=0.01 secs]
2325.749: [GC [PSYoungGen: 52224K->256K(58880K)] 528073K->476105K(779776K), 0.0112992 secs] [Times: user=0.06 sys=0.00, real=0.01 secs]
2325.749: [GC [PSYoungGen: 52224K->256K(58880K)] 528073K->476105K(779776K), 0.0112992 secs] [Times: user=0.06 sys=0.00, real=0.01 secs]
2325.749: [GC [PSYoungGen: 52224K->256K(58880K)] 528073K->476105K(779776K), 0.0112992 secs] [Times: user=0.06 sys=0.00, real=0.01 secs]
2325.749: [GC [PSYoungGen: 52224K->256K(58880K)] 528073K->476105K(779776K), 0.0112992 secs] [Times: user=0.06 sys=0.00, real=0.01 secs]
2325.749: [GC [PSYoungGen: 52224K->256K(58880K)] 528073K->476105K(779776K), 0.0112992 secs] [Times: user=0.06 sys=0.00, real=0.01 secs]
2325.749: [GC [PSYoungGen: 52224K->256K(58880K)] 528073K->476105K(779776K), 0.0112992 secs] [Times: user=0.06 sys=0.00, real=0.01 secs]
2325.749: [GC [PSYoungGen: 52224K->256K(58880K)] 528073K->476105K(779776K), 0.0112992 secs] [Times: user=0.06 sys=0.00, real=0.01 secs]
2325.749: [GC [PSYoungGen: 52224K->256K(58880K)] 528073K->476105K(779776K), 0.0112992 secs] [Times: user=0.06 sys=0.00, real=0.01 secs]
2325.749: [GC [PSYoungGen: 52224K->256K(58880K)] 528073K->476105K(779776K), 0.0112992 secs] [Times: user=0.06 sys=0.00, real=0.01 secs]
2325.749: [GC [PSYoungGen: 52224K->256K(58880K)] 528073K->476105K(779776K), 0.0112992 secs] [Times: user=0.06 sys=0.00, real=0.01 secs]
2325.749: [GC [PSYoungGen: 52224K->256K(58880K)] 528073K->476105K(779776K), 0.0112992 secs] [Times: user=0.06 sys=0.00, real=0.01 secs]
2325.749: [GC [PSYoungGen: 52224K->256K(58880K)] 528073K->476105K(779776K), 0.0112992 secs] [Times: user=0.06 sys=0.00, real=0.01 secs]
2325.749: [GC [PSYoungGen: 52224K->256K(58880K)] 528073K->476105K(779776K), 0.0112992 secs] [Times: user=0.06 sys=0.00, real=0.01 secs]
2325.749: [GC [PSYoungGen: 52224K->256K(58880K)] 528073K->476105K(779776K), 0.0112992 secs] [Times: user=0.06 sys=0.00, real=0.01 secs]
2325.749: [GC [PSYoungGen: 52224K->256K(58880K)] 528073K->476105K(779776K), 0.0112992 secs] [Times: user=0.06 sys=0.00, real=0.01 secs]
2325.749: [GC [PSYoungGen: 52224K->256K(58880K)] 528073K->476105K(779776K), 0.0112992 secs] [Times: user=0.06 sys=0.00, real=0.01 secs]
2325.749: [GC [PSYoungGen: 52224K->256K(58880K)] 528073K->476105K(779776K), 0.0112992 secs] [Times: user=0.06 sys=0.00, real=0.01 secs]
2325.749: [GC [PSYoungGen: 52224K->256K(58880K)] 528073K->476105K(779776K), 0.0112992 secs] [Times: user=0.06 sys=0.00, real=0.01 secs]
2325.749: [GC [PSYoungGen: 52224K->256K(58880K)] 528073K->476105K(779776K), 0.0112992 secs] [Times: user=0.06 sys=0.00, real=0.01 secs]
2325.749: [GC [PSYoungGen: 52224K->256K(58880K)] 528073K->476105K(779776K), 0.0112992 secs] [Times: user=0.06 sys=0.00, real=0.01 secs]
2325.749: [GC [PSYoungGen: 52224K->256K(58880K)] 528073K->476105K(779776K), 0.0112992 secs] [Times: user=0.06 sys=0.00, real=0.01 secs]
2325.749: [GC [PSYoungGen: 52224K->256K(58880K)] 528073K->476105K(779776K), 0.0112992 secs] [Times: user=0.06 sys=0.00, real=0.01 secs]
2325.749: [GC [PSYoungGen: 52224K->256K(58880K)] 528073K->476105K(779776K), 0.0112992 secs] [Times: user=0.06 sys=0.00, real=0.01 secs]
2325.749: [GC [PSYoungGen: 52224K->256K(58880K)] 528073K->476105K(779776K), 0.0112992 secs] [Times: user=0.06 sys=0.00, real=0.01 secs]
2325.749: [GC [PSYoungGen: 52224K->256K(58880K)] 528073K->476105K(779776K), 0.0112992 secs] [Times: user=0.06 sys=0.00, real=0.01 secs]
2325.749: [GC [PSYoungGen: 52224K->256K(58880K)] 528073K->476105K(779776K), 0.0112992 secs] [Times: user=0.06 sys=0.00, real=0.01 secs]
2325.749: [GC [PSYoungGen: 52224K->256K(58880K)] 528073K->476105K(779776K), 0.0112992 secs] [Times: user=0.06 sys=0.00, real=0.01 secs]
2325.749: [GC [PSYoungGen: 52224K->256K(58880K)] 528073K->476105K(779776K), 0.0112992 secs] [Times: user=0.06 sys=0.00, real=0.01 secs]
2325.749: [GC [PSYoungGen: 52224K->256K(58880K)] 528073K->476105K(779776K), 0.0112992 secs] [Times: user=0.06 sys=0.00, real=0.01 secs]
2325.749: [GC [PSYoungGen: 52224K->256K(58880K)] 528073K->476105K(779776K), 0.0112992 secs] [Times: user=0.06 sys=0.00, real=0.01 secs]
2325.749: [GC [PSYoungGen: 52224K->256K(58880K)] 528073K->476105K(779776K), 0.0112992 secs] [Times: user=0.06 sys=0.00, real=0.01 secs]
2325.749: [GC [PSYoungGen: 52224K->256K(58880K)] 528073K->476105K(779776K), 0.0112992 secs] [Times: user=0.06 sys=0.00, real=0.01 secs]
2325.749: [GC [PSYoungGen: 52224K->256K(58880K)] 528073K->476105K(779776K), 0.0112992 secs] [Times: user=0.06 sys=0.00, real=0.01 secs]
2325.749: [GC [PSYoungGen: 52224K->256K(58880K)] 528073K->476105K(779776K), 0.0112992 secs] [Times: user=0.06 sys=0.00, real=0.01 secs]
2325.749: [GC [PSYoungGen: 52224K->256K(58880K)] 528073K->476105K(779776K), 0.0112992 secs] [Times: user=0.06 sys=0.00, real=0.01 secs]
2325.749: [GC [PSYoungGen: 52224K->256K(58880K)] 528073K->476105K(779776K), 0.0112992 secs] [Times: user=0.06 sys=0.00, real=0.01 secs]
2325.749: [GC [PSYoungGen: 52224K->256K(58880K)] 528073K->476105K(779776K), 0.0112992 secs] [Times: user=0.06 sys=0.00, real=0.01 secs]
2325.749: [GC [PSYoungGen: 52224K->256K(58880K)] 528073K->476105K(779776K), 0.0112992 secs] [Times: user=0.06 sys=0.00, real=0.01 secs]
2325.749: [GC [PSYoungGen: 52224K->256K(58880K)] 528073K->476105K(779776K), 0.0112992 secs] [Times: user=0.06 sys=0.00, real=0.01 secs]
2325.749: [GC [PSYoungGen: 52224K->256K(58880K)] 528073K->476105K(779776K), 0.0112992 secs] [Times: user=0.06 sys=0.00, real=0.01 secs]
2325.749: [GC [PSYoungGen: 52224K->256K(58880K)] 528073K->476105K(779776K), 0.0112992 secs] [Times: user=0.06 sys=0.00, real=0.01 secs]
2325.749: [GC [PSYoungGen: 52224K->256K(58880K)] 528073K->476105K(779776K), 0.0112992 secs] [Times: user=0.06 sys=0.00, real=0.01 secs]
2325.749: [GC [PSYoungGen: 52224K->256K(58880K)] 528073K->476105K(779776K), 0.0112992 secs] [Times: user=0.06 sys=0.00, real=0.01 secs]
2325.749: [GC [PSYoungGen: 52224K->256K(58880K)] 528073K->476105K(779776K), 0.0112992 secs] [Times: user=0.06 sys=0.00, real=0.01 secs]
2325.749: [GC [PSYoungGen: 52224K->256K(58880K)] 528073K->476105K(779776K), 0.0112992 secs] [Times: user=0.06 sys=0.00, real=0.01 secs]
2325.749: [GC [PSYoungGen: 52224K->256K(58880K)] 528073K->476105K(779776K), 0.0112992 secs] [Times: user=0.06 sys=0.00, real=0.01 secs]
2325.749: [GC [PSYoungGen: 52224K->256K(58880K)] 528073K->476105K(779776K), 0.0112992 secs] [Times: user=0.06 sys=0.00, real=0.01 secs]
2325.749: [GC [PSYoungGen: 52224K->256K(58880K)] 528073K->476105K(779776K), 0.0112992 secs] [Times: user=0.06 sys=0.00, real=0.01 secs]
2325.749: [GC [PSYoungGen: 52224K->256K(58880K)] 528073K->476105K(779776K), 0.0112992 secs] [Times: user=0.06 sys=0.00, real=0.01 secs]
2325.749: [GC [PSYoungGen: 52224K->256K(58880K)] 528073K->476105K(779776K), 0.0112992 secs] [Times: user=0.06 sys=0.00, real=0.01 secs]
2325.749: [GC [PSYoungGen: 52224K->256K(58880K)] 528073K->476105K(779776K), 0.0112992 secs] [Times: user=0.06 sys=0.00, real=0.01 secs]
2325.749: [GC [PSYoungGen: 52224K->256K(58880K)] 528073K->476105K(779776K), 0.0112992 secs] [Times: user=0.06 sys=0.00, real=0.01 secs]
2325.749: [GC [PSYoungGen: 52224K->256K(58880K)] 528073K->476105K(779776K), 0.0112992 secs] [Times: user=0.06 sys=0.00, real=0.01 secs]
2325.749: [GC [PSYoungGen: 52224K->256K(58880K)] 528073K->476105K(779776K), 0.0112992 secs] [Times: user=0.06 sys=0.00, real=0.01 secs]
2325.749: [GC [PSYoungGen: 52224K->256K(58880K)] 528073K->476105K(779776K), 0.0112992 secs] [Times: user=0.06 sys=0.00, real=0.01 secs]
2325.749: [GC [PSYoungGen: 52224K->256K(58880K)] 528073K->476105K(779776K), 0.0112992 secs] [Times: user=0.06 sys=0.00, real=0.01 secs]
2325.749: [GC [PSYoungGen: 52224K->256K(58880K)] 528073K->476105K(779776K), 0.0112992 secs] [Times: user=0.06 sys=0.00, real=0.01 secs]
2325.749: [GC [PSYoungGen: 52224K->256K(58880K)] 528073K->476105K(779776K), 0.0112992 secs] [Times: user=0.06 sys=0.00, real=0.01 secs]
2325.749: [GC [PSYoungGen: 52224K->256K(58880K)] 528073K->476105K(779776K), 0.0112992 secs] [Times: user=0.06 sys=0.00, real=0.01 secs]
2325.749: [GC [PSYoungGen: 52224K->256K(58880K)] 528073K->476105K(779776K), 0.0112992 secs] [Times: user=0.06 sys=0.00, real=0.01 secs]
2325.749: [GC [PSYoungGen: 52224K->256K(58880K)] 528073K->476105K(779776K), 0.0112992 secs] [Times: user=0.06 sys=0.00, real=0.01 secs]
2325.749: [GC [PSYoungGen: 52224K->256K(58880K)] 528073K->476105K(779776K), 0.0112992 secs] [Times: user=0.06 sys=0.00, real=0.01 secs]
2325.749: [GC [PSYoungGen: 52224K->256K(58880K)] 528073K->476105K(779776K), 0.0112992 secs] [Times: user=0.06 sys=0.00, real=0.01 secs]
2325.749: [GC [PSYoungGen: 52224K->256K(58880K)] 528073K->476105K(779776K), 0.0112992 secs] [Times: user=0.06 sys=0.00, real=0.01 secs]
2325.749: [GC [PSYoungGen: 52224K->256K(58880K)] 528073K->476105K(779776K), 0.0112992 secs] [Times: user=0.06 sys=0.00, real=0.01 secs]
2325.749: [GC [PSYoungGen: 52224K->256K(58880K)] 528073K->476105K(779776K), 0.0112992 secs] [Times: user=0.06 sys=0.00, real=0.01 secs]
2325.749: [GC [PSYoungGen: 52224K->256K(58880K)] 528073K->476105K(779776K), 0.0112992 secs] [Times: user=0.06 sys=0.00, real=0.01 secs]
2325.749: [GC [PSYoungGen: 52224K->256K(58880K)] 528073K->476105K(779776K), 0.0112992 secs] [Times: user=0.06 sys=0.00, real=0.01 secs]
2325.749: [GC [PSYoungGen: 52224K->256K(58880K)] 528073K->476105K(779776K), 0.0112992 secs] [Times: user=0.06 sys=0.00, real=0.01 secs]
2325.749: [GC [PSYoungGen: 52224K->256K(58880K)] 528073K->476105K(779776K), 0.0112992 secs] [Times: user=0.06 sys=0.00, real=0.01 secs]
2325.749: [GC [PSYoungGen: 52224K->256K(58880K)] 528073K->476105K(779776K), 0.0112992 secs] [Times: user=0.06 sys=0.00, real=0.01 secs]
2325.749: [GC [PSYoungGen: 52224K->256K(58880K)] 528073K->476105K(779776K), 0.0112992 secs] [Times: user=0.06 sys=0.00, real=0.01 secs]
2325.749: [GC [PSYoungGen: 52224K->256K(58880K)] 528073K->476105K(779776K), 0.0112992 secs] [Times: user=0.06 sys=0.00, real=0.01 secs]
2325.749: [GC [PSYoungGen: 52224K->256K(58880K)] 528073K->476105K(779776K), 0.0112992 secs] [Times: user=0.06 sys=0.00, real=0.01 secs]
2325.749: [GC [PSYoungGen: 52224K->256K(58880K)] 528073K->476105K(779776K), 0.0112992 secs] [Times: user=0.06 sys=0.00, real=0.01 secs]
2325.749: [GC [PSYoungGen: 52224K->256K(58880K)] 528073K->476105K(779776K), 0.0112992 secs] [Times: user=0.06 sys=0.00, real=0.01 secs]
2325.749: [GC [PSYoungGen: 52224K->256K(58880K)] 528073K->476105K(779776K), 0.0112992 secs] [Times: user=0.06 sys=0.00, real=0.01 secs]
2325.749: [GC [PSYoungGen: 52224K->256K(58880K)] 528073K->476105K(779776K), 0.0112992 secs] [Times: user=0.06 sys=0.00, real=0.01 secs]
2325.749: [GC [PSYoungGen: 52224K->256K(58880K)] 528073K->476105K(779776K), 0.0112992 secs] [Times: user=0.06 sys=0.00, real=0.01 secs]
2325.749: [GC [PSYoungGen: 52224K->256K(58880K)] 528073K->476105K(779776K), 0.0112992 secs] [Times: user=0.06 sys=0.00, real=0.01 secs]
2325.749: [GC [PSYoungGen: 52224K->256K(58880K)] 528073K->476105K(779776K), 0.0112992 secs] [Times: user=0.06 sys=0.00, real=0.01 secs]
2325.749: [GC [PSYoungGen: 52224K->256K(58880K)] 528073K->476105K(779776K), 0.0112992 secs] [Times: user=0.06 sys=0.00, real=0.01 secs]
2325.749: [GC [PSYoungGen: 52224K->256K(58880K)] 528073K->476105K(779776K), 0.0112992 secs] [Times: user=0.06 sys=0.00, real=0.01 secs]
2325.749: [GC [PSYoungGen: 52224K->256K(58880K)] 528073K->476105K(779776K), 0.0112992 secs] [Times: user=0.06 sys=0.00, real=0.01 secs]
2325.749: [GC [PSYoungGen: 52224K->256K(58880K)] 528073K->476105K(779776K), 0.0112992 secs] [Times: user=0.06 sys=0.00, real=0.01 secs]
2325.749: [GC [PSYoungGen: 52224K->256K(58880K)] 528073K->476105K(779776K), 0.0112992 secs] [Times: user=0.06 sys=0.00, real=0.01 secs]
2325.749: [GC [PSYoungGen: 52224K->256K(58880K)] 528073K->476105K(779776K), 0.0112992 secs] [Times: user=0.06 sys=0.00, real=0.01 secs]
2325.749: [GC [PSYoungGen: 52224K->256K(58880K)] 528073K->476105K(779776K), 0.0112992 secs] [Times: user=0.06 sys=0.00, real=0.01 secs]
2325.749: [GC [PSYoungGen: 52224K->256K(58880K)] 528073K->476105K(779776K), 0.0112992 secs] [Times: user=0.06 sys=0.00, real=0.01 secs]
2325.749: [GC [PSYoungGen: 52224K->256K(58880K)] 528073K->476105K(779776K), 0.0112992 secs] [Times: user=0.06 sys=0.00, real=0.01 secs]
2325.749: [GC [PSYoungGen: 52224K->256K(58880K)] 528073K->476105K(779776K), 0.0112992 secs] [Times: user=0.06 sys=0.00, real=0.01 secs]
2325.749: [GC [PSYoungGen: 52224K->256K(58880K)] 528073K->476105K(779776K), 0.0112992 secs] [Times: user=0.06 sys=0.00, real=0.01 secs]
2325.749: [GC [PSYoungGen: 52224K->256K(58880K)] 528073K->476105K(779776K), 0.0112992 secs] [Times: user=0.06 sys=0.00, real=0.01 secs]
2325.749: [GC [PSYoungGen: 52224K->256K(58880K)] 528073K->476105K(779776K), 0.0112992 secs] [Times: user=0.06 sys=0.00, real=0.01 secs]
2325.749: [GC [PSYoungGen: 52224K->256K(58880K)] 528073K->476105K(779776K), 0.0112992 secs] [Times: user=0.06 sys=0.00, real=0.01 secs]
2325.749: [GC [PSYoungGen: 52224K->256K(58880K)] 528073K->476105K(779776K), 0.0112992 secs] [Times: user=0.06 sys=0.00, real=0.01 secs]
2325.749: [GC [PSYoungGen: 52224K->256K(58880K)] 528073K->476105K(779776K), 0.0112992 secs] [Times: user=0.06 sys=0.00, real=0.01 secs]
2325.749: [GC [PSYoungGen: 52224K->256K(58880K)] 528073K->476105K(779776K), 0.0112992 secs] [Times: user=0.06 sys=0.00, real=0.01 secs]
2325.749: [GC [PSYoungGen: 52224K->256K(58880K)] 528073K->476105K(779776K), 0.0112992 secs] [Times: user=0.06 sys=0.00, real=0.01 secs]
2325.749: [GC [PSYoungGen: 52224K->256K(58880K)] 528073K->476105K(779776K), 0.0112992 secs] [Times: user=0.06 sys=0.00, real=0.01 secs]
2325.749: [GC [PSYoungGen: 52224K->256K(58880K)] 528073K->476105K(779776K), 0.0112992 secs] [Times: user=0.06 sys=0.00, real=0.01 secs]
2325.749: [GC [PSYoungGen: 52224K->256K(58880K)] 528073K->476105K(779776K), 0.0112992 secs] [Times: user=0.06 sys=0.00, real=0.01 secs]
2325.749: [GC [PSYoungGen: 52224K->256K(58880K)] 528073K->476105K(779776K), 0.0112992 secs] [Times: user=0.06 sys=0.00, real=0.01 secs]
2325.749: [GC [PSYoungGen: 52224K->256K(58880K)] 528073K->476105K(779776K), 0.0112992 secs] [Times: user=0.06 sys=0.00, real=0.01 secs]
2325.749: [GC [PSYoungGen: 52224K->256K(58880K)] 528073K->476105K(779776K), 0.0112992 secs] [Times: user=0.06 sys=0.00, real=0.01 secs]
2325.749: [GC [PSYoungGen: 52224K->256K(58880K)] 528073K->476105K(779776K), 0.0112992 secs] [Times: user=0.06 sys=0.00, real=0.01 secs]
2325.749: [GC [PSYoungGen: 52224K->256K(58880K)] 528073K->476105K(779776K), 0.0112992 secs] [Times: user=0.06 sys=0.00, real=0.01 secs]
2325.749: [GC [PSYoungGen: 52224K->256K(58880K)] 528073K->476105K(779776K), 0.0112992 secs] [Times: user=0.06 sys=0.00, real=0.01 secs]
2325.749: [GC [PSYoungGen: 52224K->256K(58880K)] 528073K->476105K(779776K), 0.0112992 secs] [Times: user=0.06 sys=0.00, real=0.01 secs]
2325.749: [GC [PSYoungGen: 52224K->256K(58880K)] 528073K->476105K(779776K), 0.0112992 secs] [Times: user=0.06 sys=0.00, real=0.01 secs]
2325.749: [GC [PSYoungGen: 52224K->256K(58880K)] 528073K->476105K(779776K), 0.0112992 secs] [Times: user=0.06 sys=0.00, real=0.01 secs]
2325.749: [GC [PSYoungGen: 52224K->256K(58880K)] 528073K->476105K(779776K), 0.0112992 secs] [Times: user=0.06 sys=0.00, real=0.01 secs]
2325.749: [GC [PSYoungGen: 52224K->256K(58880K)] 528073K->476105K(779776K), 0.0112992 secs] [Times: user=0.06 sys=0.00, real=0.01 secs]
2325.749: [GC [PSYoungGen: 52224K->256K(58880K)] 528073K->476105K(779776K), 0.0112992 secs] [Times: user=0.06 sys=0.00, real=0.01 secs]
2325.749: [GC [PSYoungGen: 52224K->256K(58880K)] 528073K->476105K(779776K), 0.0112992 secs] [Times: user=0.06 sys=0.00, real=0.01 secs]
2325.749: [GC [PSYoungGen: 52224K->256K(58880K)] 528073K->476105K(779776K), 0.0112992 secs] [Times: user=0.06 sys=0.00, real=0.01 secs]
2325.749: [GC [PSYoungGen: 52224K->256K(58880K)] 528073K->476105K(779776K), 0.0112992 secs] [Times: user=0.06 sys=0.00, real=0.01 secs]
2325.749: [GC [PSYoungGen: 52224K->256K(58880K)] 528073K->476105K(779776K), 0.0112992 secs] [Times: user=0.06 sys=0.00, real=0.01 secs]
2325.749: [GC [PSYoungGen: 52224K->256K(58880K)] 528073K->476105K(779776K), 0.0112992 secs] [Times: user=0.06 sys=0.00, real=0.01 secs]
2325.749: [GC [PSYoungGen: 52224K->256K(58880K)] 528073K->476105K(779776K), 0.0112992 secs] [Times: user=0.06 sys=0.00, real=0.01 secs]
2325.749: [GC [PSYoungGen: 52224K->256K(58880K)] 528073K->476105K(779776K), 0.0112992 secs] [Times: user=0.06 sys=0.00, real=0.01 secs]
2325.749: [GC [PSYoungGen: 52224K->256K(58880K)] 528073K->476105K(779776K), 0.0112992 secs] [Times: user=0.06 sys=0.00, real=0.01 secs]
2325.749: [GC [PSYoungGen: 52224K->256K(58880K)] 528073K->476105K(779776K), 0.0112992 secs] [Times: user=0.06 sys=0.00, real=0.01 secs]
2325.749: [GC [PSYoungGen: 52224K->256K(58880K)] 528073K->476105K(779776K), 0.0112992 secs] [Times: user=0.06 sys=0.00, real=0.01 secs]
2325.749: [GC [PSYoungGen: 52224K->256K(58880K)] 528073K->476105K(779776K), 0.0112992 secs] [Times: user=0.06 sys=0.00, real=0.01 secs]
2325.749: [GC [PSYoungGen: 52224K->256K(58880K)] 528073K->476105K(779776K), 0.0112992 secs] [Times: user=0.06 sys=0.00, real=0.01 secs]
2325.749: [GC [PSYoungGen: 52224K->256K(58880K)] 528073K->476105K(779776K), 0.0112992 secs] [Times: user=0.06 sys=0.00, real=0.01 secs]
2325.749: [GC [PSYoungGen: 52224K->256K(58880K)] 528073K->476105K(779776K), 0.0112992 secs] [Times: user=0.06 sys=0.00, real=0.01 secs]
2325.749: [GC [PSYoungGen: 52224K->256K(58880K)] 528073K->476105K(779776K), 0.0112992 secs] [Times: user=0.06 sys=0.00, real=0.01 secs]
2325.749: [GC [PSYoungGen: 52224K->256K(58880K)] 528073K->476105K(779776K), 0.0112992 secs] [Times: user=0.06 sys=0.00, real=0.01 secs]
2325.749: [GC [PSYoungGen: 52224K->256K(58880K)] 528073K->476105K(779776K), 0.0112992 secs] [Times: user=0.06 sys=0.00, real=0.01 secs]
2325.749: [GC [PSYoungGen: 52224K->256K(58880K)] 528073K->476105K(779776K), 0.0112992 secs] [Times: user=0.06 sys=0.00, real=0.01 secs]
2325.749: [GC [PSYoungGen: 52224K->256K(58880K)] 528073K->476105K(779776K), 0.0112992 secs] [Times: user=0.06 sys=0.00, real=0.01 secs]
2325.749: [GC [PSYoungGen: 52224K->256K(58880K)] 528073K->476105K(779776K), 0.0112992 secs] [Times: user=0.06 sys=0.00, real=0.01 secs]
2325.749: [GC [PSYoungGen: 52224K->256K(58880K)] 528073K->476105K(779776K), 0.0112992 secs] [Times: user=0.06 sys=0.00, real=0.01 secs]
2325.749: [GC [PSYoungGen: 52224K->256K(58880K)] 528073K->476105K(779776K), 0.0112992 secs] [Times: user=0.06 sys=0.00, real=0.01 secs]
2325.749: [GC [PSYoungGen: 52224K->256K(58880K)] 528073K->476105K(779776K), 0.0112992 secs] [Times: user=0.06 sys=0.00, real=0.01 secs]
2325.749: [GC [PSYoungGen: 52224K->256K(58880K)] 528073K->476105K(779776K), 0.0112992 secs] [Times: user=0.06 sys=0.00, real=0.01 secs]
2325.749: [GC [PSYoungGen: 52224K->256K(58880K)] 528073K->476105K(779776K), 0.0112992 secs] [Times: user=0.06 sys=0.00, real=0.01 secs]
2325.749: [GC [PSYoungGen: 52224K->256K(58880K)] 528073K->476105K(779776K), 0.0112992 secs] [Times: user=0.06 sys=0.00, real=0.01 secs]
2325.749: [GC [PSYoungGen: 52224K->256K(58880K)] 528073K->476105K(779776K), 0.0112992 secs] [Times: user=0.06 sys=0.00, real=0.01 secs]
2325.749: [GC [PSYoungGen: 52224K->256K(58880K)] 528073K->476105K(779776K), 0.0112992 secs] [Times: user=0.06 sys=0.00, real=0.01 secs]
2325.749: [GC [PSYoungGen: 52224K->256K(58880K)] 528073K->476105K(779776K), 0.0112992 secs] [Times: user=0.06 sys=0.00, real=0.01 secs]
2325.749: [GC [PSYoungGen: 52224K->256K(58880K)] 528073K->476105K(779776K), 0.0112992 secs] [Times: user=0.06 sys=0.00, real=0.01 secs]
2325.749: [GC [PSYoungGen: 52224K->256K(58880K)] 528073K->476105K(779776K), 0.0112992 secs] [Times: user=0.06 sys=0.00, real=0.01 secs]
2325.749: [GC [PSYoungGen: 52224K->256K(58880K)] 528073K->476105K(779776K), 0.0112992 secs] [Times: user=0.06 sys=0.00, real=0.01 secs]
2325.749: [GC [PSYoungGen: 52224K->256K(58880K)] 528073K->476105K(779776K), 0.0112992 secs] [Times: user=0.06 sys=0.00, real=0.01 secs]
2325.749: [GC [PSYoungGen: 52224K->256K(58880K)] 528073K->476105K(779776K), 0.0112992 secs] [Times: user=0.06 sys=0.00, real=0.01 secs]
2325.749: [GC [PSYoungGen: 52224K->256K(58880K)] 528073K->476105K(779776K), 0.0112992 secs] [Times: user=0.06 sys=0.00, real=0.01 secs]
2325.749: [GC [PSYoungGen: 52224K->256K(58880K)] 528073K->476105K(779776K), 0.0112992 secs] [Times: user=0.06 sys=0.00, real=0.01 secs]
2325.749: [GC [PSYoungGen: 52224K->256K(58880K)] 528073K->476105K(779776K), 0.0112992 secs] [Times: user=0.06 sys=0.00, real=0.01 secs]
2325.749: [GC [PSYoungGen: 52224K->256K(58880K)] 528073K->476105K(779776K), 0.0112992 secs] [Times: user=0.06 sys=0.00, real=0.01 secs]
2325.749: [GC [PSYoungGen: 52224K->256K(58880K)] 528073K->476105K(779776K), 0.0112992 secs] [Times: user=0.06 sys=0.00, real=0.01 secs]
2325.749: [GC [PSYoungGen: 52224K->256K(58880K)] 528073K->476105K(779776K), 0.0112992 secs] [Times: user=0.06 sys=0.00, real=0.01 secs]
2325.749: [GC [PSYoungGen: 52224K->256K(58880K)] 528073K->476105K(779776K), 0.0112992 secs] [Times: user=0.06 sys=0.00, real=0.01 secs]
2325.749: [GC [PSYoungGen: 52224K->256K(58880K)] 528073K->476105K(779776K), 0.0112992 secs] [Times: user=0.06 sys=0.00, real=0.01 secs]
2325.749: [GC [PSYoungGen: 52224K->256K(58880K)] 528073K->476105K(779776K), 0.0112992 secs] [Times: user=0.06 sys=0.00, real=0.01 secs]
2325.749: [GC [PSYoungGen: 52224K->256K(58880K)] 528073K->476105K(779776K), 0.0112992 secs] [Times: user=0.06 sys=0.00, real=0.01 secs]
2325.749: [GC [PSYoungGen: 52224K->256K(58880K)] 528073K->476105K(779776K), 0.0112992 secs] [Times: user=0.06 sys=0.00, real=0.01 secs]
2325.749: [GC [PSYoungGen: 52224K->256K(58880K)] 528073K->476105K(779776K), 0.0112992 secs] [Times: user=0.06 sys=0.00, real=0.01 secs]
2325.749: [GC [PSYoungGen: 52224K->256K(58880K)] 528073K->476105K(779776K), 0.0112992 secs] [Times: user=0.06 sys=0.00, real=0.01 secs]
2325.749: [GC [PSYoungGen: 52224K->256K(58880K)] 528073K->476105K(779776K), 0.0112992 secs] [Times: user=0.06 sys=0.00, real=0.01 secs]
2325.749: [GC [PSYoungGen: 52224K->256K(58880K)] 528073K->476105K(779776K), 0.0112992 secs] [Times: user=0.06 sys=0.00, real=0.01 secs]
2325.749: [GC [PSYoungGen: 52224K->256K(58880K)] 528073K->476105K(779776K), 0.0112992 secs] [Times: user=0.06 sys=0.00, real=0.01 secs]
2325.749: [GC [PSYoungGen: 52224K->256K(58880K)] 528073K->476105K(779776K), 0.0112992 secs] [Times: user=0.06 sys=0.00, real=0.01 secs]
2325.749: [GC [PSYoungGen: 52224K->256K(58880K)] 528073K->476105K(779776K), 0.0112992 secs] [Times: user=0.06 sys=0.00, real=0.01 secs]
2325.749: [GC [PSYoungGen: 52224K->256K(58880K)] 528073K->476105K(779776K), 0.0112992 secs] [Times: user=0.06 sys=0.00, real=0.01 secs]
2325.749: [GC [PSYoungGen: 52224K->256K(58880K)] 528073K->476105K(779776K), 0.0112992 secs] [Times: user=0.06 sys=0.00, real=0.01 secs]
2325.749: [GC [PSYoungGen: 52224K->256K(58880K)] 528073K->476105K(779776K), 0.0112992 secs] [Times: user=0.06 sys=0.00, real=0.01 secs]
2325.749: [GC [PSYoungGen: 52224K->256K(58880K)] 528073K->476105K(779776K), 0.0112992 secs] [Times: user=0.06 sys=0.00, real=0.01 secs]
2325.749: [GC [PSYoungGen: 52224K->256K(58880K)] 528073K->476105K(779776K), 0.0112992 secs] [Times: user=0.06 sys=0.00, real=0.01 secs]
2325.749: [GC [PSYoungGen: 52224K->256K(58880K)] 528073K->476105K(779776K), 0.0112992 secs] [Times: user=0.06 sys=0.00, real=0.01 secs]
2325.749: [GC [PSYoungGen: 52224K->256K(58880K)] 528073K->476105K(779776K), 0.0112992 secs] [Times: user=0.06 sys=0.00, real=0.01 secs]
2325.749: [GC [PSYoungGen: 52224K->256K(58880K)] 528073K->476105K(779776K), 0.0112992 secs] [Times: user=0.06 sys=0.00, real=0.01 secs]
2325.749: [GC [PSYoungGen: 52224K->256K(58880K)] 528073K->476105K(779776K), 0.0112992 secs] [Times: user=0.06 sys=0.00, real=0.01 secs]
2325.749: [GC [PSYoungGen: 52224K->256K(58880K)] 528073K->476105K(779776K), 0.0112992 secs] [Times: user=0.06 sys=0.00, real=0.01 secs]
2325.749: [GC [PSYoungGen: 52224K->256K(58880K)] 528073K->476105K(779776K), 0.0112992 secs] [Times: user=0.06 sys=0.00, real=0.01 secs]
2325.749: [GC [PSYoungGen: 52224K->256K(58880K)] 528073K->476105K(779776K), 0.0112992 secs] [Times: user=0.06 sys=0.00, real=0.01 secs]
2325.749: [GC [PSYoungGen: 52224K->256K(58880K)] 528073K->476105K(779776K), 0.0112992 secs] [Times: user=0.06 sys=0.00, real=0.01 secs]
2325.749: [GC [PSYoungGen: 52224K->256K(58880K)] 528073K->476105K(779776K), 0.0112992 secs] [Times: user=0.06 sys=0.00, real=0.01 secs]
2325.749: [GC [PSYoungGen: 52224K->256K(58880K)] 528073K->476105K(779776K), 0.0112992 secs] [Times: user=0.06 sys=0.00, real=0.01 secs]
2325.749: [GC [PSYoungGen: 52224K->256K(58880K)] 528073K->476105K(779776K), 0.0112992 secs] [Times: user=0.06 sys=0.00, real=0.01 secs]
2325.749: [GC [PSYoungGen: 52224K->256K(58880K)] 528073K->476105K(779776K), 0.0112992 secs] [Times: user=0.06 sys=0.00, real=0.01 secs]
2325.749: [GC [PSYoungGen: 52224K->256K(58880K)] 528073K->476105K(779776K), 0.0112992 secs] [Times: user=0.06 sys=0.00, real=0.01 secs]
2325.749: [GC [PSYoungGen: 52224K->256K(58880K)] 528073K->476105K(779776K), 0.0112992 secs] [Times: user=0.06 sys=0.00, real=0.01 secs]
2325.749: [GC [PSYoungGen: 52224K->256K(58880K)] 528073K->476105K(779776K), 0.0112992 secs] [Times: user=0.06 sys=0.00, real=0.01 secs]
2325.749: [GC [PSYoungGen: 52224K->256K(58880K)] 528073K->476105K(779776K), 0.0112992 secs] [Times: user=0.06 sys=0.00, real=0.01 secs]
2325.749: [GC [PSYoungGen: 52224K->256K(58880K)] 528073K->476105K(779776K), 0.0112992 secs] [Times: user=0.06 sys=0.00, real=0.01 secs]
2325.749: [GC [PSYoungGen: 52224K->256K(58880K)] 528073K->476105K(779776K), 0.0112992 secs] [Times: user=0.06 sys=0.00, real=0.01 secs]
2325.749: [GC [PSYoungGen: 52224K->256K(58880K)] 528073K->476105K(779776K), 0.0112992 secs] [Times: user=0.06 sys=0.00, real=0.01 secs]
2325.749: [GC [PSYoungGen: 52224K->256K(58880K)] 528073K->476105K(779776K), 0.0112992 secs] [Times: user=0.06 sys=0.00, real=0.01 secs]
2325.749: [GC [PSYoungGen: 52224K->256K(58880K)] 528073K->476105K(779776K), 0.0112992 secs] [Times: user=0.06 sys=0.00, real=0.01 secs]
2325.749: [GC [PSYoungGen: 52224K->256K(58880K)] 528073K->476105K(779776K), 0.0112992 secs] [Times: user=0.06 sys=0.00, real=0.01 secs]
2325.749: [GC [PSYoungGen: 52224K->256K(58880K)] 528073K->476105K(779776K), 0.0112992 secs] [Times: user=0.06 sys=0.00, real=0.01 secs]
2325.749: [GC [PSYoungGen: 52224K->256K(58880K)] 528073K->476105K(779776K), 0.0112992 secs] [Times: user=0.06 sys=0.00, real=0.01 secs]
2325.749: [GC [PSYoungGen: 52224K->256K(58880K)] 528073K->476105K(779776K), 0.0112992 secs] [Times: user=0.06 sys=0.00, real=0.01 secs]
2325.749: [GC [PSYoungGen: 52224K->256K(58880K)] 528073K->476105K(779776K), 0.0112992 secs] [Times: user=0.06 sys=0.00, real=0.01 secs]
2325.749: [GC [PSYoungGen: 52224K->256K(58880K)] 528073K->476105K(779776K), 0.0112992 secs] [Times: user=0.06 sys=0.00, real=0.01 secs]
2325.749: [GC [PSYoungGen: 52224K->256K(58880K)] 528073K->476105K(779776K), 0.0112992 secs] [Times: user=0.06 sys=0.00, real=0.01 secs]
2325.749: [GC [PSYoungGen: 52224K->256K(58880K)] 528073K->476105K(779776K), 0.0112992 secs] [Times: user=0.06 sys=0.00, real=0.01 secs]
2325.749: [GC [PSYoungGen: 52224K->256K(58880K)] 528073K->476105K(779776K), 0.0112992 secs] [Times: user=0.06 sys=0.00, real=0.01 secs]
2325.749: [GC [PSYoungGen: 52224K->256K(58880K)] 528073K->476105K(779776K), 0.0112992 secs] [Times: user=0.06 sys=0.00, real=0.01 secs]
2325.749: [GC [PSYoungGen: 52224K->256K(58880K)] 528073K->476105K(779776K), 0.0112992 secs] [Times: user=0.06 sys=0.00, real=0.01 secs]
2325.749: [GC [PSYoungGen: 52224K->256K(58880K)] 528073K->476105K(779776K), 0.0112992 secs] [Times: user=0.06 sys=0.00, real=0.01 secs]
2325.749: [GC [PSYoungGen: 52224K->256K(58880K)] 528073K->476105K(779776K), 0.0112992 secs] [Times: user=0.06 sys=0.00, real=0.01 secs]
2325.749: [GC [PSYoungGen: 52224K->256K(58880K)] 528073K->476105K(779776K), 0.0112992 secs] [Times: user=0.06 sys=0.00, real=0.01 secs]
2325.749: [GC [PSYoungGen: 52224K->256K(58880K)] 528073K->476105K(779776K), 0.0112992 secs] [Times: user=0.06 sys=0.00, real=0.01 secs]
2325.749: [GC [PSYoungGen: 52224K->256K(58880K)] 528073K->476105K(779776K), 0.0112992 secs] [Times: user=0.06 sys=0.00, real=0.01 secs]
2325.749: [GC [PSYoungGen: 52224K->256K(58880K)] 528073K->476105K(779776K), 0.0112992 secs] [Times: user=0.06 sys=0.00, real=0.01 secs]
2325.749: [GC [PSYoungGen: 52224K->256K(58880K)] 528073K->476105K(779776K), 0.0112992 secs] [Times: user=0.06 sys=0.00, real=0.01 secs]
2325.749: [GC [PSYoungGen: 52224K->256K(58880K)] 528073K->476105K(779776K), 0.0112992 secs] [Times: user=0.06 sys=0.00, real=0.01 secs]
2325.749: [GC [PSYoungGen: 52224K->256K(58880K)] 528073K->476105K(779776K), 0.0112992 secs] [Times: user=0.06 sys=0.00, real=0.01 secs]
2325.749: [GC [PSYoungGen: 52224K->256K(58880K)] 528073K->476105K(779776K), 0.0112992 secs] [Times: user=0.06 sys=0.00, real=0.01 secs]
2325.749: [GC [PSYoungGen: 52224K->256K(58880K)] 528073K->476105K(779776K), 0.0112992 secs] [Times: user=0.06 sys=0.00, real=0.01 secs]
2325.749: [GC [PSYoungGen: 52224K->256K(58880K)] 528073K->476105K(779776K), 0.0112992 secs] [Times: user=0.06 sys=0.00, real=0.01 secs]
2325.749: [GC [PSYoungGen: 52224K->256K(58880K)] 528073K->476105K(779776K), 0.0112992 secs] [Times: user=0.06 sys=0.00, real=0.01 secs]
2325.749: [GC [PSYoungGen: 52224K->256K(58880K)] 528073K->476105K(779776K), 0.0112992 secs] [Times: user=0.06 sys=0.00, real=0.01 secs]
2325.749: [GC [PSYoungGen: 52224K->256K(58880K)] 528073K->476105K(779776K), 0.0112992 secs] [Times: user=0.06 sys=0.00, real=0.01 secs]
2325.749: [GC [PSYoungGen: 52224K->256K(58880K)] 528073K->476105K(779776K), 0.0112992 secs] [Times: user=0.06 sys=0.00, real=0.01 secs]
2325.749: [GC [PSYoungGen: 52224K->256K(58880K)] 528073K->476105K(779776K), 0.0112992 secs] [Times: user=0.06 sys=0.00, real=0.01 secs]
2325.749: [GC [PSYoungGen: 52224K->256K(58880K)] 528073K->476105K(779776K), 0.0112992 secs] [Times: user=0.06 sys=0.00, real=0.01 secs]
2325.749: [GC [PSYoungGen: 52224K->256K(58880K)] 528073K->476105K(779776K), 0.0112992 secs] [Times: user=0.06 sys=0.00, real=0.01 secs]
2325.749: [GC [PSYoungGen: 52224K->256K(58880K)] 528073K->476105K(779776K), 0.0112992 secs] [Times: user=0.06 sys=0.00, real=0.01 secs]
2325.749: [GC [PSYoungGen: 52224K->256K(58880K)] 528073K->476105K(779776K), 0.0112992 secs] [Times: user=0.06 sys=0.00, real=0.01 secs]
2325.749: [GC [PSYoungGen: 52224K->256K(58880K)] 528073K->476105K(779776K), 0.0112992 secs] [Times: user=0.06 sys=0.00, real=0.01 secs]
2325.749: [GC [PSYoungGen: 52224K->256K(58880K)] 528073K->476105K(779776K), 0.0112992 secs] [Times: user=0.06 sys=0.00, real=0.01 secs]
2325.749: [GC [PSYoungGen: 52224K->256K(58880K)] 528073K->476105K(779776K), 0.0112992 secs] [Times: user=0.06 sys=0.00, real=0.01 secs]
2325.749: [GC [PSYoungGen: 52224K->256K(58880K)] 528073K->476105K(779776K), 0.0112992 secs] [Times: user=0.06 sys=0.00, real=0.01 secs]
2325.749: [GC [PSYoungGen: 52224K->256K(58880K)] 528073K->476105K(779776K), 0.0112992 secs] [Times: user=0.06 sys=0.00, real=0.01 secs]
2325.749: [GC [PSYoungGen: 52224K->256K(58880K)] 528073K->476105K(779776K), 0.0112992 secs] [Times: user=0.06 sys=0.00, real=0.01 secs]
2325.749: [GC [PSYoungGen: 52224K->256K(58880K)] 528073K->476105K(779776K), 0.0112992 secs] [Times: user=0.06 sys=0.00, real=0.01 secs]
2325.749: [GC [PSYoungGen: 52224K->256K(58880K)] 528073K->476105K(779776K), 0.0112992 secs] [Times: user=0.06 sys=0.00, real=0.01 secs]
2325.749: [GC [PSYoungGen: 52224K->256K(58880K)] 528073K->476105K(779776K), 0.0112992 secs] [Times: user=0.06 sys=0.00, real=0.01 secs]
2325.749: [GC [PSYoungGen: 52224K->256K(58880K)] 528073K->476105K(779776K), 0.0112992 secs] [Times: user=0.06 sys=0.00, real=0.01 secs]
2325.749: [GC [PSYoungGen: 52224K->256K(58880K)] 528073K->476105K(779776K), 0.0112992 secs] [Times: user=0.06 sys=0.00, real=0.01 secs]
2325.749: [GC [PSYoungGen: 52224K->256K(58880K)] 528073K->476105K(779776K), 0.0112992 secs] [Times: user=0.06 sys=0.00, real=0.01 secs]
2325.749: [GC [PSYoungGen: 52224K->256K(58880K)] 528073K->476105K(779776K), 0.0112992 secs] [Times: user=0.06 sys=0.00, real=0.01 secs]
2325.749: [GC [PSYoungGen: 52224K->256K(58880K)] 528073K->476105K(779776K), 0.0112992 secs] [Times: user=0.06 sys=0.00, real=0.01 secs]
2325.749: [GC [PSYoungGen: 52224K->256K(58880K)] 528073K->476105K(779776K), 0.0112992 secs] [Times: user=0.06 sys=0.00, real=0.01 secs]
2325.749: [GC [PSYoungGen: 52224K->256K(58880K)] 528073K->476105K(779776K), 0.0112992 secs] [Times: user=0.06 sys=0.00, real=0.01 secs]
2325.749: [GC [PSYoungGen: 52224K->256K(58880K)] 528073K->476105K(779776K), 0.0112992 secs] [Times: user=0.06 sys=0.00, real=0.01 secs]
2325.749: [GC [PSYoungGen: 52224K->256K(58880K)] 528073K->476105K(779776K), 0.0112992 secs] [Times: user=0.06 sys=0.00, real=0.01 secs]
2325.749: [GC [PSYoungGen: 52224K->256K(58880K)] 528073K->476105K(779776K), 0.0112992 secs] [Times: user=0.06 sys=0.00, real=0.01 secs]
2325.749: [GC [PSYoungGen: 52224K->256K(58880K)] 528073K->476105K(779776K), 0.0112992 secs] [Times: user=0.06 sys=0.00, real=0.01 secs]
2325.749: [GC [PSYoungGen: 52224K->256K(58880K)] 528073K->476105K(779776K), 0.0112992 secs] [Times: user=0.06 sys=0.00, real=0.01 secs]
2325.749: [GC [PSYoungGen: 52224K->256K(58880K)] 528073K->476105K(779776K), 0.0112992 secs] [Times: user=0.06 sys=0.00, real=0.01 secs]
2325.749: [GC [PSYoungGen: 52224K->256K(58880K)] 528073K->476105K(779776K), 0.0112992 secs] [Times: user=0.06 sys=0.00, real=0.01 secs]
2325.749: [GC [PSYoungGen: 52224K->256K(58880K)] 528073K->476105K(779776K), 0.0112992 secs] [Times: user=0.06 sys=0.00, real=0.01 secs]
2325.749: [GC [PSYoungGen: 52224K->256K(58880K)] 528073K->476105K(779776K), 0.0112992 secs] [Times: user=0.06 sys=0.00, real=0.01 secs]
2325.749: [GC [PSYoungGen: 52224K->256K(58880K)] 528073K->476105K(779776K), 0.0112992 secs] [Times: user=0.06 sys=0.00, real=0.01 secs]
2325.749: [GC [PSYoungGen: 52224K->256K(58880K)] 528073K->476105K(779776K), 0.0112992 secs] [Times: user=0.06 sys=0.00, real=0.01 secs]
2325.749: [GC [PSYoungGen: 52224K->256K(58880K)] 528073K->476105K(779776K), 0.0112992 secs] [Times: user=0.06 sys=0.00, real=0.01 secs]
2325.749: [GC [PSYoungGen: 52224K->256K(58880K)] 528073K->476105K(779776K), 0.0112992 secs] [Times: user=0.06 sys=0.00, real=0.01 secs]
2325.749: [GC [PSYoungGen: 52224K->256K(58880K)] 528073K->476105K(779776K), 0.0112992 secs] [Times: user=0.06 sys=0.00, real=0.01 secs]
2325.749: [GC [PSYoungGen: 52224K->256K(58880K)] 528073K->476105K(779776K), 0.0112992 secs] [Times: user=0.06 sys=0.00, real=0.01 secs]
2325.749: [GC [PSYoungGen: 52224K->256K(58880K)] 528073K->476105K(779776K), 0.0112992 secs] [Times: user=0.06 sys=0.00, real=0.01 secs]
2325.749: [GC [PSYoungGen: 52224K->256K(58880K)] 528073K->476105K(779776K), 0.0112992 secs] [Times: user=0.06 sys=0.00, real=0.01 secs]
2325.749: [GC [PSYoungGen: 52224K->256K(58880K)] 528073K->476105K(779776K), 0.0112992 secs] [Times: user=0.06 sys=0.00, real=0.01 secs]
2325.749: [GC [PSYoungGen: 52224K->256K(58880K)] 528073K->476105K(779776K), 0.0112992 secs] [Times: user=0.06 sys=0.00, real=0.01 secs]
2325.749: [GC [PSYoungGen: 52224K->256K(58880K)] 528073K->476105K(779776K), 0.0112992 secs] [Times: user=0.06 sys=0.00, real=0.01 secs]
2325.749: [GC [PSYoungGen: 52224K->256K(58880K)] 528073K->476105K(779776K), 0.0112992 secs] [Times: user=0.06 sys=0.00, real=0.01 secs]
2325.749: [GC [PSYoungGen: 52224K->256K(58880K)] 528073K->476105K(779776K), 0.0112992 secs] [Times: user=0.06 sys=0.00, real=0.01 secs]
2325.749: [GC [PSYoungGen: 52224K->256K(58880K)] 528073K->476105K(779776K), 0.0112992 secs] [Times: user=0.06 sys=0.00, real=0.01 secs]
2325.749: [GC [PSYoungGen: 52224K->256K(58880K)] 528073K->476105K(779776K), 0.0112992 secs] [Times: user=0.06 sys=0.00, real=0.01 secs]
2325.749: [GC [PSYoungGen: 52224K->256K(58880K)] 528073K->476105K(779776K), 0.0112992 secs] [Times: user=0.06 sys=0.00, real=0.01 secs]
2325.749: [GC [PSYoungGen: 52224K->256K(58880K)] 528073K->476105K(779776K), 0.0112992 secs] [Times: user=0.06 sys=0.00, real=0.01 secs]
2325.749: [GC [PSYoungGen: 52224K->256K(58880K)] 528073K->476105K(779776K), 0.0112992 secs] [Times: user=0.06 sys=0.00, real=0.01 secs]
2325.749: [GC [PSYoungGen: 52224K->256K(58880K)] 528073K->476105K(779776K), 0.0112992 secs] [Times: user=0.06 sys=0.00, real=0.01 secs]
2325.749: [GC [PSYoungGen: 52224K->256K(58880K)] 528073K->476105K(779776K), 0.0112992 secs] [Times: user=0.06 sys=0.00, real=0.01 secs]
2325.749: [GC [PSYoungGen: 52224K->256K(58880K)] 528073K->476105K(779776K), 0.0112992 secs] [Times: user=0.06 sys=0.00, real=0.01 secs]
2325.749: [GC [PSYoungGen: 52224K->256K(58880K)] 528073K->476105K(779776K), 0.0112992 secs] [Times: user=0.06 sys=0.00, real=0.01 secs]
2325.749: [GC [PSYoungGen: 52224K->256K(58880K)] 528073K->476105K(779776K), 0.0112992 secs] [Times: user=0.06 sys=0.00, real=0.01 secs]
2325.749: [GC [PSYoungGen: 52224K->256K(58880K)] 528073K->476105K(779776K), 0.0112992 secs] [Times: user=0.06 sys=0.00, real=0.01 secs]
2325.749: [GC [PSYoungGen: 52224K->256K(58880K)] 528073K->476105K(779776K), 0.0112992 secs] [Times: user=0.06 sys=0.00, real=0.01 secs]
2325.749: [GC [PSYoungGen: 52224K->256K(58880K)] 528073K->476105K(779776K), 0.0112992 secs] [Times: user=0.06 sys=0.00, real=0.01 secs]
2325.749: [GC [PSYoungGen: 52224K->256K(58880K)] 528073K->476105K(779776K), 0.0112992 secs] [Times: user=0.06 sys=0.00, real=0.01 secs]
2325.749: [GC [PSYoungGen: 52224K->256K(58880K)] 528073K->476105K(779776K), 0.0112992 secs] [Times: user=0.06 sys=0.00, real=0.01 secs]
2325.749: [GC [PSYoungGen: 52224K->256K(58880K)] 528073K->476105K(779776K), 0.0112992 secs] [Times: user=0.06 sys=0.00, real=0.01 secs]
2325.749: [GC [PSYoungGen: 52224K->256K(58880K)] 528073K->476105K(779776K), 0.0112992 secs] [Times: user=0.06 sys=0.00, real=0.01 secs]
2325.749: [GC [PSYoungGen: 52224K->256K(58880K)] 528073K->476105K(779776K), 0.0112992 secs] [Times: user=0.06 sys=0.00, real=0.01 secs]
2325.749: [GC [PSYoungGen: 52224K->256K(58880K)] 528073K->476105K(779776K), 0.0112992 secs] [Times: user=0.06 sys=0.00, real=0.01 secs]
2325.749: [GC [PSYoungGen: 52224K->256K(58880K)] 528073K->476105K(779776K), 0.0112992 secs] [Times: user=0.06 sys=0.00, real=0.01 secs]
2325.749: [GC [PSYoungGen: 52224K->256K(58880K)] 528073K->476105K(779776K), 0.0112992 secs] [Times: user=0.06 sys=0.00, real=0.01 secs]
2325.749: [GC [PSYoungGen: 52224K->256K(58880K)] 528073K->476105K(779776K), 0.0112992 secs] [Times: user=0.06 sys=0.00, real=0.01 secs]
2325.749: [GC [PSYoungGen: 52224K->256K(58880K)] 528073K->476105K(779776K), 0.0112992 secs] [Times: user=0.06 sys=0.00, real=0.01 secs]
2325.749: [GC [PSYoungGen: 52224K->256K(58880K)] 528073K->476105K(779776K), 0.0112992 secs] [Times: user=0.06 sys=0.00, real=0.01 secs]
2325.749: [GC [PSYoungGen: 52224K->256K(58880K)] 528073K->476105K(779776K), 0.0112992 secs] [Times: user=0.06 sys=0.00, real=0.01 secs]
2325.749: [GC [PSYoungGen: 52224K->256K(58880K)] 528073K->476105K(779776K), 0.0112992 secs] [Times: user=0.06 sys=0.00, real=0.01 secs]
2325.749: [GC [PSYoungGen: 52224K->256K(58880K)] 528073K->476105K(779776K), 0.0112992 secs] [Times: user=0.06 sys=0.00, real=0.01 secs]
2325.749: [GC [PSYoungGen: 52224K->256K(58880K)] 528073K->476105K(779776K), 0.0112992 secs] [Times: user=0.06 sys=0.00, real=0.01 secs]
2325.749: [GC [PSYoungGen: 52224K->256K(58880K)] 528073K->476105K(779776K), 0.0112992 secs] [Times: user=0.06 sys=0.00, real=0.01 secs]
2325.749: [GC [PSYoungGen: 52224K->256K(58880K)] 528073K->476105K(779776K), 0.0112992 secs] [Times: user=0.06 sys=0.00, real=0.01 secs]
2325.749: [GC [PSYoungGen: 52224K->256K(58880K)] 528073K->476105K(779776K), 0.0112992 secs] [Times: user=0.06 sys=0.00, real=0.01 secs]
2325.749: [GC [PSYoungGen: 52224K->256K(58880K)] 528073K->476105K(779776K), 0.0112992 secs] [Times: user=0.06 sys=0.00, real=0.01 secs]
2325.749: [GC [PSYoungGen: 52224K->256K(58880K)] 528073K->476105K(779776K), 0.0112992 secs] [Times: user=0.06 sys=0.00, real=0.01 secs]
2325.749: [GC [PSYoungGen: 52224K->256K(58880K)] 528073K->476105K(779776K), 0.0112992 secs] [Times: user=0.06 sys=0.00, real=0.01 secs]
2325.749: [GC [PSYoungGen: 52224K->256K(58880K)] 528073K->476105K(779776K), 0.0112992 secs] [Times: user=0.06 sys=0.00, real=0.01 secs]
2325.749: [GC [PSYoungGen: 52224K->256K(58880K)] 528073K->476105K(779776K), 0.0112992 secs] [Times: user=0.06 sys=0.00, real=0.01 secs]
2325.749: [GC [PSYoungGen: 52224K->256K(58880K)] 528073K->476105K(779776K), 0.0112992 secs] [Times: user=0.06 sys=0.00, real=0.01 secs]
2325.749: [GC [PSYoungGen: 52224K->256K(58880K)] 528073K->476105K(779776K), 0.0112992 secs] [Times: user=0.06 sys=0.00, real=0.01 secs]
2325.749: [GC [PSYoungGen: 52224K->256K(58880K)] 528073K->476105K(779776K), 0.0112992 secs] [Times: user=0.06 sys=0.00, real=0.01 secs]
2325.749: [GC [PSYoungGen: 52224K->256K(58880K)] 528073K->476105K(779776K), 0.0112992 secs] [Times: user=0.06 sys=0.00, real=0.01 secs]
2325.749: [GC [PSYoungGen: 52224K->256K(58880K)] 528073K->476105K(779776K), 0.0112992 secs] [Times: user=0.06 sys=0.00, real=0.01 secs]
2325.749: [GC [PSYoungGen: 52224K->256K(58880K)] 528073K->476105K(779776K), 0.0112992 secs] [Times: user=0.06 sys=0.00, real=0.01 secs]
2325.749: [GC [PSYoungGen: 52224K->256K(58880K)] 528073K->476105K(779776K), 0.0112992 secs] [Times: user=0.06 sys=0.00, real=0.01 secs]
2325.749: [GC [PSYoungGen: 52224K->256K(58880K)] 528073K->476105K(779776K), 0.0112992 secs] [Times: user=0.06 sys=0.00, real=0.01 secs]
2325.749: [GC [PSYoungGen: 52224K->256K(58880K)] 528073K->476105K(779776K), 0.0112992 secs] [Times: user=0.06 sys=0.00, real=0.01 secs]
2325.749: [GC [PSYoungGen: 52224K->256K(58880K)] 528073K->476105K(779776K), 0.0112992 secs] [Times: user=0.06 sys=0.00, real=0.01 secs]
2325.749: [GC [PSYoungGen: 52224K->256K(58880K)] 528073K->476105K(779776K), 0.0112992 secs] [Times: user=0.06 sys=0.00, real=0.01 secs]
2325.749: [GC [PSYoungGen: 52224K->256K(58880K)] 528073K->476105K(779776K), 0.0112992 secs] [Times: user=0.06 sys=0.00, real=0.01 secs]
2325.749: [GC [PSYoungGen: 52224K->256K(58880K)] 528073K->476105K(779776K), 0.0112992 secs] [Times: user=0.06 sys=0.00, real=0.01 secs]
2325.749: [GC [PSYoungGen: 52224K->256K(58880K)] 528073K->476105K(779776K), 0.0112992 secs] [Times: user=0.06 sys=0.00, real=0.01 secs]
2325.749: [GC [PSYoungGen: 52224K->256K(58880K)] 528073K->476105K(779776K), 0.0112992 secs] [Times: user=0.06 sys=0.00, real=0.01 secs]
2325.749: [GC [PSYoungGen: 52224K->256K(58880K)] 528073K->476105K(779776K), 0.0112992 secs] [Times: user=0.06 sys=0.00, real=0.01 secs]
2325.749: [GC [PSYoungGen: 52224K->256K(58880K)] 528073K->476105K(779776K), 0.0112992 secs] [Times: user=0.06 sys=0.00, real=0.01 secs]
2325.749: [GC [PSYoungGen: 52224K->256K(58880K)] 528073K->476105K(779776K), 0.0112992 secs] [Times: user=0.06 sys=0.00, real=0.01 secs]
2325.749: [GC [PSYoungGen: 52224K->256K(58880K)] 528073K->476105K(779776K), 0.0112992 secs] [Times: user=0.06 sys=0.00, real=0.01 secs]
2325.749: [GC [PSYoungGen: 52224K->256K(58880K)] 528073K->476105K(779776K), 0.0112992 secs] [Times: user=0.06 sys=0.00, real=0.01 secs]
2325.749: [GC [PSYoungGen: 52224K->256K(58880K)] 528073K->476105K(779776K), 0.0112992 secs] [Times: user=0.06 sys=0.00, real=0.01 secs]
2325.749: [GC [PSYoungGen: 52224K->256K(58880K)] 528073K->476105K(779776K), 0.0112992 secs] [Times: user=0.06 sys=0.00, real=0.01 secs]
2325.749: [GC [PSYoungGen: 52224K->256K(58880K)] 528073K->476105K(779776K), 0.0112992 secs] [Times: user=0.06 sys=0.00, real=0.01 secs]
2325.749: [GC [PSYoungGen: 52224K->256K(58880K)] 528073K->476105K(779776K), 0.0112992 secs] [Times: user=0.06 sys=0.00, real=0.01 secs]
2325.749: [GC [PSYoungGen: 52224K->256K(58880K)] 528073K->476105K(779776K), 0.0112992 secs] [Times: user=0.06 sys=0.00, real=0.01 secs]
2325.749: [GC [PSYoungGen: 52224K->256K(58880K)] 528073K->476105K(779776K), 0.0112992 secs] [Times: user=0.06 sys=0.00, real=0.01 secs]
2325.749: [GC [PSYoungGen: 52224K->256K(58880K)] 528073K->476105K(779776K), 0.0112992 secs] [Times: user=0.06 sys=0.00, real=0.01 secs]
2325.749: [GC [PSYoungGen: 52224K->256K(58880K)] 528073K->476105K(779776K), 0.0112992 secs] [Times: user=0.06 sys=0.00, real=0.01 secs]
2325.749: [GC [PSYoungGen: 52224K->256K(58880K)] 528073K->476105K(779776K), 0.0112992 secs] [Times: user=0.06 sys=0.00, real=0.01 secs]
2325.749: [GC [PSYoungGen: 52224K->256K(58880K)] 528073K->476105K(779776K), 0.0112992 secs] [Times: user=0.06 sys=0.00, real=0.01 secs]
2325.749: [GC [PSYoungGen: 52224K->256K(58880K)] 528073K->476105K(779776K), 0.0112992 secs] [Times: user=0.06 sys=0.00, real=0.01 secs]
2325.749: [GC [PSYoungGen: 52224K->256K(58880K)] 528073K->476105K(779776K), 0.0112992 secs] [Times: user=0.06 sys=0.00, real=0.01 secs]
2325.749: [GC [PSYoungGen: 52224K->256K(58880K)] 528073K->476105K(779776K), 0.0112992 secs] [Times: user=0.06 sys=0.00, real=0.01 secs]
2325.749: [GC [PSYoungGen: 52224K->256K(58880K)] 528073K->476105K(779776K), 0.0112992 secs] [Times: user=0.06 sys=0.00, real=0.01 secs]
2325.749: [GC [PSYoungGen: 52224K->256K(58880K)] 528073K->476105K(779776K), 0.0112992 secs] [Times: user=0.06 sys=0.00, real=0.01 secs]
2325.749: [GC [PSYoungGen: 52224K->256K(58880K)] 528073K->476105K(779776K), 0.0112992 secs] [Times: user=0.06 sys=0.00, real=0.01 secs]
2325.749: [GC [PSYoungGen: 52224K->256K(58880K)] 528073K->476105K(779776K), 0.0112992 secs] [Times: user=0.06 sys=0.00, real=0.01 secs]
2325.749: [GC [PSYoungGen: 52224K->256K(58880K)] 528073K->476105K(779776K), 0.0112992 secs] [Times: user=0.06 sys=0.00, real=0.01 secs]
2325.749: [GC [PSYoungGen: 52224K->256K(58880K)] 528073K->476105K(779776K), 0.0112992 secs] [Times: user=0.06 sys=0.00, real=0.01 secs]
2325.749: [GC [PSYoungGen: 52224K->256K(58880K)] 528073K->476105K(779776K), 0.0112992 secs] [Times: user=0.06 sys=0.00, real=0.01 secs]
2325.749: [GC [PSYoungGen: 52224K->256K(58880K)] 528073K->476105K(779776K), 0.0112992 secs] [Times: user=0.06 sys=0.00, real=0.01 secs]
2325.749: [GC [PSYoungGen: 52224K->256K(58880K)] 528073K->476105K(779776K), 0.0112992 secs] [Times: user=0.06 sys=0.00, real=0.01 secs]
2325.749: [GC [PSYoungGen: 52224K->256K(58880K)] 528073K->476105K(779776K), 0.0112992 secs] [Times: user=0.06 sys=0.00, real=0.01 secs]
2325.749: [GC [PSYoungGen: 52224K->256K(58880K)] 528073K->476105K(779776K), 0.0112992 secs] [Times: user=0.06 sys=0.00, real=0.01 secs]
2325.749: [GC [PSYoungGen: 52224K->256K(58880K)] 528073K->476105K(779776K), 0.0112992 secs] [Times: user=0.06 sys=0.00, real=0.01 secs]
2325.749: [GC [PSYoungGen: 52224K->256K(58880K)] 528073K->476105K(779776K), 0.0112992 secs] [Times: user=0.06 sys=0.00, real=0.01 secs]
2325.749: [GC [PSYoungGen: 52224K->256K(58880K)] 528073K->476105K(779776K), 0.0112992 secs] [Times: user=0.06 sys=0.00, real=0.01 secs]
2325.749: [GC [PSYoungGen: 52224K->256K(58880K)] 528073K->476105K(779776K), 0.0112992 secs] [Times: user=0.06 sys=0.00, real=0.01 secs]
2325.749: [GC [PSYoungGen: 52224K->256K(58880K)] 528073K->476105K(779776K), 0.0112992 secs] [Times: user=0.06 sys=0.00, real=0.01 secs]
2325.749: [GC [PSYoungGen: 52224K->256K(58880K)] 528073K->476105K(779776K), 0.0112992 secs] [Times: user=0.06 sys=0.00, real=0.01 secs]
2325.749: [GC [PSYoungGen: 52224K->256K(58880K)] 528073K->476105K(779776K), 0.0112992 secs] [Times: user=0.06 sys=0.00, real=0.01 secs]
2325.749: [GC [PSYoungGen: 52224K->256K(58880K)] 528073K->476105K(779776K), 0.0112992 secs] [Times: user=0.06 sys=0.00, real=0.01 secs]
2325.749: [GC [PSYoungGen: 52224K->256K(58880K)] 528073K->476105K(779776K), 0.0112992 secs] [Times: user=0.06 sys=0.00, real=0.01 secs]
2325.749: [GC [PSYoungGen: 52224K->256K(58880K)] 528073K->476105K(779776K), 0.0112992 secs] [Times: user=0.06 sys=0.00, real=0.01 secs]
2325.749: [GC [PSYoungGen: 52224K->256K(58880K)] 528073K->476105K(779776K), 0.0112992 secs] [Times: user=0.06 sys=0.00, real=0.01 secs]
2325.749: [GC [PSYoungGen: 52224K->256K(58880K)] 528073K->476105K(779776K), 0.0112992 secs] [Times: user=0.06 sys=0.00, real=0.01 secs]
2325.749: [GC [PSYoungGen: 52224K->256K(58880K)] 528073K->476105K(779776K), 0.0112992 secs] [Times: user=0.06 sys=0.00, real=0.01 secs]
2325.749: [GC [PSYoungGen: 52224K->256K(58880K)] 528073K->476105K(779776K), 0.0112992 secs] [Times: user=0.06 sys=0.00, real=0.01 secs]
2325.749: [GC [PSYoungGen: 52224K->256K(58880K)] 528073K->476105K(779776K), 0.0112992 secs] [Times: user=0.06 sys=0.00, real=0.01 secs]
2325.749: [GC [PSYoungGen: 52224K->256K(58880K)] 528073K->476105K(779776K), 0.0112992 secs] [Times: user=0.06 sys=0.00, real=0.01 secs]
2325.749: [GC [PSYoungGen: 52224K->256K(58880K)] 528073K->476105K(779776K), 0.0112992 secs] [Times: user=0.06 sys=0.00, real=0.01 secs]
2325.749: [GC [PSYoungGen: 52224K->256K(58880K)] 528073K->476105K(779776K), 0.0112992 secs] [Times: user=0.06 sys=0.00, real=0.01 secs]
2325.749: [GC [PSYoungGen: 52224K->256K(58880K)] 528073K->476105K(779776K), 0.0112992 secs] [Times: user=0.06 sys=0.00, real=0.01 secs]
2325.749: [GC [PSYoungGen: 52224K->256K(58880K)] 528073K->476105K(779776K), 0.0112992 secs] [Times: user=0.06 sys=0.00, real=0.01 secs]
2325.749: [GC [PSYoungGen: 52224K->256K(58880K)] 528073K->476105K(779776K), 0.0112992 secs] [Times: user=0.06 sys=0.00, real=0.01 secs]
2325.749: [GC [PSYoungGen: 52224K->256K(58880K)] 528073K->476105K(779776K), 0.0112992 secs] [Times: user=0.06 sys=0.00, real=0.01 secs]
2325.749: [GC [PSYoungGen: 52224K->256K(58880K)] 528073K->476105K(779776K), 0.0112992 secs] [Times: user=0.06 sys=0.00, real=0.01 secs]
2325.749: [GC [PSYoungGen: 52224K->256K(58880K)] 528073K->476105K(779776K), 0.0112992 secs] [Times: user=0.06 sys=0.00, real=0.01 secs]
2325.749: [GC [PSYoungGen: 52224K->256K(58880K)] 528073K->476105K(779776K), 0.0112992 secs] [Times: user=0.06 sys=0.00, real=0.01 secs]
2325.749: [GC [PSYoungGen: 52224K->256K(58880K)] 528073K->476105K(779776K), 0.0112992 secs] [Times: user=0.06 sys=0.00, real=0.01 secs]
2325.749: [GC [PSYoungGen: 52224K->256K(58880K)] 528073K->476105K(779776K), 0.0112992 secs] [Times: user=0.06 sys=0.00, real=0.01 secs]
2325.749: [GC [PSYoungGen: 52224K->256K(58880K)] 528073K->476105K(779776K), 0.0112992 secs] [Times: user=0.06 sys=0.00, real=0.01 secs]
2325.749: [GC [PSYoungGen: 52224K->256K(58880K)] 528073K->476105K(779776K), 0.0112992 secs] [Times: user=0.06 sys=0.00, real=0.01 secs]
2325.749: [GC [PSYoungGen: 52224K->256K(58880K)] 528073K->476105K(779776K), 0.0112992 secs] [Times: user=0.06 sys=0.00, real=0.01 secs]
2325.749: [GC [PSYoungGen: 52224K->256K(58880K)] 528073K->476105K(779776K), 0.0112992 secs] [Times: user=0.06 sys=0.00, real=0.01 secs]
2325.749: [GC [PSYoungGen: 52224K->256K(58880K)] 528073K->476105K(779776K), 0.0112992 secs] [Times: user=0.06 sys=0.00, real=0.01 secs]
2325.749: [GC [PSYoungGen: 52224K->256K(58880K)] 528073K->476105K(779776K), 0.0112992 secs] [Times: user=0.06 sys=0.00, real=0.01 secs]
2325.749: [GC [PSYoungGen: 52224K->256K(58880K)] 528073K->476105K(779776K), 0.0112992 secs] [Times: user=0.06 sys=0.00, real=0.01 secs]
2325.749: [GC [PSYoungGen: 52224K->256K(58880K)] 528073K->476105K(779776K), 0.0112992 secs] [Times: user=0.06 sys=0.00, real=0.01 secs]
2325.749: [GC [PSYoungGen: 52224K->256K(58880K)] 528073K->476105K(779776K), 0.0112992 secs] [Times: user=0.06 sys=0.00, real=0.01 secs]
2325.749: [GC [PSYoungGen: 52224K->256K(58880K)] 528073K->476105K(779776K), 0.0112992 secs] [Times: user=0.06 sys=0.00, real=0.01 secs]
2325.749: [GC [PSYoungGen: 52224K->256K(58880K)] 528073K->476105K(779776K), 0.0112992 secs] [Times: user=0.06 sys=0.00, real=0.01 secs]
2325.749: [GC [PSYoungGen: 52224K->256K(58880K)] 528073K->476105K(779776K), 0.0112992 secs] [Times: user=0.06 sys=0.00, real=0.01 secs]
2325.749: [GC [PSYoungGen: 52224K->256K(58880K)] 528073K->476105K(779776K), 0.0112992 secs] [Times: user=0.06 sys=0.00, real=0.01 secs]
2325.749: [GC [PSYoungGen: 52224K->256K(58880K)] 528073K->476105K(779776K), 0.0112992 secs] [Times: user=0.06 sys=0.00, real=0.01 secs]
2325.749: [GC [PSYoungGen: 52224K->256K(58880K)] 528073K->476105K(779776K), 0.0112992 secs] [Times: user=0.06 sys=0.00, real=0.01 secs]
2325.749: [GC [PSYoungGen: 52224K->256K(58880K)] 528073K->476105K(779776K), 0.0112992 secs] [Times: user=0.06 sys=0.00, real=0.01 secs]
2325.749: [GC [PSYoungGen: 52224K->256K(58880K)] 528073K->476105K(779776K), 0.0112992 secs] [Times: user=0.06 sys=0.00, real=0.01 secs]
2325.749: [GC [PSYoungGen: 52224K->256K(58880K)] 528073K->476105K(779776K), 0.0112992 secs] [Times: user=0.06 sys=0.00, real=0.01 secs]
2325.749: [GC [PSYoungGen: 52224K->256K(58880K)] 528073K->476105K(779776K), 0.0112992 secs] [Times: user=0.06 sys=0.00, real=0.01 secs]
2325.749: [GC [PSYoungGen: 52224K->256K(58880K)] 528073K->476105K(779776K), 0.0112992 secs] [Times: user=0.06 sys=0.00, real=0.01 secs]
2325.749: [GC [PSYoungGen: 52224K->256K(58880K)] 528073K->476105K(779776K), 0.0112992 secs] [Times: user=0.06 sys=0.00, real=0.01 secs]
2325.749: [GC [PSYoungGen: 52224K->256K(58880K)] 528073K->476105K(779776K), 0.0112992 secs] [Times: user=0.06 sys=0.00, real=0.01 secs]
2325.749: [GC [PSYoungGen: 52224K->256K(58880K)] 528073K->476105K(779776K), 0.0112992 secs] [Times: user=0.06 sys=0.00, real=0.01 secs]
2325.749: [GC [PSYoungGen: 52224K->256K(58880K)] 528073K->476105K(779776K), 0.0112992 secs] [Times: user=0.06 sys=0.00, real=0.01 secs]
2325.749: [GC [PSYoungGen: 52224K->256K(58880K)] 528073K->476105K(779776K), 0.0112992 secs] [Times: user=0.06 sys=0.00, real=0.01 secs]
2325.749: [GC [PSYoungGen: 52224K->256K(58880K)] 528073K->476105K(779776K), 0.0112992 secs] [Times: user=0.06 sys=0.00, real=0.01 secs]
2325.749: [GC [PSYoungGen: 52224K->256K(58880K)] 528073K->476105K(779776K), 0.0112992 secs] [Times: user=0.06 sys=0.00, real=0.01 secs]
2325.749: [GC [PSYoungGen: 52224K->256K(58880K)] 528073K->476105K(779776K), 0.0112992 secs] [Times: user=0.06 sys=0.00, real=0.01 secs]
2325.749: [GC [PSYoungGen: 52224K->256K(58880K)] 528073K->476105K(779776K), 0.0112992 secs] [Times: user=0.06 sys=0.00, real=0.01 secs]
2325.749: [GC [PSYoungGen: 52224K->256K(58880K)] 528073K->476105K(779776K), 0.0112992 secs] [Times: user=0.06 sys=0.00, real=0.01 secs]
2325.749: [GC [PSYoungGen: 52224K->256K(58880K)] 528073K->476105K(779776K), 0.0112992 secs] [Times: user=0.06 sys=0.00, real=0.01 secs]
2325.749: [GC [PSYoungGen: 52224K->256K(58880K)] 528073K->476105K(779776K), 0.0112992 secs] [Times: user=0.06 sys=0.00, real=0.01 secs]
2325.749: [GC [PSYoungGen: 52224K->256K(58880K)] 528073K->476105K(779776K), 0.0112992 secs] [Times: user=0.06 sys=0.00, real=0.01 secs]
2325.749: [GC [PSYoungGen: 52224K->256K(58880K)] 528073K->476105K(779776K), 0.0112992 secs] [Times: user=0.06 sys=0.00, real=0.01 secs]
2325.749: [GC [PSYoungGen: 52224K->256K(58880K)] 528073K->476105K(779776K), 0.0112992 secs] [Times: user=0.06 sys=0.00, real=0.01 secs]
2325.749: [GC [PSYoungGen: 52224K->256K(58880K)] 528073K->476105K(779776K), 0.0112992 secs] [Times: user=0.06 sys=0.00, real=0.01 secs]
2325.749: [GC [PSYoungGen: 52224K->256K(58880K)] 528073K->476105K(779776K), 0.0112992 secs] [Times: user=0.06 sys=0.00, real=0.01 secs]
2325.749: [GC [PSYoungGen: 52224K->256K(58880K)] 528073K->476105K(779776K), 0.0112992 secs] [Times: user=0.06 sys=0.00, real=0.01 secs]
2325.749: [GC [PSYoungGen: 52224K->256K(58880K)] 528073K->476105K(779776K), 0.0112992 secs] [Times: user=0.06 sys=0.00, real=0.01 secs]
2325.749: [GC [PSYoungGen: 52224K->256K(58880K)] 528073K->476105K(779776K), 0.0112992 secs] [Times: user=0.06 sys=0.00, real=0.01 secs]
2325.749: [GC [PSYoungGen: 52224K->256K(58880K)] 528073K->476105K(779776K), 0.0112992 secs] [Times: user=0.06 sys=0.00, real=0.01 secs]
2325.749: [GC [PSYoungGen: 52224K->256K(58880K)] 528073K->476105K(779776K), 0.0112992 secs] [Times: user=0.06 sys=0.00, real=0.01 secs]
2325.749: [GC [PSYoungGen: 52224K->256K(58880K)] 528073K->476105K(779776K), 0.0112992 secs] [Times: user=0.06 sys=0.00, real=0.01 secs]
2325.749: [GC [PSYoungGen: 52224K->256K(58880K)] 528073K->476105K(779776K), 0.0112992 secs] [Times: user=0.06 sys=0.00, real=0.01 secs]
2325.749: [GC [PSYoungGen: 52224K->256K(58880K)] 528073K->476105K(779776K), 0.0112992 secs] [Times: user=0.06 sys=0.00, real=0.01 secs]
2325.749: [GC [PSYoungGen: 52224K->256K(58880K)] 528073K->476105K(779776K), 0.0112992 secs] [Times: user=0.06 sys=0.00, real=0.01 secs]
2325.749: [GC [PSYoungGen: 52224K->256K(58880K)] 528073K->476105K(779776K), 0.0112992 secs] [Times: user=0.06 sys=0.00, real=0.01 secs]
2325.749: [GC [PSYoungGen: 52224K->256K(58880K)] 528073K->476105K(779776K), 0.0112992 secs] [Times: user=0.06 sys=0.00, real=0.01 secs]
2325.749: [GC [PSYoungGen: 52224K->256K(58880K)] 528073K->476105K(779776K), 0.0112992 secs] [Times: user=0.06 sys=0.00, real=0.01 secs]
2325.749: [GC [PSYoungGen: 52224K->256K(58880K)] 528073K->476105K(779776K), 0.0112992 secs] [Times: user=0.06 sys=0.00, real=0.01 secs]
2325.749: [GC [PSYoungGen: 52224K->256K(58880K)] 528073K->476105K(779776K), 0.0112992 secs] [Times: user=0.06 sys=0.00, real=0.01 secs]
2325.749: [GC [PSYoungGen: 52224K->256K(58880K)] 528073K->476105K(779776K), 0.0112992 secs] [Times: user=0.06 sys=0.00, real=0.01 secs]
2325.749: [GC [PSYoungGen: 52224K->256K(58880K)] 528073K->476105K(779776K), 0.0112992 secs] [Times: user=0.06 sys=0.00, real=0.01 secs]
2325.749: [GC [PSYoungGen: 52224K->256K(58880K)] 528073K->476105K(779776K), 0.0112992 secs] [Times: user=0.06 sys=0.00, real=0.01 secs]
2325.749: [GC [PSYoungGen: 52224K->256K(58880K)] 528073K->476105K(779776K), 0.0112992 secs] [Times: user=0.06 sys=0.00, real=0.01 secs]
2325.749: [GC [PSYoungGen: 52224K->256K(58880K)] 528073K->476105K(779776K), 0.0112992 secs] [Times: user=0.06 sys=0.00, real=0.01 secs]
2325.749: [GC [PSYoungGen: 52224K->256K(58880K)] 528073K->476105K(779776K), 0.0112992 secs] [Times: user=0.06 sys=0.00, real=0.01 secs]
2325.749: [GC [PSYoungGen: 52224K->256K(58880K)] 528073K->476105K(779776K), 0.0112992 secs] [Times: user=0.06 sys=0.00, real=0.01 secs]
2325.749: [GC [PSYoungGen: 52224K->256K(58880K)] 528073K->476105K(779776K), 0.0112992 secs] [Times: user=0.06 sys=0.00, real=0.01 secs]
2325.749: [GC [PSYoungGen: 52224K->256K(58880K)] 528073K->476105K(779776K), 0.0112992 secs] [Times: user=0.06 sys=0.00, real=0.01 secs]
2325.749: [GC [PSYoungGen: 52224K->256K(58880K)] 528073K->476105K(779776K), 0.0112992 secs] [Times: user=0.06 sys=0.00, real=0.01 secs]
2325.749: [GC [PSYoungGen: 52224K->256K(58880K)] 528073K->476105K(779776K), 0.0112992 secs] [Times: user=0.06 sys=0.00, real=0.01 secs]
2325.749: [GC [PSYoungGen: 52224K->256K(58880K)] 528073K->476105K(779776K), 0.0112992 secs] [Times: user=0.06 sys=0.00, real=0.01 secs]
2325.749: [GC [PSYoungGen: 52224K->256K(58880K)] 528073K->476105K(779776K), 0.0112992 secs] [Times: user=0.06 sys=0.00, real=0.01 secs]
2325.749: [GC [PSYoungGen: 52224K->256K(58880K)] 528073K->476105K(779776K), 0.0112992 secs] [Times: user=0.06 sys=0.00, real=0.01 secs]
2325.749: [GC [PSYoungGen: 52224K->256K(58880K)] 528073K->476105K(779776K), 0.0112992 secs] [Times: user=0.06 sys=0.00, real=0.01 secs]
2325.749: [GC [PSYoungGen: 52224K->256K(58880K)] 528073K->476105K(779776K), 0.0112992 secs] [Times: user=0.06 sys=0.00, real=0.01 secs]
2325.749: [GC [PSYoungGen: 52224K->256K(58880K)] 528073K->476105K(779776K), 0.0112992 secs] [Times: user=0.06 sys=0.00, real=0.01 secs]
2325.749: [GC [PSYoungGen: 52224K->256K(58880K)] 528073K->476105K(779776K), 0.0112992 secs] [Times: user=0.06 sys=0.00, real=0.01 secs]
2325.749: [GC [PSYoungGen: 52224K->256K(58880K)] 528073K->476105K(779776K), 0.0112992 secs] [Times: user=0.06 sys=0.00, real=0.01 secs]
2325.749: [GC [PSYoungGen: 52224K->256K(58880K)] 528073K->476105K(779776K), 0.0112992 secs] [Times: user=0.06 sys=0.00, real=0.01 secs]
2325.749: [GC [PSYoungGen: 52224K->256K(58880K)] 528073K->476105K(779776K), 0.0112992 secs] [Times: user=0.06 sys=0.00, real=0.01 secs]
2325.749: [GC [PSYoungGen: 52224K->256K(58880K)] 528073K->476105K(779776K), 0.0112992 secs] [Times: user=0.06 sys=0.00, real=0.01 secs]
2325.749: [GC [PSYoungGen: 52224K->256K(58880K)] 528073K->476105K(779776K), 0.0112992 secs] [Times: user=0.06 sys=0.00, real=0.01 secs]
2325.749: [GC [PSYoungGen: 52224K->256K(58880K)] 528073K->476105K(779776K), 0.0112992 secs] [Times: user=0.06 sys=0.00, real=0.01 secs]
2325.749: [GC [PSYoungGen: 52224K->256K(58880K)] 528073K->476105K(779776K), 0.0112992 secs] [Times: user=0.06 sys=0.00, real=0.01 secs]
2325.749: [GC [PSYoungGen: 52224K->256K(58880K)] 528073K->476105K(779776K), 0.0112992 secs] [Times: user=0.06 sys=0.00, real=0.01 secs]
2325.749: [GC [PSYoungGen: 52224K->256K(58880K)] 528073K->476105K(779776K), 0.0112992 secs] [Times: user=0.06 sys=0.00, real=0.01 secs]
2325.749: [GC [PSYoungGen: 52224K->256K(58880K)] 528073K->476105K(779776K), 0.0112992 secs] [Times: user=0.06 sys=0.00, real=0.01 secs]
2325.749: [GC [PSYoungGen: 52224K->256K(58880K)] 528073K->476105K(779776K), 0.0112992 secs] [Times: user=0.06 sys=0.00, real=0.01 secs]
2325.749: [GC [PSYoungGen: 52224K->256K(58880K)] 528073K->476105K(779776K), 0.0112992 secs] [Times: user=0.06 sys=0.00, real=0.01 secs]
2325.749: [GC [PSYoungGen: 52224K->256K(58880K)] 528073K->476105K(779776K), 0.0112992 secs] [Times: user=0.06 sys=0.00, real=0.01 secs]
2325.749: [GC [PSYoungGen: 52224K->256K(58880K)] 528073K->476105K(779776K), 0.0112992 secs] [Times: user=0.06 sys=0.00, real=0.01 secs]
2325.749: [GC [PSYoungGen: 52224K->256K(58880K)] 528073K->476105K(779776K), 0.0112992 secs] [Times: user=0.06 sys=0.00, real=0.01 secs]
2325.749: [GC [PSYoungGen: 52224K->256K(58880K)] 528073K->476105K(779776K), 0.0112992 secs] [Times: user=0.06 sys=0.00, real=0.01 secs]
2325.749: [GC [PSYoungGen: 52224K->256K(58880K)] 528073K->476105K(779776K), 0.0112992 secs] [Times: user=0.06 sys=0.00, real=0.01 secs]
2325.749: [GC [PSYoungGen: 52224K->256K(58880K)] 528073K->476105K(779776K), 0.0112992 secs] [Times: user=0.06 sys=0.00, real=0.01 secs]
2325.749: [GC [PSYoungGen: 52224K->256K(58880K)] 528073K->476105K(779776K), 0.0112992 secs] [Times: user=0.06 sys=0.00, real=0.01 secs]
2325.749: [GC [PSYoungGen: 52224K->256K(58880K)] 528073K->476105K(779776K), 0.0112992 secs] [Times: user=0.06 sys=0.00, real=0.01 secs]
2325.749: [GC [PSYoungGen: 52224K->256K(58880K)] 528073K->476105K(779776K), 0.0112992 secs] [Times: user=0.06 sys=0.00, real=0.01 secs]
2325.749: [GC [PSYoungGen: 52224K->256K(58880K)] 528073K->476105K(779776K), 0.0112992 secs] [Times: user=0.06 sys=0.00, real=0.01 secs]
2325.749: [GC [PSYoungGen: 52224K->256K(58880K)] 528073K->476105K(779776K), 0.0112992 secs] [Times: user=0.06 sys=0.00, real=0.01 secs]
2325.749: [GC [PSYoungGen: 52224K->256K(58880K)] 528073K->476105K(779776K), 0.0112992 secs] [Times: user=0.06 sys=0.00, real=0.01 secs]
2325.749: [GC [PSYoungGen: 52224K->256K(58880K)] 528073K->476105K(779776K), 0.0112992 secs] [Times: user=0.06 sys=0.00, real=0.01 secs]
2325.749: [GC [PSYoungGen: 52224K->256K(58880K)] 528073K->476105K(779776K), 0.0112992 secs] [Times: user=0.06 sys=0.00, real=0.01 secs]
2325.749: [GC [PSYoungGen: 52224K->256K(58880K)] 528073K->476105K(779776K), 0.0112992 secs] [Times: user=0.06 sys=0.00, real=0.01 secs]
2325.749: [GC [PSYoungGen: 52224K->256K(58880K)] 528073K->476105K(779776K), 0.0112992 secs] [Times: user=0.06 sys=0.00, real=0.01 secs]
2325.749: [GC [PSYoungGen: 52224K->256K(58880K)] 528073K->476105K(779776K), 0.0112992 secs] [Times: user=0.06 sys=0.00, real=0.01 secs]
2325.749: [GC [PSYoungGen: 52224K->256K(58880K)] 528073K->476105K(779776K), 0.0112992 secs] [Times: user=0.06 sys=0.00, real=0.01 secs]
2325.749: [GC [PSYoungGen: 52224K->256K(58880K)] 528073K->476105K(779776K), 0.0112992 secs] [Times: user=0.06 sys=0.00, real=0.01 secs]
2325.749: [GC [PSYoungGen: 52224K->256K(58880K)] 528073K->476105K(779776K), 0.0112992 secs] [Times: user=0.06 sys=0.00, real=0.01 secs]
2325.749: [GC [PSYoungGen: 52224K->256K(58880K)] 528073K->476105K(779776K), 0.0112992 secs] [Times: user=0.06 sys=0.00, real=0.01 secs]
2325.749: [GC [PSYoungGen: 52224K->256K(58880K)] 528073K->476105K(779776K), 0.0112992 secs] [Times: user=0.06 sys=0.00, real=0.01 secs]
2325.749: [GC [PSYoungGen: 52224K->256K(58880K)] 528073K->476105K(779776K), 0.0112992 secs] [Times: user=0.06 sys=0.00, real=0.01 secs]
2325.749: [GC [PSYoungGen: 52224K->256K(58880K)] 528073K->476105K(779776K), 0.0112992 secs] [Times: user=0.06 sys=0.00, real=0.01 secs]
2325.749: [GC [PSYoungGen: 52224K->256K(58880K)] 528073K->476105K(779776K), 0.0112992 secs] [Times: user=0.06 sys=0.00, real=0.01 secs]
2325.749: [GC [PSYoungGen: 52224K->256K(58880K)] 528073K->476105K(779776K), 0.0112992 secs] [Times: user=0.06 sys=0.00, real=0.01 secs]
2325.749: [GC [PSYoungGen: 52224K->256K(58880K)] 528073K->476105K(779776K), 0.0112992 secs] [Times: user=0.06 sys=0.00, real=0.01 secs]
2325.749: [GC [PSYoungGen: 52224K->256K(58880K)] 528073K->476105K(779776K), 0.0112992 secs] [Times: user=0.06 sys=0.00, real=0.01 secs]
2325.749: [GC [PSYoungGen: 52224K->256K(58880K)] 528073K->476105K(779776K), 0.0112992 secs] [Times: user=0.06 sys=0.00, real=0.01 secs]
2325.749: [GC [PSYoungGen: 52224K->256K(58880K)] 528073K->476105K(779776K), 0.0112992 secs] [Times: user=0.06 sys=0.00, real=0.01 secs]
2325.749: [GC [PSYoungGen: 52224K->256K(58880K)] 528073K->476105K(779776K), 0.0112992 secs] [Times: user=0.06 sys=0.00, real=0.01 secs]
2325.749: [GC [PSYoungGen: 52224K->256K(58880K)] 528073K->476105K(779776K), 0.0112992 secs] [Times: user=0.06 sys=0.00, real=0.01 secs]
2325.749: [GC [PSYoungGen: 52224K->256K(58880K)] 528073K->476105K(779776K), 0.0112992 secs] [Times: user=0.06 sys=0.00, real=0.01 secs]
2325.749: [GC [PSYoungGen: 52224K->256K(58880K)] 528073K->476105K(779776K), 0.0112992 secs] [Times: user=0.06 sys=0.00, real=0.01 secs]
2325.749: [GC [PSYoungGen: 52224K->256K(58880K)] 528073K->476105K(779776K), 0.0112992 secs] [Times: user=0.06 sys=0.00, real=0.01 secs]
2325.749: [GC [PSYoungGen: 52224K->256K(58880K)] 528073K->476105K(779776K), 0.0112992 secs] [Times: user=0.06 sys=0.00, real=0.01 secs]
2325.749: [GC [PSYoungGen: 52224K->256K(58880K)] 528073K->476105K(779776K), 0.0112992 secs] [Times: user=0.06 sys=0.00, real=0.01 secs]
2325.749: [GC [PSYoungGen: 52224K->256K(58880K)] 528073K->476105K(779776K), 0.0112992 secs] [Times: user=0.06 sys=0.00, real=0.01 secs]
2325.749: [GC [PSYoungGen: 52224K->256K(58880K)] 528073K->476105K(779776K), 0.0112992 secs] [Times: user=0.06 sys=0.00, real=0.01 secs]
2325.749: [GC [PSYoungGen: 52224K->256K(58880K)] 528073K->476105K(779776K), 0.0112992 secs] [Times: user=0.06 sys=0.00, real=0.01 secs]
2325.749: [GC [PSYoungGen: 52224K->256K(58880K)] 528073K->476105K(779776K), 0.0112992 secs] [Times: user=0.06 sys=0.00, real=0.01 secs]
2325.749: [GC [PSYoungGen: 52224K->256K(58880K)] 528073K->476105K(779776K), 0.0112992 secs] [Times: user=0.06 sys=0.00, real=0.01 secs]
2325.749: [GC [PSYoungGen: 52224K->256K(58880K)] 528073K->476105K(779776K), 0.0112992 secs] [Times: user=0.06 sys=0.00, real=0.01 secs]
2325.749: [GC [PSYoungGen: 52224K->256K(58880K)] 528073K->476105K(779776K), 0.0112992 secs] [Times: user=0.06 sys=0.00, real=0.01 secs]
2325.749: [GC [PSYoungGen: 52224K->256K(58880K)] 528073K->476105K(779776K), 0.0112992 secs] [Times: user=0.06 sys=0.00, real=0.01 secs]
2325.749: [GC [PSYoungGen: 52224K->256K(58880K)] 528073K->476105K(779776K), 0.0112992 secs] [Times: user=0.06 sys=0.00, real=0.01 secs]
2325.749: [GC [PSYoungGen: 52224K->256K(58880K)] 528073K->476105K(779776K), 0.0112992 secs] [Times: user=0.06 sys=0.00, real=0.01 secs]
2325.749: [GC [PSYoungGen: 52224K->256K(58880K)] 528073K->476105K(779776K), 0.0112992 secs] [Times: user=0.06 sys=0.00, real=0.01 secs]
2325.749: [GC [PSYoungGen: 52224K->256K(58880K)] 528073K->476105K(779776K), 0.0112992 secs] [Times: user=0.06 sys=0.00, real=0.01 secs]
2325.749: [GC [PSYoungGen: 52224K->256K(58880K)] 528073K->476105K(779776K), 0.0112992 secs] [Times: user=0.06 sys=0.00, real=0.01 secs]
2325.749: [GC [PSYoungGen: 52224K->256K(58880K)] 528073K->476105K(779776K), 0.0112992 secs] [Times: user=0.06 sys=0.00, real=0.01 secs]
2325.749: [GC [PSYoungGen: 52224K->256K(58880K)] 528073K->476105K(779776K), 0.0112992 secs] [Times: user=0.06 sys=0.00, real=0.01 secs]
2325.749: [GC [PSYoungGen: 52224K->256K(58880K)] 528073K->476105K(779776K), 0.0112992 secs] [Times: user=0.06 sys=0.00, real=0.01 secs]
2325.749: [GC [PSYoungGen: 52224K->256K(58880K)] 528073K->476105K(779776K), 0.0112992 secs] [Times: user=0.06 sys=0.00, real=0.01 secs]
2325.749: [GC [PSYoungGen: 52224K->256K(58880K)] 528073K->476105K(779776K), 0.0112992 secs] [Times: user=0.06 sys=0.00, real=0.01 secs]
2325.749: [GC [PSYoungGen: 52224K->256K(58880K)] 528073K->476105K(779776K), 0.0112992 secs] [Times: user=0.06 sys=0.00, real=0.01 secs]
2325.749: [GC [PSYoungGen: 52224K->256K(58880K)] 528073K->476105K(779776K), 0.0112992 secs] [Times: user=0.06 sys=0.00, real=0.01 secs]
2325.749: [GC [PSYoungGen: 52224K->256K(58880K)] 528073K->476105K(779776K), 0.0112992 secs] [Times: user=0.06 sys=0.00, real=0.01 secs]
2325.749: [GC [PSYoungGen: 52224K->256K(58880K)] 528073K->476105K(779776K), 0.0112992 secs] [Times: user=0.06 sys=0.00, real=0.01 secs]
2325.749: [GC [PSYoungGen: 52224K->256K(58880K)] 528073K->476105K(779776K), 0.0112992 secs] [Times: user=0.06 sys=0.00, real=0.01 secs]
2325.749: [GC [PSYoungGen: 52224K->256K(58880K)] 528073K->476105K(779776K), 0.0112992 secs] [Times: user=0.06 sys=0.00, real=0.01 secs]
2325.749: [GC [PSYoungGen: 52224K->256K(58880K)] 528073K->476105K(779776K), 0.0112992 secs] [Times: user=0.06 sys=0.00, real=0.01 secs]
2325.749: [GC [PSYoungGen: 52224K->256K(58880K)] 528073K->476105K(779776K), 0.0112992 secs] [Times: user=0.06 sys=0.00, real=0.01 secs]
2325.749: [GC [PSYoungGen: 52224K->256K(58880K)] 528073K->476105K(779776K), 0.0112992 secs] [Times: user=0.06 sys=0.00, real=0.01 secs]
2325.749: [GC [PSYoungGen: 52224K->256K(58880K)] 528073K->476105K(779776K), 0.0112992 secs] [Times: user=0.06 sys=0.00, real=0.01 secs]
2325.749: [GC [PSYoungGen: 52224K->256K(58880K)] 528073K->476105K(779776K), 0.0112992 secs] [Times: user=0.06 sys=0.00, real=0.01 secs]
2325.749: [GC [PSYoungGen: 52224K->256K(58880K)] 528073K->476105K(779776K), 0.0112992 secs] [Times: user=0.06 sys=0.00, real=0.01 secs]
2325.749: [GC [PSYoungGen: 52224K->256K(58880K)] 528073K->476105K(779776K), 0.0112992 secs] [Times: user=0.06 sys=0.00, real=0.01 secs]
2325.749: [GC [PSYoungGen: 52224K->256K(58880K)] 528073K->476105K(779776K), 0.0112992 secs] [Times: user=0.06 sys=0.00, real=0.01 secs]
2325.749: [GC [PSYoungGen: 52224K->256K(58880K)] 528073K->476105K(779776K), 0.0112992 secs] [Times: user=0.06 sys=0.00, real=0.01 secs]
2325.749: [GC [PSYoungGen: 52224K->256K(58880K)] 528073K->476105K(779776K), 0.0112992 secs] [Times: user=0.06 sys=0.00, real=0.01 secs]
2325.749: [GC [PSYoungGen: 52224K->256K(58880K)] 528073K->476105K(779776K), 0.0112992 secs] [Times: user=0.06 sys=0.00, real=0.01 secs]
2325.749: [GC [PSYoungGen: 52224K->256K(58880K)] 528073K->476105K(779776K), 0.0112992 secs] [Times: user=0.06 sys=0.00, real=0.01 secs]
2325.749: [GC [PSYoungGen: 52224K->256K(58880K)] 528073K->476105K(779776K), 0.0112992 secs] [Times: user=0.06 sys=0.00, real=0.01 secs]
2325.749: [GC [PSYoungGen: 52224K->256K(58880K)] 528073K->476105K(779776K), 0.0112992 secs] [Times: user=0.06 sys=0.00, real=0.01 secs]
2325.749: [GC [PSYoungGen: 52224K->256K(58880K)] 528073K->476105K(779776K), 0.0112992 secs] [Times: user=0.06 sys=0.00, real=0.01 secs]
2325.749: [GC [PSYoungGen: 52224K->256K(58880K)] 528073K->476105K(779776K), 0.0112992 secs] [Times: user=0.06 sys=0.00, real=0.01 secs]
2325.749: [GC [PSYoungGen: 52224K->256K(58880K)] 528073K->476105K(779776K), 0.0112992 secs] [Times: user=0.06 sys=0.00, real=0.01 secs]
2325.749: [GC [PSYoungGen: 52224K->256K(58880K)] 528073K->476105K(779776K), 0.0112992 secs] [Times: user=0.06 sys=0.00, real=0.01 secs]
2325.749: [GC [PSYoungGen: 52224K->256K(58880K)] 528073K->476105K(779776K), 0.0112992 secs] [Times: user=0.06 sys=0.00, real=0.01 secs]
2325.749: [GC [PSYoungGen: 52224K->256K(58880K)] 528073K->476105K(779776K), 0.0112992 secs] [Times: user=0.06 sys=0.00, real=0.01 secs]
2325.749: [GC [PSYoungGen: 52224K->256K(58880K)] 528073K->476105K(779776K), 0.0112992 secs] [Times: user=0.06 sys=0.00, real=0.01 secs]
2325.749: [GC [PSYoungGen: 52224K->256K(58880K)] 528073K->476105K(779776K), 0.0112992 secs] [Times: user=0.06 sys=0.00, real=0.01 secs]
2325.749: [GC [PSYoungGen: 52224K->256K(58880K)] 528073K->476105K(779776K), 0.0112992 secs] [Times: user=0.06 sys=0.00, real=0.01 secs]
2325.749: [GC [PSYoungGen: 52224K->256K(58880K)] 528073K->476105K(779776K), 0.0112992 secs] [Times: user=0.06 sys=0.00, real=0.01 secs]
2325.749: [GC [PSYoungGen: 52224K->256K(58880K)] 528073K->476105K(779776K), 0.0112992 secs] [Times: user=0.06 sys=0.00, real=0.01 secs]
2325.749: [GC [PSYoungGen: 52224K->256K(58880K)] 528073K->476105K(779776K), 0.0112992 secs] [Times: user=0.06 sys=0.00, real=0.01 secs]
2325.749: [GC [PSYoungGen: 52224K->256K(58880K)] 528073K->476105K(779776K), 0.0112992 secs] [Times: user=0.06 sys=0.00, real=0.01 secs]
2325.749: [GC [PSYoungGen: 52224K->256K(58880K)] 528073K->476105K(779776K), 0.0112992 secs] [Times: user=0.06 sys=0.00, real=0.01 secs]
2325.749: [GC [PSYoungGen: 52224K->256K(58880K)] 528073K->476105K(779776K), 0.0112992 secs] [Times: user=0.06 sys=0.00, real=0.01 secs]
2325.749: [GC [PSYoungGen: 52224K->256K(58880K)] 528073K->476105K(779776K), 0.0112992 secs] [Times: user=0.06 sys=0.00, real=0.01 secs]
2325.749: [GC [PSYoungGen: 52224K->256K(58880K)] 528073K->476105K(779776K), 0.0112992 secs] [Times: user=0.06 sys=0.00, real=0.01 secs]
2325.749: [GC [PSYoungGen: 52224K->256K(58880K)] 528073K->476105K(779776K), 0.0112992 secs] [Times: user=0.06 sys=0.00, real=0.01 secs]
2325.749: [GC [PSYoungGen: 52224K->256K(58880K)] 528073K->476105K(779776K), 0.0112992 secs] [Times: user=0.06 sys=0.00, real=0.01 secs]
2325.749: [GC [PSYoungGen: 52224K->256K(58880K)] 528073K->476105K(779776K), 0.0112992 secs] [Times: user=0.06 sys=0.00, real=0.01 secs]
2325.749: [GC [PSYoungGen: 52224K->256K(58880K)] 528073K->476105K(779776K), 0.0112992 secs] [Times: user=0.06 sys=0.00, real=0.01 secs]
2325.749: [GC [PSYoungGen: 52224K->256K(58880K)] 528073K->476105K(779776K), 0.0112992 secs] [Times: user=0.06 sys=0.00, real=0.01 secs]
2325.749: [GC [PSYoungGen: 52224K->256K(58880K)] 528073K->476105K(779776K), 0.0112992 secs] [Times: user=0.06 sys=0.00, real=0.01 secs]
2325.749: [GC [PSYoungGen: 52224K->256K(58880K)] 528073K->476105K(779776K), 0.0112992 secs] [Times: user=0.06 sys=0.00, real=0.01 secs]
2325.749: [GC [PSYoungGen: 52224K->256K(58880K)] 528073K->476105K(779776K), 0.0112992 secs] [Times: user=0.06 sys=0.00, real=0.01 secs]
2325.749: [GC [PSYoungGen: 52224K->256K(58880K)] 528073K->476105K(779776K), 0.0112992 secs] [Times: user=0.06 sys=0.00, real=0.01 secs]
2325.749: [GC [PSYoungGen: 52224K->256K(58880K)] 528073K->476105K(779776K), 0.0112992 secs] [Times: user=0.06 sys=0.00, real=0.01 secs]
2325.749: [GC [PSYoungGen: 52224K->256K(58880K)] 528073K->476105K(779776K), 0.0112992 secs] [Times: user=0.06 sys=0.00, real=0.01 secs]
2325.749: [GC [PSYoungGen: 52224K->256K(58880K)] 528073K->476105K(779776K), 0.0112992 secs] [Times: user=0.06 sys=0.00, real=0.01 secs]
2325.749: [GC [PSYoungGen: 52224K->256K(58880K)] 528073K->476105K(779776K), 0.0112992 secs] [Times: user=0.06 sys=0.00, real=0.01 secs]
2325.749: [GC [PSYoungGen: 52224K->256K(58880K)] 528073K->476105K(779776K), 0.0112992 secs] [Times: user=0.06 sys=0.00, real=0.01 secs]
2325.749: [GC [PSYoungGen: 52224K->256K(58880K)] 528073K->476105K(779776K), 0.0112992 secs] [Times: user=0.06 sys=0.00, real=0.01 secs]
2325.749: [GC [PSYoungGen: 52224K->256K(58880K)] 528073K->476105K(779776K), 0.0112992 secs] [Times: user=0.06 sys=0.00, real=0.01 secs]
2325.749: [GC [PSYoungGen: 52224K->256K(58880K)] 528073K->476105K(779776K), 0.0112992 secs] [Times: user=0.06 sys=0.00, real=0.01 secs]
2325.749: [GC [PSYoungGen: 52224K->256K(58880K)] 528073K->476105K(779776K), 0.0112992 secs] [Times: user=0.06 sys=0.00, real=0.01 secs]
2325.749: [GC [PSYoungGen: 52224K->256K(58880K)] 528073K->476105K(779776K), 0.0112992 secs] [Times: user=0.06 sys=0.00, real=0.01 secs]
2325.749: [GC [PSYoungGen: 52224K->256K(58880K)] 528073K->476105K(779776K), 0.0112992 secs] [Times: user=0.06 sys=0.00, real=0.01 secs]
2325.749: [GC [PSYoungGen: 52224K->256K(58880K)] 528073K->476105K(779776K), 0.0112992 secs] [Times: user=0.06 sys=0.00, real=0.01 secs]
2325.749: [GC [PSYoungGen: 52224K->256K(58880K)] 528073K->476105K(779776K), 0.0112992 secs] [Times: user=0.06 sys=0.00, real=0.01 secs]
2325.749: [GC [PSYoungGen: 52224K->256K(58880K)] 528073K->476105K(779776K), 0.0112992 secs] [Times: user=0.06 sys=0.00, real=0.01 secs]
2325.749: [GC [PSYoungGen: 52224K->256K(58880K)] 528073K->476105K(779776K), 0.0112992 secs] [Times: user=0.06 sys=0.00, real=0.01 secs]
2325.749: [GC [PSYoungGen: 52224K->256K(58880K)] 528073K->476105K(779776K), 0.0112992 secs] [Times: user=0.06 sys=0.00, real=0.01 secs]
2325.749: [GC [PSYoungGen: 52224K->256K(58880K)] 528073K->476105K(779776K), 0.0112992 secs] [Times: user=0.06 sys=0.00, real=0.01 secs]
2325.749: [GC [PSYoungGen: 52224K->256K(58880K)] 528073K->476105K(779776K), 0.0112992 secs] [Times: user=0.06 sys=0.00, real=0.01 secs]
2325.749: [GC [PSYoungGen: 52224K->256K(58880K)] 528073K->476105K(779776K), 0.0112992 secs] [Times: user=0.06 sys=0.00, real=0.01 secs]
2325.749: [GC [PSYoungGen: 52224K->256K(58880K)] 528073K->476105K(779776K), 0.0112992 secs] [Times: user=0.06 sys=0.00, real=0.01 secs]
2325.749: [GC [PSYoungGen: 52224K->256K(58880K)] 528073K->476105K(779776K), 0.0112992 secs] [Times: user=0.06 sys=0.00, real=0.01 secs]
2325.749: [GC [PSYoungGen: 52224K->256K(58880K)] 528073K->476105K(779776K), 0.0112992 secs] [Times: user=0.06 sys=0.00, real=0.01 secs]
2325.749: [GC [PSYoungGen: 52224K->256K(58880K)] 528073K->476105K(779776K), 0.0112992 secs] [Times: user=0.06 sys=0.00, real=0.01 secs]
2325.749: [GC [PSYoungGen: 52224K->256K(58880K)] 528073K->476105K(779776K), 0.0112992 secs] [Times: user=0.06 sys=0.00, real=0.01 secs]
2325.749: [GC [PSYoungGen: 52224K->256K(58880K)] 528073K->476105K(779776K), 0.0112992 secs] [Times: user=0.06 sys=0.00, real=0.01 secs]
2325.749: [GC [PSYoungGen: 52224K->256K(58880K)] 528073K->476105K(779776K), 0.0112992 secs] [Times: user=0.06 sys=0.00, real=0.01 secs]
2325.749: [GC [PSYoungGen: 52224K->256K(58880K)] 528073K->476105K(779776K), 0.0112992 secs] [Times: user=0.06 sys=0.00, real=0.01 secs]
2325.749: [GC [PSYoungGen: 52224K->256K(58880K)] 528073K->476105K(779776K), 0.0112992 secs] [Times: user=0.06 sys=0.00, real=0.01 secs]
2325.749: [GC [PSYoungGen: 52224K->256K(58880K)] 528073K->476105K(779776K), 0.0112992 secs] [Times: user=0.06 sys=0.00, real=0.01 secs]
2325.749: [GC [PSYoungGen: 52224K->256K(58880K)] 528073K->476105K(779776K), 0.0112992 secs] [Times: user=0.06 sys=0.00, real=0.01 secs]
2325.749: [GC [PSYoungGen: 52224K->256K(58880K)] 528073K->476105K(779776K), 0.0112992 secs] [Times: user=0.06 sys=0.00, real=0.01 secs]
2325.749: [GC [PSYoungGen: 52224K->256K(58880K)] 528073K->476105K(779776K), 0.0112992 secs] [Times: user=0.06 sys=0.00, real=0.01 secs]
2325.749: [GC [PSYoungGen: 52224K->256K(58880K)] 528073K->476105K(779776K), 0.0112992 secs] [Times: user=0.06 sys=0.00, real=0.01 secs]
2325.749: [GC [PSYoungGen: 52224K->256K(58880K)] 528073K->476105K(779776K), 0.0112992 secs] [Times: user=0.06 sys=0.00, real=0.01 secs]
2325.749: [GC [PSYoungGen: 52224K->256K(58880K)] 528073K->476105K(779776K), 0.0112992 secs] [Times: user=0.06 sys=0.00, real=0.01 secs]
2325.749: [GC [PSYoungGen: 52224K->256K(58880K)] 528073K->476105K(779776K), 0.0112992 secs] [Times: user=0.06 sys=0.00, real=0.01 secs]
2325.749: [GC [PSYoungGen: 52224K->256K(58880K)] 528073K->476105K(779776K), 0.0112992 secs] [Times: user=0.06 sys=0.00, real=0.01 secs]
2325.749: [GC [PSYoungGen: 52224K->256K(58880K)] 528073K->476105K(779776K), 0.0112992 secs] [Times: user=0.06 sys=0.00, real=0.01 secs]
2325.749: [GC [PSYoungGen: 52224K->256K(58880K)] 528073K->476105K(779776K), 0.0112992 secs] [Times: user=0.06 sys=0.00, real=0.01 secs]
2325.749: [GC [PSYoungGen: 52224K->256K(58880K)] 528073K->476105K(779776K), 0.0112992 secs] [Times: user=0.06 sys=0.00, real=0.01 secs]
2325.749: [GC [PSYoungGen: 52224K->256K(58880K)] 528073K->476105K(779776K), 0.0112992 secs] [Times: user=0.06 sys=0.00, real=0.01 secs]
2325.749: [GC [PSYoungGen: 52224K->256K(58880K)] 528073K->476105K(779776K), 0.0112992 secs] [Times: user=0.06 sys=0.00, real=0.01 secs]
2325.749: [GC [PSYoungGen: 52224K->256K(58880K)] 528073K->476105K(779776K), 0.0112992 secs] [Times: user=0.06 sys=0.00, real=0.01 secs]
2325.749: [GC [PSYoungGen: 52224K->256K(58880K)] 528073K->476105K(779776K), 0.0112992 secs] [Times: user=0.06 sys=0.00, real=0.01 secs]
2325.749: [GC [PSYoungGen: 52224K->256K(58880K)] 528073K->476105K(779776K), 0.0112992 secs] [Times: user=0.06 sys=0.00, real=0.01 secs]
2325.749: [GC [PSYoungGen: 52224K->256K(58880K)] 528073K->476105K(779776K), 0.0112992 secs] [Times: user=0.06 sys=0.00, real=0.01 secs]
2325.749: [GC [PSYoungGen: 52224K->256K(58880K)] 528073K->476105K(779776K), 0.0112992 secs] [Times: user=0.06 sys=0.00, real=0.01 secs]
2325.749: [GC [PSYoungGen: 52224K->256K(58880K)] 528073K->476105K(779776K), 0.0112992 secs] [Times: user=0.06 sys=0.00, real=0.01 secs]
2325.749: [GC [PSYoungGen: 52224K->256K(58880K)] 528073K->476105K(779776K), 0.0112992 secs] [Times: user=0.06 sys=0.00, real=0.01 secs]
2325.749: [GC [PSYoungGen: 52224K->256K(58880K)] 528073K->476105K(779776K), 0.0112992 secs] [Times: user=0.06 sys=0.00, real=0.01 secs]
2325.749: [GC [PSYoungGen: 52224K->256K(58880K)] 528073K->476105K(779776K), 0.0112992 secs] [Times: user=0.06 sys=0.00, real=0.01 secs]
2325.749: [GC [PSYoungGen: 52224K->256K(58880K)] 528073K->476105K(779776K), 0.0112992 secs] [Times: user=0.06 sys=0.00, real=0.01 secs]
2325.749: [GC [PSYoungGen: 52224K->256K(58880K)] 528073K->476105K(779776K), 0.0112992 secs] [Times: user=0.06 sys=0.00, real=0.01 secs]
2325.749: [GC [PSYoungGen: 52224K->256K(58880K)] 528073K->476105K(779776K), 0.0112992 secs] [Times: user=0.06 sys=0.00, real=0.01 secs]
2325.749: [GC [PSYoungGen: 52224K->256K(58880K)] 528073K->476105K(779776K), 0.0112992 secs] [Times: user=0.06 sys=0.00, real=0.01 secs]
2325.749: [GC [PSYoungGen: 52224K->256K(58880K)] 528073K->476105K(779776K), 0.0112992 secs] [Times: user=0.06 sys=0.00, real=0.01 secs]
2325.749: [GC [PSYoungGen: 52224K->256K(58880K)] 528073K->476105K(779776K), 0.0112992 secs] [Times: user=0.06 sys=0.00, real=0.01 secs]
2325.749: [GC [PSYoungGen: 52224K->256K(58880K)] 528073K->476105K(779776K), 0.0112992 secs] [Times: user=0.06 sys=0.00, real=0.01 secs]
2325.749: [GC [PSYoungGen: 52224K->256K(58880K)] 528073K->476105K(779776K), 0.0112992 secs] [Times: user=0.06 sys=0.00, real=0.01 secs]
2325.749: [GC [PSYoungGen: 52224K->256K(58880K)] 528073K->476105K(779776K), 0.0112992 secs] [Times: user=0.06 sys=0.00, real=0.01 secs]
2325.749: [GC [PSYoungGen: 52224K->256K(58880K)] 528073K->476105K(779776K), 0.0112992 secs] [Times: user=0.06 sys=0.00, real=0.01 secs]
2325.749: [GC [PSYoungGen: 52224K->256K(58880K)] 528073K->476105K(779776K), 0.0112992 secs] [Times: user=0.06 sys=0.00, real=0.01 secs]
2325.749: [GC [PSYoungGen: 52224K->256K(58880K)] 528073K->476105K(779776K), 0.0112992 secs] [Times: user=0.06 sys=0.00, real=0.01 secs]
2325.749: [GC [PSYoungGen: 52224K->256K(58880K)] 528073K->476105K(779776K), 0.0112992 secs] [Times: user=0.06 sys=0.00, real=0.01 secs]
2325.749: [GC [PSYoungGen: 52224K->256K(58880K)] 528073K->476105K(779776K), 0.0112992 secs] [Times: user=0.06 sys=0.00, real=0.01 secs]
2325.749: [GC [PSYoungGen: 52224K->256K(58880K)] 528073K->476105K(779776K), 0.0112992 secs] [Times: user=0.06 sys=0.00, real=0.01 secs]
2325.749: [GC [PSYoungGen: 52224K->256K(58880K)] 528073K->476105K(779776K), 0.0112992 secs] [Times: user=0.06 sys=0.00, real=0.01 secs]
2325.749: [GC [PSYoungGen: 52224K->256K(58880K)] 528073K->476105K(779776K), 0.0112992 secs] [Times: user=0.06 sys=0.00, real=0.01 secs]
2325.749: [GC [PSYoungGen: 52224K->256K(58880K)] 528073K->476105K(779776K), 0.0112992 secs] [Times: user=0.06 sys=0.00, real=0.01 secs]
2325.749: [GC [PSYoungGen: 52224K->256K(58880K)] 528073K->476105K(779776K), 0.0112992 secs] [Times: user=0.06 sys=0.00, real=0.01 secs]
2325.749: [GC [PSYoungGen: 52224K->256K(58880K)] 528073K->476105K(779776K), 0.0112992 secs] [Times: user=0.06 sys=0.00, real=0.01 secs]
2325.749: [GC [PSYoungGen: 52224K->256K(58880K)] 528073K->476105K(779776K), 0.0112992 secs] [Times: user=0.06 sys=0.00, real=0.01 secs]
2325.749: [GC [PSYoungGen: 52224K->256K(58880K)] 528073K->476105K(779776K), 0.0112992 secs] [Times: user=0.06 sys=0.00, real=0.01 secs]
2325.749: [GC [PSYoungGen: 52224K->256K(58880K)] 528073K->476105K(779776K), 0.0112992 secs] [Times: user=0.06 sys=0.00, real=0.01 secs]
2325.749: [GC [PSYoungGen: 52224K->256K(58880K)] 528073K->476105K(779776K), 0.0112992 secs] [Times: user=0.06 sys=0.00, real=0.01 secs]
2325.749: [GC [PSYoungGen: 52224K->256K(58880K)] 528073K->476105K(779776K), 0.0112992 secs] [Times: user=0.06 sys=0.00, real=0.01 secs]
2325.749: [GC [PSYoungGen: 52224K->256K(58880K)] 528073K->476105K(779776K), 0.0112992 secs] [Times: user=0.06 sys=0.00, real=0.01 secs]
2325.749: [GC [PSYoungGen: 52224K->256K(58880K)] 528073K->476105K(779776K), 0.0112992 secs] [Times: user=0.06 sys=0.00, real=0.01 secs]
2325.749: [GC [PSYoungGen: 52224K->256K(58880K)] 528073K->476105K(779776K), 0.0112992 secs] [Times: user=0.06 sys=0.00, real=0.01 secs]
2325.749: [GC [PSYoungGen: 52224K->256K(58880K)] 528073K->476105K(779776K), 0.0112992 secs] [Times: user=0.06 sys=0.00, real=0.01 secs]
2325.749: [GC [PSYoungGen: 52224K->256K(58880K)] 528073K->476105K(779776K), 0.0112992 secs] [Times: user=0.06 sys=0.00, real=0.01 secs]
2325.749: [GC [PSYoungGen: 52224K->256K(58880K)] 528073K->476105K(779776K), 0.0112992 secs] [Times: user=0.06 sys=0.00, real=0.01 secs]
2325.749: [GC [PSYoungGen: 52224K->256K(58880K)] 528073K->476105K(779776K), 0.0112992 secs] [Times: user=0.06 sys=0.00, real=0.01 secs]
2325.749: [GC [PSYoungGen: 52224K->256K(58880K)] 528073K->476105K(779776K), 0.0112992 secs] [Times: user=0.06 sys=0.00, real=0.01 secs]
2325.749: [GC [PSYoungGen: 52224K->256K(58880K)] 528073K->476105K(779776K), 0.0112992 secs] [Times: user=0.06 sys=0.00, real=0.01 secs]
2325.749: [GC [PSYoungGen: 52224K->256K(58880K)] 528073K->476105K(779776K), 0.0112992 secs] [Times: user=0.06 sys=0.00, real=0.01 secs]
2325.749: [GC [PSYoungGen: 52224K->256K(58880K)] 528073K->476105K(779776K), 0.0112992 secs] [Times: user=0.06 sys=0.00, real=0.01 secs]
2325.749: [GC [PSYoungGen: 52224K->256K(58880K)] 528073K->476105K(779776K), 0.0112992 secs] [Times: user=0.06 sys=0.00, real=0.01 secs]
2325.749: [GC [PSYoungGen: 52224K->256K(58880K)] 528073K->476105K(779776K), 0.0112992 secs] [Times: user=0.06 sys=0.00, real=0.01 secs]
2325.749: [GC [PSYoungGen: 52224K->256K(58880K)] 528073K->476105K(779776K), 0.0112992 secs] [Times: user=0.06 sys=0.00, real=0.01 secs]
2325.749: [GC [PSYoungGen: 52224K->256K(58880K)] 528073K->476105K(779776K), 0.0112992 secs] [Times: user=0.06 sys=0.00, real=0.01 secs]
2325.749: [GC [PSYoungGen: 52224K->256K(58880K)] 528073K->476105K(779776K), 0.0112992 secs] [Times: user=0.06 sys=0.00, real=0.01 secs]
2325.749: [GC [PSYoungGen: 52224K->256K(58880K)] 528073K->476105K(779776K), 0.0112992 secs] [Times: user=0.06 sys=0.00, real=0.01 secs]
2325.749: [GC [PSYoungGen: 52224K->256K(58880K)] 528073K->476105K(779776K), 0.0112992 secs] [Times: user=0.06 sys=0.00, real=0.01 secs]
2325.749: [GC [PSYoungGen: 52224K->256K(58880K)] 528073K->476105K(779776K), 0.0112992 secs] [Times: user=0.06 sys=0.00, real=0.01 secs]
2325.749: [GC [PSYoungGen: 52224K->256K(58880K)] 528073K->476105K(779776K), 0.0112992 secs] [Times: user=0.06 sys=0.00, real=0.01 secs]
2325.749: [GC [PSYoungGen: 52224K->256K(58880K)] 528073K->476105K(779776K), 0.0112992 secs] [Times: user=0.06 sys=0.00, real=0.01 secs]
2325.749: [GC [PSYoungGen: 52224K->256K(58880K)] 528073K->476105K(779776K), 0.0112992 secs] [Times: user=0.06 sys=0.00, real=0.01 secs]
2325.749: [GC [PSYoungGen: 52224K->256K(58880K)] 528073K->476105K(779776K), 0.0112992 secs] [Times: user=0.06 sys=0.00, real=0.01 secs]
2325.749: [GC [PSYoungGen: 52224K->256K(58880K)] 528073K->476105K(779776K), 0.0112992 secs] [Times: user=0.06 sys=0.00, real=0.01 secs]
2325.749: [GC [PSYoungGen: 52224K->256K(58880K)] 528073K->476105K(779776K), 0.0112992 secs] [Times: user=0.06 sys=0.00, real=0.01 secs]
2325.749: [GC [PSYoungGen: 52224K->256K(58880K)] 528073K->476105K(779776K), 0.0112992 secs] [Times: user=0.06 sys=0.00, real=0.01 secs]
2325.749: [GC [PSYoungGen: 52224K->256K(58880K)] 528073K->476105K(779776K), 0.0112992 secs] [Times: user=0.06 sys=0.00, real=0.01 secs]
2325.749: [GC [PSYoungGen: 52224K->256K(58880K)] 528073K->476105K(779776K), 0.0112992 secs] [Times: user=0.06 sys=0.00, real=0.01 secs]
2325.749: [GC [PSYoungGen: 52224K->256K(58880K)] 528073K->476105K(779776K), 0.0112992 secs] [Times: user=0.06 sys=0.00, real=0.01 secs]
2325.749: [GC [PSYoungGen: 52224K->256K(58880K)] 528073K->476105K(779776K), 0.0112992 secs] [Times: user=0.06 sys=0.00, real=0.01 secs]
2325.749: [GC [PSYoungGen: 52224K->256K(58880K)] 528073K->476105K(779776K), 0.0112992 secs] [Times: user=0.06 sys=0.00, real=0.01 secs]
2325.749: [GC [PSYoungGen: 52224K->256K(58880K)] 528073K->476105K(779776K), 0.0112992 secs] [Times: user=0.06 sys=0.00, real=0.01 secs]
2325.749: [GC [PSYoungGen: 52224K->256K(58880K)] 528073K->476105K(779776K), 0.0112992 secs] [Times: user=0.06 sys=0.00, real=0.01 secs]
2325.749: [GC [PSYoungGen: 52224K->256K(58880K)] 528073K->476105K(779776K), 0.0112992 secs] [Times: user=0.06 sys=0.00, real=0.01 secs]
2325.749: [GC [PSYoungGen: 52224K->256K(58880K)] 528073K->476105K(779776K), 0.0112992 secs] [Times: user=0.06 sys=0.00, real=0.01 secs]
2325.749: [GC [PSYoungGen: 52224K->256K(58880K)] 528073K->476105K(779776K), 0.0112992 secs] [Times: user=0.06 sys=0.00, real=0.01 secs]
2325.749: [GC [PSYoungGen: 52224K->256K(58880K)] 528073K->476105K(779776K), 0.0112992 secs] [Times: user=0.06 sys=0.00, real=0.01 secs]
2325.749: [GC [PSYoungGen: 52224K->256K(58880K)] 528073K->476105K(779776K), 0.0112992 secs] [Times: user=0.06 sys=0.00, real=0.01 secs]
2325.749: [GC [PSYoungGen: 52224K->256K(58880K)] 528073K->476105K(779776K), 0.0112992 secs] [Times: user=0.06 sys=0.00, real=0.01 secs]
2325.749: [GC [PSYoungGen: 52224K->256K(58880K)] 528073K->476105K(779776K), 0.0112992 secs] [Times: user=0.06 sys=0.00, real=0.01 secs]
2325.749: [GC [PSYoungGen: 52224K->256K(58880K)] 528073K->476105K(779776K), 0.0112992 secs] [Times: user=0.06 sys=0.00, real=0.01 secs]
2325.749: [GC [PSYoungGen: 52224K->256K(58880K)] 528073K->476105K(779776K), 0.0112992 secs] [Times: user=0.06 sys=0.00, real=0.01 secs]
2325.749: [GC [PSYoungGen: 52224K->256K(58880K)] 528073K->476105K(779776K), 0.0112992 secs] [Times: user=0.06 sys=0.00, real=0.01 secs]
2325.749: [GC [PSYoungGen: 52224K->256K(58880K)] 528073K->476105K(779776K), 0.0112992 secs] [Times: user=0.06 sys=0.00, real=0.01 secs]
2325.749: [GC [PSYoungGen: 52224K->256K(58880K)] 528073K->476105K(779776K), 0.0112992 secs] [Times: user=0.06 sys=0.00, real=0.01 secs]
2325.749: [GC [PSYoungGen: 52224K->256K(58880K)] 528073K->476105K(779776K), 0.0112992 secs] [Times: user=0.06 sys=0.00, real=0.01 secs]
2325.749: [GC [PSYoungGen: 52224K->256K(58880K)] 528073K->476105K(779776K), 0.0112992 secs] [Times: user=0.06 sys=0.00, real=0.01 secs]
2325.749: [GC [PSYoungGen: 52224K->256K(58880K)] 528073K->476105K(779776K), 0.0112992 secs] [Times: user=0.06 sys=0.00, real=0.01 secs]
2325.749: [GC [PSYoungGen: 52224K->256K(58880K)] 528073K->476105K(779776K), 0.0112992 secs] [Times: user=0.06 sys=0.00, real=0.01 secs]
2325.749: [GC [PSYoungGen: 52224K->256K(58880K)] 528073K->476105K(779776K), 0.0112992 secs] [Times: user=0.06 sys=0.00, real=0.01 secs]
2325.749: [GC [PSYoungGen: 52224K->256K(58880K)] 528073K->476105K(779776K), 0.0112992 secs] [Times: user=0.06 sys=0.00, real=0.01 secs]
2325.749: [GC [PSYoungGen: 52224K->256K(58880K)] 528073K->476105K(779776K), 0.0112992 secs] [Times: user=0.06 sys=0.00, real=0.01 secs]
2325.749: [GC [PSYoungGen: 52224K->256K(58880K)] 528073K->476105K(779776K), 0.0112992 secs] [Times: user=0.06 sys=0.00, real=0.01 secs]
2325.749: [GC [PSYoungGen: 52224K->256K(58880K)] 528073K->476105K(779776K), 0.0112992 secs] [Times: user=0.06 sys=0.00, real=0.01 secs]
2325.749: [GC [PSYoungGen: 52224K->256K(58880K)] 528073K->476105K(779776K), 0.0112992 secs] [Times: user=0.06 sys=0.00, real=0.01 secs]
2325.749: [GC [PSYoungGen: 52224K->256K(58880K)] 528073K->476105K(779776K), 0.0112992 secs] [Times: user=0.06 sys=0.00, real=0.01 secs]
2325.749: [GC [PSYoungGen: 52224K->256K(58880K)] 528073K->476105K(779776K), 0.0112992 secs] [Times: user=0.06 sys=0.00, real=0.01 secs]
2325.749: [GC [PSYoungGen: 52224K->256K(58880K)] 528073K->476105K(779776K), 0.0112992 secs] [Times: user=0.06 sys=0.00, real=0.01 secs]
2325.749: [GC [PSYoungGen: 52224K->256K(58880K)] 528073K->476105K(779776K), 0.0112992 secs] [Times: user=0.06 sys=0.00, real=0.01 secs]
2325.749: [GC [PSYoungGen: 52224K->256K(58880K)] 528073K->476105K(779776K), 0.0112992 secs] [Times: user=0.06 sys=0.00, real=0.01 secs]
2325.749: [GC [PSYoungGen: 52224K->256K(58880K)] 528073K->476105K(779776K), 0.0112992 secs] [Times: user=0.06 sys=0.00, real=0.01 secs]
2325.749: [GC [PSYoungGen: 52224K->256K(58880K)] 528073K->476105K(779776K), 0.0112992 secs] [Times: user=0.06 sys=0.00, real=0.01 secs]
2325.749: [GC [PSYoungGen: 52224K->256K(58880K)] 528073K->476105K(779776K), 0.0112992 secs] [Times: user=0.06 sys=0.00, real=0.01 secs]
2325.749: [GC [PSYoungGen: 52224K->256K(58880K)] 528073K->476105K(779776K), 0.0112992 secs] [Times: user=0.06 sys=0.00, real=0.01 secs]
2325.749: [GC [PSYoungGen: 52224K->256K(58880K)] 528073K->476105K(779776K), 0.0112992 secs] [Times: user=0.06 sys=0.00, real=0.01 secs]
2325.749: [GC [PSYoungGen: 52224K->256K(58880K)] 528073K->476105K(779776K), 0.0112992 secs] [Times: user=0.06 sys=0.00, real=0.01 secs]
2325.749: [GC [PSYoungGen: 52224K->256K(58880K)] 528073K->476105K(779776K), 0.0112992 secs] [Times: user=0.06 sys=0.00, real=0.01 secs]
2325.749: [GC [PSYoungGen: 52224K->256K(58880K)] 528073K->476105K(779776K), 0.0112992 secs] [Times: user=0.06 sys=0.00, real=0.01 secs]
2325.749: [GC [PSYoungGen: 52224K->256K(58880K)] 528073K->476105K(779776K), 0.0112992 secs] [Times: user=0.06 sys=0.00, real=0.01 secs]
2325.749: [GC [PSYoungGen: 52224K->256K(58880K)] 528073K->476105K(779776K), 0.0112992 secs] [Times: user=0.06 sys=0.00, real=0.01 secs]
2325.749: [GC [PSYoungGen: 52224K->256K(58880K)] 528073K->476105K(779776K), 0.0112992 secs] [Times: user=0.06 sys=0.00, real=0.01 secs]
2325.749: [GC [PSYoungGen: 52224K->256K(58880K)] 528073K->476105K(779776K), 0.0112992 secs] [Times: user=0.06 sys=0.00, real=0.01 secs]
2325.749: [GC [PSYoungGen: 52224K->256K(58880K)] 528073K->476105K(779776K), 0.0112992 secs] [Times: user=0.06 sys=0.00, real=0.01 secs]
2325.749: [GC [PSYoungGen: 52224K->256K(58880K)] 528073K->476105K(779776K), 0.0112992 secs] [Times: user=0.06 sys=0.00, real=0.01 secs]
2325.749: [GC [PSYoungGen: 52224K->256K(58880K)] 528073K->476105K(779776K), 0.0112992 secs] [Times: user=0.06 sys=0.00, real=0.01 secs]
2325.749: [GC [PSYoungGen: 52224K->256K(58880K)] 528073K->476105K(779776K), 0.0112992 secs] [Times: user=0.06 sys=0.00, real=0.01 secs]
2325.749: [GC [PSYoungGen: 52224K->256K(58880K)] 528073K->476105K(779776K), 0.0112992 secs] [Times: user=0.06 sys=0.00, real=0.01 secs]
2325.749: [GC [PSYoungGen: 52224K->256K(58880K)] 528073K->476105K(779776K), 0.0112992 secs] [Times: user=0.06 sys=0.00, real=0.01 secs]
2325.749: [GC [PSYoungGen: 52224K->256K(58880K)] 528073K->476105K(779776K), 0.0112992 secs] [Times: user=0.06 sys=0.00, real=0.01 secs]
2325.749: [GC [PSYoungGen: 52224K->256K(58880K)] 528073K->476105K(779776K), 0.0112992 secs] [Times: user=0.06 sys=0.00, real=0.01 secs]
2325.749: [GC [PSYoungGen: 52224K->256K(58880K)] 528073K->476105K(779776K), 0.0112992 secs] [Times: user=0.06 sys=0.00, real=0.01 secs]
2325.749: [GC [PSYoungGen: 52224K->256K(58880K)] 528073K->476105K(779776K), 0.0112992 secs] [Times: user=0.06 sys=0.00, real=0.01 secs]
2325.749: [GC [PSYoungGen: 52224K->256K(58880K)] 528073K->476105K(779776K), 0.0112992 secs] [Times: user=0.06 sys=0.00, real=0.01 secs]
2325.749: [GC [PSYoungGen: 52224K->256K(58880K)] 528073K->476105K(779776K), 0.0112992 secs] [Times: user=0.06 sys=0.00, real=0.01 secs]
2325.749: [GC [PSYoungGen: 52224K->256K(58880K)] 528073K->476105K(779776K), 0.0112992 secs] [Times: user=0.06 sys=0.00, real=0.01 secs]
2325.749: [GC [PSYoungGen: 52224K->256K(58880K)] 528073K->476105K(779776K), 0.0112992 secs] [Times: user=0.06 sys=0.00, real=0.01 secs]
2325.749: [GC [PSYoungGen: 52224K->256K(58880K)] 528073K->476105K(779776K), 0.0112992 secs] [Times: user=0.06 sys=0.00, real=0.01 secs]
2325.749: [GC [PSYoungGen: 52224K->256K(58880K)] 528073K->476105K(779776K), 0.0112992 secs] [Times: user=0.06 sys=0.00, real=0.01 secs]
2325.749: [GC [PSYoungGen: 52224K->256K(58880K)] 528073K->476105K(779776K), 0.0112992 secs] [Times: user=0.06 sys=0.00, real=0.01 secs]
2325.749: [GC [PSYoungGen: 52224K->256K(58880K)] 528073K->476105K(779776K), 0.0112992 secs] [Times: user=0.06 sys=0.00, real=0.01 secs]
2325.749: [GC [PSYoungGen: 52224K->256K(58880K)] 528073K->476105K(779776K), 0.0112992 secs] [Times: user=0.06 sys=0.00, real=0.01 secs]
2325.749: [GC [PSYoungGen: 52224K->256K(58880K)] 528073K->476105K(779776K), 0.0112992 secs] [Times: user=0.06 sys=0.00, real=0.01 secs]
2325.749: [GC [PSYoungGen: 52224K->256K(58880K)] 528073K->476105K(779776K), 0.0112992 secs] [Times: user=0.06 sys=0.00, real=0.01 secs]
2325.749: [GC [PSYoungGen: 52224K->256K(58880K)] 528073K->476105K(779776K), 0.0112992 secs] [Times: user=0.06 sys=0.00, real=0.01 secs]
2325.749: [GC [PSYoungGen: 52224K->256K(58880K)] 528073K->476105K(779776K), 0.0112992 secs] [Times: user=0.06 sys=0.00, real=0.01 secs]
2325.749: [GC [PSYoungGen: 52224K->256K(58880K)] 528073K->476105K(779776K), 0.0112992 secs] [Times: user=0.06 sys=0.00, real=0.01 secs]
2325.749: [GC [PSYoungGen: 52224K->256K(58880K)] 528073K->476105K(779776K), 0.0112992 secs] [Times: user=0.06 sys=0.00, real=0.01 secs]
2325.749: [GC [PSYoungGen: 52224K->256K(58880K)] 528073K->476105K(779776K), 0.0112992 secs] [Times: user=0.06 sys=0.00, real=0.01 secs]
2325.749: [GC [PSYoungGen: 52224K->256K(58880K)] 528073K->476105K(779776K), 0.0112992 secs] [Times: user=0.06 sys=0.00, real=0.01 secs]
2325.749: [GC [PSYoungGen: 52224K->256K(58880K)] 528073K->476105K(779776K), 0.0112992 secs] [Times: user=0.06 sys=0.00, real=0.01 secs]
2325.749: [GC [PSYoungGen: 52224K->256K(58880K)] 528073K->476105K(779776K), 0.0112992 secs] [Times: user=0.06 sys=0.00, real=0.01 secs]
2325.749: [GC [PSYoungGen: 52224K->256K(58880K)] 528073K->476105K(779776K), 0.0112992 secs] [Times: user=0.06 sys=0.00, real=0.01 secs]
2325.749: [GC [PSYoungGen: 52224K->256K(58880K)] 528073K->476105K(779776K), 0.0112992 secs] [Times: user=0.06 sys=0.00, real=0.01 secs]
2325.749: [GC [PSYoungGen: 52224K->256K(58880K)] 528073K->476105K(779776K), 0.0112992 secs] [Times: user=0.06 sys=0.00, real=0.01 secs]
2325.749: [GC [PSYoungGen: 52224K->256K(58880K)] 528073K->476105K(779776K), 0.0112992 secs] [Times: user=0.06 sys=0.00, real=0.01 secs]
2325.749: [GC [PSYoungGen: 52224K->256K(58880K)] 528073K->476105K(779776K), 0.0112992 secs] [Times: user=0.06 sys=0.00, real=0.01 secs]
2325.749: [GC [PSYoungGen: 52224K->256K(58880K)] 528073K->476105K(779776K), 0.0112992 secs] [Times: user=0.06 sys=0.00, real=0.01 secs]
2325.749: [GC [PSYoungGen: 52224K->256K(58880K)] 528073K->476105K(779776K), 0.0112992 secs] [Times: user=0.06 sys=0.00, real=0.01 secs]
2325.749: [GC [PSYoungGen: 52224K->256K(58880K)] 528073K->476105K(779776K), 0.0112992 secs] [Times: user=0.06 sys=0.00, real=0.01 secs]
2325.749: [GC [PSYoungGen: 52224K->256K(58880K)] 528073K->476105K(779776K), 0.0112992 secs] [Times: user=0.06 sys=0.00, real=0.01 secs]
2325.749: [GC [PSYoungGen: 52224K->256K(58880K)] 528073K->476105K(779776K), 0.0112992 secs] [Times: user=0.06 sys=0.00, real=0.01 secs]
2325.749: [GC [PSYoungGen: 52224K->256K(58880K)] 528073K->476105K(779776K), 0.0112992 secs] [Times: user=0.06 sys=0.00, real=0.01 secs]
2325.749: [GC [PSYoungGen: 52224K->256K(58880K)] 528073K->476105K(779776K), 0.0112992 secs] [Times: user=0.06 sys=0.00, real=0.01 secs]
2325.749: [GC [PSYoungGen: 52224K->256K(58880K)] 528073K->476105K(779776K), 0.0112992 secs] [Times: user=0.06 sys=0.00, real=0.01 secs]
2325.749: [GC [PSYoungGen: 52224K->256K(58880K)] 528073K->476105K(779776K), 0.0112992 secs] [Times: user=0.06 sys=0.00, real=0.01 secs]
2325.749: [GC [PSYoungGen: 52224K->256K(58880K)] 528073K->476105K(779776K), 0.0112992 secs] [Times: user=0.06 sys=0.00, real=0.01 secs]
2325.749: [GC [PSYoungGen: 52224K->256K(58880K)] 528073K->476105K(779776K), 0.0112992 secs] [Times: user=0.06 sys=0.00, real=0.01 secs]
2325.749: [GC [PSYoungGen: 52224K->256K(58880K)] 528073K->476105K(779776K), 0.0112992 secs] [Times: user=0.06 sys=0.00, real=0.01 secs]
2325.749: [GC [PSYoungGen: 52224K->256K(58880K)] 528073K->476105K(779776K), 0.0112992 secs] [Times: user=0.06 sys=0.00, real=0.01 secs]
2325.749: [GC [PSYoungGen: 52224K->256K(58880K)] 528073K->476105K(779776K), 0.0112992 secs] [Times: user=0.06 sys=0.00, real=0.01 secs]
2325.749: [GC [PSYoungGen: 52224K->256K(58880K)] 528073K->476105K(779776K), 0.0112992 secs] [Times: user=0.06 sys=0.00, real=0.01 secs]
2325.749: [GC [PSYoungGen: 52224K->256K(58880K)] 528073K->476105K(779776K), 0.0112992 secs] [Times: user=0.06 sys=0.00, real=0.01 secs]
2325.749: [GC [PSYoungGen: 52224K->256K(58880K)] 528073K->476105K(779776K), 0.0112992 secs] [Times: user=0.06 sys=0.00, real=0.01 secs]
2325.749: [GC [PSYoungGen: 52224K->256K(58880K)] 528073K->476105K(779776K), 0.0112992 secs] [Times: user=0.06 sys=0.00, real=0.01 secs]
2325.749: [GC [PSYoungGen: 52224K->256K(58880K)] 528073K->476105K(779776K), 0.0112992 secs] [Times: user=0.06 sys=0.00, real=0.01 secs]
2325.749: [GC [PSYoungGen: 52224K->256K(58880K)] 528073K->476105K(779776K), 0.0112992 secs] [Times: user=0.06 sys=0.00, real=0.01 secs]
2325.749: [GC [PSYoungGen: 52224K->256K(58880K)] 528073K->476105K(779776K), 0.0112992 secs] [Times: user=0.06 sys=0.00, real=0.01 secs]
2325.749: [GC [PSYoungGen: 52224K->256K(58880K)] 528073K->476105K(779776K), 0.0112992 secs] [Times: user=0.06 sys=0.00, real=0.01 secs]
2325.749: [GC [PSYoungGen: 52224K->256K(58880K)] 528073K->476105K(779776K), 0.0112992 secs] [Times: user=0.06 sys=0.00, real=0.01 secs]
2325.749: [GC [PSYoungGen: 52224K->256K(58880K)] 528073K->476105K(779776K), 0.0112992 secs] [Times: user=0.06 sys=0.00, real=0.01 secs]
2325.749: [GC [PSYoungGen: 52224K->256K(58880K)] 528073K->476105K(779776K), 0.0112992 secs] [Times: user=0.06 sys=0.00, real=0.01 secs]
2325.749: [GC [PSYoungGen: 52224K->256K(58880K)] 528073K->476105K(779776K), 0.0112992 secs] [Times: user=0.06 sys=0.00, real=0.01 secs]
2325.749: [GC [PSYoungGen: 52224K->256K(58880K)] 528073K->476105K(779776K), 0.0112992 secs] [Times: user=0.06 sys=0.00, real=0.01 secs]
2325.749: [GC [PSYoungGen: 52224K->256K(58880K)] 528073K->476105K(779776K), 0.0112992 secs] [Times: user=0.06 sys=0.00, real=0.01 secs]
2325.749: [GC [PSYoungGen: 52224K->256K(58880K)] 528073K->476105K(779776K), 0.0112992 secs] [Times: user=0.06 sys=0.00, real=0.01 secs]
2325.749: [GC [PSYoungGen: 52224K->256K(58880K)] 528073K->476105K(779776K), 0.0112992 secs] [Times: user=0.06 sys=0.00, real=0.01 secs]
2325.749: [GC [PSYoungGen: 52224K->256K(58880K)] 528073K->476105K(779776K), 0.0112992 secs] [Times: user=0.06 sys=0.00, real=0.01 secs]
2325.749: [GC [PSYoungGen: 52224K->256K(58880K)] 528073K->476105K(779776K), 0.0112992 secs] [Times: user=0.06 sys=0.00, real=0.01 secs]
2325.749: [GC [PSYoungGen: 52224K->256K(58880K)] 528073K->476105K(779776K), 0.0112992 secs] [Times: user=0.06 sys=0.00, real=0.01 secs]
2325.749: [GC [PSYoungGen: 52224K->256K(58880K)] 528073K->476105K(779776K), 0.0112992 secs] [Times: user=0.06 sys=0.00, real=0.01 secs]
2325.749: [GC [PSYoungGen: 52224K->256K(58880K)] 528073K->476105K(779776K), 0.0112992 secs] [Times: user=0.06 sys=0.00, real=0.01 secs]
2325.749: [GC [PSYoungGen: 52224K->256K(58880K)] 528073K->476105K(779776K), 0.0112992 secs] [Times: user=0.06 sys=0.00, real=0.01 secs]
2325.749: [GC [PSYoungGen: 52224K->256K(58880K)] 528073K->476105K(779776K), 0.0112992 secs] [Times: user=0.06 sys=0.00, real=0.01 secs]
2325.749: [GC [PSYoungGen: 52224K->256K(58880K)] 528073K->476105K(779776K), 0.0112992 secs] [Times: user=0.06 sys=0.00, real=0.01 secs]
2325.749: [GC [PSYoungGen: 52224K->256K(58880K)] 528073K->476105K(779776K), 0.0112992 secs] [Times: user=0.06 sys=0.00, real=0.01 secs]
2325.749: [GC [PSYoungGen: 52224K->256K(58880K)] 528073K->476105K(779776K), 0.0112992 secs] [Times: user=0.06 sys=0.00, real=0.01 secs]
2325.749: [GC [PSYoungGen: 52224K->256K(58880K)] 528073K->476105K(779776K), 0.0112992 secs] [Times: user=0.06 sys=0.00, real=0.01 secs]
2325.749: [GC [PSYoungGen: 52224K->256K(58880K)] 528073K->476105K(779776K), 0.0112992 secs] [Times: user=0.06 sys=0.00, real=0.01 secs]
2325.749: [GC [PSYoungGen: 52224K->256K(58880K)] 528073K->476105K(779776K), 0.0112992 secs] [Times: user=0.06 sys=0.00, real=0.01 secs]
2325.749: [GC [PSYoungGen: 52224K->256K(58880K)] 528073K->476105K(779776K), 0.0112992 secs] [Times: user=0.06 sys=0.00, real=0.01 secs]
2325.749: [GC [PSYoungGen: 52224K->256K(58880K)] 528073K->476105K(779776K), 0.0112992 secs] [Times: user=0.06 sys=0.00, real=0.01 secs]
2325.749: [GC [PSYoungGen: 52224K->256K(58880K)] 528073K->476105K(779776K), 0.0112992 secs] [Times: user=0.06 sys=0.00, real=0.01 secs]
2325.749: [GC [PSYoungGen: 52224K->256K(58880K)] 528073K->476105K(779776K), 0.0112992 secs] [Times: user=0.06 sys=0.00, real=0.01 secs]
2325.749: [GC [PSYoungGen: 52224K->256K(58880K)] 528073K->476105K(779776K), 0.0112992 secs] [Times: user=0.06 sys=0.00, real=0.01 secs]
2325.749: [GC [PSYoungGen: 52224K->256K(58880K)] 528073K->476105K(779776K), 0.0112992 secs] [Times: user=0.06 sys=0.00, real=0.01 secs]
2325.749: [GC [PSYoungGen: 52224K->256K(58880K)] 528073K->476105K(779776K), 0.0112992 secs] [Times: user=0.06 sys=0.00, real=0.01 secs]
2325.749: [GC [PSYoungGen: 52224K->256K(58880K)] 528073K->476105K(779776K), 0.0112992 secs] [Times: user=0.06 sys=0.00, real=0.01 secs]
2325.749: [GC [PSYoungGen: 52224K->256K(58880K)] 528073K->476105K(779776K), 0.0112992 secs] [Times: user=0.06 sys=0.00, real=0.01 secs]
2325.749: [GC [PSYoungGen: 52224K->256K(58880K)] 528073K->476105K(779776K), 0.0112992 secs] [Times: user=0.06 sys=0.00, real=0.01 secs]
2325.749: [GC [PSYoungGen: 52224K->256K(58880K)] 528073K->476105K(779776K), 0.0112992 secs] [Times: user=0.06 sys=0.00, real=0.01 secs]
2325.749: [GC [PSYoungGen: 52224K->256K(58880K)] 528073K->476105K(779776K), 0.0112992 secs] [Times: user=0.06 sys=0.00, real=0.01 secs]
2325.749: [GC [PSYoungGen: 52224K->256K(58880K)] 528073K->476105K(779776K), 0.0112992 secs] [Times: user=0.06 sys=0.00, real=0.01 secs]
2325.749: [GC [PSYoungGen: 52224K->256K(58880K)] 528073K->476105K(779776K), 0.0112992 secs] [Times: user=0.06 sys=0.00, real=0.01 secs]
2325.749: [GC [PSYoungGen: 52224K->256K(58880K)] 528073K->476105K(779776K), 0.0112992 secs] [Times: user=0.06 sys=0.00, real=0.01 secs]
2325.749: [GC [PSYoungGen: 52224K->256K(58880K)] 528073K->476105K(779776K), 0.0112992 secs] [Times: user=0.06 sys=0.00, real=0.01 secs]
2325.749: [GC [PSYoungGen: 52224K->256K(58880K)] 528073K->476105K(779776K), 0.0112992 secs] [Times: user=0.06 sys=0.00, real=0.01 secs]
2325.749: [GC [PSYoungGen: 52224K->256K(58880K)] 528073K->476105K(779776K), 0.0112992 secs] [Times: user=0.06 sys=0.00, real=0.01 secs]
2325.749: [GC [PSYoungGen: 52224K->256K(58880K)] 528073K->476105K(779776K), 0.0112992 secs] [Times: user=0.06 sys=0.00, real=0.01 secs]
2325.749: [GC [PSYoungGen: 52224K->256K(58880K)] 528073K->476105K(779776K), 0.0112992 secs] [Times: user=0.06 sys=0.00, real=0.01 secs]
2325.749: [GC [PSYoungGen: 52224K->256K(58880K)] 528073K->476105K(779776K), 0.0112992 secs] [Times: user=0.06 sys=0.00, real=0.01 secs]
2325.749: [GC [PSYoungGen: 52224K->256K(58880K)] 528073K->476105K(779776K), 0.0112992 secs] [Times: user=0.06 sys=0.00, real=0.01 secs]
2325.749: [GC [PSYoungGen: 52224K->256K(58880K)] 528073K->476105K(779776K), 0.0112992 secs] [Times: user=0.06 sys=0.00, real=0.01 secs]
2325.749: [GC [PSYoungGen: 52224K->256K(58880K)] 528073K->476105K(779776K), 0.0112992 secs] [Times: user=0.06 sys=0.00, real=0.01 secs]
2325.749: [GC [PSYoungGen: 52224K->256K(58880K)] 528073K->476105K(779776K), 0.0112992 secs] [Times: user=0.06 sys=0.00, real=0.01 secs]
2325.749: [GC [PSYoungGen: 52224K->256K(58880K)] 528073K->476105K(779776K), 0.0112992 secs] [Times: user=0.06 sys=0.00, real=0.01 secs]
2325.749: [GC [PSYoungGen: 52224K->256K(58880K)] 528073K->476105K(779776K), 0.0112992 secs] [Times: user=0.06 sys=0.00, real=0.01 secs]
2325.749: [GC [PSYoungGen: 52224K->256K(58880K)] 528073K->476105K(779776K), 0.0112992 secs] [Times: user=0.06 sys=0.00, real=0.01 secs]
2325.749: [GC [PSYoungGen: 52224K->256K(58880K)] 528073K->476105K(779776K), 0.0112992 secs] [Times: user=0.06 sys=0.00, real=0.01 secs]
2325.749: [GC [PSYoungGen: 52224K->256K(58880K)] 528073K->476105K(779776K), 0.0112992 secs] [Times: user=0.06 sys=0.00, real=0.01 secs]
2325.749: [GC [PSYoungGen: 52224K->256K(58880K)] 528073K->476105K(779776K), 0.0112992 secs] [Times: user=0.06 sys=0.00, real=0.01 secs]
2325.749: [GC [PSYoungGen: 52224K->256K(58880K)] 528073K->476105K(779776K), 0.0112992 secs] [Times: user=0.06 sys=0.00, real=0.01 secs]
2325.749: [GC [PSYoungGen: 52224K->256K(58880K)] 528073K->476105K(779776K), 0.0112992 secs] [Times: user=0.06 sys=0.00, real=0.01 secs]
2325.749: [GC [PSYoungGen: 52224K->256K(58880K)] 528073K->476105K(779776K), 0.0112992 secs] [Times: user=0.06 sys=0.00, real=0.01 secs]
2325.749: [GC [PSYoungGen: 52224K->256K(58880K)] 528073K->476105K(779776K), 0.0112992 secs] [Times: user=0.06 sys=0.00, real=0.01 secs]
2325.749: [GC [PSYoungGen: 52224K->256K(58880K)] 528073K->476105K(779776K), 0.0112992 secs] [Times: user=0.06 sys=0.00, real=0.01 secs]
2325.749: [GC [PSYoungGen: 52224K->256K(58880K)] 528073K->476105K(779776K), 0.0112992 secs] [Times: user=0.06 sys=0.00, real=0.01 secs]
2325.749: [GC [PSYoungGen: 52224K->256K(58880K)] 528073K->476105K(779776K), 0.0112992 secs] [Times: user=0.06 sys=0.00, real=0.01 secs]
2325.749: [GC [PSYoungGen: 52224K->256K(58880K)] 528073K->476105K(779776K), 0.0112992 secs] [Times: user=0.06 sys=0.00, real=0.01 secs]
2325.749: [GC [PSYoungGen: 52224K->256K(58880K)] 528073K->476105K(779776K), 0.0112992 secs] [Times: user=0.06 sys=0.00, real=0.01 secs]
2325.749: [GC [PSYoungGen: 52224K->256K(58880K)] 528073K->476105K(779776K), 0.0112992 secs] [Times: user=0.06 sys=0.00, real=0.01 secs]
2325.749: [GC [PSYoungGen: 52224K->256K(58880K)] 528073K->476105K(779776K), 0.0112992 secs] [Times: user=0.06 sys=0.00, real=0.01 secs]
2325.749: [GC [PSYoungGen: 52224K->256K(58880K)] 528073K->476105K(779776K), 0.0112992 secs] [Times: user=0.06 sys=0.00, real=0.01 secs]
2325.749: [GC [PSYoungGen: 52224K->256K(58880K)] 528073K->476105K(779776K), 0.0112992 secs] [Times: user=0.06 sys=0.00, real=0.01 secs]
2325.749: [GC [PSYoungGen: 52224K->256K(58880K)] 528073K->476105K(779776K), 0.0112992 secs] [Times: user=0.06 sys=0.00, real=0.01 secs]
2325.749: [GC [PSYoungGen: 52224K->256K(58880K)] 528073K->476105K(779776K), 0.0112992 secs] [Times: user=0.06 sys=0.00, real=0.01 secs]
2325.749: [GC [PSYoungGen: 52224K->256K(58880K)] 528073K->476105K(779776K), 0.0112992 secs] [Times: user=0.06 sys=0.00, real=0.01 secs]
2325.749: [GC [PSYoungGen: 52224K->256K(58880K)] 528073K->476105K(779776K), 0.0112992 secs] [Times: user=0.06 sys=0.00, real=0.01 secs]
2325.749: [GC [PSYoungGen: 52224K->256K(58880K)] 528073K->476105K(779776K), 0.0112992 secs] [Times: user=0.06 sys=0.00, real=0.01 secs]
2325.749: [GC [PSYoungGen: 52224K->256K(58880K)] 528073K->476105K(779776K), 0.0112992 secs] [Times: user=0.06 sys=0.00, real=0.01 secs]
2325.749: [GC [PSYoungGen: 52224K->256K(58880K)] 528073K->476105K(779776K), 0.0112992 secs] [Times: user=0.06 sys=0.00, real=0.01 secs]
2325.749: [GC [PSYoungGen: 52224K->256K(58880K)] 528073K->476105K(779776K), 0.0112992 secs] [Times: user=0.06 sys=0.00, real=0.01 secs]
2325.749: [GC [PSYoungGen: 52224K->256K(58880K)] 528073K->476105K(779776K), 0.0112992 secs] [Times: user=0.06 sys=0.00, real=0.01 secs]
2325.749: [GC [PSYoungGen: 52224K->256K(58880K)] 528073K->476105K(779776K), 0.0112992 secs] [Times: user=0.06 sys=0.00, real=0.01 secs]
2325.749: [GC [PSYoungGen: 52224K->256K(58880K)] 528073K->476105K(779776K), 0.0112992 secs] [Times: user=0.06 sys=0.00, real=0.01 secs]
2325.749: [GC [PSYoungGen: 52224K->256K(58880K)] 528073K->476105K(779776K), 0.0112992 secs] [Times: user=0.06 sys=0.00, real=0.01 secs]
2325.749: [GC [PSYoungGen: 52224K->256K(58880K)] 528073K->476105K(779776K), 0.0112992 secs] [Times: user=0.06 sys=0.00, real=0.01 secs]
2325.749: [GC [PSYoungGen: 52224K->256K(58880K)] 528073K->476105K(779776K), 0.0112992 secs] [Times: user=0.06 sys=0.00, real=0.01 secs]
2325.749: [GC [PSYoungGen: 52224K->256K(58880K)] 528073K->476105K(779776K), 0.0112992 secs] [Times: user=0.06 sys=0.00, real=0.01 secs]
2325.749: [GC [PSYoungGen: 52224K->256K(58880K)] 528073K->476105K(779776K), 0.0112992 secs] [Times: user=0.06 sys=0.00, real=0.01 secs]
2325.749: [GC [PSYoungGen: 52224K->256K(58880K)] 528073K->476105K(779776K), 0.0112992 secs] [Times: user=0.06 sys=0.00, real=0.01 secs]
2325.749: [GC [PSYoungGen: 52224K->256K(58880K)] 528073K->476105K(779776K), 0.0112992 secs] [Times: user=0.06 sys=0.00, real=0.01 secs]
2325.749: [GC [PSYoungGen: 52224K->256K(58880K)] 528073K->476105K(779776K), 0.0112992 secs] [Times: user=0.06 sys=0.00, real=0.01 secs]
2325.749: [GC [PSYoungGen: 52224K->256K(58880K)] 528073K->476105K(779776K), 0.0112992 secs] [Times: user=0.06 sys=0.00, real=0.01 secs]
2325.749: [GC [PSYoungGen: 52224K->256K(58880K)] 528073K->476105K(779776K), 0.0112992 secs] [Times: user=0.06 sys=0.00, real=0.01 secs]
2325.749: [GC [PSYoungGen: 52224K->256K(58880K)] 528073K->476105K(779776K), 0.0112992 secs] [Times: user=0.06 sys=0.00, real=0.01 secs]
2325.749: [GC [PSYoungGen: 52224K->256K(58880K)] 528073K->476105K(779776K), 0.0112992 secs] [Times: user=0.06 sys=0.00, real=0.01 secs]
2325.749: [GC [PSYoungGen: 52224K->256K(58880K)] 528073K->476105K(779776K), 0.0112992 secs] [Times: user=0.06 sys=0.00, real=0.01 secs]
2325.749: [GC [PSYoungGen: 52224K->256K(58880K)] 528073K->476105K(779776K), 0.0112992 secs] [Times: user=0.06 sys=0.00, real=0.01 secs]
2325.749: [GC [PSYoungGen: 52224K->256K(58880K)] 528073K->476105K(779776K), 0.0112992 secs] [Times: user=0.06 sys=0.00, real=0.01 secs]
2325.749: [GC [PSYoungGen: 52224K->256K(58880K)] 528073K->476105K(779776K), 0.0112992 secs] [Times: user=0.06 sys=0.00, real=0.01 secs]
2325.749: [GC [PSYoungGen: 52224K->256K(58880K)] 528073K->476105K(779776K), 0.0112992 secs] [Times: user=0.06 sys=0.00, real=0.01 secs]
2325.749: [GC [PSYoungGen: 52224K->256K(58880K)] 528073K->476105K(779776K), 0.0112992 secs] [Times: user=0.06 sys=0.00, real=0.01 secs]
2325.749: [GC [PSYoungGen: 52224K->256K(58880K)] 528073K->476105K(779776K), 0.0112992 secs] [Times: user=0.06 sys=0.00, real=0.01 secs]
2325.749: [GC [PSYoungGen: 52224K->256K(58880K)] 528073K->476105K(779776K), 0.0112992 secs] [Times: user=0.06 sys=0.00, real=0.01 secs]
2325.749: [GC [PSYoungGen: 52224K->256K(58880K)] 528073K->476105K(779776K), 0.0112992 secs] [Times: user=0.06 sys=0.00, real=0.01 secs]
2325.749: [GC [PSYoungGen: 52224K->256K(58880K)] 528073K->476105K(779776K), 0.0112992 secs] [Times: user=0.06 sys=0.00, real=0.01 secs]
2325.749: [GC [PSYoungGen: 52224K->256K(58880K)] 528073K->476105K(779776K), 0.0112992 secs] [Times: user=0.06 sys=0.00, real=0.01 secs]
2325.749: [GC [PSYoungGen: 52224K->256K(58880K)] 528073K->476105K(779776K), 0.0112992 secs] [Times: user=0.06 sys=0.00, real=0.01 secs]
2325.749: [GC [PSYoungGen: 52224K->256K(58880K)] 528073K->476105K(779776K), 0.0112992 secs] [Times: user=0.06 sys=0.00, real=0.01 secs]
2325.749: [GC [PSYoungGen: 52224K->256K(58880K)] 528073K->476105K(779776K), 0.0112992 secs] [Times: user=0.06 sys=0.00, real=0.01 secs]
2325.749: [GC [PSYoungGen: 52224K->256K(58880K)] 528073K->476105K(779776K), 0.0112992 secs] [Times: user=0.06 sys=0.00, real=0.01 secs]
2325.749: [GC [PSYoungGen: 52224K->256K(58880K)] 528073K->476105K(779776K), 0.0112992 secs] [Times: user=0.06 sys=0.00, real=0.01 secs]
2325.749: [GC [PSYoungGen: 52224K->256K(58880K)] 528073K->476105K(779776K), 0.0112992 secs] [Times: user=0.06 sys=0.00, real=0.01 secs]
2325.749: [GC [PSYoungGen: 52224K->256K(58880K)] 528073K->476105K(779776K), 0.0112992 secs] [Times: user=0.06 sys=0.00, real=0.01 secs]
2325.749: [GC [PSYoungGen: 52224K->256K(58880K)] 528073K->476105K(779776K), 0.0112992 secs] [Times: user=0.06 sys=0.00, real=0.01 secs]
2325.749: [GC [PSYoungGen: 52224K->256K(58880K)] 528073K->476105K(779776K), 0.0112992 secs] [Times: user=0.06 sys=0.00, real=0.01 secs]
2325.749: [GC [PSYoungGen: 52224K->256K(58880K)] 528073K->476105K(779776K), 0.0112992 secs] [Times: user=0.06 sys=0.00, real=0.01 secs]
2325.749: [GC [PSYoungGen: 52224K->256K(58880K)] 528073K->476105K(779776K), 0.0112992 secs] [Times: user=0.06 sys=0.00, real=0.01 secs]
2325.749: [GC [PSYoungGen: 52224K->256K(58880K)] 528073K->476105K(779776K), 0.0112992 secs] [Times: user=0.06 sys=0.00, real=0.01 secs]
2325.749: [GC [PSYoungGen: 52224K->256K(58880K)] 528073K->476105K(779776K), 0.0112992 secs] [Times: user=0.06 sys=0.00, real=0.01 secs]
2325.749: [GC [PSYoungGen: 52224K->256K(58880K)] 528073K->476105K(779776K), 0.0112992 secs] [Times: user=0.06 sys=0.00, real=0.01 secs]
2325.749: [GC [PSYoungGen: 52224K->256K(58880K)] 528073K->476105K(779776K), 0.0112992 secs] [Times: user=0.06 sys=0.00, real=0.01 secs]
2325.749: [GC [PSYoungGen: 52224K->256K(58880K)] 528073K->476105K(779776K), 0.0112992 secs] [Times: user=0.06 sys=0.00, real=0.01 secs]
2325.749: [GC [PSYoungGen: 52224K->256K(58880K)] 528073K->476105K(779776K), 0.0112992 secs] [Times: user=0.06 sys=0.00, real=0.01 secs]
2325.749: [GC [PSYoungGen: 52224K->256K(58880K)] 528073K->476105K(779776K), 0.0112992 secs] [Times: user=0.06 sys=0.00, real=0.01 secs]
2325.749: [GC [PSYoungGen: 52224K->256K(58880K)] 528073K->476105K(779776K), 0.0112992 secs] [Times: user=0.06 sys=0.00, real=0.01 secs]
2325.749: [GC [PSYoungGen: 52224K->256K(58880K)] 528073K->476105K(779776K), 0.0112992 secs] [Times: user=0.06 sys=0.00, real=0.01 secs]
2325.749: [GC [PSYoungGen: 52224K->256K(58880K)] 528073K->476105K(779776K), 0.0112992 secs] [Times: user=0.06 sys=0.00, real=0.01 secs]
2325.749: [GC [PSYoungGen: 52224K->256K(58880K)] 528073K->476105K(779776K), 0.0112992 secs] [Times: user=0.06 sys=0.00, real=0.01 secs]
2325.749: [GC [PSYoungGen: 52224K->256K(58880K)] 528073K->476105K(779776K), 0.0112992 secs] [Times: user=0.06 sys=0.00, real=0.01 secs]
2325.749: [GC [PSYoungGen: 52224K->256K(58880K)] 528073K->476105K(779776K), 0.0112992 secs] [Times: user=0.06 sys=0.00, real=0.01 secs]
2325.749: [GC [PSYoungGen: 52224K->256K(58880K)] 528073K->476105K(779776K), 0.0112992 secs] [Times: user=0.06 sys=0.00, real=0.01 secs]
2325.749: [GC [PSYoungGen: 52224K->256K(58880K)] 528073K->476105K(779776K), 0.0112992 secs] [Times: user=0.06 sys=0.00, real=0.01 secs]
2325.749: [GC [PSYoungGen: 52224K->256K(58880K)] 528073K->476105K(779776K), 0.0112992 secs] [Times: user=0.06 sys=0.00, real=0.01 secs]
2325.749: [GC [PSYoungGen: 52224K->256K(58880K)] 528073K->476105K(779776K), 0.0112992 secs] [Times: user=0.06 sys=0.00, real=0.01 secs]
2325.749: [GC [PSYoungGen: 52224K->256K(58880K)] 528073K->476105K(779776K), 0.0112992 secs] [Times: user=0.06 sys=0.00, real=0.01 secs]
2325.749: [GC [PSYoungGen: 52224K->256K(58880K)] 528073K->476105K(779776K), 0.0112992 secs] [Times: user=0.06 sys=0.00, real=0.01 secs]
2325.749: [GC [PSYoungGen: 52224K->256K(58880K)] 528073K->476105K(779776K), 0.0112992 secs] [Times: user=0.06 sys=0.00, real=0.01 secs]
2325.749: [GC [PSYoungGen: 52224K->256K(58880K)] 528073K->476105K(779776K), 0.0112992 secs] [Times: user=0.06 sys=0.00, real=0.01 secs]
2325.749: [GC [PSYoungGen: 52224K->256K(58880K)] 528073K->476105K(779776K), 0.0112992 secs] [Times: user=0.06 sys=0.00, real=0.01 secs]
2325.749: [GC [PSYoungGen: 52224K->256K(58880K)] 528073K->476105K(779776K), 0.0112992 secs] [Times: user=0.06 sys=0.00, real=0.01 secs]
2325.749: [GC [PSYoungGen: 52224K->256K(58880K)] 528073K->476105K(779776K), 0.0112992 secs] [Times: user=0.06 sys=0.00, real=0.01 secs]
2325.749: [GC [PSYoungGen: 52224K->256K(58880K)] 528073K->476105K(779776K), 0.0112992 secs] [Times: user=0.06 sys=0.00, real=0.01 secs]
2325.749: [GC [PSYoungGen: 52224K->256K(58880K)] 528073K->476105K(779776K), 0.0112992 secs] [Times: user=0.06 sys=0.00, real=0.01 secs]
2325.749: [GC [PSYoungGen: 52224K->256K(58880K)] 528073K->476105K(779776K), 0.0112992 secs] [Times: user=0.06 sys=0.00, real=0.01 secs]
2325.749: [GC [PSYoungGen: 52224K->256K(58880K)] 528073K->476105K(779776K), 0.0112992 secs] [Times: user=0.06 sys=0.00, real=0.01 secs]
2325.749: [GC [PSYoungGen: 52224K->256K(58880K)] 528073K->476105K(779776K), 0.0112992 secs] [Times: user=0.06 sys=0.00, real=0.01 secs]
2325.749: [GC [PSYoungGen: 52224K->256K(58880K)] 528073K->476105K(779776K), 0.0112992 secs] [Times: user=0.06 sys=0.00, real=0.01 secs]
2325.749: [GC [PSYoungGen: 52224K->256K(58880K)] 528073K->476105K(779776K), 0.0112992 secs] [Times: user=0.06 sys=0.00, real=0.01 secs]
2325.749: [GC [PSYoungGen: 52224K->256K(58880K)] 528073K->476105K(779776K), 0.0112992 secs] [Times: user=0.06 sys=0.00, real=0.01 secs]
2325.749: [GC [PSYoungGen: 52224K->256K(58880K)] 528073K->476105K(779776K), 0.0112992 secs] [Times: user=0.06 sys=0.00, real=0.01 secs]
2325.749: [GC [PSYoungGen: 52224K->256K(58880K)] 528073K->476105K(779776K), 0.0112992 secs] [Times: user=0.06 sys=0.00, real=0.01 secs]
2325.749: [GC [PSYoungGen: 52224K->256K(58880K)] 528073K->476105K(779776K), 0.0112992 secs] [Times: user=0.06 sys=0.00, real=0.01 secs]
2325.749: [GC [PSYoungGen: 52224K->256K(58880K)] 528073K->476105K(779776K), 0.0112992 secs] [Times: user=0.06 sys=0.00, real=0.01 secs]
2325.749: [GC [PSYoungGen: 52224K->256K(58880K)] 528073K->476105K(779776K), 0.0112992 secs] [Times: user=0.06 sys=0.00, real=0.01 secs]
2325.749: [GC [PSYoungGen: 52224K->256K(58880K)] 528073K->476105K(779776K), 0.0112992 secs] [Times: user=0.06 sys=0.00, real=0.01 secs]
2325.749: [GC [PSYoungGen: 52224K->256K(58880K)] 528073K->476105K(779776K), 0.0112992 secs] [Times: user=0.06 sys=0.00, real=0.01 secs]
2325.749: [GC [PSYoungGen: 52224K->256K(58880K)] 528073K->476105K(779776K), 0.0112992 secs] [Times: user=0.06 sys=0.00, real=0.01 secs]
2325.749: [GC [PSYoungGen: 52224K->256K(58880K)] 528073K->476105K(779776K), 0.0112992 secs] [Times: user=0.06 sys=0.00, real=0.01 secs]
2325.749: [GC [PSYoungGen: 52224K->256K(58880K)] 528073K->476105K(779776K), 0.0112992 secs] [Times: user=0.06 sys=0.00, real=0.01 secs]
2325.749: [GC [PSYoungGen: 52224K->256K(58880K)] 528073K->476105K(779776K), 0.0112992 secs] [Times: user=0.06 sys=0.00, real=0.01 secs]
2325.749: [GC [PSYoungGen: 52224K->256K(58880K)] 528073K->476105K(779776K), 0.0112992 secs] [Times: user=0.06 sys=0.00, real=0.01 secs]
2325.749: [GC [PSYoungGen: 52224K->256K(58880K)] 528073K->476105K(779776K), 0.0112992 secs] [Times: user=0.06 sys=0.00, real=0.01 secs]
2325.749: [GC [PSYoungGen: 52224K->256K(58880K)] 528073K->476105K(779776K), 0.0112992 secs] [Times: user=0.06 sys=0.00, real=0.01 secs]
2325.749: [GC [PSYoungGen: 52224K->256K(58880K)] 528073K->476105K(779776K), 0.0112992 secs] [Times: user=0.06 sys=0.00, real=0.01 secs]
2325.749: [GC [PSYoungGen: 52224K->256K(58880K)] 528073K->476105K(779776K), 0.0112992 secs] [Times: user=0.06 sys=0.00, real=0.01 secs]
2325.749: [GC [PSYoungGen: 52224K->256K(58880K)] 528073K->476105K(779776K), 0.0112992 secs] [Times: user=0.06 sys=0.00, real=0.01 secs]
2325.749: [GC [PSYoungGen: 52224K->256K(58880K)] 528073K->476105K(779776K), 0.0112992 secs] [Times: user=0.06 sys=0.00, real=0.01 secs]
2325.749: [GC [PSYoungGen: 52224K->256K(58880K)] 528073K->476105K(779776K), 0.0112992 secs] [Times: user=0.06 sys=0.00, real=0.01 secs]
2325.749: [GC [PSYoungGen: 52224K->256K(58880K)] 528073K->476105K(779776K), 0.0112992 secs] [Times: user=0.06 sys=0.00, real=0.01 secs]
2325.749: [GC [PSYoungGen: 52224K->256K(58880K)] 528073K->476105K(779776K), 0.0112992 secs] [Times: user=0.06 sys=0.00, real=0.01 secs]
2325.749: [GC [PSYoungGen: 52224K->256K(58880K)] 528073K->476105K(779776K), 0.0112992 secs] [Times: user=0.06 sys=0.00, real=0.01 secs]
2325.749: [GC [PSYoungGen: 52224K->256K(58880K)] 528073K->476105K(779776K), 0.0112992 secs] [Times: user=0.06 sys=0.00, real=0.01 secs]
2325.749: [GC [PSYoungGen: 52224K->256K(58880K)] 528073K->476105K(779776K), 0.0112992 secs] [Times: user=0.06 sys=0.00, real=0.01 secs]
2325.749: [GC [PSYoungGen: 52224K->256K(58880K)] 528073K->476105K(779776K), 0.0112992 secs] [Times: user=0.06 sys=0.00, real=0.01 secs]
2325.749: [GC [PSYoungGen: 52224K->256K(58880K)] 528073K->476105K(779776K), 0.0112992 secs] [Times: user=0.06 sys=0.00, real=0.01 secs]
2325.749: [GC [PSYoungGen: 52224K->256K(58880K)] 528073K->476105K(779776K), 0.0112992 secs] [Times: user=0.06 sys=0.00, real=0.01 secs]
2325.749: [GC [PSYoungGen: 52224K->256K(58880K)] 528073K->476105K(779776K), 0.0112992 secs] [Times: user=0.06 sys=0.00, real=0.01 secs]
2325.749: [GC [PSYoungGen: 52224K->256K(58880K)] 528073K->476105K(779776K), 0.0112992 secs] [Times: user=0.06 sys=0.00, real=0.01 secs]
2325.749: [GC [PSYoungGen: 52224K->256K(58880K)] 528073K->476105K(779776K), 0.0112992 secs] [Times: user=0.06 sys=0.00, real=0.01 secs]
2325.749: [GC [PSYoungGen: 52224K->256K(58880K)] 528073K->476105K(779776K), 0.0112992 secs] [Times: user=0.06 sys=0.00, real=0.01 secs]
2325.749: [GC [PSYoungGen: 52224K->256K(58880K)] 528073K->476105K(779776K), 0.0112992 secs] [Times: user=0.06 sys=0.00, real=0.01 secs]
2325.749: [GC [PSYoungGen: 52224K->256K(58880K)] 528073K->476105K(779776K), 0.0112992 secs] [Times: user=0.06 sys=0.00, real=0.01 secs]
2325.749: [GC [PSYoungGen: 52224K->256K(58880K)] 528073K->476105K(779776K), 0.0112992 secs] [Times: user=0.06 sys=0.00, real=0.01 secs]
2325.749: [GC [PSYoungGen: 52224K->256K(58880K)] 528073K->476105K(779776K), 0.0112992 secs] [Times: user=0.06 sys=0.00, real=0.01 secs]
2325.749: [GC [PSYoungGen: 52224K->256K(58880K)] 528073K->476105K(779776K), 0.0112992 secs] [Times: user=0.06 sys=0.00, real=0.01 secs]
2325.749: [GC [PSYoungGen: 52224K->256K(58880K)] 528073K->476105K(779776K), 0.0112992 secs] [Times: user=0.06 sys=0.00, real=0.01 secs]
2325.749: [GC [PSYoungGen: 52224K->256K(58880K)] 528073K->476105K(779776K), 0.0112992 secs] [Times: user=0.06 sys=0.00, real=0.01 secs]
2325.749: [GC [PSYoungGen: 52224K->256K(58880K)] 528073K->476105K(779776K), 0.0112992 secs] [Times: user=0.06 sys=0.00, real=0.01 secs]
2325.749: [GC [PSYoungGen: 52224K->256K(58880K)] 528073K->476105K(779776K), 0.0112992 secs] [Times: user=0.06 sys=0.00, real=0.01 secs]
2325.749: [GC [PSYoungGen: 52224K->256K(58880K)] 528073K->476105K(779776K), 0.0112992 secs] [Times: user=0.06 sys=0.00, real=0.01 secs]
2325.749: [GC [PSYoungGen: 52224K->256K(58880K)] 528073K->476105K(779776K), 0.0112992 secs] [Times: user=0.06 sys=0.00, real=0.01 secs]
2325.749: [GC [PSYoungGen: 52224K->256K(58880K)] 528073K->476105K(779776K), 0.0112992 secs] [Times: user=0.06 sys=0.00, real=0.01 secs]
2325.749: [GC [PSYoungGen: 52224K->256K(58880K)] 528073K->476105K(779776K), 0.0112992 secs] [Times: user=0.06 sys=0.00, real=0.01 secs]
2325.749: [GC [PSYoungGen: 52224K->256K(58880K)] 528073K->476105K(779776K), 0.0112992 secs] [Times: user=0.06 sys=0.00, real=0.01 secs]
2325.749: [GC [PSYoungGen: 52224K->256K(58880K)] 528073K->476105K(779776K), 0.0112992 secs] [Times: user=0.06 sys=0.00, real=0.01 secs]
2325.749: [GC [PSYoungGen: 52224K->256K(58880K)] 528073K->476105K(779776K), 0.0112992 secs] [Times: user=0.06 sys=0.00, real=0.01 secs]
2325.749: [GC [PSYoungGen: 52224K->256K(58880K)] 528073K->476105K(779776K), 0.0112992 secs] [Times: user=0.06 sys=0.00, real=0.01 secs]
2325.749: [GC [PSYoungGen: 52224K->256K(58880K)] 528073K->476105K(779776K), 0.0112992 secs] [Times: user=0.06 sys=0.00, real=0.01 secs]
2325.749: [GC [PSYoungGen: 52224K->256K(58880K)] 528073K->476105K(779776K), 0.0112992 secs] [Times: user=0.06 sys=0.00, real=0.01 secs]
2325.749: [GC [PSYoungGen: 52224K->256K(58880K)] 528073K->476105K(779776K), 0.0112992 secs] [Times: user=0.06 sys=0.00, real=0.01 secs]
2325.749: [GC [PSYoungGen: 52224K->256K(58880K)] 528073K->476105K(779776K), 0.0112992 secs] [Times: user=0.06 sys=0.00, real=0.01 secs]
2325.749: [GC [PSYoungGen: 52224K->256K(58880K)] 528073K->476105K(779776K), 0.0112992 secs] [Times: user=0.06 sys=0.00, real=0.01 secs]
2325.749: [GC [PSYoungGen: 52224K->256K(58880K)] 528073K->476105K(779776K), 0.0112992 secs] [Times: user=0.06 sys=0.00, real=0.01 secs]
2325.749: [GC [PSYoungGen: 52224K->256K(58880K)] 528073K->476105K(779776K), 0.0112992 secs] [Times: user=0.06 sys=0.00, real=0.01 secs]
2325.749: [GC [PSYoungGen: 52224K->256K(58880K)] 528073K->476105K(779776K), 0.0112992 secs] [Times: user=0.06 sys=0.00, real=0.01 secs]
2325.749: [GC [PSYoungGen: 52224K->256K(58880K)] 528073K->476105K(779776K), 0.0112992 secs] [Times: user=0.06 sys=0.00, real=0.01 secs]
2325.749: [GC [PSYoungGen: 52224K->256K(58880K)] 528073K->476105K(779776K), 0.0112992 secs] [Times: user=0.06 sys=0.00, real=0.01 secs]
2325.749: [GC [PSYoungGen: 52224K->256K(58880K)] 528073K->476105K(779776K), 0.0112992 secs] [Times: user=0.06 sys=0.00, real=0.01 secs]
2325.749: [GC [PSYoungGen: 52224K->256K(58880K)] 528073K->476105K(779776K), 0.0112992 secs] [Times: user=0.06 sys=0.00, real=0.01 secs]
2325.749: [GC [PSYoungGen: 52224K->256K(58880K)] 528073K->476105K(779776K), 0.0112992 secs] [Times: user=0.06 sys=0.00, real=0.01 secs]
2325.749: [GC [PSYoungGen: 52224K->256K(58880K)] 528073K->476105K(779776K), 0.0112992 secs] [Times: user=0.06 sys=0.00, real=0.01 secs]
2325.749: [GC [PSYoungGen: 52224K->256K(58880K)] 528073K->476105K(779776K), 0.0112992 secs] [Times: user=0.06 sys=0.00, real=0.01 secs]
2325.749: [GC [PSYoungGen: 52224K->256K(58880K)] 528073K->476105K(779776K), 0.0112992 secs] [Times: user=0.06 sys=0.00, real=0.01 secs]
2325.749: [GC [PSYoungGen: 52224K->256K(58880K)] 528073K->476105K(779776K), 0.0112992 secs] [Times: user=0.06 sys=0.00, real=0.01 secs]
2325.749: [GC [PSYoungGen: 52224K->256K(58880K)] 528073K->476105K(779776K), 0.0112992 secs] [Times: user=0.06 sys=0.00, real=0.01 secs]
2325.749: [GC [PSYoungGen: 52224K->256K(58880K)] 528073K->476105K(779776K), 0.0112992 secs] [Times: user=0.06 sys=0.00, real=0.01 secs]
2325.749: [GC [PSYoungGen: 52224K->256K(58880K)] 528073K->476105K(779776K), 0.0112992 secs] [Times: user=0.06 sys=0.00, real=0.01 secs]
2325.749: [GC [PSYoungGen: 52224K->256K(58880K)] 528073K->476105K(779776K), 0.0112992 secs] [Times: user=0.06 sys=0.00, real=0.01 secs]
2325.749: [GC [PSYoungGen: 52224K->256K(58880K)] 528073K->476105K(779776K), 0.0112992 secs] [Times: user=0.06 sys=0.00, real=0.01 secs]
2325.749: [GC [PSYoungGen: 52224K->256K(58880K)] 528073K->476105K(779776K), 0.0112992 secs] [Times: user=0.06 sys=0.00, real=0.01 secs]
2325.749: [GC [PSYoungGen: 52224K->256K(58880K)] 528073K->476105K(779776K), 0.0112992 secs] [Times: user=0.06 sys=0.00, real=0.01 secs]
2325.749: [GC [PSYoungGen: 52224K->256K(58880K)] 528073K->476105K(779776K), 0.0112992 secs] [Times: user=0.06 sys=0.00, real=0.01 secs]
2325.749: [GC [PSYoungGen: 52224K->256K(58880K)] 528073K->476105K(779776K), 0.0112992 secs] [Times: user=0.06 sys=0.00, real=0.01 secs]
2325.749: [GC [PSYoungGen: 52224K->256K(58880K)] 528073K->476105K(779776K), 0.0112992 secs] [Times: user=0.06 sys=0.00, real=0.01 secs]
2325.749: [GC [PSYoungGen: 52224K->256K(58880K)] 528073K->476105K(779776K), 0.0112992 secs] [Times: user=0.06 sys=0.00, real=0.01 secs]
2325.749: [GC [PSYoungGen: 52224K->256K(58880K)] 528073K->476105K(779776K), 0.0112992 secs] [Times: user=0.06 sys=0.00, real=0.01 secs]
2325.749: [GC [PSYoungGen: 52224K->256K(58880K)] 528073K->476105K(779776K), 0.0112992 secs] [Times: user=0.06 sys=0.00, real=0.01 secs]
2325.749: [GC [PSYoungGen: 52224K->256K(58880K)] 528073K->476105K(779776K), 0.0112992 secs] [Times: user=0.06 sys=0.00, real=0.01 secs]
2325.749: [GC [PSYoungGen: 52224K->256K(58880K)] 528073K->476105K(779776K), 0.0112992 secs] [Times: user=0.06 sys=0.00, real=0.01 secs]
2325.749: [GC [PSYoungGen: 52224K->256K(58880K)] 528073K->476105K(779776K), 0.0112992 secs] [Times: user=0.06 sys=0.00, real=0.01 secs]
2325.749: [GC [PSYoungGen: 52224K->256K(58880K)] 528073K->476105K(779776K), 0.0112992 secs] [Times: user=0.06 sys=0.00, real=0.01 secs]
2325.749: [GC [PSYoungGen: 52224K->256K(58880K)] 528073K->476105K(779776K), 0.0112992 secs] [Times: user=0.06 sys=0.00, real=0.01 secs]
2325.749: [GC [PSYoungGen: 52224K->256K(58880K)] 528073K->476105K(779776K), 0.0112992 secs] [Times: user=0.06 sys=0.00, real=0.01 secs]
2325.749: [GC [PSYoungGen: 52224K->256K(58880K)] 528073K->476105K(779776K), 0.0112992 secs] [Times: user=0.06 sys=0.00, real=0.01 secs]
2325.749: [GC [PSYoungGen: 52224K->256K(58880K)] 528073K->476105K(779776K), 0.0112992 secs] [Times: user=0.06 sys=0.00, real=0.01 secs]
2325.749: [GC [PSYoungGen: 52224K->256K(58880K)] 528073K->476105K(779776K), 0.0112992 secs] [Times: user=0.06 sys=0.00, real=0.01 secs]
2325.749: [GC [PSYoungGen: 52224K->256K(58880K)] 528073K->476105K(779776K), 0.0112992 secs] [Times: user=0.06 sys=0.00, real=0.01 secs]
2325.749: [GC [PSYoungGen: 52224K->256K(58880K)] 528073K->476105K(779776K), 0.0112992 secs] [Times: user=0.06 sys=0.00, real=0.01 secs]
2325.749: [GC [PSYoungGen: 52224K->256K(58880K)] 528073K->476105K(779776K), 0.0112992 secs] [Times: user=0.06 sys=0.00, real=0.01 secs]
2325.749: [GC [PSYoungGen: 52224K->256K(58880K)] 528073K->476105K(779776K), 0.0112992 secs] [Times: user=0.06 sys=0.00, real=0.01 secs]
2325.749: [GC [PSYoungGen: 52224K->256K(58880K)] 528073K->476105K(779776K), 0.0112992 secs] [Times: user=0.06 sys=0.00, real=0.01 secs]
2325.749: [GC [PSYoungGen: 52224K->256K(58880K)] 528073K->476105K(779776K), 0.0112992 secs] [Times: user=0.06 sys=0.00, real=0.01 secs]
2325.749: [GC [PSYoungGen: 52224K->256K(58880K)] 528073K->476105K(779776K), 0.0112992 secs] [Times: user=0.06 sys=0.00, real=0.01 secs]
2325.749: [GC [PSYoungGen: 52224K->256K(58880K)] 528073K->476105K(779776K), 0.0112992 secs] [Times: user=0.06 sys=0.00, real=0.01 secs]
2325.749: [GC [PSYoungGen: 52224K->256K(58880K)] 528073K->476105K(779776K), 0.0112992 secs] [Times: user=0.06 sys=0.00, real=0.01 secs]
2325.749: [GC [PSYoungGen: 52224K->256K(58880K)] 528073K->476105K(779776K), 0.0112992 secs] [Times: user=0.06 sys=0.00, real=0.01 secs]
2325.749: [GC [PSYoungGen: 52224K->256K(58880K)] 528073K->476105K(779776K), 0.0112992 secs] [Times: user=0.06 sys=0.00, real=0.01 secs]
2325.749: [GC [PSYoungGen: 52224K->256K(58880K)] 528073K->476105K(779776K), 0.0112992 secs] [Times: user=0.06 sys=0.00, real=0.01 secs]
2325.749: [GC [PSYoungGen: 52224K->256K(58880K)] 528073K->476105K(779776K), 0.0112992 secs] [Times: user=0.06 sys=0.00, real=0.01 secs]
2325.749: [GC [PSYoungGen: 52224K->256K(58880K)] 528073K->476105K(779776K), 0.0112992 secs] [Times: user=0.06 sys=0.00, real=0.01 secs]
2325.749: [GC [PSYoungGen: 52224K->256K(58880K)] 528073K->476105K(779776K), 0.0112992 secs] [Times: user=0.06 sys=0.00, real=0.01 secs]
2325.749: [GC [PSYoungGen: 52224K->256K(58880K)] 528073K->476105K(779776K), 0.0112992 secs] [Times: user=0.06 sys=0.00, real=0.01 secs]
2325.749: [GC [PSYoungGen: 52224K->256K(58880K)] 528073K->476105K(779776K), 0.0112992 secs] [Times: user=0.06 sys=0.00, real=0.01 secs]
2325.749: [GC [PSYoungGen: 52224K->256K(58880K)] 528073K->476105K(779776K), 0.0112992 secs] [Times: user=0.06 sys=0.00, real=0.01 secs]
2325.749: [GC [PSYoungGen: 52224K->256K(58880K)] 528073K->476105K(779776K), 0.0112992 secs] [Times: user=0.06 sys=0.00, real=0.01 secs]
2325.749: [GC [PSYoungGen: 52224K->256K(58880K)] 528073K->476105K(779776K), 0.0112992 secs] [Times: user=0.06 sys=0.00, real=0.01 secs]
2325.749: [GC [PSYoungGen: 52224K->256K(58880K)] 528073K->476105K(779776K), 0.0112992 secs] [Times: user=0.06 sys=0.00, real=0.01 secs]
2325.749: [GC [PSYoungGen: 52224K->256K(58880K)] 528073K->476105K(779776K), 0.0112992 secs] [Times: user=0.06 sys=0.00, real=0.01 secs]
2325.749: [GC [PSYoungGen: 52224K->256K(58880K)] 528073K->476105K(779776K), 0.0112992 secs] [Times: user=0.06 sys=0.00, real=0.01 secs]
2325.749: [GC [PSYoungGen: 52224K->256K(58880K)] 528073K->476105K(779776K), 0.0112992 secs] [Times: user=0.06 sys=0.00, real=0.01 secs]
2325.749: [GC [PSYoungGen: 52224K->256K(58880K)] 528073K->476105K(779776K), 0.0112992 secs] [Times: user=0.06 sys=0.00, real=0.01 secs]
2325.749: [GC [PSYoungGen: 52224K->256K(58880K)] 528073K->476105K(779776K), 0.0112992 secs] [Times: user=0.06 sys=0.00, real=0.01 secs]
2325.749: [GC [PSYoungGen: 52224K->256K(58880K)] 528073K->476105K(779776K), 0.0112992 secs] [Times: user=0.06 sys=0.00, real=0.01 secs]
2325.749: [GC [PSYoungGen: 52224K->256K(58880K)] 528073K->476105K(779776K), 0.0112992 secs] [Times: user=0.06 sys=0.00, real=0.01 secs]
2325.749: [GC [PSYoungGen: 52224K->256K(58880K)] 528073K->476105K(779776K), 0.0112992 secs] [Times: user=0.06 sys=0.00, real=0.01 secs]
2325.749: [GC [PSYoungGen: 52224K->256K(58880K)] 528073K->476105K(779776K), 0.0112992 secs] [Times: user=0.06 sys=0.00, real=0.01 secs]
2325.749: [GC [PSYoungGen: 52224K->256K(58880K)] 528073K->476105K(779776K), 0.0112992 secs] [Times: user=0.06 sys=0.00, real=0.01 secs]
2325.749: [GC [PSYoungGen: 52224K->256K(58880K)] 528073K->476105K(779776K), 0.0112992 secs] [Times: user=0.06 sys=0.00, real=0.01 secs]
2325.749: [GC [PSYoungGen: 52224K->256K(58880K)] 528073K->476105K(779776K), 0.0112992 secs] [Times: user=0.06 sys=0.00, real=0.01 secs]
2325.749: [GC [PSYoungGen: 52224K->256K(58880K)] 528073K->476105K(779776K), 0.0112992 secs] [Times: user=0.06 sys=0.00, real=0.01 secs]
2325.749: [GC [PSYoungGen: 52224K->256K(58880K)] 528073K->476105K(779776K), 0.0112992 secs] [Times: user=0.06 sys=0.00, real=0.01 secs]
2325.749: [GC [PSYoungGen: 52224K->256K(58880K)] 528073K->476105K(779776K), 0.0112992 secs] [Times: user=0.06 sys=0.00, real=0.01 secs]
2325.749: [GC [PSYoungGen: 52224K->256K(58880K)] 528073K->476105K(779776K), 0.0112992 secs] [Times: user=0.06 sys=0.00, real=0.01 secs]
2325.749: [GC [PSYoungGen: 52224K->256K(58880K)] 528073K->476105K(779776K), 0.0112992 secs] [Times: user=0.06 sys=0.00, real=0.01 secs]
2325.749: [GC [PSYoungGen: 52224K->256K(58880K)] 528073K->476105K(779776K), 0.0112992 secs] [Times: user=0.06 sys=0.00, real=0.01 secs]
2325.749: [GC [PSYoungGen: 52224K->256K(58880K)] 528073K->476105K(779776K), 0.0112992 secs] [Times: user=0.06 sys=0.00, real=0.01 secs]
2325.749: [GC [PSYoungGen: 52224K->256K(58880K)] 528073K->476105K(779776K), 0.0112992 secs] [Times: user=0.06 sys=0.00, real=0.01 secs]
2325.749: [GC [PSYoungGen: 52224K->256K(58880K)] 528073K->476105K(779776K), 0.0112992 secs] [Times: user=0.06 sys=0.00, real=0.01 secs]
2325.749: [GC [PSYoungGen: 52224K->256K(58880K)] 528073K->476105K(779776K), 0.0112992 secs] [Times: user=0.06 sys=0.00, real=0.01 secs]
2325.749: [GC [PSYoungGen: 52224K->256K(58880K)] 528073K->476105K(779776K), 0.0112992 secs] [Times: user=0.06 sys=0.00, real=0.01 secs]
2325.749: [GC [PSYoungGen: 52224K->256K(58880K)] 528073K->476105K(779776K), 0.0112992 secs] [Times: user=0.06 sys=0.00, real=0.01 secs]
2325.749: [GC [PSYoungGen: 52224K->256K(58880K)] 528073K->476105K(779776K), 0.0112992 secs] [Times: user=0.06 sys=0.00, real=0.01 secs]
2325.749: [GC [PSYoungGen: 52224K->256K(58880K)] 528073K->476105K(779776K), 0.0112992 secs] [Times: user=0.06 sys=0.00, real=0.01 secs]
2325.749: [GC [PSYoungGen: 52224K->256K(58880K)] 528073K->476105K(779776K), 0.0112992 secs] [Times: user=0.06 sys=0.00, real=0.01 secs]
2325.749: [GC [PSYoungGen: 52224K->256K(58880K)] 528073K->476105K(779776K), 0.0112992 secs] [Times: user=0.06 sys=0.00, real=0.01 secs]
2325.749: [GC [PSYoungGen: 52224K->256K(58880K)] 528073K->476105K(779776K), 0.0112992 secs] [Times: user=0.06 sys=0.00, real=0.01 secs]
2325.749: [GC [PSYoungGen: 52224K->256K(58880K)] 528073K->476105K(779776K), 0.0112992 secs] [Times: user=0.06 sys=0.00, real=0.01 secs]
2325.749: [GC [PSYoungGen: 52224K->256K(58880K)] 528073K->476105K(779776K), 0.0112992 secs] [Times: user=0.06 sys=0.00, real=0.01 secs]
2325.749: [GC [PSYoungGen: 52224K->256K(58880K)] 528073K->476105K(779776K), 0.0112992 secs] [Times: user=0.06 sys=0.00, real=0.01 secs]
2325.749: [GC [PSYoungGen: 52224K->256K(58880K)] 528073K->476105K(779776K), 0.0112992 secs] [Times: user=0.06 sys=0.00, real=0.01 secs]
2325.749: [GC [PSYoungGen: 52224K->256K(58880K)] 528073K->476105K(779776K), 0.0112992 secs] [Times: user=0.06 sys=0.00, real=0.01 secs]
2325.749: [GC [PSYoungGen: 52224K->256K(58880K)] 528073K->476105K(779776K), 0.0112992 secs] [Times: user=0.06 sys=0.00, real=0.01 secs]
2325.749: [GC [PSYoungGen: 52224K->256K(58880K)] 528073K->476105K(779776K), 0.0112992 secs] [Times: user=0.06 sys=0.00, real=0.01 secs]
2325.749: [GC [PSYoungGen: 52224K->256K(58880K)] 528073K->476105K(779776K), 0.0112992 secs] [Times: user=0.06 sys=0.00, real=0.01 secs]
2325.749: [GC [PSYoungGen: 52224K->256K(58880K)] 528073K->476105K(779776K), 0.0112992 secs] [Times: user=0.06 sys=0.00, real=0.01 secs]
2325.749: [GC [PSYoungGen: 52224K->256K(58880K)] 528073K->476105K(779776K), 0.0112992 secs] [Times: user=0.06 sys=0.00, real=0.01 secs]
2325.749: [GC [PSYoungGen: 52224K->256K(58880K)] 528073K->476105K(779776K), 0.0112992 secs] [Times: user=0.06 sys=0.00, real=0.01 secs]
2325.749: [GC [PSYoungGen: 52224K->256K(58880K)] 528073K->476105K(779776K), 0.0112992 secs] [Times: user=0.06 sys=0.00, real=0.01 secs]
2325.749: [GC [PSYoungGen: 52224K->256K(58880K)] 528073K->476105K(779776K), 0.0112992 secs] [Times: user=0.06 sys=0.00, real=0.01 secs]
2325.749: [GC [PSYoungGen: 52224K->256K(58880K)] 528073K->476105K(779776K), 0.0112992 secs] [Times: user=0.06 sys=0.00, real=0.01 secs]
2325.749: [GC [PSYoungGen: 52224K->256K(58880K)] 528073K->476105K(779776K), 0.0112992 secs] [Times: user=0.06 sys=0.00, real=0.01 secs]
2325.749: [GC [PSYoungGen: 52224K->256K(58880K)] 528073K->476105K(779776K), 0.0112992 secs] [Times: user=0.06 sys=0.00, real=0.01 secs]
2325.749: [GC [PSYoungGen: 52224K->256K(58880K)] 528073K->476105K(779776K), 0.0112992 secs] [Times: user=0.06 sys=0.00, real=0.01 secs]
2325.749: [GC [PSYoungGen: 52224K->256K(58880K)] 528073K->476105K(779776K), 0.0112992 secs] [Times: user=0.06 sys=0.00, real=0.01 secs]
2325.749: [GC [PSYoungGen: 52224K->256K(58880K)] 528073K->476105K(779776K), 0.0112992 secs] [Times: user=0.06 sys=0.00, real=0.01 secs]
2325.749: [GC [PSYoungGen: 52224K->256K(58880K)] 528073K->476105K(779776K), 0.0112992 secs] [Times: user=0.06 sys=0.00, real=0.01 secs]
2325.749: [GC [PSYoungGen: 52224K->256K(58880K)] 528073K->476105K(779776K), 0.0112992 secs] [Times: user=0.06 sys=0.00, real=0.01 secs]
2325.749: [GC [PSYoungGen: 52224K->256K(58880K)] 528073K->476105K(779776K), 0.0112992 secs] [Times: user=0.06 sys=0.00, real=0.01 secs]
2325.749: [GC [PSYoungGen: 52224K->256K(58880K)] 528073K->476105K(779776K), 0.0112992 secs] [Times: user=0.06 sys=0.00, real=0.01 secs]
2325.749: [GC [PSYoungGen: 52224K->256K(58880K)] 528073K->476105K(779776K), 0.0112992 secs] [Times: user=0.06 sys=0.00, real=0.01 secs]
2325.749: [GC [PSYoungGen: 52224K->256K(58880K)] 528073K->476105K(779776K), 0.0112992 secs] [Times: user=0.06 sys=0.00, real=0.01 secs]
2325.749: [GC [PSYoungGen: 52224K->256K(58880K)] 528073K->476105K(779776K), 0.0112992 secs] [Times: user=0.06 sys=0.00, real=0.01 secs]
2325.749: [GC [PSYoungGen: 52224K->256K(58880K)] 528073K->476105K(779776K), 0.0112992 secs] [Times: user=0.06 sys=0.00, real=0.01 secs]
2325.749: [GC [PSYoungGen: 52224K->256K(58880K)] 528073K->476105K(779776K), 0.0112992 secs] [Times: user=0.06 sys=0.00, real=0.01 secs]
2325.749: [GC [PSYoungGen: 52224K->256K(58880K)] 528073K->476105K(779776K), 0.0112992 secs] [Times: user=0.06 sys=0.00, real=0.01 secs]
2325.749: [GC [PSYoungGen: 52224K->256K(58880K)] 528073K->476105K(779776K), 0.0112992 secs] [Times: user=0.06 sys=0.00, real=0.01 secs]
2325.749: [GC [PSYoungGen: 52224K->256K(58880K)] 528073K->476105K(779776K), 0.0112992 secs] [Times: user=0.06 sys=0.00, real=0.01 secs]
2325.749: [GC [PSYoungGen: 52224K->256K(58880K)] 528073K->476105K(779776K), 0.0112992 secs] [Times: user=0.06 sys=0.00, real=0.01 secs]
2325.749: [GC [PSYoungGen: 52224K->256K(58880K)] 528073K->476105K(779776K), 0.0112992 secs] [Times: user=0.06 sys=0.00, real=0.01 secs]
2325.749: [GC [PSYoungGen: 52224K->256K(58880K)] 528073K->476105K(779776K), 0.0112992 secs] [Times: user=0.06 sys=0.00, real=0.01 secs]
2325.749: [GC [PSYoungGen: 52224K->256K(58880K)] 528073K->476105K(779776K), 0.0112992 secs] [Times: user=0.06 sys=0.00, real=0.01 secs]
2325.749: [GC [PSYoungGen: 52224K->256K(58880K)] 528073K->476105K(779776K), 0.0112992 secs] [Times: user=0.06 sys=0.00, real=0.01 secs]
2325.749: [GC [PSYoungGen: 52224K->256K(58880K)] 528073K->476105K(779776K), 0.0112992 secs] [Times: user=0.06 sys=0.00, real=0.01 secs]
2325.749: [GC [PSYoungGen: 52224K->256K(58880K)] 528073K->476105K(779776K), 0.0112992 secs] [Times: user=0.06 sys=0.00, real=0.01 secs]
2325.749: [GC [PSYoungGen: 52224K->256K(58880K)] 528073K->476105K(779776K), 0.0112992 secs] [Times: user=0.06 sys=0.00, real=0.01 secs]
2325.749: [GC [PSYoungGen: 52224K->256K(58880K)] 528073K->476105K(779776K), 0.0112992 secs] [Times: user=0.06 sys=0.00, real=0.01 secs]
2325.749: [GC [PSYoungGen: 52224K->256K(58880K)] 528073K->476105K(779776K), 0.0112992 secs] [Times: user=0.06 sys=0.00, real=0.01 secs]
2325.749: [GC [PSYoungGen: 52224K->256K(58880K)] 528073K->476105K(779776K), 0.0112992 secs] [Times: user=0.06 sys=0.00, real=0.01 secs]
2325.749: [GC [PSYoungGen: 52224K->256K(58880K)] 528073K->476105K(779776K), 0.0112992 secs] [Times: user=0.06 sys=0.00, real=0.01 secs]
2325.749: [GC [PSYoungGen: 52224K->256K(58880K)] 528073K->476105K(779776K), 0.0112992 secs] [Times: user=0.06 sys=0.00, real=0.01 secs]
2325.749: [GC [PSYoungGen: 52224K->256K(58880K)] 528073K->476105K(779776K), 0.0112992 secs] [Times: user=0.06 sys=0.00, real=0.01 secs]
2325.749: [GC [PSYoungGen: 52224K->256K(58880K)] 528073K->476105K(779776K), 0.0112992 secs] [Times: user=0.06 sys=0.00, real=0.01 secs]
2325.749: [GC [PSYoungGen: 52224K->256K(58880K)] 528073K->476105K(779776K), 0.0112992 secs] [Times: user=0.06 sys=0.00, real=0.01 secs]
2325.749: [GC [PSYoungGen: 52224K->256K(58880K)] 528073K->476105K(779776K), 0.0112992 secs] [Times: user=0.06 sys=0.00, real=0.01 secs]
2325.749: [GC [PSYoungGen: 52224K->256K(58880K)] 528073K->476105K(779776K), 0.0112992 secs] [Times: user=0.06 sys=0.00, real=0.01 secs]
2325.749: [GC [PSYoungGen: 52224K->256K(58880K)] 528073K->476105K(779776K), 0.0112992 secs] [Times: user=0.06 sys=0.00, real=0.01 secs]
2325.749: [GC [PSYoungGen: 52224K->256K(58880K)] 528073K->476105K(779776K), 0.0112992 secs] [Times: user=0.06 sys=0.00, real=0.01 secs]
2325.749: [GC [PSYoungGen: 52224K->256K(58880K)] 528073K->476105K(779776K), 0.0112992 secs] [Times: user=0.06 sys=0.00, real=0.01 secs]
2325.749: [GC [PSYoungGen: 52224K->256K(58880K)] 528073K->476105K(779776K), 0.0112992 secs] [Times: user=0.06 sys=0.00, real=0.01 secs]
2325.749: [GC [PSYoungGen: 52224K->256K(58880K)] 528073K->476105K(779776K), 0.0112992 secs] [Times: user=0.06 sys=0.00, real=0.01 secs]
2325.749: [GC [PSYoungGen: 52224K->256K(58880K)] 528073K->476105K(779776K), 0.0112992 secs] [Times: user=0.06 sys=0.00, real=0.01 secs]
2325.749: [GC [PSYoungGen: 52224K->256K(58880K)] 528073K->476105K(779776K), 0.0112992 secs] [Times: user=0.06 sys=0.00, real=0.01 secs]
2325.749: [GC [PSYoungGen: 52224K->256K(58880K)] 528073K->476105K(779776K), 0.0112992 secs] [Times: user=0.06 sys=0.00, real=0.01 secs]
2325.749: [GC [PSYoungGen: 52224K->256K(58880K)] 528073K->476105K(779776K), 0.0112992 secs] [Times: user=0.06 sys=0.00, real=0.01 secs]
2325.749: [GC [PSYoungGen: 52224K->256K(58880K)] 528073K->476105K(779776K), 0.0112992 secs] [Times: user=0.06 sys=0.00, real=0.01 secs]
2325.749: [GC [PSYoungGen: 52224K->256K(58880K)] 528073K->476105K(779776K), 0.0112992 secs] [Times: user=0.06 sys=0.00, real=0.01 secs]
2325.749: [GC [PSYoungGen: 52224K->256K(58880K)] 528073K->476105K(779776K), 0.0112992 secs] [Times: user=0.06 sys=0.00, real=0.01 secs]
2325.749: [GC [PSYoungGen: 52224K->256K(58880K)] 528073K->476105K(779776K), 0.0112992 secs] [Times: user=0.06 sys=0.00, real=0.01 secs]
2325.749: [GC [PSYoungGen: 52224K->256K(58880K)] 528073K->476105K(779776K), 0.0112992 secs] [Times: user=0.06 sys=0.00, real=0.01 secs]
2325.749: [GC [PSYoungGen: 52224K->256K(58880K)] 528073K->476105K(779776K), 0.0112992 secs] [Times: user=0.06 sys=0.00, real=0.01 secs]
2325.749: [GC [PSYoungGen: 52224K->256K(58880K)] 528073K->476105K(779776K), 0.0112992 secs] [Times: user=0.06 sys=0.00, real=0.01 secs]
2325.749: [GC [PSYoungGen: 52224K->256K(58880K)] 528073K->476105K(779776K), 0.0112992 secs] [Times: user=0.06 sys=0.00, real=0.01 secs]
2325.749: [GC [PSYoungGen: 52224K->256K(58880K)] 528073K->476105K(779776K), 0.0112992 secs] [Times: user=0.06 sys=0.00, real=0.01 secs]
2325.749: [GC [PSYoungGen: 52224K->256K(58880K)] 528073K->476105K(779776K), 0.0112992 secs] [Times: user=0.06 sys=0.00, real=0.01 secs]
2325.749: [GC [PSYoungGen: 52224K->256K(58880K)] 528073K->476105K(779776K), 0.0112992 secs] [Times: user=0.06 sys=0.00, real=0.01 secs]
2325.749: [GC [PSYoungGen: 52224K->256K(58880K)] 528073K->476105K(779776K), 0.0112992 secs] [Times: user=0.06 sys=0.00, real=0.01 secs]
2325.749: [GC [PSYoungGen: 52224K->256K(58880K)] 528073K->476105K(779776K), 0.0112992 secs] [Times: user=0.06 sys=0.00, real=0.01 secs]
2325.749: [GC [PSYoungGen: 52224K->256K(58880K)] 528073K->476105K(779776K), 0.0112992 secs] [Times: user=0.06 sys=0.00, real=0.01 secs]
2325.749: [GC [PSYoungGen: 52224K->256K(58880K)] 528073K->476105K(779776K), 0.0112992 secs] [Times: user=0.06 sys=0.00, real=0.01 secs]
2325.749: [GC [PSYoungGen: 52224K->256K(58880K)] 528073K->476105K(779776K), 0.0112992 secs] [Times: user=0.06 sys=0.00, real=0.01 secs]
2325.749: [GC [PSYoungGen: 52224K->256K(58880K)] 528073K->476105K(779776K), 0.0112992 secs] [Times: user=0.06 sys=0.00, real=0.01 secs]
2325.749: [GC [PSYoungGen: 52224K->256K(58880K)] 528073K->476105K(779776K), 0.0112992 secs] [Times: user=0.06 sys=0.00, real=0.01 secs]
2325.749: [GC [PSYoungGen: 52224K->256K(58880K)] 528073K->476105K(779776K), 0.0112992 secs] [Times: user=0.06 sys=0.00, real=0.01 secs]
2325.749: [GC [PSYoungGen: 52224K->256K(58880K)] 528073K->476105K(779776K), 0.0112992 secs] [Times: user=0.06 sys=0.00, real=0.01 secs]
2325.749: [GC [PSYoungGen: 52224K->256K(58880K)] 528073K->476105K(779776K), 0.0112992 secs] [Times: user=0.06 sys=0.00, real=0.01 secs]
2325.749: [GC [PSYoungGen: 52224K->256K(58880K)] 528073K->476105K(779776K), 0.0112992 secs] [Times: user=0.06 sys=0.00, real=0.01 secs]
2325.749: [GC [PSYoungGen: 52224K->256K(58880K)] 528073K->476105K(779776K), 0.0112992 secs] [Times: user=0.06 sys=0.00, real=0.01 secs]
2325.749: [GC [PSYoungGen: 52224K->256K(58880K)] 528073K->476105K(779776K), 0.0112992 secs] [Times: user=0.06 sys=0.00, real=0.01 secs]
2325.749: [GC [PSYoungGen: 52224K->256K(58880K)] 528073K->476105K(779776K), 0.0112992 secs] [Times: user=0.06 sys=0.00, real=0.01 secs]
2325.749: [GC [PSYoungGen: 52224K->256K(58880K)] 528073K->476105K(779776K), 0.0112992 secs] [Times: user=0.06 sys=0.00, real=0.01 secs]
2325.749: [GC [PSYoungGen: 52224K->256K(58880K)] 528073K->476105K(779776K), 0.0112992 secs] [Times: user=0.06 sys=0.00, real=0.01 secs]
2325.749: [GC [PSYoungGen: 52224K->256K(58880K)] 528073K->476105K(779776K), 0.0112992 secs] [Times: user=0.06 sys=0.00, real=0.01 secs]
2325.749: [GC [PSYoungGen: 52224K->256K(58880K)] 528073K->476105K(779776K), 0.0112992 secs] [Times: user=0.06 sys=0.00, real=0.01 secs]
2325.749: [GC [PSYoungGen: 52224K->256K(58880K)] 528073K->476105K(779776K), 0.0112992 secs] [Times: user=0.06 sys=0.00, real=0.01 secs]
2325.749: [GC [PSYoungGen: 52224K->256K(58880K)] 528073K->476105K(779776K), 0.0112992 secs] [Times: user=0.06 sys=0.00, real=0.01 secs]
2325.749: [GC [PSYoungGen: 52224K->256K(58880K)] 528073K->476105K(779776K), 0.0112992 secs] [Times: user=0.06 sys=0.00, real=0.01 secs]
2325.749: [GC [PSYoungGen: 52224K->256K(58880K)] 528073K->476105K(779776K), 0.0112992 secs] [Times: user=0.06 sys=0.00, real=0.01 secs]
2325.749: [GC [PSYoungGen: 52224K->256K(58880K)] 528073K->476105K(779776K), 0.0112992 secs] [Times: user=0.06 sys=0.00, real=0.01 secs]
2325.749: [GC [PSYoungGen: 52224K->256K(58880K)] 528073K->476105K(779776K), 0.0112992 secs] [Times: user=0.06 sys=0.00, real=0.01 secs]
2325.749: [GC [PSYoungGen: 52224K->256K(58880K)] 528073K->476105K(779776K), 0.0112992 secs] [Times: user=0.06 sys=0.00, real=0.01 secs]
2325.749: [GC [PSYoungGen: 52224K->256K(58880K)] 528073K->476105K(779776K), 0.0112992 secs] [Times: user=0.06 sys=0.00, real=0.01 secs]
2325.749: [GC [PSYoungGen: 52224K->256K(58880K)] 528073K->476105K(779776K), 0.0112992 secs] [Times: user=0.06 sys=0.00, real=0.01 secs]
2325.749: [GC [PSYoungGen: 52224K->256K(58880K)] 528073K->476105K(779776K), 0.0112992 secs] [Times: user=0.06 sys=0.00, real=0.01 secs]
2325.749: [GC [PSYoungGen: 52224K->256K(58880K)] 528073K->476105K(779776K), 0.0112992 secs] [Times: user=0.06 sys=0.00, real=0.01 secs]
2325.749: [GC [PSYoungGen: 52224K->256K(58880K)] 528073K->476105K(779776K), 0.0112992 secs] [Times: user=0.06 sys=0.00, real=0.01 secs]
2325.749: [GC [PSYoungGen: 52224K->256K(58880K)] 528073K->476105K(779776K), 0.0112992 secs] [Times: user=0.06 sys=0.00, real=0.01 secs]
2325.749: [GC [PSYoungGen: 52224K->256K(58880K)] 528073K->476105K(779776K), 0.0112992 secs] [Times: user=0.06 sys=0.00, real=0.01 secs]
2325.749: [GC [PSYoungGen: 52224K->256K(58880K)] 528073K->476105K(779776K), 0.0112992 secs] [Times: user=0.06 sys=0.00, real=0.01 secs]
2325.749: [GC [PSYoungGen: 52224K->256K(58880K)] 528073K->476105K(779776K), 0.0112992 secs] [Times: user=0.06 sys=0.00, real=0.01 secs]
2325.749: [GC [PSYoungGen: 52224K->256K(58880K)] 528073K->476105K(779776K), 0.0112992 secs] [Times: user=0.06 sys=0.00, real=0.01 secs]
2325.749: [GC [PSYoungGen: 52224K->256K(58880K)] 528073K->476105K(779776K), 0.0112992 secs] [Times: user=0.06 sys=0.00, real=0.01 secs]
2325.749: [GC [PSYoungGen: 52224K->256K(58880K)] 528073K->476105K(779776K), 0.0112992 secs] [Times: user=0.06 sys=0.00, real=0.01 secs]
2325.749: [GC [PSYoungGen: 52224K->256K(58880K)] 528073K->476105K(779776K), 0.0112992 secs] [Times: user=0.06 sys=0.00, real=0.01 secs]
2325.749: [GC [PSYoungGen: 52224K->256K(58880K)] 528073K->476105K(779776K), 0.0112992 secs] [Times: user=0.06 sys=0.00, real=0.01 secs]
2325.749: [GC [PSYoungGen: 52224K->256K(58880K)] 528073K->476105K(779776K), 0.0112992 secs] [Times: user=0.06 sys=0.00, real=0.01 secs]
2325.749: [GC [PSYoungGen: 52224K->256K(58880K)] 528073K->476105K(779776K), 0.0112992 secs] [Times: user=0.06 sys=0.00, real=0.01 secs]
2325.749: [GC [PSYoungGen: 52224K->256K(58880K)] 528073K->476105K(779776K), 0.0112992 secs] [Times: user=0.06 sys=0.00, real=0.01 secs]
2325.749: [GC [PSYoungGen: 52224K->256K(58880K)] 528073K->476105K(779776K), 0.0112992 secs] [Times: user=0.06 sys=0.00, real=0.01 secs]
2325.749: [GC [PSYoungGen: 52224K->256K(58880K)] 528073K->476105K(779776K), 0.0112992 secs] [Times: user=0.06 sys=0.00, real=0.01 secs]
2325.749: [GC [PSYoungGen: 52224K->256K(58880K)] 528073K->476105K(779776K), 0.0112992 secs] [Times: user=0.06 sys=0.00, real=0.01 secs]
2325.749: [GC [PSYoungGen: 52224K->256K(58880K)] 528073K->476105K(779776K), 0.0112992 secs] [Times: user=0.06 sys=0.00, real=0.01 secs]
2325.749: [GC [PSYoungGen: 52224K->256K(58880K)] 528073K->476105K(779776K), 0.0112992 secs] [Times: user=0.06 sys=0.00, real=0.01 secs]
2325.749: [GC [PSYoungGen: 52224K->256K(58880K)] 528073K->476105K(779776K), 0.0112992 secs] [Times: user=0.06 sys=0.00, real=0.01 secs]
2325.749: [GC [PSYoungGen: 52224K->256K(58880K)] 528073K->476105K(779776K), 0.0112992 secs] [Times: user=0.06 sys=0.00, real=0.01 secs]
2325.749: [GC [PSYoungGen: 52224K->256K(58880K)] 528073K->476105K(779776K), 0.0112992 secs] [Times: user=0.06 sys=0.00, real=0.01 secs]
2325.749: [GC [PSYoungGen: 52224K->256K(58880K)] 528073K->476105K(779776K), 0.0112992 secs] [Times: user=0.06 sys=0.00, real=0.01 secs]
2325.749: [GC [PSYoungGen: 52224K->256K(58880K)] 528073K->476105K(779776K), 0.0112992 secs] [Times: user=0.06 sys=0.00, real=0.01 secs]
2325.749: [GC [PSYoungGen: 52224K->256K(58880K)] 528073K->476105K(779776K), 0.0112992 secs] [Times: user=0.06 sys=0.00, real=0.01 secs]
2325.749: [GC [PSYoungGen: 52224K->256K(58880K)] 528073K->476105K(779776K), 0.0112992 secs] [Times: user=0.06 sys=0.00, real=0.01 secs]
2325.749: [GC [PSYoungGen: 52224K->256K(58880K)] 528073K->476105K(779776K), 0.0112992 secs] [Times: user=0.06 sys=0.00, real=0.01 secs]
2325.749: [GC [PSYoungGen: 52224K->256K(58880K)] 528073K->476105K(779776K), 0.0112992 secs] [Times: user=0.06 sys=0.00, real=0.01 secs]
2325.749: [GC [PSYoungGen: 52224K->256K(58880K)] 528073K->476105K(779776K), 0.0112992 secs] [Times: user=0.06 sys=0.00, real=0.01 secs]
2325.749: [GC [PSYoungGen: 52224K->256K(58880K)] 528073K->476105K(779776K), 0.0112992 secs] [Times: user=0.06 sys=0.00, real=0.01 secs]
2325.749: [GC [PSYoungGen: 52224K->256K(58880K)] 528073K->476105K(779776K), 0.0112992 secs] [Times: user=0.06 sys=0.00, real=0.01 secs]
2325.749: [GC [PSYoungGen: 52224K->256K(58880K)] 528073K->476105K(779776K), 0.0112992 secs] [Times: user=0.06 sys=0.00, real=0.01 secs]
2325.749: [GC [PSYoungGen: 52224K->256K(58880K)] 528073K->476105K(779776K), 0.0112992 secs] [Times: user=0.06 sys=0.00, real=0.01 secs]
2325.749: [GC [PSYoungGen: 52224K->256K(58880K)] 528073K->476105K(779776K), 0.0112992 secs] [Times: user=0.06 sys=0.00, real=0.01 secs]
2325.749: [GC [PSYoungGen: 52224K->256K(58880K)] 528073K->476105K(779776K), 0.0112992 secs] [Times: user=0.06 sys=0.00, real=0.01 secs]
2325.749: [GC [PSYoungGen: 52224K->256K(58880K)] 528073K->476105K(779776K), 0.0112992 secs] [Times: user=0.06 sys=0.00, real=0.01 secs]
2325.749: [GC [PSYoungGen: 52224K->256K(58880K)] 528073K->476105K(779776K), 0.0112992 secs] [Times: user=0.06 sys=0.00, real=0.01 secs]
2325.749: [GC [PSYoungGen: 52224K->256K(58880K)] 528073K->476105K(779776K), 0.0112992 secs] [Times: user=0.06 sys=0.00, real=0.01 secs]
2325.749: [GC [PSYoungGen: 52224K->256K(58880K)] 528073K->476105K(779776K), 0.0112992 secs] [Times: user=0.06 sys=0.00, real=0.01 secs]
2325.749: [GC [PSYoungGen: 52224K->256K(58880K)] 528073K->476105K(779776K), 0.0112992 secs] [Times: user=0.06 sys=0.00, real=0.01 secs]
2325.749: [GC [PSYoungGen: 52224K->256K(58880K)] 528073K->476105K(779776K), 0.0112992 secs] [Times: user=0.06 sys=0.00, real=0.01 secs]
2325.749: [GC [PSYoungGen: 52224K->256K(58880K)] 528073K->476105K(779776K), 0.0112992 secs] [Times: user=0.06 sys=0.00, real=0.01 secs]
2325.749: [GC [PSYoungGen: 52224K->256K(58880K)] 528073K->476105K(779776K), 0.0112992 secs] [Times: user=0.06 sys=0.00, real=0.01 secs]
2325.749: [GC [PSYoungGen: 52224K->256K(58880K)] 528073K->476105K(779776K), 0.0112992 secs] [Times: user=0.06 sys=0.00, real=0.01 secs]
2325.749: [GC [PSYoungGen: 52224K->256K(58880K)] 528073K->476105K(779776K), 0.0112992 secs] [Times: user=0.06 sys=0.00, real=0.01 secs]
2325.749: [GC [PSYoungGen: 52224K->256K(58880K)] 528073K->476105K(779776K), 0.0112992 secs] [Times: user=0.06 sys=0.00, real=0.01 secs]
2325.749: [GC [PSYoungGen: 52224K->256K(58880K)] 528073K->476105K(779776K), 0.0112992 secs] [Times: user=0.06 sys=0.00, real=0.01 secs]
2325.749: [GC [PSYoungGen: 52224K->256K(58880K)] 528073K->476105K(779776K), 0.0112992 secs] [Times: user=0.06 sys=0.00, real=0.01 secs]
2325.749: [GC [PSYoungGen: 52224K->256K(58880K)] 528073K->476105K(779776K), 0.0112992 secs] [Times: user=0.06 sys=0.00, real=0.01 secs]
2325.749: [GC [PSYoungGen: 52224K->256K(58880K)] 528073K->476105K(779776K), 0.0112992 secs] [Times: user=0.06 sys=0.00, real=0.01 secs]
2325.749: [GC [PSYoungGen: 52224K->256K(58880K)] 528073K->476105K(779776K), 0.0112992 secs] [Times: user=0.06 sys=0.00, real=0.01 secs]
2325.749: [GC [PSYoungGen: 52224K->256K(58880K)] 528073K->476105K(779776K), 0.0112992 secs] [Times: user=0.06 sys=0.00, real=0.01 secs]
2325.749: [GC [PSYoungGen: 52224K->256K(58880K)] 528073K->476105K(779776K), 0.0112992 secs] [Times: user=0.06 sys=0.00, real=0.01 secs]
2325.749: [GC [PSYoungGen: 52224K->256K(58880K)] 528073K->476105K(779776K), 0.0112992 secs] [Times: user=0.06 sys=0.00, real=0.01 secs]
2325.749: [GC [PSYoungGen: 52224K->256K(58880K)] 528073K->476105K(779776K), 0.0112992 secs] [Times: user=0.06 sys=0.00, real=0.01 secs]
2325.749: [GC [PSYoungGen: 52224K->256K(58880K)] 528073K->476105K(779776K), 0.0112992 secs] [Times: user=0.06 sys=0.00, real=0.01 secs]
2325.749: [GC [PSYoungGen: 52224K->256K(58880K)] 528073K->476105K(779776K), 0.0112992 secs] [Times: user=0.06 sys=0.00, real=0.01 secs]
2325.749: [GC [PSYoungGen: 52224K->256K(58880K)] 528073K->476105K(779776K), 0.0112992 secs] [Times: user=0.06 sys=0.00, real=0.01 secs]
2325.749: [GC [PSYoungGen: 52224K->256K(58880K)] 528073K->476105K(779776K), 0.0112992 secs] [Times: user=0.06 sys=0.00, real=0.01 secs]
2325.749: [GC [PSYoungGen: 52224K->256K(58880K)] 528073K->476105K(779776K), 0.0112992 secs] [Times: user=0.06 sys=0.00, real=0.01 secs]
2325.749: [GC [PSYoungGen: 52224K->256K(58880K)] 528073K->476105K(779776K), 0.0112992 secs] [Times: user=0.06 sys=0.00, real=0.01 secs]
2325.749: [GC [PSYoungGen: 52224K->256K(58880K)] 528073K->476105K(779776K), 0.0112992 secs] [Times: user=0.06 sys=0.00, real=0.01 secs]
2325.749: [GC [PSYoungGen: 52224K->256K(58880K)] 528073K->476105K(779776K), 0.0112992 secs] [Times: user=0.06 sys=0.00, real=0.01 secs]
2325.749: [GC [PSYoungGen: 52224K->256K(58880K)] 528073K->476105K(779776K), 0.0112992 secs] [Times: user=0.06 sys=0.00, real=0.01 secs]
2325.749: [GC [PSYoungGen: 52224K->256K(58880K)] 528073K->476105K(779776K), 0.0112992 secs] [Times: user=0.06 sys=0.00, real=0.01 secs]
2325.749: [GC [PSYoungGen: 52224K->256K(58880K)] 528073K->476105K(779776K), 0.0112992 secs] [Times: user=0.06 sys=0.00, real=0.01 secs]
2325.749: [GC [PSYoungGen: 52224K->256K(58880K)] 528073K->476105K(779776K), 0.0112992 secs] [Times: user=0.06 sys=0.00, real=0.01 secs]
2325.749: [GC [PSYoungGen: 52224K->256K(58880K)] 528073K->476105K(779776K), 0.0112992 secs] [Times: user=0.06 sys=0.00, real=0.01 secs]
2325.749: [GC [PSYoungGen: 52224K->256K(58880K)] 528073K->476105K(779776K), 0.0112992 secs] [Times: user=0.06 sys=0.00, real=0.01 secs]
2325.749: [GC [PSYoungGen: 52224K->256K(58880K)] 528073K->476105K(779776K), 0.0112992 secs] [Times: user=0.06 sys=0.00, real=0.01 secs]
2325.749: [GC [PSYoungGen: 52224K->256K(58880K)] 528073K->476105K(779776K), 0.0112992 secs] [Times: user=0.06 sys=0.00, real=0.01 secs]
2325.749: [GC [PSYoungGen: 52224K->256K(58880K)] 528073K->476105K(779776K), 0.0112992 secs] [Times: user=0.06 sys=0.00, real=0.01 secs]
2325.749: [GC [PSYoungGen: 52224K->256K(58880K)] 528073K->476105K(779776K), 0.0112992 secs] [Times: user=0.06 sys=0.00, real=0.01 secs]
2325.749: [GC [PSYoungGen: 52224K->256K(58880K)] 528073K->476105K(779776K), 0.0112992 secs] [Times: user=0.06 sys=0.00, real=0.01 secs]
2325.749: [GC [PSYoungGen: 52224K->256K(58880K)] 528073K->476105K(779776K), 0.0112992 secs] [Times: user=0.06 sys=0.00, real=0.01 secs]
2325.749: [GC [PSYoungGen: 52224K->256K(58880K)] 528073K->476105K(779776K), 0.0112992 secs] [Times: user=0.06 sys=0.00, real=0.01 secs]
2325.749: [GC [PSYoungGen: 52224K->256K(58880K)] 528073K->476105K(779776K), 0.0112992 secs] [Times: user=0.06 sys=0.00, real=0.01 secs]
2325.749: [GC [PSYoungGen: 52224K->256K(58880K)] 528073K->476105K(779776K), 0.0112992 secs] [Times: user=0.06 sys=0.00, real=0.01 secs]
2325.749: [GC [PSYoungGen: 52224K->256K(58880K)] 528073K->476105K(779776K), 0.0112992 secs] [Times: user=0.06 sys=0.00, real=0.01 secs]
2325.749: [GC [PSYoungGen: 52224K->256K(58880K)] 528073K->476105K(779776K), 0.0112992 secs] [Times: user=0.06 sys=0.00, real=0.01 secs]
2325.749: [GC [PSYoungGen: 52224K->256K(58880K)] 528073K->476105K(779776K), 0.0112992 secs] [Times: user=0.06 sys=0.00, real=0.01 secs]
2325.749: [GC [PSYoungGen: 52224K->256K(58880K)] 528073K->476105K(779776K), 0.0112992 secs] [Times: user=0.06 sys=0.00, real=0.01 secs]
2325.749: [GC [PSYoungGen: 52224K->256K(58880K)] 528073K->476105K(779776K), 0.0112992 secs] [Times: user=0.06 sys=0.00, real=0.01 secs]
2325.749: [GC [PSYoungGen: 52224K->256K(58880K)] 528073K->476105K(779776K), 0.0112992 secs] [Times: user=0.06 sys=0.00, real=0.01 secs]
2325.749: [GC [PSYoungGen: 52224K->256K(58880K)] 528073K->476105K(779776K), 0.0112992 secs] [Times: user=0.06 sys=0.00, real=0.01 secs]
2325.749: [GC [PSYoungGen: 52224K->256K(58880K)] 528073K->476105K(779776K), 0.0112992 secs] [Times: user=0.06 sys=0.00, real=0.01 secs]
2325.749: [GC [PSYoungGen: 52224K->256K(58880K)] 528073K->476105K(779776K), 0.0112992 secs] [Times: user=0.06 sys=0.00, real=0.01 secs]
2325.749: [GC [PSYoungGen: 52224K->256K(58880K)] 528073K->476105K(779776K), 0.0112992 secs] [Times: user=0.06 sys=0.00, real=0.01 secs]
2325.749: [GC [PSYoungGen: 52224K->256K(58880K)] 528073K->476105K(779776K), 0.0112992 secs] [Times: user=0.06 sys=0.00, real=0.01 secs]
2325.749: [GC [PSYoungGen: 52224K->256K(58880K)] 528073K->476105K(779776K), 0.0112992 secs] [Times: user=0.06 sys=0.00, real=0.01 secs]
2325.749: [GC [PSYoungGen: 52224K->256K(58880K)] 528073K->476105K(779776K), 0.0112992 secs] [Times: user=0.06 sys=0.00, real=0.01 secs]
2325.749: [GC [PSYoungGen: 52224K->256K(58880K)] 528073K->476105K(779776K), 0.0112992 secs] [Times: user=0.06 sys=0.00, real=0.01 secs]
2325.749: [GC [PSYoungGen: 52224K->256K(58880K)] 528073K->476105K(779776K), 0.0112992 secs] [Times: user=0.06 sys=0.00, real=0.01 secs]
2325.749: [GC [PSYoungGen: 52224K->256K(58880K)] 528073K->476105K(779776K), 0.0112992 secs] [Times: user=0.06 sys=0.00, real=0.01 secs]
2325.749: [GC [PSYoungGen: 52224K->256K(58880K)] 528073K->476105K(779776K), 0.0112992 secs] [Times: user=0.06 sys=0.00, real=0.01 secs]
2325.749: [GC [PSYoungGen: 52224K->256K(58880K)] 528073K->476105K(779776K), 0.0112992 secs] [Times: user=0.06 sys=0.00, real=0.01 secs]
2325.749: [GC [PSYoungGen: 52224K->256K(58880K)] 528073K->476105K(779776K), 0.0112992 secs] [Times: user=0.06 sys=0.00, real=0.01 secs]
2325.749: [GC [PSYoungGen: 52224K->256K(58880K)] 528073K->476105K(779776K), 0.0112992 secs] [Times: user=0.06 sys=0.00, real=0.01 secs]
2325.749: [GC [PSYoungGen: 52224K->256K(58880K)] 528073K->476105K(779776K), 0.0112992 secs] [Times: user=0.06 sys=0.00, real=0.01 secs]
2325.749: [GC [PSYoungGen: 52224K->256K(58880K)] 528073K->476105K(779776K), 0.0112992 secs] [Times: user=0.06 sys=0.00, real=0.01 secs]
2325.749: [GC [PSYoungGen: 52224K->256K(58880K)] 528073K->476105K(779776K), 0.0112992 secs] [Times: user=0.06 sys=0.00, real=0.01 secs]
2325.749: [GC [PSYoungGen: 52224K->256K(58880K)] 528073K->476105K(779776K), 0.0112992 secs] [Times: user=0.06 sys=0.00, real=0.01 secs]
2325.749: [GC [PSYoungGen: 52224K->256K(58880K)] 528073K->476105K(779776K), 0.0112992 secs] [Times: user=0.06 sys=0.00, real=0.01 secs]
2325.749: [GC [PSYoungGen: 52224K->256K(58880K)] 528073K->476105K(779776K), 0.0112992 secs] [Times: user=0.06 sys=0.00, real=0.01 secs]
2325.749: [GC [PSYoungGen: 52224K->256K(58880K)] 528073K->476105K(779776K), 0.0112992 secs] [Times: user=0.06 sys=0.00, real=0.01 secs]
2325.749: [GC [PSYoungGen: 52224K->256K(58880K)] 528073K->476105K(779776K), 0.0112992 secs] [Times: user=0.06 sys=0.00, real=0.01 secs]
2325.749: [GC [PSYoungGen: 52224K->256K(58880K)] 528073K->476105K(779776K), 0.0112992 secs] [Times: user=0.06 sys=0.00, real=0.01 secs]
2325.749: [GC [PSYoungGen: 52224K->256K(58880K)] 528073K->476105K(779776K), 0.0112992 secs] [Times: user=0.06 sys=0.00, real=0.01 secs]
2325.749: [GC [PSYoungGen: 52224K->256K(58880K)] 528073K->476105K(779776K), 0.0112992 secs] [Times: user=0.06 sys=0.00, real=0.01 secs]
2325.749: [GC [PSYoungGen: 52224K->256K(58880K)] 528073K->476105K(779776K), 0.0112992 secs] [Times: user=0.06 sys=0.00, real=0.01 secs]
2325.749: [GC [PSYoungGen: 52224K->256K(58880K)] 528073K->476105K(779776K), 0.0112992 secs] [Times: user=0.06 sys=0.00, real=0.01 secs]
2325.749: [GC [PSYoungGen: 52224K->256K(58880K)] 528073K->476105K(779776K), 0.0112992 secs] [Times: user=0.06 sys=0.00, real=0.01 secs]
2325.749: [GC [PSYoungGen: 52224K->256K(58880K)] 528073K->476105K(779776K), 0.0112992 secs] [Times: user=0.06 sys=0.00, real=0.01 secs]
2325.749: [GC [PSYoungGen: 52224K->256K(58880K)] 528073K->476105K(779776K), 0.0112992 secs] [Times: user=0.06 sys=0.00, real=0.01 secs]
2325.749: [GC [PSYoungGen: 52224K->256K(58880K)] 528073K->476105K(779776K), 0.0112992 secs] [Times: user=0.06 sys=0.00, real=0.01 secs]
2325.749: [GC [PSYoungGen: 52224K->256K(58880K)] 528073K->476105K(779776K), 0.0112992 secs] [Times: user=0.06 sys=0.00, real=0.01 secs]
2325.749: [GC [PSYoungGen: 52224K->256K(58880K)] 528073K->476105K(779776K), 0.0112992 secs] [Times: user=0.06 sys=0.00, real=0.01 secs]
2325.749: [GC [PSYoungGen: 52224K->256K(58880K)] 528073K->476105K(779776K), 0.0112992 secs] [Times: user=0.06 sys=0.00, real=0.01 secs]
2325.749: [GC [PSYoungGen: 52224K->256K(58880K)] 528073K->476105K(779776K), 0.0112992 secs] [Times: user=0.06 sys=0.00, real=0.01 secs]
2325.749: [GC [PSYoungGen: 52224K->256K(58880K)] 528073K->476105K(779776K), 0.0112992 secs] [Times: user=0.06 sys=0.00, real=0.01 secs]
2325.749: [GC [PSYoungGen: 52224K->256K(58880K)] 528073K->476105K(779776K), 0.0112992 secs] [Times: user=0.06 sys=0.00, real=0.01 secs]
2325.749: [GC [PSYoungGen: 52224K->256K(58880K)] 528073K->476105K(779776K), 0.0112992 secs] [Times: user=0.06 sys=0.00, real=0.01 secs]
2325.749: [GC [PSYoungGen: 52224K->256K(58880K)] 528073K->476105K(779776K), 0.0112992 secs] [Times: user=0.06 sys=0.00, real=0.01 secs]
2325.749: [GC [PSYoungGen: 52224K->256K(58880K)] 528073K->476105K(779776K), 0.0112992 secs] [Times: user=0.06 sys=0.00, real=0.01 secs]
2325.749: [GC [PSYoungGen: 52224K->256K(58880K)] 528073K->476105K(779776K), 0.0112992 secs] [Times: user=0.06 sys=0.00, real=0.01 secs]
2325.749: [GC [PSYoungGen: 52224K->256K(58880K)] 528073K->476105K(779776K), 0.0112992 secs] [Times: user=0.06 sys=0.00, real=0.01 secs]
2325.749: [GC [PSYoungGen: 52224K->256K(58880K)] 528073K->476105K(779776K), 0.0112992 secs] [Times: user=0.06 sys=0.00, real=0.01 secs]
2325.749: [GC [PSYoungGen: 52224K->256K(58880K)] 528073K->476105K(779776K), 0.0112992 secs] [Times: user=0.06 sys=0.00, real=0.01 secs]
2325.749: [GC [PSYoungGen: 52224K->256K(58880K)] 528073K->476105K(779776K), 0.0112992 secs] [Times: user=0.06 sys=0.00, real=0.01 secs]
2325.749: [GC [PSYoungGen: 52224K->256K(58880K)] 528073K->476105K(779776K), 0.0112992 secs] [Times: user=0.06 sys=0.00, real=0.01 secs]
2325.749: [GC [PSYoungGen: 52224K->256K(58880K)] 528073K->476105K(779776K), 0.0112992 secs] [Times: user=0.06 sys=0.00, real=0.01 secs]
2325.749: [GC [PSYoungGen: 52224K->256K(58880K)] 528073K->476105K(779776K), 0.0112992 secs] [Times: user=0.06 sys=0.00, real=0.01 secs]
2325.749: [GC [PSYoungGen: 52224K->256K(58880K)] 528073K->476105K(779776K), 0.0112992 secs] [Times: user=0.06 sys=0.00, real=0.01 secs]
2325.749: [GC [PSYoungGen: 52224K->256K(58880K)] 528073K->476105K(779776K), 0.0112992 secs] [Times: user=0.06 sys=0.00, real=0.01 secs]
2325.749: [GC [PSYoungGen: 52224K->256K(58880K)] 528073K->476105K(779776K), 0.0112992 secs] [Times: user=0.06 sys=0.00, real=0.01 secs]
2325.749: [GC [PSYoungGen: 52224K->256K(58880K)] 528073K->476105K(779776K), 0.0112992 secs] [Times: user=0.06 sys=0.00, real=0.01 secs]
2325.749: [GC [PSYoungGen: 52224K->256K(58880K)] 528073K->476105K(779776K), 0.0112992 secs] [Times: user=0.06 sys=0.00, real=0.01 secs]
2325.749: [GC [PSYoungGen: 52224K->256K(58880K)] 528073K->476105K(779776K), 0.0112992 secs] [Times: user=0.06 sys=0.00, real=0.01 secs]
2325.749: [GC [PSYoungGen: 52224K->256K(58880K)] 528073K->476105K(779776K), 0.0112992 secs] [Times: user=0.06 sys=0.00, real=0.01 secs]
2325.749: [GC [PSYoungGen: 52224K->256K(58880K)] 528073K->476105K(779776K), 0.0112992 secs] [Times: user=0.06 sys=0.00, real=0.01 secs]
2325.749: [GC [PSYoungGen: 52224K->256K(58880K)] 528073K->476105K(779776K), 0.0112992 secs] [Times: user=0.06 sys=0.00, real=0.01 secs]
2325.749: [GC [PSYoungGen: 52224K->256K(58880K)] 528073K->476105K(779776K), 0.0112992 secs] [Times: user=0.06 sys=0.00, real=0.01 secs]
2325.749: [GC [PSYoungGen: 52224K->256K(58880K)] 528073K->476105K(779776K), 0.0112992 secs] [Times: user=0.06 sys=0.00, real=0.01 secs]
2325.749: [GC [PSYoungGen: 52224K->256K(58880K)] 528073K->476105K(779776K), 0.0112992 secs] [Times: user=0.06 sys=0.00, real=0.01 secs]
2325.749: [GC [PSYoungGen: 52224K->256K(58880K)] 528073K->476105K(779776K), 0.0112992 secs] [Times: user=0.06 sys=0.00, real=0.01 secs]
2325.749: [GC [PSYoungGen: 52224K->256K(58880K)] 528073K->476105K(779776K), 0.0112992 secs] [Times: user=0.06 sys=0.00, real=0.01 secs]
2325.749: [GC [PSYoungGen: 52224K->256K(58880K)] 528073K->476105K(779776K), 0.0112992 secs] [Times: user=0.06 sys=0.00, real=0.01 secs]
2325.749: [GC [PSYoungGen: 52224K->256K(58880K)] 528073K->476105K(779776K), 0.0112992 secs] [Times: user=0.06 sys=0.00, real=0.01 secs]
2325.749: [GC [PSYoungGen: 52224K->256K(58880K)] 528073K->476105K(779776K), 0.0112992 secs] [Times: user=0.06 sys=0.00, real=0.01 secs]
2325.749: [GC [PSYoungGen: 52224K->256K(58880K)] 528073K->476105K(779776K), 0.0112992 secs] [Times: user=0.06 sys=0.00, real=0.01 secs]
2325.749: [GC [PSYoungGen: 52224K->256K(58880K)] 528073K->476105K(779776K), 0.0112992 secs] [Times: user=0.06 sys=0.00, real=0.01 secs]
2325.749: [GC [PSYoungGen: 52224K->256K(58880K)] 528073K->476105K(779776K), 0.0112992 secs] [Times: user=0.06 sys=0.00, real=0.01 secs]
2325.749: [GC [PSYoungGen: 52224K->256K(58880K)] 528073K->476105K(779776K), 0.0112992 secs] [Times: user=0.06 sys=0.00, real=0.01 secs]
2325.749: [GC [PSYoungGen: 52224K->256K(58880K)] 528073K->476105K(779776K), 0.0112992 secs] [Times: user=0.06 sys=0.00, real=0.01 secs]
2325.749: [GC [PSYoungGen: 52224K->256K(58880K)] 528073K->476105K(779776K), 0.0112992 secs] [Times: user=0.06 sys=0.00, real=0.01 secs]
2325.749: [GC [PSYoungGen: 52224K->256K(58880K)] 528073K->476105K(779776K), 0.0112992 secs] [Times: user=0.06 sys=0.00, real=0.01 secs]
2325.749: [GC [PSYoungGen: 52224K->256K(58880K)] 528073K->476105K(779776K), 0.0112992 secs] [Times: user=0.06 sys=0.00, real=0.01 secs]
2325.749: [GC [PSYoungGen: 52224K->256K(58880K)] 528073K->476105K(779776K), 0.0112992 secs] [Times: user=0.06 sys=0.00, real=0.01 secs]
2325.749: [GC [PSYoungGen: 52224K->256K(58880K)] 528073K->476105K(779776K), 0.0112992 secs] [Times: user=0.06 sys=0.00, real=0.01 secs]
2325.749: [GC [PSYoungGen: 52224K->256K(58880K)] 528073K->476105K(779776K), 0.0112992 secs] [Times: user=0.06 sys=0.00, real=0.01 secs]
2325.749: [GC [PSYoungGen: 52224K->256K(58880K)] 528073K->476105K(779776K), 0.0112992 secs] [Times: user=0.06 sys=0.00, real=0.01 secs]
2325.749: [GC [PSYoungGen: 52224K->256K(58880K)] 528073K->476105K(779776K), 0.0112992 secs] [Times: user=0.06 sys=0.00, real=0.01 secs]
2325.749: [GC [PSYoungGen: 52224K->256K(58880K)] 528073K->476105K(779776K), 0.0112992 secs] [Times: user=0.06 sys=0.00, real=0.01 secs]
2325.749: [GC [PSYoungGen: 52224K->256K(58880K)] 528073K->476105K(779776K), 0.0112992 secs] [Times: user=0.06 sys=0.00, real=0.01 secs]
2325.749: [GC [PSYoungGen: 52224K->256K(58880K)] 528073K->476105K(779776K), 0.0112992 secs] [Times: user=0.06 sys=0.00, real=0.01 secs]
2325.749: [GC [PSYoungGen: 52224K->256K(58880K)] 528073K->476105K(779776K), 0.0112992 secs] [Times: user=0.06 sys=0.00, real=0.01 secs]
2325.749: [GC [PSYoungGen: 52224K->256K(58880K)] 528073K->476105K(779776K), 0.0112992 secs] [Times: user=0.06 sys=0.00, real=0.01 secs]
2325.749: [GC [PSYoungGen: 52224K->256K(58880K)] 528073K->476105K(779776K), 0.0112992 secs] [Times: user=0.06 sys=0.00, real=0.01 secs]
2325.749: [GC [PSYoungGen: 52224K->256K(58880K)] 528073K->476105K(779776K), 0.0112992 secs] [Times: user=0.06 sys=0.00, real=0.01 secs]
2325.749: [GC [PSYoungGen: 52224K->256K(58880K)] 528073K->476105K(779776K), 0.0112992 secs] [Times: user=0.06 sys=0.00, real=0.01 secs]
2325.749: [GC [PSYoungGen: 52224K->256K(58880K)] 528073K->476105K(779776K), 0.0112992 secs] [Times: user=0.06 sys=0.00, real=0.01 secs]
2325.749: [GC [PSYoungGen: 52224K->256K(58880K)] 528073K->476105K(779776K), 0.0112992 secs] [Times: user=0.06 sys=0.00, real=0.01 secs]
2325.749: [GC [PSYoungGen: 52224K->256K(58880K)] 528073K->476105K(779776K), 0.0112992 secs] [Times: user=0.06 sys=0.00, real=0.01 secs]
2325.749: [GC [PSYoungGen: 52224K->256K(58880K)] 528073K->476105K(779776K), 0.0112992 secs] [Times: user=0.06 sys=0.00, real=0.01 secs]
2325.749: [GC [PSYoungGen: 52224K->256K(58880K)] 528073K->476105K(779776K), 0.0112992 secs] [Times: user=0.06 sys=0.00, real=0.01 secs]
2325.749: [GC [PSYoungGen: 52224K->256K(58880K)] 528073K->476105K(779776K), 0.0112992 secs] [Times: user=0.06 sys=0.00, real=0.01 secs]
2325.749: [GC [PSYoungGen: 52224K->256K(58880K)] 528073K->476105K(779776K), 0.0112992 secs] [Times: user=0.06 sys=0.00, real=0.01 secs]
2325.749: [GC [PSYoungGen: 52224K->256K(58880K)] 528073K->476105K(779776K), 0.0112992 secs] [Times: user=0.06 sys=0.00, real=0.01 secs]
2325.749: [GC [PSYoungGen: 52224K->256K(58880K)] 528073K->476105K(779776K), 0.0112992 secs] [Times: user=0.06 sys=0.00, real=0.01 secs]
2325.749: [GC [PSYoungGen: 52224K->256K(58880K)] 528073K->476105K(779776K), 0.0112992 secs] [Times: user=0.06 sys=0.00, real=0.01 secs]
2325.749: [GC [PSYoungGen: 52224K->256K(58880K)] 528073K->476105K(779776K), 0.0112992 secs] [Times: user=0.06 sys=0.00, real=0.01 secs]
2325.749: [GC [PSYoungGen: 52224K->256K(58880K)] 528073K->476105K(779776K), 0.0112992 secs] [Times: user=0.06 sys=0.00, real=0.01 secs]
2325.749: [GC [PSYoungGen: 52224K->256K(58880K)] 528073K->476105K(779776K), 0.0112992 secs] [Times: user=0.06 sys=0.00, real=0.01 secs]
2325.749: [GC [PSYoungGen: 52224K->256K(58880K)] 528073K->476105K(779776K), 0.0112992 secs] [Times: user=0.06 sys=0.00, real=0.01 secs]
2325.749: [GC [PSYoungGen: 52224K->256K(58880K)] 528073K->476105K(779776K), 0.0112992 secs] [Times: user=0.06 sys=0.00, real=0.01 secs]
2325.749: [GC [PSYoungGen: 52224K->256K(58880K)] 528073K->476105K(779776K), 0.0112992 secs] [Times: user=0.06 sys=0.00, real=0.01 secs]
2325.749: [GC [PSYoungGen: 52224K->256K(58880K)] 528073K->476105K(779776K), 0.0112992 secs] [Times: user=0.06 sys=0.00, real=0.01 secs]
2325.749: [GC [PSYoungGen: 52224K->256K(58880K)] 528073K->476105K(779776K), 0.0112992 secs] [Times: user=0.06 sys=0.00, real=0.01 secs]
2325.749: [GC [PSYoungGen: 52224K->256K(58880K)] 528073K->476105K(779776K), 0.0112992 secs] [Times: user=0.06 sys=0.00, real=0.01 secs]
2325.749: [GC [PSYoungGen: 52224K->256K(58880K)] 528073K->476105K(779776K), 0.0112992 secs] [Times: user=0.06 sys=0.00, real=0.01 secs]
2325.749: [GC [PSYoungGen: 52224K->256K(58880K)] 528073K->476105K(779776K), 0.0112992 secs] [Times: user=0.06 sys=0.00, real=0.01 secs]
2325.749: [GC [PSYoungGen: 52224K->256K(58880K)] 528073K->476105K(779776K), 0.0112992 secs] [Times: user=0.06 sys=0.00, real=0.01 secs]
2325.749: [GC [PSYoungGen: 52224K->256K(58880K)] 528073K->476105K(779776K), 0.0112992 secs] [Times: user=0.06 sys=0.00, real=0.01 secs]
2325.749: [GC [PSYoungGen: 52224K->256K(58880K)] 528073K->476105K(779776K), 0.0112992 secs] [Times: user=0.06 sys=0.00, real=0.01 secs]
2325.749: [GC [PSYoungGen: 52224K->256K(58880K)] 528073K->476105K(779776K), 0.0112992 secs] [Times: user=0.06 sys=0.00, real=0.01 secs]
2325.749: [GC [PSYoungGen: 52224K->256K(58880K)] 528073K->476105K(779776K), 0.0112992 secs] [Times: user=0.06 sys=0.00, real=0.01 secs]
2325.749: [GC [PSYoungGen: 52224K->256K(58880K)] 528073K->476105K(779776K), 0.0112992 secs] [Times: user=0.06 sys=0.00, real=0.01 secs]
2325.749: [GC [PSYoungGen: 52224K->256K(58880K)] 528073K->476105K(779776K), 0.0112992 secs] [Times: user=0.06 sys=0.00, real=0.01 secs]
2325.749: [GC [PSYoungGen: 52224K->256K(58880K)] 528073K->476105K(779776K), 0.0112992 secs] [Times: user=0.06 sys=0.00, real=0.01 secs]
2325.749: [GC [PSYoungGen: 52224K->256K(58880K)] 528073K->476105K(779776K), 0.0112992 secs] [Times: user=0.06 sys=0.00, real=0.01 secs]
2325.749: [GC [PSYoungGen: 52224K->256K(58880K)] 528073K->476105K(779776K), 0.0112992 secs] [Times: user=0.06 sys=0.00, real=0.01 secs]
2325.749: [GC [PSYoungGen: 52224K->256K(58880K)] 528073K->476105K(779776K), 0.0112992 secs] [Times: user=0.06 sys=0.00, real=0.01 secs]
2325.749: [GC [PSYoungGen: 52224K->256K(58880K)] 528073K->476105K(779776K), 0.0112992 secs] [Times: user=0.06 sys=0.00, real=0.01 secs]
2325.749: [GC [PSYoungGen: 52224K->256K(58880K)] 528073K->476105K(779776K), 0.0112992 secs] [Times: user=0.06 sys=0.00, real=0.01 secs]
2325.749: [GC [PSYoungGen: 52224K->256K(58880K)] 528073K->476105K(779776K), 0.0112992 secs] [Times: user=0.06 sys=0.00, real=0.01 secs]
2325.749: [GC [PSYoungGen: 52224K->256K(58880K)] 528073K->476105K(779776K), 0.0112992 secs] [Times: user=0.06 sys=0.00, real=0.01 secs]
2325.749: [GC [PSYoungGen: 52224K->256K(58880K)] 528073K->476105K(779776K), 0.0112992 secs] [Times: user=0.06 sys=0.00, real=0.01 secs]
2325.749: [GC [PSYoungGen: 52224K->256K(58880K)] 528073K->476105K(779776K), 0.0112992 secs] [Times: user=0.06 sys=0.00, real=0.01 secs]
2325.749: [GC [PSYoungGen: 52224K->256K(58880K)] 528073K->476105K(779776K), 0.0112992 secs] [Times: user=0.06 sys=0.00, real=0.01 secs]
2325.749: [GC [PSYoungGen: 52224K->256K(58880K)] 528073K->476105K(779776K), 0.0112992 secs] [Times: user=0.06 sys=0.00, real=0.01 secs]
2325.749: [GC [PSYoungGen: 52224K->256K(58880K)] 528073K->476105K(779776K), 0.0112992 secs] [Times: user=0.06 sys=0.00, real=0.01 secs]
2325.749: [GC [PSYoungGen: 52224K->256K(58880K)] 528073K->476105K(779776K), 0.0112992 secs] [Times: user=0.06 sys=0.00, real=0.01 secs]
2325.749: [GC [PSYoungGen: 52224K->256K(58880K)] 528073K->476105K(779776K), 0.0112992 secs] [Times: user=0.06 sys=0.00, real=0.01 secs]
2325.749: [GC [PSYoungGen: 52224K->256K(58880K)] 528073K->476105K(779776K), 0.0112992 secs] [Times: user=0.06 sys=0.00, real=0.01 secs]
2325.749: [GC [PSYoungGen: 52224K->256K(58880K)] 528073K->476105K(779776K), 0.0112992 secs] [Times: user=0.06 sys=0.00, real=0.01 secs]
2325.749: [GC [PSYoungGen: 52224K->256K(58880K)] 528073K->476105K(779776K), 0.0112992 secs] [Times: user=0.06 sys=0.00, real=0.01 secs]
2325.749: [GC [PSYoungGen: 52224K->256K(58880K)] 528073K->476105K(779776K), 0.0112992 secs] [Times: user=0.06 sys=0.00, real=0.01 secs]
2325.749: [GC [PSYoungGen: 52224K->256K(58880K)] 528073K->476105K(779776K), 0.0112992 secs] [Times: user=0.06 sys=0.00, real=0.01 secs]
2325.749: [GC [PSYoungGen: 52224K->256K(58880K)] 528073K->476105K(779776K), 0.0112992 secs] [Times: user=0.06 sys=0.00, real=0.01 secs]
2325.749: [GC [PSYoungGen: 52224K->256K(58880K)] 528073K->476105K(779776K), 0.0112992 secs] [Times: user=0.06 sys=0.00, real=0.01 secs]
2325.749: [GC [PSYoungGen: 52224K->256K(58880K)] 528073K->476105K(779776K), 0.0112992 secs] [Times: user=0.06 sys=0.00, real=0.01 secs]
2325.749: [GC [PSYoungGen: 52224K->256K(58880K)] 528073K->476105K(779776K), 0.0112992 secs] [Times: user=0.06 sys=0.00, real=0.01 secs]
2325.749: [GC [PSYoungGen: 52224K->256K(58880K)] 528073K->476105K(779776K), 0.0112992 secs] [Times: user=0.06 sys=0.00, real=0.01 secs]
2325.749: [GC [PSYoungGen: 52224K->256K(58880K)] 528073K->476105K(779776K), 0.0112992 secs] [Times: user=0.06 sys=0.00, real=0.01 secs]
2325.749: [GC [PSYoungGen: 52224K->256K(58880K)] 528073K->476105K(779776K), 0.0112992 secs] [Times: user=0.06 sys=0.00, real=0.01 secs]
2325.749: [GC [PSYoungGen: 52224K->256K(58880K)] 528073K->476105K(779776K), 0.0112992 secs] [Times: user=0.06 sys=0.00, real=0.01 secs]
2325.749: [GC [PSYoungGen: 52224K->256K(58880K)] 528073K->476105K(779776K), 0.0112992 secs] [Times: user=0.06 sys=0.00, real=0.01 secs]
2325.749: [GC [PSYoungGen: 52224K->256K(58880K)] 528073K->476105K(779776K), 0.0112992 secs] [Times: user=0.06 sys=0.00, real=0.01 secs]
2325.749: [GC [PSYoungGen: 52224K->256K(58880K)] 528073K->476105K(779776K), 0.0112992 secs] [Times: user=0.06 sys=0.00, real=0.01 secs]
2325.749: [GC [PSYoungGen: 52224K->256K(58880K)] 528073K->476105K(779776K), 0.0112992 secs] [Times: user=0.06 sys=0.00, real=0.01 secs]
2325.749: [GC [PSYoungGen: 52224K->256K(58880K)] 528073K->476105K(779776K), 0.0112992 secs] [Times: user=0.06 sys=0.00, real=0.01 secs]
2325.749: [GC [PSYoungGen: 52224K->256K(58880K)] 528073K->476105K(779776K), 0.0112992 secs] [Times: user=0.06 sys=0.00, real=0.01 secs]
2325.749: [GC [PSYoungGen: 52224K->256K(58880K)] 528073K->476105K(779776K), 0.0112992 secs] [Times: user=0.06 sys=0.00, real=0.01 secs]
2325.749: [GC [PSYoungGen: 52224K->256K(58880K)] 528073K->476105K(779776K), 0.0112992 secs] [Times: user=0.06 sys=0.00, real=0.01 secs]
2325.749: [GC [PSYoungGen: 52224K->256K(58880K)] 528073K->476105K(779776K), 0.0112992 secs] [Times: user=0.06 sys=0.00, real=0.01 secs]
2325.749: [GC [PSYoungGen: 52224K->256K(58880K)] 528073K->476105K(779776K), 0.0112992 secs] [Times: user=0.06 sys=0.00, real=0.01 secs]
2325.749: [GC [PSYoungGen: 52224K->256K(58880K)] 528073K->476105K(779776K), 0.0112992 secs] [Times: user=0.06 sys=0.00, real=0.01 secs]
2325.749: [GC [PSYoungGen: 52224K->256K(58880K)] 528073K->476105K(779776K), 0.0112992 secs] [Times: user=0.06 sys=0.00, real=0.01 secs]
2325.749: [GC [PSYoungGen: 52224K->256K(58880K)] 528073K->476105K(779776K), 0.0112992 secs] [Times: user=0.06 sys=0.00, real=0.01 secs]
2325.749: [GC [PSYoungGen: 52224K->256K(58880K)] 528073K->476105K(779776K), 0.0112992 secs] [Times: user=0.06 sys=0.00, real=0.01 secs]
2325.749: [GC [PSYoungGen: 52224K->256K(58880K)] 528073K->476105K(779776K), 0.0112992 secs] [Times: user=0.06 sys=0.00, real=0.01 secs]
2325.749: [GC [PSYoungGen: 52224K->256K(58880K)] 528073K->476105K(779776K), 0.0112992 secs] [Times: user=0.06 sys=0.00, real=0.01 secs]
2325.749: [GC [PSYoungGen: 52224K->256K(58880K)] 528073K->476105K(779776K), 0.0112992 secs] [Times: user=0.06 sys=0.00, real=0.01 secs]
2325.749: [GC [PSYoungGen: 52224K->256K(58880K)] 528073K->476105K(779776K), 0.0112992 secs] [Times: user=0.06 sys=0.00, real=0.01 secs]
2325.749: [GC [PSYoungGen: 52224K->256K(58880K)] 528073K->476105K(779776K), 0.0112992 secs] [Times: user=0.06 sys=0.00, real=0.01 secs]
2325.749: [GC [PSYoungGen: 52224K->256K(58880K)] 528073K->476105K(779776K), 0.0112992 secs] [Times: user=0.06 sys=0.00, real=0.01 secs]
2325.749: [GC [PSYoungGen: 52224K->256K(58880K)] 528073K->476105K(779776K), 0.0112992 secs] [Times: user=0.06 sys=0.00, real=0.01 secs]
2325.749: [GC [PSYoungGen: 52224K->256K(58880K)] 528073K->476105K(779776K), 0.0112992 secs] [Times: user=0.06 sys=0.00, real=0.01 secs]
2325.749: [GC [PSYoungGen: 52224K->256K(58880K)] 528073K->476105K(779776K), 0.0112992 secs] [Times: user=0.06 sys=0.00, real=0.01 secs]
2325.749: [GC [PSYoungGen: 52224K->256K(58880K)] 528073K->476105K(779776K), 0.0112992 secs] [Times: user=0.06 sys=0.00, real=0.01 secs]
2325.749: [GC [PSYoungGen: 52224K->256K(58880K)] 528073K->476105K(779776K), 0.0112992 secs] [Times: user=0.06 sys=0.00, real=0.01 secs]
2325.749: [GC [PSYoungGen: 52224K->256K(58880K)] 528073K->476105K(779776K), 0.0112992 secs] [Times: user=0.06 sys=0.00, real=0.01 secs]
2325.749: [GC [PSYoungGen: 52224K->256K(58880K)] 528073K->476105K(779776K), 0.0112992 secs] [Times: user=0.06 sys=0.00, real=0.01 secs]
2325.749: [GC [PSYoungGen: 52224K->256K(58880K)] 528073K->476105K(779776K), 0.0112992 secs] [Times: user=0.06 sys=0.00, real=0.01 secs]
2325.749: [GC [PSYoungGen: 52224K->256K(58880K)] 528073K->476105K(779776K), 0.0112992 secs] [Times: user=0.06 sys=0.00, real=0.01 secs]
2325.749: [GC [PSYoungGen: 52224K->256K(58880K)] 528073K->476105K(779776K), 0.0112992 secs] [Times: user=0.06 sys=0.00, real=0.01 secs]
2325.749: [GC [PSYoungGen: 52224K->256K(58880K)] 528073K->476105K(779776K), 0.0112992 secs] [Times: user=0.06 sys=0.00, real=0.01 secs]
2325.749: [GC [PSYoungGen: 52224K->256K(58880K)] 528073K->476105K(779776K), 0.0112992 secs] [Times: user=0.06 sys=0.00, real=0.01 secs]
2325.749: [GC [PSYoungGen: 52224K->256K(58880K)] 528073K->476105K(779776K), 0.0112992 secs] [Times: user=0.06 sys=0.00, real=0.01 secs]
2325.749: [GC [PSYoungGen: 52224K->256K(58880K)] 528073K->476105K(779776K), 0.0112992 secs] [Times: user=0.06 sys=0.00, real=0.01 secs]
2325.749: [GC [PSYoungGen: 52224K->256K(58880K)] 528073K->476105K(779776K), 0.0112992 secs] [Times: user=0.06 sys=0.00, real=0.01 secs]
2325.749: [GC [PSYoungGen: 52224K->256K(58880K)] 528073K->476105K(779776K), 0.0112992 secs] [Times: user=0.06 sys=0.00, real=0.01 secs]
2325.749: [GC [PSYoungGen: 52224K->256K(58880K)] 528073K->476105K(779776K), 0.0112992 secs] [Times: user=0.06 sys=0.00, real=0.01 secs]
2325.749: [GC [PSYoungGen: 52224K->256K(58880K)] 528073K->476105K(779776K), 0.0112992 secs] [Times: user=0.06 sys=0.00, real=0.01 secs]
2325.749: [GC [PSYoungGen: 52224K->256K(58880K)] 528073K->476105K(779776K), 0.0112992 secs] [Times: user=0.06 sys=0.00, real=0.01 secs]
2325.749: [GC [PSYoungGen: 52224K->256K(58880K)] 528073K->476105K(779776K), 0.0112992 secs] [Times: user=0.06 sys=0.00, real=0.01 secs]
2325.749: [GC [PSYoungGen: 52224K->256K(58880K)] 528073K->476105K(779776K), 0.0112992 secs] [Times: user=0.06 sys=0.00, real=0.01 secs]
2325.749: [GC [PSYoungGen: 52224K->256K(58880K)] 528073K->476105K(779776K), 0.0112992 secs] [Times: user=0.06 sys=0.00, real=0.01 secs]
2325.749: [GC [PSYoungGen: 52224K->256K(58880K)] 528073K->476105K(779776K), 0.0112992 secs] [Times: user=0.06 sys=0.00, real=0.01 secs]
2325.749: [GC [PSYoungGen: 52224K->256K(58880K)] 528073K->476105K(779776K), 0.0112992 secs] [Times: user=0.06 sys=0.00, real=0.01 secs]
2325.749: [GC [PSYoungGen: 52224K->256K(58880K)] 528073K->476105K(779776K), 0.0112992 secs] [Times: user=0.06 sys=0.00, real=0.01 secs]
2325.749: [GC [PSYoungGen: 52224K->256K(58880K)] 528073K->476105K(779776K), 0.0112992 secs] [Times: user=0.06 sys=0.00, real=0.01 secs]
2325.749: [GC [PSYoungGen: 52224K->256K(58880K)] 528073K->476105K(779776K), 0.0112992 secs] [Times: user=0.06 sys=0.00, real=0.01 secs]
2325.749: [GC [PSYoungGen: 52224K->256K(58880K)] 528073K->476105K(779776K), 0.0112992 secs] [Times: user=0.06 sys=0.00, real=0.01 secs]
2325.749: [GC [PSYoungGen: 52224K->256K(58880K)] 528073K->476105K(779776K), 0.0112992 secs] [Times: user=0.06 sys=0.00, real=0.01 secs]
2325.749: [GC [PSYoungGen: 52224K->256K(58880K)] 528073K->476105K(779776K), 0.0112992 secs] [Times: user=0.06 sys=0.00, real=0.01 secs]
2325.749: [GC [PSYoungGen: 52224K->256K(58880K)] 528073K->476105K(779776K), 0.0112992 secs] [Times: user=0.06 sys=0.00, real=0.01 secs]
2325.749: [GC [PSYoungGen: 52224K->256K(58880K)] 528073K->476105K(779776K), 0.0112992 secs] [Times: user=0.06 sys=0.00, real=0.01 secs]
2325.749: [GC [PSYoungGen: 52224K->256K(58880K)] 528073K->476105K(779776K), 0.0112992 secs] [Times: user=0.06 sys=0.00, real=0.01 secs]
2325.749: [GC [PSYoungGen: 52224K->256K(58880K)] 528073K->476105K(779776K), 0.0112992 secs] [Times: user=0.06 sys=0.00, real=0.01 secs]
2325.749: [GC [PSYoungGen: 52224K->256K(58880K)] 528073K->476105K(779776K), 0.0112992 secs] [Times: user=0.06 sys=0.00, real=0.01 secs]
2325.749: [GC [PSYoungGen: 52224K->256K(58880K)] 528073K->476105K(779776K), 0.0112992 secs] [Times: user=0.06 sys=0.00, real=0.01 secs]
2325.749: [GC [PSYoungGen: 52224K->256K(58880K)] 528073K->476105K(779776K), 0.0112992 secs] [Times: user=0.06 sys=0.00, real=0.01 secs]
2325.749: [GC [PSYoungGen: 52224K->256K(58880K)] 528073K->476105K(779776K), 0.0112992 secs] [Times: user=0.06 sys=0.00, real=0.01 secs]
2325.749: [GC [PSYoungGen: 52224K->256K(58880K)] 528073K->476105K(779776K), 0.0112992 secs] [Times: user=0.06 sys=0.00, real=0.01 secs]
2325.749: [GC [PSYoungGen: 52224K->256K(58880K)] 528073K->476105K(779776K), 0.0112992 secs] [Times: user=0.06 sys=0.00, real=0.01 secs]
2325.749: [GC [PSYoungGen: 52224K->256K(58880K)] 528073K->476105K(779776K), 0.0112992 secs] [Times: user=0.06 sys=0.00, real=0.01 secs]
2325.749: [GC [PSYoungGen: 52224K->256K(58880K)] 528073K->476105K(779776K), 0.0112992 secs] [Times: user=0.06 sys=0.00, real=0.01 secs]
2325.749: [GC [PSYoungGen: 52224K->256K(58880K)] 528073K->476105K(779776K), 0.0112992 secs] [Times: user=0.06 sys=0.00, real=0.01 secs]
2325.749: [GC [PSYoungGen: 52224K->256K(58880K)] 528073K->476105K(779776K), 0.0112992 secs] [Times: user=0.06 sys=0.00, real=0.01 secs]
2325.749: [GC [PSYoungGen: 52224K->256K(58880K)] 528073K->476105K(779776K), 0.0112992 secs] [Times: user=0.06 sys=0.00, real=0.01 secs]
2325.749: [GC [PSYoungGen: 52224K->256K(58880K)] 528073K->476105K(779776K), 0.0112992 secs] [Times: user=0.06 sys=0.00, real=0.01 secs]
2325.749: [GC [PSYoungGen: 52224K->256K(58880K)] 528073K->476105K(779776K), 0.0112992 secs] [Times: user=0.06 sys=0.00, real=0.01 secs]
2325.749: [GC [PSYoungGen: 52224K->256K(58880K)] 528073K->476105K(779776K), 0.0112992 secs] [Times: user=0.06 sys=0.00, real=0.01 secs]
2325.749: [GC [PSYoungGen: 52224K->256K(58880K)] 528073K->476105K(779776K), 0.0112992 secs] [Times: user=0.06 sys=0.00, real=0.01 secs]
2325.749: [GC [PSYoungGen: 52224K->256K(58880K)] 528073K->476105K(779776K), 0.0112992 secs] [Times: user=0.06 sys=0.00, real=0.01 secs]
2325.749: [GC [PSYoungGen: 52224K->256K(58880K)] 528073K->476105K(779776K), 0.0112992 secs] [Times: user=0.06 sys=0.00, real=0.01 secs]
2325.749: [GC [PSYoungGen: 52224K->256K(58880K)] 528073K->476105K(779776K), 0.0112992 secs] [Times: user=0.06 sys=0.00, real=0.01 secs]
2325.749: [GC [PSYoungGen: 52224K->256K(58880K)] 528073K->476105K(779776K), 0.0112992 secs] [Times: user=0.06 sys=0.00, real=0.01 secs]
2325.749: [GC [PSYoungGen: 52224K->256K(58880K)] 528073K->476105K(779776K), 0.0112992 secs] [Times: user=0.06 sys=0.00, real=0.01 secs]
2325.749: [GC [PSYoungGen: 52224K->256K(58880K)] 528073K->476105K(779776K), 0.0112992 secs] [Times: user=0.06 sys=0.00, real=0.01 secs]
2325.749: [GC [PSYoungGen: 52224K->256K(58880K)] 528073K->476105K(779776K), 0.0112992 secs] [Times: user=0.06 sys=0.00, real=0.01 secs]
2325.749: [GC [PSYoungGen: 52224K->256K(58880K)] 528073K->476105K(779776K), 0.0112992 secs] [Times: user=0.06 sys=0.00, real=0.01 secs]
2325.749: [GC [PSYoungGen: 52224K->256K(58880K)] 528073K->476105K(779776K), 0.0112992 secs] [Times: user=0.06 sys=0.00, real=0.01 secs]
2325.749: [GC [PSYoungGen: 52224K->256K(58880K)] 528073K->476105K(779776K), 0.0112992 secs] [Times: user=0.06 sys=0.00, real=0.01 secs]
2325.749: [GC [PSYoungGen: 52224K->256K(58880K)] 528073K->476105K(779776K), 0.0112992 secs] [Times: user=0.06 sys=0.00, real=0.01 secs]
2325.749: [GC [PSYoungGen: 52224K->256K(58880K)] 528073K->476105K(779776K), 0.0112992 secs] [Times: user=0.06 sys=0.00, real=0.01 secs]
2325.749: [GC [PSYoungGen: 52224K->256K(58880K)] 528073K->476105K(779776K), 0.0112992 secs] [Times: user=0.06 sys=0.00, real=0.01 secs]
2325.749: [GC [PSYoungGen: 52224K->256K(58880K)] 528073K->476105K(779776K), 0.0112992 secs] [Times: user=0.06 sys=0.00, real=0.01 secs]
2325.749: [GC [PSYoungGen: 52224K->256K(58880K)] 528073K->476105K(779776K), 0.0112992 secs] [Times: user=0.06 sys=0.00, real=0.01 secs]
2325.749: [GC [PSYoungGen: 52224K->256K(58880K)] 528073K->476105K(779776K), 0.0112992 secs] [Times: user=0.06 sys=0.00, real=0.01 secs]
2325.749: [GC [PSYoungGen: 52224K->256K(58880K)] 528073K->476105K(779776K), 0.0112992 secs] [Times: user=0.06 sys=0.00, real=0.01 secs]
2325.749: [GC [PSYoungGen: 52224K->256K(58880K)] 528073K->476105K(779776K), 0.0112992 secs] [Times: user=0.06 sys=0.00, real=0.01 secs]
2325.749: [GC [PSYoungGen: 52224K->256K(58880K)] 528073K->476105K(779776K), 0.0112992 secs] [Times: user=0.06 sys=0.00, real=0.01 secs]
2325.749: [GC [PSYoungGen: 52224K->256K(58880K)] 528073K->476105K(779776K), 0.0112992 secs] [Times: user=0.06 sys=0.00, real=0.01 secs]
2325.749: [GC [PSYoungGen: 52224K->256K(58880K)] 528073K->476105K(779776K), 0.0112992 secs] [Times: user=0.06 sys=0.00, real=0.01 secs]
2325.749: [GC [PSYoungGen: 52224K->256K(58880K)] 528073K->476105K(779776K), 0.0112992 secs] [Times: user=0.06 sys=0.00, real=0.01 secs]
2325.749: [GC [PSYoungGen: 52224K->256K(58880K)] 528073K->476105K(779776K), 0.0112992 secs] [Times: user=0.06 sys=0.00, real=0.01 secs]
2325.749: [GC [PSYoungGen: 52224K->256K(58880K)] 528073K->476105K(779776K), 0.0112992 secs] [Times: user=0.06 sys=0.00, real=0.01 secs]
2325.749: [GC [PSYoungGen: 52224K->256K(58880K)] 528073K->476105K(779776K), 0.0112992 secs] [Times: user=0.06 sys=0.00, real=0.01 secs]
2325.749: [GC [PSYoungGen: 52224K->256K(58880K)] 528073K->476105K(779776K), 0.0112992 secs] [Times: user=0.06 sys=0.00, real=0.01 secs]
2325.749: [GC [PSYoungGen: 52224K->256K(58880K)] 528073K->476105K(779776K), 0.0112992 secs] [Times: user=0.06 sys=0.00, real=0.01 secs]
2325.749: [GC [PSYoungGen: 52224K->256K(58880K)] 528073K->476105K(779776K), 0.0112992 secs] [Times: user=0.06 sys=0.00, real=0.01 secs]
2325.749: [GC [PSYoungGen: 52224K->256K(58880K)] 528073K->476105K(779776K), 0.0112992 secs] [Times: user=0.06 sys=0.00, real=0.01 secs]
2325.749: [GC [PSYoungGen: 52224K->256K(58880K)] 528073K->476105K(779776K), 0.0112992 secs] [Times: user=0.06 sys=0.00, real=0.01 secs]
2325.749: [GC [PSYoungGen: 52224K->256K(58880K)] 528073K->476105K(779776K), 0.0112992 secs] [Times: user=0.06 sys=0.00, real=0.01 secs]
2325.749: [GC [PSYoungGen: 52224K->256K(58880K)] 528073K->476105K(779776K), 0.0112992 secs] [Times: user=0.06 sys=0.00, real=0.01 secs]
2325.749: [GC [PSYoungGen: 52224K->256K(58880K)] 528073K->476105K(779776K), 0.0112992 secs] [Times: user=0.06 sys=0.00, real=0.01 secs]
2325.749: [GC [PSYoungGen: 52224K->256K(58880K)] 528073K->476105K(779776K), 0.0112992 secs] [Times: user=0.06 sys=0.00, real=0.01 secs]
2325.749: [GC [PSYoungGen: 52224K->256K(58880K)] 528073K->476105K(779776K), 0.0112992 secs] [Times: user=0.06 sys=0.00, real=0.01 secs]
2325.749: [GC [PSYoungGen: 52224K->256K(58880K)] 528073K->476105K(779776K), 0.0112992 secs] [Times: user=0.06 sys=0.00, real=0.01 secs]
2325.749: [GC [PSYoungGen: 52224K->256K(58880K)] 528073K->476105K(779776K), 0.0112992 secs] [Times: user=0.06 sys=0.00, real=0.01 secs]
2325.749: [GC [PSYoungGen: 52224K->256K(58880K)] 528073K->476105K(779776K), 0.0112992 secs] [Times: user=0.06 sys=0.00, real=0.01 secs]
2325.749: [GC [PSYoungGen: 52224K->256K(58880K)] 528073K->476105K(779776K), 0.0112992 secs] [Times: user=0.06 sys=0.00, real=0.01 secs]
2325.749: [GC [PSYoungGen: 52224K->256K(58880K)] 528073K->476105K(779776K), 0.0112992 secs] [Times: user=0.06 sys=0.00, real=0.01 secs]
2325.749: [GC [PSYoungGen: 52224K->256K(58880K)] 528073K->476105K(779776K), 0.0112992 secs] [Times: user=0.06 sys=0.00, real=0.01 secs]
2325.749: [GC [PSYoungGen: 52224K->256K(58880K)] 528073K->476105K(779776K), 0.0112992 secs] [Times: user=0.06 sys=0.00, real=0.01 secs]
2325.749: [GC [PSYoungGen: 52224K->256K(58880K)] 528073K->476105K(779776K), 0.0112992 secs] [Times: user=0.06 sys=0.00, real=0.01 secs]
2325.749: [GC [PSYoungGen: 52224K->256K(58880K)] 528073K->476105K(779776K), 0.0112992 secs] [Times: user=0.06 sys=0.00, real=0.01 secs]
2325.749: [GC [PSYoungGen: 52224K->256K(58880K)] 528073K->476105K(779776K), 0.0112992 secs] [Times: user=0.06 sys=0.00, real=0.01 secs]
2325.749: [GC [PSYoungGen: 52224K->256K(58880K)] 528073K->476105K(779776K), 0.0112992 secs] [Times: user=0.06 sys=0.00, real=0.01 secs]
2325.749: [GC [PSYoungGen: 52224K->256K(58880K)] 528073K->476105K(779776K), 0.0112992 secs] [Times: user=0.06 sys=0.00, real=0.01 secs]
2325.749: [GC [PSYoungGen: 52224K->256K(58880K)] 528073K->476105K(779776K), 0.0112992 secs] [Times: user=0.06 sys=0.00, real=0.01 secs]
2325.749: [GC [PSYoungGen: 52224K->256K(58880K)] 528073K->476105K(779776K), 0.0112992 secs] [Times: user=0.06 sys=0.00, real=0.01 secs]
2325.749: [GC [PSYoungGen: 52224K->256K(58880K)] 528073K->476105K(779776K), 0.0112992 secs] [Times: user=0.06 sys=0.00, real=0.01 secs]
2325.749: [GC [PSYoungGen: 52224K->256K(58880K)] 528073K->476105K(779776K), 0.0112992 secs] [Times: user=0.06 sys=0.00, real=0.01 secs]
2325.749: [GC [PSYoungGen: 52224K->256K(58880K)] 528073K->476105K(779776K), 0.0112992 secs] [Times: user=0.06 sys=0.00, real=0.01 secs]
2325.749: [GC [PSYoungGen: 52224K->256K(58880K)] 528073K->476105K(779776K), 0.0112992 secs] [Times: user=0.06 sys=0.00, real=0.01 secs]
2325.749: [GC [PSYoungGen: 52224K->256K(58880K)] 528073K->476105K(779776K), 0.0112992 secs] [Times: user=0.06 sys=0.00, real=0.01 secs]
2325.749: [GC [PSYoungGen: 52224K->256K(58880K)] 528073K->476105K(779776K), 0.0112992 secs] [Times: user=0.06 sys=0.00, real=0.01 secs]
2325.749: [GC [PSYoungGen: 52224K->256K(58880K)] 528073K->476105K(779776K), 0.0112992 secs] [Times: user=0.06 sys=0.00, real=0.01 secs]
2325.749: [GC [PSYoungGen: 52224K->256K(58880K)] 528073K->476105K(779776K), 0.0112992 secs] [Times: user=0.06 sys=0.00, real=0.01 secs]
2325.749: [GC [PSYoungGen: 52224K->256K(58880K)] 528073K->476105K(779776K), 0.0112992 secs] [Times: user=0.06 sys=0.00, real=0.01 secs]
2325.749: [GC [PSYoungGen: 52224K->256K(58880K)] 528073K->476105K(779776K), 0.0112992 secs] [Times: user=0.06 sys=0.00, real=0.01 secs]
2325.749: [GC [PSYoungGen: 52224K->256K(58880K)] 528073K->476105K(779776K), 0.0112992 secs] [Times: user=0.06 sys=0.00, real=0.01 secs]
2325.749: [GC [PSYoungGen: 52224K->256K(58880K)] 528073K->476105K(779776K), 0.0112992 secs] [Times: user=0.06 sys=0.00, real=0.01 secs]
2325.749: [GC [PSYoungGen: 52224K->256K(58880K)] 528073K->476105K(779776K), 0.0112992 secs] [Times: user=0.06 sys=0.00, real=0.01 secs]
2325.749: [GC [PSYoungGen: 52224K->256K(58880K)] 528073K->476105K(779776K), 0.0112992 secs] [Times: user=0.06 sys=0.00, real=0.01 secs]
2325.749: [GC [PSYoungGen: 52224K->256K(58880K)] 528073K->476105K(779776K), 0.0112992 secs] [Times: user=0.06 sys=0.00, real=0.01 secs]
2325.749: [GC [PSYoungGen: 52224K->256K(58880K)] 528073K->476105K(779776K), 0.0112992 secs] [Times: user=0.06 sys=0.00, real=0.01 secs]
2325.749: [GC [PSYoungGen: 52224K->256K(58880K)] 528073K->476105K(779776K), 0.0112992 secs] [Times: user=0.06 sys=0.00, real=0.01 secs]
2325.749: [GC [PSYoungGen: 52224K->256K(58880K)] 528073K->476105K(779776K), 0.0112992 secs] [Times: user=0.06 sys=0.00, real=0.01 secs]
2325.749: [GC [PSYoungGen: 52224K->256K(58880K)] 528073K->476105K(779776K), 0.0112992 secs] [Times: user=0.06 sys=0.00, real=0.01 secs]
2325.749: [GC [PSYoungGen: 52224K->256K(58880K)] 528073K->476105K(779776K), 0.0112992 secs] [Times: user=0.06 sys=0.00, real=0.01 secs]
2325.749: [GC [PSYoungGen: 52224K->256K(58880K)] 528073K->476105K(779776K), 0.0112992 secs] [Times: user=0.06 sys=0.00, real=0.01 secs]
2325.749: [GC [PSYoungGen: 52224K->256K(58880K)] 528073K->476105K(779776K), 0.0112992 secs] [Times: user=0.06 sys=0.00, real=0.01 secs]
2325.749: [GC [PSYoungGen: 52224K->256K(58880K)] 528073K->476105K(779776K), 0.0112992 secs] [Times: user=0.06 sys=0.00, real=0.01 secs]
2325.749: [GC [PSYoungGen: 52224K->256K(58880K)] 528073K->476105K(779776K), 0.0112992 secs] [Times: user=0.06 sys=0.00, real=0.01 secs]
2325.749: [GC [PSYoungGen: 52224K->256K(58880K)] 528073K->476105K(779776K), 0.0112992 secs] [Times: user=0.06 sys=0.00, real=0.01 secs]
2325.749: [GC [PSYoungGen: 52224K->256K(58880K)] 528073K->476105K(779776K), 0.0112992 secs] [Times: user=0.06 sys=0.00, real=0.01 secs]
2325.749: [GC [PSYoungGen: 52224K->256K(58880K)] 528073K->476105K(779776K), 0.0112992 secs] [Times: user=0.06 sys=0.00, real=0.01 secs]
2325.749: [GC [PSYoungGen: 52224K->256K(58880K)] 528073K->476105K(779776K), 0.0112992 secs] [Times: user=0.06 sys=0.00, real=0.01 secs]
2325.749: [GC [PSYoungGen: 52224K->256K(58880K)] 528073K->476105K(779776K), 0.0112992 secs] [Times: user=0.06 sys=0.00, real=0.01 secs]
2325.749: [GC [PSYoungGen: 52224K->256K(58880K)] 528073K->476105K(779776K), 0.0112992 secs] [Times: user=0.06 sys=0.00, real=0.01 secs]
2325.749: [GC [PSYoungGen: 52224K->256K(58880K)] 528073K->476105K(779776K), 0.0112992 secs] [Times: user=0.06 sys=0.00, real=0.01 secs]
2325.749: [GC [PSYoungGen: 52224K->256K(58880K)] 528073K->476105K(779776K), 0.0112992 secs] [Times: user=0.06 sys=0.00, real=0.01 secs]
2325.749: [GC [PSYoungGen: 52224K->256K(58880K)] 528073K->476105K(779776K), 0.0112992 secs] [Times: user=0.06 sys=0.00, real=0.01 secs]
2325.749: [GC [PSYoungGen: 52224K->256K(58880K)] 528073K->476105K(779776K), 0.0112992 secs] [Times: user=0.06 sys=0.00, real=0.01 secs]
2325.749: [GC [PSYoungGen: 52224K->256K(58880K)] 528073K->476105K(779776K), 0.0112992 secs] [Times: user=0.06 sys=0.00, real=0.01 secs]
2325.749: [GC [PSYoungGen: 52224K->256K(58880K)] 528073K->476105K(779776K), 0.0112992 secs] [Times: user=0.06 sys=0.00, real=0.01 secs]
2325.749: [GC [PSYoungGen: 52224K->256K(58880K)] 528073K->476105K(779776K), 0.0112992 secs] [Times: user=0.06 sys=0.00, real=0.01 secs]
2325.749: [GC [PSYoungGen: 52224K->256K(58880K)] 528073K->476105K(779776K), 0.0112992 secs] [Times: user=0.06 sys=0.00, real=0.01 secs]
2325.749: [GC [PSYoungGen: 52224K->256K(58880K)] 528073K->476105K(779776K), 0.0112992 secs] [Times: user=0.06 sys=0.00, real=0.01 secs]
2325.749: [GC [PSYoungGen: 52224K->256K(58880K)] 528073K->476105K(779776K), 0.0112992 secs] [Times: user=0.06 sys=0.00, real=0.01 secs]
2325.749: [GC [PSYoungGen: 52224K->256K(58880K)] 528073K->476105K(779776K), 0.0112992 secs] [Times: user=0.06 sys=0.00, real=0.01 secs]
2325.749: [GC [PSYoungGen: 52224K->256K(58880K)] 528073K->476105K(779776K), 0.0112992 secs] [Times: user=0.06 sys=0.00, real=0.01 secs]
2325.749: [GC [PSYoungGen: 52224K->256K(58880K)] 528073K->476105K(779776K), 0.0112992 secs] [Times: user=0.06 sys=0.00, real=0.01 secs]
2325.749: [GC [PSYoungGen: 52224K->256K(58880K)] 528073K->476105K(779776K), 0.0112992 secs] [Times: user=0.06 sys=0.00, real=0.01 secs]
2325.749: [GC [PSYoungGen: 52224K->256K(58880K)] 528073K->476105K(779776K), 0.0112992 secs] [Times: user=0.06 sys=0.00, real=0.01 secs]
2325.749: [GC [PSYoungGen: 52224K->256K(58880K)] 528073K->476105K(779776K), 0.0112992 secs] [Times: user=0.06 sys=0.00, real=0.01 secs]
2325.749: [GC [PSYoungGen: 52224K->256K(58880K)] 528073K->476105K(779776K), 0.0112992 secs] [Times: user=0.06 sys=0.00, real=0.01 secs]
2325.749: [GC [PSYoungGen: 52224K->256K(58880K)] 528073K->476105K(779776K), 0.0112992 secs] [Times: user=0.06 sys=0.00, real=0.01 secs]
2325.749: [GC [PSYoungGen: 52224K->256K(58880K)] 528073K->476105K(779776K), 0.0112992 secs] [Times: user=0.06 sys=0.00, real=0.01 secs]
2325.749: [GC [PSYoungGen: 52224K->256K(58880K)] 528073K->476105K(779776K), 0.0112992 secs] [Times: user=0.06 sys=0.00, real=0.01 secs]
2325.749: [GC [PSYoungGen: 52224K->256K(58880K)] 528073K->476105K(779776K), 0.0112992 secs] [Times: user=0.06 sys=0.00, real=0.01 secs]
2325.749: [GC [PSYoungGen: 52224K->256K(58880K)] 528073K->476105K(779776K), 0.0112992 secs] [Times: user=0.06 sys=0.00, real=0.01 secs]
2325.749: [GC [PSYoungGen: 52224K->256K(58880K)] 528073K->476105K(779776K), 0.0112992 secs] [Times: user=0.06 sys=0.00, real=0.01 secs]
2325.749: [GC [PSYoungGen: 52224K->256K(58880K)] 528073K->476105K(779776K), 0.0112992 secs] [Times: user=0.06 sys=0.00, real=0.01 secs]
2325.749: [GC [PSYoungGen: 52224K->256K(58880K)] 528073K->476105K(779776K), 0.0112992 secs] [Times: user=0.06 sys=0.00, real=0.01 secs]
2325.749: [GC [PSYoungGen: 52224K->256K(58880K)] 528073K->476105K(779776K), 0.0112992 secs] [Times: user=0.06 sys=0.00, real=0.01 secs]
2325.749: [GC [PSYoungGen: 52224K->256K(58880K)] 528073K->476105K(779776K), 0.0112992 secs] [Times: user=0.06 sys=0.00, real=0.01 secs]
2325.749: [GC [PSYoungGen: 52224K->256K(58880K)] 528073K->476105K(779776K), 0.0112992 secs] [Times: user=0.06 sys=0.00, real=0.01 secs]
2325.749: [GC [PSYoungGen: 52224K->256K(58880K)] 528073K->476105K(779776K), 0.0112992 secs] [Times: user=0.06 sys=0.00, real=0.01 secs]
2325.749: [GC [PSYoungGen: 52224K->256K(58880K)] 528073K->476105K(779776K), 0.0112992 secs] [Times: user=0.06 sys=0.00, real=0.01 secs]
2325.749: [GC [PSYoungGen: 52224K->256K(58880K)] 528073K->476105K(779776K), 0.0112992 secs] [Times: user=0.06 sys=0.00, real=0.01 secs]
2325.749: [GC [PSYoungGen: 52224K->256K(58880K)] 528073K->476105K(779776K), 0.0112992 secs] [Times: user=0.06 sys=0.00, real=0.01 secs]
2325.749: [GC [PSYoungGen: 52224K->256K(58880K)] 528073K->476105K(779776K), 0.0112992 secs] [Times: user=0.06 sys=0.00, real=0.01 secs]
2325.749: [GC [PSYoungGen: 52224K->256K(58880K)] 528073K->476105K(779776K), 0.0112992 secs] [Times: user=0.06 sys=0.00, real=0.01 secs]
2325.749: [GC [PSYoungGen: 52224K->256K(58880K)] 528073K->476105K(779776K), 0.0112992 secs] [Times: user=0.06 sys=0.00, real=0.01 secs]
2325.749: [GC [PSYoungGen: 52224K->256K(58880K)] 528073K->476105K(779776K), 0.0112992 secs] [Times: user=0.06 sys=0.00, real=0.01 secs]
2325.749: [GC [PSYoungGen: 52224K->256K(58880K)] 528073K->476105K(779776K), 0.0112992 secs] [Times: user=0.06 sys=0.00, real=0.01 secs]
2325.749: [GC [PSYoungGen: 52224K->256K(58880K)] 528073K->476105K(779776K), 0.0112992 secs] [Times: user=0.06 sys=0.00, real=0.01 secs]
2325.749: [GC [PSYoungGen: 52224K->256K(58880K)] 528073K->476105K(779776K), 0.0112992 secs] [Times: user=0.06 sys=0.00, real=0.01 secs]
2325.749: [GC [PSYoungGen: 52224K->256K(58880K)] 528073K->476105K(779776K), 0.0112992 secs] [Times: user=0.06 sys=0.00, real=0.01 secs]
2325.749: [GC [PSYoungGen: 52224K->256K(58880K)] 528073K->476105K(779776K), 0.0112992 secs] [Times: user=0.06 sys=0.00, real=0.01 secs]
2325.749: [GC [PSYoungGen: 52224K->256K(58880K)] 528073K->476105K(779776K), 0.0112992 secs] [Times: user=0.06 sys=0.00, real=0.01 secs]
2325.749: [GC [PSYoungGen: 52224K->256K(58880K)] 528073K->476105K(779776K), 0.0112992 secs] [Times: user=0.06 sys=0.00, real=0.01 secs]
2325.749: [GC [PSYoungGen: 52224K->256K(58880K)] 528073K->476105K(779776K), 0.0112992 secs] [Times: user=0.06 sys=0.00, real=0.01 secs]
2325.749: [GC [PSYoungGen: 52224K->256K(58880K)] 528073K->476105K(779776K), 0.0112992 secs] [Times: user=0.06 sys=0.00, real=0.01 secs]
2325.749: [GC [PSYoungGen: 52224K->256K(58880K)] 528073K->476105K(779776K), 0.0112992 secs] [Times: user=0.06 sys=0.00, real=0.01 secs]
2325.749: [GC [PSYoungGen: 52224K->256K(58880K)] 528073K->476105K(779776K), 0.0112992 secs] [Times: user=0.06 sys=0.00, real=0.01 secs]
2325.749: [GC [PSYoungGen: 52224K->256K(58880K)] 528073K->476105K(779776K), 0.0112992 secs] [Times: user=0.06 sys=0.00, real=0.01 secs]
2325.749: [GC [PSYoungGen: 52224K->256K(58880K)] 528073K->476105K(779776K), 0.0112992 secs] [Times: user=0.06 sys=0.00, real=0.01 secs]
2325.749: [GC [PSYoungGen: 52224K->256K(58880K)] 528073K->476105K(779776K), 0.0112992 secs] [Times: user=0.06 sys=0.00, real=0.01 secs]
2325.749: [GC [PSYoungGen: 52224K->256K(58880K)] 528073K->476105K(779776K), 0.0112992 secs] [Times: user=0.06 sys=0.00, real=0.01 secs]
2325.749: [GC [PSYoungGen: 52224K->256K(58880K)] 528073K->476105K(779776K), 0.0112992 secs] [Times: user=0.06 sys=0.00, real=0.01 secs]
2325.749: [GC [PSYoungGen: 52224K->256K(58880K)] 528073K->476105K(779776K), 0.0112992 secs] [Times: user=0.06 sys=0.00, real=0.01 secs]
2325.749: [GC [PSYoungGen: 52224K->256K(58880K)] 528073K->476105K(779776K), 0.0112992 secs] [Times: user=0.06 sys=0.00, real=0.01 secs]
2325.749: [GC [PSYoungGen: 52224K->256K(58880K)] 528073K->476105K(779776K), 0.0112992 secs] [Times: user=0.06 sys=0.00, real=0.01 secs]
2325.749: [GC [PSYoungGen: 52224K->256K(58880K)] 528073K->476105K(779776K), 0.0112992 secs] [Times: user=0.06 sys=0.00, real=0.01 secs]
2325.749: [GC [PSYoungGen: 52224K->256K(58880K)] 528073K->476105K(779776K), 0.0112992 secs] [Times: user=0.06 sys=0.00, real=0.01 secs]
2325.749: [GC [PSYoungGen: 52224K->256K(58880K)] 528073K->476105K(779776K), 0.0112992 secs] [Times: user=0.06 sys=0.00, real=0.01 secs]
2325.749: [GC [PSYoungGen: 52224K->256K(58880K)] 528073K->476105K(779776K), 0.0112992 secs] [Times: user=0.06 sys=0.00, real=0.01 secs]
2325.749: [GC [PSYoungGen: 52224K->256K(58880K)] 528073K->476105K(779776K), 0.0112992 secs] [Times: user=0.06 sys=0.00, real=0.01 secs]
2325.749: [GC [PSYoungGen: 52224K->256K(58880K)] 528073K->476105K(779776K), 0.0112992 secs] [Times: user=0.06 sys=0.00, real=0.01 secs]
2325.749: [GC [PSYoungGen: 52224K->256K(58880K)] 528073K->476105K(779776K), 0.0112992 secs] [Times: user=0.06 sys=0.00, real=0.01 secs]
2325.749: [GC [PSYoungGen: 52224K->256K(58880K)] 528073K->476105K(779776K), 0.0112992 secs] [Times: user=0.06 sys=0.00, real=0.01 secs]
2325.749: [GC [PSYoungGen: 52224K->256K(58880K)] 528073K->476105K(779776K), 0.0112992 secs] [Times: user=0.06 sys=0.00, real=0.01 secs]
2325.749: [GC [PSYoungGen: 52224K->256K(58880K)] 528073K->476105K(779776K), 0.0112992 secs] [Times: user=0.06 sys=0.00, real=0.01 secs]
2325.749: [GC [PSYoungGen: 52224K->256K(58880K)] 528073K->476105K(779776K), 0.0112992 secs] [Times: user=0.06 sys=0.00, real=0.01 secs]
2325.749: [GC [PSYoungGen: 52224K->256K(58880K)] 528073K->476105K(779776K), 0.0112992 secs] [Times: user=0.06 sys=0.00, real=0.01 secs]
2325.749: [GC [PSYoungGen: 52224K->256K(58880K)] 528073K->476105K(779776K), 0.0112992 secs] [Times: user=0.06 sys=0.00, real=0.01 secs]
2325.749: [GC [PSYoungGen: 52224K->256K(58880K)] 528073K->476105K(779776K), 0.0112992 secs] [Times: user=0.06 sys=0.00, real=0.01 secs]
2325.749: [GC [PSYoungGen: 52224K->256K(58880K)] 528073K->476105K(779776K), 0.0112992 secs] [Times: user=0.06 sys=0.00, real=0.01 secs]
2325.749: [GC [PSYoungGen: 52224K->256K(58880K)] 528073K->476105K(779776K), 0.0112992 secs] [Times: user=0.06 sys=0.00, real=0.01 secs]
2325.749: [GC [PSYoungGen: 52224K->256K(58880K)] 528073K->476105K(779776K), 0.0112992 secs] [Times: user=0.06 sys=0.00, real=0.01 secs]
2325.749: [GC [PSYoungGen: 52224K->256K(58880K)] 528073K->476105K(779776K), 0.0112992 secs] [Times: user=0.06 sys=0.00, real=0.01 secs]
2325.749: [GC [PSYoungGen: 52224K->256K(58880K)] 528073K->476105K(779776K), 0.0112992 secs] [Times: user=0.06 sys=0.00, real=0.01 secs]
2325.749: [GC [PSYoungGen: 52224K->256K(58880K)] 528073K->476105K(779776K), 0.0112992 secs] [Times: user=0.06 sys=0.00, real=0.01 secs]
2325.749: [GC [PSYoungGen: 52224K->256K(58880K)] 528073K->476105K(779776K), 0.0112992 secs] [Times: user=0.06 sys=0.00, real=0.01 secs]
2325.749: [GC [PSYoungGen: 52224K->256K(58880K)] 528073K->476105K(779776K), 0.0112992 secs] [Times: user=0.06 sys=0.00, real=0.01 secs]
2325.749: [GC [PSYoungGen: 52224K->256K(58880K)] 528073K->476105K(779776K), 0.0112992 secs] [Times: user=0.06 sys=0.00, real=0.01 secs]
2325.749: [GC [PSYoungGen: 52224K->256K(58880K)] 528073K->476105K(779776K), 0.0112992 secs] [Times: user=0.06 sys=0.00, real=0.01 secs]
2325.749: [GC [PSYoungGen: 52224K->256K(58880K)] 528073K->476105K(779776K), 0.0112992 secs] [Times: user=0.06 sys=0.00, real=0.01 secs]
2325.749: [GC [PSYoungGen: 52224K->256K(58880K)] 528073K->476105K(779776K), 0.0112992 secs] [Times: user=0.06 sys=0.00, real=0.01 secs]
2325.749: [GC [PSYoungGen: 52224K->256K(58880K)] 528073K->476105K(779776K), 0.0112992 secs] [Times: user=0.06 sys=0.00, real=0.01 secs]
2325.749: [GC [PSYoungGen: 52224K->256K(58880K)] 528073K->476105K(779776K), 0.0112992 secs] [Times: user=0.06 sys=0.00, real=0.01 secs]
2325.749: [GC [PSYoungGen: 52224K->256K(58880K)] 528073K->476105K(779776K), 0.0112992 secs] [Times: user=0.06 sys=0.00, real=0.01 secs]
2325.749: [GC [PSYoungGen: 52224K->256K(58880K)] 528073K->476105K(779776K), 0.0112992 secs] [Times: user=0.06 sys=0.00, real=0.01 secs]
2325.749: [GC [PSYoungGen: 52224K->256K(58880K)] 528073K->476105K(779776K), 0.0112992 secs] [Times: user=0.06 sys=0.00, real=0.01 secs]
2325.749: [GC [PSYoungGen: 52224K->256K(58880K)] 528073K->476105K(779776K), 0.0112992 secs] [Times: user=0.06 sys=0.00, real=0.01 secs]
2325.749: [GC [PSYoungGen: 52224K->256K(58880K)] 528073K->476105K(779776K), 0.0112992 secs] [Times: user=0.06 sys=0.00, real=0.01 secs]
2325.749: [GC [PSYoungGen: 52224K->256K(58880K)] 528073K->476105K(779776K), 0.0112992 secs] [Times: user=0.06 sys=0.00, real=0.01 secs]
2325.749: [GC [PSYoungGen: 52224K->256K(58880K)] 528073K->476105K(779776K), 0.0112992 secs] [Times: user=0.06 sys=0.00, real=0.01 secs]
2325.749: [GC [PSYoungGen: 52224K->256K(58880K)] 528073K->476105K(779776K), 0.0112992 secs] [Times: user=0.06 sys=0.00, real=0.01 secs]
2325.749: [GC [PSYoungGen: 52224K->256K(58880K)] 528073K->476105K(779776K), 0.0112992 secs] [Times: user=0.06 sys=0.00, real=0.01 secs]
2325.749: [GC [PSYoungGen: 52224K->256K(58880K)] 528073K->476105K(779776K), 0.0112992 secs] [Times: user=0.06 sys=0.00, real=0.01 secs]
2325.749: [GC [PSYoungGen: 52224K->256K(58880K)] 528073K->476105K(779776K), 0.0112992 secs] [Times: user=0.06 sys=0.00, real=0.01 secs]
2325.749: [GC [PSYoungGen: 52224K->256K(58880K)] 528073K->476105K(779776K), 0.0112992 secs] [Times: user=0.06 sys=0.00, real=0.01 secs]
2325.749: [GC [PSYoungGen: 52224K->256K(58880K)] 528073K->476105K(779776K), 0.0112992 secs] [Times: user=0.06 sys=0.00, real=0.01 secs]
2325.749: [GC [PSYoungGen: 52224K->256K(58880K)] 528073K->476105K(779776K), 0.0112992 secs] [Times: user=0.06 sys=0.00, real=0.01 secs]
2325.749: [GC [PSYoungGen: 52224K->256K(58880K)] 528073K->476105K(779776K), 0.0112992 secs] [Times: user=0.06 sys=0.00, real=0.01 secs]
2325.749: [GC [PSYoungGen: 52224K->256K(58880K)] 528073K->476105K(779776K), 0.0112992 secs] [Times: user=0.06 sys=0.00, real=0.01 secs]
2325.749: [GC [PSYoungGen: 52224K->256K(58880K)] 528073K->476105K(779776K), 0.0112992 secs] [Times: user=0.06 sys=0.00, real=0.01 secs]
2325.749: [GC [PSYoungGen: 52224K->256K(58880K)] 528073K->476105K(779776K), 0.0112992 secs] [Times: user=0.06 sys=0.00, real=0.01 secs]
2325.749: [GC [PSYoungGen: 52224K->256K(58880K)] 528073K->476105K(779776K), 0.0112992 secs] [Times: user=0.06 sys=0.00, real=0.01 secs]
2325.749: [GC [PSYoungGen: 52224K->256K(58880K)] 528073K->476105K(779776K), 0.0112992 secs] [Times: user=0.06 sys=0.00, real=0.01 secs]
2325.749: [GC [PSYoungGen: 52224K->256K(58880K)] 528073K->476105K(779776K), 0.0112992 secs] [Times: user=0.06 sys=0.00, real=0.01 secs]
2325.749: [GC [PSYoungGen: 52224K->256K(58880K)] 528073K->476105K(779776K), 0.0112992 secs] [Times: user=0.06 sys=0.00, real=0.01 secs]
2325.749: [GC [PSYoungGen: 52224K->256K(58880K)] 528073K->476105K(779776K), 0.0112992 secs] [Times: user=0.06 sys=0.00, real=0.01 secs]
2325.749: [GC [PSYoungGen: 52224K->256K(58880K)] 528073K->476105K(779776K), 0.0112992 secs] [Times: user=0.06 sys=0.00, real=0.01 secs]
2325.749: [GC [PSYoungGen: 52224K->256K(58880K)] 528073K->476105K(779776K), 0.0112992 secs] [Times: user=0.06 sys=0.00, real=0.01 secs]
2325.749: [GC [PSYoungGen: 52224K->256K(58880K)] 528073K->476105K(779776K), 0.0112992 secs] [Times: user=0.06 sys=0.00, real=0.01 secs]
2325.749: [GC [PSYoungGen: 52224K->256K(58880K)] 528073K->476105K(779776K), 0.0112992 secs] [Times: user=0.06 sys=0.00, real=0.01 secs]
2325.749: [GC [PSYoungGen: 52224K->256K(58880K)] 528073K->476105K(779776K), 0.0112992 secs] [Times: user=0.06 sys=0.00, real=0.01 secs]
2325.749: [GC [PSYoungGen: 52224K->256K(58880K)] 528073K->476105K(779776K), 0.0112992 secs] [Times: user=0.06 sys=0.00, real=0.01 secs]
2325.749: [GC [PSYoungGen: 52224K->256K(58880K)] 528073K->476105K(779776K), 0.0112992 secs] [Times: user=0.06 sys=0.00, real=0.01 secs]
2325.749: [GC [PSYoungGen: 52224K->256K(58880K)] 528073K->476105K(779776K), 0.0112992 secs] [Times: user=0.06 sys=0.00, real=0.01 secs]
2325.749: [GC [PSYoungGen: 52224K->256K(58880K)] 528073K->476105K(779776K), 0.0112992 secs] [Times: user=0.06 sys=0.00, real=0.01 secs]
2325.749: [GC [PSYoungGen: 52224K->256K(58880K)] 528073K->476105K(779776K), 0.0112992 secs] [Times: user=0.06 sys=0.00, real=0.01 secs]
2325.749: [GC [PSYoungGen: 52224K->256K(58880K)] 528073K->476105K(779776K), 0.0112992 secs] [Times: user=0.06 sys=0.00, real=0.01 secs]
2325.749: [GC [PSYoungGen: 52224K->256K(58880K)] 528073K->476105K(779776K), 0.0112992 secs] [Times: user=0.06 sys=0.00, real=0.01 secs]
2325.749: [GC [PSYoungGen: 52224K->256K(58880K)] 528073K->476105K(779776K), 0.0112992 secs] [Times: user=0.06 sys=0.00, real=0.01 secs]
2325.749: [GC [PSYoungGen: 52224K->256K(58880K)] 528073K->476105K(779776K), 0.0112992 secs] [Times: user=0.06 sys=0.00, real=0.01 secs]
2325.749: [GC [PSYoungGen: 52224K->256K(58880K)] 528073K->476105K(779776K), 0.0112992 secs] [Times: user=0.06 sys=0.00, real=0.01 secs]
2325.749: [GC [PSYoungGen: 52224K->256K(58880K)] 528073K->476105K(779776K), 0.0112992 secs] [Times: user=0.06 sys=0.00, real=0.01 secs]
2325.749: [GC [PSYoungGen: 52224K->256K(58880K)] 528073K->476105K(779776K), 0.0112992 secs] [Times: user=0.06 sys=0.00, real=0.01 secs]
2325.749: [GC [PSYoungGen: 52224K->256K(58880K)] 528073K->476105K(779776K), 0.0112992 secs] [Times: user=0.06 sys=0.00, real=0.01 secs]
2325.749: [GC [PSYoungGen: 52224K->256K(58880K)] 528073K->476105K(779776K), 0.0112992 secs] [Times: user=0.06 sys=0.00, real=0.01 secs]
2325.749: [GC [PSYoungGen: 52224K->256K(58880K)] 528073K->476105K(779776K), 0.0112992 secs] [Times: user=0.06 sys=0.00, real=0.01 secs]
2325.749: [GC [PSYoungGen: 52224K->256K(58880K)] 528073K->476105K(779776K), 0.0112992 secs] [Times: user=0.06 sys=0.00, real=0.01 secs]
2325.749: [GC [PSYoungGen: 52224K->256K(58880K)] 528073K->476105K(779776K), 0.0112992 secs] [Times: user=0.06 sys=0.00, real=0.01 secs]
2325.749: [GC [PSYoungGen: 52224K->256K(58880K)] 528073K->476105K(779776K), 0.0112992 secs] [Times: user=0.06 sys=0.00, real=0.01 secs]
2325.749: [GC [PSYoungGen: 52224K->256K(58880K)] 528073K->476105K(779776K), 0.0112992 secs] [Times: user=0.06 sys=0.00, real=0.01 secs]
2325.749: [GC [PSYoungGen: 52224K->256K(58880K)] 528073K->476105K(779776K), 0.0112992 secs] [Times: user=0.06 sys=0.00, real=0.01 secs]
2325.749: [GC [PSYoungGen: 52224K->256K(58880K)] 528073K->476105K(779776K), 0.0112992 secs] [Times: user=0.06 sys=0.00, real=0.01 secs]
2325.749: [GC [PSYoungGen: 52224K->256K(58880K)] 528073K->476105K(779776K), 0.0112992 secs] [Times: user=0.06 sys=0.00, real=0.01 secs]
2325.749: [GC [PSYoungGen: 52224K->256K(58880K)] 528073K->476105K(779776K), 0.0112992 secs] [Times: user=0.06 sys=0.00, real=0.01 secs]
2325.749: [GC [PSYoungGen: 52224K->256K(58880K)] 528073K->476105K(779776K), 0.0112992 secs] [Times: user=0.06 sys=0.00, real=0.01 secs]
2325.749: [GC [PSYoungGen: 52224K->256K(58880K)] 528073K->476105K(779776K), 0.0112992 secs] [Times: user=0.06 sys=0.00, real=0.01 secs]
2325.749: [GC [PSYoungGen: 52224K->256K(58880K)] 528073K->476105K(779776K), 0.0112992 secs] [Times: user=0.06 sys=0.00, real=0.01 secs]
2325.749: [GC [PSYoungGen: 52224K->256K(58880K)] 528073K->476105K(779776K), 0.0112992 secs] [Times: user=0.06 sys=0.00, real=0.01 secs]
2325.749: [GC [PSYoungGen: 52224K->256K(58880K)] 528073K->476105K(779776K), 0.0112992 secs] [Times: user=0.06 sys=0.00, real=0.01 secs]
2325.749: [GC [PSYoungGen: 52224K->256K(58880K)] 528073K->476105K(779776K), 0.0112992 secs] [Times: user=0.06 sys=0.00, real=0.01 secs]
2325.749: [GC [PSYoungGen: 52224K->256K(58880K)] 528073K->476105K(779776K), 0.0112992 secs] [Times: user=0.06 sys=0.00, real=0.01 secs]
2325.749: [GC [PSYoungGen: 52224K->256K(58880K)] 528073K->476105K(779776K), 0.0112992 secs] [Times: user=0.06 sys=0.00, real=0.01 secs]
2325.749: [GC [PSYoungGen: 52224K->256K(58880K)] 528073K->476105K(779776K), 0.0112992 secs] [Times: user=0.06 sys=0.00, real=0.01 secs]
2325.749: [GC [PSYoungGen: 52224K->256K(58880K)] 528073K->476105K(779776K), 0.0112992 secs] [Times: user=0.06 sys=0.00, real=0.01 secs]
2325.749: [GC [PSYoungGen: 52224K->256K(58880K)] 528073K->476105K(779776K), 0.0112992 secs] [Times: user=0.06 sys=0.00, real=0.01 secs]
2325.749: [GC [PSYoungGen: 52224K->256K(58880K)] 528073K->476105K(779776K), 0.0112992 secs] [Times: user=0.06 sys=0.00, real=0.01 secs]
2325.749: [GC [PSYoungGen: 52224K->256K(58880K)] 528073K->476105K(779776K), 0.0112992 secs] [Times: user=0.06 sys=0.00, real=0.01 secs]
2325.749: [GC [PSYoungGen: 52224K->256K(58880K)] 528073K->476105K(779776K), 0.0112992 secs] [Times: user=0.06 sys=0.00, real=0.01 secs]
2325.749: [GC [PSYoungGen: 52224K->256K(58880K)] 528073K->476105K(779776K), 0.0112992 secs] [Times: user=0.06 sys=0.00, real=0.01 secs]
2325.749: [GC [PSYoungGen: 52224K->256K(58880K)] 528073K->476105K(779776K), 0.0112992 secs] [Times: user=0.06 sys=0.00, real=0.01 secs]
2325.749: [GC [PSYoungGen: 52224K->256K(58880K)] 528073K->476105K(779776K), 0.0112992 secs] [Times: user=0.06 sys=0.00, real=0.01 secs]
2325.749: [GC [PSYoungGen: 52224K->256K(58880K)] 528073K->476105K(779776K), 0.0112992 secs] [Times: user=0.06 sys=0.00, real=0.01 secs]
2325.749: [GC [PSYoungGen: 52224K->256K(58880K)] 528073K->476105K(779776K), 0.0112992 secs] [Times: user=0.06 sys=0.00, real=0.01 secs]
2325.749: [GC [PSYoungGen: 52224K->256K(58880K)] 528073K->476105K(779776K), 0.0112992 secs] [Times: user=0.06 sys=0.00, real=0.01 secs]
2325.749: [GC [PSYoungGen: 52224K->256K(58880K)] 528073K->476105K(779776K), 0.0112992 secs] [Times: user=0.06 sys=0.00, real=0.01 secs]
2325.749: [GC [PSYoungGen: 52224K->256K(58880K)] 528073K->476105K(779776K), 0.0112992 secs] [Times: user=0.06 sys=0.00, real=0.01 secs]
2325.749: [GC [PSYoungGen: 52224K->256K(58880K)] 528073K->476105K(779776K), 0.0112992 secs] [Times: user=0.06 sys=0.00, real=0.01 secs]
2325.749: [GC [PSYoungGen: 52224K->256K(58880K)] 528073K->476105K(779776K), 0.0112992 secs] [Times: user=0.06 sys=0.00, real=0.01 secs]
2325.749: [GC [PSYoungGen: 52224K->256K(58880K)] 528073K->476105K(779776K), 0.0112992 secs] [Times: user=0.06 sys=0.00, real=0.01 secs]
2325.749: [GC [PSYoungGen: 52224K->256K(58880K)] 528073K->476105K(779776K), 0.0112992 secs] [Times: user=0.06 sys=0.00, real=0.01 secs]
2325.749: [GC [PSYoungGen: 52224K->256K(58880K)] 528073K->476105K(779776K), 0.0112992 secs] [Times: user=0.06 sys=0.00, real=0.01 secs]
2325.749: [GC [PSYoungGen: 52224K->256K(58880K)] 528073K->476105K(779776K), 0.0112992 secs] [Times: user=0.06 sys=0.00, real=0.01 secs]
2325.749: [GC [PSYoungGen: 52224K->256K(58880K)] 528073K->476105K(779776K), 0.0112992 secs] [Times: user=0.06 sys=0.00, real=0.01 secs]
2325.749: [GC [PSYoungGen: 52224K->256K(58880K)] 528073K->476105K(779776K), 0.0112992 secs] [Times: user=0.06 sys=0.00, real=0.01 secs]
2325.749: [GC [PSYoungGen: 52224K->256K(58880K)] 528073K->476105K(779776K), 0.0112992 secs] [Times: user=0.06 sys=0.00, real=0.01 secs]
2325.749: [GC [PSYoungGen: 52224K->256K(58880K)] 528073K->476105K(779776K), 0.0112992 secs] [Times: user=0.06 sys=0.00, real=0.01 secs]
2325.749: [GC [PSYoungGen: 52224K->256K(58880K)] 528073K->476105K(779776K), 0.0112992 secs] [Times: user=0.06 sys=0.00, real=0.01 secs]
2325.749: [GC [PSYoungGen: 52224K->256K(58880K)] 528073K->476105K(779776K), 0.0112992 secs] [Times: user=0.06 sys=0.00, real=0.01 secs]
2325.749: [GC [PSYoungGen: 52224K->256K(58880K)] 528073K->476105K(779776K), 0.0112992 secs] [Times: user=0.06 sys=0.00, real=0.01 secs]
2325.749: [GC [PSYoungGen: 52224K->256K(58880K)] 528073K->476105K(779776K), 0.0112992 secs] [Times: user=0.06 sys=0.00, real=0.01 secs]
2325.749: [GC [PSYoungGen: 52224K->256K(58880K)] 528073K->476105K(779776K), 0.0112992 secs] [Times: user=0.06 sys=0.00, real=0.01 secs]
2325.749: [GC [PSYoungGen: 52224K->256K(58880K)] 528073K->476105K(779776K), 0.0112992 secs] [Times: user=0.06 sys=0.00, real=0.01 secs]
2325.749: [GC [PSYoungGen: 52224K->256K(58880K)] 528073K->476105K(779776K), 0.0112992 secs] [Times: user=0.06 sys=0.00, real=0.01 secs]
2325.749: [GC [PSYoungGen: 52224K->256K(58880K)] 528073K->476105K(779776K), 0.0112992 secs] [Times: user=0.06 sys=0.00, real=0.01 secs]
2325.749: [GC [PSYoungGen: 52224K->256K(58880K)] 528073K->476105K(779776K), 0.0112992 secs] [Times: user=0.06 sys=0.00, real=0.01 secs]
2325.749: [GC [PSYoungGen: 52224K->256K(58880K)] 528073K->476105K(779776K), 0.0112992 secs] [Times: user=0.06 sys=0.00, real=0.01 secs]
2325.749: [GC [PSYoungGen: 52224K->256K(58880K)] 528073K->476105K(779776K), 0.0112992 secs] [Times: user=0.06 sys=0.00, real=0.01 secs]
2325.749: [GC [PSYoungGen: 52224K->256K(58880K)] 528073K->476105K(779776K), 0.0112992 secs] [Times: user=0.06 sys=0.00, real=0.01 secs]
2325.749: [GC [PSYoungGen: 52224K->256K(58880K)] 528073K->476105K(779776K), 0.0112992 secs] [Times: user=0.06 sys=0.00, real=0.01 secs]
2325.749: [GC [PSYoungGen: 52224K->256K(58880K)] 528073K->476105K(779776K), 0.0112992 secs] [Times: user=0.06 sys=0.00, real=0.01 secs]
2325.749: [GC [PSYoungGen: 52224K->256K(58880K)] 528073K->476105K(779776K), 0.0112992 secs] [Times: user=0.06 sys=0.00, real=0.01 secs]
2325.749: [GC [PSYoungGen: 52224K->256K(58880K)] 528073K->476105K(779776K), 0.0112992 secs] [Times: user=0.06 sys=0.00, real=0.01 secs]
2325.749: [GC [PSYoungGen: 52224K->256K(58880K)] 528073K->476105K(779776K), 0.0112992 secs] [Times: user=0.06 sys=0.00, real=0.01 secs]
2325.749: [GC [PSYoungGen: 52224K->256K(58880K)] 528073K->476105K(779776K), 0.0112992 secs] [Times: user=0.06 sys=0.00, real=0.01 secs]
2325.749: [GC [PSYoungGen: 52224K->256K(58880K)] 528073K->476105K(779776K), 0.0112992 secs] [Times: user=0.06 sys=0.00, real=0.01 secs]
2325.749: [GC [PSYoungGen: 52224K->256K(58880K)] 528073K->476105K(779776K), 0.0112992 secs] [Times: user=0.06 sys=0.00, real=0.01 secs]
2325.749: [GC [PSYoungGen: 52224K->256K(58880K)] 528073K->476105K(779776K), 0.0112992 secs] [Times: user=0.06 sys=0.00, real=0.01 secs]
2325.749: [GC [PSYoungGen: 52224K->256K(58880K)] 528073K->476105K(779776K), 0.0112992 secs] [Times: user=0.06 sys=0.00, real=0.01 secs]
2325.749: [GC [PSYoungGen: 52224K->256K(58880K)] 528073K->476105K(779776K), 0.0112992 secs] [Times: user=0.06 sys=0.00, real=0.01 secs]
2325.749: [GC [PSYoungGen: 52224K->256K(58880K)] 528073K->476105K(779776K), 0.0112992 secs] [Times: user=0.06 sys=0.00, real=0.01 secs]
2325.749: [GC [PSYoungGen: 52224K->256K(58880K)] 528073K->476105K(779776K), 0.0112992 secs] [Times: user=0.06 sys=0.00, real=0.01 secs]
2325.749: [GC [PSYoungGen: 52224K->256K(58880K)] 528073K->476105K(779776K), 0.0112992 secs] [Times: user=0.06 sys=0.00, real=0.01 secs]
2325.749: [GC [PSYoungGen: 52224K->256K(58880K)] 528073K->476105K(779776K), 0.0112992 secs] [Times: user=0.06 sys=0.00, real=0.01 secs]
2325.749: [GC [PSYoungGen: 52224K->256K(58880K)] 528073K->476105K(779776K), 0.0112992 secs] [Times: user=0.06 sys=0.00, real=0.01 secs]
2325.749: [GC [PSYoungGen: 52224K->256K(58880K)] 528073K->476105K(779776K), 0.0112992 secs] [Times: user=0.06 sys=0.00, real=0.01 secs]
2325.749: [GC [PSYoungGen: 52224K->256K(58880K)] 528073K->476105K(779776K), 0.0112992 secs] [Times: user=0.06 sys=0.00, real=0.01 secs]
2325.749: [GC [PSYoungGen: 52224K->256K(58880K)] 528073K->476105K(779776K), 0.0112992 secs] [Times: user=0.06 sys=0.00, real=0.01 secs]
2325.749: [GC [PSYoungGen: 52224K->256K(58880K)] 528073K->476105K(779776K), 0.0112992 secs] [Times: user=0.06 sys=0.00, real=0.01 secs]
2325.749: [GC [PSYoungGen: 52224K->256K(58880K)] 528073K->476105K(779776K), 0.0112992 secs] [Times: user=0.06 sys=0.00, real=0.01 secs]
2325.749: [GC [PSYoungGen: 52224K->256K(58880K)] 528073K->476105K(779776K), 0.0112992 secs] [Times: user=0.06 sys=0.00, real=0.01 secs]
2325.749: [GC [PSYoungGen: 52224K->256K(58880K)] 528073K->476105K(779776K), 0.0112992 secs] [Times: user=0.06 sys=0.00, real=0.01 secs]
2325.749: [GC [PSYoungGen: 52224K->256K(58880K)] 528073K->476105K(779776K), 0.0112992 secs] [Times: user=0.06 sys=0.00, real=0.01 secs]
2325.749: [GC [PSYoungGen: 52224K->256K(58880K)] 528073K->476105K(779776K), 0.0112992 secs] [Times: user=0.06 sys=0.00, real=0.01 secs]
2325.749: [GC [PSYoungGen: 52224K->256K(58880K)] 528073K->476105K(779776K), 0.0112992 secs] [Times: user=0.06 sys=0.00, real=0.01 secs]
2325.749: [GC [PSYoungGen: 52224K->256K(58880K)] 528073K->476105K(779776K), 0.0112992 secs] [Times: user=0.06 sys=0.00, real=0.01 secs]
2325.749: [GC [PSYoungGen: 52224K->256K(58880K)] 528073K->476105K(779776K), 0.0112992 secs] [Times: user=0.06 sys=0.00, real=0.01 secs]
2325.749: [GC [PSYoungGen: 52224K->256K(58880K)] 528073K->476105K(779776K), 0.0112992 secs] [Times: user=0.06 sys=0.00, real=0.01 secs]
2325.749: [GC [PSYoungGen: 52224K->256K(58880K)] 528073K->476105K(779776K), 0.0112992 secs] [Times: user=0.06 sys=0.00, real=0.01 secs]
2325.749: [GC [PSYoungGen: 52224K->256K(58880K)] 528073K->476105K(779776K), 0.0112992 secs] [Times: user=0.06 sys=0.00, real=0.01 secs]
2325.749: [GC [PSYoungGen: 52224K->256K(58880K)] 528073K->476105K(779776K), 0.0112992 secs] [Times: user=0.06 sys=0.00, real=0.01 secs]
2325.749: [GC [PSYoungGen: 52224K->256K(58880K)] 528073K->476105K(779776K), 0.0112992 secs] [Times: user=0.06 sys=0.00, real=0.01 secs]
2325.749: [GC [PSYoungGen: 52224K->256K(58880K)] 528073K->476105K(779776K), 0.0112992 secs] [Times: user=0.06 sys=0.00, real=0.01 secs]
2325.749: [GC [PSYoungGen: 52224K->256K(58880K)] 528073K->476105K(779776K), 0.0112992 secs] [Times: user=0.06 sys=0.00, real=0.01 secs]
2325.749: [GC [PSYoungGen: 52224K->256K(58880K)] 528073K->476105K(779776K), 0.0112992 secs] [Times: user=0.06 sys=0.00, real=0.01 secs]
2325.749: [GC [PSYoungGen: 52224K->256K(58880K)] 528073K->476105K(779776K), 0.0112992 secs] [Times: user=0.06 sys=0.00, real=0.01 secs]
2325.749: [GC [PSYoungGen: 52224K->256K(58880K)] 528073K->476105K(779776K), 0.0112992 secs] [Times: user=0.06 sys=0.00, real=0.01 secs]
2325.749: [GC [PSYoungGen: 52224K->256K(58880K)] 528073K->476105K(779776K), 0.0112992 secs] [Times: user=0.06 sys=0.00, real=0.01 secs]
2325.749: [GC [PSYoungGen: 52224K->256K(58880K)] 528073K->476105K(779776K), 0.0112992 secs] [Times: user=0.06 sys=0.00, real=0.01 secs]
2325.749: [GC [PSYoungGen: 52224K->256K(58880K)] 528073K->476105K(779776K), 0.0112992 secs] [Times: user=0.06 sys=0.00, real=0.01 secs]
2325.749: [GC [PSYoungGen: 52224K->256K(58880K)] 528073K->476105K(779776K), 0.0112992 secs] [Times: user=0.06 sys=0.00, real=0.01 secs]
2325.749: [GC [PSYoungGen: 52224K->256K(58880K)] 528073K->476105K(779776K), 0.0112992 secs] [Times: user=0.06 sys=0.00, real=0.01 secs]
2325.749: [GC [PSYoungGen: 52224K->256K(58880K)] 528073K->476105K(779776K), 0.0112992 secs] [Times: user=0.06 sys=0.00, real=0.01 secs]
2325.749: [GC [PSYoungGen: 52224K->256K(58880K)] 528073K->476105K(779776K), 0.0112992 secs] [Times: user=0.06 sys=0.00, real=0.01 secs]
2325.749: [GC [PSYoungGen: 52224K->256K(58880K)] 528073K->476105K(779776K), 0.0112992 secs] [Times: user=0.06 sys=0.00, real=0.01 secs]
2325.749: [GC [PSYoungGen: 52224K->256K(58880K)] 528073K->476105K(779776K), 0.0112992 secs] [Times: user=0.06 sys=0.00, real=0.01 secs]
2325.749: [GC [PSYoungGen: 52224K->256K(58880K)] 528073K->476105K(779776K), 0.0112992 secs] [Times: user=0.06 sys=0.00, real=0.01 secs]
2325.749: [GC [PSYoungGen: 52224K->256K(58880K)] 528073K->476105K(779776K), 0.0112992 secs] [Times: user=0.06 sys=0.00, real=0.01 secs]
2325.749: [GC [PSYoungGen: 52224K->256K(58880K)] 528073K->476105K(779776K), 0.0112992 secs] [Times: user=0.06 sys=0.00, real=0.01 secs]
2325.749: [GC [PSYoungGen: 52224K->256K(58880K)] 528073K->476105K(779776K), 0.0112992 secs] [Times: user=0.06 sys=0.00, real=0.01 secs]
2325.749: [GC [PSYoungGen: 52224K->256K(58880K)] 528073K->476105K(779776K), 0.0112992 secs] [Times: user=0.06 sys=0.00, real=0.01 secs]
2325.749: [GC [PSYoungGen: 52224K->256K(58880K)] 528073K->476105K(779776K), 0.0112992 secs] [Times: user=0.06 sys=0.00, real=0.01 secs]
2325.749: [GC [PSYoungGen: 52224K->256K(58880K)] 528073K->476105K(779776K), 0.0112992 secs] [Times: user=0.06 sys=0.00, real=0.01 secs]
2325.749: [GC [PSYoungGen: 52224K->256K(58880K)] 528073K->476105K(779776K), 0.0112992 secs] [Times: user=0.06 sys=0.00, real=0.01 secs]
2325.749: [GC [PSYoungGen: 52224K->256K(58880K)] 528073K->476105K(779776K), 0.0112992 secs] [Times: user=0.06 sys=0.00, real=0.01 secs]
2325.749: [GC [PSYoungGen: 52224K->256K(58880K)] 528073K->476105K(779776K), 0.0112992 secs] [Times: user=0.06 sys=0.00, real=0.01 secs]
2325.749: [GC [PSYoungGen: 52224K->256K(58880K)] 528073K->476105K(779776K), 0.0112992 secs] [Times: user=0.06 sys=0.00, real=0.01 secs]
2325.749: [GC [PSYoungGen: 52224K->256K(58880K)] 528073K->476105K(779776K), 0.0112992 secs] [Times: user=0.06 sys=0.00, real=0.01 secs]
2325.749: [GC [PSYoungGen: 52224K->256K(58880K)] 528073K->476105K(779776K), 0.0112992 secs] [Times: user=0.06 sys=0.00, real=0.01 secs]
2325.749: [GC [PSYoungGen: 52224K->256K(58880K)] 528073K->476105K(779776K), 0.0112992 secs] [Times: user=0.06 sys=0.00, real=0.01 secs]
2325.749: [GC [PSYoungGen: 52224K->256K(58880K)] 528073K->476105K(779776K), 0.0112992 secs] [Times: user=0.06 sys=0.00, real=0.01 secs]
2325.749: [GC [PSYoungGen: 52224K->256K(58880K)] 528073K->476105K(779776K), 0.0112992 secs] [Times: user=0.06 sys=0.00, real=0.01 secs]
2325.749: [GC [PSYoungGen: 52224K->256K(58880K)] 528073K->476105K(779776K), 0.0112992 secs] [Times: user=0.06 sys=0.00, real=0.01 secs]
2325.749: [GC [PSYoungGen: 52224K->256K(58880K)] 528073K->476105K(779776K), 0.0112992 secs] [Times: user=0.06 sys=0.00, real=0.01 secs]
2325.749: [GC [PSYoungGen: 52224K->256K(58880K)] 528073K->476105K(779776K), 0.0112992 secs] [Times: user=0.06 sys=0.00, real=0.01 secs]
2325.749: [GC [PSYoungGen: 52224K->256K(58880K)] 528073K->476105K(779776K), 0.0112992 secs] [Times: user=0.06 sys=0.00, real=0.01 secs]
2325.749: [GC [PSYoungGen: 52224K->256K(58880K)] 528073K->476105K(779776K), 0.0112992 secs] [Times: user=0.06 sys=0.00, real=0.01 secs]
2325.749: [GC [PSYoungGen: 52224K->256K(58880K)] 528073K->476105K(779776K), 0.0112992 secs] [Times: user=0.06 sys=0.00, real=0.01 secs]
2325.749: [GC [PSYoungGen: 52224K->256K(58880K)] 528073K->476105K(779776K), 0.0112992 secs] [Times: user=0.06 sys=0.00, real=0.01 secs]
2325.749: [GC [PSYoungGen: 52224K->256K(58880K)] 528073K->476105K(779776K), 0.0112992 secs] [Times: user=0.06 sys=0.00, real=0.01 secs]
2325.749: [GC [PSYoungGen: 52224K->256K(58880K)] 528073K->476105K(779776K), 0.0112992 secs] [Times: user=0.06 sys=0.00, real=0.01 secs]
2325.749: [GC [PSYoungGen: 52224K->256K(58880K)] 528073K->476105K(779776K), 0.0112992 secs] [Times: user=0.06 sys=0.00, real=0.01 secs]
2325.749: [GC [PSYoungGen: 52224K->256K(58880K)] 528073K->476105K(779776K), 0.0112992 secs] [Times: user=0.06 sys=0.00, real=0.01 secs]
2325.749: [GC [PSYoungGen: 52224K->256K(58880K)] 528073K->476105K(779776K), 0.0112992 secs] [Times: user=0.06 sys=0.00, real=0.01 secs]
2325.749: [GC [PSYoungGen: 52224K->256K(58880K)] 528073K->476105K(779776K), 0.0112992 secs] [Times: user=0.06 sys=0.00, real=0.01 secs]
2325.749: [GC [PSYoungGen: 52224K->256K(58880K)] 528073K->476105K(779776K), 0.0112992 secs] [Times: user=0.06 sys=0.00, real=0.01 secs]
2325.749: [GC [PSYoungGen: 52224K->256K(58880K)] 528073K->476105K(779776K), 0.0112992 secs] [Times: user=0.06 sys=0.00, real=0.01 secs]
2325.749: [GC [PSYoungGen: 52224K->256K(58880K)] 528073K->476105K(779776K), 0.0112992 secs] [Times: user=0.06 sys=0.00, real=0.01 secs]
2325.749: [GC [PSYoungGen: 52224K->256K(58880K)] 528073K->476105K(779776K), 0.0112992 secs] [Times: user=0.06 sys=0.00, real=0.01 secs]
2325.749: [GC [PSYoungGen: 52224K->256K(58880K)] 528073K->476105K(779776K), 0.0112992 secs] [Times: user=0.06 sys=0.00, real=0.01 secs]
2325.749: [GC [PSYoungGen: 52224K->256K(58880K)] 528073K->476105K(779776K), 0.0112992 secs] [Times: user=0.06 sys=0.00, real=0.01 secs]
2325.749: [GC [PSYoungGen: 52224K->256K(58880K)] 528073K->476105K(779776K), 0.0112992 secs] [Times: user=0.06 sys=0.00, real=0.01 secs]
2325.749: [GC [PSYoungGen: 52224K->256K(58880K)] 528073K->476105K(779776K), 0.0112992 secs] [Times: user=0.06 sys=0.00, real=0.01 secs]
2325.749: [GC [PSYoungGen: 52224K->256K(58880K)] 528073K->476105K(779776K), 0.0112992 secs] [Times: user=0.06 sys=0.00, real=0.01 secs]
2325.749: [GC [PSYoungGen: 52224K->256K(58880K)] 528073K->476105K(779776K), 0.0112992 secs] [Times: user=0.06 sys=0.00, real=0.01 secs]
2325.749: [GC [PSYoungGen: 52224K->256K(58880K)] 528073K->476105K(779776K), 0.0112992 secs] [Times: user=0.06 sys=0.00, real=0.01 secs]
2325.749: [GC [PSYoungGen: 52224K->256K(58880K)] 528073K->476105K(779776K), 0.0112992 secs] [Times: user=0.06 sys=0.00, real=0.01 secs]
2325.749: [GC [PSYoungGen: 52224K->256K(58880K)] 528073K->476105K(779776K), 0.0112992 secs] [Times: user=0.06 sys=0.00, real=0.01 secs]
2325.749: [GC [PSYoungGen: 52224K->256K(58880K)] 528073K->476105K(779776K), 0.0112992 secs] [Times: user=0.06 sys=0.00, real=0.01 secs]
2325.749: [GC [PSYoungGen: 52224K->256K(58880K)] 528073K->476105K(779776K), 0.0112992 secs] [Times: user=0.06 sys=0.00, real=0.01 secs]
2325.749: [GC [PSYoungGen: 52224K->256K(58880K)] 528073K->476105K(779776K), 0.0112992 secs] [Times: user=0.06 sys=0.00, real=0.01 secs]
2325.749: [GC [PSYoungGen: 52224K->256K(58880K)] 528073K->476105K(779776K), 0.0112992 secs] [Times: user=0.06 sys=0.00, real=0.01 secs]
2325.749: [GC [PSYoungGen: 52224K->256K(58880K)] 528073K->476105K(779776K), 0.0112992 secs] [Times: user=0.06 sys=0.00, real=0.01 secs]
2325.749: [GC [PSYoungGen: 52224K->256K(58880K)] 528073K->476105K(779776K), 0.0112992 secs] [Times: user=0.06 sys=0.00, real=0.01 secs]
2325.749: [GC [PSYoungGen: 52224K->256K(58880K)] 528073K->476105K(779776K), 0.0112992 secs] [Times: user=0.06 sys=0.00, real=0.01 secs]
2325.749: [GC [PSYoungGen: 52224K->256K(58880K)] 528073K->476105K(779776K), 0.0112992 secs] [Times: user=0.06 sys=0.00, real=0.01 secs]
2325.749: [GC [PSYoungGen: 52224K->256K(58880K)] 528073K->476105K(779776K), 0.0112992 secs] [Times: user=0.06 sys=0.00, real=0.01 secs]
2325.749: [GC [PSYoungGen: 52224K->256K(58880K)] 528073K->476105K(779776K), 0.0112992 secs] [Times: user=0.06 sys=0.00, real=0.01 secs]
2325.749: [GC [PSYoungGen: 52224K->256K(58880K)] 528073K->476105K(779776K), 0.0112992 secs] [Times: user=0.06 sys=0.00, real=0.01 secs]
2325.749: [GC [PSYoungGen: 52224K->256K(58880K)] 528073K->476105K(779776K), 0.0112992 secs] [Times: user=0.06 sys=0.00, real=0.01 secs]
2325.749: [GC [PSYoungGen: 52224K->256K(58880K)] 528073K->476105K(779776K), 0.0112992 secs] [Times: user=0.06 sys=0.00, real=0.01 secs]
2325.749: [GC [PSYoungGen: 52224K->256K(58880K)] 528073K->476105K(779776K), 0.0112992 secs] [Times: user=0.06 sys=0.00, real=0.01 secs]
2325.749: [GC [PSYoungGen: 52224K->256K(58880K)] 528073K->476105K(779776K), 0.0112992 secs] [Times: user=0.06 sys=0.00, real=0.01 secs]
2325.749: [GC [PSYoungGen: 52224K->256K(58880K)] 528073K->476105K(779776K), 0.0112992 secs] [Times: user=0.06 sys=0.00, real=0.01 secs]
2325.749: [GC [PSYoungGen: 52224K->256K(58880K)] 528073K->476105K(779776K), 0.0112992 secs] [Times: user=0.06 sys=0.00, real=0.01 secs]
2325.749: [GC [PSYoungGen: 52224K->256K(58880K)] 528073K->476105K(779776K), 0.0112992 secs] [Times: user=0.06 sys=0.00, real=0.01 secs]
2325.749: [GC [PSYoungGen: 52224K->256K(58880K)] 528073K->476105K(779776K), 0.0112992 secs] [Times: user=0.06 sys=0.00, real=0.01 secs]
2325.749: [GC [PSYoungGen: 52224K->256K(58880K)] 528073K->476105K(779776K), 0.0112992 secs] [Times: user=0.06 sys=0.00, real=0.01 secs]
2325.749: [GC [PSYoungGen: 52224K->256K(58880K)] 528073K->476105K(779776K), 0.0112992 secs] [Times: user=0.06 sys=0.00, real=0.01 secs]
2325.749: [GC [PSYoungGen: 52224K->256K(58880K)] 528073K->476105K(779776K), 0.0112992 secs] [Times: user=0.06 sys=0.00, real=0.01 secs]
2325.749: [GC [PSYoungGen: 52224K->256K(58880K)] 528073K->476105K(779776K), 0.0112992 secs] [Times: user=0.06 sys=0.00, real=0.01 secs]
2325.749: [GC [PSYoungGen: 52224K->256K(58880K)] 528073K->476105K(779776K), 0.0112992 secs] [Times: user=0.06 sys=0.00, real=0.01 secs]
2325.749: [GC [PSYoungGen: 52224K->256K(58880K)] 528073K->476105K(779776K), 0.0112992 secs] [Times: user=0.06 sys=0.00, real=0.01 secs]
2325.749: [GC [PSYoungGen: 52224K->256K(58880K)] 528073K->476105K(779776K), 0.0112992 secs] [Times: user=0.06 sys=0.00, real=0.01 secs]
2325.749: [GC [PSYoungGen: 52224K->256K(58880K)] 528073K->476105K(779776K), 0.0112992 secs] [Times: user=0.06 sys=0.00, real=0.01 secs]
2325.749: [GC [PSYoungGen: 52224K->256K(58880K)] 528073K->476105K(779776K), 0.0112992 secs] [Times: user=0.06 sys=0.00, real=0.01 secs]
2325.749: [GC [PSYoungGen: 52224K->256K(58880K)] 528073K->476105K(779776K), 0.0112992 secs] [Times: user=0.06 sys=0.00, real=0.01 secs]
2325.749: [GC [PSYoungGen: 52224K->256K(58880K)] 528073K->476105K(779776K), 0.0112992 secs] [Times: user=0.06 sys=0.00, real=0.01 secs]
2325.749: [GC [PSYoungGen: 52224K->256K(58880K)] 528073K->476105K(779776K), 0.0112992 secs] [Times: user=0.06 sys=0.00, real=0.01 secs]
2325.749: [GC [PSYoungGen: 52224K->256K(58880K)] 528073K->476105K(779776K), 0.0112992 secs] [Times: user=0.06 sys=0.00, real=0.01 secs]
2325.749: [GC [PSYoungGen: 52224K->256K(58880K)] 528073K->476105K(779776K), 0.0112992 secs] [Times: user=0.06 sys=0.00, real=0.01 secs]
2325.749: [GC [PSYoungGen: 52224K->256K(58880K)] 528073K->476105K(779776K), 0.0112992 secs] [Times: user=0.06 sys=0.00, real=0.01 secs]
2325.749: [GC [PSYoungGen: 52224K->256K(58880K)] 528073K->476105K(779776K), 0.0112992 secs] [Times: user=0.06 sys=0.00, real=0.01 secs]
2325.749: [GC [PSYoungGen: 52224K->256K(58880K)] 528073K->476105K(779776K), 0.0112992 secs] [Times: user=0.06 sys=0.00, real=0.01 secs]
2325.749: [GC [PSYoungGen: 52224K->256K(58880K)] 528073K->476105K(779776K), 0.0112992 secs] [Times: user=0.06 sys=0.00, real=0.01 secs]
2325.749: [GC [PSYoungGen: 52224K->256K(58880K)] 528073K->476105K(779776K), 0.0112992 secs] [Times: user=0.06 sys=0.00, real=0.01 secs]
2325.749: [GC [PSYoungGen: 52224K->256K(58880K)] 528073K->476105K(779776K), 0.0112992 secs] [Times: user=0.06 sys=0.00, real=0.01 secs]
2325.749: [GC [PSYoungGen: 52224K->256K(58880K)] 528073K->476105K(779776K), 0.0112992 secs] [Times: user=0.06 sys=0.00, real=0.01 secs]
2325.749: [GC [PSYoungGen: 52224K->256K(58880K)] 528073K->476105K(779776K), 0.0112992 secs] [Times: user=0.06 sys=0.00, real=0.01 secs]
2325.749: [GC [PSYoungGen: 52224K->256K(58880K)] 528073K->476105K(779776K), 0.0112992 secs] [Times: user=0.06 sys=0.00, real=0.01 secs]
2325.749: [GC [PSYoungGen: 52224K->256K(58880K)] 528073K->476105K(779776K), 0.0112992 secs] [Times: user=0.06 sys=0.00, real=0.01 secs]
2325.749: [GC [PSYoungGen: 52224K->256K(58880K)] 528073K->476105K(779776K), 0.0112992 secs] [Times: user=0.06 sys=0.00, real=0.01 secs]
2325.749: [GC [PSYoungGen: 52224K->256K(58880K)] 528073K->476105K(779776K), 0.0112992 secs] [Times: user=0.06 sys=0.00, real=0.01 secs]
2325.749: [GC [PSYoungGen: 52224K->256K(58880K)] 528073K->476105K(779776K), 0.0112992 secs] [Times: user=0.06 sys=0.00, real=0.01 secs]
2325.749: [GC [PSYoungGen: 52224K->256K(58880K)] 528073K->476105K(779776K), 0.0112992 secs] [Times: user=0.06 sys=0.00, real=0.01 secs]
2325.749: [GC [PSYoungGen: 52224K->256K(58880K)] 528073K->476105K(779776K), 0.0112992 secs] [Times: user=0.06 sys=0.00, real=0.01 secs]
2325.749: [GC [PSYoungGen: 52224K->256K(58880K)] 528073K->476105K(779776K), 0.0112992 secs] [Times: user=0.06 sys=0.00, real=0.01 secs]
2325.749: [GC [PSYoungGen: 52224K->256K(58880K)] 528073K->476105K(779776K), 0.0112992 secs] [Times: user=0.06 sys=0.00, real=0.01 secs]
2325.749: [GC [PSYoungGen: 52224K->256K(58880K)] 528073K->476105K(779776K), 0.0112992 secs] [Times: user=0.06 sys=0.00, real=0.01 secs]
2325.749: [GC [PSYoungGen: 52224K->256K(58880K)] 528073K->476105K(779776K), 0.0112992 secs] [Times: user=0.06 sys=0.00, real=0.01 secs]
2325.749: [GC [PSYoungGen: 52224K->256K(58880K)] 528073K->476105K(779776K), 0.0112992 secs] [Times: user=0.06 sys=0.00, real=0.01 secs]
2325.749: [GC [PSYoungGen: 52224K->256K(58880K)] 528073K->476105K(779776K), 0.0112992 secs] [Times: user=0.06 sys=0.00, real=0.01 secs]
2325.749: [GC [PSYoungGen: 52224K->256K(58880K)] 528073K->476105K(779776K), 0.0112992 secs] [Times: user=0.06 sys=0.00, real=0.01 secs]
2325.749: [GC [PSYoungGen: 52224K->256K(58880K)] 528073K->476105K(779776K), 0.0112992 secs] [Times: user=0.06 sys=0.00, real=0.01 secs]
2325.749: [GC [PSYoungGen: 52224K->256K(58880K)] 528073K->476105K(779776K), 0.0112992 secs] [Times: user=0.06 sys=0.00, real=0.01 secs]
2325.749: [GC [PSYoungGen: 52224K->256K(58880K)] 528073K->476105K(779776K), 0.0112992 secs] [Times: user=0.06 sys=0.00, real=0.01 secs]
2325.749: [GC [PSYoungGen: 52224K->256K(58880K)] 528073K->476105K(779776K), 0.0112992 secs] [Times: user=0.06 sys=0.00, real=0.01 secs]
2325.749: [GC [PSYoungGen: 52224K->256K(58880K)] 528073K->476105K(779776K), 0.0112992 secs] [Times: user=0.06 sys=0.00, real=0.01 secs]
2325.749: [GC [PSYoungGen: 52224K->256K(58880K)] 528073K->476105K(779776K), 0.0112992 secs] [Times: user=0.06 sys=0.00, real=0.01 secs]
2325.749: [GC [PSYoungGen: 52224K->256K(58880K)] 528073K->476105K(779776K), 0.0112992 secs] [Times: user=0.06 sys=0.00, real=0.01 secs]
2325.749: [GC [PSYoungGen: 52224K->256K(58880K)] 528073K->476105K(779776K), 0.0112992 secs] [Times: user=0.06 sys=0.00, real=0.01 secs]
2325.749: [GC [PSYoungGen: 52224K->256K(58880K)] 528073K->476105K(779776K), 0.0112992 secs] [Times: user=0.06 sys=0.00, real=0.01 secs]
2325.749: [GC [PSYoungGen: 52224K->256K(58880K)] 528073K->476105K(779776K), 0.0112992 secs] [Times: user=0.06 sys=0.00, real=0.01 secs]
2325.749: [GC [PSYoungGen: 52224K->256K(58880K)] 528073K->476105K(779776K), 0.0112992 secs] [Times: user=0.06 sys=0.00, real=0.01 secs]
2325.749: [GC [PSYoungGen: 52224K->256K(58880K)] 528073K->476105K(779776K), 0.0112992 secs] [Times: user=0.06 sys=0.00, real=0.01 secs]
2325.749: [GC [PSYoungGen: 52224K->256K(58880K)] 528073K->476105K(779776K), 0.0112992 secs] [Times: user=0.06 sys=0.00, real=0.01 secs]
2325.749: [GC [PSYoungGen: 52224K->256K(58880K)] 528073K->476105K(779776K), 0.0112992 secs] [Times: user=0.06 sys=0.00, real=0.01 secs]
2325.749: [GC [PSYoungGen: 52224K->256K(58880K)] 528073K->476105K(779776K), 0.0112992 secs] [Times: user=0.06 sys=0.00, real=0.01 secs]
2325.749: [GC [PSYoungGen: 52224K->256K(58880K)] 528073K->476105K(779776K), 0.0112992 secs] [Times: user=0.06 sys=0.00, real=0.01 secs]
2325.749: [GC [PSYoungGen: 52224K->256K(58880K)] 528073K->476105K(779776K), 0.0112992 secs] [Times: user=0.06 sys=0.00, real=0.01 secs]
2325.749: [GC [PSYoungGen: 52224K->256K(58880K)] 528073K->476105K(779776K), 0.0112992 secs] [Times: user=0.06 sys=0.00, real=0.01 secs]
2325.749: [GC [PSYoungGen: 52224K->256K(58880K)] 528073K->476105K(779776K), 0.0112992 secs] [Times: user=0.06 sys=0.00, real=0.01 secs]
2325.749: [GC [PSYoungGen: 52224K->256K(58880K)] 528073K->476105K(779776K), 0.0112992 secs] [Times: user=0.06 sys=0.00, real=0.01 secs]
2325.749: [GC [PSYoungGen: 52224K->256K(58880K)] 528073K->476105K(779776K), 0.0112992 secs] [Times: user=0.06 sys=0.00, real=0.01 secs]
2325.749: [GC [PSYoungGen: 52224K->256K(58880K)] 528073K->476105K(779776K), 0.0112992 secs] [Times: user=0.06 sys=0.00, real=0.01 secs]
2325.749: [GC [PSYoungGen: 52224K->256K(58880K)] 528073K->476105K(779776K), 0.0112992 secs] [Times: user=0.06 sys=0.00, real=0.01 secs]
2325.749: [GC [PSYoungGen: 52224K->256K(58880K)] 528073K->476105K(779776K), 0.0112992 secs] [Times: user=0.06 sys=0.00, real=0.01 secs]
2325.749: [GC [PSYoungGen: 52224K->256K(58880K)] 528073K->476105K(779776K), 0.0112992 secs] [Times: user=0.06 sys=0.00, real=0.01 secs]
2325.749: [GC [PSYoungGen: 52224K->256K(58880K)] 528073K->476105K(779776K), 0.0112992 secs] [Times: user=0.06 sys=0.00, real=0.01 secs]
2325.749: [GC [PSYoungGen: 52224K->256K(58880K)] 528073K->476105K(779776K), 0.0112992 secs] [Times: user=0.06 sys=0.00, real=0.01 secs]
2325.749: [GC [PSYoungGen: 52224K->256K(58880K)] 528073K->476105K(779776K), 0.0112992 secs] [Times: user=0.06 sys=0.00, real=0.01 secs]
2325.749: [GC [PSYoungGen: 52224K->256K(58880K)] 528073K->476105K(779776K), 0.0112992 secs] [Times: user=0.06 sys=0.00, real=0.01 secs]
2325.749: [GC [PSYoungGen: 52224K->256K(58880K)] 528073K->476105K(779776K), 0.0112992 secs] [Times: user=0.06 sys=0.00, real=0.01 secs]
2325.749: [GC [PSYoungGen: 52224K->256K(58880K)] 528073K->476105K(779776K), 0.0112992 secs] [Times: user=0.06 sys=0.00, real=0.01 secs]
2325.749: [GC [PSYoungGen: 52224K->256K(58880K)] 528073K->476105K(779776K), 0.0112992 secs] [Times: user=0.06 sys=0.00, real=0.01 secs]
2325.749: [GC [PSYoungGen: 52224K->256K(58880K)] 528073K->476105K(779776K), 0.0112992 secs] [Times: user=0.06 sys=0.00, real=0.01 secs]
2325.749: [GC [PSYoungGen: 52224K->256K(58880K)] 528073K->476105K(779776K), 0.0112992 secs] [Times: user=0.06 sys=0.00, real=0.01 secs]
2325.749: [GC [PSYoungGen: 52224K->256K(58880K)] 528073K->476105K(779776K), 0.0112992 secs] [Times: user=0.06 sys=0.00, real=0.01 secs]
2325.749: [GC [PSYoungGen: 52224K->256K(58880K)] 528073K->476105K(779776K), 0.0112992 secs] [Times: user=0.06 sys=0.00, real=0.01 secs]
2325.749: [GC [PSYoungGen: 52224K->256K(58880K)] 528073K->476105K(779776K), 0.0112992 secs] [Times: user=0.06 sys=0.00, real=0.01 secs]
2325.749: [GC [PSYoungGen: 52224K->256K(58880K)] 528073K->476105K(779776K), 0.0112992 secs] [Times: user=0.06 sys=0.00, real=0.01 secs]
2325.749: [GC [PSYoungGen: 52224K->256K(58880K)] 528073K->476105K(779776K), 0.0112992 secs] [Times: user=0.06 sys=0.00, real=0.01 secs]
2325.749: [GC [PSYoungGen: 52224K->256K(58880K)] 528073K->476105K(779776K), 0.0112992 secs] [Times: user=0.06 sys=0.00, real=0.01 secs]
2325.749: [GC [PSYoungGen: 52224K->256K(58880K)] 528073K->476105K(779776K), 0.0112992 secs] [Times: user=0.06 sys=0.00, real=0.01 secs]
2325.749: [GC [PSYoungGen: 52224K->256K(58880K)] 528073K->476105K(779776K), 0.0112992 secs] [Times: user=0.06 sys=0.00, real=0.01 secs]
2325.749: [GC [PSYoungGen: 52224K->256K(58880K)] 528073K->476105K(779776K), 0.0112992 secs] [Times: user=0.06 sys=0.00, real=0.01 secs]
2325.749: [GC [PSYoungGen: 52224K->256K(58880K)] 528073K->476105K(779776K), 0.0112992 secs] [Times: user=0.06 sys=0.00, real=0.01 secs]
2325.749: [GC [PSYoungGen: 52224K->256K(58880K)] 528073K->476105K(779776K), 0.0112992 secs] [Times: user=0.06 sys=0.00, real=0.01 secs]
2325.749: [GC [PSYoungGen: 52224K->256K(58880K)] 528073K->476105K(779776K), 0.0112992 secs] [Times: user=0.06 sys=0.00, real=0.01 secs]
2325.749: [GC [PSYoungGen: 52224K->256K(58880K)] 528073K->476105K(779776K), 0.0112992 secs] [Times: user=0.06 sys=0.00, real=0.01 secs]
2325.749: [GC [PSYoungGen: 52224K->256K(58880K)] 528073K->476105K(779776K), 0.0112992 secs] [Times: user=0.06 sys=0.00, real=0.01 secs]
2325.749: [GC [PSYoungGen: 52224K->256K(58880K)] 528073K->476105K(779776K), 0.0112992 secs] [Times: user=0.06 sys=0.00, real=0.01 secs]
2325.749: [GC [PSYoungGen: 52224K->256K(58880K)] 528073K->476105K(779776K), 0.0112992 secs] [Times: user=0.06 sys=0.00, real=0.01 secs]
2325.749: [GC [PSYoungGen: 52224K->256K(58880K)] 528073K->476105K(779776K), 0.0112992 secs] [Times: user=0.06 sys=0.00, real=0.01 secs]
2325.749: [GC [PSYoungGen: 52224K->256K(58880K)] 528073K->476105K(779776K), 0.0112992 secs] [Times: user=0.06 sys=0.00, real=0.01 secs]
2325.749: [GC [PSYoungGen: 52224K->256K(58880K)] 528073K->476105K(779776K), 0.0112992 secs] [Times: user=0.06 sys=0.00, real=0.01 secs]
2325.749: [GC [PSYoungGen: 52224K->256K(58880K)] 528073K->476105K(779776K), 0.0112992 secs] [Times: user=0.06 sys=0.00, real=0.01 secs]
2325.749: [GC [PSYoungGen: 52224K->256K(58880K)] 528073K->476105K(779776K), 0.0112992 secs] [Times: user=0.06 sys=0.00, real=0.01 secs]
2325.749: [GC [PSYoungGen: 52224K->256K(58880K)] 528073K->476105K(779776K), 0.0112992 secs] [Times: user=0.06 sys=0.00, real=0.01 secs]
2325.749: [GC [PSYoungGen: 52224K->256K(58880K)] 528073K->476105K(779776K), 0.0112992 secs] [Times: user=0.06 sys=0.00, real=0.01 secs]
2325.749: [GC [PSYoungGen: 52224K->256K(58880K)] 528073K->476105K(779776K), 0.0112992 secs] [Times: user=0.06 sys=0.00, real=0.01 secs]
2325.749: [GC [PSYoungGen: 52224K->256K(58880K)] 528073K->476105K(779776K), 0.0112992 secs] [Times: user=0.06 sys=0.00, real=0.01 secs]
2325.749: [GC [PSYoungGen: 52224K->256K(58880K)] 528073K->476105K(779776K), 0.0112992 secs] [Times: user=0.06 sys=0.00, real=0.01 secs]
2325.749: [GC [PSYoungGen: 52224K->256K(58880K)] 528073K->476105K(779776K), 0.0112992 secs] [Times: user=0.06 sys=0.00, real=0.01 secs]
2325.749: [GC [PSYoungGen: 52224K->256K(58880K)] 528073K->476105K(779776K), 0.0112992 secs] [Times: user=0.06 sys=0.00, real=0.01 secs]
2325.749: [GC [PSYoungGen: 52224K->256K(58880K)] 528073K->476105K(779776K), 0.0112992 secs] [Times: user=0.06 sys=0.00, real=0.01 secs]
2325.749: [GC [PSYoungGen: 52224K->256K(58880K)] 528073K->476105K(779776K), 0.0112992 secs] [Times: user=0.06 sys=0.00, real=0.01 secs]
2325.749: [GC [PSYoungGen: 52224K->256K(58880K)] 528073K->476105K(779776K), 0.0112992 secs] [Times: user=0.06 sys=0.00, real=0.01 secs]
2325.749: [GC [PSYoungGen: 52224K->256K(58880K)] 528073K->476105K(779776K), 0.0112992 secs] [Times: user=0.06 sys=0.00, real=0.01 secs]
2325.749: [GC [PSYoungGen: 52224K->256K(58880K)] 528073K->476105K(779776K), 0.0112992 secs] [Times: user=0.06 sys=0.00, real=0.01 secs]
2325.749: [GC [PSYoungGen: 52224K->256K(58880K)] 528073K->476105K(779776K), 0.0112992 secs] [Times: user=0.06 sys=0.00, real=0.01 secs]
2325.749: [GC [PSYoungGen: 52224K->256K(58880K)] 528073K->476105K(779776K), 0.0112992 secs] [Times: user=0.06 sys=0.00, real=0.01 secs]
2325.749: [GC [PSYoungGen: 52224K->256K(58880K)] 528073K->476105K(779776K), 0.0112992 secs] [Times: user=0.06 sys=0.00, real=0.01 secs]
2325.749: [GC [PSYoungGen: 52224K->256K(58880K)] 528073K->476105K(779776K), 0.0112992 secs] [Times: user=0.06 sys=0.00, real=0.01 secs]
2325.749: [GC [PSYoungGen: 52224K->256K(58880K)] 528073K->476105K(779776K), 0.0112992 secs] [Times: user=0.06 sys=0.00, real=0.01 secs]
2325.749: [GC [PSYoungGen: 52224K->256K(58880K)] 528073K->476105K(779776K), 0.0112992 secs] [Times: user=0.06 sys=0.00, real=0.01 secs]
2325.749: [GC [PSYoungGen: 52224K->256K(58880K)] 528073K->476105K(779776K), 0.0112992 secs] [Times: user=0.06 sys=0.00, real=0.01 secs]
2325.749: [GC [PSYoungGen: 52224K->256K(58880K)] 528073K->476105K(779776K), 0.0112992 secs] [Times: user=0.06 sys=0.00, real=0.01 secs]
2325.749: [GC [PSYoungGen: 52224K->256K(58880K)] 528073K->476105K(779776K), 0.0112992 secs] [Times: user=0.06 sys=0.00, real=0.01 secs]
2325.749: [GC [PSYoungGen: 52224K->256K(58880K)] 528073K->476105K(779776K), 0.0112992 secs] [Times: user=0.06 sys=0.00, real=0.01 secs]
2325.749: [GC [PSYoungGen: 52224K->256K(58880K)] 528073K->476105K(779776K), 0.0112992 secs] [Times: user=0.06 sys=0.00, real=0.01 secs]
2325.749: [GC [PSYoungGen: 52224K->256K(58880K)] 528073K->476105K(779776K), 0.0112992 secs] [Times: user=0.06 sys=0.00, real=0.01 secs]
2325.749: [GC [PSYoungGen: 52224K->256K(58880K)] 528073K->476105K(779776K), 0.0112992 secs] [Times: user=0.06 sys=0.00, real=0.01 secs]
2325.749: [GC [PSYoungGen: 52224K->256K(58880K)] 528073K->476105K(779776K), 0.0112992 secs] [Times: user=0.06 sys=0.00, real=0.01 secs]
2325.749: [GC [PSYoungGen: 52224K->256K(58880K)] 528073K->476105K(779776K), 0.0112992 secs] [Times: user=0.06 sys=0.00, real=0.01 secs]
2325.749: [GC [PSYoungGen: 52224K->256K(58880K)] 528073K->476105K(779776K), 0.0112992 secs] [Times: user=0.06 sys=0.00, real=0.01 secs]
2325.749: [GC [PSYoungGen: 52224K->256K(58880K)] 528073K->476105K(779776K), 0.0112992 secs] [Times: user=0.06 sys=0.00, real=0.01 secs]
2325.749: [GC [PSYoungGen: 52224K->256K(58880K)] 528073K->476105K(779776K), 0.0112992 secs] [Times: user=0.06 sys=0.00, real=0.01 secs]
2325.749: [GC [PSYoungGen: 52224K->256K(58880K)] 528073K->476105K(779776K), 0.0112992 secs] [Times: user=0.06 sys=0.00, real=0.01 secs]
2325.749: [GC [PSYoungGen: 52224K->256K(58880K)] 528073K->476105K(779776K), 0.0112992 secs] [Times: user=0.06 sys=0.00, real=0.01 secs]
2325.749: [GC [PSYoungGen: 52224K->256K(58880K)] 528073K->476105K(779776K), 0.0112992 secs] [Times: user=0.06 sys=0.00, real=0.01 secs]
2325.749: [GC [PSYoungGen: 52224K->256K(58880K)] 528073K->476105K(779776K), 0.0112992 secs] [Times: user=0.06 sys=0.00, real=0.01 secs]
2325.749: [GC [PSYoungGen: 52224K->256K(58880K)] 528073K->476105K(779776K), 0.0112992 secs] [Times: user=0.06 sys=0.00, real=0.01 secs]
2325.749: [GC [PSYoungGen: 52224K->256K(58880K)] 528073K->476105K(779776K), 0.0112992 secs] [Times: user=0.06 sys=0.00, real=0.01 secs]
2325.749: [GC [PSYoungGen: 52224K->256K(58880K)] 528073K->476105K(779776K), 0.0112992 secs] [Times: user=0.06 sys=0.00, real=0.01 secs]
2325.749: [GC [PSYoungGen: 52224K->256K(58880K)] 528073K->476105K(779776K), 0.0112992 secs] [Times: user=0.06 sys=0.00, real=0.01 secs]
2325.749: [GC [PSYoungGen: 52224K->256K(58880K)] 528073K->476105K(779776K), 0.0112992 secs] [Times: user=0.06 sys=0.00, real=0.01 secs]
2325.749: [GC [PSYoungGen: 52224K->256K(58880K)] 528073K->476105K(779776K), 0.0112992 secs] [Times: user=0.06 sys=0.00, real=0.01 secs]
2325.749: [GC [PSYoungGen: 52224K->256K(58880K)] 528073K->476105K(779776K), 0.0112992 secs] [Times: user=0.06 sys=0.00, real=0.01 secs]
2325.749: [GC [PSYoungGen: 52224K->256K(58880K)] 528073K->476105K(779776K), 0.0112992 secs] [Times: user=0.06 sys=0.00, real=0.01 secs]
2325.749: [GC [PSYoungGen: 52224K->256K(58880K)] 528073K->476105K(779776K), 0.0112992 secs] [Times: user=0.06 sys=0.00, real=0.01 secs]
2325.749: [GC [PSYoungGen: 52224K->256K(58880K)] 528073K->476105K(779776K), 0.0112992 secs] [Times: user=0.06 sys=0.00, real=0.01 secs]
2325.749: [GC [PSYoungGen: 52224K->256K(58880K)] 528073K->476105K(779776K), 0.0112992 secs] [Times: user=0.06 sys=0.00, real=0.01 secs]
2325.749: [GC [PSYoungGen: 52224K->256K(58880K)] 528073K->476105K(779776K), 0.0112992 secs] [Times: user=0.06 sys=0.00, real=0.01 secs]
2325.749: [GC [PSYoungGen: 52224K->256K(58880K)] 528073K->476105K(779776K), 0.0112992 secs] [Times: user=0.06 sys=0.00, real=0.01 secs]
2325.749: [GC [PSYoungGen: 52224K->256K(58880K)] 528073K->476105K(779776K), 0.0112992 secs] [Times: user=0.06 sys=0.00, real=0.01 secs]
2325.749: [GC [PSYoungGen: 52224K->256K(58880K)] 528073K->476105K(779776K), 0.0112992 secs] [Times: user=0.06 sys=0.00, real=0.01 secs]
2325.749: [GC [PSYoungGen: 52224K->256K(58880K)] 528073K->476105K(779776K), 0.0112992 secs] [Times: user=0.06 sys=0.00, real=0.01 secs]
2325.749: [GC [PSYoungGen: 52224K->256K(58880K)] 528073K->476105K(779776K), 0.0112992 secs] [Times: user=0.06 sys=0.00, real=0.01 secs]
2325.749: [GC [PSYoungGen: 52224K->256K(58880K)] 528073K->476105K(779776K), 0.0112992 secs] [Times: user=0.06 sys=0.00, real=0.01 secs]
2325.749: [GC [PSYoungGen: 52224K->256K(58880K)] 528073K->476105K(779776K), 0.0112992 secs] [Times: user=0.06 sys=0.00, real=0.01 secs]
2325.749: [GC [PSYoungGen: 52224K->256K(58880K)] 528073K->476105K(779776K), 0.0112992 secs] [Times: user=0.06 sys=0.00, real=0.01 secs]
2325.749: [GC [PSYoungGen: 52224K->256K(58880K)] 528073K->476105K(779776K), 0.0112992 secs] [Times: user=0.06 sys=0.00, real=0.01 secs]
2325.749: [GC [PSYoungGen: 52224K->256K(58880K)] 528073K->476105K(779776K), 0.0112992 secs] [Times: user=0.06 sys=0.00, real=0.01 secs]
2325.749: [GC [PSYoungGen: 52224K->256K(58880K)] 528073K->476105K(779776K), 0.0112992 secs] [Times: user=0.06 sys=0.00, real=0.01 secs]
2325.749: [GC [PSYoungGen: 52224K->256K(58880K)] 528073K->476105K(779776K), 0.0112992 secs] [Times: user=0.06 sys=0.00, real=0.01 secs]
2325.749: [GC [PSYoungGen: 52224K->256K(58880K)] 528073K->476105K(779776K), 0.0112992 secs] [Times: user=0.06 sys=0.00, real=0.01 secs]
2325.749: [GC [PSYoungGen: 52224K->256K(58880K)] 528073K->476105K(779776K), 0.0112992 secs] [Times: user=0.06 sys=0.00, real=0.01 secs]
2325.749: [GC [PSYoungGen: 52224K->256K(58880K)] 528073K->476105K(779776K), 0.0112992 secs] [Times: user=0.06 sys=0.00, real=0.01 secs]
2325.749: [GC [PSYoungGen: 52224K->256K(58880K)] 528073K->476105K(779776K), 0.0112992 secs] [Times: user=0.06 sys=0.00, real=0.01 secs]
2325.749: [GC [PSYoungGen: 52224K->256K(58880K)] 528073K->476105K(779776K), 0.0112992 secs] [Times: user=0.06 sys=0.00, real=0.01 secs]
2325.749: [GC [PSYoungGen: 52224K->256K(58880K)] 528073K->476105K(779776K), 0.0112992 secs] [Times: user=0.06 sys=0.00, real=0.01 secs]
2325.749: [GC [PSYoungGen: 52224K->256K(58880K)] 528073K->476105K(779776K), 0.0112992 secs] [Times: user=0.06 sys=0.00, real=0.01 secs]
2325.749: [GC [PSYoungGen: 52224K->256K(58880K)] 528073K->476105K(779776K), 0.0112992 secs] [Times: user=0.06 sys=0.00, real=0.01 secs]
2325.749: [GC [PSYoungGen: 52224K->256K(58880K)] 528073K->476105K(779776K), 0.0112992 secs] [Times: user=0.06 sys=0.00, real=0.01 secs]
2325.749: [GC [PSYoungGen: 52224K->256K(58880K)] 528073K->476105K(779776K), 0.0112992 secs] [Times: user=0.06 sys=0.00, real=0.01 secs]
2325.749: [GC [PSYoungGen: 52224K->256K(58880K)] 528073K->476105K(779776K), 0.0112992 secs] [Times: user=0.06 sys=0.00, real=0.01 secs]
2325.749: [GC [PSYoungGen: 52224K->256K(58880K)] 528073K->476105K(779776K), 0.0112992 secs] [Times: user=0.06 sys=0.00, real=0.01 secs]
2325.749: [GC [PSYoungGen: 52224K->256K(58880K)] 528073K->476105K(779776K), 0.0112992 secs] [Times: user=0.06 sys=0.00, real=0.01 secs]
2325.749: [GC [PSYoungGen: 52224K->256K(58880K)] 528073K->476105K(779776K), 0.0112992 secs] [Times: user=0.06 sys=0.00, real=0.01 secs]
2325.749: [GC [PSYoungGen: 52224K->256K(58880K)] 528073K->476105K(779776K), 0.0112992 secs] [Times: user=0.06 sys=0.00, real=0.01 secs]
2325.749: [GC [PSYoungGen: 52224K->256K(58880K)] 528073K->476105K(779776K), 0.0112992 secs] [Times: user=0.06 sys=0.00, real=0.01 secs]
2325.749: [GC [PSYoungGen: 52224K->256K(58880K)] 528073K->476105K(779776K), 0.0112992 secs] [Times: user=0.06 sys=0.00, real=0.01 secs]
2325.749: [GC [PSYoungGen: 52224K->256K(58880K)] 528073K->476105K(779776K), 0.0112992 secs] [Times: user=0.06 sys=0.00, real=0.01 secs]
2325.749: [GC [PSYoungGen: 52224K->256K(58880K)] 528073K->476105K(779776K), 0.0112992 secs] [Times: user=0.06 sys=0.00, real=0.01 secs]
2325.749: [GC [PSYoungGen: 52224K->256K(58880K)] 528073K->476105K(779776K), 0.0112992 secs] [Times: user=0.06 sys=0.00, real=0.01 secs]
2325.749: [GC [PSYoungGen: 52224K->256K(58880K)] 528073K->476105K(779776K), 0.0112992 secs] [Times: user=0.06 sys=0.00, real=0.01 secs]
2325.749: [GC [PSYoungGen: 52224K->256K(58880K)] 528073K->476105K(779776K), 0.0112992 secs] [Times: user=0.06 sys=0.00, real=0.01 secs]
2325.749: [GC [PSYoungGen: 52224K->256K(58880K)] 528073K->476105K(779776K), 0.0112992 secs] [Times: user=0.06 sys=0.00, real=0.01 secs]
2325.749: [GC [PSYoungGen: 52224K->256K(58880K)] 528073K->476105K(779776K), 0.0112992 secs] [Times: user=0.06 sys=0.00, real=0.01 secs]
2325.749: [GC [PSYoungGen: 52224K->256K(58880K)] 528073K->476105K(779776K), 0.0112992 secs] [Times: user=0.06 sys=0.00, real=0.01 secs]
2325.749: [GC [PSYoungGen: 52224K->256K(58880K)] 528073K->476105K(779776K), 0.0112992 secs] [Times: user=0.06 sys=0.00, real=0.01 secs]
2325.749: [GC [PSYoungGen: 52224K->256K(58880K)] 528073K->476105K(779776K), 0.0112992 secs] [Times: user=0.06 sys=0.00, real=0.01 secs]
2325.749: [GC [PSYoungGen: 52224K->256K(58880K)] 528073K->476105K(779776K), 0.0112992 secs] [Times: user=0.06 sys=0.00, real=0.01 secs]
2325.749: [GC [PSYoungGen: 52224K->256K(58880K)] 528073K->476105K(779776K), 0.0112992 secs] [Times: user=0.06 sys=0.00, real=0.01 secs]
2325.749: [GC [PSYoungGen: 52224K->256K(58880K)] 528073K->476105K(779776K), 0.0112992 secs] [Times: user=0.06 sys=0.00, real=0.01 secs]
2325.749: [GC [PSYoungGen: 52224K->256K(58880K)] 528073K->476105K(779776K), 0.0112992 secs] [Times: user=0.06 sys=0.00, real=0.01 secs]
2325.749: [GC [PSYoungGen: 52224K->256K(58880K)] 528073K->476105K(779776K), 0.0112992 secs] [Times: user=0.06 sys=0.00, real=0.01 secs]
2325.749: [GC [PSYoungGen: 52224K->256K(58880K)] 528073K->476105K(779776K), 0.0112992 secs] [Times: user=0.06 sys=0.00, real=0.01 secs]
2325.749: [GC [PSYoungGen: 52224K->256K(58880K)] 528073K->476105K(779776K), 0.0112992 secs] [Times: user=0.06 sys=0.00, real=0.01 secs]
2325.749: [GC [PSYoungGen: 52224K->256K(58880K)] 528073K->476105K(779776K), 0.0112992 secs] [Times: user=0.06 sys=0.00, real=0.01 secs]
2325.749: [GC [PSYoungGen: 52224K->256K(58880K)] 528073K->476105K(779776K), 0.0112992 secs] [Times: user=0.06 sys=0.00, real=0.01 secs]
2325.749: [GC [PSYoungGen: 52224K->256K(58880K)] 528073K->476105K(779776K), 0.0112992 secs] [Times: user=0.06 sys=0.00, real=0.01 secs]
2325.749: [GC [PSYoungGen: 52224K->256K(58880K)] 528073K->476105K(779776K), 0.0112992 secs] [Times: user=0.06 sys=0.00, real=0.01 secs]
2325.749: [GC [PSYoungGen: 52224K->256K(58880K)] 528073K->476105K(779776K), 0.0112992 secs] [Times: user=0.06 sys=0.00, real=0.01 secs]
2325.749: [GC [PSYoungGen: 52224K->256K(58880K)] 528073K->476105K(779776K), 0.0112992 secs] [Times: user=0.06 sys=0.00, real=0.01 secs]
2325.749: [GC [PSYoungGen: 52224K->256K(58880K)] 528073K->476105K(779776K), 0.0112992 secs] [Times: user=0.06 sys=0.00, real=0.01 secs]
2325.749: [GC [PSYoungGen: 52224K->256K(58880K)] 528073K->476105K(779776K), 0.0112992 secs] [Times: user=0.06 sys=0.00, real=0.01 secs]
2325.749: [GC [PSYoungGen: 52224K->256K(58880K)] 528073K->476105K(779776K), 0.0112992 secs] [Times: user=0.06 sys=0.00, real=0.01 secs]
2325.749: [GC [PSYoungGen: 52224K->256K(58880K)] 528073K->476105K(779776K), 0.0112992 secs] [Times: user=0.06 sys=0.00, real=0.01 secs]
2325.749: [GC [PSYoungGen: 52224K->256K(58880K)] 528073K->476105K(779776K), 0.0112992 secs] [Times: user=0.06 sys=0.00, real=0.01 secs]
2325.749: [GC [PSYoungGen: 52224K->256K(58880K)] 528073K->476105K(779776K), 0.0112992 secs] [Times: user=0.06 sys=0.00, real=0.01 secs]
2325.749: [GC [PSYoungGen: 52224K->256K(58880K)] 528073K->476105K(779776K), 0.0112992 secs] [Times: user=0.06 sys=0.00, real=0.01 secs]
2325.749: [GC [PSYoungGen: 52224K->256K(58880K)] 528073K->476105K(779776K), 0.0112992 secs] [Times: user=0.06 sys=0.00, real=0.01 secs]
2325.749: [GC [PSYoungGen: 52224K->256K(58880K)] 528073K->476105K(779776K), 0.0112992 secs] [Times: user=0.06 sys=0.00, real=0.01 secs]
2325.749: [GC [PSYoungGen: 52224K->256K(58880K)] 528073K->476105K(779776K), 0.0112992 secs] [Times: user=0.06 sys=0.00, real=0.01 secs]
2325.749: [GC [PSYoungGen: 52224K->256K(58880K)] 528073K->476105K(779776K), 0.0112992 secs] [Times: user=0.06 sys=0.00, real=0.01 secs]
2325.749: [GC [PSYoungGen: 52224K->256K(58880K)] 528073K->476105K(779776K), 0.0112992 secs] [Times: user=0.06 sys=0.00, real=0.01 secs]
2325.749: [GC [PSYoungGen: 52224K->256K(58880K)] 528073K->476105K(779776K), 0.0112992 secs] [Times: user=0.06 sys=0.00, real=0.01 secs]
2325.749: [GC [PSYoungGen: 52224K->256K(58880K)] 528073K->476105K(779776K), 0.0112992 secs] [Times: user=0.06 sys=0.00, real=0.01 secs]
2325.749: [GC [PSYoungGen: 52224K->256K(58880K)] 528073K->476105K(779776K), 0.0112992 secs] [Times: user=0.06 sys=0.00, real=0.01 secs]
2325.749: [GC [PSYoungGen: 52224K->256K(58880K)] 528073K->476105K(779776K), 0.0112992 secs] [Times: user=0.06 sys=0.00, real=0.01 secs]
2325.749: [GC [PSYoungGen: 52224K->256K(58880K)] 528073K->476105K(779776K), 0.0112992 secs] [Times: user=0.06 sys=0.00, real=0.01 secs]
2325.749: [GC [PSYoungGen: 52224K->256K(58880K)] 528073K->476105K(779776K), 0.0112992 secs] [Times: user=0.06 sys=0.00, real=0.01 secs]
2325.749: [GC [PSYoungGen: 52224K->256K(58880K)] 528073K->476105K(779776K), 0.0112992 secs] [Times: user=0.06 sys=0.00, real=0.01 secs]
2325.749: [GC [PSYoungGen: 52224K->256K(58880K)] 528073K->476105K(779776K), 0.0112992 secs] [Times: user=0.06 sys=0.00, real=0.01 secs]
2325.749: [GC [PSYoungGen: 52224K->256K(58880K)] 528073K->476105K(779776K), 0.0112992 secs] [Times: user=0.06 sys=0.00, real=0.01 secs]
2325.749: [GC [PSYoungGen: 52224K->256K(58880K)] 528073K->476105K(779776K), 0.0112992 secs] [Times: user=0.06 sys=0.00, real=0.01 secs]
2325.749: [GC [PSYoungGen: 52224K->256K(58880K)] 528073K->476105K(779776K), 0.0112992 secs] [Times: user=0.06 sys=0.00, real=0.01 secs]
2325.749: [GC [PSYoungGen: 52224K->256K(58880K)] 528073K->476105K(779776K), 0.0112992 secs] [Times: user=0.06 sys=0.00, real=0.01 secs]
2325.749: [GC [PSYoungGen: 52224K->256K(58880K)] 528073K->476105K(779776K), 0.0112992 secs] [Times: user=0.06 sys=0.00, real=0.01 secs]
2325.749: [GC [PSYoungGen: 52224K->256K(58880K)] 528073K->476105K(779776K), 0.0112992 secs] [Times: user=0.06 sys=0.00, real=0.01 secs]
2325.749: [GC [PSYoungGen: 52224K->256K(58880K)] 528073K->476105K(779776K), 0.0112992 secs] [Times: user=0.06 sys=0.00, real=0.01 secs]
2325.749: [GC [PSYoungGen: 52224K->256K(58880K)] 528073K->476105K(779776K), 0.0112992 secs] [Times: user=0.06 sys=0.00, real=0.01 secs]
2325.749: [GC [PSYoungGen: 52224K->256K(58880K)] 528073K->476105K(779776K), 0.0112992 secs] [Times: user=0.06 sys=0.00, real=0.01 secs]
2325.749: [GC [PSYoungGen: 52224K->256K(58880K)] 528073K->476105K(779776K), 0.0112992 secs] [Times: user=0.06 sys=0.00, real=0.01 secs]
2325.749: [GC [PSYoungGen: 52224K->256K(58880K)] 528073K->476105K(779776K), 0.0112992 secs] [Times: user=0.06 sys=0.00, real=0.01 secs]
2325.749: [GC [PSYoungGen: 52224K->256K(58880K)] 528073K->476105K(779776K), 0.0112992 secs] [Times: user=0.06 sys=0.00, real=0.01 secs]
2325.749: [GC [PSYoungGen: 52224K->256K(58880K)] 528073K->476105K(779776K), 0.0112992 secs] [Times: user=0.06 sys=0.00, real=0.01 secs]
2325.749: [GC [PSYoungGen: 52224K->256K(58880K)] 528073K->476105K(779776K), 0.0112992 secs] [Times: user=0.06 sys=0.00, real=0.01 secs]
2325.749: [GC [PSYoungGen: 52224K->256K(58880K)] 528073K->476105K(779776K), 0.0112992 secs] [Times: user=0.06 sys=0.00, real=0.01 secs]
2325.749: [GC [PSYoungGen: 52224K->256K(58880K)] 528073K->476105K(779776K), 0.0112992 secs] [Times: user=0.06 sys=0.00, real=0.01 secs]
2325.749: [GC [PSYoungGen: 52224K->256K(58880K)] 528073K->476105K(779776K), 0.0112992 secs] [Times: user=0.06 sys=0.00, real=0.01 secs]
2325.749: [GC [PSYoungGen: 52224K->256K(58880K)] 528073K->476105K(779776K), 0.0112992 secs] [Times: user=0.06 sys=0.00, real=0.01 secs]
2325.749: [GC [PSYoungGen: 52224K->256K(58880K)] 528073K->476105K(779776K), 0.0112992 secs] [Times: user=0.06 sys=0.00, real=0.01 secs]
2325.749: [GC [PSYoungGen: 52224K->256K(58880K)] 528073K->476105K(779776K), 0.0112992 secs] [Times: user=0.06 sys=0.00, real=0.01 secs]
2325.749: [GC [PSYoungGen: 52224K->256K(58880K)] 528073K->476105K(779776K), 0.0112992 secs] [Times: user=0.06 sys=0.00, real=0.01 secs]
2325.749: [GC [PSYoungGen: 52224K->256K(58880K)] 528073K->476105K(779776K), 0.0112992 secs] [Times: user=0.06 sys=0.00, real=0.01 secs]
2325.749: [GC [PSYoungGen: 52224K->256K(58880K)] 528073K->476105K(779776K), 0.0112992 secs] [Times: user=0.06 sys=0.00, real=0.01 secs]
2325.749: [GC [PSYoungGen: 52224K->256K(58880K)] 528073K->476105K(779776K), 0.0112992 secs] [Times: user=0.06 sys=0.00, real=0.01 secs]
2325.749: [GC [PSYoungGen: 52224K->256K(58880K)] 528073K->476105K(779776K), 0.0112992 secs] [Times: user=0.06 sys=0.00, real=0.01 secs]
2325.749: [GC [PSYoungGen: 52224K->256K(58880K)] 528073K->476105K(779776K), 0.0112992 secs] [Times: user=0.06 sys=0.00, real=0.01 secs]
2325.749: [GC [PSYoungGen: 52224K->256K(58880K)] 528073K->476105K(779776K), 0.0112992 secs] [Times: user=0.06 sys=0.00, real=0.01 secs]
2325.749: [GC [PSYoungGen: 52224K->256K(58880K)] 528073K->476105K(779776K), 0.0112992 secs] [Times: user=0.06 sys=0.00, real=0.01 secs]
2325.749: [GC [PSYoungGen: 52224K->256K(58880K)] 528073K->476105K(779776K), 0.0112992 secs] [Times: user=0.06 sys=0.00, real=0.01 secs]
2325.749: [GC [PSYoungGen: 52224K->256K(58880K)] 528073K->476105K(779776K), 0.0112992 secs] [Times: user=0.06 sys=0.00, real=0.01 secs]
2325.749: [GC [PSYoungGen: 52224K->256K(58880K)] 528073K->476105K(779776K), 0.0112992 secs] [Times: user=0.06 sys=0.00, real=0.01 secs]
2325.749: [GC [PSYoungGen: 52224K->256K(58880K)] 528073K->476105K(779776K), 0.0112992 secs] [Times: user=0.06 sys=0.00, real=0.01 secs]
2325.749: [GC [PSYoungGen: 52224K->256K(58880K)] 528073K->476105K(779776K), 0.0112992 secs] [Times: user=0.06 sys=0.00, real=0.01 secs]
2325.749: [GC [PSYoungGen: 52224K->256K(58880K)] 528073K->476105K(779776K), 0.0112992 secs] [Times: user=0.06 sys=0.00, real=0.01 secs]
2325.749: [GC [PSYoungGen: 52224K->256K(58880K)] 528073K->476105K(779776K), 0.0112992 secs] [Times: user=0.06 sys=0.00, real=0.01 secs]
2325.749: [GC [PSYoungGen: 52224K->256K(58880K)] 528073K->476105K(779776K), 0.0112992 secs] [Times: user=0.06 sys=0.00, real=0.01 secs]
2325.749: [GC [PSYoungGen: 52224K->256K(58880K)] 528073K->476105K(779776K), 0.0112992 secs] [Times: user=0.06 sys=0.00, real=0.01 secs]
2325.749: [GC [PSYoungGen: 52224K->256K(58880K)] 528073K->476105K(779776K), 0.0112992 secs] [Times: user=0.06 sys=0.00, real=0.01 secs]
2325.749: [GC [PSYoungGen: 52224K->256K(58880K)] 528073K->476105K(779776K), 0.0112992 secs] [Times: user=0.06 sys=0.00, real=0.01 secs]
2325.749: [GC [PSYoungGen: 52224K->256K(58880K)] 528073K->476105K(779776K), 0.0112992 secs] [Times: user=0.06 sys=0.00, real=0.01 secs]
2325.749: [GC [PSYoungGen: 52224K->256K(58880K)] 528073K->476105K(779776K), 0.0112992 secs] [Times: user=0.06 sys=0.00, real=0.01 secs]
2325.749: [GC [PSYoungGen: 52224K->256K(58880K)] 528073K->476105K(779776K), 0.0112992 secs] [Times: user=0.06 sys=0.00, real=0.01 secs]
2325.749: [GC [PSYoungGen: 52224K->256K(58880K)] 528073K->476105K(779776K), 0.0112992 secs] [Times: user=0.06 sys=0.00, real=0.01 secs]
2325.749: [GC [PSYoungGen: 52224K->256K(58880K)] 528073K->476105K(779776K), 0.0112992 secs] [Times: user=0.06 sys=0.00, real=0.01 secs]
2325.749: [GC [PSYoungGen: 52224K->256K(58880K)] 528073K->476105K(779776K), 0.0112992 secs] [Times: user=0.06 sys=0.00, real=0.01 secs]
2325.749: [GC [PSYoungGen: 52224K->256K(58880K)] 528073K->476105K(779776K), 0.0112992 secs] [Times: user=0.06 sys=0.00, real=0.01 secs]
2325.749: [GC [PSYoungGen: 52224K->256K(58880K)] 528073K->476105K(779776K), 0.0112992 secs] [Times: user=0.06 sys=0.00, real=0.01 secs]
2325.749: [GC [PSYoungGen: 52224K->256K(58880K)] 528073K->476105K(779776K), 0.0112992 secs] [Times: user=0.06 sys=0.00, real=0.01 secs]
2325.749: [GC [PSYoungGen: 52224K->256K(58880K)] 528073K->476105K(779776K), 0.0112992 secs] [Times: user=0.06 sys=0.00, real=0.01 secs]
2325.749: [GC [PSYoungGen: 52224K->256K(58880K)] 528073K->476105K(779776K), 0.0112992 secs] [Times: user=0.06 sys=0.00, real=0.01 secs]
2325.749: [GC [PSYoungGen: 52224K->256K(58880K)] 528073K->476105K(779776K), 0.0112992 secs] [Times: user=0.06 sys=0.00, real=0.01 secs]
2325.749: [GC [PSYoungGen: 52224K->256K(58880K)] 528073K->476105K(779776K), 0.0112992 secs] [Times: user=0.06 sys=0.00, real=0.01 secs]
2325.749: [GC [PSYoungGen: 52224K->256K(58880K)] 528073K->476105K(779776K), 0.0112992 secs] [Times: user=0.06 sys=0.00, real=0.01 secs]
2325.749: [GC [PSYoungGen: 52224K->256K(58880K)] 528073K->476105K(779776K), 0.0112992 secs] [Times: user=0.06 sys=0.00, real=0.01 secs]
2325.749: [GC [PSYoungGen: 52224K->256K(58880K)] 528073K->476105K(779776K), 0.0112992 secs] [Times: user=0.06 sys=0.00, real=0.01 secs]
2325.749: [GC [PSYoungGen: 52224K->256K(58880K)] 528073K->476105K(779776K), 0.0112992 secs] [Times: user=0.06 sys=0.00, real=0.01 secs]
2325.749: [GC [PSYoungGen: 52224K->256K(58880K)] 528073K->476105K(779776K), 0.0112992 secs] [Times: user=0.06 sys=0.00, real=0.01 secs]
2325.749: [GC [PSYoungGen: 52224K->256K(58880K)] 528073K->476105K(779776K), 0.0112992 secs] [Times: user=0.06 sys=0.00, real=0.01 secs]
2325.749: [GC [PSYoungGen: 52224K->256K(58880K)] 528073K->476105K(779776K), 0.0112992 secs] [Times: user=0.06 sys=0.00, real=0.01 secs]
2325.749: [GC [PSYoungGen: 52224K->256K(58880K)] 528073K->476105K(779776K), 0.0112992 secs] [Times: user=0.06 sys=0.00, real=0.01 secs]
2325.749: [GC [PSYoungGen: 52224K->256K(58880K)] 528073K->476105K(779776K), 0.0112992 secs] [Times: user=0.06 sys=0.00, real=0.01 secs]
2325.749: [GC [PSYoungGen: 52224K->256K(58880K)] 528073K->476105K(779776K), 0.0112992 secs] [Times: user=0.06 sys=0.00, real=0.01 secs]
2325.749: [GC [PSYoungGen: 52224K->256K(58880K)] 528073K->476105K(779776K), 0.0112992 secs] [Times: user=0.06 sys=0.00, real=0.01 secs]
2325.749: [GC [PSYoungGen: 52224K->256K(58880K)] 528073K->476105K(779776K), 0.0112992 secs] [Times: user=0.06 sys=0.00, real=0.01 secs]
2325.749: [GC [PSYoungGen: 52224K->256K(58880K)] 528073K->476105K(779776K), 0.0112992 secs] [Times: user=0.06 sys=0.00, real=0.01 secs]
2325.749: [GC [PSYoungGen: 52224K->256K(58880K)] 528073K->476105K(779776K), 0.0112992 secs] [Times: user=0.06 sys=0.00, real=0.01 secs]
2325.749: [GC [PSYoungGen: 52224K->256K(58880K)] 528073K->476105K(779776K), 0.0112992 secs] [Times: user=0.06 sys=0.00, real=0.01 secs]
2325.749: [GC [PSYoungGen: 52224K->256K(58880K)] 528073K->476105K(779776K), 0.0112992 secs] [Times: user=0.06 sys=0.00, real=0.01 secs]
2325.749: [GC [PSYoungGen: 52224K->256K(58880K)] 528073K->476105K(779776K), 0.0112992 secs] [Times: user=0.06 sys=0.00, real=0.01 secs]
2325.749: [GC [PSYoungGen: 52224K->256K(58880K)] 528073K->476105K(779776K), 0.0112992 secs] [Times: user=0.06 sys=0.00, real=0.01 secs]
2325.749: [GC [PSYoungGen: 52224K->256K(58880K)] 528073K->476105K(779776K), 0.0112992 secs] [Times: user=0.06 sys=0.00, real=0.01 secs]
2325.749: [GC [PSYoungGen: 52224K->256K(58880K)] 528073K->476105K(779776K), 0.0112992 secs] [Times: user=0.06 sys=0.00, real=0.01 secs]
2325.749: [GC [PSYoungGen: 52224K->256K(58880K)] 528073K->476105K(779776K), 0.0112992 secs] [Times: user=0.06 sys=0.00, real=0.01 secs]
2325.749: [GC [PSYoungGen: 52224K->256K(58880K)] 528073K->476105K(779776K), 0.0112992 secs] [Times: user=0.06 sys=0.00, real=0.01 secs]
2325.749: [GC [PSYoungGen: 52224K->256K(58880K)] 528073K->476105K(779776K), 0.0112992 secs] [Times: user=0.06 sys=0.00, real=0.01 secs]
2325.749: [GC [PSYoungGen: 52224K->256K(58880K)] 528073K->476105K(779776K), 0.0112992 secs] [Times: user=0.06 sys=0.00, real=0.01 secs]
2325.749: [GC [PSYoungGen: 52224K->256K(58880K)] 528073K->476105K(779776K), 0.0112992 secs] [Times: user=0.06 sys=0.00, real=0.01 secs]
2325.749: [GC [PSYoungGen: 52224K->256K(58880K)] 528073K->476105K(779776K), 0.0112992 secs] [Times: user=0.06 sys=0.00, real=0.01 secs]
2325.749: [GC [PSYoungGen: 52224K->256K(58880K)] 528073K->476105K(779776K), 0.0112992 secs] [Times: user=0.06 sys=0.00, real=0.01 secs]
2325.749: [GC [PSYoungGen: 52224K->256K(58880K)] 528073K->476105K(779776K), 0.0112992 secs] [Times: user=0.06 sys=0.00, real=0.01 secs]
2325.749: [GC [PSYoungGen: 52224K->256K(58880K)] 528073K->476105K(779776K), 0.0112992 secs] [Times: user=0.06 sys=0.00, real=0.01 secs]
2325.749: [GC [PSYoungGen: 52224K->256K(58880K)] 528073K->476105K(779776K), 0.0112992 secs] [Times: user=0.06 sys=0.00, real=0.01 secs]
2325.749: [GC [PSYoungGen: 52224K->256K(58880K)] 528073K->476105K(779776K), 0.0112992 secs] [Times: user=0.06 sys=0.00, real=0.01 secs]
2325.749: [GC [PSYoungGen: 52224K->256K(58880K)] 528073K->476105K(779776K), 0.0112992 secs] [Times: user=0.06 sys=0.00, real=0.01 secs]
2325.749: [GC [PSYoungGen: 52224K->256K(58880K)] 528073K->476105K(779776K), 0.0112992 secs] [Times: user=0.06 sys=0.00, real=0.01 secs]
2325.749: [GC [PSYoungGen: 52224K->256K(58880K)] 528073K->476105K(779776K), 0.0112992 secs] [Times: user=0.06 sys=0.00, real=0.01 secs]
2325.749: [GC [PSYoungGen: 52224K->256K(58880K)] 528073K->476105K(779776K), 0.0112992 secs] [Times: user=0.06 sys=0.00, real=0.01 secs]
2325.749: [GC [PSYoungGen: 52224K->256K(58880K)] 528073K->476105K(779776K), 0.0112992 secs] [Times: user=0.06 sys=0.00, real=0.01 secs]
2325.749: [GC [PSYoungGen: 52224K->256K(58880K)] 528073K->476105K(779776K), 0.0112992 secs] [Times: user=0.06 sys=0.00, real=0.01 secs]
2325.749: [GC [PSYoungGen: 52224K->256K(58880K)] 528073K->476105K(779776K), 0.0112992 secs] [Times: user=0.06 sys=0.00, real=0.01 secs]
2325.749: [GC [PSYoungGen: 52224K->256K(58880K)] 528073K->476105K(779776K), 0.0112992 secs] [Times: user=0.06 sys=0.00, real=0.01 secs]
2325.749: [GC [PSYoungGen: 52224K->256K(58880K)] 528073K->476105K(779776K), 0.0112992 secs] [Times: user=0.06 sys=0.00, real=0.01 secs]
2325.749: [GC [PSYoungGen: 52224K->256K(58880K)] 528073K->476105K(779776K), 0.0112992 secs] [Times: user=0.06 sys=0.00, real=0.01 secs]
2325.749: [GC [PSYoungGen: 52224K->256K(58880K)] 528073K->476105K(779776K), 0.0112992 secs] [Times: user=0.06 sys=0.00, real=0.01 secs]
2325.749: [GC [PSYoungGen: 52224K->256K(58880K)] 528073K->476105K(779776K), 0.0112992 secs] [Times: user=0.06 sys=0.00, real=0.01 secs]
2325.749: [GC [PSYoungGen: 52224K->256K(58880K)] 528073K->476105K(779776K), 0.0112992 secs] [Times: user=0.06 sys=0.00, real=0.01 secs]
2325.749: [GC [PSYoungGen: 52224K->256K(58880K)] 528073K->476105K(779776K), 0.0112992 secs] [Times: user=0.06 sys=0.00, real=0.01 secs]
2325.749: [GC [PSYoungGen: 52224K->256K(58880K)] 528073K->476105K(779776K), 0.0112992 secs] [Times: user=0.06 sys=0.00, real=0.01 secs]
2325.749: [GC [PSYoungGen: 52224K->256K(58880K)] 528073K->476105K(779776K), 0.0112992 secs] [Times: user=0.06 sys=0.00, real=0.01 secs]
2325.749: [GC [PSYoungGen: 52224K->256K(58880K)] 528073K->476105K(779776K), 0.0112992 secs] [Times: user=0.06 sys=0.00, real=0.01 secs]
2325.749: [GC [PSYoungGen: 52224K->256K(58880K)] 528073K->476105K(779776K), 0.0112992 secs] [Times: user=0.06 sys=0.00, real=0.01 secs]
2325.749: [GC [PSYoungGen: 52224K->256K(58880K)] 528073K->476105K(779776K), 0.0112992 secs] [Times: user=0.06 sys=0.00, real=0.01 secs]
2325.749: [GC [PSYoungGen: 52224K->256K(58880K)] 528073K->476105K(779776K), 0.0112992 secs] [Times: user=0.06 sys=0.00, real=0.01 secs]
2325.749: [GC [PSYoungGen: 52224K->256K(58880K)] 528073K->476105K(779776K), 0.0112992 secs] [Times: user=0.06 sys=0.00, real=0.01 secs]
2325.749: [GC [PSYoungGen: 52224K->256K(58880K)] 528073K->476105K(779776K), 0.0112992 secs] [Times: user=0.06 sys=0.00, real=0.01 secs]
2325.749: [GC [PSYoungGen: 52224K->256K(58880K)] 528073K->476105K(779776K), 0.0112992 secs] [Times: user=0.06 sys=0.00, real=0.01 secs]
2325.749: [GC [PSYoungGen: 52224K->256K(58880K)] 528073K->476105K(779776K), 0.0112992 secs] [Times: user=0.06 sys=0.00, real=0.01 secs]
2325.749: [GC [PSYoungGen: 52224K->256K(58880K)] 528073K->476105K(779776K), 0.0112992 secs] [Times: user=0.06 sys=0.00, real=0.01 secs]
2325.749: [GC [PSYoungGen: 52224K->256K(58880K)] 528073K->476105K(779776K), 0.0112992 secs] [Times: user=0.06 sys=0.00, real=0.01 secs]
2325.749: [GC [PSYoungGen: 52224K->256K(58880K)] 528073K->476105K(779776K), 0.0112992 secs] [Times: user=0.06 sys=0.00, real=0.01 secs]
2325.749: [GC [PSYoungGen: 52224K->256K(58880K)] 528073K->476105K(779776K), 0.0112992 secs] [Times: user=0.06 sys=0.00, real=0.01 secs]
2325.749: [GC [PSYoungGen: 52224K->256K(58880K)] 528073K->476105K(779776K), 0.0112992 secs] [Times: user=0.06 sys=0.00, real=0.01 secs]
2325.749: [GC [PSYoungGen: 52224K->256K(58880K)] 528073K->476105K(779776K), 0.0112992 secs] [Times: user=0.06 sys=0.00, real=0.01 secs]
2325.749: [GC [PSYoungGen: 52224K->256K(58880K)] 528073K->476105K(779776K), 0.0112992 secs] [Times: user=0.06 sys=0.00, real=0.01 secs]
2325.749: [GC [PSYoungGen: 52224K->256K(58880K)] 528073K->476105K(779776K), 0.0112992 secs] [Times: user=0.06 sys=0.00, real=0.01 secs]
2325.749: [GC [PSYoungGen: 52224K->256K(58880K)] 528073K->476105K(779776K), 0.0112992 secs] [Times: user=0.06 sys=0.00, real=0.01 secs]
2325.749: [GC [PSYoungGen: 52224K->256K(58880K)] 528073K->476105K(779776K), 0.0112992 secs] [Times: user=0.06 sys=0.00, real=0.01 secs]
2325.749: [GC [PSYoungGen: 52224K->256K(58880K)] 528073K->476105K(779776K), 0.0112992 secs] [Times: user=0.06 sys=0.00, real=0.01 secs]
2325.749: [GC [PSYoungGen: 52224K->256K(58880K)] 528073K->476105K(779776K), 0.0112992 secs] [Times: user=0.06 sys=0.00, real=0.01 secs]
2325.749: [GC [PSYoungGen: 52224K->256K(58880K)] 528073K->476105K(779776K), 0.0112992 secs] [Times: user=0.06 sys=0.00, real=0.01 secs]
2325.749: [GC [PSYoungGen: 52224K->256K(58880K)] 528073K->476105K(779776K), 0.0112992 secs] [Times: user=0.06 sys=0.00, real=0.01 secs]
2325.749: [GC [PSYoungGen: 52224K->256K(58880K)] 528073K->476105K(779776K), 0.0112992 secs] [Times: user=0.06 sys=0.00, real=0.01 secs]
2325.749: [GC [PSYoungGen: 52224K->256K(58880K)] 528073K->476105K(779776K), 0.0112992 secs] [Times: user=0.06 sys=0.00, real=0.01 secs]
2325.749: [GC [PSYoungGen: 52224K->256K(58880K)] 528073K->476105K(779776K), 0.0112992 secs] [Times: user=0.06 sys=0.00, real=0.01 secs]
2325.749: [GC [PSYoungGen: 52224K->256K(58880K)] 528073K->476105K(779776K), 0.0112992 secs] [Times: user=0.06 sys=0.00, real=0.01 secs]
2325.749: [GC [PSYoungGen: 52224K->256K(58880K)] 528073K->476105K(779776K), 0.0112992 secs] [Times: user=0.06 sys=0.00, real=0.01 secs]
2325.749: [GC [PSYoungGen: 52224K->256K(58880K)] 528073K->476105K(779776K), 0.0112992 secs] [Times: user=0.06 sys=0.00, real=0.01 secs]
2325.749: [GC [PSYoungGen: 52224K->256K(58880K)] 528073K->476105K(779776K), 0.0112992 secs] [Times: user=0.06 sys=0.00, real=0.01 secs]
2325.749: [GC [PSYoungGen: 52224K->256K(58880K)] 528073K->476105K(779776K), 0.0112992 secs] [Times: user=0.06 sys=0.00, real=0.01 secs]
2325.749: [GC [PSYoungGen: 52224K->256K(58880K)] 528073K->476105K(779776K), 0.0112992 secs] [Times: user=0.06 sys=0.00, real=0.01 secs]
2325.749: [GC [PSYoungGen: 52224K->256K(58880K)] 528073K->476105K(779776K), 0.0112992 secs] [Times: user=0.06 sys=0.00, real=0.01 secs]
2325.749: [GC [PSYoungGen: 52224K->256K(58880K)] 528073K->476105K(779776K), 0.0112992 secs] [Times: user=0.06 sys=0.00, real=0.01 secs]
2325.749: [GC [PSYoungGen: 52224K->256K(58880K)] 528073K->476105K(779776K), 0.0112992 secs] [Times: user=0.06 sys=0.00, real=0.01 secs]
2325.749: [GC [PSYoungGen: 52224K->256K(58880K)] 528073K->476105K(779776K), 0.0112992 secs] [Times: user=0.06 sys=0.00, real=0.01 secs]
2325.749: [GC [PSYoungGen: 52224K->256K(58880K)] 528073K->476105K(779776K), 0.0112992 secs] [Times: user=0.06 sys=0.00, real=0.01 secs]
2325.749: [GC [PSYoungGen: 52224K->256K(58880K)] 528073K->476105K(779776K), 0.0112992 secs] [Times: user=0.06 sys=0.00, real=0.01 secs]
2325.749: [GC [PSYoungGen: 52224K->256K(58880K)] 528073K->476105K(779776K), 0.0112992 secs] [Times: user=0.06 sys=0.00, real=0.01 secs]
2325.749: [GC [PSYoungGen: 52224K->256K(58880K)] 528073K->476105K(779776K), 0.0112992 secs] [Times: user=0.06 sys=0.00, real=0.01 secs]
2325.749: [GC [PSYoungGen: 52224K->256K(58880K)] 528073K->476105K(779776K), 0.0112992 secs] [Times: user=0.06 sys=0.00, real=0.01 secs]
2325.749: [GC [PSYoungGen: 52224K->256K(58880K)] 528073K->476105K(779776K), 0.0112992 secs] [Times: user=0.06 sys=0.00, real=0.01 secs]
2325.749: [GC [PSYoungGen: 52224K->256K(58880K)] 528073K->476105K(779776K), 0.0112992 secs] [Times: user=0.06 sys=0.00, real=0.01 secs]
2325.749: [GC [PSYoungGen: 52224K->256K(58880K)] 528073K->476105K(779776K), 0.0112992 secs] [Times: user=0.06 sys=0.00, real=0.01 secs]
2325.749: [GC [PSYoungGen: 52224K->256K(58880K)] 528073K->476105K(779776K), 0.0112992 secs] [Times: user=0.06 sys=0.00, real=0.01 secs]
2325.749: [GC [PSYoungGen: 52224K->256K(58880K)] 528073K->476105K(779776K), 0.0112992 secs] [Times: user=0.06 sys=0.00, real=0.01 secs]
2325.749: [GC [PSYoungGen: 52224K->256K(58880K)] 528073K->476105K(779776K), 0.0112992 secs] [Times: user=0.06 sys=0.00, real=0.01 secs]
2325.749: [GC [PSYoungGen: 52224K->256K(58880K)] 528073K->476105K(779776K), 0.0112992 secs] [Times: user=0.06 sys=0.00, real=0.01 secs]
2325.749: [GC [PSYoungGen: 52224K->256K(58880K)] 528073K->476105K(779776K), 0.0112992 secs] [Times: user=0.06 sys=0.00, real=0.01 secs]
2325.749: [GC [PSYoungGen: 52224K->256K(58880K)] 528073K->476105K(779776K), 0.0112992 secs] [Times: user=0.06 sys=0.00, real=0.01 secs]
2325.749: [GC [PSYoungGen: 52224K->256K(58880K)] 528073K->476105K(779776K), 0.0112992 secs] [Times: user=0.06 sys=0.00, real=0.01 secs]
2325.749: [GC [PSYoungGen: 52224K->256K(58880K)] 528073K->476105K(779776K), 0.0112992 secs] [Times: user=0.06 sys=0.00, real=0.01 secs]
2325.749: [GC [PSYoungGen: 52224K->256K(58880K)] 528073K->476105K(779776K), 0.0112992 secs] [Times: user=0.06 sys=0.00, real=0.01 secs]
2325.749: [GC [PSYoungGen: 52224K->256K(58880K)] 528073K->476105K(779776K), 0.0112992 secs] [Times: user=0.06 sys=0.00, real=0.01 secs]
2325.749: [GC [PSYoungGen: 52224K->256K(58880K)] 528073K->476105K(779776K), 0.0112992 secs] [Times: user=0.06 sys=0.00, real=0.01 secs]
2325.749: [GC [PSYoungGen: 52224K->256K(58880K)] 528073K->476105K(779776K), 0.0112992 secs] [Times: user=0.06 sys=0.00, real=0.01 secs]
2325.749: [GC [PSYoungGen: 52224K->256K(58880K)] 528073K->476105K(779776K), 0.0112992 secs] [Times: user=0.06 sys=0.00, real=0.01 secs]
2325.749: [GC [PSYoungGen: 52224K->256K(58880K)] 528073K->476105K(779776K), 0.0112992 secs] [Times: user=0.06 sys=0.00, real=0.01 secs]
2325.749: [GC [PSYoungGen: 52224K->256K(58880K)] 528073K->476105K(779776K), 0.0112992 secs] [Times: user=0.06 sys=0.00, real=0.01 secs]
2325.749: [GC [PSYoungGen: 52224K->256K(58880K)] 528073K->476105K(779776K), 0.0112992 secs] [Times: user=0.06 sys=0.00, real=0.01 secs]
2325.749: [GC [PSYoungGen: 52224K->256K(58880K)] 528073K->476105K(779776K), 0.0112992 secs] [Times: user=0.06 sys=0.00, real=0.01 secs]
2325.749: [GC [PSYoungGen: 52224K->256K(58880K)] 528073K->476105K(779776K), 0.0112992 secs] [Times: user=0.06 sys=0.00, real=0.01 secs]
2325.749: [GC [PSYoungGen: 52224K->256K(58880K)] 528073K->476105K(779776K), 0.0112992 secs] [Times: user=0.06 sys=0.00, real=0.01 secs]
2325.749: [GC [PSYoungGen: 52224K->256K(58880K)] 528073K->476105K(779776K), 0.0112992 secs] [Times: user=0.06 sys=0.00, real=0.01 secs]
2325.749: [GC [PSYoungGen: 52224K->256K(58880K)] 528073K->476105K(779776K), 0.0112992 secs] [Times: user=0.06 sys=0.00, real=0.01 secs]
2325.749: [GC [PSYoungGen: 52224K->256K(58880K)] 528073K->476105K(779776K), 0.0112992 secs] [Times: user=0.06 sys=0.00, real=0.01 secs]
2325.749: [GC [PSYoungGen: 52224K->256K(58880K)] 528073K->476105K(779776K), 0.0112992 secs] [Times: user=0.06 sys=0.00, real=0.01 secs]
2325.749: [GC [PSYoungGen: 52224K->256K(58880K)] 528073K->476105K(779776K), 0.0112992 secs] [Times: user=0.06 sys=0.00, real=0.01 secs]
2325.749: [GC [PSYoungGen: 52224K->256K(58880K)] 528073K->476105K(779776K), 0.0112992 secs] [Times: user=0.06 sys=0.00, real=0.01 secs]
2325.749: [GC [PSYoungGen: 52224K->256K(58880K)] 528073K->476105K(779776K), 0.0112992 secs] [Times: user=0.06 sys=0.00, real=0.01 secs]
2325.749: [GC [PSYoungGen: 52224K->256K(58880K)] 528073K->476105K(779776K), 0.0112992 secs] [Times: user=0.06 sys=0.00, real=0.01 secs]
2325.749: [GC [PSYoungGen: 52224K->256K(58880K)] 528073K->476105K(779776K), 0.0112992 secs] [Times: user=0.06 sys=0.00, real=0.01 secs]
2325.749: [GC [PSYoungGen: 52224K->256K(58880K)] 528073K->476105K(779776K), 0.0112992 secs] [Times: user=0.06 sys=0.00, real=0.01 secs]
2325.749: [GC [PSYoungGen: 52224K->256K(58880K)] 528073K->476105K(779776K), 0.0112992 secs] [Times: user=0.06 sys=0.00, real=0.01 secs]
2325.749: [GC [PSYoungGen: 52224K->256K(58880K)] 528073K->476105K(779776K), 0.0112992 secs] [Times: user=0.06 sys=0.00, real=0.01 secs]
2325.749: [GC [PSYoungGen: 52224K->256K(58880K)] 528073K->476105K(779776K), 0.0112992 secs] [Times: user=0.06 sys=0.00, real=0.01 secs]
2325.749: [GC [PSYoungGen: 52224K->256K(58880K)] 528073K->476105K(779776K), 0.0112992 secs] [Times: user=0.06 sys=0.00, real=0.01 secs]
2325.749: [GC [PSYoungGen: 52224K->256K(58880K)] 528073K->476105K(779776K), 0.0112992 secs] [Times: user=0.06 sys=0.00, real=0.01 secs]
2325.749: [GC [PSYoungGen: 52224K->256K(58880K)] 528073K->476105K(779776K), 0.0112992 secs] [Times: user=0.06 sys=0.00, real=0.01 secs]
2325.749: [GC [PSYoungGen: 52224K->256K(58880K)] 528073K->476105K(779776K), 0.0112992 secs] [Times: user=0.06 sys=0.00, real=0.01 secs]
2325.749: [GC [PSYoungGen: 52224K->256K(58880K)] 528073K->476105K(779776K), 0.0112992 secs] [Times: user=0.06 sys=0.00, real=0.01 secs]
2325.749: [GC [PSYoungGen: 52224K->256K(58880K)] 528073K->476105K(779776K), 0.0112992 secs] [Times: user=0.06 sys=0.00, real=0.01 secs]
2325.749: [GC [PSYoungGen: 52224K->256K(58880K)] 528073K->476105K(779776K), 0.0112992 secs] [Times: user=0.06 sys=0.00, real=0.01 secs]
2325.749: [GC [PSYoungGen: 52224K->256K(58880K)] 528073K->476105K(779776K), 0.0112992 secs] [Times: user=0.06 sys=0.00, real=0.01 secs]
2325.749: [GC [PSYoungGen: 52224K->256K(58880K)] 528073K->476105K(779776K), 0.0112992 secs] [Times: user=0.06 sys=0.00, real=0.01 secs]
2325.749: [GC [PSYoungGen: 52224K->256K(58880K)] 528073K->476105K(779776K), 0.0112992 secs] [Times: user=0.06 sys=0.00, real=0.01 secs]
2325.749: [GC [PSYoungGen: 52224K->256K(58880K)] 528073K->476105K(779776K), 0.0112992 secs] [Times: user=0.06 sys=0.00, real=0.01 secs]
2325.749: [GC [PSYoungGen: 52224K->256K(58880K)] 528073K->476105K(779776K), 0.0112992 secs] [Times: user=0.06 sys=0.00, real=0.01 secs]
2325.749: [GC [PSYoungGen: 52224K->256K(58880K)] 528073K->476105K(779776K), 0.0112992 secs] [Times: user=0.06 sys=0.00, real=0.01 secs]
2325.749: [GC [PSYoungGen: 52224K->256K(58880K)] 528073K->476105K(779776K), 0.0112992 secs] [Times: user=0.06 sys=0.00, real=0.01 secs]
2325.749: [GC [PSYoungGen: 52224K->256K(58880K)] 528073K->476105K(779776K), 0.0112992 secs] [Times: user=0.06 sys=0.00, real=0.01 secs]
2325.749: [GC [PSYoungGen: 52224K->256K(58880K)] 528073K->476105K(779776K), 0.0112992 secs] [Times: user=0.06 sys=0.00, real=0.01 secs]
2325.749: [GC [PSYoungGen: 52224K->256K(58880K)] 528073K->476105K(779776K), 0.0112992 secs] [Times: user=0.06 sys=0.00, real=0.01 secs]
2325.749: [GC [PSYoungGen: 52224K->256K(58880K)] 528073K->476105K(779776K), 0.0112992 secs] [Times: user=0.06 sys=0.00, real=0.01 secs]
2325.749: [GC [PSYoungGen: 52224K->256K(58880K)] 528073K->476105K(779776K), 0.0112992 secs] [Times: user=0.06 sys=0.00, real=0.01 secs]
2325.749: [GC [PSYoungGen: 52224K->256K(58880K)] 528073K->476105K(779776K), 0.0112992 secs] [Times: user=0.06 sys=0.00, real=0.01 secs]
2325.749: [GC [PSYoungGen: 52224K->256K(58880K)] 528073K->476105K(779776K), 0.0112992 secs] [Times: user=0.06 sys=0.00, real=0.01 secs]
2325.749: [GC [PSYoungGen: 52224K->256K(58880K)] 528073K->476105K(779776K), 0.0112992 secs] [Times: user=0.06 sys=0.00, real=0.01 secs]
2325.749: [GC [PSYoungGen: 52224K->256K(58880K)] 528073K->476105K(779776K), 0.0112992 secs] [Times: user=0.06 sys=0.00, real=0.01 secs]
2325.749: [GC [PSYoungGen: 52224K->256K(58880K)] 528073K->476105K(779776K), 0.0112992 secs] [Times: user=0.06 sys=0.00, real=0.01 secs]
2325.749: [GC [PSYoungGen: 52224K->256K(58880K)] 528073K->476105K(779776K), 0.0112992 secs] [Times: user=0.06 sys=0.00, real=0.01 secs]
2325.749: [GC [PSYoungGen: 52224K->256K(58880K)] 528073K->476105K(779776K), 0.0112992 secs] [Times: user=0.06 sys=0.00, real=0.01 secs]
2325.749: [GC [PSYoungGen: 52224K->256K(58880K)] 528073K->476105K(779776K), 0.0112992 secs] [Times: user=0.06 sys=0.00, real=0.01 secs]
2325.749: [GC [PSYoungGen: 52224K->256K(58880K)] 528073K->476105K(779776K), 0.0112992 secs] [Times: user=0.06 sys=0.00, real=0.01 secs]
2325.749: [GC [PSYoungGen: 52224K->256K(58880K)] 528073K->476105K(779776K), 0.0112992 secs] [Times: user=0.06 sys=0.00, real=0.01 secs]
2325.749: [GC [PSYoungGen: 52224K->256K(58880K)] 528073K->476105K(779776K), 0.0112992 secs] [Times: user=0.06 sys=0.00, real=0.01 secs]
2325.749: [GC [PSYoungGen: 52224K->256K(58880K)] 528073K->476105K(779776K), 0.0112992 secs] [Times: user=0.06 sys=0.00, real=0.01 secs]
2325.749: [GC [PSYoungGen: 52224K->256K(58880K)] 528073K->476105K(779776K), 0.0112992 secs] [Times: user=0.06 sys=0.00, real=0.01 secs]
2325.749: [GC [PSYoungGen: 52224K->256K(58880K)] 528073K->476105K(779776K), 0.0112992 secs] [Times: user=0.06 sys=0.00, real=0.01 secs]
2325.749: [GC [PSYoungGen: 52224K->256K(58880K)] 528073K->476105K(779776K), 0.0112992 secs] [Times: user=0.06 sys=0.00, real=0.01 secs]
2325.749: [GC [PSYoungGen: 52224K->256K(58880K)] 528073K->476105K(779776K), 0.0112992 secs] [Times: user=0.06 sys=0.00, real=0.01 secs]
2325.749: [GC [PSYoungGen: 52224K->256K(58880K)] 528073K->476105K(779776K), 0.0112992 secs] [Times: user=0.06 sys=0.00, real=0.01 secs]
2325.749: [GC [PSYoungGen: 52224K->256K(58880K)] 528073K->476105K(779776K), 0.0112992 secs] [Times: user=0.06 sys=0.00, real=0.01 secs]
2325.749: [GC [PSYoungGen: 52224K->256K(58880K)] 528073K->476105K(779776K), 0.0112992 secs] [Times: user=0.06 sys=0.00, real=0.01 secs]
2325.749: [GC [PSYoungGen: 52224K->256K(58880K)] 528073K->476105K(779776K), 0.0112992 secs] [Times: user=0.06 sys=0.00, real=0.01 secs]
2325.749: [GC [PSYoungGen: 52224K->256K(58880K)] 528073K->476105K(779776K), 0.0112992 secs] [Times: user=0.06 sys=0.00, real=0.01 secs]
2325.749: [GC [PSYoungGen: 52224K->256K(58880K)] 528073K->476105K(779776K), 0.0112992 secs] [Times: user=0.06 sys=0.00, real=0.01 secs]
2325.749: [GC [PSYoungGen: 52224K->256K(58880K)] 528073K->476105K(779776K), 0.0112992 secs] [Times: user=0.06 sys=0.00, real=0.01 secs]
2325.749: [GC [PSYoungGen: 52224K->256K(58880K)] 528073K->476105K(779776K), 0.0112992 secs] [Times: user=0.06 sys=0.00, real=0.01 secs]
2325.749: [GC [PSYoungGen: 52224K->256K(58880K)] 528073K->476105K(779776K), 0.0112992 secs] [Times: user=0.06 sys=0.00, real=0.01 secs]
2325.749: [GC [PSYoungGen: 52224K->256K(58880K)] 528073K->476105K(779776K), 0.0112992 secs] [Times: user=0.06 sys=0.00, real=0.01 secs]
2325.749: [GC [PSYoungGen: 52224K->256K(58880K)] 528073K->476105K(779776K), 0.0112992 secs] [Times: user=0.06 sys=0.00, real=0.01 secs]
2325.749: [GC [PSYoungGen: 52224K->256K(58880K)] 528073K->476105K(779776K), 0.0112992 secs] [Times: user=0.06 sys=0.00, real=0.01 secs]
2325.749: [GC [PSYoungGen: 52224K->256K(58880K)] 528073K->476105K(779776K), 0.0112992 secs] [Times: user=0.06 sys=0.00, real=0.01 secs]
2325.749: [GC [PSYoungGen: 52224K->256K(58880K)] 528073K->476105K(779776K), 0.0112992 secs] [Times: user=0.06 sys=0.00, real=0.01 secs]
2325.749: [GC [PSYoungGen: 52224K->256K(58880K)] 528073K->476105K(779776K), 0.0112992 secs] [Times: user=0.06 sys=0.00, real=0.01 secs]
2325.749: [GC [PSYoungGen: 52224K->256K(58880K)] 528073K->476105K(779776K), 0.0112992 secs] [Times: user=0.06 sys=0.00, real=0.01 secs]
2325.749: [GC [PSYoungGen: 52224K->256K(58880K)] 528073K->476105K(779776K), 0.0112992 secs] [Times: user=0.06 sys=0.00, real=0.01 secs]
2325.749: [GC [PSYoungGen: 52224K->256K(58880K)] 528073K->476105K(779776K), 0.0112992 secs] [Times: user=0.06 sys=0.00, real=0.01 secs]
2325.749: [GC [PSYoungGen: 52224K->256K(58880K)] 528073K->476105K(779776K), 0.0112992 secs] [Times: user=0.06 sys=0.00, real=0.01 secs]
2325.749: [GC [PSYoungGen: 52224K->256K(58880K)] 528073K->476105K(779776K), 0.0112992 secs] [Times: user=0.06 sys=0.00, real=0.01 secs]
2325.749: [GC [PSYoungGen: 52224K->256K(58880K)] 528073K->476105K(779776K), 0.0112992 secs] [Times: user=0.06 sys=0.00, real=0.01 secs]
2325.749: [GC [PSYoungGen: 52224K->256K(58880K)] 528073K->476105K(779776K), 0.0112992 secs] [Times: user=0.06 sys=0.00, real=0.01 secs]
2325.749: [GC [PSYoungGen: 52224K->256K(58880K)] 528073K->476105K(779776K), 0.0112992 secs] [Times: user=0.06 sys=0.00, real=0.01 secs]
2325.749: [GC [PSYoungGen: 52224K->256K(58880K)] 528073K->476105K(779776K), 0.0112992 secs] [Times: user=0.06 sys=0.00, real=0.01 secs]
2325.749: [GC [PSYoungGen: 52224K->256K(58880K)] 528073K->476105K(779776K), 0.0112992 secs] [Times: user=0.06 sys=0.00, real=0.01 secs]
2325.749: [GC [PSYoungGen: 52224K->256K(58880K)] 528073K->476105K(779776K), 0.0112992 secs] [Times: user=0.06 sys=0.00, real=0.01 secs]
2325.749: [GC [PSYoungGen: 52224K->256K(58880K)] 528073K->476105K(779776K), 0.0112992 secs] [Times: user=0.06 sys=0.00, real=0.01 secs]
2325.749: [GC [PSYoungGen: 52224K->256K(58880K)] 528073K->476105K(779776K), 0.0112992 secs] [Times: user=0.06 sys=0.00, real=0.01 secs]
2325.749: [GC [PSYoungGen: 52224K->256K(58880K)] 528073K->476105K(779776K), 0.0112992 secs] [Times: user=0.06 sys=0.00, real=0.01 secs]
2325.749: [GC [PSYoungGen: 52224K->256K(58880K)] 528073K->476105K(779776K), 0.0112992 secs] [Times: user=0.06 sys=0.00, real=0.01 secs]
2325.749: [GC [PSYoungGen: 52224K->256K(58880K)] 528073K->476105K(779776K), 0.0112992 secs] [Times: user=0.06 sys=0.00, real=0.01 secs]
2325.749: [GC [PSYoungGen: 52224K->256K(58880K)] 528073K->476105K(779776K), 0.0112992 secs] [Times: user=0.06 sys=0.00, real=0.01 secs]
2325.749: [GC [PSYoungGen: 52224K->256K(58880K)] 528073K->476105K(779776K), 0.0112992 secs] [Times: user=0.06 sys=0.00, real=0.01 secs]
2325.749: [GC [PSYoungGen: 52224K->256K(58880K)] 528073K->476105K(779776K), 0.0112992 secs] [Times: user=0.06 sys=0.00, real=0.01 secs]
2325.749: [GC [PSYoungGen: 52224K->256K(58880K)] 528073K->476105K(779776K), 0.0112992 secs] [Times: user=0.06 sys=0.00, real=0.01 secs]
2325.749: [GC [PSYoungGen: 52224K->256K(58880K)] 528073K->476105K(779776K), 0.0112992 secs] [Times: user=0.06 sys=0.00, real=0.01 secs]
2325.749: [GC [PSYoungGen: 52224K->256K(58880K)] 528073K->476105K(779776K), 0.0112992 secs] [Times: user=0.06 sys=0.00, real=0.01 secs]
2325.749: [GC [PSYoungGen: 52224K->256K(58880K)] 528073K->476105K(779776K), 0.0112992 secs] [Times: user=0.06 sys=0.00, real=0.01 secs]
2325.749: [GC [PSYoungGen: 52224K->256K(58880K)] 528073K->476105K(779776K), 0.0112992 secs] [Times: user=0.06 sys=0.00, real=0.01 secs]
2325.749: [GC [PSYoungGen: 52224K->256K(58880K)] 528073K->476105K(779776K), 0.0112992 secs] [Times: user=0.06 sys=0.00, real=0.01 secs]
2325.749: [GC [PSYoungGen: 52224K->256K(58880K)] 528073K->476105K(779776K), 0.0112992 secs] [Times: user=0.06 sys=0.00, real=0.01 secs]
2325.749: [GC [PSYoungGen: 52224K->256K(58880K)] 528073K->476105K(779776K), 0.0112992 secs] [Times: user=0.06 sys=0.00, real=0.01 secs]
2325.749: [GC [PSYoungGen: 52224K->256K(58880K)] 528073K->476105K(779776K), 0.0112992 secs] [Times: user=0.06 sys=0.00, real=0.01 secs]
2325.749: [GC [PSYoungGen: 52224K->256K(58880K)] 528073K->476105K(779776K), 0.0112992 secs] [Times: user=0.06 sys=0.00, real=0.01 secs]
2325.749: [GC [PSYoungGen: 52224K->256K(58880K)] 528073K->476105K(779776K), 0.0112992 secs] [Times: user=0.06 sys=0.00, real=0.01 secs]
2325.749: [GC [PSYoungGen: 52224K->256K(58880K)] 528073K->476105K(779776K), 0.0112992 secs] [Times: user=0.06 sys=0.00, real=0.01 secs]
2325.749: [GC [PSYoungGen: 52224K->256K(58880K)] 528073K->476105K(779776K), 0.0112992 secs] [Times: user=0.06 sys=0.00, real=0.01 secs]
2325.749: [GC [PSYoungGen: 52224K->256K(58880K)] 528073K->476105K(779776K), 0.0112992 secs] [Times: user=0.06 sys=0.00, real=0.01 secs]
2325.749: [GC [PSYoungGen: 52224K->256K(58880K)] 528073K->476105K(779776K), 0.0112992 secs] [Times: user=0.06 sys=0.00, real=0.01 secs]
2325.749: [GC [PSYoungGen: 52224K->256K(58880K)] 528073K->476105K(779776K), 0.0112992 secs] [Times: user=0.06 sys=0.00, real=0.01 secs]
2325.749: [GC [PSYoungGen: 52224K->256K(58880K)] 528073K->476105K(779776K), 0.0112992 secs] [Times: user=0.06 sys=0.00, real=0.01 secs]
2325.749: [GC [PSYoungGen: 52224K->256K(58880K)] 528073K->476105K(779776K), 0.0112992 secs] [Times: user=0.06 sys=0.00, real=0.01 secs]
2325.749: [GC [PSYoungGen: 52224K->256K(58880K)] 528073K->476105K(779776K), 0.0112992 secs] [Times: user=0.06 sys=0.00, real=0.01 secs]
2325.749: [GC [PSYoungGen: 52224K->256K(58880K)] 528073K->476105K(779776K), 0.0112992 secs] [Times: user=0.06 sys=0.00, real=0.01 secs]
2325.749: [GC [PSYoungGen: 52224K->256K(58880K)] 528073K->476105K(779776K), 0.0112992 secs] [Times: user=0.06 sys=0.00, real=0.01 secs]
2325.749: [GC [PSYoungGen: 52224K->256K(58880K)] 528073K->476105K(779776K), 0.0112992 secs] [Times: user=0.06 sys=0.00, real=0.01 secs]
2325.749: [GC [PSYoungGen: 52224K->256K(58880K)] 528073K->476105K(779776K), 0.0112992 secs] [Times: user=0.06 sys=0.00, real=0.01 secs]
2325.749: [GC [PSYoungGen: 52224K->256K(58880K)] 528073K->476105K(779776K), 0.0112992 secs] [Times: user=0.06 sys=0.00, real=0.01 secs]
2325.749: [GC [PSYoungGen: 52224K->256K(58880K)] 528073K->476105K(779776K), 0.0112992 secs] [Times: user=0.06 sys=0.00, real=0.01 secs]
2325.749: [GC [PSYoungGen: 52224K->256K(58880K)] 528073K->476105K(779776K), 0.0112992 secs] [Times: user=0.06 sys=0.00, real=0.01 secs]
2325.749: [GC [PSYoungGen: 52224K->256K(58880K)] 528073K->476105K(779776K), 0.0112992 secs] [Times: user=0.06 sys=0.00, real=0.01 secs]
2325.749: [GC [PSYoungGen: 52224K->256K(58880K)] 528073K->476105K(779776K), 0.0112992 secs] [Times: user=0.06 sys=0.00, real=0.01 secs]
2325.749: [GC [PSYoungGen: 52224K->256K(58880K)] 528073K->476105K(779776K), 0.0112992 secs] [Times: user=0.06 sys=0.00, real=0.01 secs]
2325.749: [GC [PSYoungGen: 52224K->256K(58880K)] 528073K->476105K(779776K), 0.0112992 secs] [Times: user=0.06 sys=0.00, real=0.01 secs]
2325.749: [GC [PSYoungGen: 52224K->256K(58880K)] 528073K->476105K(779776K), 0.0112992 secs] [Times: user=0.06 sys=0.00, real=0.01 secs]
2325.749: [GC [PSYoungGen: 52224K->256K(58880K)] 528073K->476105K(779776K), 0.0112992 secs] [Times: user=0.06 sys=0.00, real=0.01 secs]
2325.749: [GC [PSYoungGen: 52224K->256K(58880K)] 528073K->476105K(779776K), 0.0112992 secs] [Times: user=0.06 sys=0.00, real=0.01 secs]
2325.749: [GC [PSYoungGen: 52224K->256K(58880K)] 528073K->476105K(779776K), 0.0112992 secs] [Times: user=0.06 sys=0.00, real=0.01 secs]
2325.749: [GC [PSYoungGen: 52224K->256K(58880K)] 528073K->476105K(779776K), 0.0112992 secs] [Times: user=0.06 sys=0.00, real=0.01 secs]
2325.749: [GC [PSYoungGen: 52224K->256K(58880K)] 528073K->476105K(779776K), 0.0112992 secs] [Times: user=0.06 sys=0.00, real=0.01 secs]
2325.749: [GC [PSYoungGen: 52224K->256K(58880K)] 528073K->476105K(779776K), 0.0112992 secs] [Times: user=0.06 sys=0.00, real=0.01 secs]
2325.749: [GC [PSYoungGen: 52224K->256K(58880K)] 528073K->476105K(779776K), 0.0112992 secs] [Times: user=0.06 sys=0.00, real=0.01 secs]
2325.749: [GC [PSYoungGen: 52224K->256K(58880K)] 528073K->476105K(779776K), 0.0112992 secs] [Times: user=0.06 sys=0.00, real=0.01 secs]
2325.749: [GC [PSYoungGen: 52224K->256K(58880K)] 528073K->476105K(779776K), 0.0112992 secs] [Times: user=0.06 sys=0.00, real=0.01 secs]
2325.749: [GC [PSYoungGen: 52224K->256K(58880K)] 528073K->476105K(779776K), 0.0112992 secs] [Times: user=0.06 sys=0.00, real=0.01 secs]
2325.749: [GC [PSYoungGen: 52224K->256K(58880K)] 528073K->476105K(779776K), 0.0112992 secs] [Times: user=0.06 sys=0.00, real=0.01 secs]
2325.749: [GC [PSYoungGen: 52224K->256K(58880K)] 528073K->476105K(779776K), 0.0112992 secs] [Times: user=0.06 sys=0.00, real=0.01 secs]
2325.749: [GC [PSYoungGen: 52224K->256K(58880K)] 528073K->476105K(779776K), 0.0112992 secs] [Times: user=0.06 sys=0.00, real=0.01 secs]
2325.749: [GC [PSYoungGen: 52224K->256K(58880K)] 528073K->476105K(779776K), 0.0112992 secs] [Times: user=0.06 sys=0.00, real=0.01 secs]
2325.749: [GC [PSYoungGen: 52224K->256K(58880K)] 528073K->476105K(779776K), 0.0112992 secs] [Times: user=0.06 sys=0.00, real=0.01 secs]
2325.749: [GC [PSYoungGen: 52224K->256K(58880K)] 528073K->476105K(779776K), 0.0112992 secs] [Times: user=0.06 sys=0.00, real=0.01 secs]
2325.749: [GC [PSYoungGen: 52224K->256K(58880K)] 528073K->476105K(779776K), 0.0112992 secs] [Times: user=0.06 sys=0.00, real=0.01 secs]
2325.749: [GC [PSYoungGen: 52224K->256K(58880K)] 528073K->476105K(779776K), 0.0112992 secs] [Times: user=0.06 sys=0.00, real=0.01 secs]
2325.749: [GC [PSYoungGen: 52224K->256K(58880K)] 528073K->476105K(779776K), 0.0112992 secs] [Times: user=0.06 sys=0.00, real=0.01 secs]
2325.749: [GC [PSYoungGen: 52224K->256K(58880K)] 528073K->476105K(779776K), 0.0112992 secs] [Times: user=0.06 sys=0.00, real=0.01 secs]
2325.749: [GC [PSYoungGen: 52224K->256K(58880K)] 528073K->476105K(779776K), 0.0112992 secs] [Times: user=0.06 sys=0.00, real=0.01 secs]
2325.749: [GC [PSYoungGen: 52224K->256K(58880K)] 528073K->476105K(779776K), 0.0112992 secs] [Times: user=0.06 sys=0.00, real=0.01 secs]
2325.749: [GC [PSYoungGen: 52224K->256K(58880K)] 528073K->476105K(779776K), 0.0112992 secs] [Times: user=0.06 sys=0.00, real=0.01 secs]
2325.749: [GC [PSYoungGen: 52224K->256K(58880K)] 528073K->476105K(779776K), 0.0112992 secs] [Times: user=0.06 sys=0.00, real=0.01 secs]
2325.749: [GC [PSYoungGen: 52224K->256K(58880K)] 528073K->476105K(779776K), 0.0112992 secs] [Times: user=0.06 sys=0.00, real=0.01 secs]
2325.749: [GC [PSYoungGen: 52224K->256K(58880K)] 528073K->476105K(779776K), 0.0112992 secs] [Times: user=0.06 sys=0.00, real=0.01 secs]
2325.749: [GC [PSYoungGen: 52224K->256K(58880K)] 528073K->476105K(779776K), 0.0112992 secs] [Times: user=0.06 sys=0.00, real=0.01 secs]
2325.749: [GC [PSYoungGen: 52224K->256K(58880K)] 528073K->476105K(779776K), 0.0112992 secs] [Times: user=0.06 sys=0.00, real=0.01 secs]
2325.749: [GC [PSYoungGen: 52224K->256K(58880K)] 528073K->476105K(779776K), 0.0112992 secs] [Times: user=0.06 sys=0.00, real=0.01 secs]
2325.749: [GC [PSYoungGen: 52224K->256K(58880K)] 528073K->476105K(779776K), 0.0112992 secs] [Times: user=0.06 sys=0.00, real=0.01 secs]
2325.749: [GC [PSYoungGen: 52224K->256K(58880K)] 528073K->476105K(779776K), 0.0112992 secs] [Times: user=0.06 sys=0.00, real=0.01 secs]
2325.749: [GC [PSYoungGen: 52224K->256K(58880K)] 528073K->476105K(779776K), 0.0112992 secs] [Times: user=0.06 sys=0.00, real=0.01 secs]
2325.749: [GC [PSYoungGen: 52224K->256K(58880K)] 528073K->476105K(779776K), 0.0112992 secs] [Times: user=0.06 sys=0.00, real=0.01 secs]
2325.749: [GC [PSYoungGen: 52224K->256K(58880K)] 528073K->476105K(779776K), 0.0112992 secs] [Times: user=0.06 sys=0.00, real=0.01 secs]
2325.749: [GC [PSYoungGen: 52224K->256K(58880K)] 528073K->476105K(779776K), 0.0112992 secs] [Times: user=0.06 sys=0.00, real=0.01 secs]
2325.749: [GC [PSYoungGen: 52224K->256K(58880K)] 528073K->476105K(779776K), 0.0112992 secs] [Times: user=0.06 sys=0.00, real=0.01 secs]
2325.749: [GC [PSYoungGen: 52224K->256K(58880K)] 528073K->476105K(779776K), 0.0112992 secs] [Times: user=0.06 sys=0.00, real=0.01 secs]
2325.749: [GC [PSYoungGen: 52224K->256K(58880K)] 528073K->476105K(779776K), 0.0112992 secs] [Times: user=0.06 sys=0.00, real=0.01 secs]
2325.749: [GC [PSYoungGen: 52224K->256K(58880K)] 528073K->476105K(779776K), 0.0112992 secs] [Times: user=0.06 sys=0.00, real=0.01 secs]
2325.749: [GC [PSYoungGen: 52224K->256K(58880K)] 528073K->476105K(779776K), 0.0112992 secs] [Times: user=0.06 sys=0.00, real=0.01 secs]
2325.749: [GC [PSYoungGen: 52224K->256K(58880K)] 528073K->476105K(779776K), 0.0112992 secs] [Times: user=0.06 sys=0.00, real=0.01 secs]
2325.749: [GC [PSYoungGen: 52224K->256K(58880K)] 528073K->476105K(779776K), 0.0112992 secs] [Times: user=0.06 sys=0.00, real=0.01 secs]
2325.749: [GC [PSYoungGen: 52224K->256K(58880K)] 528073K->476105K(779776K), 0.0112992 secs] [Times: user=0.06 sys=0.00, real=0.01 secs]
2325.749: [GC [PSYoungGen: 52224K->256K(58880K)] 528073K->476105K(779776K), 0.0112992 secs] [Times: user=0.06 sys=0.00, real=0.01 secs]
2325.749: [GC [PSYoungGen: 52224K->256K(58880K)] 528073K->476105K(779776K), 0.0112992 secs] [Times: user=0.06 sys=0.00, real=0.01 secs]
2325.749: [GC [PSYoungGen: 52224K->256K(58880K)] 528073K->476105K(779776K), 0.0112992 secs] [Times: user=0.06 sys=0.00, real=0.01 secs]
2325.749: [GC [PSYoungGen: 52224K->256K(58880K)] 528073K->476105K(779776K), 0.0112992 secs] [Times: user=0.06 sys=0.00, real=0.01 secs]
2325.749: [GC [PSYoungGen: 52224K->256K(58880K)] 528073K->476105K(779776K), 0.0112992 secs] [Times: user=0.06 sys=0.00, real=0.01 secs]
2325.749: [GC [PSYoungGen: 52224K->256K(58880K)] 528073K->476105K(779776K), 0.0112992 secs] [Times: user=0.06 sys=0.00, real=0.01 secs]
2325.749: [GC [PSYoungGen: 52224K->256K(58880K)] 528073K->476105K(779776K), 0.0112992 secs] [Times: user=0.06 sys=0.00, real=0.01 secs]
2325.749: [GC [PSYoungGen: 52224K->256K(58880K)] 528073K->476105K(779776K), 0.0112992 secs] [Times: user=0.06 sys=0.00, real=0.01 secs]
2325.749: [GC [PSYoungGen: 52224K->256K(58880K)] 528073K->476105K(779776K), 0.0112992 secs] [Times: user=0.06 sys=0.00, real=0.01 secs]
2325.749: [GC [PSYoungGen: 52224K->256K(58880K)] 528073K->476105K(779776K), 0.0112992 secs] [Times: user=0.06 sys=0.00, real=0.01 secs]
2325.749: [GC [PSYoungGen: 52224K->256K(58880K)] 528073K->476105K(779776K), 0.0112992 secs] [Times: user=0.06 sys=0.00, real=0.01 secs]
2325.749: [GC [PSYoungGen: 52224K->256K(58880K)] 528073K->476105K(779776K), 0.0112992 secs] [Times: user=0.06 sys=0.00, real=0.01 secs]
2325.749: [GC [PSYoungGen: 52224K->256K(58880K)] 528073K->476105K(779776K), 0.0112992 secs] [Times: user=0.06 sys=0.00, real=0.01 secs]
2325.749: [GC [PSYoungGen: 52224K->256K(58880K)] 528073K->476105K(779776K), 0.0112992 secs] [Times: user=0.06 sys=0.00, real=0.01 secs]
2325.749: [GC [PSYoungGen: 52224K->256K(58880K)] 528073K->476105K(779776K), 0.0112992 secs] [Times: user=0.06 sys=0.00, real=0.01 secs]
2325.749: [GC [PSYoungGen: 52224K->256K(58880K)] 528073K->476105K(779776K), 0.0112992 secs] [Times: user=0.06 sys=0.00, real=0.01 secs]
2325.749: [GC [PSYoungGen: 52224K->256K(58880K)] 528073K->476105K(779776K), 0.0112992 secs] [Times: user=0.06 sys=0.00, real=0.01 secs]
2325.749: [GC [PSYoungGen: 52224K->256K(58880K)] 528073K->476105K(779776K), 0.0112992 secs] [Times: user=0.06 sys=0.00, real=0.01 secs]
2325.749: [GC [PSYoungGen: 52224K->256K(58880K)] 528073K->476105K(779776K), 0.0112992 secs] [Times: user=0.06 sys=0.00, real=0.01 secs]
2325.749: [GC [PSYoungGen: 52224K->256K(58880K)] 528073K->476105K(779776K), 0.0112992 secs] [Times: user=0.06 sys=0.00, real=0.01 secs]
2325.749: [GC [PSYoungGen: 52224K->256K(58880K)] 528073K->476105K(779776K), 0.0112992 secs] [Times: user=0.06 sys=0.00, real=0.01 secs]
2325.749: [GC [PSYoungGen: 52224K->256K(58880K)] 528073K->476105K(779776K), 0.0112992 secs] [Times: user=0.06 sys=0.00, real=0.01 secs]
2325.749: [GC [PSYoungGen: 52224K->256K(58880K)] 528073K->476105K(779776K), 0.0112992 secs] [Times: user=0.06 sys=0.00, real=0.01 secs]
2325.749: [GC [PSYoungGen: 52224K->256K(58880K)] 528073K->476105K(779776K), 0.0112992 secs] [Times: user=0.06 sys=0.00, real=0.01 secs]
2325.749: [GC [PSYoungGen: 52224K->256K(58880K)] 528073K->476105K(779776K), 0.0112992 secs] [Times: user=0.06 sys=0.00, real=0.01 secs]
2325.749: [GC [PSYoungGen: 52224K->256K(58880K)] 528073K->476105K(779776K), 0.0112992 secs] [Times: user=0.06 sys=0.00, real=0.01 secs]
2325.749: [GC [PSYoungGen: 52224K->256K(58880K)] 528073K->476105K(779776K), 0.0112992 secs] [Times: user=0.06 sys=0.00, real=0.01 secs]
2325.749: [GC [PSYoungGen: 52224K->256K(58880K)] 528073K->476105K(779776K), 0.0112992 secs] [Times: user=0.06 sys=0.00, real=0.01 secs]
2325.749: [GC [PSYoungGen: 52224K->256K(58880K)] 528073K->476105K(779776K), 0.0112992 secs] [Times: user=0.06 sys=0.00, real=0.01 secs]
2325.749: [GC [PSYoungGen: 52224K->256K(58880K)] 528073K->476105K(779776K), 0.0112992 secs] [Times: user=0.06 sys=0.00, real=0.01 secs]
2325.749: [GC [PSYoungGen: 52224K->256K(58880K)] 528073K->476105K(779776K), 0.0112992 secs] [Times: user=0.06 sys=0.00, real=0.01 secs]
2325.749: [GC [PSYoungGen: 52224K->256K(58880K)] 528073K->476105K(779776K), 0.0112992 secs] [Times: user=0.06 sys=0.00, real=0.01 secs]
2325.749: [GC [PSYoungGen: 52224K->256K(58880K)] 528073K->476105K(779776K), 0.0112992 secs] [Times: user=0.06 sys=0.00, real=0.01 secs]
2325.749: [GC [PSYoungGen: 52224K->256K(58880K)] 528073K->476105K(779776K), 0.0112992 secs] [Times: user=0.06 sys=0.00, real=0.01 secs]
2325.749: [GC [PSYoungGen: 52224K->256K(58880K)] 528073K->476105K(779776K), 0.0112992 secs] [Times: user=0.06 sys=0.00, real=0.01 secs]
2325.749: [GC [PSYoungGen: 52224K->256K(58880K)] 528073K->476105K(779776K), 0.0112992 secs] [Times: user=0.06 sys=0.00, real=0.01 secs]
2325.749: [GC [PSYoungGen: 52224K->256K(58880K)] 528073K->476105K(779776K), 0.0112992 secs] [Times: user=0.06 sys=0.00, real=0.01 secs]
2325.749: [GC [PSYoungGen: 52224K->256K(58880K)] 528073K->476105K(779776K), 0.0112992 secs] [Times: user=0.06 sys=0.00, real=0.01 secs]
2325.749: [GC [PSYoungGen: 52224K->256K(58880K)] 528073K->476105K(779776K), 0.0112992 secs] [Times: user=0.06 sys=0.00, real=0.01 secs]
2325.749: [GC [PSYoungGen: 52224K->256K(58880K)] 528073K->476105K(779776K), 0.0112992 secs] [Times: user=0.06 sys=0.00, real=0.01 secs]
2325.749: [GC [PSYoungGen: 52224K->256K(58880K)] 528073K->476105K(779776K), 0.0112992 secs] [Times: user=0.06 sys=0.00, real=0.01 secs]
2325.749: [GC [PSYoungGen: 52224K->256K(58880K)] 528073K->476105K(779776K), 0.0112992 secs] [Times: user=0.06 sys=0.00, real=0.01 secs]
2325.749: [GC [PSYoungGen: 52224K->256K(58880K)] 528073K->476105K(779776K), 0.0112992 secs] [Times: user=0.06 sys=0.00, real=0.01 secs]
2325.749: [GC [PSYoungGen: 52224K->256K(58880K)] 528073K->476105K(779776K), 0.0112992 secs] [Times: user=0.06 sys=0.00, real=0.01 secs]
2325.749: [GC [PSYoungGen: 52224K->256K(58880K)] 528073K->476105K(779776K), 0.0112992 secs] [Times: user=0.06 sys=0.00, real=0.01 secs]
2325.749: [GC [PSYoungGen: 52224K->256K(58880K)] 528073K->476105K(779776K), 0.0112992 secs] [Times: user=0.06 sys=0.00, real=0.01 secs]
2325.749: [GC [PSYoungGen: 52224K->256K(58880K)] 528073K->476105K(779776K), 0.0112992 secs] [Times: user=0.06 sys=0.00, real=0.01 secs]
2325.749: [GC [PSYoungGen: 52224K->256K(58880K)] 528073K->476105K(779776K), 0.0112992 secs] [Times: user=0.06 sys=0.00, real=0.01 secs]
2325.749: [GC [PSYoungGen: 52224K->256K(58880K)] 528073K->476105K(779776K), 0.0112992 secs] [Times: user=0.06 sys=0.00, real=0.01 secs]
2325.749: [GC [PSYoungGen: 52224K->256K(58880K)] 528073K->476105K(779776K), 0.0112992 secs] [Times: user=0.06 sys=0.00, real=0.01 secs]
2325.749: [GC [PSYoungGen: 52224K->256K(58880K)] 528073K->476105K(779776K), 0.0112992 secs] [Times: user=0.06 sys=0.00, real=0.01 secs]
2325.749: [GC [PSYoungGen: 52224K->256K(58880K)] 528073K->476105K(779776K), 0.0112992 secs] [Times: user=0.06 sys=0.00, real=0.01 secs]
2325.749: [GC [PSYoungGen: 52224K->256K(58880K)] 528073K->476105K(779776K), 0.0112992 secs] [Times: user=0.06 sys=0.00, real=0.01 secs]
2325.749: [GC [PSYoungGen: 52224K->256K(58880K)] 528073K->476105K(779776K), 0.0112992 secs] [Times: user=0.06 sys=0.00, real=0.01 secs]
2325.749: [GC [PSYoungGen: 52224K->256K(58880K)] 528073K->476105K(779776K), 0.0112992 secs] [Times: user=0.06 sys=0.00, real=0.01 secs]
2325.749: [GC [PSYoungGen: 52224K->256K(58880K)] 528073K->476105K(779776K), 0.0112992 secs] [Times: user=0.06 sys=0.00, real=0.01 secs]
2325.749: [GC [PSYoungGen: 52224K->256K(58880K)] 528073K->476105K(779776K), 0.0112992 secs] [Times: user=0.06 sys=0.00, real=0.01 secs]
2325.749: [GC [PSYoungGen: 52224K->256K(58880K)] 528073K->476105K(779776K), 0.0112992 secs] [Times: user=0.06 sys=0.00, real=0.01 secs]
2325.749: [GC [PSYoungGen: 52224K->256K(58880K)] 528073K->476105K(779776K), 0.0112992 secs] [Times: user=0.06 sys=0.00, real=0.01 secs]
2325.749: [GC [PSYoungGen: 52224K->256K(58880K)] 528073K->476105K(779776K), 0.0112992 secs] [Times: user=0.06 sys=0.00, real=0.01 secs]
2325.749: [GC [PSYoungGen: 52224K->256K(58880K)] 528073K->476105K(779776K), 0.0112992 secs] [Times: user=0.06 sys=0.00, real=0.01 secs]
2325.749: [GC [PSYoungGen: 52224K->256K(58880K)] 528073K->476105K(779776K), 0.0112992 secs] [Times: user=0.06 sys=0.00, real=0.01 secs]
2325.749: [GC [PSYoungGen: 52224K->256K(58880K)] 528073K->476105K(779776K), 0.0112992 secs] [Times: user=0.06 sys=0.00, real=0.01 secs]
2325.749: [GC [PSYoungGen: 52224K->256K(58880K)] 528073K->476105K(779776K), 0.0112992 secs] [Times: user=0.06 sys=0.00, real=0.01 secs]
2325.749: [GC [PSYoungGen: 52224K->256K(58880K)] 528073K->476105K(779776K), 0.0112992 secs] [Times: user=0.06 sys=0.00, real=0.01 secs]
2325.749: [GC [PSYoungGen: 52224K->256K(58880K)] 528073K->476105K(779776K), 0.0112992 secs] [Times: user=0.06 sys=0.00, real=0.01 secs]
2325.749: [GC [PSYoungGen: 52224K->256K(58880K)] 528073K->476105K(779776K), 0.0112992 secs] [Times: user=0.06 sys=0.00, real=0.01 secs]
2325.749: [GC [PSYoungGen: 52224K->256K(58880K)] 528073K->476105K(779776K), 0.0112992 secs] [Times: user=0.06 sys=0.00, real=0.01 secs]
2325.749: [GC [PSYoungGen: 52224K->256K(58880K)] 528073K->476105K(779776K), 0.0112992 secs] [Times: user=0.06 sys=0.00, real=0.01 secs]
2325.749: [GC [PSYoungGen: 52224K->256K(58880K)] 528073K->476105K(779776K), 0.0112992 secs] [Times: user=0.06 sys=0.00, real=0.01 secs]
2325.749: [GC [PSYoungGen: 52224K->256K(58880K)] 528073K->476105K(779776K), 0.0112992 secs] [Times: user=0.06 sys=0.00, real=0.01 secs]
2325.749: [GC [PSYoungGen: 52224K->256K(58880K)] 528073K->476105K(779776K), 0.0112992 secs] [Times: user=0.06 sys=0.00, real=0.01 secs]
2325.749: [GC [PSYoungGen: 52224K->256K(58880K)] 528073K->476105K(779776K), 0.0112992 secs] [Times: user=0.06 sys=0.00, real=0.01 secs]
2325.749: [GC [PSYoungGen: 52224K->256K(58880K)] 528073K->476105K(779776K), 0.0112992 secs] [Times: user=0.06 sys=0.00, real=0.01 secs]
2325.749: [GC [PSYoungGen: 52224K->256K(58880K)] 528073K->476105K(779776K), 0.0112992 secs] [Times: user=0.06 sys=0.00, real=0.01 secs]
2325.749: [GC [PSYoungGen: 52224K->256K(58880K)] 528073K->476105K(779776K), 0.0112992 secs] [Times: user=0.06 sys=0.00, real=0.01 secs]
2325.749: [GC [PSYoungGen: 52224K->256K(58880K)] 528073K->476105K(779776K), 0.0112992 secs] [Times: user=0.06 sys=0.00, real=0.01 secs]
2325.749: [GC [PSYoungGen: 52224K->256K(58880K)] 528073K->476105K(779776K), 0.0112992 secs] [Times: user=0.06 sys=0.00, real=0.01 secs]
2325.749: [GC [PSYoungGen: 52224K->256K(58880K)] 528073K->476105K(779776K), 0.0112992 secs] [Times: user=0.06 sys=0.00, real=0.01 secs]
2325.749: [GC [PSYoungGen: 52224K->256K(58880K)] 528073K->476105K(779776K), 0.0112992 secs] [Times: user=0.06 sys=0.00, real=0.01 secs]
2325.749: [GC [PSYoungGen: 52224K->256K(58880K)] 528073K->476105K(779776K), 0.0112992 secs] [Times: user=0.06 sys=0.00, real=0.01 secs]
2325.749: [GC [PSYoungGen: 52224K->256K(58880K)] 528073K->476105K(779776K), 0.0112992 secs] [Times: user=0.06 sys=0.00, real=0.01 secs]
2325.749: [GC [PSYoungGen: 52224K->256K(58880K)] 528073K->476105K(779776K), 0.0112992 secs] [Times: user=0.06 sys=0.00, real=0.01 secs]
2325.749: [GC [PSYoungGen: 52224K->256K(58880K)] 528073K->476105K(779776K), 0.0112992 secs] [Times: user=0.06 sys=0.00, real=0.01 secs]
2325.749: [GC [PSYoungGen: 52224K->256K(58880K)] 528073K->476105K(779776K), 0.0112992 secs] [Times: user=0.06 sys=0.00, real=0.01 secs]
2325.749: [GC [PSYoungGen: 52224K->256K(58880K)] 528073K->476105K(779776K), 0.0112992 secs] [Times: user=0.06 sys=0.00, real=0.01 secs]
2325.749: [GC [PSYoungGen: 52224K->256K(58880K)] 528073K->476105K(779776K), 0.0112992 secs] [Times: user=0.06 sys=0.00, real=0.01 secs]
2325.749: [GC [PSYoungGen: 52224K->256K(58880K)] 528073K->476105K(779776K), 0.0112992 secs] [Times: user=0.06 sys=0.00, real=0.01 secs]
2325.749: [GC [PSYoungGen: 52224K->256K(58880K)] 528073K->476105K(779776K), 0.0112992 secs] [Times: user=0.06 sys=0.00, real=0.01 secs]
2325.749: [GC [PSYoungGen: 52224K->256K(58880K)] 528073K->476105K(779776K), 0.0112992 secs] [Times: user=0.06 sys=0.00, real=0.01 secs]
2325.749: [GC [PSYoungGen: 52224K->256K(58880K)] 528073K->476105K(779776K), 0.0112992 secs] [Times: user=0.06 sys=0.00, real=0.01 secs]
2325.749: [GC [PSYoungGen: 52224K->256K(58880K)] 528073K->476105K(779776K), 0.0112992 secs] [Times: user=0.06 sys=0.00, real=0.01 secs]
2325.749: [GC [PSYoungGen: 52224K->256K(58880K)] 528073K->476105K(779776K), 0.0112992 secs] [Times: user=0.06 sys=0.00, real=0.01 secs]
2325.749: [GC [PSYoungGen: 52224K->256K(58880K)] 528073K->476105K(779776K), 0.0112992 secs] [Times: user=0.06 sys=0.00, real=0.01 secs]
2325.749: [GC [PSYoungGen: 52224K->256K(58880K)] 528073K->476105K(779776K), 0.0112992 secs] [Times: user=0.06 sys=0.00, real=0.01 secs]
2325.749: [GC [PSYoungGen: 52224K->256K(58880K)] 528073K->476105K(779776K), 0.0112992 secs] [Times: user=0.06 sys=0.00, real=0.01 secs]
2325.749: [GC [PSYoungGen: 52224K->256K(58880K)] 528073K->476105K(779776K), 0.0112992 secs] [Times: user=0.06 sys=0.00, real=0.01 secs]
2325.749: [GC [PSYoungGen: 52224K->256K(58880K)] 528073K->476105K(779776K), 0.0112992 secs] [Times: user=0.06 sys=0.00, real=0.01 secs]
2325.749: [GC [PSYoungGen: 52224K->256K(58880K)] 528073K->476105K(779776K), 0.0112992 secs] [Times: user=0.06 sys=0.00, real=0.01 secs]
2325.749: [GC [PSYoungGen: 52224K->256K(58880K)] 528073K->476105K(779776K), 0.0112992 secs] [Times: user=0.06 sys=0.00, real=0.01 secs]
2325.749: [GC [PSYoungGen: 52224K->256K(58880K)] 528073K->476105K(779776K), 0.0112992 secs] [Times: user=0.06 sys=0.00, real=0.01 secs]
2325.749: [GC [PSYoungGen: 52224K->256K(58880K)] 528073K->476105K(779776K), 0.0112992 secs] [Times: user=0.06 sys=0.00, real=0.01 secs]
2325.749: [GC [PSYoungGen: 52224K->256K(58880K)] 528073K->476105K(779776K), 0.0112992 secs] [Times: user=0.06 sys=0.00, real=0.01 secs]
2325.749: [GC [PSYoungGen: 52224K->256K(58880K)] 528073K->476105K(779776K), 0.0112992 secs] [Times: user=0.06 sys=0.00, real=0.01 secs]
2325.749: [GC [PSYoungGen: 52224K->256K(58880K)] 528073K->476105K(779776K), 0.0112992 secs] [Times: user=0.06 sys=0.00, real=0.01 secs]
2325.749: [GC [PSYoungGen: 52224K->256K(58880K)] 528073K->476105K(779776K), 0.0112992 secs] [Times: user=0.06 sys=0.00, real=0.01 secs]
2325.749: [GC [PSYoungGen: 52224K->256K(58880K)] 528073K->476105K(779776K), 0.0112992 secs] [Times: user=0.06 sys=0.00, real=0.01 secs]
2325.749: [GC [PSYoungGen: 52224K->256K(58880K)] 528073K->476105K(779776K), 0.0112992 secs] [Times: user=0.06 sys=0.00, real=0.01 secs]
2325.749: [GC [PSYoungGen: 52224K->256K(58880K)] 528073K->476105K(779776K), 0.0112992 secs] [Times: user=0.06 sys=0.00, real=0.01 secs]
2325.749: [GC [PSYoungGen: 52224K->256K(58880K)] 528073K->476105K(779776K), 0.0112992 secs] [Times: user=0.06 sys=0.00, real=0.01 secs]
2325.749: [GC [PSYoungGen: 52224K->256K(58880K)] 528073K->476105K(779776K), 0.0112992 secs] [Times: user=0.06 sys=0.00, real=0.01 secs]
2325.749: [GC [PSYoungGen: 52224K->256K(58880K)] 528073K->476105K(779776K), 0.0112992 secs] [Times: user=0.06 sys=0.00, real=0.01 secs]
2325.749: [GC [PSYoungGen: 52224K->256K(58880K)] 528073K->476105K(779776K), 0.0112992 secs] [Times: user=0.06 sys=0.00, real=0.01 secs]
2325.749: [GC [PSYoungGen: 52224K->256K(58880K)] 528073K->476105K(779776K), 0.0112992 secs] [Times: user=0.06 sys=0.00, real=0.01 secs]
2325.749: [GC [PSYoungGen: 52224K->256K(58880K)] 528073K->476105K(779776K), 0.0112992 secs] [Times: user=0.06 sys=0.00, real=0.01 secs]
2325.749: [GC [PSYoungGen: 52224K->256K(58880K)] 528073K->476105K(779776K), 0.0112992 secs] [Times: user=0.06 sys=0.00, real=0.01 secs]
2325.749: [GC [PSYoungGen: 52224K->256K(58880K)] 528073K->476105K(779776K), 0.0112992 secs] [Times: user=0.06 sys=0.00, real=0.01 secs]
2325.749: [GC [PSYoungGen: 52224K->256K(58880K)] 528073K->476105K(779776K), 0.0112992 secs] [Times: user=0.06 sys=0.00, real=0.01 secs]
2325.749: [GC [PSYoungGen: 52224K->256K(58880K)] 528073K->476105K(779776K), 0.0112992 secs] [Times: user=0.06 sys=0.00, real=0.01 secs]
2325.749: [GC [PSYoungGen: 52224K->256K(58880K)] 528073K->476105K(779776K), 0.0112992 secs] [Times: user=0.06 sys=0.00, real=0.01 secs]
2325.749: [GC [PSYoungGen: 52224K->256K(58880K)] 528073K->476105K(779776K), 0.0112992 secs] [Times: user=0.06 sys=0.00, real=0.01 secs]
2325.749: [GC [PSYoungGen: 52224K->256K(58880K)] 528073K->476105K(779776K), 0.0112992 secs] [Times: user=0.06 sys=0.00, real=0.01 secs]
2325.749: [GC [PSYoungGen: 52224K->256K(58880K)] 528073K->476105K(779776K), 0.0112992 secs] [Times: user=0.06 sys=0.00, real=0.01 secs]
2325.749: [GC [PSYoungGen: 52224K->256K(58880K)] 528073K->476105K(779776K), 0.0112992 secs] [Times: user=0.06 sys=0.00, real=0.01 secs]
2325.749: [GC [PSYoungGen: 52224K->256K(58880K)] 528073K->476105K(779776K), 0.0112992 secs] [Times: user=0.06 sys=0.00, real=0.01 secs]
2325.749: [GC [PSYoungGen: 52224K->256K(58880K)] 528073K->476105K(779776K), 0.0112992 secs] [Times: user=0.06 sys=0.00, real=0.01 secs]
2325.749: [GC [PSYoungGen: 52224K->256K(58880K)] 528073K->476105K(779776K), 0.0112992 secs] [Times: user=0.06 sys=0.00, real=0.01 secs]
2325.749: [GC [PSYoungGen: 52224K->256K(58880K)] 528073K->476105K(779776K), 0.0112992 secs] [Times: user=0.06 sys=0.00, real=0.01 secs]
2325.749: [GC [PSYoungGen: 52224K->256K(58880K)] 528073K->476105K(779776K), 0.0112992 secs] [Times: user=0.06 sys=0.00, real=0.01 secs]
2325.749: [GC [PSYoungGen: 52224K->256K(58880K)] 528073K->476105K(779776K), 0.0112992 secs] [Times: user=0.06 sys=0.00, real=0.01 secs]
2325.749: [GC [PSYoungGen: 52224K->256K(58880K)] 528073K->476105K(779776K), 0.0112992 secs] [Times: user=0.06 sys=0.00, real=0.01 secs]
2325.749: [GC [PSYoungGen: 52224K->256K(58880K)] 528073K->476105K(779776K), 0.0112992 secs] [Times: user=0.06 sys=0.00, real=0.01 secs]
2325.749: [GC [PSYoungGen: 52224K->256K(58880K)] 528073K->476105K(779776K), 0.0112992 secs] [Times: user=0.06 sys=0.00, real=0.01 secs]
2325.749: [GC [PSYoungGen: 52224K->256K(58880K)] 528073K->476105K(779776K), 0.0112992 secs] [Times: user=0.06 sys=0.00, real=0.01 secs]
2325.749: [GC [PSYoungGen: 52224K->256K(58880K)] 528073K->476105K(779776K), 0.0112992 secs] [Times: user=0.06 sys=0.00, real=0.01 secs]
2325.749: [GC [PSYoungGen: 52224K->256K(58880K)] 528073K->476105K(779776K), 0.0112992 secs] [Times: user=0.06 sys=0.00, real=0.01 secs]
2325.749: [GC [PSYoungGen: 52224K->256K(58880K)] 528073K->476105K(779776K), 0.0112992 secs] [Times: user=0.06 sys=0.00, real=0.01 secs]
2325.749: [GC [PSYoungGen: 52224K->256K(58880K)] 528073K->476105K(779776K), 0.0112992 secs] [Times: user=0.06 sys=0.00, real=0.01 secs]
2325.749: [GC [PSYoungGen: 52224K->256K(58880K)] 528073K->476105K(779776K), 0.0112992 secs] [Times: user=0.06 sys=0.00, real=0.01 secs]
2325.749: [GC [PSYoungGen: 52224K->256K(58880K)] 528073K->476105K(779776K), 0.0112992 secs] [Times: user=0.06 sys=0.00, real=0.01 secs]
2325.749: [GC [PSYoungGen: 52224K->256K(58880K)] 528073K->476105K(779776K), 0.0112992 secs] [Times: user=0.06 sys=0.00, real=0.01 secs]
2325.749: [GC [PSYoungGen: 52224K->256K(58880K)] 528073K->476105K(779776K), 0.0112992 secs] [Times: user=0.06 sys=0.00, real=0.01 secs]
2325.749: [GC [PSYoungGen: 52224K->256K(58880K)] 528073K->476105K(779776K), 0.0112992 secs] [Times: user=0.06 sys=0.00, real=0.01 secs]
2325.749: [GC [PSYoungGen: 52224K->256K(58880K)] 528073K->476105K(779776K), 0.0112992 secs] [Times: user=0.06 sys=0.00, real=0.01 secs]
2325.749: [GC [PSYoungGen: 52224K->256K(58880K)] 528073K->476105K(779776K), 0.0112992 secs] [Times: user=0.06 sys=0.00, real=0.01 secs]
2325.749: [GC [PSYoungGen: 52224K->256K(58880K)] 528073K->476105K(779776K), 0.0112992 secs] [Times: user=0.06 sys=0.00, real=0.01 secs]
2325.749: [GC [PSYoungGen: 52224K->256K(58880K)] 528073K->476105K(779776K), 0.0112992 secs] [Times: user=0.06 sys=0.00, real=0.01 secs]
2325.749: [GC [PSYoungGen: 52224K->256K(58880K)] 528073K->476105K(779776K), 0.0112992 secs] [Times: user=0.06 sys=0.00, real=0.01 secs]
2325.749: [GC [PSYoungGen: 52224K->256K(58880K)] 528073K->476105K(779776K), 0.0112992 secs] [Times: user=0.06 sys=0.00, real=0.01 secs]
2325.749: [GC [PSYoungGen: 52224K->256K(58880K)] 528073K->476105K(779776K), 0.0112992 secs] [Times: user=0.06 sys=0.00, real=0.01 secs]
2325.749: [GC [PSYoungGen: 52224K->256K(58880K)] 528073K->476105K(779776K), 0.0112992 secs] [Times: user=0.06 sys=0.00, real=0.01 secs]
2325.749: [GC [PSYoungGen: 52224K->256K(58880K)] 528073K->476105K(779776K), 0.0112992 secs] [Times: user=0.06 sys=0.00, real=0.01 secs]
2325.749: [GC [PSYoungGen: 52224K->256K(58880K)] 528073K->476105K(779776K), 0.0112992 secs] [Times: user=0.06 sys=0.00, real=0.01 secs]
2325.749: [GC [PSYoungGen: 52224K->256K(58880K)] 528073K->476105K(779776K), 0.0112992 secs] [Times: user=0.06 sys=0.00, real=0.01 secs]
2325.749: [GC [PSYoungGen: 52224K->256K(58880K)] 528073K->476105K(779776K), 0.0112992 secs] [Times: user=0.06 sys=0.00, real=0.01 secs]
2325.749: [GC [PSYoungGen: 52224K->256K(58880K)] 528073K->476105K(779776K), 0.0112992 secs] [Times: user=0.06 sys=0.00, real=0.01 secs]
2325.749: [GC [PSYoungGen: 52224K->256K(58880K)] 528073K->476105K(779776K), 0.0112992 secs] [Times: user=0.06 sys=0.00, real=0.01 secs]
2325.749: [GC [PSYoungGen: 52224K->256K(58880K)] 528073K->476105K(779776K), 0.0112992 secs] [Times: user=0.06 sys=0.00, real=0.01 secs]
2325.749: [GC [PSYoungGen: 52224K->256K(58880K)] 528073K->476105K(779776K), 0.0112992 secs] [Times: user=0.06 sys=0.00, real=0.01 secs]
2325.749: [GC [PSYoungGen: 52224K->256K(58880K)] 528073K->476105K(779776K), 0.0112992 secs] [Times: user=0.06 sys=0.00, real=0.01 secs]
2325.749: [GC [PSYoungGen: 52224K->256K(58880K)] 528073K->476105K(779776K), 0.0112992 secs] [Times: user=0.06 sys=0.00, real=0.01 secs]
2325.749: [GC [PSYoungGen: 52224K->256K(58880K)] 528073K->476105K(779776K), 0.0112992 secs] [Times: user=0.06 sys=0.00, real=0.01 secs]
2325.749: [GC [PSYoungGen: 52224K->256K(58880K)] 528073K->476105K(779776K), 0.0112992 secs] [Times: user=0.06 sys=0.00, real=0.01 secs]
2325.749: [GC [PSYoungGen: 52224K->256K(58880K)] 528073K->476105K(779776K), 0.0112992 secs] [Times: user=0.06 sys=0.00, real=0.01 secs]
2325.749: [GC [PSYoungGen: 52224K->256K(58880K)] 528073K->476105K(779776K), 0.0112992 secs] [Times: user=0.06 sys=0.00, real=0.01 secs]
2325.749: [GC [PSYoungGen: 52224K->256K(58880K)] 528073K->476105K(779776K), 0.0112992 secs] [Times: user=0.06 sys=0.00, real=0.01 secs]
2325.749: [GC [PSYoungGen: 52224K->256K(58880K)] 528073K->476105K(779776K), 0.0112992 secs] [Times: user=0.06 sys=0.00, real=0.01 secs]
2325.749: [GC [PSYoungGen: 52224K->256K(58880K)] 528073K->476105K(779776K), 0.0112992 secs] [Times: user=0.06 sys=0.00, real=0.01 secs]
2325.749: [GC [PSYoungGen: 52224K->256K(58880K)] 528073K->476105K(779776K), 0.0112992 secs] [Times: user=0.06 sys=0.00, real=0.01 secs]
2325.749: [GC [PSYoungGen: 52224K->256K(58880K)] 528073K->476105K(779776K), 0.0112992 secs] [Times: user=0.06 sys=0.00, real=0.01 secs]
2325.749: [GC [PSYoungGen: 52224K->256K(58880K)] 528073K->476105K(779776K), 0.0112992 secs] [Times: user=0.06 sys=0.00, real=0.01 secs]
2325.749: [GC [PSYoungGen: 52224K->256K(58880K)] 528073K->476105K(779776K), 0.0112992 secs] [Times: user=0.06 sys=0.00, real=0.01 secs]
2325.749: [GC [PSYoungGen: 52224K->256K(58880K)] 528073K->476105K(779776K), 0.0112992 secs] [Times: user=0.06 sys=0.00, real=0.01 secs]
2325.749: [GC [PSYoungGen: 52224K->256K(58880K)] 528073K->476105K(779776K), 0.0112992 secs] [Times: user=0.06 sys=0.00, real=0.01 secs]
2325.749: [GC [PSYoungGen: 52224K->256K(58880K)] 528073K->476105K(779776K), 0.0112992 secs] [Times: user=0.06 sys=0.00, real=0.01 secs]
2325.749: [GC [PSYoungGen: 52224K->256K(58880K)] 528073K->476105K(779776K), 0.0112992 secs] [Times: user=0.06 sys=0.00, real=0.01 secs]
2325.749: [GC [PSYoungGen: 52224K->256K(58880K)] 528073K->476105K(779776K), 0.0112992 secs] [Times: user=0.06 sys=0.00, real=0.01 secs]
2325.749: [GC [PSYoungGen: 52224K->256K(58880K)] 528073K->476105K(779776K), 0.0112992 secs] [Times: user=0.06 sys=0.00, real=0.01 secs]
2325.749: [GC [PSYoungGen: 52224K->256K(58880K)] 528073K->476105K(779776K), 0.0112992 secs] [Times: user=0.06 sys=0.00, real=0.01 secs]
2325.749: [GC [PSYoungGen: 52224K->256K(58880K)] 528073K->476105K(779776K), 0.0112992 secs] [Times: user=0.06 sys=0.00, real=0.01 secs]
2325.749: [GC [PSYoungGen: 52224K->256K(58880K)] 528073K->476105K(779776K), 0.0112992 secs] [Times: user=0.06 sys=0.00, real=0.01 secs]
2325.749: [GC [PSYoungGen: 52224K->256K(58880K)] 528073K->476105K(779776K), 0.0112992 secs] [Times: user=0.06 sys=0.00, real=0.01 secs]
2325.749: [GC [PSYoungGen: 52224K->256K(58880K)] 528073K->476105K(779776K), 0.0112992 secs] [Times: user=0.06 sys=0.00, real=0.01 secs]
2325.749: [GC [PSYoungGen: 52224K->256K(58880K)] 528073K->476105K(779776K), 0.0112992 secs] [Times: user=0.06 sys=0.00, real=0.01 secs]
2325.749: [GC [PSYoungGen: 52224K->256K(58880K)] 528073K->476105K(779776K), 0.0112992 secs] [Times: user=0.06 sys=0.00, real=0.01 secs]
2325.749: [GC [PSYoungGen: 52224K->256K(58880K)] 528073K->476105K(779776K), 0.0112992 secs] [Times: user=0.06 sys=0.00, real=0.01 secs]
2325.749: [GC [PSYoungGen: 52224K->256K(58880K)] 528073K->476105K(779776K), 0.0112992 secs] [Times: user=0.06 sys=0.00, real=0.01 secs]
2325.749: [GC [PSYoungGen: 52224K->256K(58880K)] 528073K->476105K(779776K), 0.0112992 secs] [Times: user=0.06 sys=0.00, real=0.01 secs]
2325.749: [GC [PSYoungGen: 52224K->256K(58880K)] 528073K->476105K(779776K), 0.0112992 secs] [Times: user=0.06 sys=0.00, real=0.01 secs]
2325.749: [GC [PSYoungGen: 52224K->256K(58880K)] 528073K->476105K(779776K), 0.0112992 secs] [Times: user=0.06 sys=0.00, real=0.01 secs]
2325.749: [GC [PSYoungGen: 52224K->256K(58880K)] 528073K->476105K(779776K), 0.0112992 secs] [Times: user=0.06 sys=0.00, real=0.01 secs]
2325.749: [GC [PSYoungGen: 52224K->256K(58880K)] 528073K->476105K(779776K), 0.0112992 secs] [Times: user=0.06 sys=0.00, real=0.01 secs]
2325.749: [GC [PSYoungGen: 52224K->256K(58880K)] 528073K->476105K(779776K), 0.0112992 secs] [Times: user=0.06 sys=0.00, real=0.01 secs]
2325.749: [GC [PSYoungGen: 52224K->256K(58880K)] 528073K->476105K(779776K), 0.0112992 secs] [Times: user=0.06 sys=0.00, real=0.01 secs]
2325.749: [GC [PSYoungGen: 52224K->256K(58880K)] 528073K->476105K(779776K), 0.0112992 secs] [Times: user=0.06 sys=0.00, real=0.01 secs]
2325.749: [GC [PSYoungGen: 52224K->256K(58880K)] 528073K->476105K(779776K), 0.0112992 secs] [Times: user=0.06 sys=0.00, real=0.01 secs]
2325.749: [GC [PSYoungGen: 52224K->256K(58880K)] 528073K->476105K(779776K), 0.0112992 secs] [Times: user=0.06 sys=0.00, real=0.01 secs]
2325.749: [GC [PSYoungGen: 52224K->256K(58880K)] 528073K->476105K(779776K), 0.0112992 secs] [Times: user=0.06 sys=0.00, real=0.01 secs]
2325.749: [GC [PSYoungGen: 52224K->256K(58880K)] 528073K->476105K(779776K), 0.0112992 secs] [Times: user=0.06 sys=0.00, real=0.01 secs]
2325.749: [GC [PSYoungGen: 52224K->256K(58880K)] 528073K->476105K(779776K), 0.0112992 secs] [Times: user=0.06 sys=0.00, real=0.01 secs]
2325.749: [GC [PSYoungGen: 52224K->256K(58880K)] 528073K->476105K(779776K), 0.0112992 secs] [Times: user=0.06 sys=0.00, real=0.01 secs]
2325.749: [GC [PSYoungGen: 52224K->256K(58880K)] 528073K->476105K(779776K), 0.0112992 secs] [Times: user=0.06 sys=0.00, real=0.01 secs]
2325.749: [GC [PSYoungGen: 52224K->256K(58880K)] 528073K->476105K(779776K), 0.0112992 secs] [Times: user=0.06 sys=0.00, real=0.01 secs]
2325.749: [GC [PSYoungGen: 52224K->256K(58880K)] 528073K->476105K(779776K), 0.0112992 secs] [Times: user=0.06 sys=0.00, real=0.01 secs]
2325.749: [GC [PSYoungGen: 52224K->256K(58880K)] 528073K->476105K(779776K), 0.0112992 secs] [Times: user=0.06 sys=0.00, real=0.01 secs]
2325.749: [GC [PSYoungGen: 52224K->256K(58880K)] 528073K->476105K(779776K), 0.0112992 secs] [Times: user=0.06 sys=0.00, real=0.01 secs]
2325.749: [GC [PSYoungGen: 52224K->256K(58880K)] 528073K->476105K(779776K), 0.0112992 secs] [Times: user=0.06 sys=0.00, real=0.01 secs]
2325.749: [GC [PSYoungGen: 52224K->256K(58880K)] 528073K->476105K(779776K), 0.0112992 secs] [Times: user=0.06 sys=0.00, real=0.01 secs]
2325.749: [GC [PSYoungGen: 52224K->256K(58880K)] 528073K->476105K(779776K), 0.0112992 secs] [Times: user=0.06 sys=0.00, real=0.01 secs]
2325.749: [GC [PSYoungGen: 52224K->256K(58880K)] 528073K->476105K(779776K), 0.0112992 secs] [Times: user=0.06 sys=0.00, real=0.01 secs]
2325.749: [GC [PSYoungGen: 52224K->256K(58880K)] 528073K->476105K(779776K), 0.0112992 secs] [Times: user=0.06 sys=0.00, real=0.01 secs]
2325.749: [GC [PSYoungGen: 52224K->256K(58880K)] 528073K->476105K(779776K), 0.0112992 secs] [Times: user=0.06 sys=0.00, real=0.01 secs]
2325.749: [GC [PSYoungGen: 52224K->256K(58880K)] 528073K->476105K(779776K), 0.0112992 secs] [Times: user=0.06 sys=0.00, real=0.01 secs]
2325.749: [GC [PSYoungGen: 52224K->256K(58880K)] 528073K->476105K(779776K), 0.0112992 secs] [Times: user=0.06 sys=0.00, real=0.01 secs]
2325.749: [GC [PSYoungGen: 52224K->256K(58880K)] 528073K->476105K(779776K), 0.0112992 secs] [Times: user=0.06 sys=0.00, real=0.01 secs]
2325.749: [GC [PSYoungGen: 52224K->256K(58880K)] 528073K->476105K(779776K), 0.0112992 secs] [Times: user=0.06 sys=0.00, real=0.01 secs]
2325.749: [GC [PSYoungGen: 52224K->256K(58880K)] 528073K->476105K(779776K), 0.0112992 secs] [Times: user=0.06 sys=0.00, real=0.01 secs]
2325.749: [GC [PSYoungGen: 52224K->256K(58880K)] 528073K->476105K(779776K), 0.0112992 secs] [Times: user=0.06 sys=0.00, real=0.01 secs]
2325.749: [GC [PSYoungGen: 52224K->256K(58880K)] 528073K->476105K(779776K), 0.0112992 secs] [Times: user=0.06 sys=0.00, real=0.01 secs]
2325.749: [GC [PSYoungGen: 52224K->256K(58880K)] 528073K->476105K(779776K), 0.0112992 secs] [Times: user=0.06 sys=0.00, real=0.01 secs]
2325.749: [GC [PSYoungGen: 52224K->256K(58880K)] 528073K->476105K(779776K), 0.0112992 secs] [Times: user=0.06 sys=0.00, real=0.01 secs]
2325.749: [GC [PSYoungGen: 52224K->256K(58880K)] 528073K->476105K(779776K), 0.0112992 secs] [Times: user=0.06 sys=0.00, real=0.01 secs]
2325.749: [GC [PSYoungGen: 52224K->256K(58880K)] 528073K->476105K(779776K), 0.0112992 secs] [Times: user=0.06 sys=0.00, real=0.01 secs]
2325.749: [GC [PSYoungGen: 52224K->256K(58880K)] 528073K->476105K(779776K), 0.0112992 secs] [Times: user=0.06 sys=0.00, real=0.01 secs]
2325.749: [GC [PSYoungGen: 52224K->256K(58880K)] 528073K->476105K(779776K), 0.0112992 secs] [Times: user=0.06 sys=0.00, real=0.01 secs]
2325.749: [GC [PSYoungGen: 52224K->256K(58880K)] 528073K->476105K(779776K), 0.0112992 secs] [Times: user=0.06 sys=0.00, real=0.01 secs]
2325.749: [GC [PSYoungGen: 52224K->256K(58880K)] 528073K->476105K(779776K), 0.0112992 secs] [Times: user=0.06 sys=0.00, real=0.01 secs]
2325.749: [GC [PSYoungGen: 52224K->256K(58880K)] 528073K->476105K(779776K), 0.0112992 secs] [Times: user=0.06 sys=0.00, real=0.01 secs]
2325.749: [GC [PSYoungGen: 52224K->256K(58880K)] 528073K->476105K(779776K), 0.0112992 secs] [Times: user=0.06 sys=0.00, real=0.01 secs]
2325.749: [GC [PSYoungGen: 52224K->256K(58880K)] 528073K->476105K(779776K), 0.0112992 secs] [Times: user=0.06 sys=0.00, real=0.01 secs]
2325.749: [GC [PSYoungGen: 52224K->256K(58880K)] 528073K->476105K(779776K), 0.0112992 secs] [Times: user=0.06 sys=0.00, real=0.01 secs]
2325.749: [GC [PSYoungGen: 52224K->256K(58880K)] 528073K->476105K(779776K), 0.0112992 secs] [Times: user=0.06 sys=0.00, real=0.01 secs]
2325.749: [GC [PSYoungGen: 52224K->256K(58880K)] 528073K->476105K(779776K), 0.0112992 secs] [Times: user=0.06 sys=0.00, real=0.01 secs]
2325.749: [GC [PSYoungGen: 52224K->256K(58880K)] 528073K->476105K(779776K), 0.0112992 secs] [Times: user=0.06 sys=0.00, real=0.01 secs]
2325.749: [GC [PSYoungGen: 52224K->256K(58880K)] 528073K->476105K(779776K), 0.0112992 secs] [Times: user=0.06 sys=0.00, real=0.01 secs]
2325.749: [GC [PSYoungGen: 52224K->256K(58880K)] 528073K->476105K(779776K), 0.0112992 secs] [Times: user=0.06 sys=0.00, real=0.01 secs]
2325.749: [GC [PSYoungGen: 52224K->256K(58880K)] 528073K->476105K(779776K), 0.0112992 secs] [Times: user=0.06 sys=0.00, real=0.01 secs]
2325.749: [GC [PSYoungGen: 52224K->256K(58880K)] 528073K->476105K(779776K), 0.0112992 secs] [Times: user=0.06 sys=0.00, real=0.01 secs]
2325.749: [GC [PSYoungGen: 52224K->256K(58880K)] 528073K->476105K(779776K), 0.0112992 secs] [Times: user=0.06 sys=0.00, real=0.01 secs]
2325.749: [GC [PSYoungGen: 52224K->256K(58880K)] 528073K->476105K(779776K), 0.0112992 secs] [Times: user=0.06 sys=0.00, real=0.01 secs]
2325.749: [GC [PSYoungGen: 52224K->256K(58880K)] 528073K->476105K(779776K), 0.0112992 secs] [Times: user=0.06 sys=0.00, real=0.01 secs]
2325.749: [GC [PSYoungGen: 52224K->256K(58880K)] 528073K->476105K(779776K), 0.0112992 secs] [Times: user=0.06 sys=0.00, real=0.01 secs]
2325.749: [GC [PSYoungGen: 52224K->256K(58880K)] 528073K->476105K(779776K), 0.0112992 secs] [Times: user=0.06 sys=0.00, real=0.01 secs]
2325.749: [GC [PSYoungGen: 52224K->256K(58880K)] 528073K->476105K(779776K), 0.0112992 secs] [Times: user=0.06 sys=0.00, real=0.01 secs]
2325.749: [GC [PSYoungGen: 52224K->256K(58880K)] 528073K->476105K(779776K), 0.0112992 secs] [Times: user=0.06 sys=0.00, real=0.01 secs]
2325.749: [GC [PSYoungGen: 52224K->256K(58880K)] 528073K->476105K(779776K), 0.0112992 secs] [Times: user=0.06 sys=0.00, real=0.01 secs]
2325.749: [GC [PSYoungGen: 52224K->256K(58880K)] 528073K->476105K(779776K), 0.0112992 secs] [Times: user=0.06 sys=0.00, real=0.01 secs]
2325.749: [GC [PSYoungGen: 52224K->256K(58880K)] 528073K->476105K(779776K), 0.0112992 secs] [Times: user=0.06 sys=0.00, real=0.01 secs]
2325.749: [GC [PSYoungGen: 52224K->256K(58880K)] 528073K->476105K(779776K), 0.0112992 secs] [Times: user=0.06 sys=0.00, real=0.01 secs]
2325.749: [GC [PSYoungGen: 52224K->256K(58880K)] 528073K->476105K(779776K), 0.0112992 secs] [Times: user=0.06 sys=0.00, real=0.01 secs]
2325.749: [GC [PSYoungGen: 52224K->256K(58880K)] 528073K->476105K(779776K), 0.0112992 secs] [Times: user=0.06 sys=0.00, real=0.01 secs]
2325.749: [GC [PSYoungGen: 52224K->256K(58880K)] 528073K->476105K(779776K), 0.0112992 secs] [Times: user=0.06 sys=0.00, real=0.01 secs]
2325.749: [GC [PSYoungGen: 52224K->256K(58880K)] 528073K->476105K(779776K), 0.0112992 secs] [Times: user=0.06 sys=0.00, real=0.01 secs]
2325.749: [GC [PSYoungGen: 52224K->256K(58880K)] 528073K->476105K(779776K), 0.0112992 secs] [Times: user=0.06 sys=0.00, real=0.01 secs]
2325.749: [GC [PSYoungGen: 52224K->256K(58880K)] 528073K->476105K(779776K), 0.0112992 secs] [Times: user=0.06 sys=0.00, real=0.01 secs]
2325.749: [GC [PSYoungGen: 52224K->256K(58880K)] 528073K->476105K(779776K), 0.0112992 secs] [Times: user=0.06 sys=0.00, real=0.01 secs]
2325.749: [GC [PSYoungGen: 52224K->256K(58880K)] 528073K->476105K(779776K), 0.0112992 secs] [Times: user=0.06 sys=0.00, real=0.01 secs]
2325.749: [GC [PSYoungGen: 52224K->256K(58880K)] 528073K->476105K(779776K), 0.0112992 secs] [Times: user=0.06 sys=0.00, real=0.01 secs]
2325.749: [GC [PSYoungGen: 52224K->256K(58880K)] 528073K->476105K(779776K), 0.0112992 secs] [Times: user=0.06 sys=0.00, real=0.01 secs]
2325.749: [GC [PSYoungGen: 52224K->256K(58880K)] 528073K->476105K(779776K), 0.0112992 secs] [Times: user=0.06 sys=0.00, real=0.01 secs]
2325.749: [GC [PSYoungGen: 52224K->256K(58880K)] 528073K->476105K(779776K), 0.0112992 secs] [Times: user=0.06 sys=0.00, real=0.01 secs]
2325.749: [GC [PSYoungGen: 52224K->256K(58880K)] 528073K->476105K(779776K), 0.0112992 secs] [Times: user=0.06 sys=0.00, real=0.01 secs]
2325.749: [GC [PSYoungGen: 52224K->256K(58880K)] 528073K->476105K(779776K), 0.0112992 secs] [Times: user=0.06 sys=0.00, real=0.01 secs]
2325.749: [GC [PSYoungGen: 52224K->256K(58880K)] 528073K->476105K(779776K), 0.0112992 secs] [Times: user=0.06 sys=0.00, real=0.01 secs]
2325.749: [GC [PSYoungGen: 52224K->256K(58880K)] 528073K->476105K(779776K), 0.0112992 secs] [Times: user=0.06 sys=0.00, real=0.01 secs]
2325.749: [GC [PSYoungGen: 52224K->256K(58880K)] 528073K->476105K(779776K), 0.0112992 secs] [Times: user=0.06 sys=0.00, real=0.01 secs]
2325.749: [GC [PSYoungGen: 52224K->256K(58880K)] 528073K->476105K(779776K), 0.0112992 secs] [Times: user=0.06 sys=0.00, real=0.01 secs]
2325.749: [GC [PSYoungGen: 52224K->256K(58880K)] 528073K->476105K(779776K), 0.0112992 secs] [Times: user=0.06 sys=0.00, real=0.01 secs]
2325.749: [GC [PSYoungGen: 52224K->256K(58880K)] 528073K->476105K(779776K), 0.0112992 secs] [Times: user=0.06 sys=0.00, real=0.01 secs]
2325.749: [GC [PSYoungGen: 52224K->256K(58880K)] 528073K->476105K(779776K), 0.0112992 secs] [Times: user=0.06 sys=0.00, real=0.01 secs]
2325.749: [GC [PSYoungGen: 52224K->256K(58880K)] 528073K->476105K(779776K), 0.0112992 secs] [Times: user=0.06 sys=0.00, real=0.01 secs]
2325.749: [GC [PSYoungGen: 52224K->256K(58880K)] 528073K->476105K(779776K), 0.0112992 secs] [Times: user=0.06 sys=0.00, real=0.01 secs]
2325.749: [GC [PSYoungGen: 52224K->256K(58880K)] 528073K->476105K(779776K), 0.0112992 secs] [Times: user=0.06 sys=0.00, real=0.01 secs]
2325.749: [GC [PSYoungGen: 52224K->256K(58880K)] 528073K->476105K(779776K), 0.0112992 secs] [Times: user=0.06 sys=0.00, real=0.01 secs]
2325.749: [GC [PSYoungGen: 52224K->256K(58880K)] 528073K->476105K(779776K), 0.0112992 secs] [Times: user=0.06 sys=0.00, real=0.01 secs]
2325.749: [GC [PSYoungGen: 52224K->256K(58880K)] 528073K->476105K(779776K), 0.0112992 secs] [Times: user=0.06 sys=0.00, real=0.01 secs]
2325.749: [GC [PSYoungGen: 52224K->256K(58880K)] 528073K->476105K(779776K), 0.0112992 secs] [Times: user=0.06 sys=0.00, real=0.01 secs]
2325.749: [GC [PSYoungGen: 52224K->256K(58880K)] 528073K->476105K(779776K), 0.0112992 secs] [Times: user=0.06 sys=0.00, real=0.01 secs]
2325.749: [GC [PSYoungGen: 52224K->256K(58880K)] 528073K->476105K(779776K), 0.0112992 secs] [Times: user=0.06 sys=0.00, real=0.01 secs]
2325.749: [GC [PSYoungGen: 52224K->256K(58880K)] 528073K->476105K(779776K), 0.0112992 secs] [Times: user=0.06 sys=0.00, real=0.01 secs]
2325.749: [GC [PSYoungGen: 52224K->256K(58880K)] 528073K->476105K(779776K), 0.0112992 secs] [Times: user=0.06 sys=0.00, real=0.01 secs]
2325.749: [GC [PSYoungGen: 52224K->256K(58880K)] 528073K->476105K(779776K), 0.0112992 secs] [Times: user=0.06 sys=0.00, real=0.01 secs]
2325.749: [GC [PSYoungGen: 52224K->256K(58880K)] 528073K->476105K(779776K), 0.0112992 secs] [Times: user=0.06 sys=0.00, real=0.01 secs]
2325.749: [GC [PSYoungGen: 52224K->256K(58880K)] 528073K->476105K(779776K), 0.0112992 secs] [Times: user=0.06 sys=0.00, real=0.01 secs]
2325.749: [GC [PSYoungGen: 52224K->256K(58880K)] 528073K->476105K(779776K), 0.0112992 secs] [Times: user=0.06 sys=0.00, real=0.01 secs]
2325.749: [GC [PSYoungGen: 52224K->256K(58880K)] 528073K->476105K(779776K), 0.0112992 secs] [Times: user=0.06 sys=0.00, real=0.01 secs]
2325.749: [GC [PSYoungGen: 52224K->256K(58880K)] 528073K->476105K(779776K), 0.0112992 secs] [Times: user=0.06 sys=0.00, real=0.01 secs]
2325.749: [GC [PSYoungGen: 52224K->256K(58880K)] 528073K->476105K(779776K), 0.0112992 secs] [Times: user=0.06 sys=0.00, real=0.01 secs]
2325.749: [GC [PSYoungGen: 52224K->256K(58880K)] 528073K->476105K(779776K), 0.0112992 secs] [Times: user=0.06 sys=0.00, real=0.01 secs]
2325.749: [GC [PSYoungGen: 52224K->256K(58880K)] 528073K->476105K(779776K), 0.0112992 secs] [Times: user=0.06 sys=0.00, real=0.01 secs]
2325.749: [GC [PSYoungGen: 52224K->256K(58880K)] 528073K->476105K(779776K), 0.0112992 secs] [Times: user=0.06 sys=0.00, real=0.01 secs]
2325.749: [GC [PSYoungGen: 52224K->256K(58880K)] 528073K->476105K(779776K), 0.0112992 secs] [Times: user=0.06 sys=0.00, real=0.01 secs]
2325.749: [GC [PSYoungGen: 52224K->256K(58880K)] 528073K->476105K(779776K), 0.0112992 secs] [Times: user=0.06 sys=0.00, real=0.01 secs]
2325.749: [GC [PSYoungGen: 52224K->256K(58880K)] 528073K->476105K(779776K), 0.0112992 secs] [Times: user=0.06 sys=0.00, real=0.01 secs]
2325.749: [GC [PSYoungGen: 52224K->256K(58880K)] 528073K->476105K(779776K), 0.0112992 secs] [Times: user=0.06 sys=0.00, real=0.01 secs]
2325.749: [GC [PSYoungGen: 52224K->256K(58880K)] 528073K->476105K(779776K), 0.0112992 secs] [Times: user=0.06 sys=0.00, real=0.01 secs]
2325.749: [GC [PSYoungGen: 52224K->256K(58880K)] 528073K->476105K(779776K), 0.0112992 secs] [Times: user=0.06 sys=0.00, real=0.01 secs]
2325.749: [GC [PSYoungGen: 52224K->256K(58880K)] 528073K->476105K(779776K), 0.0112992 secs] [Times: user=0.06 sys=0.00, real=0.01 secs]
2325.749: [GC [PSYoungGen: 52224K->256K(58880K)] 528073K->476105K(779776K), 0.0112992 secs] [Times: user=0.06 sys=0.00, real=0.01 secs]
2325.749: [GC [PSYoungGen: 52224K->256K(58880K)] 528073K->476105K(779776K), 0.0112992 secs] [Times: user=0.06 sys=0.00, real=0.01 secs]
2325.749: [GC [PSYoungGen: 52224K->256K(58880K)] 528073K->476105K(779776K), 0.0112992 secs] [Times: user=0.06 sys=0.00, real=0.01 secs]
2325.749: [GC [PSYoungGen: 52224K->256K(58880K)] 528073K->476105K(779776K), 0.0112992 secs] [Times: user=0.06 sys=0.00, real=0.01 secs]
2325.749: [GC [PSYoungGen: 52224K->256K(58880K)] 528073K->476105K(779776K), 0.0112992 secs] [Times: user=0.06 sys=0.00, real=0.01 secs]
2325.749: [GC [PSYoungGen: 52224K->256K(58880K)] 528073K->476105K(779776K), 0.0112992 secs] [Times: user=0.06 sys=0.00, real=0.01 secs]
2325.749: [GC [PSYoungGen: 52224K->256K(58880K)] 528073K->476105K(779776K), 0.0112992 secs] [Times: user=0.06 sys=0.00, real=0.01 secs]
2325.749: [GC [PSYoungGen: 52224K->256K(58880K)] 528073K->476105K(779776K), 0.0112992 secs] [Times: user=0.06 sys=0.00, real=0.01 secs]
2325.749: [GC [PSYoungGen: 52224K->256K(58880K)] 528073K->476105K(779776K), 0.0112992 secs] [Times: user=0.06 sys=0.00, real=0.01 secs]
2325.749: [GC [PSYoungGen: 52224K->256K(58880K)] 528073K->476105K(779776K), 0.0112992 secs] [Times: user=0.06 sys=0.00, real=0.01 secs]
2325.749: [GC [PSYoungGen: 52224K->256K(58880K)] 528073K->476105K(779776K), 0.0112992 secs] [Times: user=0.06 sys=0.00, real=0.01 secs]
2325.749: [GC [PSYoungGen: 52224K->256K(58880K)] 528073K->476105K(779776K), 0.0112992 secs] [Times: user=0.06 sys=0.00, real=0.01 secs]
2325.749: [GC [PSYoungGen: 52224K->256K(58880K)] 528073K->476105K(779776K), 0.0112992 secs] [Times: user=0.06 sys=0.00, real=0.01 secs]
2325.749: [GC [PSYoungGen: 52224K->256K(58880K)] 528073K->476105K(779776K), 0.0112992 secs] [Times: user=0.06 sys=0.00, real=0.01 secs]
2325.749: [GC [PSYoungGen: 52224K->256K(58880K)] 528073K->476105K(779776K), 0.0112992 secs] [Times: user=0.06 sys=0.00, real=0.01 secs]
2325.749: [GC [PSYoungGen: 52224K->256K(58880K)] 528073K->476105K(779776K), 0.0112992 secs] [Times: user=0.06 sys=0.00, real=0.01 secs]
2325.749: [GC [PSYoungGen: 52224K->256K(58880K)] 528073K->476105K(779776K), 0.0112992 secs] [Times: user=0.06 sys=0.00, real=0.01 secs]
2325.749: [GC [PSYoungGen: 52224K->256K(58880K)] 528073K->476105K(779776K), 0.0112992 secs] [Times: user=0.06 sys=0.00, real=0.01 secs]
2325.749: [GC [PSYoungGen: 52224K->256K(58880K)] 528073K->476105K(779776K), 0.0112992 secs] [Times: user=0.06 sys=0.00, real=0.01 secs]
2325.749: [GC [PSYoungGen: 52224K->256K(58880K)] 528073K->476105K(779776K), 0.0112992 secs] [Times: user=0.06 sys=0.00, real=0.01 secs]
2325.749: [GC [PSYoungGen: 52224K->256K(58880K)] 528073K->476105K(779776K), 0.0112992 secs] [Times: user=0.06 sys=0.00, real=0.01 secs]
2325.749: [GC [PSYoungGen: 52224K->256K(58880K)] 528073K->476105K(779776K), 0.0112992 secs] [Times: user=0.06 sys=0.00, real=0.01 secs]
2325.749: [GC [PSYoungGen: 52224K->256K(58880K)] 528073K->476105K(779776K), 0.0112992 secs] [Times: user=0.06 sys=0.00, real=0.01 secs]
2325.749: [GC [PSYoungGen: 52224K->256K(58880K)] 528073K->476105K(779776K), 0.0112992 secs] [Times: user=0.06 sys=0.00, real=0.01 secs]
2325.749: [GC [PSYoungGen: 52224K->256K(58880K)] 528073K->476105K(779776K), 0.0112992 secs] [Times: user=0.06 sys=0.00, real=0.01 secs]
2325.749: [GC [PSYoungGen: 52224K->256K(58880K)] 528073K->476105K(779776K), 0.0112992 secs] [Times: user=0.06 sys=0.00, real=0.01 secs]
2325.749: [GC [PSYoungGen: 52224K->256K(58880K)] 528073K->476105K(779776K), 0.0112992 secs] [Times: user=0.06 sys=0.00, real=0.01 secs]
2325.749: [GC [PSYoungGen: 52224K->256K(58880K)] 528073K->476105K(779776K), 0.0112992 secs] [Times: user=0.06 sys=0.00, real=0.01 secs]
2325.749: [GC [PSYoungGen: 52224K->256K(58880K)] 528073K->476105K(779776K), 0.0112992 secs] [Times: user=0.06 sys=0.00, real=0.01 secs]
2325.749: [GC [PSYoungGen: 52224K->256K(58880K)] 528073K->476105K(779776K), 0.0112992 secs] [Times: user=0.06 sys=0.00, real=0.01 secs]
2325.749: [GC [PSYoungGen: 52224K->256K(58880K)] 528073K->476105K(779776K), 0.0112992 secs] [Times: user=0.06 sys=0.00, real=0.01 secs]
2325.749: [GC [PSYoungGen: 52224K->256K(58880K)] 528073K->476105K(779776K), 0.0112992 secs] [Times: user=0.06 sys=0.00, real=0.01 secs]
2325.749: [GC [PSYoungGen: 52224K->256K(58880K)] 528073K->476105K(779776K), 0.0112992 secs] [Times: user=0.06 sys=0.00, real=0.01 secs]
2325.749: [GC [PSYoungGen: 52224K->256K(58880K)] 528073K->476105K(779776K), 0.0112992 secs] [Times: user=0.06 sys=0.00, real=0.01 secs]
2325.749: [GC [PSYoungGen: 52224K->256K(58880K)] 528073K->476105K(779776K), 0.0112992 secs] [Times: user=0.06 sys=0.00, real=0.01 secs]
2325.749: [GC [PSYoungGen: 52224K->256K(58880K)] 528073K->476105K(779776K), 0.0112992 secs] [Times: user=0.06 sys=0.00, real=0.01 secs]
2325.749: [GC [PSYoungGen: 52224K->256K(58880K)] 528073K->476105K(779776K), 0.0112992 secs] [Times: user=0.06 sys=0.00, real=0.01 secs]
2325.749: [GC [PSYoungGen: 52224K->256K(58880K)] 528073K->476105K(779776K), 0.0112992 secs] [Times: user=0.06 sys=0.00, real=0.01 secs]
2325.749: [GC [PSYoungGen: 52224K->256K(58880K)] 528073K->476105K(779776K), 0.0112992 secs] [Times: user=0.06 sys=0.00, real=0.01 secs]
2325.749: [GC [PSYoungGen: 52224K->256K(58880K)] 528073K->476105K(779776K), 0.0112992 secs] [Times: user=0.06 sys=0.00, real=0.01 secs]
2325.749: [GC [PSYoungGen: 52224K->256K(58880K)] 528073K->476105K(779776K), 0.0112992 secs] [Times: user=0.06 sys=0.00, real=0.01 secs]
2325.749: [GC [PSYoungGen: 52224K->256K(58880K)] 528073K->476105K(779776K), 0.0112992 secs] [Times: user=0.06 sys=0.00, real=0.01 secs]
2325.749: [GC [PSYoungGen: 52224K->256K(58880K)] 528073K->476105K(779776K), 0.0112992 secs] [Times: user=0.06 sys=0.00, real=0.01 secs]
2325.749: [GC [PSYoungGen: 52224K->256K(58880K)] 528073K->476105K(779776K), 0.0112992 secs] [Times: user=0.06 sys=0.00, real=0.01 secs]
2325.749: [GC [PSYoungGen: 52224K->256K(58880K)] 528073K->476105K(779776K), 0.0112992 secs] [Times: user=0.06 sys=0.00, real=0.01 secs]
2325.749: [GC [PSYoungGen: 52224K->256K(58880K)] 528073K->476105K(779776K), 0.0112992 secs] [Times: user=0.06 sys=0.00, real=0.01 secs]
2325.749: [GC [PSYoungGen: 52224K->256K(58880K)] 528073K->476105K(779776K), 0.0112992 secs] [Times: user=0.06 sys=0.00, real=0.01 secs]
2325.749: [GC [PSYoungGen: 52224K->256K(58880K)] 528073K->476105K(779776K), 0.0112992 secs] [Times: user=0.06 sys=0.00, real=0.01 secs]
2325.749: [GC [PSYoungGen: 52224K->256K(58880K)] 528073K->476105K(779776K), 0.0112992 secs] [Times: user=0.06 sys=0.00, real=0.01 secs]
2325.749: [GC [PSYoungGen: 52224K->256K(58880K)] 528073K->476105K(779776K), 0.0112992 secs] [Times: user=0.06 sys=0.00, real=0.01 secs]
2325.749: [GC [PSYoungGen: 52224K->256K(58880K)] 528073K->476105K(779776K), 0.0112992 secs] [Times: user=0.06 sys=0.00, real=0.01 secs]
2325.749: [GC [PSYoungGen: 52224K->256K(58880K)] 528073K->476105K(779776K), 0.0112992 secs] [Times: user=0.06 sys=0.00, real=0.01 secs]
2325.749: [GC [PSYoungGen: 52224K->256K(58880K)] 528073K->476105K(779776K), 0.0112992 secs] [Times: user=0.06 sys=0.00, real=0.01 secs]
2325.749: [GC [PSYoungGen: 52224K->256K(58880K)] 528073K->476105K(779776K), 0.0112992 secs] [Times: user=0.06 sys=0.00, real=0.01 secs]
2325.749: [GC [PSYoungGen: 52224K->256K(58880K)] 528073K->476105K(779776K), 0.0112992 secs] [Times: user=0.06 sys=0.00, real=0.01 secs]
2325.749: [GC [PSYoungGen: 52224K->256K(58880K)] 528073K->476105K(779776K), 0.0112992 secs] [Times: user=0.06 sys=0.00, real=0.01 secs]
2325.749: [GC [PSYoungGen: 52224K->256K(58880K)] 528073K->476105K(779776K), 0.0112992 secs] [Times: user=0.06 sys=0.00, real=0.01 secs]
2325.749: [GC [PSYoungGen: 52224K->256K(58880K)] 528073K->476105K(779776K), 0.0112992 secs] [Times: user=0.06 sys=0.00, real=0.01 secs]
2325.749: [GC [PSYoungGen: 52224K->256K(58880K)] 528073K->476105K(779776K), 0.0112992 secs] [Times: user=0.06 sys=0.00, real=0.01 secs]
2325.749: [GC [PSYoungGen: 52224K->256K(58880K)] 528073K->476105K(779776K), 0.0112992 secs] [Times: user=0.06 sys=0.00, real=0.01 secs]
2325.749: [GC [PSYoungGen: 52224K->256K(58880K)] 528073K->476105K(779776K), 0.0112992 secs] [Times: user=0.06 sys=0.00, real=0.01 secs]
2325.749: [GC [PSYoungGen: 52224K->256K(58880K)] 528073K->476105K(779776K), 0.0112992 secs] [Times: user=0.06 sys=0.00, real=0.01 secs]
2325.749: [GC [PSYoungGen: 52224K->256K(58880K)] 528073K->476105K(779776K), 0.0112992 secs] [Times: user=0.06 sys=0.00, real=0.01 secs]
2325.749: [GC [PSYoungGen: 52224K->256K(58880K)] 528073K->476105K(779776K), 0.0112992 secs] [Times: user=0.06 sys=0.00, real=0.01 secs]
2325.749: [GC [PSYoungGen: 52224K->256K(58880K)] 528073K->476105K(779776K), 0.0112992 secs] [Times: user=0.06 sys=0.00, real=0.01 secs]
2325.749: [GC [PSYoungGen: 52224K->256K(58880K)] 528073K->476105K(779776K), 0.0112992 secs] [Times: user=0.06 sys=0.00, real=0.01 secs]
2325.749: [GC [PSYoungGen: 52224K->256K(58880K)] 528073K->476105K(779776K), 0.0112992 secs] [Times: user=0.06 sys=0.00, real=0.01 secs]
2325.749: [GC [PSYoungGen: 52224K->256K(58880K)] 528073K->476105K(779776K), 0.0112992 secs] [Times: user=0.06 sys=0.00, real=0.01 secs]
2325.749: [GC [PSYoungGen: 52224K->256K(58880K)] 528073K->476105K(779776K), 0.0112992 secs] [Times: user=0.06 sys=0.00, real=0.01 secs]
2325.749: [GC [PSYoungGen: 52224K->256K(58880K)] 528073K->476105K(779776K), 0.0112992 secs] [Times: user=0.06 sys=0.00, real=0.01 secs]
2325.749: [GC [PSYoungGen: 52224K->256K(58880K)] 528073K->476105K(779776K), 0.0112992 secs] [Times: user=0.06 sys=0.00, real=0.01 secs]
2325.749: [GC [PSYoungGen: 52224K->256K(58880K)] 528073K->476105K(779776K), 0.0112992 secs] [Times: user=0.06 sys=0.00, real=0.01 secs]
2325.749: [GC [PSYoungGen: 52224K->256K(58880K)] 528073K->476105K(779776K), 0.0112992 secs] [Times: user=0.06 sys=0.00, real=0.01 secs]
2325.749: [GC [PSYoungGen: 52224K->256K(58880K)] 528073K->476105K(779776K), 0.0112992 secs] [Times: user=0.06 sys=0.00, real=0.01 secs]
2325.749: [GC [PSYoungGen: 52224K->256K(58880K)] 528073K->476105K(779776K), 0.0112992 secs] [Times: user=0.06 sys=0.00, real=0.01 secs]
2325.749: [GC [PSYoungGen: 52224K->256K(58880K)] 528073K->476105K(779776K), 0.0112992 secs] [Times: user=0.06 sys=0.00, real=0.01 secs]
2325.749: [GC [PSYoungGen: 52224K->256K(58880K)] 528073K->476105K(779776K), 0.0112992 secs] [Times: user=0.06 sys=0.00, real=0.01 secs]
2325.749: [GC [PSYoungGen: 52224K->256K(58880K)] 528073K->476105K(779776K), 0.0112992 secs] [Times: user=0.06 sys=0.00, real=0.01 secs]
2325.749: [GC [PSYoungGen: 52224K->256K(58880K)] 528073K->476105K(779776K), 0.0112992 secs] [Times: user=0.06 sys=0.00, real=0.01 secs]
2325.749: [GC [PSYoungGen: 52224K->256K(58880K)] 528073K->476105K(779776K), 0.0112992 secs] [Times: user=0.06 sys=0.00, real=0.01 secs]
2325.749: [GC [PSYoungGen: 52224K->256K(58880K)] 528073K->476105K(779776K), 0.0112992 secs] [Times: user=0.06 sys=0.00, real=0.01 secs]
2325.749: [GC [PSYoungGen: 52224K->256K(58880K)] 528073K->476105K(779776K), 0.0112992 secs] [Times: user=0.06 sys=0.00, real=0.01 secs]
2325.749: [GC [PSYoungGen: 52224K->256K(58880K)] 528073K->476105K(779776K), 0.0112992 secs] [Times: user=0.06 sys=0.00, real=0.01 secs]
2325.749: [GC [PSYoungGen: 52224K->256K(58880K)] 528073K->476105K(779776K), 0.0112992 secs] [Times: user=0.06 sys=0.00, real=0.01 secs]
2325.749: [GC [PSYoungGen: 52224K->256K(58880K)] 528073K->476105K(779776K), 0.0112992 secs] [Times: user=0.06 sys=0.00, real=0.01 secs]
2325.749: [GC [PSYoungGen: 52224K->256K(58880K)] 528073K->476105K(779776K), 0.0112992 secs] [Times: user=0.06 sys=0.00, real=0.01 secs]
2325.749: [GC [PSYoungGen: 52224K->256K(58880K)] 528073K->476105K(779776K), 0.0112992 secs] [Times: user=0.06 sys=0.00, real=0.01 secs]
2325.749: [GC [PSYoungGen: 52224K->256K(58880K)] 528073K->476105K(779776K), 0.0112992 secs] [Times: user=0.06 sys=0.00, real=0.01 secs]
2325.749: [GC [PSYoungGen: 52224K->256K(58880K)] 528073K->476105K(779776K), 0.0112992 secs] [Times: user=0.06 sys=0.00, real=0.01 secs]
2325.749: [GC [PSYoungGen: 52224K->256K(58880K)] 528073K->476105K(779776K), 0.0112992 secs] [Times: user=0.06 sys=0.00, real=0.01 secs]
2325.749: [GC [PSYoungGen: 52224K->256K(58880K)] 528073K->476105K(779776K), 0.0112992 secs] [Times: user=0.06 sys=0.00, real=0.01 secs]
2325.749: [GC [PSYoungGen: 52224K->256K(58880K)] 528073K->476105K(779776K), 0.0112992 secs] [Times: user=0.06 sys=0.00, real=0.01 secs]
2325.749: [GC [PSYoungGen: 52224K->256K(58880K)] 528073K->476105K(779776K), 0.0112992 secs] [Times: user=0.06 sys=0.00, real=0.01 secs]
2325.749: [GC [PSYoungGen: 52224K->256K(58880K)] 528073K->476105K(779776K), 0.0112992 secs] [Times: user=0.06 sys=0.00, real=0.01 secs]
2325.749: [GC [PSYoungGen: 52224K->256K(58880K)] 528073K->476105K(779776K), 0.0112992 secs] [Times: user=0.06 sys=0.00, real=0.01 secs]
2325.749: [GC [PSYoungGen: 52224K->256K(58880K)] 528073K->476105K(779776K), 0.0112992 secs] [Times: user=0.06 sys=0.00, real=0.01 secs]
2325.749: [GC [PSYoungGen: 52224K->256K(58880K)] 528073K->476105K(779776K), 0.0112992 secs] [Times: user=0.06 sys=0.00, real=0.01 secs]
2325.749: [GC [PSYoungGen: 52224K->256K(58880K)] 528073K->476105K(779776K), 0.0112992 secs] [Times: user=0.06 sys=0.00, real=0.01 secs]
2325.749: [GC [PSYoungGen: 52224K->256K(58880K)] 528073K->476105K(779776K), 0.0112992 secs] [Times: user=0.06 sys=0.00, real=0.01 secs]
2325.749: [GC [PSYoungGen: 52224K->256K(58880K)] 528073K->476105K(779776K), 0.0112992 secs] [Times: user=0.06 sys=0.00, real=0.01 secs]
2325.749: [GC [PSYoungGen: 52224K->256K(58880K)] 528073K->476105K(779776K), 0.0112992 secs] [Times: user=0.06 sys=0.00, real=0.01 secs]
2325.749: [GC [PSYoungGen: 52224K->256K(58880K)] 528073K->476105K(779776K), 0.0112992 secs] [Times: user=0.06 sys=0.00, real=0.01 secs]
2325.749: [GC [PSYoungGen: 52224K->256K(58880K)] 528073K->476105K(779776K), 0.0112992 secs] [Times: user=0.06 sys=0.00, real=0.01 secs]
2325.749: [GC [PSYoungGen: 52224K->256K(58880K)] 528073K->476105K(779776K), 0.0112992 secs] [Times: user=0.06 sys=0.00, real=0.01 secs]
2325.749: [GC [PSYoungGen: 52224K->256K(58880K)] 528073K->476105K(779776K), 0.0112992 secs] [Times: user=0.06 sys=0.00, real=0.01 secs]
2325.749: [GC [PSYoungGen: 52224K->256K(58880K)] 528073K->476105K(779776K), 0.0112992 secs] [Times: user=0.06 sys=0.00, real=0.01 secs]
2325.749: [GC [PSYoungGen: 52224K->256K(58880K)] 528073K->476105K(779776K), 0.0112992 secs] [Times: user=0.06 sys=0.00, real=0.01 secs]
2325.749: [GC [PSYoungGen: 52224K->256K(58880K)] 528073K->476105K(779776K), 0.0112992 secs] [Times: user=0.06 sys=0.00, real=0.01 secs]
2325.749: [GC [PSYoungGen: 52224K->256K(58880K)] 528073K->476105K(779776K), 0.0112992 secs] [Times: user=0.06 sys=0.00, real=0.01 secs]
2325.749: [GC [PSYoungGen: 52224K->256K(58880K)] 528073K->476105K(779776K), 0.0112992 secs] [Times: user=0.06 sys=0.00, real=0.01 secs]
2325.749: [GC [PSYoungGen: 52224K->256K(58880K)] 528073K->476105K(779776K), 0.0112992 secs] [Times: user=0.06 sys=0.00, real=0.01 secs]
2325.749: [GC [PSYoungGen: 52224K->256K(58880K)] 528073K->476105K(779776K), 0.0112992 secs] [Times: user=0.06 sys=0.00, real=0.01 secs]
2325.749: [GC [PSYoungGen: 52224K->256K(58880K)] 528073K->476105K(779776K), 0.0112992 secs] [Times: user=0.06 sys=0.00, real=0.01 secs]
2325.749: [GC [PSYoungGen: 52224K->256K(58880K)] 528073K->476105K(779776K), 0.0112992 secs] [Times: user=0.06 sys=0.00, real=0.01 secs]
2325.749: [GC [PSYoungGen: 52224K->256K(58880K)] 528073K->476105K(779776K), 0.0112992 secs] [Times: user=0.06 sys=0.00, real=0.01 secs]
2325.749: [GC [PSYoungGen: 52224K->256K(58880K)] 528073K->476105K(779776K), 0.0112992 secs] [Times: user=0.06 sys=0.00, real=0.01 secs]
2325.749: [GC [PSYoungGen: 52224K->256K(58880K)] 528073K->476105K(779776K), 0.0112992 secs] [Times: user=0.06 sys=0.00, real=0.01 secs]
2325.749: [GC [PSYoungGen: 52224K->256K(58880K)] 528073K->476105K(779776K), 0.0112992 secs] [Times: user=0.06 sys=0.00, real=0.01 secs]
2325.749: [GC [PSYoungGen: 52224K->256K(58880K)] 528073K->476105K(779776K), 0.0112992 secs] [Times: user=0.06 sys=0.00, real=0.01 secs]
2325.749: [GC [PSYoungGen: 52224K->256K(58880K)] 528073K->476105K(779776K), 0.0112992 secs] [Times: user=0.06 sys=0.00, real=0.01 secs]
2325.749: [GC [PSYoungGen: 52224K->256K(58880K)] 528073K->476105K(779776K), 0.0112992 secs] [Times: user=0.06 sys=0.00, real=0.01 secs]
2325.749: [GC [PSYoungGen: 52224K->256K(58880K)] 528073K->476105K(779776K), 0.0112992 secs] [Times: user=0.06 sys=0.00, real=0.01 secs]
2325.749: [GC [PSYoungGen: 52224K->256K(58880K)] 528073K->476105K(779776K), 0.0112992 secs] [Times: user=0.06 sys=0.00, real=0.01 secs]
2325.749: [GC [PSYoungGen: 52224K->256K(58880K)] 528073K->476105K(779776K), 0.0112992 secs] [Times: user=0.06 sys=0.00, real=0.01 secs]
2325.749: [GC [PSYoungGen: 52224K->256K(58880K)] 528073K->476105K(779776K), 0.0112992 secs] [Times: user=0.06 sys=0.00, real=0.01 secs]
2325.749: [GC [PSYoungGen: 52224K->256K(58880K)] 528073K->476105K(779776K), 0.0112992 secs] [Times: user=0.06 sys=0.00, real=0.01 secs]
2325.749: [GC [PSYoungGen: 52224K->256K(58880K)] 528073K->476105K(779776K), 0.0112992 secs] [Times: user=0.06 sys=0.00, real=0.01 secs]
2325.749: [GC [PSYoungGen: 52224K->256K(58880K)] 528073K->476105K(779776K), 0.0112992 secs] [Times: user=0.06 sys=0.00, real=0.01 secs]
2325.749: [GC [PSYoungGen: 52224K->256K(58880K)] 528073K->476105K(779776K), 0.0112992 secs] [Times: user=0.06 sys=0.00, real=0.01 secs]
2325.749: [GC [PSYoungGen: 52224K->256K(58880K)] 528073K->476105K(779776K), 0.0112992 secs] [Times: user=0.06 sys=0.00, real=0.01 secs]
2325.749: [GC [PSYoungGen: 52224K->256K(58880K)] 528073K->476105K(779776K), 0.0112992 secs] [Times: user=0.06 sys=0.00, real=0.01 secs]
2325.749: [GC [PSYoungGen: 52224K->256K(58880K)] 528073K->476105K(779776K), 0.0112992 secs] [Times: user=0.06 sys=0.00, real=0.01 secs]
2325.749: [GC [PSYoungGen: 52224K->256K(58880K)] 528073K->476105K(779776K), 0.0112992 secs] [Times: user=0.06 sys=0.00, real=0.01 secs]
2325.749: [GC [PSYoungGen: 52224K->256K(58880K)] 528073K->476105K(779776K), 0.0112992 secs] [Times: user=0.06 sys=0.00, real=0.01 secs]
2325.749: [GC [PSYoungGen: 52224K->256K(58880K)] 528073K->476105K(779776K), 0.0112992 secs] [Times: user=0.06 sys=0.00, real=0.01 secs]
2325.749: [GC [PSYoungGen: 52224K->256K(58880K)] 528073K->476105K(779776K), 0.0112992 secs] [Times: user=0.06 sys=0.00, real=0.01 secs]
2325.749: [GC [PSYoungGen: 52224K->256K(58880K)] 528073K->476105K(779776K), 0.0112992 secs] [Times: user=0.06 sys=0.00, real=0.01 secs]
2325.749: [GC [PSYoungGen: 52224K->256K(58880K)] 528073K->476105K(779776K), 0.0112992 secs] [Times: user=0.06 sys=0.00, real=0.01 secs]
2325.749: [GC [PSYoungGen: 52224K->256K(58880K)] 528073K->476105K(779776K), 0.0112992 secs] [Times: user=0.06 sys=0.00, real=0.01 secs]
2325.749: [GC [PSYoungGen: 52224K->256K(58880K)] 528073K->476105K(779776K), 0.0112992 secs] [Times: user=0.06 sys=0.00, real=0.01 secs]
2325.749: [GC [PSYoungGen: 52224K->256K(58880K)] 528073K->476105K(779776K), 0.0112992 secs] [Times: user=0.06 sys=0.00, real=0.01 secs]
2325.749: [GC [PSYoungGen: 52224K->256K(58880K)] 528073K->476105K(779776K), 0.0112992 secs] [Times: user=0.06 sys=0.00, real=0.01 secs]
2325.749: [GC [PSYoungGen: 52224K->256K(58880K)] 528073K->476105K(779776K), 0.0112992 secs] [Times: user=0.06 sys=0.00, real=0.01 secs]
2325.749: [GC [PSYoungGen: 52224K->256K(58880K)] 528073K->476105K(779776K), 0.0112992 secs] [Times: user=0.06 sys=0.00, real=0.01 secs]
2325.749: [GC [PSYoungGen: 52224K->256K(58880K)] 528073K->476105K(779776K), 0.0112992 secs] [Times: user=0.06 sys=0.00, real=0.01 secs]
2325.749: [GC [PSYoungGen: 52224K->256K(58880K)] 528073K->476105K(779776K), 0.0112992 secs] [Times: user=0.06 sys=0.00, real=0.01 secs]
2325.749: [GC [PSYoungGen: 52224K->256K(58880K)] 528073K->476105K(779776K), 0.0112992 secs] [Times: user=0.06 sys=0.00, real=0.01 secs]
2325.749: [GC [PSYoungGen: 52224K->256K(58880K)] 528073K->476105K(779776K), 0.0112992 secs] [Times: user=0.06 sys=0.00, real=0.01 secs]
2325.749: [GC [PSYoungGen: 52224K->256K(58880K)] 528073K->476105K(779776K), 0.0112992 secs] [Times: user=0.06 sys=0.00, real=0.01 secs]
2325.749: [GC [PSYoungGen: 52224K->256K(58880K)] 528073K->476105K(779776K), 0.0112992 secs] [Times: user=0.06 sys=0.00, real=0.01 secs]
2325.749: [GC [PSYoungGen: 52224K->256K(58880K)] 528073K->476105K(779776K), 0.0112992 secs] [Times: user=0.06 sys=0.00, real=0.01 secs]
2325.749: [GC [PSYoungGen: 52224K->256K(58880K)] 528073K->476105K(779776K), 0.0112992 secs] [Times: user=0.06 sys=0.00, real=0.01 secs]
2325.749: [GC [PSYoungGen: 52224K->256K(58880K)] 528073K->476105K(779776K), 0.0112992 secs] [Times: user=0.06 sys=0.00, real=0.01 secs]
2325.749: [GC [PSYoungGen: 52224K->256K(58880K)] 528073K->476105K(779776K), 0.0112992 secs] [Times: user=0.06 sys=0.00, real=0.01 secs]
2325.749: [GC [PSYoungGen: 52224K->256K(58880K)] 528073K->476105K(779776K), 0.0112992 secs] [Times: user=0.06 sys=0.00, real=0.01 secs]
2325.749: [GC [PSYoungGen: 52224K->256K(58880K)] 528073K->476105K(779776K), 0.0112992 secs] [Times: user=0.06 sys=0.00, real=0.01 secs]
2325.749: [GC [PSYoungGen: 52224K->256K(58880K)] 528073K->476105K(779776K), 0.0112992 secs] [Times: user=0.06 sys=0.00, real=0.01 secs]
2325.749: [GC [PSYoungGen: 52224K->256K(58880K)] 528073K->476105K(779776K), 0.0112992 secs] [Times: user=0.06 sys=0.00, real=0.01 secs]
2325.749: [GC [PSYoungGen: 52224K->256K(58880K)] 528073K->476105K(779776K), 0.0112992 secs] [Times: user=0.06 sys=0.00, real=0.01 secs]
2325.749: [GC [PSYoungGen: 52224K->256K(58880K)] 528073K->476105K(779776K), 0.0112992 secs] [Times: user=0.06 sys=0.00, real=0.01 secs]
2325.749: [GC [PSYoungGen: 52224K->256K(58880K)] 528073K->476105K(779776K), 0.0112992 secs] [Times: user=0.06 sys=0.00, real=0.01 secs]
2325.749: [GC [PSYoungGen: 52224K->256K(58880K)] 528073K->476105K(779776K), 0.0112992 secs] [Times: user=0.06 sys=0.00, real=0.01 secs]
2325.749: [GC [PSYoungGen: 52224K->256K(58880K)] 528073K->476105K(779776K), 0.0112992 secs] [Times: user=0.06 sys=0.00, real=0.01 secs]
2325.749: [GC [PSYoungGen: 52224K->256K(58880K)] 528073K->476105K(779776K), 0.0112992 secs] [Times: user=0.06 sys=0.00, real=0.01 secs]
2325.749: [GC [PSYoungGen: 52224K->256K(58880K)] 528073K->476105K(779776K), 0.0112992 secs] [Times: user=0.06 sys=0.00, real=0.01 secs]
2325.749: [GC [PSYoungGen: 52224K->256K(58880K)] 528073K->476105K(779776K), 0.0112992 secs] [Times: user=0.06 sys=0.00, real=0.01 secs]
2325.749: [GC [PSYoungGen: 52224K->256K(58880K)] 528073K->476105K(779776K), 0.0112992 secs] [Times: user=0.06 sys=0.00, real=0.01 secs]
2325.749: [GC [PSYoungGen: 52224K->256K(58880K)] 528073K->476105K(779776K), 0.0112992 secs] [Times: user=0.06 sys=0.00, real=0.01 secs]
2325.749: [GC [PSYoungGen: 52224K->256K(58880K)] 528073K->476105K(779776K), 0.0112992 secs] [Times: user=0.06 sys=0.00, real=0.01 secs]
2325.749: [GC [PSYoungGen: 52224K->256K(58880K)] 528073K->476105K(779776K), 0.0112992 secs] [Times: user=0.06 sys=0.00, real=0.01 secs]
2325.749: [GC [PSYoungGen: 52224K->256K(58880K)] 528073K->476105K(779776K), 0.0112992 secs] [Times: user=0.06 sys=0.00, real=0.01 secs]
2325.749: [GC [PSYoungGen: 52224K->256K(58880K)] 528073K->476105K(779776K), 0.0112992 secs] [Times: user=0.06 sys=0.00, real=0.01 secs]
2325.749: [GC [PSYoungGen: 52224K->256K(58880K)] 528073K->476105K(779776K), 0.0112992 secs] [Times: user=0.06 sys=0.00, real=0.01 secs]
2325.749: [GC [PSYoungGen: 52224K->256K(58880K)] 528073K->476105K(779776K), 0.0112992 secs] [Times: user=0.06 sys=0.00, real=0.01 secs]
2325.749: [GC [PSYoungGen: 52224K->256K(58880K)] 528073K->476105K(779776K), 0.0112992 secs] [Times: user=0.06 sys=0.00, real=0.01 secs]
2325.749: [GC [PSYoungGen: 52224K->256K(58880K)] 528073K->476105K(779776K), 0.0112992 secs] [Times: user=0.06 sys=0.00, real=0.01 secs]
2325.749: [GC [PSYoungGen: 52224K->256K(58880K)] 528073K->476105K(779776K), 0.0112992 secs] [Times: user=0.06 sys=0.00, real=0.01 secs]
2325.749: [GC [PSYoungGen: 52224K->256K(58880K)] 528073K->476105K(779776K), 0.0112992 secs] [Times: user=0.06 sys=0.00, real=0.01 secs]
2325.749: [GC [PSYoungGen: 52224K->256K(58880K)] 528073K->476105K(779776K), 0.0112992 secs] [Times: user=0.06 sys=0.00, real=0.01 secs]
2325.749: [GC [PSYoungGen: 52224K->256K(58880K)] 528073K->476105K(779776K), 0.0112992 secs] [Times: user=0.06 sys=0.00, real=0.01 secs]
2325.749: [GC [PSYoungGen: 52224K->256K(58880K)] 528073K->476105K(779776K), 0.0112992 secs] [Times: user=0.06 sys=0.00, real=0.01 secs]
2325.749: [GC [PSYoungGen: 52224K->256K(58880K)] 528073K->476105K(779776K), 0.0112992 secs] [Times: user=0.06 sys=0.00, real=0.01 secs]
2325.749: [GC [PSYoungGen: 52224K->256K(58880K)] 528073K->476105K(779776K), 0.0112992 secs] [Times: user=0.06 sys=0.00, real=0.01 secs]
2325.749: [GC [PSYoungGen: 52224K->256K(58880K)] 528073K->476105K(779776K), 0.0112992 secs] [Times: user=0.06 sys=0.00, real=0.01 secs]
2325.749: [GC [PSYoungGen: 52224K->256K(58880K)] 528073K->476105K(779776K), 0.0112992 secs] [Times: user=0.06 sys=0.00, real=0.01 secs]
2325.749: [GC [PSYoungGen: 52224K->256K(58880K)] 528073K->476105K(779776K), 0.0112992 secs] [Times: user=0.06 sys=0.00, real=0.01 secs]
2325.749: [GC [PSYoungGen: 52224K->256K(58880K)] 528073K->476105K(779776K), 0.0112992 secs] [Times: user=0.06 sys=0.00, real=0.01 secs]
2325.749: [GC [PSYoungGen: 52224K->256K(58880K)] 528073K->476105K(779776K), 0.0112992 secs] [Times: user=0.06 sys=0.00, real=0.01 secs]
2325.749: [GC [PSYoungGen: 52224K->256K(58880K)] 528073K->476105K(779776K), 0.0112992 secs] [Times: user=0.06 sys=0.00, real=0.01 secs]
2325.749: [GC [PSYoungGen: 52224K->256K(58880K)] 528073K->476105K(779776K), 0.0112992 secs] [Times: user=0.06 sys=0.00, real=0.01 secs]
2325.749: [GC [PSYoungGen: 52224K->256K(58880K)] 528073K->476105K(779776K), 0.0112992 secs] [Times: user=0.06 sys=0.00, real=0.01 secs]
2325.749: [GC [PSYoungGen: 52224K->256K(58880K)] 528073K->476105K(779776K), 0.0112992 secs] [Times: user=0.06 sys=0.00, real=0.01 secs]
2325.749: [GC [PSYoungGen: 52224K->256K(58880K)] 528073K->476105K(779776K), 0.0112992 secs] [Times: user=0.06 sys=0.00, real=0.01 secs]
2325.749: [GC [PSYoungGen: 52224K->256K(58880K)] 528073K->476105K(779776K), 0.0112992 secs] [Times: user=0.06 sys=0.00, real=0.01 secs]
2325.749: [GC [PSYoungGen: 52224K->256K(58880K)] 528073K->476105K(779776K), 0.0112992 secs] [Times: user=0.06 sys=0.00, real=0.01 secs]
2325.749: [GC [PSYoungGen: 52224K->256K(58880K)] 528073K->476105K(779776K), 0.0112992 secs] [Times: user=0.06 sys=0.00, real=0.01 secs]
2325.749: [GC [PSYoungGen: 52224K->256K(58880K)] 528073K->476105K(779776K), 0.0112992 secs] [Times: user=0.06 sys=0.00, real=0.01 secs]
2325.749: [GC [PSYoungGen: 52224K->256K(58880K)] 528073K->476105K(779776K), 0.0112992 secs] [Times: user=0.06 sys=0.00, real=0.01 secs]
2325.749: [GC [PSYoungGen: 52224K->256K(58880K)] 528073K->476105K(779776K), 0.0112992 secs] [Times: user=0.06 sys=0.00, real=0.01 secs]
2325.749: [GC [PSYoungGen: 52224K->256K(58880K)] 528073K->476105K(779776K), 0.0112992 secs] [Times: user=0.06 sys=0.00, real=0.01 secs]
2325.749: [GC [PSYoungGen: 52224K->256K(58880K)] 528073K->476105K(779776K), 0.0112992 secs] [Times: user=0.06 sys=0.00, real=0.01 secs]
2325.749: [GC [PSYoungGen: 52224K->256K(58880K)] 528073K->476105K(779776K), 0.0112992 secs] [Times: user=0.06 sys=0.00, real=0.01 secs]
2325.749: [GC [PSYoungGen: 52224K->256K(58880K)] 528073K->476105K(779776K), 0.0112992 secs] [Times: user=0.06 sys=0.00, real=0.01 secs]
2325.749: [GC [PSYoungGen: 52224K->256K(58880K)] 528073K->476105K(779776K), 0.0112992 secs] [Times: user=0.06 sys=0.00, real=0.01 secs]
2325.749: [GC [PSYoungGen: 52224K->256K(58880K)] 528073K->476105K(779776K), 0.0112992 secs] [Times: user=0.06 sys=0.00, real=0.01 secs]
2325.749: [GC [PSYoungGen: 52224K->256K(58880K)] 528073K->476105K(779776K), 0.0112992 secs] [Times: user=0.06 sys=0.00, real=0.01 secs]
2325.749: [GC [PSYoungGen: 52224K->256K(58880K)] 528073K->476105K(779776K), 0.0112992 secs] [Times: user=0.06 sys=0.00, real=0.01 secs]
2325.749: [GC [PSYoungGen: 52224K->256K(58880K)] 528073K->476105K(779776K), 0.0112992 secs] [Times: user=0.06 sys=0.00, real=0.01 secs]
2325.749: [GC [PSYoungGen: 52224K->256K(58880K)] 528073K->476105K(779776K), 0.0112992 secs] [Times: user=0.06 sys=0.00, real=0.01 secs]
2325.749: [GC [PSYoungGen: 52224K->256K(58880K)] 528073K->476105K(779776K), 0.0112992 secs] [Times: user=0.06 sys=0.00, real=0.01 secs]
2325.749: [GC [PSYoungGen: 52224K->256K(58880K)] 528073K->476105K(779776K), 0.0112992 secs] [Times: user=0.06 sys=0.00, real=0.01 secs]
2325.749: [GC [PSYoungGen: 52224K->256K(58880K)] 528073K->476105K(779776K), 0.0112992 secs] [Times: user=0.06 sys=0.00, real=0.01 secs]
2325.749: [GC [PSYoungGen: 52224K->256K(58880K)] 528073K->476105K(779776K), 0.0112992 secs] [Times: user=0.06 sys=0.00, real=0.01 secs]
2325.749: [GC [PSYoungGen: 52224K->256K(58880K)] 528073K->476105K(779776K), 0.0112992 secs] [Times: user=0.06 sys=0.00, real=0.01 secs]
2325.749: [GC [PSYoungGen: 52224K->256K(58880K)] 528073K->476105K(779776K), 0.0112992 secs] [Times: user=0.06 sys=0.00, real=0.01 secs]
2325.749: [GC [PSYoungGen: 52224K->256K(58880K)] 528073K->476105K(779776K), 0.0112992 secs] [Times: user=0.06 sys=0.00, real=0.01 secs]
2325.749: [GC [PSYoungGen: 52224K->256K(58880K)] 528073K->476105K(779776K), 0.0112992 secs] [Times: user=0.06 sys=0.00, real=0.01 secs]
2325.749: [GC [PSYoungGen: 52224K->256K(58880K)] 528073K->476105K(779776K), 0.0112992 secs] [Times: user=0.06 sys=0.00, real=0.01 secs]
2325.749: [GC [PSYoungGen: 52224K->256K(58880K)] 528073K->476105K(779776K), 0.0112992 secs] [Times: user=0.06 sys=0.00, real=0.01 secs]
2325.749: [GC [PSYoungGen: 52224K->256K(58880K)] 528073K->476105K(779776K), 0.0112992 secs] [Times: user=0.06 sys=0.00, real=0.01 secs]
2325.749: [GC [PSYoungGen: 52224K->256K(58880K)] 528073K->476105K(779776K), 0.0112992 secs] [Times: user=0.06 sys=0.00, real=0.01 secs]
2325.749: [GC [PSYoungGen: 52224K->256K(58880K)] 528073K->476105K(779776K), 0.0112992 secs] [Times: user=0.06 sys=0.00, real=0.01 secs]
2325.749: [GC [PSYoungGen: 52224K->256K(58880K)] 528073K->476105K(779776K), 0.0112992 secs] [Times: user=0.06 sys=0.00, real=0.01 secs]
2325.749: [GC [PSYoungGen: 52224K->256K(58880K)] 528073K->476105K(779776K), 0.0112992 secs] [Times: user=0.06 sys=0.00, real=0.01 secs]
2325.749: [GC [PSYoungGen: 52224K->256K(58880K)] 528073K->476105K(779776K), 0.0112992 secs] [Times: user=0.06 sys=0.00, real=0.01 secs]
2325.749: [GC [PSYoungGen: 52224K->256K(58880K)] 528073K->476105K(779776K), 0.0112992 secs] [Times: user=0.06 sys=0.00, real=0.01 secs]
2325.749: [GC [PSYoungGen: 52224K->256K(58880K)] 528073K->476105K(779776K), 0.0112992 secs] [Times: user=0.06 sys=0.00, real=0.01 secs]
2325.749: [GC [PSYoungGen: 52224K->256K(58880K)] 528073K->476105K(779776K), 0.0112992 secs] [Times: user=0.06 sys=0.00, real=0.01 secs]
2325.749: [GC [PSYoungGen: 52224K->256K(58880K)] 528073K->476105K(779776K), 0.0112992 secs] [Times: user=0.06 sys=0.00, real=0.01 secs]
2325.749: [GC [PSYoungGen: 52224K->256K(58880K)] 528073K->476105K(779776K), 0.0112992 secs] [Times: user=0.06 sys=0.00, real=0.01 secs]
2325.749: [GC [PSYoungGen: 52224K->256K(58880K)] 528073K->476105K(779776K), 0.0112992 secs] [Times: user=0.06 sys=0.00, real=0.01 secs]
2325.749: [GC [PSYoungGen: 52224K->256K(58880K)] 528073K->476105K(779776K), 0.0112992 secs] [Times: user=0.06 sys=0.00, real=0.01 secs]
2325.749: [GC [PSYoungGen: 52224K->256K(58880K)] 528073K->476105K(779776K), 0.0112992 secs] [Times: user=0.06 sys=0.00, real=0.01 secs]
2325.749: [GC [PSYoungGen: 52224K->256K(58880K)] 528073K->476105K(779776K), 0.0112992 secs] [Times: user=0.06 sys=0.00, real=0.01 secs]
2325.749: [GC [PSYoungGen: 52224K->256K(58880K)] 528073K->476105K(779776K), 0.0112992 secs] [Times: user=0.06 sys=0.00, real=0.01 secs]
2325.749: [GC [PSYoungGen: 52224K->256K(58880K)] 528073K->476105K(779776K), 0.0112992 secs] [Times: user=0.06 sys=0.00, real=0.01 secs]
2325.749: [GC [PSYoungGen: 52224K->256K(58880K)] 528073K->476105K(779776K), 0.0112992 secs] [Times: user=0.06 sys=0.00, real=0.01 secs]
2325.749: [GC [PSYoungGen: 52224K->256K(58880K)] 528073K->476105K(779776K), 0.0112992 secs] [Times: user=0.06 sys=0.00, real=0.01 secs]
2325.749: [GC [PSYoungGen: 52224K->256K(58880K)] 528073K->476105K(779776K), 0.0112992 secs] [Times: user=0.06 sys=0.00, real=0.01 secs]
2325.749: [GC [PSYoungGen: 52224K->256K(58880K)] 528073K->476105K(779776K), 0.0112992 secs] [Times: user=0.06 sys=0.00, real=0.01 secs]
2325.749: [GC [PSYoungGen: 52224K->256K(58880K)] 528073K->476105K(779776K), 0.0112992 secs] [Times: user=0.06 sys=0.00, real=0.01 secs]
2325.749: [GC [PSYoungGen: 52224K->256K(58880K)] 528073K->476105K(779776K), 0.0112992 secs] [Times: user=0.06 sys=0.00, real=0.01 secs]
2325.749: [GC [PSYoungGen: 52224K->256K(58880K)] 528073K->476105K(779776K), 0.0112992 secs] [Times: user=0.06 sys=0.00, real=0.01 secs]
2325.749: [GC [PSYoungGen: 52224K->256K(58880K)] 528073K->476105K(779776K), 0.0112992 secs] [Times: user=0.06 sys=0.00, real=0.01 secs]
2325.749: [GC [PSYoungGen: 52224K->256K(58880K)] 528073K->476105K(779776K), 0.0112992 secs] [Times: user=0.06 sys=0.00, real=0.01 secs]
2325.749: [GC [PSYoungGen: 52224K->256K(58880K)] 528073K->476105K(779776K), 0.0112992 secs] [Times: user=0.06 sys=0.00, real=0.01 secs]
2325.749: [GC [PSYoungGen: 52224K->256K(58880K)] 528073K->476105K(779776K), 0.0112992 secs] [Times: user=0.06 sys=0.00, real=0.01 secs]
2325.749: [GC [PSYoungGen: 52224K->256K(58880K)] 528073K->476105K(779776K), 0.0112992 secs] [Times: user=0.06 sys=0.00, real=0.01 secs]
2325.749: [GC [PSYoungGen: 52224K->256K(58880K)] 528073K->476105K(779776K), 0.0112992 secs] [Times: user=0.06 sys=0.00, real=0.01 secs]
2325.749: [GC [PSYoungGen: 52224K->256K(58880K)] 528073K->476105K(779776K), 0.0112992 secs] [Times: user=0.06 sys=0.00, real=0.01 secs]
2325.749: [GC [PSYoungGen: 52224K->256K(58880K)] 528073K->476105K(779776K), 0.0112992 secs] [Times: user=0.06 sys=0.00, real=0.01 secs]
2325.749: [GC [PSYoungGen: 52224K->256K(58880K)] 528073K->476105K(779776K), 0.0112992 secs] [Times: user=0.06 sys=0.00, real=0.01 secs]
2325.749: [GC [PSYoungGen: 52224K->256K(58880K)] 528073K->476105K(779776K), 0.0112992 secs] [Times: user=0.06 sys=0.00, real=0.01 secs]
2325.749: [GC [PSYoungGen: 52224K->256K(58880K)] 528073K->476105K(779776K), 0.0112992 secs] [Times: user=0.06 sys=0.00, real=0.01 secs]
2325.749: [GC [PSYoungGen: 52224K->256K(58880K)] 528073K->476105K(779776K), 0.0112992 secs] [Times: user=0.06 sys=0.00, real=0.01 secs]
2325.749: [GC [PSYoungGen: 52224K->256K(58880K)] 528073K->476105K(779776K), 0.0112992 secs] [Times: user=0.06 sys=0.00, real=0.01 secs]
2325.749: [GC [PSYoungGen: 52224K->256K(58880K)] 528073K->476105K(779776K), 0.0112992 secs] [Times: user=0.06 sys=0.00, real=0.01 secs]
2325.749: [GC [PSYoungGen: 52224K->256K(58880K)] 528073K->476105K(779776K), 0.0112992 secs] [Times: user=0.06 sys=0.00, real=0.01 secs]
2325.749: [GC [PSYoungGen: 52224K->256K(58880K)] 528073K->476105K(779776K), 0.0112992 secs] [Times: user=0.06 sys=0.00, real=0.01 secs]
2325.749: [GC [PSYoungGen: 52224K->256K(58880K)] 528073K->476105K(779776K), 0.0112992 secs] [Times: user=0.06 sys=0.00, real=0.01 secs]
2325.749: [GC [PSYoungGen: 52224K->256K(58880K)] 528073K->476105K(779776K), 0.0112992 secs] [Times: user=0.06 sys=0.00, real=0.01 secs]
2325.749: [GC [PSYoungGen: 52224K->256K(58880K)] 528073K->476105K(779776K), 0.0112992 secs] [Times: user=0.06 sys=0.00, real=0.01 secs]
2325.749: [GC [PSYoungGen: 52224K->256K(58880K)] 528073K->476105K(779776K), 0.0112992 secs] [Times: user=0.06 sys=0.00, real=0.01 secs]
2325.749: [GC [PSYoungGen: 52224K->256K(58880K)] 528073K->476105K(779776K), 0.0112992 secs] [Times: user=0.06 sys=0.00, real=0.01 secs]
2325.749: [GC [PSYoungGen: 52224K->256K(58880K)] 528073K->476105K(779776K), 0.0112992 secs] [Times: user=0.06 sys=0.00, real=0.01 secs]
2325.749: [GC [PSYoungGen: 52224K->256K(58880K)] 528073K->476105K(779776K), 0.0112992 secs] [Times: user=0.06 sys=0.00, real=0.01 secs]
2325.749: [GC [PSYoungGen: 52224K->256K(58880K)] 528073K->476105K(779776K), 0.0112992 secs] [Times: user=0.06 sys=0.00, real=0.01 secs]
2325.749: [GC [PSYoungGen: 52224K->256K(58880K)] 528073K->476105K(779776K), 0.0112992 secs] [Times: user=0.06 sys=0.00, real=0.01 secs]
2325.749: [GC [PSYoungGen: 52224K->256K(58880K)] 528073K->476105K(779776K), 0.0112992 secs] [Times: user=0.06 sys=0.00, real=0.01 secs]
2325.749: [GC [PSYoungGen: 52224K->256K(58880K)] 528073K->476105K(779776K), 0.0112992 secs] [Times: user=0.06 sys=0.00, real=0.01 secs]
2325.749: [GC [PSYoungGen: 52224K->256K(58880K)] 528073K->476105K(779776K), 0.0112992 secs] [Times: user=0.06 sys=0.00, real=0.01 secs]
2325.749: [GC [PSYoungGen: 52224K->256K(58880K)] 528073K->476105K(779776K), 0.0112992 secs] [Times: user=0.06 sys=0.00, real=0.01 secs]
2325.749: [GC [PSYoungGen: 52224K->256K(58880K)] 528073K->476105K(779776K), 0.0112992 secs] [Times: user=0.06 sys=0.00, real=0.01 secs]
2325.749: [GC [PSYoungGen: 52224K->256K(58880K)] 528073K->476105K(779776K), 0.0112992 secs] [Times: user=0.06 sys=0.00, real=0.01 secs]
2325.749: [GC [PSYoungGen: 52224K->256K(58880K)] 528073K->476105K(779776K), 0.0112992 secs] [Times: user=0.06 sys=0.00, real=0.01 secs]
2325.749: [GC [PSYoungGen: 52224K->256K(58880K)] 528073K->476105K(779776K), 0.0112992 secs] [Times: user=0.06 sys=0.00, real=0.01 secs]
2325.749: [GC [PSYoungGen: 52224K->256K(58880K)] 528073K->476105K(779776K), 0.0112992 secs] [Times: user=0.06 sys=0.00, real=0.01 secs]
2325.749: [GC [PSYoungGen: 52224K->256K(58880K)] 528073K->476105K(779776K), 0.0112992 secs] [Times: user=0.06 sys=0.00, real=0.01 secs]
2325.749: [GC [PSYoungGen: 52224K->256K(58880K)] 528073K->476105K(779776K), 0.0112992 secs] [Times: user=0.06 sys=0.00, real=0.01 secs]
2325.749: [GC [PSYoungGen: 52224K->256K(58880K)] 528073K->476105K(779776K), 0.0112992 secs] [Times: user=0.06 sys=0.00, real=0.01 secs]
2325.749: [GC [PSYoungGen: 52224K->256K(58880K)] 528073K->476105K(779776K), 0.0112992 secs] [Times: user=0.06 sys=0.00, real=0.01 secs]
2325.749: [GC [PSYoungGen: 52224K->256K(58880K)] 528073K->476105K(779776K), 0.0112992 secs] [Times: user=0.06 sys=0.00, real=0.01 secs]
2325.749: [GC [PSYoungGen: 52224K->256K(58880K)] 528073K->476105K(779776K), 0.0112992 secs] [Times: user=0.06 sys=0.00, real=0.01 secs]
2325.749: [GC [PSYoungGen: 52224K->256K(58880K)] 528073K->476105K(779776K), 0.0112992 secs] [Times: user=0.06 sys=0.00, real=0.01 secs]
2325.749: [GC [PSYoungGen: 52224K->256K(58880K)] 528073K->476105K(779776K), 0.0112992 secs] [Times: user=0.06 sys=0.00, real=0.01 secs]
2325.749: [GC [PSYoungGen: 52224K->256K(58880K)] 528073K->476105K(779776K), 0.0112992 secs] [Times: user=0.06 sys=0.00, real=0.01 secs]
2325.749: [GC [PSYoungGen: 52224K->256K(58880K)] 528073K->476105K(779776K), 0.0112992 secs] [Times: user=0.06 sys=0.00, real=0.01 secs]
2325.749: [GC [PSYoungGen: 52224K->256K(58880K)] 528073K->476105K(779776K), 0.0112992 secs] [Times: user=0.06 sys=0.00, real=0.01 secs]
2325.749: [GC [PSYoungGen: 52224K->256K(58880K)] 528073K->476105K(779776K), 0.0112992 secs] [Times: user=0.06 sys=0.00, real=0.01 secs]
2325.749: [GC [PSYoungGen: 52224K->256K(58880K)] 528073K->476105K(779776K), 0.0112992 secs] [Times: user=0.06 sys=0.00, real=0.01 secs]
2325.749: [GC [PSYoungGen: 52224K->256K(58880K)] 528073K->476105K(779776K), 0.0112992 secs] [Times: user=0.06 sys=0.00, real=0.01 secs]
2325.749: [GC [PSYoungGen: 52224K->256K(58880K)] 528073K->476105K(779776K), 0.0112992 secs] [Times: user=0.06 sys=0.00, real=0.01 secs]
2325.749: [GC [PSYoungGen: 52224K->256K(58880K)] 528073K->476105K(779776K), 0.0112992 secs] [Times: user=0.06 sys=0.00, real=0.01 secs]
2325.749: [GC [PSYoungGen: 52224K->256K(58880K)] 528073K->476105K(779776K), 0.0112992 secs] [Times: user=0.06 sys=0.00, real=0.01 secs]
2325.749: [GC [PSYoungGen: 52224K->256K(58880K)] 528073K->476105K(779776K), 0.0112992 secs] [Times: user=0.06 sys=0.00, real=0.01 secs]
2325.749: [GC [PSYoungGen: 52224K->256K(58880K)] 528073K->476105K(779776K), 0.0112992 secs] [Times: user=0.06 sys=0.00, real=0.01 secs]
2325.749: [GC [PSYoungGen: 52224K->256K(58880K)] 528073K->476105K(779776K), 0.0112992 secs] [Times: user=0.06 sys=0.00, real=0.01 secs]
2325.749: [GC [PSYoungGen: 52224K->256K(58880K)] 528073K->476105K(779776K), 0.0112992 secs] [Times: user=0.06 sys=0.00, real=0.01 secs]
2325.749: [GC [PSYoungGen: 52224K->256K(58880K)] 528073K->476105K(779776K), 0.0112992 secs] [Times: user=0.06 sys=0.00, real=0.01 secs]
2325.749: [GC [PSYoungGen: 52224K->256K(58880K)] 528073K->476105K(779776K), 0.0112992 secs] [Times: user=0.06 sys=0.00, real=0.01 secs]
2325.749: [GC [PSYoungGen: 52224K->256K(58880K)] 528073K->476105K(779776K), 0.0112992 secs] [Times: user=0.06 sys=0.00, real=0.01 secs]
2325.749: [GC [PSYoungGen: 52224K->256K(58880K)] 528073K->476105K(779776K), 0.0112992 secs] [Times: user=0.06 sys=0.00, real=0.01 secs]
2325.749: [GC [PSYoungGen: 52224K->256K(58880K)] 528073K->476105K(779776K), 0.0112992 secs] [Times: user=0.06 sys=0.00, real=0.01 secs]
2325.749: [GC [PSYoungGen: 52224K->256K(58880K)] 528073K->476105K(779776K), 0.0112992 secs] [Times: user=0.06 sys=0.00, real=0.01 secs]
2325.749: [GC [PSYoungGen: 52224K->256K(58880K)] 528073K->476105K(779776K), 0.0112992 secs] [Times: user=0.06 sys=0.00, real=0.01 secs]
2325.749: [GC [PSYoungGen: 52224K->256K(58880K)] 528073K->476105K(779776K), 0.0112992 secs] [Times: user=0.06 sys=0.00, real=0.01 secs]
2325.749: [GC [PSYoungGen: 52224K->256K(58880K)] 528073K->476105K(779776K), 0.0112992 secs] [Times: user=0.06 sys=0.00, real=0.01 secs]
2325.749: [GC [PSYoungGen: 52224K->256K(58880K)] 528073K->476105K(779776K), 0.0112992 secs] [Times: user=0.06 sys=0.00, real=0.01 secs]
2325.749: [GC [PSYoungGen: 52224K->256K(58880K)] 528073K->476105K(779776K), 0.0112992 secs] [Times: user=0.06 sys=0.00, real=0.01 secs]
2325.749: [GC [PSYoungGen: 52224K->256K(58880K)] 528073K->476105K(779776K), 0.0112992 secs] [Times: user=0.06 sys=0.00, real=0.01 secs]
2325.749: [GC [PSYoungGen: 52224K->256K(58880K)] 528073K->476105K(779776K), 0.0112992 secs] [Times: user=0.06 sys=0.00, real=0.01 secs]
2325.749: [GC [PSYoungGen: 52224K->256K(58880K)] 528073K->476105K(779776K), 0.0112992 secs] [Times: user=0.06 sys=0.00, real=0.01 secs]
2325.749: [GC [PSYoungGen: 52224K->256K(58880K)] 528073K->476105K(779776K), 0.0112992 secs] [Times: user=0.06 sys=0.00, real=0.01 secs]
2325.749: [GC [PSYoungGen: 52224K->256K(58880K)] 528073K->476105K(779776K), 0.0112992 secs] [Times: user=0.06 sys=0.00, real=0.01 secs]
2325.749: [GC [PSYoungGen: 52224K->256K(58880K)] 528073K->476105K(779776K), 0.0112992 secs] [Times: user=0.06 sys=0.00, real=0.01 secs]
2325.749: [GC [PSYoungGen: 52224K->256K(58880K)] 528073K->476105K(779776K), 0.0112992 secs] [Times: user=0.06 sys=0.00, real=0.01 secs]
2325.749: [GC [PSYoungGen: 52224K->256K(58880K)] 528073K->476105K(779776K), 0.0112992 secs] [Times: user=0.06 sys=0.00, real=0.01 secs]
2325.749: [GC [PSYoungGen: 52224K->256K(58880K)] 528073K->476105K(779776K), 0.0112992 secs] [Times: user=0.06 sys=0.00, real=0.01 secs]
2325.749: [GC [PSYoungGen: 52224K->256K(58880K)] 528073K->476105K(779776K), 0.0112992 secs] [Times: user=0.06 sys=0.00, real=0.01 secs]
2325.749: [GC [PSYoungGen: 52224K->256K(58880K)] 528073K->476105K(779776K), 0.0112992 secs] [Times: user=0.06 sys=0.00, real=0.01 secs]
2325.749: [GC [PSYoungGen: 52224K->256K(58880K)] 528073K->476105K(779776K), 0.0112992 secs] [Times: user=0.06 sys=0.00, real=0.01 secs]
2325.749: [GC [PSYoungGen: 52224K->256K(58880K)] 528073K->476105K(779776K), 0.0112992 secs] [Times: user=0.06 sys=0.00, real=0.01 secs]
2325.749: [GC [PSYoungGen: 52224K->256K(58880K)] 528073K->476105K(779776K), 0.0112992 secs] [Times: user=0.06 sys=0.00, real=0.01 secs]
2325.749: [GC [PSYoungGen: 52224K->256K(58880K)] 528073K->476105K(779776K), 0.0112992 secs] [Times: user=0.06 sys=0.00, real=0.01 secs]
2325.749: [GC [PSYoungGen: 52224K->256K(58880K)] 528073K->476105K(779776K), 0.0112992 secs] [Times: user=0.06 sys=0.00, real=0.01 secs]
2325.749: [GC [PSYoungGen: 52224K->256K(58880K)] 528073K->476105K(779776K), 0.0112992 secs] [Times: user=0.06 sys=0.00, real=0.01 secs]
2325.749: [GC [PSYoungGen: 52224K->256K(58880K)] 528073K->476105K(779776K), 0.0112992 secs] [Times: user=0.06 sys=0.00, real=0.01 secs]
2325.749: [GC [PSYoungGen: 52224K->256K(58880K)] 528073K->476105K(779776K), 0.0112992 secs] [Times: user=0.06 sys=0.00, real=0.01 secs]
2325.749: [GC [PSYoungGen: 52224K->256K(58880K)] 528073K->476105K(779776K), 0.0112992 secs] [Times: user=0.06 sys=0.00, real=0.01 secs]
2325.749: [GC [PSYoungGen: 52224K->256K(58880K)] 528073K->476105K(779776K), 0.0112992 secs] [Times: user=0.06 sys=0.00, real=0.01 secs]
2325.749: [GC [PSYoungGen: 52224K->256K(58880K)] 528073K->476105K(779776K), 0.0112992 secs] [Times: user=0.06 sys=0.00, real=0.01 secs]
2325.749: [GC [PSYoungGen: 52224K->256K(58880K)] 528073K->476105K(779776K), 0.0112992 secs] [Times: user=0.06 sys=0.00, real=0.01 secs]
2325.749: [GC [PSYoungGen: 52224K->256K(58880K)] 528073K->476105K(779776K), 0.0112992 secs] [Times: user=0.06 sys=0.00, real=0.01 secs]
2325.749: [GC [PSYoungGen: 52224K->256K(58880K)] 528073K->476105K(779776K), 0.0112992 secs] [Times: user=0.06 sys=0.00, real=0.01 secs]
2325.749: [GC [PSYoungGen: 52224K->256K(58880K)] 528073K->476105K(779776K), 0.0112992 secs] [Times: user=0.06 sys=0.00, real=0.01 secs]
2325.749: [GC [PSYoungGen: 52224K->256K(58880K)] 528073K->476105K(779776K), 0.0112992 secs] [Times: user=0.06 sys=0.00, real=0.01 secs]
2325.749: [GC [PSYoungGen: 52224K->256K(58880K)] 528073K->476105K(779776K), 0.0112992 secs] [Times: user=0.06 sys=0.00, real=0.01 secs]
2325.749: [GC [PSYoungGen: 52224K->256K(58880K)] 528073K->476105K(779776K), 0.0112992 secs] [Times: user=0.06 sys=0.00, real=0.01 secs]
2325.749: [GC [PSYoungGen: 52224K->256K(58880K)] 528073K->476105K(779776K), 0.0112992 secs] [Times: user=0.06 sys=0.00, real=0.01 secs]
2325.749: [GC [PSYoungGen: 52224K->256K(58880K)] 528073K->476105K(779776K), 0.0112992 secs] [Times: user=0.06 sys=0.00, real=0.01 secs]
2325.749: [GC [PSYoungGen: 52224K->256K(58880K)] 528073K->476105K(779776K), 0.0112992 secs] [Times: user=0.06 sys=0.00, real=0.01 secs]
2325.749: [GC [PSYoungGen: 52224K->256K(58880K)] 528073K->476105K(779776K), 0.0112992 secs] [Times: user=0.06 sys=0.00, real=0.01 secs]
2325.749: [GC [PSYoungGen: 52224K->256K(58880K)] 528073K->476105K(779776K), 0.0112992 secs] [Times: user=0.06 sys=0.00, real=0.01 secs]
2325.749: [GC [PSYoungGen: 52224K->256K(58880K)] 528073K->476105K(779776K), 0.0112992 secs] [Times: user=0.06 sys=0.00, real=0.01 secs]
2325.749: [GC [PSYoungGen: 52224K->256K(58880K)] 528073K->476105K(779776K), 0.0112992 secs] [Times: user=0.06 sys=0.00, real=0.01 secs]
2325.749: [GC [PSYoungGen: 52224K->256K(58880K)] 528073K->476105K(779776K), 0.0112992 secs] [Times: user=0.06 sys=0.00, real=0.01 secs]
2325.749: [GC [PSYoungGen: 52224K->256K(58880K)] 528073K->476105K(779776K), 0.0112992 secs] [Times: user=0.06 sys=0.00, real=0.01 secs]
2325.749: [GC [PSYoungGen: 52224K->256K(58880K)] 528073K->476105K(779776K), 0.0112992 secs] [Times: user=0.06 sys=0.00, real=0.01 secs]
2325.749: [GC [PSYoungGen: 52224K->256K(58880K)] 528073K->476105K(779776K), 0.0112992 secs] [Times: user=0.06 sys=0.00, real=0.01 secs]
2325.749: [GC [PSYoungGen: 52224K->256K(58880K)] 528073K->476105K(779776K), 0.0112992 secs] [Times: user=0.06 sys=0.00, real=0.01 secs]
2325.749: [GC [PSYoungGen: 52224K->256K(58880K)] 528073K->476105K(779776K), 0.0112992 secs] [Times: user=0.06 sys=0.00, real=0.01 secs]
2325.749: [GC [PSYoungGen: 52224K->256K(58880K)] 528073K->476105K(779776K), 0.0112992 secs] [Times: user=0.06 sys=0.00, real=0.01 secs]
2325.749: [GC [PSYoungGen: 52224K->256K(58880K)] 528073K->476105K(779776K), 0.0112992 secs] [Times: user=0.06 sys=0.00, real=0.01 secs]
2325.749: [GC [PSYoungGen: 52224K->256K(58880K)] 528073K->476105K(779776K), 0.0112992 secs] [Times: user=0.06 sys=0.00, real=0.01 secs]
2325.749: [GC [PSYoungGen: 52224K->256K(58880K)] 528073K->476105K(779776K), 0.0112992 secs] [Times: user=0.06 sys=0.00, real=0.01 secs]
2325.749: [GC [PSYoungGen: 52224K->256K(58880K)] 528073K->476105K(779776K), 0.0112992 secs] [Times: user=0.06 sys=0.00, real=0.01 secs]
2325.749: [GC [PSYoungGen: 52224K->256K(58880K)] 528073K->476105K(779776K), 0.0112992 secs] [Times: user=0.06 sys=0.00, real=0.01 secs]
2325.749: [GC [PSYoungGen: 52224K->256K(58880K)] 528073K->476105K(779776K), 0.0112992 secs] [Times: user=0.06 sys=0.00, real=0.01 secs]
2325.749: [GC [PSYoungGen: 52224K->256K(58880K)] 528073K->476105K(779776K), 0.0112992 secs] [Times: user=0.06 sys=0.00, real=0.01 secs]
2325.749: [GC [PSYoungGen: 52224K->256K(58880K)] 528073K->476105K(779776K), 0.0112992 secs] [Times: user=0.06 sys=0.00, real=0.01 secs]
2325.749: [GC [PSYoungGen: 52224K->256K(58880K)] 528073K->476105K(779776K), 0.0112992 secs] [Times: user=0.06 sys=0.00, real=0.01 secs]
2325.749: [GC [PSYoungGen: 52224K->256K(58880K)] 528073K->476105K(779776K), 0.0112992 secs] [Times: user=0.06 sys=0.00, real=0.01 secs]
2325.749: [GC [PSYoungGen: 52224K->256K(58880K)] 528073K->476105K(779776K), 0.0112992 secs] [Times: user=0.06 sys=0.00, real=0.01 secs]
2325.749: [GC [PSYoungGen: 52224K->256K(58880K)] 528073K->476105K(779776K), 0.0112992 secs] [Times: user=0.06 sys=0.00, real=0.01 secs]
2325.749: [GC [PSYoungGen: 52224K->256K(58880K)] 528073K->476105K(779776K), 0.0112992 secs] [Times: user=0.06 sys=0.00, real=0.01 secs]
2325.749: [GC [PSYoungGen: 52224K->256K(58880K)] 528073K->476105K(779776K), 0.0112992 secs] [Times: user=0.06 sys=0.00, real=0.01 secs]
2325.749: [GC [PSYoungGen: 52224K->256K(58880K)] 528073K->476105K(779776K), 0.0112992 secs] [Times: user=0.06 sys=0.00, real=0.01 secs]
2325.749: [GC [PSYoungGen: 52224K->256K(58880K)] 528073K->476105K(779776K), 0.0112992 secs] [Times: user=0.06 sys=0.00, real=0.01 secs]
2325.749: [GC [PSYoungGen: 52224K->256K(58880K)] 528073K->476105K(779776K), 0.0112992 secs] [Times: user=0.06 sys=0.00, real=0.01 secs]
2325.749: [GC [PSYoungGen: 52224K->256K(58880K)] 528073K->476105K(779776K), 0.0112992 secs] [Times: user=0.06 sys=0.00, real=0.01 secs]
2325.749: [GC [PSYoungGen: 52224K->256K(58880K)] 528073K->476105K(779776K), 0.0112992 secs] [Times: user=0.06 sys=0.00, real=0.01 secs]
2325.749: [GC [PSYoungGen: 52224K->256K(58880K)] 528073K->476105K(779776K), 0.0112992 secs] [Times: user=0.06 sys=0.00, real=0.01 secs]
2325.749: [GC [PSYoungGen: 52224K->256K(58880K)] 528073K->476105K(779776K), 0.0112992 secs] [Times: user=0.06 sys=0.00, real=0.01 secs]
2325.749: [GC [PSYoungGen: 52224K->256K(58880K)] 528073K->476105K(779776K), 0.0112992 secs] [Times: user=0.06 sys=0.00, real=0.01 secs]
2325.749: [GC [PSYoungGen: 52224K->256K(58880K)] 528073K->476105K(779776K), 0.0112992 secs] [Times: user=0.06 sys=0.00, real=0.01 secs]
2325.749: [GC [PSYoungGen: 52224K->256K(58880K)] 528073K->476105K(779776K), 0.0112992 secs] [Times: user=0.06 sys=0.00, real=0.01 secs]
2325.749: [GC [PSYoungGen: 52224K->256K(58880K)] 528073K->476105K(779776K), 0.0112992 secs] [Times: user=0.06 sys=0.00, real=0.01 secs]
2325.749: [GC [PSYoungGen: 52224K->256K(58880K)] 528073K->476105K(779776K), 0.0112992 secs] [Times: user=0.06 sys=0.00, real=0.01 secs]
2325.749: [GC [PSYoungGen: 52224K->256K(58880K)] 528073K->476105K(779776K), 0.0112992 secs] [Times: user=0.06 sys=0.00, real=0.01 secs]
2325.749: [GC [PSYoungGen: 52224K->256K(58880K)] 528073K->476105K(779776K), 0.0112992 secs] [Times: user=0.06 sys=0.00, real=0.01 secs]
2325.749: [GC [PSYoungGen: 52224K->256K(58880K)] 528073K->476105K(779776K), 0.0112992 secs] [Times: user=0.06 sys=0.00, real=0.01 secs]
2325.749: [GC [PSYoungGen: 52224K->256K(58880K)] 528073K->476105K(779776K), 0.0112992 secs] [Times: user=0.06 sys=0.00, real=0.01 secs]
2325.749: [GC [PSYoungGen: 52224K->256K(58880K)] 528073K->476105K(779776K), 0.0112992 secs] [Times: user=0.06 sys=0.00, real=0.01 secs]
2325.749: [GC [PSYoungGen: 52224K->256K(58880K)] 528073K->476105K(779776K), 0.0112992 secs] [Times: user=0.06 sys=0.00, real=0.01 secs]
2325.749: [GC [PSYoungGen: 52224K->256K(58880K)] 528073K->476105K(779776K), 0.0112992 secs] [Times: user=0.06 sys=0.00, real=0.01 secs]
2325.749: [GC [PSYoungGen: 52224K->256K(58880K)] 528073K->476105K(779776K), 0.0112992 secs] [Times: user=0.06 sys=0.00, real=0.01 secs]
2325.749: [GC [PSYoungGen: 52224K->256K(58880K)] 528073K->476105K(779776K), 0.0112992 secs] [Times: user=0.06 sys=0.00, real=0.01 secs]
2325.749: [GC [PSYoungGen: 52224K->256K(58880K)] 528073K->476105K(779776K), 0.0112992 secs] [Times: user=0.06 sys=0.00, real=0.01 secs]
2325.749: [GC [PSYoungGen: 52224K->256K(58880K)] 528073K->476105K(779776K), 0.0112992 secs] [Times: user=0.06 sys=0.00, real=0.01 secs]
2325.749: [GC [PSYoungGen: 52224K->256K(58880K)] 528073K->476105K(779776K), 0.0112992 secs] [Times: user=0.06 sys=0.00, real=0.01 secs]
2325.749: [GC [PSYoungGen: 52224K->256K(58880K)] 528073K->476105K(779776K), 0.0112992 secs] [Times: user=0.06 sys=0.00, real=0.01 secs]
2325.749: [GC [PSYoungGen: 52224K->256K(58880K)] 528073K->476105K(779776K), 0.0112992 secs] [Times: user=0.06 sys=0.00, real=0.01 secs]
2325.749: [GC [PSYoungGen: 52224K->256K(58880K)] 528073K->476105K(779776K), 0.0112992 secs] [Times: user=0.06 sys=0.00, real=0.01 secs]
2325.749: [GC [PSYoungGen: 52224K->256K(58880K)] 528073K->476105K(779776K), 0.0112992 secs] [Times: user=0.06 sys=0.00, real=0.01 secs]
2325.749: [GC [PSYoungGen: 52224K->256K(58880K)] 528073K->476105K(779776K), 0.0112992 secs] [Times: user=0.06 sys=0.00, real=0.01 secs]
2325.749: [GC [PSYoungGen: 52224K->256K(58880K)] 528073K->476105K(779776K), 0.0112992 secs] [Times: user=0.06 sys=0.00, real=0.01 secs]
2325.749: [GC [PSYoungGen: 52224K->256K(58880K)] 528073K->476105K(779776K), 0.0112992 secs] [Times: user=0.06 sys=0.00, real=0.01 secs]
2325.749: [GC [PSYoungGen: 52224K->256K(58880K)] 528073K->476105K(779776K), 0.0112992 secs] [Times: user=0.06 sys=0.00, real=0.01 secs]
2325.749: [GC [PSYoungGen: 52224K->256K(58880K)] 528073K->476105K(779776K), 0.0112992 secs] [Times: user=0.06 sys=0.00, real=0.01 secs]
2325.749: [GC [PSYoungGen: 52224K->256K(58880K)] 528073K->476105K(779776K), 0.0112992 secs] [Times: user=0.06 sys=0.00, real=0.01 secs]
2325.749: [GC [PSYoungGen: 52224K->256K(58880K)] 528073K->476105K(779776K), 0.0112992 secs] [Times: user=0.06 sys=0.00, real=0.01 secs]
2325.749: [GC [PSYoungGen: 52224K->256K(58880K)] 528073K->476105K(779776K), 0.0112992 secs] [Times: user=0.06 sys=0.00, real=0.01 secs]
2325.749: [GC [PSYoungGen: 52224K->256K(58880K)] 528073K->476105K(779776K), 0.0112992 secs] [Times: user=0.06 sys=0.00, real=0.01 secs]
2325.749: [GC [PSYoungGen: 52224K->256K(58880K)] 528073K->476105K(779776K), 0.0112992 secs] [Times: user=0.06 sys=0.00, real=0.01 secs]
2325.749: [GC [PSYoungGen: 52224K->256K(58880K)] 528073K->476105K(779776K), 0.0112992 secs] [Times: user=0.06 sys=0.00, real=0.01 secs]
2325.749: [GC [PSYoungGen: 52224K->256K(58880K)] 528073K->476105K(779776K), 0.0112992 secs] [Times: user=0.06 sys=0.00, real=0.01 secs]
2325.749: [GC [PSYoungGen: 52224K->256K(58880K)] 528073K->476105K(779776K), 0.0112992 secs] [Times: user=0.06 sys=0.00, real=0.01 secs]
2325.749: [GC [PSYoungGen: 52224K->256K(58880K)] 528073K->476105K(779776K), 0.0112992 secs] [Times: user=0.06 sys=0.00, real=0.01 secs]
2325.749: [GC [PSYoungGen: 52224K->256K(58880K)] 528073K->476105K(779776K), 0.0112992 secs] [Times: user=0.06 sys=0.00, real=0.01 secs]
2325.749: [GC [PSYoungGen: 52224K->256K(58880K)] 528073K->476105K(779776K), 0.0112992 secs] [Times: user=0.06 sys=0.00, real=0.01 secs]
2325.749: [GC [PSYoungGen: 52224K->256K(58880K)] 528073K->476105K(779776K), 0.0112992 secs] [Times: user=0.06 sys=0.00, real=0.01 secs]
2325.749: [GC [PSYoungGen: 52224K->256K(58880K)] 528073K->476105K(779776K), 0.0112992 secs] [Times: user=0.06 sys=0.00, real=0.01 secs]
2325.749: [GC [PSYoungGen: 52224K->256K(58880K)] 528073K->476105K(779776K), 0.0112992 secs] [Times: user=0.06 sys=0.00, real=0.01 secs]
2325.749: [GC [PSYoungGen: 52224K->256K(58880K)] 528073K->476105K(779776K), 0.0112992 secs] [Times: user=0.06 sys=0.00, real=0.01 secs]
2325.749: [GC [PSYoungGen: 52224K->256K(58880K)] 528073K->476105K(779776K), 0.0112992 secs] [Times: user=0.06 sys=0.00, real=0.01 secs]
2325.749: [GC [PSYoungGen: 52224K->256K(58880K)] 528073K->476105K(779776K), 0.0112992 secs] [Times: user=0.06 sys=0.00, real=0.01 secs]
2325.749: [GC [PSYoungGen: 52224K->256K(58880K)] 528073K->476105K(779776K), 0.0112992 secs] [Times: user=0.06 sys=0.00, real=0.01 secs]
2325.749: [GC [PSYoungGen: 52224K->256K(58880K)] 528073K->476105K(779776K), 0.0112992 secs] [Times: user=0.06 sys=0.00, real=0.01 secs]
2325.749: [GC [PSYoungGen: 52224K->256K(58880K)] 528073K->476105K(779776K), 0.0112992 secs] [Times: user=0.06 sys=0.00, real=0.01 secs]
2325.749: [GC [PSYoungGen: 52224K->256K(58880K)] 528073K->476105K(779776K), 0.0112992 secs] [Times: user=0.06 sys=0.00, real=0.01 secs]
2325.749: [GC [PSYoungGen: 52224K->256K(58880K)] 528073K->476105K(779776K), 0.0112992 secs] [Times: user=0.06 sys=0.00, real=0.01 secs]
2325.749: [GC [PSYoungGen: 52224K->256K(58880K)] 528073K->476105K(779776K), 0.0112992 secs] [Times: user=0.06 sys=0.00, real=0.01 secs]
2325.749: [GC [PSYoungGen: 52224K->256K(58880K)] 528073K->476105K(779776K), 0.0112992 secs] [Times: user=0.06 sys=0.00, real=0.01 secs]
2325.749: [GC [PSYoungGen: 52224K->256K(58880K)] 528073K->476105K(779776K), 0.0112992 secs] [Times: user=0.06 sys=0.00, real=0.01 secs]
2325.749: [GC [PSYoungGen: 52224K->256K(58880K)] 528073K->476105K(779776K), 0.0112992 secs] [Times: user=0.06 sys=0.00, real=0.01 secs]
2325.749: [GC [PSYoungGen: 52224K->256K(58880K)] 528073K->476105K(779776K), 0.0112992 secs] [Times: user=0.06 sys=0.00, real=0.01 secs]
2325.749: [GC [PSYoungGen: 52224K->256K(58880K)] 528073K->476105K(779776K), 0.0112992 secs] [Times: user=0.06 sys=0.00, real=0.01 secs]
2325.749: [GC [PSYoungGen: 52224K->256K(58880K)] 528073K->476105K(779776K), 0.0112992 secs] [Times: user=0.06 sys=0.00, real=0.01 secs]
2325.749: [GC [PSYoungGen: 52224K->256K(58880K)] 528073K->476105K(779776K), 0.0112992 secs] [Times: user=0.06 sys=0.00, real=0.01 secs]
2325.749: [GC [PSYoungGen: 52224K->256K(58880K)] 528073K->476105K(779776K), 0.0112992 secs] [Times: user=0.06 sys=0.00, real=0.01 secs]
2325.749: [GC [PSYoungGen: 52224K->256K(58880K)] 528073K->476105K(779776K), 0.0112992 secs] [Times: user=0.06 sys=0.00, real=0.01 secs]
2325.749: [GC [PSYoungGen: 52224K->256K(58880K)] 528073K->476105K(779776K), 0.0112992 secs] [Times: user=0.06 sys=0.00, real=0.01 secs]
2325.749: [GC [PSYoungGen: 52224K->256K(58880K)] 528073K->476105K(779776K), 0.0112992 secs] [Times: user=0.06 sys=0.00, real=0.01 secs]
2325.749: [GC [PSYoungGen: 52224K->256K(58880K)] 528073K->476105K(779776K), 0.0112992 secs] [Times: user=0.06 sys=0.00, real=0.01 secs]
2325.749: [GC [PSYoungGen: 52224K->256K(58880K)] 528073K->476105K(779776K), 0.0112992 secs] [Times: user=0.06 sys=0.00, real=0.01 secs]
2325.749: [GC [PSYoungGen: 52224K->256K(58880K)] 528073K->476105K(779776K), 0.0112992 secs] [Times: user=0.06 sys=0.00, real=0.01 secs]
2325.749: [GC [PSYoungGen: 52224K->256K(58880K)] 528073K->476105K(779776K), 0.0112992 secs] [Times: user=0.06 sys=0.00, real=0.01 secs]
2325.749: [GC [PSYoungGen: 52224K->256K(58880K)] 528073K->476105K(779776K), 0.0112992 secs] [Times: user=0.06 sys=0.00, real=0.01 secs]
2325.749: [GC [PSYoungGen: 52224K->256K(58880K)] 528073K->476105K(779776K), 0.0112992 secs] [Times: user=0.06 sys=0.00, real=0.01 secs]
2325.749: [GC [PSYoungGen: 52224K->256K(58880K)] 528073K->476105K(779776K), 0.0112992 secs] [Times: user=0.06 sys=0.00, real=0.01 secs]
2325.749: [GC [PSYoungGen: 52224K->256K(58880K)] 528073K->476105K(779776K), 0.0112992 secs] [Times: user=0.06 sys=0.00, real=0.01 secs]
2325.749: [GC [PSYoungGen: 52224K->256K(58880K)] 528073K->476105K(779776K), 0.0112992 secs] [Times: user=0.06 sys=0.00, real=0.01 secs]
2325.749: [GC [PSYoungGen: 52224K->256K(58880K)] 528073K->476105K(779776K), 0.0112992 secs] [Times: user=0.06 sys=0.00, real=0.01 secs]
2325.749: [GC [PSYoungGen: 52224K->256K(58880K)] 528073K->476105K(779776K), 0.0112992 secs] [Times: user=0.06 sys=0.00, real=0.01 secs]
2325.749: [GC [PSYoungGen: 52224K->256K(58880K)] 528073K->476105K(779776K), 0.0112992 secs] [Times: user=0.06 sys=0.00, real=0.01 secs]
2325.749: [GC [PSYoungGen: 52224K->256K(58880K)] 528073K->476105K(779776K), 0.0112992 secs] [Times: user=0.06 sys=0.00, real=0.01 secs]
2325.749: [GC [PSYoungGen: 52224K->256K(58880K)] 528073K->476105K(779776K), 0.0112992 secs] [Times: user=0.06 sys=0.00, real=0.01 secs]
2325.749: [GC [PSYoungGen: 52224K->256K(58880K)] 528073K->476105K(779776K), 0.0112992 secs] [Times: user=0.06 sys=0.00, real=0.01 secs]
2325.749: [GC [PSYoungGen: 52224K->256K(58880K)] 528073K->476105K(779776K), 0.0112992 secs] [Times: user=0.06 sys=0.00, real=0.01 secs]
2325.749: [GC [PSYoungGen: 52224K->256K(58880K)] 528073K->476105K(779776K), 0.0112992 secs] [Times: user=0.06 sys=0.00, real=0.01 secs]
2325.749: [GC [PSYoungGen: 52224K->256K(58880K)] 528073K->476105K(779776K), 0.0112992 secs] [Times: user=0.06 sys=0.00, real=0.01 secs]
2325.749: [GC [PSYoungGen: 52224K->256K(58880K)] 528073K->476105K(779776K), 0.0112992 secs] [Times: user=0.06 sys=0.00, real=0.01 secs]
2325.749: [GC [PSYoungGen: 52224K->256K(58880K)] 528073K->476105K(779776K), 0.0112992 secs] [Times: user=0.06 sys=0.00, real=0.01 secs]
2325.749: [GC [PSYoungGen: 52224K->256K(58880K)] 528073K->476105K(779776K), 0.0112992 secs] [Times: user=0.06 sys=0.00, real=0.01 secs]
2325.749: [GC [PSYoungGen: 52224K->256K(58880K)] 528073K->476105K(779776K), 0.0112992 secs] [Times: user=0.06 sys=0.00, real=0.01 secs]
2325.749: [GC [PSYoungGen: 52224K->256K(58880K)] 528073K->476105K(779776K), 0.0112992 secs] [Times: user=0.06 sys=0.00, real=0.01 secs]
2325.749: [GC [PSYoungGen: 52224K->256K(58880K)] 528073K->476105K(779776K), 0.0112992 secs] [Times: user=0.06 sys=0.00, real=0.01 secs]
2325.749: [GC [PSYoungGen: 52224K->256K(58880K)] 528073K->476105K(779776K), 0.0112992 secs] [Times: user=0.06 sys=0.00, real=0.01 secs]
2325.749: [GC [PSYoungGen: 52224K->256K(58880K)] 528073K->476105K(779776K), 0.0112992 secs] [Times: user=0.06 sys=0.00, real=0.01 secs]
2325.749: [GC [PSYoungGen: 52224K->256K(58880K)] 528073K->476105K(779776K), 0.0112992 secs] [Times: user=0.06 sys=0.00, real=0.01 secs]
2325.749: [GC [PSYoungGen: 52224K->256K(58880K)] 528073K->476105K(779776K), 0.0112992 secs] [Times: user=0.06 sys=0.00, real=0.01 secs]
2325.749: [GC [PSYoungGen: 52224K->256K(58880K)] 528073K->476105K(779776K), 0.0112992 secs] [Times: user=0.06 sys=0.00, real=0.01 secs]
2325.749: [GC [PSYoungGen: 52224K->256K(58880K)] 528073K->476105K(779776K), 0.0112992 secs] [Times: user=0.06 sys=0.00, real=0.01 secs]
2325.749: [GC [PSYoungGen: 52224K->256K(58880K)] 528073K->476105K(779776K), 0.0112992 secs] [Times: user=0.06 sys=0.00, real=0.01 secs]
2325.749: [GC [PSYoungGen: 52224K->256K(58880K)] 528073K->476105K(779776K), 0.0112992 secs] [Times: user=0.06 sys=0.00, real=0.01 secs]
2325.749: [GC [PSYoungGen: 52224K->256K(58880K)] 528073K->476105K(779776K), 0.0112992 secs] [Times: user=0.06 sys=0.00, real=0.01 secs]
2325.749: [GC [PSYoungGen: 52224K->256K(58880K)] 528073K->476105K(779776K), 0.0112992 secs] [Times: user=0.06 sys=0.00, real=0.01 secs]
2325.749: [GC [PSYoungGen: 52224K->256K(58880K)] 528073K->476105K(779776K), 0.0112992 secs] [Times: user=0.06 sys=0.00, real=0.01 secs]
2325.749: [GC [PSYoungGen: 52224K->256K(58880K)] 528073K->476105K(779776K), 0.0112992 secs] [Times: user=0.06 sys=0.00, real=0.01 secs]
2325.749: [GC [PSYoungGen: 52224K->256K(58880K)] 528073K->476105K(779776K), 0.0112992 secs] [Times: user=0.06 sys=0.00, real=0.01 secs]
2325.749: [GC [PSYoungGen: 52224K->256K(58880K)] 528073K->476105K(779776K), 0.0112992 secs] [Times: user=0.06 sys=0.00, real=0.01 secs]
2325.749: [GC [PSYoungGen: 52224K->256K(58880K)] 528073K->476105K(779776K), 0.0112992 secs] [Times: user=0.06 sys=0.00, real=0.01 secs]
2325.749: [GC [PSYoungGen: 52224K->256K(58880K)] 528073K->476105K(779776K), 0.0112992 secs] [Times: user=0.06 sys=0.00, real=0.01 secs]
2325.749: [GC [PSYoungGen: 52224K->256K(58880K)] 528073K->476105K(779776K), 0.0112992 secs] [Times: user=0.06 sys=0.00, real=0.01 secs]
2325.749: [GC [PSYoungGen: 52224K->256K(58880K)] 528073K->476105K(779776K), 0.0112992 secs] [Times: user=0.06 sys=0.00, real=0.01 secs]
2325.749: [GC [PSYoungGen: 52224K->256K(58880K)] 528073K->476105K(779776K), 0.0112992 secs] [Times: user=0.06 sys=0.00, real=0.01 secs]
2325.749: [GC [PSYoungGen: 52224K->256K(58880K)] 528073K->476105K(779776K), 0.0112992 secs] [Times: user=0.06 sys=0.00, real=0.01 secs]
2325.749: [GC [PSYoungGen: 52224K->256K(58880K)] 528073K->476105K(779776K), 0.0112992 secs] [Times: user=0.06 sys=0.00, real=0.01 secs]
2325.749: [GC [PSYoungGen: 52224K->256K(58880K)] 528073K->476105K(779776K), 0.0112992 secs] [Times: user=0.06 sys=0.00, real=0.01 secs]
2325.749: [GC [PSYoungGen: 52224K->256K(58880K)] 528073K->476105K(779776K), 0.0112992 secs] [Times: user=0.06 sys=0.00, real=0.01 secs]
2325.749: [GC [PSYoungGen: 52224K->256K(58880K)] 528073K->476105K(779776K), 0.0112992 secs] [Times: user=0.06 sys=0.00, real=0.01 secs]
2325.749: [GC [PSYoungGen: 52224K->256K(58880K)] 528073K->476105K(779776K), 0.0112992 secs] [Times: user=0.06 sys=0.00, real=0.01 secs]
2325.749: [GC [PSYoungGen: 52224K->256K(58880K)] 528073K->476105K(779776K), 0.0112992 secs] [Times: user=0.06 sys=0.00, real=0.01 secs]
2325.749: [GC [PSYoungGen: 52224K->256K(58880K)] 528073K->476105K(779776K), 0.0112992 secs] [Times: user=0.06 sys=0.00, real=0.01 secs]
2325.749: [GC [PSYoungGen: 52224K->256K(58880K)] 528073K->476105K(779776K), 0.0112992 secs] [Times: user=0.06 sys=0.00, real=0.01 secs]
2325.749: [GC [PSYoungGen: 52224K->256K(58880K)] 528073K->476105K(779776K), 0.0112992 secs] [Times: user=0.06 sys=0.00, real=0.01 secs]
2325.749: [GC [PSYoungGen: 52224K->256K(58880K)] 528073K->476105K(779776K), 0.0112992 secs] [Times: user=0.06 sys=0.00, real=0.01 secs]
2325.749: [GC [PSYoungGen: 52224K->256K(58880K)] 528073K->476105K(779776K), 0.0112992 secs] [Times: user=0.06 sys=0.00, real=0.01 secs]
2325.749: [GC [PSYoungGen: 52224K->256K(58880K)] 528073K->476105K(779776K), 0.0112992 secs] [Times: user=0.06 sys=0.00, real=0.01 secs]
2325.749: [GC [PSYoungGen: 52224K->256K(58880K)] 528073K->476105K(779776K), 0.0112992 secs] [Times: user=0.06 sys=0.00, real=0.01 secs]
2325.749: [GC [PSYoungGen: 52224K->256K(58880K)] 528073K->476105K(779776K), 0.0112992 secs] [Times: user=0.06 sys=0.00, real=0.01 secs]
2325.749: [GC [PSYoungGen: 52224K->256K(58880K)] 528073K->476105K(779776K), 0.0112992 secs] [Times: user=0.06 sys=0.00, real=0.01 secs]
2325.749: [GC [PSYoungGen: 52224K->256K(58880K)] 528073K->476105K(779776K), 0.0112992 secs] [Times: user=0.06 sys=0.00, real=0.01 secs]
2325.749: [GC [PSYoungGen: 52224K->256K(58880K)] 528073K->476105K(779776K), 0.0112992 secs] [Times: user=0.06 sys=0.00, real=0.01 secs]
2325.749: [GC [PSYoungGen: 52224K->256K(58880K)] 528073K->476105K(779776K), 0.0112992 secs] [Times: user=0.06 sys=0.00, real=0.01 secs]
2325.749: [GC [PSYoungGen: 52224K->256K(58880K)] 528073K->476105K(779776K), 0.0112992 secs] [Times: user=0.06 sys=0.00, real=0.01 secs]
2325.749: [GC [PSYoungGen: 52224K->256K(58880K)] 528073K->476105K(779776K), 0.0112992 secs] [Times: user=0.06 sys=0.00, real=0.01 secs]
2325.749: [GC [PSYoungGen: 52224K->256K(58880K)] 528073K->476105K(779776K), 0.0112992 secs] [Times: user=0.06 sys=0.00, real=0.01 secs]
2325.749: [GC [PSYoungGen: 52224K->256K(58880K)] 528073K->476105K(779776K), 0.0112992 secs] [Times: user=0.06 sys=0.00, real=0.01 secs]
2325.749: [GC [PSYoungGen: 52224K->256K(58880K)] 528073K->476105K(779776K), 0.0112992 secs] [Times: user=0.06 sys=0.00, real=0.01 secs]
2325.749: [GC [PSYoungGen: 52224K->256K(58880K)] 528073K->476105K(779776K), 0.0112992 secs] [Times: user=0.06 sys=0.00, real=0.01 secs]
2325.749: [GC [PSYoungGen: 52224K->256K(58880K)] 528073K->476105K(779776K), 0.0112992 secs] [Times: user=0.06 sys=0.00, real=0.01 secs]
2325.749: [GC [PSYoungGen: 52224K->256K(58880K)] 528073K->476105K(779776K), 0.0112992 secs] [Times: user=0.06 sys=0.00, real=0.01 secs]
2325.749: [GC [PSYoungGen: 52224K->256K(58880K)] 528073K->476105K(779776K), 0.0112992 secs] [Times: user=0.06 sys=0.00, real=0.01 secs]
2325.749: [GC [PSYoungGen: 52224K->256K(58880K)] 528073K->476105K(779776K), 0.0112992 secs] [Times: user=0.06 sys=0.00, real=0.01 secs]
2325.749: [GC [PSYoungGen: 52224K->256K(58880K)] 528073K->476105K(779776K), 0.0112992 secs] [Times: user=0.06 sys=0.00, real=0.01 secs]
2325.749: [GC [PSYoungGen: 52224K->256K(58880K)] 528073K->476105K(779776K), 0.0112992 secs] [Times: user=0.06 sys=0.00, real=0.01 secs]
2325.749: [GC [PSYoungGen: 52224K->256K(58880K)] 528073K->476105K(779776K), 0.0112992 secs] [Times: user=0.06 sys=0.00, real=0.01 secs]
2325.749: [GC [PSYoungGen: 52224K->256K(58880K)] 528073K->476105K(779776K), 0.0112992 secs] [Times: user=0.06 sys=0.00, real=0.01 secs]
2325.749: [GC [PSYoungGen: 52224K->256K(58880K)] 528073K->476105K(779776K), 0.0112992 secs] [Times: user=0.06 sys=0.00, real=0.01 secs]
2325.749: [GC [PSYoungGen: 52224K->256K(58880K)] 528073K->476105K(779776K), 0.0112992 secs] [Times: user=0.06 sys=0.00, real=0.01 secs]
2325.749: [GC [PSYoungGen: 52224K->256K(58880K)] 528073K->476105K(779776K), 0.0112992 secs] [Times: user=0.06 sys=0.00, real=0.01 secs]
2325.749: [GC [PSYoungGen: 52224K->256K(58880K)] 528073K->476105K(779776K), 0.0112992 secs] [Times: user=0.06 sys=0.00, real=0.01 secs]
2325.749: [GC [PSYoungGen: 52224K->256K(58880K)] 528073K->476105K(779776K), 0.0112992 secs] [Times: user=0.06 sys=0.00, real=0.01 secs]
2325.749: [GC [PSYoungGen: 52224K->256K(58880K)] 528073K->476105K(779776K), 0.0112992 secs] [Times: user=0.06 sys=0.00, real=0.01 secs]
2325.749: [GC [PSYoungGen: 52224K->256K(58880K)] 528073K->476105K(779776K), 0.0112992 secs] [Times: user=0.06 sys=0.00, real=0.01 secs]
2325.749: [GC [PSYoungGen: 52224K->256K(58880K)] 528073K->476105K(779776K), 0.0112992 secs] [Times: user=0.06 sys=0.00, real=0.01 secs]
2325.749: [GC [PSYoungGen: 52224K->256K(58880K)] 528073K->476105K(779776K), 0.0112992 secs] [Times: user=0.06 sys=0.00, real=0.01 secs]
2325.749: [GC [PSYoungGen: 52224K->256K(58880K)] 528073K->476105K(779776K), 0.0112992 secs] [Times: user=0.06 sys=0.00, real=0.01 secs]
2325.749: [GC [PSYoungGen: 52224K->256K(58880K)] 528073K->476105K(779776K), 0.0112992 secs] [Times: user=0.06 sys=0.00, real=0.01 secs]
2325.749: [GC [PSYoungGen: 52224K->256K(58880K)] 528073K->476105K(779776K), 0.0112992 secs] [Times: user=0.06 sys=0.00, real=0.01 secs]
2325.749: [GC [PSYoungGen: 52224K->256K(58880K)] 528073K->476105K(779776K), 0.0112992 secs] [Times: user=0.06 sys=0.00, real=0.01 secs]
2325.749: [GC [PSYoungGen: 52224K->256K(58880K)] 528073K->476105K(779776K), 0.0112992 secs] [Times: user=0.06 sys=0.00, real=0.01 secs]
2325.749: [GC [PSYoungGen: 52224K->256K(58880K)] 528073K->476105K(779776K), 0.0112992 secs] [Times: user=0.06 sys=0.00, real=0.01 secs]
2325.749: [GC [PSYoungGen: 52224K->256K(58880K)] 528073K->476105K(779776K), 0.0112992 secs] [Times: user=0.06 sys=0.00, real=0.01 secs]
2325.749: [GC [PSYoungGen: 52224K->256K(58880K)] 528073K->476105K(779776K), 0.0112992 secs] [Times: user=0.06 sys=0.00, real=0.01 secs]
2325.749: [GC [PSYoungGen: 52224K->256K(58880K)] 528073K->476105K(779776K), 0.0112992 secs] [Times: user=0.06 sys=0.00, real=0.01 secs]
2325.749: [GC [PSYoungGen: 52224K->256K(58880K)] 528073K->476105K(779776K), 0.0112992 secs] [Times: user=0.06 sys=0.00, real=0.01 secs]
2325.749: [GC [PSYoungGen: 52224K->256K(58880K)] 528073K->476105K(779776K), 0.0112992 secs] [Times: user=0.06 sys=0.00, real=0.01 secs]
2325.749: [GC [PSYoungGen: 52224K->256K(58880K)] 528073K->476105K(779776K), 0.0112992 secs] [Times: user=0.06 sys=0.00, real=0.01 secs]
2325.749: [GC [PSYoungGen: 52224K->256K(58880K)] 528073K->476105K(779776K), 0.0112992 secs] [Times: user=0.06 sys=0.00, real=0.01 secs]
2325.749: [GC [PSYoungGen: 52224K->256K(58880K)] 528073K->476105K(779776K), 0.0112992 secs] [Times: user=0.06 sys=0.00, real=0.01 secs]
2325.749: [GC [PSYoungGen: 52224K->256K(58880K)] 528073K->476105K(779776K), 0.0112992 secs] [Times: user=0.06 sys=0.00, real=0.01 secs]
2325.749: [GC [PSYoungGen: 52224K->256K(58880K)] 528073K->476105K(779776K), 0.0112992 secs] [Times: user=0.06 sys=0.00, real=0.01 secs]
2325.749: [GC [PSYoungGen: 52224K->256K(58880K)] 528073K->476105K(779776K), 0.0112992 secs] [Times: user=0.06 sys=0.00, real=0.01 secs]
2325.749: [GC [PSYoungGen: 52224K->256K(58880K)] 528073K->476105K(779776K), 0.0112992 secs] [Times: user=0.06 sys=0.00, real=0.01 secs]
2325.749: [GC [PSYoungGen: 52224K->256K(58880K)] 528073K->476105K(779776K), 0.0112992 secs] [Times: user=0.06 sys=0.00, real=0.01 secs]
2325.749: [GC [PSYoungGen: 52224K->256K(58880K)] 528073K->476105K(779776K), 0.0112992 secs] [Times: user=0.06 sys=0.00, real=0.01 secs]
2325.749: [GC [PSYoungGen: 52224K->256K(58880K)] 528073K->476105K(779776K), 0.0112992 secs] [Times: user=0.06 sys=0.00, real=0.01 secs]
2325.749: [GC [PSYoungGen: 52224K->256K(58880K)] 528073K->476105K(779776K), 0.0112992 secs] [Times: user=0.06 sys=0.00, real=0.01 secs]
2325.749: [GC [PSYoungGen: 52224K->256K(58880K)] 528073K->476105K(779776K), 0.0112992 secs] [Times: user=0.06 sys=0.00, real=0.01 secs]
2325.749: [GC [PSYoungGen: 52224K->256K(58880K)] 528073K->476105K(779776K), 0.0112992 secs] [Times: user=0.06 sys=0.00, real=0.01 secs]
2325.749: [GC [PSYoungGen: 52224K->256K(58880K)] 528073K->476105K(779776K), 0.0112992 secs] [Times: user=0.06 sys=0.00, real=0.01 secs]
2325.749: [GC [PSYoungGen: 52224K->256K(58880K)] 528073K->476105K(779776K), 0.0112992 secs] [Times: user=0.06 sys=0.00, real=0.01 secs]
2325.749: [GC [PSYoungGen: 52224K->256K(58880K)] 528073K->476105K(779776K), 0.0112992 secs] [Times: user=0.06 sys=0.00, real=0.01 secs]
2325.749: [GC [PSYoungGen: 52224K->256K(58880K)] 528073K->476105K(779776K), 0.0112992 secs] [Times: user=0.06 sys=0.00, real=0.01 secs]
2325.749: [GC [PSYoungGen: 52224K->256K(58880K)] 528073K->476105K(779776K), 0.0112992 secs] [Times: user=0.06 sys=0.00, real=0.01 secs]
2325.749: [GC [PSYoungGen: 52224K->256K(58880K)] 528073K->476105K(779776K), 0.0112992 secs] [Times: user=0.06 sys=0.00, real=0.01 secs]
2325.749: [GC [PSYoungGen: 52224K->256K(58880K)] 528073K->476105K(779776K), 0.0112992 secs] [Times: user=0.06 sys=0.00, real=0.01 secs]
2325.749: [GC [PSYoungGen: 52224K->256K(58880K)] 528073K->476105K(779776K), 0.0112992 secs] [Times: user=0.06 sys=0.00, real=0.01 secs]
2325.749: [GC [PSYoungGen: 52224K->256K(58880K)] 528073K->476105K(779776K), 0.0112992 secs] [Times: user=0.06 sys=0.00, real=0.01 secs]
2325.749: [GC [PSYoungGen: 52224K->256K(58880K)] 528073K->476105K(779776K), 0.0112992 secs] [Times: user=0.06 sys=0.00, real=0.01 secs]
2325.749: [GC [PSYoungGen: 52224K->256K(58880K)] 528073K->476105K(779776K), 0.0112992 secs] [Times: user=0.06 sys=0.00, real=0.01 secs]
2325.749: [GC [PSYoungGen: 52224K->256K(58880K)] 528073K->476105K(779776K), 0.0112992 secs] [Times: user=0.06 sys=0.00, real=0.01 secs]
2325.749: [GC [PSYoungGen: 52224K->256K(58880K)] 528073K->476105K(779776K), 0.0112992 secs] [Times: user=0.06 sys=0.00, real=0.01 secs]
2325.749: [GC [PSYoungGen: 52224K->256K(58880K)] 528073K->476105K(779776K), 0.0112992 secs] [Times: user=0.06 sys=0.00, real=0.01 secs]
2325.749: [GC [PSYoungGen: 52224K->256K(58880K)] 528073K->476105K(779776K), 0.0112992 secs] [Times: user=0.06 sys=0.00, real=0.01 secs]
2325.749: [GC [PSYoungGen: 52224K->256K(58880K)] 528073K->476105K(779776K), 0.0112992 secs] [Times: user=0.06 sys=0.00, real=0.01 secs]
2325.749: [GC [PSYoungGen: 52224K->256K(58880K)] 528073K->476105K(779776K), 0.0112992 secs] [Times: user=0.06 sys=0.00, real=0.01 secs]
2325.749: [GC [PSYoungGen: 52224K->256K(58880K)] 528073K->476105K(779776K), 0.0112992 secs] [Times: user=0.06 sys=0.00, real=0.01 secs]
2325.749: [GC [PSYoungGen: 52224K->256K(58880K)] 528073K->476105K(779776K), 0.0112992 secs] [Times: user=0.06 sys=0.00, real=0.01 secs]
2325.749: [GC [PSYoungGen: 52224K->256K(58880K)] 528073K->476105K(779776K), 0.0112992 secs] [Times: user=0.06 sys=0.00, real=0.01 secs]
2325.749: [GC [PSYoungGen: 52224K->256K(58880K)] 528073K->476105K(779776K), 0.0112992 secs] [Times: user=0.06 sys=0.00, real=0.01 secs]
2325.749: [GC [PSYoungGen: 52224K->256K(58880K)] 528073K->476105K(779776K), 0.0112992 secs] [Times: user=0.06 sys=0.00, real=0.01 secs]
2325.749: [GC [PSYoungGen: 52224K->256K(58880K)] 528073K->476105K(779776K), 0.0112992 secs] [Times: user=0.06 sys=0.00, real=0.01 secs]
2325.749: [GC [PSYoungGen: 52224K->256K(58880K)] 528073K->476105K(779776K), 0.0112992 secs] [Times: user=0.06 sys=0.00, real=0.01 secs]
2325.749: [GC [PSYoungGen: 52224K->256K(58880K)] 528073K->476105K(779776K), 0.0112992 secs] [Times: user=0.06 sys=0.00, real=0.01 secs]
2325.749: [GC [PSYoungGen: 52224K->256K(58880K)] 528073K->476105K(779776K), 0.0112992 secs] [Times: user=0.06 sys=0.00, real=0.01 secs]
2325.749: [GC [PSYoungGen: 52224K->256K(58880K)] 528073K->476105K(779776K), 0.0112992 secs] [Times: user=0.06 sys=0.00, real=0.01 secs]
2325.749: [GC [PSYoungGen: 52224K->256K(58880K)] 528073K->476105K(779776K), 0.0112992 secs] [Times: user=0.06 sys=0.00, real=0.01 secs]
2325.749: [GC [PSYoungGen: 52224K->256K(58880K)] 528073K->476105K(779776K), 0.0112992 secs] [Times: user=0.06 sys=0.00, real=0.01 secs]
2325.749: [GC [PSYoungGen: 52224K->256K(58880K)] 528073K->476105K(779776K), 0.0112992 secs] [Times: user=0.06 sys=0.00, real=0.01 secs]
2325.749: [GC [PSYoungGen: 52224K->256K(58880K)] 528073K->476105K(779776K), 0.0112992 secs] [Times: user=0.06 sys=0.00, real=0.01 secs]
2325.749: [GC [PSYoungGen: 52224K->256K(58880K)] 528073K->476105K(779776K), 0.0112992 secs] [Times: user=0.06 sys=0.00, real=0.01 secs]
2325.749: [GC [PSYoungGen: 52224K->256K(58880K)] 528073K->476105K(779776K), 0.0112992 secs] [Times: user=0.06 sys=0.00, real=0.01 secs]
2325.749: [GC [PSYoungGen: 52224K->256K(58880K)] 528073K->476105K(779776K), 0.0112992 secs] [Times: user=0.06 sys=0.00, real=0.01 secs]
2325.749: [GC [PSYoungGen: 52224K->256K(58880K)] 528073K->476105K(779776K), 0.0112992 secs] [Times: user=0.06 sys=0.00, real=0.01 secs]
2325.749: [GC [PSYoungGen: 52224K->256K(58880K)] 528073K->476105K(779776K), 0.0112992 secs] [Times: user=0.06 sys=0.00, real=0.01 secs]
2325.749: [GC [PSYoungGen: 52224K->256K(58880K)] 528073K->476105K(779776K), 0.0112992 secs] [Times: user=0.06 sys=0.00, real=0.01 secs]
2325.749: [GC [PSYoungGen: 52224K->256K(58880K)] 528073K->476105K(779776K), 0.0112992 secs] [Times: user=0.06 sys=0.00, real=0.01 secs]
2325.749: [GC [PSYoungGen: 52224K->256K(58880K)] 528073K->476105K(779776K), 0.0112992 secs] [Times: user=0.06 sys=0.00, real=0.01 secs]
2325.749: [GC [PSYoungGen: 52224K->256K(58880K)] 528073K->476105K(779776K), 0.0112992 secs] [Times: user=0.06 sys=0.00, real=0.01 secs]
2325.749: [GC [PSYoungGen: 52224K->256K(58880K)] 528073K->476105K(779776K), 0.0112992 secs] [Times: user=0.06 sys=0.00, real=0.01 secs]
2325.749: [GC [PSYoungGen: 52224K->256K(58880K)] 528073K->476105K(779776K), 0.0112992 secs] [Times: user=0.06 sys=0.00, real=0.01 secs]
2325.749: [GC [PSYoungGen: 52224K->256K(58880K)] 528073K->476105K(779776K), 0.0112992 secs] [Times: user=0.06 sys=0.00, real=0.01 secs]
2325.749: [GC [PSYoungGen: 52224K->256K(58880K)] 528073K->476105K(779776K), 0.0112992 secs] [Times: user=0.06 sys=0.00, real=0.01 secs]
2325.749: [GC [PSYoungGen: 52224K->256K(58880K)] 528073K->476105K(779776K), 0.0112992 secs] [Times: user=0.06 sys=0.00, real=0.01 secs]
2325.749: [GC [PSYoungGen: 52224K->256K(58880K)] 528073K->476105K(779776K), 0.0112992 secs] [Times: user=0.06 sys=0.00, real=0.01 secs]
2325.749: [GC [PSYoungGen: 52224K->256K(58880K)] 528073K->476105K(779776K), 0.0112992 secs] [Times: user=0.06 sys=0.00, real=0.01 secs]
2325.749: [GC [PSYoungGen: 52224K->256K(58880K)] 528073K->476105K(779776K), 0.0112992 secs] [Times: user=0.06 sys=0.00, real=0.01 secs]
2325.749: [GC [PSYoungGen: 52224K->256K(58880K)] 528073K->476105K(779776K), 0.0112992 secs] [Times: user=0.06 sys=0.00, real=0.01 secs]
2325.749: [GC [PSYoungGen: 52224K->256K(58880K)] 528073K->476105K(779776K), 0.0112992 secs] [Times: user=0.06 sys=0.00, real=0.01 secs]
2325.749: [GC [PSYoungGen: 52224K->256K(58880K)] 528073K->476105K(779776K), 0.0112992 secs] [Times: user=0.06 sys=0.00, real=0.01 secs]
2325.749: [GC [PSYoungGen: 52224K->256K(58880K)] 528073K->476105K(779776K), 0.0112992 secs] [Times: user=0.06 sys=0.00, real=0.01 secs]
2325.749: [GC [PSYoungGen: 52224K->256K(58880K)] 528073K->476105K(779776K), 0.0112992 secs] [Times: user=0.06 sys=0.00, real=0.01 secs]
2325.749: [GC [PSYoungGen: 52224K->256K(58880K)] 528073K->476105K(779776K), 0.0112992 secs] [Times: user=0.06 sys=0.00, real=0.01 secs]
2325.749: [GC [PSYoungGen: 52224K->256K(58880K)] 528073K->476105K(779776K), 0.0112992 secs] [Times: user=0.06 sys=0.00, real=0.01 secs]
2325.749: [GC [PSYoungGen: 52224K->256K(58880K)] 528073K->476105K(779776K), 0.0112992 secs] [Times: user=0.06 sys=0.00, real=0.01 secs]
2325.749: [GC [PSYoungGen: 52224K->256K(58880K)] 528073K->476105K(779776K), 0.0112992 secs] [Times: user=0.06 sys=0.00, real=0.01 secs]
2325.749: [GC [PSYoungGen: 52224K->256K(58880K)] 528073K->476105K(779776K), 0.0112992 secs] [Times: user=0.06 sys=0.00, real=0.01 secs]
2325.749: [GC [PSYoungGen: 52224K->256K(58880K)] 528073K->476105K(779776K), 0.0112992 secs] [Times: user=0.06 sys=0.00, real=0.01 secs]
2325.749: [GC [PSYoungGen: 52224K->256K(58880K)] 528073K->476105K(779776K), 0.0112992 secs] [Times: user=0.06 sys=0.00, real=0.01 secs]
2325.749: [GC [PSYoungGen: 52224K->256K(58880K)] 528073K->476105K(779776K), 0.0112992 secs] [Times: user=0.06 sys=0.00, real=0.01 secs]
2325.749: [GC [PSYoungGen: 52224K->256K(58880K)] 528073K->476105K(779776K), 0.0112992 secs] [Times: user=0.06 sys=0.00, real=0.01 secs]
2325.749: [GC [PSYoungGen: 52224K->256K(58880K)] 528073K->476105K(779776K), 0.0112992 secs] [Times: user=0.06 sys=0.00, real=0.01 secs]
2325.749: [GC [PSYoungGen: 52224K->256K(58880K)] 528073K->476105K(779776K), 0.0112992 secs] [Times: user=0.06 sys=0.00, real=0.01 secs]
2325.749: [GC [PSYoungGen: 52224K->256K(58880K)] 528073K->476105K(779776K), 0.0112992 secs] [Times: user=0.06 sys=0.00, real=0.01 secs]
2325.749: [GC [PSYoungGen: 52224K->256K(58880K)] 528073K->476105K(779776K), 0.0112992 secs] [Times: user=0.06 sys=0.00, real=0.01 secs]
2325.749: [GC [PSYoungGen: 52224K->256K(58880K)] 528073K->476105K(779776K), 0.0112992 secs] [Times: user=0.06 sys=0.00, real=0.01 secs]
2325.749: [GC [PSYoungGen: 52224K->256K(58880K)] 528073K->476105K(779776K), 0.0112992 secs] [Times: user=0.06 sys=0.00, real=0.01 secs]
2325.749: [GC [PSYoungGen: 52224K->256K(58880K)] 528073K->476105K(779776K), 0.0112992 secs] [Times: user=0.06 sys=0.00, real=0.01 secs]
2325.749: [GC [PSYoungGen: 52224K->256K(58880K)] 528073K->476105K(779776K), 0.0112992 secs] [Times: user=0.06 sys=0.00, real=0.01 secs]
2325.749: [GC [PSYoungGen: 52224K->256K(58880K)] 528073K->476105K(779776K), 0.0112992 secs] [Times: user=0.06 sys=0.00, real=0.01 secs]
2325.749: [GC [PSYoungGen: 52224K->256K(58880K)] 528073K->476105K(779776K), 0.0112992 secs] [Times: user=0.06 sys=0.00, real=0.01 secs]
2325.749: [GC [PSYoungGen: 52224K->256K(58880K)] 528073K->476105K(779776K), 0.0112992 secs] [Times: user=0.06 sys=0.00, real=0.01 secs]
2325.749: [GC [PSYoungGen: 52224K->256K(58880K)] 528073K->476105K(779776K), 0.0112992 secs] [Times: user=0.06 sys=0.00, real=0.01 secs]
2325.749: [GC [PSYoungGen: 52224K->256K(58880K)] 528073K->476105K(779776K), 0.0112992 secs] [Times: user=0.06 sys=0.00, real=0.01 secs]
2325.749: [GC [PSYoungGen: 52224K->256K(58880K)] 528073K->476105K(779776K), 0.0112992 secs] [Times: user=0.06 sys=0.00, real=0.01 secs]
2325.749: [GC [PSYoungGen: 52224K->256K(58880K)] 528073K->476105K(779776K), 0.0112992 secs] [Times: user=0.06 sys=0.00, real=0.01 secs]
2325.749: [GC [PSYoungGen: 52224K->256K(58880K)] 528073K->476105K(779776K), 0.0112992 secs] [Times: user=0.06 sys=0.00, real=0.01 secs]
2325.749: [GC [PSYoungGen: 52224K->256K(58880K)] 528073K->476105K(779776K), 0.0112992 secs] [Times: user=0.06 sys=0.00, real=0.01 secs]
2325.749: [GC [PSYoungGen: 52224K->256K(58880K)] 528073K->476105K(779776K), 0.0112992 secs] [Times: user=0.06 sys=0.00, real=0.01 secs]
2325.749: [GC [PSYoungGen: 52224K->256K(58880K)] 528073K->476105K(779776K), 0.0112992 secs] [Times: user=0.06 sys=0.00, real=0.01 secs]
2325.749: [GC [PSYoungGen: 52224K->256K(58880K)] 528073K->476105K(779776K), 0.0112992 secs] [Times: user=0.06 sys=0.00, real=0.01 secs]
2325.749: [GC [PSYoungGen: 52224K->256K(58880K)] 528073K->476105K(779776K), 0.0112992 secs] [Times: user=0.06 sys=0.00, real=0.01 secs]
2325.749: [GC [PSYoungGen: 52224K->256K(58880K)] 528073K->476105K(779776K), 0.0112992 secs] [Times: user=0.06 sys=0.00, real=0.01 secs]
2325.749: [GC [PSYoungGen: 52224K->256K(58880K)] 528073K->476105K(779776K), 0.0112992 secs] [Times: user=0.06 sys=0.00, real=0.01 secs]
2325.749: [GC [PSYoungGen: 52224K->256K(58880K)] 528073K->476105K(779776K), 0.0112992 secs] [Times: user=0.06 sys=0.00, real=0.01 secs]
2325.749: [GC [PSYoungGen: 52224K->256K(58880K)] 528073K->476105K(779776K), 0.0112992 secs] [Times: user=0.06 sys=0.00, real=0.01 secs]
2325.749: [GC [PSYoungGen: 52224K->256K(58880K)] 528073K->476105K(779776K), 0.0112992 secs] [Times: user=0.06 sys=0.00, real=0.01 secs]
2325.749: [GC [PSYoungGen: 52224K->256K(58880K)] 528073K->476105K(779776K), 0.0112992 secs] [Times: user=0.06 sys=0.00, real=0.01 secs]
2325.749: [GC [PSYoungGen: 52224K->256K(58880K)] 528073K->476105K(779776K), 0.0112992 secs] [Times: user=0.06 sys=0.00, real=0.01 secs]
2325.749: [GC [PSYoungGen: 52224K->256K(58880K)] 528073K->476105K(779776K), 0.0112992 secs] [Times: user=0.06 sys=0.00, real=0.01 secs]
2325.749: [GC [PSYoungGen: 52224K->256K(58880K)] 528073K->476105K(779776K), 0.0112992 secs] [Times: user=0.06 sys=0.00, real=0.01 secs]
2325.749: [GC [PSYoungGen: 52224K->256K(58880K)] 528073K->476105K(779776K), 0.0112992 secs] [Times: user=0.06 sys=0.00, real=0.01 secs]
2325.749: [GC [PSYoungGen: 52224K->256K(58880K)] 528073K->476105K(779776K), 0.0112992 secs] [Times: user=0.06 sys=0.00, real=0.01 secs]
2325.749: [GC [PSYoungGen: 52224K->256K(58880K)] 528073K->476105K(779776K), 0.0112992 secs] [Times: user=0.06 sys=0.00, real=0.01 secs]
2325.749: [GC [PSYoungGen: 52224K->256K(58880K)] 528073K->476105K(779776K), 0.0112992 secs] [Times: user=0.06 sys=0.00, real=0.01 secs]
2325.749: [GC [PSYoungGen: 52224K->256K(58880K)] 528073K->476105K(779776K), 0.0112992 secs] [Times: user=0.06 sys=0.00, real=0.01 secs]
2325.749: [GC [PSYoungGen: 52224K->256K(58880K)] 528073K->476105K(779776K), 0.0112992 secs] [Times: user=0.06 sys=0.00, real=0.01 secs]
2325.749: [GC [PSYoungGen: 52224K->256K(58880K)] 528073K->476105K(779776K), 0.0112992 secs] [Times: user=0.06 sys=0.00, real=0.01 secs]
2325.749: [GC [PSYoungGen: 52224K->256K(58880K)] 528073K->476105K(779776K), 0.0112992 secs] [Times: user=0.06 sys=0.00, real=0.01 secs]
2325.749: [GC [PSYoungGen: 52224K->256K(58880K)] 528073K->476105K(779776K), 0.0112992 secs] [Times: user=0.06 sys=0.00, real=0.01 secs]
2325.749: [GC [PSYoungGen: 52224K->256K(58880K)] 528073K->476105K(779776K), 0.0112992 secs] [Times: user=0.06 sys=0.00, real=0.01 secs]
2325.749: [GC [PSYoungGen: 52224K->256K(58880K)] 528073K->476105K(779776K), 0.0112992 secs] [Times: user=0.06 sys=0.00, real=0.01 secs]
2325.749: [GC [PSYoungGen: 52224K->256K(58880K)] 528073K->476105K(779776K), 0.0112992 secs] [Times: user=0.06 sys=0.00, real=0.01 secs]
2325.749: [GC [PSYoungGen: 52224K->256K(58880K)] 528073K->476105K(779776K), 0.0112992 secs] [Times: user=0.06 sys=0.00, real=0.01 secs]
2325.749: [GC [PSYoungGen: 52224K->256K(58880K)] 528073K->476105K(779776K), 0.0112992 secs] [Times: user=0.06 sys=0.00, real=0.01 secs]
2325.749: [GC [PSYoungGen: 52224K->256K(58880K)] 528073K->476105K(779776K), 0.0112992 secs] [Times: user=0.06 sys=0.00, real=0.01 secs]
2325.749: [GC [PSYoungGen: 52224K->256K(58880K)] 528073K->476105K(779776K), 0.0112992 secs] [Times: user=0.06 sys=0.00, real=0.01 secs]
2325.749: [GC [PSYoungGen: 52224K->256K(58880K)] 528073K->476105K(779776K), 0.0112992 secs] [Times: user=0.06 sys=0.00, real=0.01 secs]
2325.749: [GC [PSYoungGen: 52224K->256K(58880K)] 528073K->476105K(779776K), 0.0112992 secs] [Times: user=0.06 sys=0.00, real=0.01 secs]
2325.749: [GC [PSYoungGen: 52224K->256K(58880K)] 528073K->476105K(779776K), 0.0112992 secs] [Times: user=0.06 sys=0.00, real=0.01 secs]
2325.749: [GC [PSYoungGen: 52224K->256K(58880K)] 528073K->476105K(779776K), 0.0112992 secs] [Times: user=0.06 sys=0.00, real=0.01 secs]
2325.749: [GC [PSYoungGen: 52224K->256K(58880K)] 528073K->476105K(779776K), 0.0112992 secs] [Times: user=0.06 sys=0.00, real=0.01 secs]
2325.749: [GC [PSYoungGen: 52224K->256K(58880K)] 528073K->476105K(779776K), 0.0112992 secs] [Times: user=0.06 sys=0.00, real=0.01 secs]
2325.749: [GC [PSYoungGen: 52224K->256K(58880K)] 528073K->476105K(779776K), 0.0112992 secs] [Times: user=0.06 sys=0.00, real=0.01 secs]
2325.749: [GC [PSYoungGen: 52224K->256K(58880K)] 528073K->476105K(779776K), 0.0112992 secs] [Times: user=0.06 sys=0.00, real=0.01 secs]
2325.749: [GC [PSYoungGen: 52224K->256K(58880K)] 528073K->476105K(779776K), 0.0112992 secs] [Times: user=0.06 sys=0.00, real=0.01 secs]
2325.749: [GC [PSYoungGen: 52224K->256K(58880K)] 528073K->476105K(779776K), 0.0112992 secs] [Times: user=0.06 sys=0.00, real=0.01 secs]
2325.749: [GC [PSYoungGen: 52224K->256K(58880K)] 528073K->476105K(779776K), 0.0112992 secs] [Times: user=0.06 sys=0.00, real=0.01 secs]
2325.749: [GC [PSYoungGen: 52224K->256K(58880K)] 528073K->476105K(779776K), 0.0112992 secs] [Times: user=0.06 sys=0.00, real=0.01 secs]
2325.749: [GC [PSYoungGen: 52224K->256K(58880K)] 528073K->476105K(779776K), 0.0112992 secs] [Times: user=0.06 sys=0.00, real=0.01 secs]
2325.749: [GC [PSYoungGen: 52224K->256K(58880K)] 528073K->476105K(779776K), 0.0112992 secs] [Times: user=0.06 sys=0.00, real=0.01 secs]
2325.749: [GC [PSYoungGen: 52224K->256K(58880K)] 528073K->476105K(779776K), 0.0112992 secs] [Times: user=0.06 sys=0.00, real=0.01 secs]
2325.749: [GC [PSYoungGen: 52224K->256K(58880K)] 528073K->476105K(779776K), 0.0112992 secs] [Times: user=0.06 sys=0.00, real=0.01 secs]
2325.749: [GC [PSYoungGen: 52224K->256K(58880K)] 528073K->476105K(779776K), 0.0112992 secs] [Times: user=0.06 sys=0.00, real=0.01 secs]
2325.749: [GC [PSYoungGen: 52224K->256K(58880K)] 528073K->476105K(779776K), 0.0112992 secs] [Times: user=0.06 sys=0.00, real=0.01 secs]
2325.749: [GC [PSYoungGen: 52224K->256K(58880K)] 528073K->476105K(779776K), 0.0112992 secs] [Times: user=0.06 sys=0.00, real=0.01 secs]
2325.749: [GC [PSYoungGen: 52224K->256K(58880K)] 528073K->476105K(779776K), 0.0112992 secs] [Times: user=0.06 sys=0.00, real=0.01 secs]
2325.749: [GC [PSYoungGen: 52224K->256K(58880K)] 528073K->476105K(779776K), 0.0112992 secs] [Times: user=0.06 sys=0.00, real=0.01 secs]
2325.749: [GC [PSYoungGen: 52224K->256K(58880K)] 528073K->476105K(779776K), 0.0112992 secs] [Times: user=0.06 sys=0.00, real=0.01 secs]
2325.749: [GC [PSYoungGen: 52224K->256K(58880K)] 528073K->476105K(779776K), 0.0112992 secs] [Times: user=0.06 sys=0.00, real=0.01 secs]
2325.749: [GC [PSYoungGen: 52224K->256K(58880K)] 528073K->476105K(779776K), 0.0112992 secs] [Times: user=0.06 sys=0.00, real=0.01 secs]
2325.749: [GC [PSYoungGen: 52224K->256K(58880K)] 528073K->476105K(779776K), 0.0112992 secs] [Times: user=0.06 sys=0.00, real=0.01 secs]
2325.749: [GC [PSYoungGen: 52224K->256K(58880K)] 528073K->476105K(779776K), 0.0112992 secs] [Times: user=0.06 sys=0.00, real=0.01 secs]
2325.749: [GC [PSYoungGen: 52224K->256K(58880K)] 528073K->476105K(779776K), 0.0112992 secs] [Times: user=0.06 sys=0.00, real=0.01 secs]
2325.749: [GC [PSYoungGen: 52224K->256K(58880K)] 528073K->476105K(779776K), 0.0112992 secs] [Times: user=0.06 sys=0.00, real=0.01 secs]
2325.749: [GC [PSYoungGen: 52224K->256K(58880K)] 528073K->476105K(779776K), 0.0112992 secs] [Times: user=0.06 sys=0.00, real=0.01 secs]
2325.749: [GC [PSYoungGen: 52224K->256K(58880K)] 528073K->476105K(779776K), 0.0112992 secs] [Times: user=0.06 sys=0.00, real=0.01 secs]
2325.749: [GC [PSYoungGen: 52224K->256K(58880K)] 528073K->476105K(779776K), 0.0112992 secs] [Times: user=0.06 sys=0.00, real=0.01 secs]
2325.749: [GC [PSYoungGen: 52224K->256K(58880K)] 528073K->476105K(779776K), 0.0112992 secs] [Times: user=0.06 sys=0.00, real=0.01 secs]
2325.749: [GC [PSYoungGen: 52224K->256K(58880K)] 528073K->476105K(779776K), 0.0112992 secs] [Times: user=0.06 sys=0.00, real=0.01 secs]
2325.749: [GC [PSYoungGen: 52224K->256K(58880K)] 528073K->476105K(779776K), 0.0112992 secs] [Times: user=0.06 sys=0.00, real=0.01 secs]
2325.749: [GC [PSYoungGen: 52224K->256K(58880K)] 528073K->476105K(779776K), 0.0112992 secs] [Times: user=0.06 sys=0.00, real=0.01 secs]
2325.749: [GC [PSYoungGen: 52224K->256K(58880K)] 528073K->476105K(779776K), 0.0112992 secs] [Times: user=0.06 sys=0.00, real=0.01 secs]
2325.749: [GC [PSYoungGen: 52224K->256K(58880K)] 528073K->476105K(779776K), 0.0112992 secs] [Times: user=0.06 sys=0.00, real=0.01 secs]
2325.749: [GC [PSYoungGen: 52224K->256K(58880K)] 528073K->476105K(779776K), 0.0112992 secs] [Times: user=0.06 sys=0.00, real=0.01 secs]
2325.749: [GC [PSYoungGen: 52224K->256K(58880K)] 528073K->476105K(779776K), 0.0112992 secs] [Times: user=0.06 sys=0.00, real=0.01 secs]
2325.749: [GC [PSYoungGen: 52224K->256K(58880K)] 528073K->476105K(779776K), 0.0112992 secs] [Times: user=0.06 sys=0.00, real=0.01 secs]
2325.749: [GC [PSYoungGen: 52224K->256K(58880K)] 528073K->476105K(779776K), 0.0112992 secs] [Times: user=0.06 sys=0.00, real=0.01 secs]
2325.749: [GC [PSYoungGen: 52224K->256K(58880K)] 528073K->476105K(779776K), 0.0112992 secs] [Times: user=0.06 sys=0.00, real=0.01 secs]
2325.749: [GC [PSYoungGen: 52224K->256K(58880K)] 528073K->476105K(779776K), 0.0112992 secs] [Times: user=0.06 sys=0.00, real=0.01 secs]
2325.749: [GC [PSYoungGen: 52224K->256K(58880K)] 528073K->476105K(779776K), 0.0112992 secs] [Times: user=0.06 sys=0.00, real=0.01 secs]
2325.749: [GC [PSYoungGen: 52224K->256K(58880K)] 528073K->476105K(779776K), 0.0112992 secs] [Times: user=0.06 sys=0.00, real=0.01 secs]
2325.749: [GC [PSYoungGen: 52224K->256K(58880K)] 528073K->476105K(779776K), 0.0112992 secs] [Times: user=0.06 sys=0.00, real=0.01 secs]
2325.749: [GC [PSYoungGen: 52224K->256K(58880K)] 528073K->476105K(779776K), 0.0112992 secs] [Times: user=0.06 sys=0.00, real=0.01 secs]
2325.749: [GC [PSYoungGen: 52224K->256K(58880K)] 528073K->476105K(779776K), 0.0112992 secs] [Times: user=0.06 sys=0.00, real=0.01 secs]
2325.749: [GC [PSYoungGen: 52224K->256K(58880K)] 528073K->476105K(779776K), 0.0112992 secs] [Times: user=0.06 sys=0.00, real=0.01 secs]
2325.749: [GC [PSYoungGen: 52224K->256K(58880K)] 528073K->476105K(779776K), 0.0112992 secs] [Times: user=0.06 sys=0.00, real=0.01 secs]
2325.749: [GC [PSYoungGen: 52224K->256K(58880K)] 528073K->476105K(779776K), 0.0112992 secs] [Times: user=0.06 sys=0.00, real=0.01 secs]
2325.749: [GC [PSYoungGen: 52224K->256K(58880K)] 528073K->476105K(779776K), 0.0112992 secs] [Times: user=0.06 sys=0.00, real=0.01 secs]
2325.749: [GC [PSYoungGen: 52224K->256K(58880K)] 528073K->476105K(779776K), 0.0112992 secs] [Times: user=0.06 sys=0.00, real=0.01 secs]
2325.749: [GC [PSYoungGen: 52224K->256K(58880K)] 528073K->476105K(779776K), 0.0112992 secs] [Times: user=0.06 sys=0.00, real=0.01 secs]
2325.749: [GC [PSYoungGen: 52224K->256K(58880K)] 528073K->476105K(779776K), 0.0112992 secs] [Times: user=0.06 sys=0.00, real=0.01 secs]
2325.749: [GC [PSYoungGen: 52224K->256K(58880K)] 528073K->476105K(779776K), 0.0112992 secs] [Times: user=0.06 sys=0.00, real=0.01 secs]
2325.749: [GC [PSYoungGen: 52224K->256K(58880K)] 528073K->476105K(779776K), 0.0112992 secs] [Times: user=0.06 sys=0.00, real=0.01 secs]
2325.749: [GC [PSYoungGen: 52224K->256K(58880K)] 528073K->476105K(779776K), 0.0112992 secs] [Times: user=0.06 sys=0.00, real=0.01 secs]
2325.749: [GC [PSYoungGen: 52224K->256K(58880K)] 528073K->476105K(779776K), 0.0112992 secs] [Times: user=0.06 sys=0.00, real=0.01 secs]
2325.749: [GC [PSYoungGen: 52224K->256K(58880K)] 528073K->476105K(779776K), 0.0112992 secs] [Times: user=0.06 sys=0.00, real=0.01 secs]
2325.749: [GC [PSYoungGen: 52224K->256K(58880K)] 528073K->476105K(779776K), 0.0112992 secs] [Times: user=0.06 sys=0.00, real=0.01 secs]
2325.749: [GC [PSYoungGen: 52224K->256K(58880K)] 528073K->476105K(779776K), 0.0112992 secs] [Times: user=0.06 sys=0.00, real=0.01 secs]
2325.749: [GC [PSYoungGen: 52224K->256K(58880K)] 528073K->476105K(779776K), 0.0112992 secs] [Times: user=0.06 sys=0.00, real=0.01 secs]
2325.749: [GC [PSYoungGen: 52224K->256K(58880K)] 528073K->476105K(779776K), 0.0112992 secs] [Times: user=0.06 sys=0.00, real=0.01 secs]
2325.749: [GC [PSYoungGen: 52224K->256K(58880K)] 528073K->476105K(779776K), 0.0112992 secs] [Times: user=0.06 sys=0.00, real=0.01 secs]
2325.749: [GC [PSYoungGen: 52224K->256K(58880K)] 528073K->476105K(779776K), 0.0112992 secs] [Times: user=0.06 sys=0.00, real=0.01 secs]
2325.749: [GC [PSYoungGen: 52224K->256K(58880K)] 528073K->476105K(779776K), 0.0112992 secs] [Times: user=0.06 sys=0.00, real=0.01 secs]
2325.749: [GC [PSYoungGen: 52224K->256K(58880K)] 528073K->476105K(779776K), 0.0112992 secs] [Times: user=0.06 sys=0.00, real=0.01 secs]
2325.749: [GC [PSYoungGen: 52224K->256K(58880K)] 528073K->476105K(779776K), 0.0112992 secs] [Times: user=0.06 sys=0.00, real=0.01 secs]
2325.749: [GC [PSYoungGen: 52224K->256K(58880K)] 528073K->476105K(779776K), 0.0112992 secs] [Times: user=0.06 sys=0.00, real=0.01 secs]
2325.749: [GC [PSYoungGen: 52224K->256K(58880K)] 528073K->476105K(779776K), 0.0112992 secs] [Times: user=0.06 sys=0.00, real=0.01 secs]
2325.749: [GC [PSYoungGen: 52224K->256K(58880K)] 528073K->476105K(779776K), 0.0112992 secs] [Times: user=0.06 sys=0.00, real=0.01 secs]
2325.749: [GC [PSYoungGen: 52224K->256K(58880K)] 528073K->476105K(779776K), 0.0112992 secs] [Times: user=0.06 sys=0.00, real=0.01 secs]
2325.749: [GC [PSYoungGen: 52224K->256K(58880K)] 528073K->476105K(779776K), 0.0112992 secs] [Times: user=0.06 sys=0.00, real=0.01 secs]
2325.749: [GC [PSYoungGen: 52224K->256K(58880K)] 528073K->476105K(779776K), 0.0112992 secs] [Times: user=0.06 sys=0.00, real=0.01 secs]
2325.749: [GC [PSYoungGen: 52224K->256K(58880K)] 528073K->476105K(779776K), 0.0112992 secs] [Times: user=0.06 sys=0.00, real=0.01 secs]
2325.749: [GC [PSYoungGen: 52224K->256K(58880K)] 528073K->476105K(779776K), 0.0112992 secs] [Times: user=0.06 sys=0.00, real=0.01 secs]
2325.749: [GC [PSYoungGen: 52224K->256K(58880K)] 528073K->476105K(779776K), 0.0112992 secs] [Times: user=0.06 sys=0.00, real=0.01 secs]
2325.749: [GC [PSYoungGen: 52224K->256K(58880K)] 528073K->476105K(779776K), 0.0112992 secs] [Times: user=0.06 sys=0.00, real=0.01 secs]
2325.749: [GC [PSYoungGen: 52224K->256K(58880K)] 528073K->476105K(779776K), 0.0112992 secs] [Times: user=0.06 sys=0.00, real=0.01 secs]
2325.749: [GC [PSYoungGen: 52224K->256K(58880K)] 528073K->476105K(779776K), 0.0112992 secs] [Times: user=0.06 sys=0.00, real=0.01 secs]
2325.749: [GC [PSYoungGen: 52224K->256K(58880K)] 528073K->476105K(779776K), 0.0112992 secs] [Times: user=0.06 sys=0.00, real=0.01 secs]
2325.749: [GC [PSYoungGen: 52224K->256K(58880K)] 528073K->476105K(779776K), 0.0112992 secs] [Times: user=0.06 sys=0.00, real=0.01 secs]
2325.749: [GC [PSYoungGen: 52224K->256K(58880K)] 528073K->476105K(779776K), 0.0112992 secs] [Times: user=0.06 sys=0.00, real=0.01 secs]
2325.749: [GC [PSYoungGen: 52224K->256K(58880K)] 528073K->476105K(779776K), 0.0112992 secs] [Times: user=0.06 sys=0.00, real=0.01 secs]
2325.749: [GC [PSYoungGen: 52224K->256K(58880K)] 528073K->476105K(779776K), 0.0112992 secs] [Times: user=0.06 sys=0.00, real=0.01 secs]
2325.749: [GC [PSYoungGen: 52224K->256K(58880K)] 528073K->476105K(779776K), 0.0112992 secs] [Times: user=0.06 sys=0.00, real=0.01 secs]
2325.749: [GC [PSYoungGen: 52224K->256K(58880K)] 528073K->476105K(779776K), 0.0112992 secs] [Times: user=0.06 sys=0.00, real=0.01 secs]
2325.749: [GC [PSYoungGen: 52224K->256K(58880K)] 528073K->476105K(779776K), 0.0112992 secs] [Times: user=0.06 sys=0.00, real=0.01 secs]
2325.749: [GC [PSYoungGen: 52224K->256K(58880K)] 528073K->476105K(779776K), 0.0112992 secs] [Times: user=0.06 sys=0.00, real=0.01 secs]
2325.749: [GC [PSYoungGen: 52224K->256K(58880K)] 528073K->476105K(779776K), 0.0112992 secs] [Times: user=0.06 sys=0.00, real=0.01 secs]
2325.749: [GC [PSYoungGen: 52224K->256K(58880K)] 528073K->476105K(779776K), 0.0112992 secs] [Times: user=0.06 sys=0.00, real=0.01 secs]
2325.749: [GC [PSYoungGen: 52224K->256K(58880K)] 528073K->476105K(779776K), 0.0112992 secs] [Times: user=0.06 sys=0.00, real=0.01 secs]
2325.749: [GC [PSYoungGen: 52224K->256K(58880K)] 528073K->476105K(779776K), 0.0112992 secs] [Times: user=0.06 sys=0.00, real=0.01 secs]
2325.749: [GC [PSYoungGen: 52224K->256K(58880K)] 528073K->476105K(779776K), 0.0112992 secs] [Times: user=0.06 sys=0.00, real=0.01 secs]
2325.749: [GC [PSYoungGen: 52224K->256K(58880K)] 528073K->476105K(779776K), 0.0112992 secs] [Times: user=0.06 sys=0.00, real=0.01 secs]
2325.749: [GC [PSYoungGen: 52224K->256K(58880K)] 528073K->476105K(779776K), 0.0112992 secs] [Times: user=0.06 sys=0.00, real=0.01 secs]
2325.749: [GC [PSYoungGen: 52224K->256K(58880K)] 528073K->476105K(779776K), 0.0112992 secs] [Times: user=0.06 sys=0.00, real=0.01 secs]
2325.749: [GC [PSYoungGen: 52224K->256K(58880K)] 528073K->476105K(779776K), 0.0112992 secs] [Times: user=0.06 sys=0.00, real=0.01 secs]
2325.749: [GC [PSYoungGen: 52224K->256K(58880K)] 528073K->476105K(779776K), 0.0112992 secs] [Times: user=0.06 sys=0.00, real=0.01 secs]
2325.749: [GC [PSYoungGen: 52224K->256K(58880K)] 528073K->476105K(779776K), 0.0112992 secs] [Times: user=0.06 sys=0.00, real=0.01 secs]
2325.749: [GC [PSYoungGen: 52224K->256K(58880K)] 528073K->476105K(779776K), 0.0112992 secs] [Times: user=0.06 sys=0.00, real=0.01 secs]
2325.749: [GC [PSYoungGen: 52224K->256K(58880K)] 528073K->476105K(779776K), 0.0112992 secs] [Times: user=0.06 sys=0.00, real=0.01 secs]
2325.749: [GC [PSYoungGen: 52224K->256K(58880K)] 528073K->476105K(779776K), 0.0112992 secs] [Times: user=0.06 sys=0.00, real=0.01 secs]
2325.749: [GC [PSYoungGen: 52224K->256K(58880K)] 528073K->476105K(779776K), 0.0112992 secs] [Times: user=0.06 sys=0.00, real=0.01 secs]
2325.749: [GC [PSYoungGen: 52224K->256K(58880K)] 528073K->476105K(779776K), 0.0112992 secs] [Times: user=0.06 sys=0.00, real=0.01 secs]
2325.749: [GC [PSYoungGen: 52224K->256K(58880K)] 528073K->476105K(779776K), 0.0112992 secs] [Times: user=0.06 sys=0.00, real=0.01 secs]
2325.749: [GC [PSYoungGen: 52224K->256K(58880K)] 528073K->476105K(779776K), 0.0112992 secs] [Times: user=0.06 sys=0.00, real=0.01 secs]
2325.749: [GC [PSYoungGen: 52224K->256K(58880K)] 528073K->476105K(779776K), 0.0112992 secs] [Times: user=0.06 sys=0.00, real=0.01 secs]
2325.749: [GC [PSYoungGen: 52224K->256K(58880K)] 528073K->476105K(779776K), 0.0112992 secs] [Times: user=0.06 sys=0.00, real=0.01 secs]
2325.749: [GC [PSYoungGen: 52224K->256K(58880K)] 528073K->476105K(779776K), 0.0112992 secs] [Times: user=0.06 sys=0.00, real=0.01 secs]
2325.749: [GC [PSYoungGen: 52224K->256K(58880K)] 528073K->476105K(779776K), 0.0112992 secs] [Times: user=0.06 sys=0.00, real=0.01 secs]
2325.749: [GC [PSYoungGen: 52224K->256K(58880K)] 528073K->476105K(779776K), 0.0112992 secs] [Times: user=0.06 sys=0.00, real=0.01 secs]
2325.749: [GC [PSYoungGen: 52224K->256K(58880K)] 528073K->476105K(779776K), 0.0112992 secs] [Times: user=0.06 sys=0.00, real=0.01 secs]
2325.749: [GC [PSYoungGen: 52224K->256K(58880K)] 528073K->476105K(779776K), 0.0112992 secs] [Times: user=0.06 sys=0.00, real=0.01 secs]
2325.749: [GC [PSYoungGen: 52224K->256K(58880K)] 528073K->476105K(779776K), 0.0112992 secs] [Times: user=0.06 sys=0.00, real=0.01 secs]
2325.749: [GC [PSYoungGen: 52224K->256K(58880K)] 528073K->476105K(779776K), 0.0112992 secs] [Times: user=0.06 sys=0.00, real=0.01 secs]
2325.749: [GC [PSYoungGen: 52224K->256K(58880K)] 528073K->476105K(779776K), 0.0112992 secs] [Times: user=0.06 sys=0.00, real=0.01 secs]
2325.749: [GC [PSYoungGen: 52224K->256K(58880K)] 528073K->476105K(779776K), 0.0112992 secs] [Times: user=0.06 sys=0.00, real=0.01 secs]
2325.749: [GC [PSYoungGen: 52224K->256K(58880K)] 528073K->476105K(779776K), 0.0112992 secs] [Times: user=0.06 sys=0.00, real=0.01 secs]
2325.749: [GC [PSYoungGen: 52224K->256K(58880K)] 528073K->476105K(779776K), 0.0112992 secs] [Times: user=0.06 sys=0.00, real=0.01 secs]
2325.749: [GC [PSYoungGen: 52224K->256K(58880K)] 528073K->476105K(779776K), 0.0112992 secs] [Times: user=0.06 sys=0.00, real=0.01 secs]
2325.749: [GC [PSYoungGen: 52224K->256K(58880K)] 528073K->476105K(779776K), 0.0112992 secs] [Times: user=0.06 sys=0.00, real=0.01 secs]
2325.749: [GC [PSYoungGen: 52224K->256K(58880K)] 528073K->476105K(779776K), 0.0112992 secs] [Times: user=0.06 sys=0.00, real=0.01 secs]
2325.749: [GC [PSYoungGen: 52224K->256K(58880K)] 528073K->476105K(779776K), 0.0112992 secs] [Times: user=0.06 sys=0.00, real=0.01 secs]
2325.749: [GC [PSYoungGen: 52224K->256K(58880K)] 528073K->476105K(779776K), 0.0112992 secs] [Times: user=0.06 sys=0.00, real=0.01 secs]
2325.749: [GC [PSYoungGen: 52224K->256K(58880K)] 528073K->476105K(779776K), 0.0112992 secs] [Times: user=0.06 sys=0.00, real=0.01 secs]
2325.749: [GC [PSYoungGen: 52224K->256K(58880K)] 528073K->476105K(779776K), 0.0112992 secs] [Times: user=0.06 sys=0.00, real=0.01 secs]
2325.749: [GC [PSYoungGen: 52224K->256K(58880K)] 528073K->476105K(779776K), 0.0112992 secs] [Times: user=0.06 sys=0.00, real=0.01 secs]
2325.749: [GC [PSYoungGen: 52224K->256K(58880K)] 528073K->476105K(779776K), 0.0112992 secs] [Times: user=0.06 sys=0.00, real=0.01 secs]
2325.749: [GC [PSYoungGen: 52224K->256K(58880K)] 528073K->476105K(779776K), 0.0112992 secs] [Times: user=0.06 sys=0.00, real=0.01 secs]
2325.749: [GC [PSYoungGen: 52224K->256K(58880K)] 528073K->476105K(779776K), 0.0112992 secs] [Times: user=0.06 sys=0.00, real=0.01 secs]
2325.749: [GC [PSYoungGen: 52224K->256K(58880K)] 528073K->476105K(779776K), 0.0112992 secs] [Times: user=0.06 sys=0.00, real=0.01 secs]
2325.749: [GC [PSYoungGen: 52224K->256K(58880K)] 528073K->476105K(779776K), 0.0112992 secs] [Times: user=0.06 sys=0.00, real=0.01 secs]
2325.749: [GC [PSYoungGen: 52224K->256K(58880K)] 528073K->476105K(779776K), 0.0112992 secs] [Times: user=0.06 sys=0.00, real=0.01 secs]
2325.749: [GC [PSYoungGen: 52224K->256K(58880K)] 528073K->476105K(779776K), 0.0112992 secs] [Times: user=0.06 sys=0.00, real=0.01 secs]
2325.749: [GC [PSYoungGen: 52224K->256K(58880K)] 528073K->476105K(779776K), 0.0112992 secs] [Times: user=0.06 sys=0.00, real=0.01 secs]
2325.749: [GC [PSYoungGen: 52224K->256K(58880K)] 528073K->476105K(779776K), 0.0112992 secs] [Times: user=0.06 sys=0.00, real=0.01 secs]
2325.749: [GC [PSYoungGen: 52224K->256K(58880K)] 528073K->476105K(779776K), 0.0112992 secs] [Times: user=0.06 sys=0.00, real=0.01 secs]
2325.749: [GC [PSYoungGen: 52224K->256K(58880K)] 528073K->476105K(779776K), 0.0112992 secs] [Times: user=0.06 sys=0.00, real=0.01 secs]
2325.749: [GC [PSYoungGen: 52224K->256K(58880K)] 528073K->476105K(779776K), 0.0112992 secs] [Times: user=0.06 sys=0.00, real=0.01 secs]
2325.749: [GC [PSYoungGen: 52224K->256K(58880K)] 528073K->476105K(779776K), 0.0112992 secs] [Times: user=0.06 sys=0.00, real=0.01 secs]
2325.749: [GC [PSYoungGen: 52224K->256K(58880K)] 528073K->476105K(779776K), 0.0112992 secs] [Times: user=0.06 sys=0.00, real=0.01 secs]
2325.749: [GC [PSYoungGen: 52224K->256K(58880K)] 528073K->476105K(779776K), 0.0112992 secs] [Times: user=0.06 sys=0.00, real=0.01 secs]
2325.749: [GC [PSYoungGen: 52224K->256K(58880K)] 528073K->476105K(779776K), 0.0112992 secs] [Times: user=0.06 sys=0.00, real=0.01 secs]
2325.749: [GC [PSYoungGen: 52224K->256K(58880K)] 528073K->476105K(779776K), 0.0112992 secs] [Times: user=0.06 sys=0.00, real=0.01 secs]
2325.749: [GC [PSYoungGen: 52224K->256K(58880K)] 528073K->476105K(779776K), 0.0112992 secs] [Times: user=0.06 sys=0.00, real=0.01 secs]
2325.749: [GC [PSYoungGen: 52224K->256K(58880K)] 528073K->476105K(779776K), 0.0112992 secs] [Times: user=0.06 sys=0.00, real=0.01 secs]
2325.749: [GC [PSYoungGen: 52224K->256K(58880K)] 528073K->476105K(779776K), 0.0112992 secs] [Times: user=0.06 sys=0.00, real=0.01 secs]
2325.749: [GC [PSYoungGen: 52224K->256K(58880K)] 528073K->476105K(779776K), 0.0112992 secs] [Times: user=0.06 sys=0.00, real=0.01 secs]
2325.749: [GC [PSYoungGen: 52224K->256K(58880K)] 528073K->476105K(779776K), 0.0112992 secs] [Times: user=0.06 sys=0.00, real=0.01 secs]
2325.749: [GC [PSYoungGen: 52224K->256K(58880K)] 528073K->476105K(779776K), 0.0112992 secs] [Times: user=0.06 sys=0.00, real=0.01 secs]
2325.749: [GC [PSYoungGen: 52224K->256K(58880K)] 528073K->476105K(779776K), 0.0112992 secs] [Times: user=0.06 sys=0.00, real=0.01 secs]
2325.749: [GC [PSYoungGen: 52224K->256K(58880K)] 528073K->476105K(779776K), 0.0112992 secs] [Times: user=0.06 sys=0.00, real=0.01 secs]
2325.749: [GC [PSYoungGen: 52224K->256K(58880K)] 528073K->476105K(779776K), 0.0112992 secs] [Times: user=0.06 sys=0.00, real=0.01 secs]
2325.749: [GC [PSYoungGen: 52224K->256K(58880K)] 528073K->476105K(779776K), 0.0112992 secs] [Times: user=0.06 sys=0.00, real=0.01 secs]
2325.749: [GC [PSYoungGen: 52224K->256K(58880K)] 528073K->476105K(779776K), 0.0112992 secs] [Times: user=0.06 sys=0.00, real=0.01 secs]
2325.749: [GC [PSYoungGen: 52224K->256K(58880K)] 528073K->476105K(779776K), 0.0112992 secs] [Times: user=0.06 sys=0.00, real=0.01 secs]
2325.749: [GC [PSYoungGen: 52224K->256K(58880K)] 528073K->476105K(779776K), 0.0112992 secs] [Times: user=0.06 sys=0.00, real=0.01 secs]
2325.749: [GC [PSYoungGen: 52224K->256K(58880K)] 528073K->476105K(779776K), 0.0112992 secs] [Times: user=0.06 sys=0.00, real=0.01 secs]
2325.749: [GC [PSYoungGen: 52224K->256K(58880K)] 528073K->476105K(779776K), 0.0112992 secs] [Times: user=0.06 sys=0.00, real=0.01 secs]
2325.749: [GC [PSYoungGen: 52224K->256K(58880K)] 528073K->476105K(779776K), 0.0112992 secs] [Times: user=0.06 sys=0.00, real=0.01 secs]
2325.749: [GC [PSYoungGen: 52224K->256K(58880K)] 528073K->476105K(779776K), 0.0112992 secs] [Times: user=0.06 sys=0.00, real=0.01 secs]
2325.749: [GC [PSYoungGen: 52224K->256K(58880K)] 528073K->476105K(779776K), 0.0112992 secs] [Times: user=0.06 sys=0.00, real=0.01 secs]
2325.749: [GC [PSYoungGen: 52224K->256K(58880K)] 528073K->476105K(779776K), 0.0112992 secs] [Times: user=0.06 sys=0.00, real=0.01 secs]
2325.749: [GC [PSYoungGen: 52224K->256K(58880K)] 528073K->476105K(779776K), 0.0112992 secs] [Times: user=0.06 sys=0.00, real=0.01 secs]
2325.749: [GC [PSYoungGen: 52224K->256K(58880K)] 528073K->476105K(779776K), 0.0112992 secs] [Times: user=0.06 sys=0.00, real=0.01 secs]
2325.749: [GC [PSYoungGen: 52224K->256K(58880K)] 528073K->476105K(779776K), 0.0112992 secs] [Times: user=0.06 sys=0.00, real=0.01 secs]
2325.749: [GC [PSYoungGen: 52224K->256K(58880K)] 528073K->476105K(779776K), 0.0112992 secs] [Times: user=0.06 sys=0.00, real=0.01 secs]
2325.749: [GC [PSYoungGen: 52224K->256K(58880K)] 528073K->476105K(779776K), 0.0112992 secs] [Times: user=0.06 sys=0.00, real=0.01 secs]
2325.749: [GC [PSYoungGen: 52224K->256K(58880K)] 528073K->476105K(779776K), 0.0112992 secs] [Times: user=0.06 sys=0.00, real=0.01 secs]
2325.749: [GC [PSYoungGen: 52224K->256K(58880K)] 528073K->476105K(779776K), 0.0112992 secs] [Times: user=0.06 sys=0.00, real=0.01 secs]
2325.749: [GC [PSYoungGen: 52224K->256K(58880K)] 528073K->476105K(779776K), 0.0112992 secs] [Times: user=0.06 sys=0.00, real=0.01 secs]
2325.749: [GC [PSYoungGen: 52224K->256K(58880K)] 528073K->476105K(779776K), 0.0112992 secs] [Times: user=0.06 sys=0.00, real=0.01 secs]
2325.749: [GC [PSYoungGen: 52224K->256K(58880K)] 528073K->476105K(779776K), 0.0112992 secs] [Times: user=0.06 sys=0.00, real=0.01 secs]
2325.749: [GC [PSYoungGen: 52224K->256K(58880K)] 528073K->476105K(779776K), 0.0112992 secs] [Times: user=0.06 sys=0.00, real=0.01 secs]
2325.749: [GC [PSYoungGen: 52224K->256K(58880K)] 528073K->476105K(779776K), 0.0112992 secs] [Times: user=0.06 sys=0.00, real=0.01 secs]
2325.749: [GC [PSYoungGen: 52224K->256K(58880K)] 528073K->476105K(779776K), 0.0112992 secs] [Times: user=0.06 sys=0.00, real=0.01 secs]
2325.749: [GC [PSYoungGen: 52224K->256K(58880K)] 528073K->476105K(779776K), 0.0112992 secs] [Times: user=0.06 sys=0.00, real=0.01 secs]
2325.749: [GC [PSYoungGen: 52224K->256K(58880K)] 528073K->476105K(779776K), 0.0112992 secs] [Times: user=0.06 sys=0.00, real=0.01 secs]
2325.749: [GC [PSYoungGen: 52224K->256K(58880K)] 528073K->476105K(779776K), 0.0112992 secs] [Times: user=0.06 sys=0.00, real=0.01 secs]
2325.749: [GC [PSYoungGen: 52224K->256K(58880K)] 528073K->476105K(779776K), 0.0112992 secs] [Times: user=0.06 sys=0.00, real=0.01 secs]
2325.749: [GC [PSYoungGen: 52224K->256K(58880K)] 528073K->476105K(779776K), 0.0112992 secs] [Times: user=0.06 sys=0.00, real=0.01 secs]
2325.749: [GC [PSYoungGen: 52224K->256K(58880K)] 528073K->476105K(779776K), 0.0112992 secs] [Times: user=0.06 sys=0.00, real=0.01 secs]
2325.749: [GC [PSYoungGen: 52224K->256K(58880K)] 528073K->476105K(779776K), 0.0112992 secs] [Times: user=0.06 sys=0.00, real=0.01 secs]
2325.749: [GC [PSYoungGen: 52224K->256K(58880K)] 528073K->476105K(779776K), 0.0112992 secs] [Times: user=0.06 sys=0.00, real=0.01 secs]
2325.749: [GC [PSYoungGen: 52224K->256K(58880K)] 528073K->476105K(779776K), 0.0112992 secs] [Times: user=0.06 sys=0.00, real=0.01 secs]
2325.749: [GC [PSYoungGen: 52224K->256K(58880K)] 528073K->476105K(779776K), 0.0112992 secs] [Times: user=0.06 sys=0.00, real=0.01 secs]
2325.749: [GC [PSYoungGen: 52224K->256K(58880K)] 528073K->476105K(779776K), 0.0112992 secs] [Times: user=0.06 sys=0.00, real=0.01 secs]
2325.749: [GC [PSYoungGen: 52224K->256K(58880K)] 528073K->476105K(779776K), 0.0112992 secs] [Times: user=0.06 sys=0.00, real=0.01 secs]
2325.749: [GC [PSYoungGen: 52224K->256K(58880K)] 528073K->476105K(779776K), 0.0112992 secs] [Times: user=0.06 sys=0.00, real=0.01 secs]
2325.749: [GC [PSYoungGen: 52224K->256K(58880K)] 528073K->476105K(779776K), 0.0112992 secs] [Times: user=0.06 sys=0.00, real=0.01 secs]
2325.749: [GC [PSYoungGen: 52224K->256K(58880K)] 528073K->476105K(779776K), 0.0112992 secs] [Times: user=0.06 sys=0.00, real=0.01 secs]
2325.749: [GC [PSYoungGen: 52224K->256K(58880K)] 528073K->476105K(779776K), 0.0112992 secs] [Times: user=0.06 sys=0.00, real=0.01 secs]
2325.749: [GC [PSYoungGen: 52224K->256K(58880K)] 528073K->476105K(779776K), 0.0112992 secs] [Times: user=0.06 sys=0.00, real=0.01 secs]
2325.749: [GC [PSYoungGen: 52224K->256K(58880K)] 528073K->476105K(779776K), 0.0112992 secs] [Times: user=0.06 sys=0.00, real=0.01 secs]
2325.749: [GC [PSYoungGen: 52224K->256K(58880K)] 528073K->476105K(779776K), 0.0112992 secs] [Times: user=0.06 sys=0.00, real=0.01 secs]
2325.749: [GC [PSYoungGen: 52224K->256K(58880K)] 528073K->476105K(779776K), 0.0112992 secs] [Times: user=0.06 sys=0.00, real=0.01 secs]
2325.749: [GC [PSYoungGen: 52224K->256K(58880K)] 528073K->476105K(779776K), 0.0112992 secs] [Times: user=0.06 sys=0.00, real=0.01 secs]
2325.749: [GC [PSYoungGen: 52224K->256K(58880K)] 528073K->476105K(779776K), 0.0112992 secs] [Times: user=0.06 sys=0.00, real=0.01 secs]
2325.749: [GC [PSYoungGen: 52224K->256K(58880K)] 528073K->476105K(779776K), 0.0112992 secs] [Times: user=0.06 sys=0.00, real=0.01 secs]
2325.749: [GC [PSYoungGen: 52224K->256K(58880K)] 528073K->476105K(779776K), 0.0112992 secs] [Times: user=0.06 sys=0.00, real=0.01 secs]
2325.749: [GC [PSYoungGen: 52224K->256K(58880K)] 528073K->476105K(779776K), 0.0112992 secs] [Times: user=0.06 sys=0.00, real=0.01 secs]
2325.749: [GC [PSYoungGen: 52224K->256K(58880K)] 528073K->476105K(779776K), 0.0112992 secs] [Times: user=0.06 sys=0.00, real=0.01 secs]
2325.749: [GC [PSYoungGen: 52224K->256K(58880K)] 528073K->476105K(779776K), 0.0112992 secs] [Times: user=0.06 sys=0.00, real=0.01 secs]
2325.749: [GC [PSYoungGen: 52224K->256K(58880K)] 528073K->476105K(779776K), 0.0112992 secs] [Times: user=0.06 sys=0.00, real=0.01 secs]
2325.749: [GC [PSYoungGen: 52224K->256K(58880K)] 528073K->476105K(779776K), 0.0112992 secs] [Times: user=0.06 sys=0.00, real=0.01 secs]
2325.749: [GC [PSYoungGen: 52224K->256K(58880K)] 528073K->476105K(779776K), 0.0112992 secs] [Times: user=0.06 sys=0.00, real=0.01 secs]
2325.749: [GC [PSYoungGen: 52224K->256K(58880K)] 528073K->476105K(779776K), 0.0112992 secs] [Times: user=0.06 sys=0.00, real=0.01 secs]
2325.749: [GC [PSYoungGen: 52224K->256K(58880K)] 528073K->476105K(779776K), 0.0112992 secs] [Times: user=0.06 sys=0.00, real=0.01 secs]
2325.749: [GC [PSYoungGen: 52224K->256K(58880K)] 528073K->476105K(779776K), 0.0112992 secs] [Times: user=0.06 sys=0.00, real=0.01 secs]
2325.749: [GC [PSYoungGen: 52224K->256K(58880K)] 528073K->476105K(779776K), 0.0112992 secs] [Times: user=0.06 sys=0.00, real=0.01 secs]
2325.749: [GC [PSYoungGen: 52224K->256K(58880K)] 528073K->476105K(779776K), 0.0112992 secs] [Times: user=0.06 sys=0.00, real=0.01 secs]
2325.749: [GC [PSYoungGen: 52224K->256K(58880K)] 528073K->476105K(779776K), 0.0112992 secs] [Times: user=0.06 sys=0.00, real=0.01 secs]
2325.749: [GC [PSYoungGen: 52224K->256K(58880K)] 528073K->476105K(779776K), 0.0112992 secs] [Times: user=0.06 sys=0.00, real=0.01 secs]
2325.749: [GC [PSYoungGen: 52224K->256K(58880K)] 528073K->476105K(779776K), 0.0112992 secs] [Times: user=0.06 sys=0.00, real=0.01 secs]
2325.749: [GC [PSYoungGen: 52224K->256K(58880K)] 528073K->476105K(779776K), 0.0112992 secs] [Times: user=0.06 sys=0.00, real=0.01 secs]
2325.749: [GC [PSYoungGen: 52224K->256K(58880K)] 528073K->476105K(779776K), 0.0112992 secs] [Times: user=0.06 sys=0.00, real=0.01 secs]
2325.749: [GC [PSYoungGen: 52224K->256K(58880K)] 528073K->476105K(779776K), 0.0112992 secs] [Times: user=0.06 sys=0.00, real=0.01 secs]
2325.749: [GC [PSYoungGen: 52224K->256K(58880K)] 528073K->476105K(779776K), 0.0112992 secs] [Times: user=0.06 sys=0.00, real=0.01 secs]
2325.749: [GC [PSYoungGen: 52224K->256K(58880K)] 528073K->476105K(779776K), 0.0112992 secs] [Times: user=0.06 sys=0.00, real=0.01 secs]
2325.749: [GC [PSYoungGen: 52224K->256K(58880K)] 528073K->476105K(779776K), 0.0112992 secs] [Times: user=0.06 sys=0.00, real=0.01 secs]
2325.749: [GC [PSYoungGen: 52224K->256K(58880K)] 528073K->476105K(779776K), 0.0112992 secs] [Times: user=0.06 sys=0.00, real=0.01 secs]
2325.749: [GC [PSYoungGen: 52224K->256K(58880K)] 528073K->476105K(779776K), 0.0112992 secs] [Times: user=0.06 sys=0.00, real=0.01 secs]
2325.749: [GC [PSYoungGen: 52224K->256K(58880K)] 528073K->476105K(779776K), 0.0112992 secs] [Times: user=0.06 sys=0.00, real=0.01 secs]
2325.749: [GC [PSYoungGen: 52224K->256K(58880K)] 528073K->476105K(779776K), 0.0112992 secs] [Times: user=0.06 sys=0.00, real=0.01 secs]
2325.749: [GC [PSYoungGen: 52224K->256K(58880K)] 528073K->476105K(779776K), 0.0112992 secs] [Times: user=0.06 sys=0.00, real=0.01 secs]
2325.749: [GC [PSYoungGen: 52224K->256K(58880K)] 528073K->476105K(779776K), 0.0112992 secs] [Times: user=0.06 sys=0.00, real=0.01 secs]
2325.749: [GC [PSYoungGen: 52224K->256K(58880K)] 528073K->476105K(779776K), 0.0112992 secs] [Times: user=0.06 sys=0.00, real=0.01 secs]
2325.749: [GC [PSYoungGen: 52224K->256K(58880K)] 528073K->476105K(779776K), 0.0112992 secs] [Times: user=0.06 sys=0.00, real=0.01 secs]
2325.749: [GC [PSYoungGen: 52224K->256K(58880K)] 528073K->476105K(779776K), 0.0112992 secs] [Times: user=0.06 sys=0.00, real=0.01 secs]
2325.749: [GC [PSYoungGen: 52224K->256K(58880K)] 528073K->476105K(779776K), 0.0112992 secs] [Times: user=0.06 sys=0.00, real=0.01 secs]
2325.749: [GC [PSYoungGen: 52224K->256K(58880K)] 528073K->476105K(779776K), 0.0112992 secs] [Times: user=0.06 sys=0.00, real=0.01 secs]
2325.749: [GC [PSYoungGen: 52224K->256K(58880K)] 528073K->476105K(779776K), 0.0112992 secs] [Times: user=0.06 sys=0.00, real=0.01 secs]
2325.749: [GC [PSYoungGen: 52224K->256K(58880K)] 528073K->476105K(779776K), 0.0112992 secs] [Times: user=0.06 sys=0.00, real=0.01 secs]
2325.749: [GC [PSYoungGen: 52224K->256K(58880K)] 528073K->476105K(779776K), 0.0112992 secs] [Times: user=0.06 sys=0.00, real=0.01 secs]
2325.749: [GC [PSYoungGen: 52224K->256K(58880K)] 528073K->476105K(779776K), 0.0112992 secs] [Times: user=0.06 sys=0.00, real=0.01 secs]
2325.749: [GC [PSYoungGen: 52224K->256K(58880K)] 528073K->476105K(779776K), 0.0112992 secs] [Times: user=0.06 sys=0.00, real=0.01 secs]
2325.749: [GC [PSYoungGen: 52224K->256K(58880K)] 528073K->476105K(779776K), 0.0112992 secs] [Times: user=0.06 sys=0.00, real=0.01 secs]
2325.749: [GC [PSYoungGen: 52224K->256K(58880K)] 528073K->476105K(779776K), 0.0112992 secs] [Times: user=0.06 sys=0.00, real=0.01 secs]
2325.749: [GC [PSYoungGen: 52224K->256K(58880K)] 528073K->476105K(779776K), 0.0112992 secs] [Times: user=0.06 sys=0.00, real=0.01 secs]
2325.749: [GC [PSYoungGen: 52224K->256K(58880K)] 528073K->476105K(779776K), 0.0112992 secs] [Times: user=0.06 sys=0.00, real=0.01 secs]
2325.749: [GC [PSYoungGen: 52224K->256K(58880K)] 528073K->476105K(779776K), 0.0112992 secs] [Times: user=0.06 sys=0.00, real=0.01 secs]
2325.749: [GC [PSYoungGen: 52224K->256K(58880K)] 528073K->476105K(779776K), 0.0112992 secs] [Times: user=0.06 sys=0.00, real=0.01 secs]
2325.749: [GC [PSYoungGen: 52224K->256K(58880K)] 528073K->476105K(779776K), 0.0112992 secs] [Times: user=0.06 sys=0.00, real=0.01 secs]
2325.749: [GC [PSYoungGen: 52224K->256K(58880K)] 528073K->476105K(779776K), 0.0112992 secs] [Times: user=0.06 sys=0.00, real=0.01 secs]
2325.749: [GC [PSYoungGen: 52224K->256K(58880K)] 528073K->476105K(779776K), 0.0112992 secs] [Times: user=0.06 sys=0.00, real=0.01 secs]
2325.749: [GC [PSYoungGen: 52224K->256K(58880K)] 528073K->476105K(779776K), 0.0112992 secs] [Times: user=0.06 sys=0.00, real=0.01 secs]
2325.749: [GC [PSYoungGen: 52224K->256K(58880K)] 528073K->476105K(779776K), 0.0112992 secs] [Times: user=0.06 sys=0.00, real=0.01 secs]
2325.749: [GC [PSYoungGen: 52224K->256K(58880K)] 528073K->476105K(779776K), 0.0112992 secs] [Times: user=0.06 sys=0.00, real=0.01 secs]
2325.749: [GC [PSYoungGen: 52224K->256K(58880K)] 528073K->476105K(779776K), 0.0112992 secs] [Times: user=0.06 sys=0.00, real=0.01 secs]
2325.749: [GC [PSYoungGen: 52224K->256K(58880K)] 528073K->476105K(779776K), 0.0112992 secs] [Times: user=0.06 sys=0.00, real=0.01 secs]
2325.749: [GC [PSYoungGen: 52224K->256K(58880K)] 528073K->476105K(779776K), 0.0112992 secs] [Times: user=0.06 sys=0.00, real=0.01 secs]
2325.749: [GC [PSYoungGen: 52224K->256K(58880K)] 528073K->476105K(779776K), 0.0112992 secs] [Times: user=0.06 sys=0.00, real=0.01 secs]
2325.749: [GC [PSYoungGen: 52224K->256K(58880K)] 528073K->476105K(779776K), 0.0112992 secs] [Times: user=0.06 sys=0.00, real=0.01 secs]
2325.749: [GC [PSYoungGen: 52224K->256K(58880K)] 528073K->476105K(779776K), 0.0112992 secs] [Times: user=0.06 sys=0.00, real=0.01 secs]
2325.749: [GC [PSYoungGen: 52224K->256K(58880K)] 528073K->476105K(779776K), 0.0112992 secs] [Times: user=0.06 sys=0.00, real=0.01 secs]
2325.749: [GC [PSYoungGen: 52224K->256K(58880K)] 528073K->476105K(779776K), 0.0112992 secs] [Times: user=0.06 sys=0.00, real=0.01 secs]
2325.749: [GC [PSYoungGen: 52224K->256K(58880K)] 528073K->476105K(779776K), 0.0112992 secs] [Times: user=0.06 sys=0.00, real=0.01 secs]
2325.749: [GC [PSYoungGen: 52224K->256K(58880K)] 528073K->476105K(779776K), 0.0112992 secs] [Times: user=0.06 sys=0.00, real=0.01 secs]
2325.749: [GC [PSYoungGen: 52224K->256K(58880K)] 528073K->476105K(779776K), 0.0112992 secs] [Times: user=0.06 sys=0.00, real=0.01 secs]
2325.749: [GC [PSYoungGen: 52224K->256K(58880K)] 528073K->476105K(779776K), 0.0112992 secs] [Times: user=0.06 sys=0.00, real=0.01 secs]
2325.749: [GC [PSYoungGen: 52224K->256K(58880K)] 528073K->476105K(779776K), 0.0112992 secs] [Times: user=0.06 sys=0.00, real=0.01 secs]
2325.749: [GC [PSYoungGen: 52224K->256K(58880K)] 528073K->476105K(779776K), 0.0112992 secs] [Times: user=0.06 sys=0.00, real=0.01 secs]
2325.749: [GC [PSYoungGen: 52224K->256K(58880K)] 528073K->476105K(779776K), 0.0112992 secs] [Times: user=0.06 sys=0.00, real=0.01 secs]
2325.749: [GC [PSYoungGen: 52224K->256K(58880K)] 528073K->476105K(779776K), 0.0112992 secs] [Times: user=0.06 sys=0.00, real=0.01 secs]
2325.749: [GC [PSYoungGen: 52224K->256K(58880K)] 528073K->476105K(779776K), 0.0112992 secs] [Times: user=0.06 sys=0.00, real=0.01 secs]
2325.749: [GC [PSYoungGen: 52224K->256K(58880K)] 528073K->476105K(779776K), 0.0112992 secs] [Times: user=0.06 sys=0.00, real=0.01 secs]
2325.749: [GC [PSYoungGen: 52224K->256K(58880K)] 528073K->476105K(779776K), 0.0112992 secs] [Times: user=0.06 sys=0.00, real=0.01 secs]
2325.749: [GC [PSYoungGen: 52224K->256K(58880K)] 528073K->476105K(779776K), 0.0112992 secs] [Times: user=0.06 sys=0.00, real=0.01 secs]
2325.749: [GC [PSYoungGen: 52224K->256K(58880K)] 528073K->476105K(779776K), 0.0112992 secs] [Times: user=0.06 sys=0.00, real=0.01 secs]
2325.749: [GC [PSYoungGen: 52224K->256K(58880K)] 528073K->476105K(779776K), 0.0112992 secs] [Times: user=0.06 sys=0.00, real=0.01 secs]
2325.749: [GC [PSYoungGen: 52224K->256K(58880K)] 528073K->476105K(779776K), 0.0112992 secs] [Times: user=0.06 sys=0.00, real=0.01 secs]
2325.749: [GC [PSYoungGen: 52224K->256K(58880K)] 528073K->476105K(779776K), 0.0112992 secs] [Times: user=0.06 sys=0.00, real=0.01 secs]
2325.749: [GC [PSYoungGen: 52224K->256K(58880K)] 528073K->476105K(779776K), 0.0112992 secs] [Times: user=0.06 sys=0.00, real=0.01 secs]
2325.749: [GC [PSYoungGen: 52224K->256K(58880K)] 528073K->476105K(779776K), 0.0112992 secs] [Times: user=0.06 sys=0.00, real=0.01 secs]
2325.749: [GC [PSYoungGen: 52224K->256K(58880K)] 528073K->476105K(779776K), 0.0112992 secs] [Times: user=0.06 sys=0.00, real=0.01 secs]
2325.749: [GC [PSYoungGen: 52224K->256K(58880K)] 528073K->476105K(779776K), 0.0112992 secs] [Times: user=0.06 sys=0.00, real=0.01 secs]
2325.749: [GC [PSYoungGen: 52224K->256K(58880K)] 528073K->476105K(779776K), 0.0112992 secs] [Times: user=0.06 sys=0.00, real=0.01 secs]
2325.749: [GC [PSYoungGen: 52224K->256K(58880K)] 528073K->476105K(779776K), 0.0112992 secs] [Times: user=0.06 sys=0.00, real=0.01 secs]
2325.749: [GC [PSYoungGen: 52224K->256K(58880K)] 528073K->476105K(779776K), 0.0112992 secs] [Times: user=0.06 sys=0.00, real=0.01 secs]
2325.749: [GC [PSYoungGen: 52224K->256K(58880K)] 528073K->476105K(779776K), 0.0112992 secs] [Times: user=0.06 sys=0.00, real=0.01 secs]
2325.749: [GC [PSYoungGen: 52224K->256K(58880K)] 528073K->476105K(779776K), 0.0112992 secs] [Times: user=0.06 sys=0.00, real=0.01 secs]
2325.749: [GC [PSYoungGen: 52224K->256K(58880K)] 528073K->476105K(779776K), 0.0112992 secs] [Times: user=0.06 sys=0.00, real=0.01 secs]
2325.749: [GC [PSYoungGen: 52224K->256K(58880K)] 528073K->476105K(779776K), 0.0112992 secs] [Times: user=0.06 sys=0.00, real=0.01 secs]
2325.749: [GC [PSYoungGen: 52224K->256K(58880K)] 528073K->476105K(779776K), 0.0112992 secs] [Times: user=0.06 sys=0.00, real=0.01 secs]
2325.749: [GC [PSYoungGen: 52224K->256K(58880K)] 528073K->476105K(779776K), 0.0112992 secs] [Times: user=0.06 sys=0.00, real=0.01 secs]
2325.749: [GC [PSYoungGen: 52224K->256K(58880K)] 528073K->476105K(779776K), 0.0112992 secs] [Times: user=0.06 sys=0.00, real=0.01 secs]
2325.749: [GC [PSYoungGen: 52224K->256K(58880K)] 528073K->476105K(779776K), 0.0112992 secs] [Times: user=0.06 sys=0.00, real=0.01 secs]
2325.749: [GC [PSYoungGen: 52224K->256K(58880K)] 528073K->476105K(779776K), 0.0112992 secs] [Times: user=0.06 sys=0.00, real=0.01 secs]
2325.749: [GC [PSYoungGen: 52224K->256K(58880K)] 528073K->476105K(779776K), 0.0112992 secs] [Times: user=0.06 sys=0.00, real=0.01 secs]
2325.749: [GC [PSYoungGen: 52224K->256K(58880K)] 528073K->476105K(779776K), 0.0112992 secs] [Times: user=0.06 sys=0.00, real=0.01 secs]
2325.749: [GC [PSYoungGen: 52224K->256K(58880K)] 528073K->476105K(779776K), 0.0112992 secs] [Times: user=0.06 sys=0.00, real=0.01 secs]
2325.749: [GC [PSYoungGen: 52224K->256K(58880K)] 528073K->476105K(779776K), 0.0112992 secs] [Times: user=0.06 sys=0.00, real=0.01 secs]
2325.749: [GC [PSYoungGen: 52224K->256K(58880K)] 528073K->476105K(779776K), 0.0112992 secs] [Times: user=0.06 sys=0.00, real=0.01 secs]
2325.749: [GC [PSYoungGen: 52224K->256K(58880K)] 528073K->476105K(779776K), 0.0112992 secs] [Times: user=0.06 sys=0.00, real=0.01 secs]
2325.749: [GC [PSYoungGen: 52224K->256K(58880K)] 528073K->476105K(779776K), 0.0112992 secs] [Times: user=0.06 sys=0.00, real=0.01 secs]
2325.749: [GC [PSYoungGen: 52224K->256K(58880K)] 528073K->476105K(779776K), 0.0112992 secs] [Times: user=0.06 sys=0.00, real=0.01 secs]
2325.749: [GC [PSYoungGen: 52224K->256K(58880K)] 528073K->476105K(779776K), 0.0112992 secs] [Times: user=0.06 sys=0.00, real=0.01 secs]
2325.749: [GC [PSYoungGen: 52224K->256K(58880K)] 528073K->476105K(779776K), 0.0112992 secs] [Times: user=0.06 sys=0.00, real=0.01 secs]
2325.749: [GC [PSYoungGen: 52224K->256K(58880K)] 528073K->476105K(779776K), 0.0112992 secs] [Times: user=0.06 sys=0.00, real=0.01 secs]
2325.749: [GC [PSYoungGen: 52224K->256K(58880K)] 528073K->476105K(779776K), 0.0112992 secs] [Times: user=0.06 sys=0.00, real=0.01 secs]
2325.749: [GC [PSYoungGen: 52224K->256K(58880K)] 528073K->476105K(779776K), 0.0112992 secs] [Times: user=0.06 sys=0.00, real=0.01 secs]
2325.749: [GC [PSYoungGen: 52224K->256K(58880K)] 528073K->476105K(779776K), 0.0112992 secs] [Times: user=0.06 sys=0.00, real=0.01 secs]
2325.749: [GC [PSYoungGen: 52224K->256K(58880K)] 528073K->476105K(779776K), 0.0112992 secs] [Times: user=0.06 sys=0.00, real=0.01 secs]
2325.749: [GC [PSYoungGen: 52224K->256K(58880K)] 528073K->476105K(779776K), 0.0112992 secs] [Times: user=0.06 sys=0.00, real=0.01 secs]
2325.749: [GC [PSYoungGen: 52224K->256K(58880K)] 528073K->476105K(779776K), 0.0112992 secs] [Times: user=0.06 sys=0.00, real=0.01 secs]
2325.749: [GC [PSYoungGen: 52224K->256K(58880K)] 528073K->476105K(779776K), 0.0112992 secs] [Times: user=0.06 sys=0.00, real=0.01 secs]
2325.749: [GC [PSYoungGen: 52224K->256K(58880K)] 528073K->476105K(779776K), 0.0112992 secs] [Times: user=0.06 sys=0.00, real=0.01 secs]
2325.749: [GC [PSYoungGen: 52224K->256K(58880K)] 528073K->476105K(779776K), 0.0112992 secs] [Times: user=0.06 sys=0.00, real=0.01 secs]
2325.749: [GC [PSYoungGen: 52224K->256K(58880K)] 528073K->476105K(779776K), 0.0112992 secs] [Times: user=0.06 sys=0.00, real=0.01 secs]
2325.749: [GC [PSYoungGen: 52224K->256K(58880K)] 528073K->476105K(779776K), 0.0112992 secs] [Times: user=0.06 sys=0.00, real=0.01 secs]
2325.749: [GC [PSYoungGen: 52224K->256K(58880K)] 528073K->476105K(779776K), 0.0112992 secs] [Times: user=0.06 sys=0.00, real=0.01 secs]
2325.749: [GC [PSYoungGen: 52224K->256K(58880K)] 528073K->476105K(779776K), 0.0112992 secs] [Times: user=0.06 sys=0.00, real=0.01 secs]
2325.749: [GC [PSYoungGen: 52224K->256K(58880K)] 528073K->476105K(779776K), 0.0112992 secs] [Times: user=0.06 sys=0.00, real=0.01 secs]
2325.749: [GC [PSYoungGen: 52224K->256K(58880K)] 528073K->476105K(779776K), 0.0112992 secs] [Times: user=0.06 sys=0.00, real=0.01 secs]
2325.749: [GC [PSYoungGen: 52224K->256K(58880K)] 528073K->476105K(779776K), 0.0112992 secs] [Times: user=0.06 sys=0.00, real=0.01 secs]
2325.749: [GC [PSYoungGen: 52224K->256K(58880K)] 528073K->476105K(779776K), 0.0112992 secs] [Times: user=0.06 sys=0.00, real=0.01 secs]
2325.749: [GC [PSYoungGen: 52224K->256K(58880K)] 528073K->476105K(779776K), 0.0112992 secs] [Times: user=0.06 sys=0.00, real=0.01 secs]
2325.749: [GC [PSYoungGen: 52224K->256K(58880K)] 528073K->476105K(779776K), 0.0112992 secs] [Times: user=0.06 sys=0.00, real=0.01 secs]
2325.749: [GC [PSYoungGen: 52224K->256K(58880K)] 528073K->476105K(779776K), 0.0112992 secs] [Times: user=0.06 sys=0.00, real=0.01 secs]
2325.749: [GC [PSYoungGen: 52224K->256K(58880K)] 528073K->476105K(779776K), 0.0112992 secs] [Times: user=0.06 sys=0.00, real=0.01 secs]
2325.749: [GC [PSYoungGen: 52224K->256K(58880K)] 528073K->476105K(779776K), 0.0112992 secs] [Times: user=0.06 sys=0.00, real=0.01 secs]
2325.749: [GC [PSYoungGen: 52224K->256K(58880K)] 528073K->476105K(779776K), 0.0112992 secs] [Times: user=0.06 sys=0.00, real=0.01 secs]
2325.749: [GC [PSYoungGen: 52224K->256K(58880K)] 528073K->476105K(779776K), 0.0112992 secs] [Times: user=0.06 sys=0.00, real=0.01 secs]
2325.749: [GC [PSYoungGen: 52224K->256K(58880K)] 528073K->476105K(779776K), 0.0112992 secs] [Times: user=0.06 sys=0.00, real=0.01 secs]
2325.749: [GC [PSYoungGen: 52224K->256K(58880K)] 528073K->476105K(779776K), 0.0112992 secs] [Times: user=0.06 sys=0.00, real=0.01 secs]
2325.749: [GC [PSYoungGen: 52224K->256K(58880K)] 528073K->476105K(779776K), 0.0112992 secs] [Times: user=0.06 sys=0.00, real=0.01 secs]
2325.749: [GC [PSYoungGen: 52224K->256K(58880K)] 528073K->476105K(779776K), 0.0112992 secs] [Times: user=0.06 sys=0.00, real=0.01 secs]
2325.749: [GC [PSYoungGen: 52224K->256K(58880K)] 528073K->476105K(779776K), 0.0112992 secs] [Times: user=0.06 sys=0.00, real=0.01 secs]
2325.749: [GC [PSYoungGen: 52224K->256K(58880K)] 528073K->476105K(779776K), 0.0112992 secs] [Times: user=0.06 sys=0.00, real=0.01 secs]
2325.749: [GC [PSYoungGen: 52224K->256K(58880K)] 528073K->476105K(779776K), 0.0112992 secs] [Times: user=0.06 sys=0.00, real=0.01 secs]
2325.749: [GC [PSYoungGen: 52224K->256K(58880K)] 528073K->476105K(779776K), 0.0112992 secs] [Times: user=0.06 sys=0.00, real=0.01 secs]
2325.749: [GC [PSYoungGen: 52224K->256K(58880K)] 528073K->476105K(779776K), 0.0112992 secs] [Times: user=0.06 sys=0.00, real=0.01 secs]
2325.749: [GC [PSYoungGen: 52224K->256K(58880K)] 528073K->476105K(779776K), 0.0112992 secs] [Times: user=0.06 sys=0.00, real=0.01 secs]
2325.749: [GC [PSYoungGen: 52224K->256K(58880K)] 528073K->476105K(779776K), 0.0112992 secs] [Times: user=0.06 sys=0.00, real=0.01 secs]
2325.749: [GC [PSYoungGen: 52224K->256K(58880K)] 528073K->476105K(779776K), 0.0112992 secs] [Times: user=0.06 sys=0.00, real=0.01 secs]
2325.749: [GC [PSYoungGen: 52224K->256K(58880K)] 528073K->476105K(779776K), 0.0112992 secs] [Times: user=0.06 sys=0.00, real=0.01 secs]
2325.749: [GC [PSYoungGen: 52224K->256K(58880K)] 528073K->476105K(779776K), 0.0112992 secs] [Times: user=0.06 sys=0.00, real=0.01 secs]
2325.749: [GC [PSYoungGen: 52224K->256K(58880K)] 528073K->476105K(779776K), 0.0112992 secs] [Times: user=0.06 sys=0.00, real=0.01 secs]
2325.749: [GC [PSYoungGen: 52224K->256K(58880K)] 528073K->476105K(779776K), 0.0112992 secs] [Times: user=0.06 sys=0.00, real=0.01 secs]
2325.749: [GC [PSYoungGen: 52224K->256K(58880K)] 528073K->476105K(779776K), 0.0112992 secs] [Times: user=0.06 sys=0.00, real=0.01 secs]
2325.749: [GC [PSYoungGen: 52224K->256K(58880K)] 528073K->476105K(779776K), 0.0112992 secs] [Times: user=0.06 sys=0.00, real=0.01 secs]
2325.749: [GC [PSYoungGen: 52224K->256K(58880K)] 528073K->476105K(779776K), 0.0112992 secs] [Times: user=0.06 sys=0.00, real=0.01 secs]
2325.749: [GC [PSYoungGen: 52224K->256K(58880K)] 528073K->476105K(779776K), 0.0112992 secs] [Times: user=0.06 sys=0.00, real=0.01 secs]
2325.749: [GC [PSYoungGen: 52224K->256K(58880K)] 528073K->476105K(779776K), 0.0112992 secs] [Times: user=0.06 sys=0.00, real=0.01 secs]
2325.749: [GC [PSYoungGen: 52224K->256K(58880K)] 528073K->476105K(779776K), 0.0112992 secs] [Times: user=0.06 sys=0.00, real=0.01 secs]
2325.749: [GC [PSYoungGen: 52224K->256K(58880K)] 528073K->476105K(779776K), 0.0112992 secs] [Times: user=0.06 sys=0.00, real=0.01 secs]
2325.749: [GC [PSYoungGen: 52224K->256K(58880K)] 528073K->476105K(779776K), 0.0112992 secs] [Times: user=0.06 sys=0.00, real=0.01 secs]
2325.749: [GC [PSYoungGen: 52224K->256K(58880K)] 528073K->476105K(779776K), 0.0112992 secs] [Times: user=0.06 sys=0.00, real=0.01 secs]
2325.749: [GC [PSYoungGen: 52224K->256K(58880K)] 528073K->476105K(779776K), 0.0112992 secs] [Times: user=0.06 sys=0.00, real=0.01 secs]
2325.749: [GC [PSYoungGen: 52224K->256K(58880K)] 528073K->476105K(779776K), 0.0112992 secs] [Times: user=0.06 sys=0.00, real=0.01 secs]
2325.749: [GC [PSYoungGen: 52224K->256K(58880K)] 528073K->476105K(779776K), 0.0112992 secs] [Times: user=0.06 sys=0.00, real=0.01 secs]
2325.749: [GC [PSYoungGen: 52224K->256K(58880K)] 528073K->476105K(779776K), 0.0112992 secs] [Times: user=0.06 sys=0.00, real=0.01 secs]
2325.749: [GC [PSYoungGen: 52224K->256K(58880K)] 528073K->476105K(779776K), 0.0112992 secs] [Times: user=0.06 sys=0.00, real=0.01 secs]
2325.749: [GC [PSYoungGen: 52224K->256K(58880K)] 528073K->476105K(779776K), 0.0112992 secs] [Times: user=0.06 sys=0.00, real=0.01 secs]
2325.749: [GC [PSYoungGen: 52224K->256K(58880K)] 528073K->476105K(779776K), 0.0112992 secs] [Times: user=0.06 sys=0.00, real=0.01 secs]
2325.749: [GC [PSYoungGen: 52224K->256K(58880K)] 528073K->476105K(779776K), 0.0112992 secs] [Times: user=0.06 sys=0.00, real=0.01 secs]
2325.749: [GC [PSYoungGen: 52224K->256K(58880K)] 528073K->476105K(779776K), 0.0112992 secs] [Times: user=0.06 sys=0.00, real=0.01 secs]
2325.749: [GC [PSYoungGen: 52224K->256K(58880K)] 528073K->476105K(779776K), 0.0112992 secs] [Times: user=0.06 sys=0.00, real=0.01 secs]
2325.749: [GC [PSYoungGen: 52224K->256K(58880K)] 528073K->476105K(779776K), 0.0112992 secs] [Times: user=0.06 sys=0.00, real=0.01 secs]
2325.749: [GC [PSYoungGen: 52224K->256K(58880K)] 528073K->476105K(779776K), 0.0112992 secs] [Times: user=0.06 sys=0.00, real=0.01 secs]
2325.749: [GC [PSYoungGen: 52224K->256K(58880K)] 528073K->476105K(779776K), 0.0112992 secs] [Times: user=0.06 sys=0.00, real=0.01 secs]
2325.749: [GC [PSYoungGen: 52224K->256K(58880K)] 528073K->476105K(779776K), 0.0112992 secs] [Times: user=0.06 sys=0.00, real=0.01 secs]
2325.749: [GC [PSYoungGen: 52224K->256K(58880K)] 528073K->476105K(779776K), 0.0112992 secs] [Times: user=0.06 sys=0.00, real=0.01 secs]
2325.749: [GC [PSYoungGen: 52224K->256K(58880K)] 528073K->476105K(779776K), 0.0112992 secs] [Times: user=0.06 sys=0.00, real=0.01 secs]
2325.749: [GC [PSYoungGen: 52224K->256K(58880K)] 528073K->476105K(779776K), 0.0112992 secs] [Times: user=0.06 sys=0.00, real=0.01 secs]
2325.749: [GC [PSYoungGen: 52224K->256K(58880K)] 528073K->476105K(779776K), 0.0112992 secs] [Times: user=0.06 sys=0.00, real=0.01 secs]
2325.749: [GC [PSYoungGen: 52224K->256K(58880K)] 528073K->476105K(779776K), 0.0112992 secs] [Times: user=0.06 sys=0.00, real=0.01 secs]
2325.749: [GC [PSYoungGen: 52224K->256K(58880K)] 528073K->476105K(779776K), 0.0112992 secs] [Times: user=0.06 sys=0.00, real=0.01 secs]
2325.749: [GC [PSYoungGen: 52224K->256K(58880K)] 528073K->476105K(779776K), 0.0112992 secs] [Times: user=0.06 sys=0.00, real=0.01 secs]
2325.749: [GC [PSYoungGen: 52224K->256K(58880K)] 528073K->476105K(779776K), 0.0112992 secs] [Times: user=0.06 sys=0.00, real=0.01 secs]
2325.749: [GC [PSYoungGen: 52224K->256K(58880K)] 528073K->476105K(779776K), 0.0112992 secs] [Times: user=0.06 sys=0.00, real=0.01 secs]
2325.749: [GC [PSYoungGen: 52224K->256K(58880K)] 528073K->476105K(779776K), 0.0112992 secs] [Times: user=0.06 sys=0.00, real=0.01 secs]
2325.749: [GC [PSYoungGen: 52224K->256K(58880K)] 528073K->476105K(779776K), 0.0112992 secs] [Times: user=0.06 sys=0.00, real=0.01 secs]
2325.749: [GC [PSYoungGen: 52224K->256K(58880K)] 528073K->476105K(779776K), 0.0112992 secs] [Times: user=0.06 sys=0.00, real=0.01 secs]
2325.749: [GC [PSYoungGen: 52224K->256K(58880K)] 528073K->476105K(779776K), 0.0112992 secs] [Times: user=0.06 sys=0.00, real=0.01 secs]
2325.749: [GC [PSYoungGen: 52224K->256K(58880K)] 528073K->476105K(779776K), 0.0112992 secs] [Times: user=0.06 sys=0.00, real=0.01 secs]
2325.749: [GC [PSYoungGen: 52224K->256K(58880K)] 528073K->476105K(779776K), 0.0112992 secs] [Times: user=0.06 sys=0.00, real=0.01 secs]
2325.749: [GC [PSYoungGen: 52224K->256K(58880K)] 528073K->476105K(779776K), 0.0112992 secs] [Times: user=0.06 sys=0.00, real=0.01 secs]
2325.749: [GC [PSYoungGen: 52224K->256K(58880K)] 528073K->476105K(779776K), 0.0112992 secs] [Times: user=0.06 sys=0.00, real=0.01 secs]
2325.749: [GC [PSYoungGen: 52224K->256K(58880K)] 528073K->476105K(779776K), 0.0112992 secs] [Times: user=0.06 sys=0.00, real=0.01 secs]
2325.749: [GC [PSYoungGen: 52224K->256K(58880K)] 528073K->476105K(779776K), 0.0112992 secs] [Times: user=0.06 sys=0.00, real=0.01 secs]
2325.749: [GC [PSYoungGen: 52224K->256K(58880K)] 528073K->476105K(779776K), 0.0112992 secs] [Times: user=0.06 sys=0.00, real=0.01 secs]
2325.749: [GC [PSYoungGen: 52224K->256K(58880K)] 528073K->476105K(779776K), 0.0112992 secs] [Times: user=0.06 sys=0.00, real=0.01 secs]
2325.749: [GC [PSYoungGen: 52224K->256K(58880K)] 528073K->476105K(779776K), 0.0112992 secs] [Times: user=0.06 sys=0.00, real=0.01 secs]
2325.749: [GC [PSYoungGen: 52224K->256K(58880K)] 528073K->476105K(779776K), 0.0112992 secs] [Times: user=0.06 sys=0.00, real=0.01 secs]
2325.749: [GC [PSYoungGen: 52224K->256K(58880K)] 528073K->476105K(779776K), 0.0112992 secs] [Times: user=0.06 sys=0.00, real=0.01 secs]
2325.749: [GC [PSYoungGen: 52224K->256K(58880K)] 528073K->476105K(779776K), 0.0112992 secs] [Times: user=0.06 sys=0.00, real=0.01 secs]
2325.749: [GC [PSYoungGen: 52224K->256K(58880K)] 528073K->476105K(779776K), 0.0112992 secs] [Times: user=0.06 sys=0.00, real=0.01 secs]
2325.749: [GC [PSYoungGen: 52224K->256K(58880K)] 528073K->476105K(779776K), 0.0112992 secs] [Times: user=0.06 sys=0.00, real=0.01 secs]
2325.749: [GC [PSYoungGen: 52224K->256K(58880K)] 528073K->476105K(779776K), 0.0112992 secs] [Times: user=0.06 sys=0.00, real=0.01 secs]
2325.749: [GC [PSYoungGen: 52224K->256K(58880K)] 528073K->476105K(779776K), 0.0112992 secs] [Times: user=0.06 sys=0.00, real=0.01 secs]
2325.749: [GC [PSYoungGen: 52224K->256K(58880K)] 528073K->476105K(779776K), 0.0112992 secs] [Times: user=0.06 sys=0.00, real=0.01 secs]
2325.749: [GC [PSYoungGen: 52224K->256K(58880K)] 528073K->476105K(779776K), 0.0112992 secs] [Times: user=0.06 sys=0.00, real=0.01 secs]
2325.749: [GC [PSYoungGen: 52224K->256K(58880K)] 528073K->476105K(779776K), 0.0112992 secs] [Times: user=0.06 sys=0.00, real=0.01 secs]
2325.749: [GC [PSYoungGen: 52224K->256K(58880K)] 528073K->476105K(779776K), 0.0112992 secs] [Times: user=0.06 sys=0.00, real=0.01 secs]
2325.749: [GC [PSYoungGen: 52224K->256K(58880K)] 528073K->476105K(779776K), 0.0112992 secs] [Times: user=0.06 sys=0.00, real=0.01 secs]
2325.749: [GC [PSYoungGen: 52224K->256K(58880K)] 528073K->476105K(779776K), 0.0112992 secs] [Times: user=0.06 sys=0.00, real=0.01 secs]
2325.749: [GC [PSYoungGen: 52224K->256K(58880K)] 528073K->476105K(779776K), 0.0112992 secs] [Times: user=0.06 sys=0.00, real=0.01 secs]
2325.749: [GC [PSYoungGen: 52224K->256K(58880K)] 528073K->476105K(779776K), 0.0112992 secs] [Times: user=0.06 sys=0.00, real=0.01 secs]
2325.749: [GC [PSYoungGen: 52224K->256K(58880K)] 528073K->476105K(779776K), 0.0112992 secs] [Times: user=0.06 sys=0.00, real=0.01 secs]
2325.749: [GC [PSYoungGen: 52224K->256K(58880K)] 528073K->476105K(779776K), 0.0112992 secs] [Times: user=0.06 sys=0.00, real=0.01 secs]
2325.749: [GC [PSYoungGen: 52224K->256K(58880K)] 528073K->476105K(779776K), 0.0112992 secs] [Times: user=0.06 sys=0.00, real=0.01 secs]
2325.749: [GC [PSYoungGen: 52224K->256K(58880K)] 528073K->476105K(779776K), 0.0112992 secs] [Times: user=0.06 sys=0.00, real=0.01 secs]
2325.749: [GC [PSYoungGen: 52224K->256K(58880K)] 528073K->476105K(779776K), 0.0112992 secs] [Times: user=0.06 sys=0.00, real=0.01 secs]
2325.749: [GC [PSYoungGen: 52224K->256K(58880K)] 528073K->476105K(779776K), 0.0112992 secs] [Times: user=0.06 sys=0.00, real=0.01 secs]
2325.749: [GC [PSYoungGen: 52224K->256K(58880K)] 528073K->476105K(779776K), 0.0112992 secs] [Times: user=0.06 sys=0.00, real=0.01 secs]
2325.749: [GC [PSYoungGen: 52224K->256K(58880K)] 528073K->476105K(779776K), 0.0112992 secs] [Times: user=0.06 sys=0.00, real=0.01 secs]
2325.749: [GC [PSYoungGen: 52224K->256K(58880K)] 528073K->476105K(779776K), 0.0112992 secs] [Times: user=0.06 sys=0.00, real=0.01 secs]
2325.749: [GC [PSYoungGen: 52224K->256K(58880K)] 528073K->476105K(779776K), 0.0112992 secs] [Times: user=0.06 sys=0.00, real=0.01 secs]
2325.749: [GC [PSYoungGen: 52224K->256K(58880K)] 528073K->476105K(779776K), 0.0112992 secs] [Times: user=0.06 sys=0.00, real=0.01 secs]
2325.749: [GC [PSYoungGen: 52224K->256K(58880K)] 528073K->476105K(779776K), 0.0112992 secs] [Times: user=0.06 sys=0.00, real=0.01 secs]
2325.749: [GC [PSYoungGen: 52224K->256K(58880K)] 528073K->476105K(779776K), 0.0112992 secs] [Times: user=0.06 sys=0.00, real=0.01 secs]
2325.749: [GC [PSYoungGen: 52224K->256K(58880K)] 528073K->476105K(779776K), 0.0112992 secs] [Times: user=0.06 sys=0.00, real=0.01 secs]
2325.749: [GC [PSYoungGen: 52224K->256K(58880K)] 528073K->476105K(779776K), 0.0112992 secs] [Times: user=0.06 sys=0.00, real=0.01 secs]
2325.749: [GC [PSYoungGen: 52224K->256K(58880K)] 528073K->476105K(779776K), 0.0112992 secs] [Times: user=0.06 sys=0.00, real=0.01 secs]
2325.749: [GC [PSYoungGen: 52224K->256K(58880K)] 528073K->476105K(779776K), 0.0112992 secs] [Times: user=0.06 sys=0.00, real=0.01 secs]
2325.749: [GC [PSYoungGen: 52224K->256K(58880K)] 528073K->476105K(779776K), 0.0112992 secs] [Times: user=0.06 sys=0.00, real=0.01 secs]
2325.749: [GC [PSYoungGen: 52224K->256K(58880K)] 528073K->476105K(779776K), 0.0112992 secs] [Times: user=0.06 sys=0.00, real=0.01 secs]
2325.749: [GC [PSYoungGen: 52224K->256K(58880K)] 528073K->476105K(779776K), 0.0112992 secs] [Times: user=0.06 sys=0.00, real=0.01 secs]
2325.749: [GC [PSYoungGen: 52224K->256K(58880K)] 528073K->476105K(779776K), 0.0112992 secs] [Times: user=0.06 sys=0.00, real=0.01 secs]
2325.749: [GC [PSYoungGen: 52224K->256K(58880K)] 528073K->476105K(779776K), 0.0112992 secs] [Times: user=0.06 sys=0.00, real=0.01 secs]
2325.749: [GC [PSYoungGen: 52224K->256K(58880K)] 528073K->476105K(779776K), 0.0112992 secs] [Times: user=0.06 sys=0.00, real=0.01 secs]
2325.749: [GC [PSYoungGen: 52224K->256K(58880K)] 528073K->476105K(779776K), 0.0112992 secs] [Times: user=0.06 sys=0.00, real=0.01 secs]
2325.749: [GC [PSYoungGen: 52224K->256K(58880K)] 528073K->476105K(779776K), 0.0112992 secs] [Times: user=0.06 sys=0.00, real=0.01 secs]
2325.749: [GC [PSYoungGen: 52224K->256K(58880K)] 528073K->476105K(779776K), 0.0112992 secs] [Times: user=0.06 sys=0.00, real=0.01 secs]
2325.749: [GC [PSYoungGen: 52224K->256K(58880K)] 528073K->476105K(779776K), 0.0112992 secs] [Times: user=0.06 sys=0.00, real=0.01 secs]
2325.749: [GC [PSYoungGen: 52224K->256K(58880K)] 528073K->476105K(779776K), 0.0112992 secs] [Times: user=0.06 sys=0.00, real=0.01 secs]
2325.749: [GC [PSYoungGen: 52224K->256K(58880K)] 528073K->476105K(779776K), 0.0112992 secs] [Times: user=0.06 sys=0.00, real=0.01 secs]
2325.749: [GC [PSYoungGen: 52224K->256K(58880K)] 528073K->476105K(779776K), 0.0112992 secs] [Times: user=0.06 sys=0.00, real=0.01 secs]
2325.749: [GC [PSYoungGen: 52224K->256K(58880K)] 528073K->476105K(779776K), 0.0112992 secs] [Times: user=0.06 sys=0.00, real=0.01 secs]
2325.749: [GC [PSYoungGen: 52224K->256K(58880K)] 528073K->476105K(779776K), 0.0112992 secs] [Times: user=0.06 sys=0.00, real=0.01 secs]
2325.749: [GC [PSYoungGen: 52224K->256K(58880K)] 528073K->476105K(779776K), 0.0112992 secs] [Times: user=0.06 sys=0.00, real=0.01 secs]
2325.749: [GC [PSYoungGen: 52224K->256K(58880K)] 528073K->476105K(779776K), 0.0112992 secs] [Times: user=0.06 sys=0.00, real=0.01 secs]
2325.749: [GC [PSYoungGen: 52224K->256K(58880K)] 528073K->476105K(779776K), 0.0112992 secs] [Times: user=0.06 sys=0.00, real=0.01 secs]
2325.749: [GC [PSYoungGen: 52224K->256K(58880K)] 528073K->476105K(779776K), 0.0112992 secs] [Times: user=0.06 sys=0.00, real=0.01 secs]
2325.749: [GC [PSYoungGen: 52224K->256K(58880K)] 528073K->476105K(779776K), 0.0112992 secs] [Times: user=0.06 sys=0.00, real=0.01 secs]
2325.749: [GC [PSYoungGen: 52224K->256K(58880K)] 528073K->476105K(779776K), 0.0112992 secs] [Times: user=0.06 sys=0.00, real=0.01 secs]
2325.749: [GC [PSYoungGen: 52224K->256K(58880K)] 528073K->476105K(779776K), 0.0112992 secs] [Times: user=0.06 sys=0.00, real=0.01 secs]
2325.749: [GC [PSYoungGen: 52224K->256K(58880K)] 528073K->476105K(779776K), 0.0112992 secs] [Times: user=0.06 sys=0.00, real=0.01 secs]
2325.749: [GC [PSYoungGen: 52224K->256K(58880K)] 528073K->476105K(779776K), 0.0112992 secs] [Times: user=0.06 sys=0.00, real=0.01 secs]
2325.749: [GC [PSYoungGen: 52224K->256K(58880K)] 528073K->476105K(779776K), 0.0112992 secs] [Times: user=0.06 sys=0.00, real=0.01 secs]
2325.749: [GC [PSYoungGen: 52224K->256K(58880K)] 528073K->476105K(779776K), 0.0112992 secs] [Times: user=0.06 sys=0.00, real=0.01 secs]
2325.749: [GC [PSYoungGen: 52224K->256K(58880K)] 528073K->476105K(779776K), 0.0112992 secs] [Times: user=0.06 sys=0.00, real=0.01 secs]
2325.749: [GC [PSYoungGen: 52224K->256K(58880K)] 528073K->476105K(779776K), 0.0112992 secs] [Times: user=0.06 sys=0.00, real=0.01 secs]
2325.749: [GC [PSYoungGen: 52224K->256K(58880K)] 528073K->476105K(779776K), 0.0112992 secs] [Times: user=0.06 sys=0.00, real=0.01 secs]
2325.749: [GC [PSYoungGen: 52224K->256K(58880K)] 528073K->476105K(779776K), 0.0112992 secs] [Times: user=0.06 sys=0.00, real=0.01 secs]
2325.749: [GC [PSYoungGen: 52224K->256K(58880K)] 528073K->476105K(779776K), 0.0112992 secs] [Times: user=0.06 sys=0.00, real=0.01 secs]
2325.749: [GC [PSYoungGen: 52224K->256K(58880K)] 528073K->476105K(779776K), 0.0112992 secs] [Times: user=0.06 sys=0.00, real=0.01 secs]
2325.749: [GC [PSYoungGen: 52224K->256K(58880K)] 528073K->476105K(779776K), 0.0112992 secs] [Times: user=0.06 sys=0.00, real=0.01 secs]
2325.749: [GC [PSYoungGen: 52224K->256K(58880K)] 528073K->476105K(779776K), 0.0112992 secs] [Times: user=0.06 sys=0.00, real=0.01 secs]
2325.749: [GC [PSYoungGen: 52224K->256K(58880K)] 528073K->476105K(779776K), 0.0112992 secs] [Times: user=0.06 sys=0.00, real=0.01 secs]
2325.749: [GC [PSYoungGen: 52224K->256K(58880K)] 528073K->476105K(779776K), 0.0112992 secs] [Times: user=0.06 sys=0.00, real=0.01 secs]
2325.749: [GC [PSYoungGen: 52224K->256K(58880K)] 528073K->476105K(779776K), 0.0112992 secs] [Times: user=0.06 sys=0.00, real=0.01 secs]
2325.749: [GC [PSYoungGen: 52224K->256K(58880K)] 528073K->476105K(779776K), 0.0112992 secs] [Times: user=0.06 sys=0.00, real=0.01 secs]
2325.749: [GC [PSYoungGen: 52224K->256K(58880K)] 528073K->476105K(779776K), 0.0112992 secs] [Times: user=0.06 sys=0.00, real=0.01 secs]
2325.749: [GC [PSYoungGen: 52224K->256K(58880K)] 528073K->476105K(779776K), 0.0112992 secs] [Times: user=0.06 sys=0.00, real=0.01 secs]
2325.749: [GC [PSYoungGen: 52224K->256K(58880K)] 528073K->476105K(779776K), 0.0112992 secs] [Times: user=0.06 sys=0.00, real=0.01 secs]
2325.749: [GC [PSYoungGen: 52224K->256K(58880K)] 528073K->476105K(779776K), 0.0112992 secs] [Times: user=0.06 sys=0.00, real=0.01 secs]
2325.749: [GC [PSYoungGen: 52224K->256K(58880K)] 528073K->476105K(779776K), 0.0112992 secs] [Times: user=0.06 sys=0.00, real=0.01 secs]
2325.749: [GC [PSYoungGen: 52224K->256K(58880K)] 528073K->476105K(779776K), 0.0112992 secs] [Times: user=0.06 sys=0.00, real=0.01 secs]
2325.749: [GC [PSYoungGen: 52224K->256K(58880K)] 528073K->476105K(779776K), 0.0112992 secs] [Times: user=0.06 sys=0.00, real=0.01 secs]
2325.749: [GC [PSYoungGen: 52224K->256K(58880K)] 528073K->476105K(779776K), 0.0112992 secs] [Times: user=0.06 sys=0.00, real=0.01 secs]
2325.749: [GC [PSYoungGen: 52224K->256K(58880K)] 528073K->476105K(779776K), 0.0112992 secs] [Times: user=0.06 sys=0.00, real=0.01 secs]
2325.749: [GC [PSYoungGen: 52224K->256K(58880K)] 528073K->476105K(779776K), 0.0112992 secs] [Times: user=0.06 sys=0.00, real=0.01 secs]
2325.749: [GC [PSYoungGen: 52224K->256K(58880K)] 528073K->476105K(779776K), 0.0112992 secs] [Times: user=0.06 sys=0.00, real=0.01 secs]
2325.749: [GC [PSYoungGen: 52224K->256K(58880K)] 528073K->476105K(779776K), 0.0112992 secs] [Times: user=0.06 sys=0.00, real=0.01 secs]
2325.749: [GC [PSYoungGen: 52224K->256K(58880K)] 528073K->476105K(779776K), 0.0112992 secs] [Times: user=0.06 sys=0.00, real=0.01 secs]
2325.749: [GC [PSYoungGen: 52224K->256K(58880K)] 528073K->476105K(779776K), 0.0112992 secs] [Times: user=0.06 sys=0.00, real=0.01 secs]
2325.749: [GC [PSYoungGen: 52224K->256K(58880K)] 528073K->476105K(779776K), 0.0112992 secs] [Times: user=0.06 sys=0.00, real=0.01 secs]
2325.749: [GC [PSYoungGen: 52224K->256K(58880K)] 528073K->476105K(779776K), 0.0112992 secs] [Times: user=0.06 sys=0.00, real=0.01 secs]
2325.749: [GC [PSYoungGen: 52224K->256K(58880K)] 528073K->476105K(779776K), 0.0112992 secs] [Times: user=0.06 sys=0.00, real=0.01 secs]
2325.749: [GC [PSYoungGen: 52224K->256K(58880K)] 528073K->476105K(779776K), 0.0112992 secs] [Times: user=0.06 sys=0.00, real=0.01 secs]
2325.749: [GC [PSYoungGen: 52224K->256K(58880K)] 528073K->476105K(779776K), 0.0112992 secs] [Times: user=0.06 sys=0.00, real=0.01 secs]
2325.749: [GC [PSYoungGen: 52224K->256K(58880K)] 528073K->476105K(779776K), 0.0112992 secs] [Times: user=0.06 sys=0.00, real=0.01 secs]
2325.749: [GC [PSYoungGen: 52224K->256K(58880K)] 528073K->476105K(779776K), 0.0112992 secs] [Times: user=0.06 sys=0.00, real=0.01 secs]
2325.749: [GC [PSYoungGen: 52224K->256K(58880K)] 528073K->476105K(779776K), 0.0112992 secs] [Times: user=0.06 sys=0.00, real=0.01 secs]
2325.749: [GC [PSYoungGen: 52224K->256K(58880K)] 528073K->476105K(779776K), 0.0112992 secs] [Times: user=0.06 sys=0.00, real=0.01 secs]
2325.749: [GC [PSYoungGen: 52224K->256K(58880K)] 528073K->476105K(779776K), 0.0112992 secs] [Times: user=0.06 sys=0.00, real=0.01 secs]
2325.749: [GC [PSYoungGen: 52224K->256K(58880K)] 528073K->476105K(779776K), 0.0112992 secs] [Times: user=0.06 sys=0.00, real=0.01 secs]
2325.749: [GC [PSYoungGen: 52224K->256K(58880K)] 528073K->476105K(779776K), 0.0112992 secs] [Times: user=0.06 sys=0.00, real=0.01 secs]
2325.749: [GC [PSYoungGen: 52224K->256K(58880K)] 528073K->476105K(779776K), 0.0112992 secs] [Times: user=0.06 sys=0.00, real=0.01 secs]
2325.749: [GC [PSYoungGen: 52224K->256K(58880K)] 528073K->476105K(779776K), 0.0112992 secs] [Times: user=0.06 sys=0.00, real=0.01 secs]
2325.749: [GC [PSYoungGen: 52224K->256K(58880K)] 528073K->476105K(779776K), 0.0112992 secs] [Times: user=0.06 sys=0.00, real=0.01 secs]
2325.749: [GC [PSYoungGen: 52224K->256K(58880K)] 528073K->476105K(779776K), 0.0112992 secs] [Times: user=0.06 sys=0.00, real=0.01 secs]
2325.749: [GC [PSYoungGen: 52224K->256K(58880K)] 528073K->476105K(779776K), 0.0112992 secs] [Times: user=0.06 sys=0.00, real=0.01 secs]
2325.749: [GC [PSYoungGen: 52224K->256K(58880K)] 528073K->476105K(779776K), 0.0112992 secs] [Times: user=0.06 sys=0.00, real=0.01 secs]
2325.749: [GC [PSYoungGen: 52224K->256K(58880K)] 528073K->476105K(779776K), 0.0112992 secs] [Times: user=0.06 sys=0.00, real=0.01 secs]
2325.749: [GC [PSYoungGen: 52224K->256K(58880K)] 528073K->476105K(779776K), 0.0112992 secs] [Times: user=0.06 sys=0.00, real=0.01 secs]
2325.749: [GC [PSYoungGen: 52224K->256K(58880K)] 528073K->476105K(779776K), 0.0112992 secs] [Times: user=0.06 sys=0.00, real=0.01 secs]
2325.749: [GC [PSYoungGen: 52224K->256K(58880K)] 528073K->476105K(779776K), 0.0112992 secs] [Times: user=0.06 sys=0.00, real=0.01 secs]
2325.749: [GC [PSYoungGen: 52224K->256K(58880K)] 528073K->476105K(779776K), 0.0112992 secs] [Times: user=0.06 sys=0.00, real=0.01 secs]
2325.749: [GC [PSYoungGen: 52224K->256K(58880K)] 528073K->476105K(779776K), 0.0112992 secs] [Times: user=0.06 sys=0.00, real=0.01 secs]
2325.749: [GC [PSYoungGen: 52224K->256K(58880K)] 528073K->476105K(779776K), 0.0112992 secs] [Times: user=0.06 sys=0.00, real=0.01 secs]
2325.749: [GC [PSYoungGen: 52224K->256K(58880K)] 528073K->476105K(779776K), 0.0112992 secs] [Times: user=0.06 sys=0.00, real=0.01 secs]
2325.749: [GC [PSYoungGen: 52224K->256K(58880K)] 528073K->476105K(779776K), 0.0112992 secs] [Times: user=0.06 sys=0.00, real=0.01 secs]
2325.749: [GC [PSYoungGen: 52224K->256K(58880K)] 528073K->476105K(779776K), 0.0112992 secs] [Times: user=0.06 sys=0.00, real=0.01 secs]
2325.749: [GC [PSYoungGen: 52224K->256K(58880K)] 528073K->476105K(779776K), 0.0112992 secs] [Times: user=0.06 sys=0.00, real=0.01 secs]
2325.749: [GC [PSYoungGen: 52224K->256K(58880K)] 528073K->476105K(779776K), 0.0112992 secs] [Times: user=0.06 sys=0.00, real=0.01 secs]
2325.749: [GC [PSYoungGen: 52224K->256K(58880K)] 528073K->476105K(779776K), 0.0112992 secs] [Times: user=0.06 sys=0.00, real=0.01 secs]
2325.749: [GC [PSYoungGen: 52224K->256K(58880K)] 528073K->476105K(779776K), 0.0112992 secs] [Times: user=0.06 sys=0.00, real=0.01 secs]
2325.749: [GC [PSYoungGen: 52224K->256K(58880K)] 528073K->476105K(779776K), 0.0112992 secs] [Times: user=0.06 sys=0.00, real=0.01 secs]
2325.749: [GC [PSYoungGen: 52224K->256K(58880K)] 528073K->476105K(779776K), 0.0112992 secs] [Times: user=0.06 sys=0.00, real=0.01 secs]
2325.749: [GC [PSYoungGen: 52224K->256K(58880K)] 528073K->476105K(779776K), 0.0112992 secs] [Times: user=0.06 sys=0.00, real=0.01 secs]
2325.749: [GC [PSYoungGen: 52224K->256K(58880K)] 528073K->476105K(779776K), 0.0112992 secs] [Times: user=0.06 sys=0.00, real=0.01 secs]
2325.749: [GC [PSYoungGen: 52224K->256K(58880K)] 528073K->476105K(779776K), 0.0112992 secs] [Times: user=0.06 sys=0.00, real=0.01 secs]
2325.749: [GC [PSYoungGen: 52224K->256K(58880K)] 528073K->476105K(779776K), 0.0112992 secs] [Times: user=0.06 sys=0.00, real=0.01 secs]
2325.749: [GC [PSYoungGen: 52224K->256K(58880K)] 528073K->476105K(779776K), 0.0112992 secs] [Times: user=0.06 sys=0.00, real=0.01 secs]
2325.749: [GC [PSYoungGen: 52224K->256K(58880K)] 528073K->476105K(779776K), 0.0112992 secs] [Times: user=0.06 sys=0.00, real=0.01 secs]
2325.749: [GC [PSYoungGen: 52224K->256K(58880K)] 528073K->476105K(779776K), 0.0112992 secs] [Times: user=0.06 sys=0.00, real=0.01 secs]
2325.749: [GC [PSYoungGen: 52224K->256K(58880K)] 528073K->476105K(779776K), 0.0112992 secs] [Times: user=0.06 sys=0.00, real=0.01 secs]
2325.749: [GC [PSYoungGen: 52224K->256K(58880K)] 528073K->476105K(779776K), 0.0112992 secs] [Times: user=0.06 sys=0.00, real=0.01 secs]
2325.749: [GC [PSYoungGen: 52224K->256K(58880K)] 528073K->476105K(779776K), 0.0112992 secs] [Times: user=0.06 sys=0.00, real=0.01 secs]
2325.749: [GC [PSYoungGen: 52224K->256K(58880K)] 528073K->476105K(779776K), 0.0112992 secs] [Times: user=0.06 sys=0.00, real=0.01 secs]
2325.749: [GC [PSYoungGen: 52224K->256K(58880K)] 528073K->476105K(779776K), 0.0112992 secs] [Times: user=0.06 sys=0.00, real=0.01 secs]
2325.749: [GC [PSYoungGen: 52224K->256K(58880K)] 528073K->476105K(779776K), 0.0112992 secs] [Times: user=0.06 sys=0.00, real=0.01 secs]
2325.749: [GC [PSYoungGen: 52224K->256K(58880K)] 528073K->476105K(779776K), 0.0112992 secs] [Times: user=0.06 sys=0.00, real=0.01 secs]
2325.749: [GC [PSYoungGen: 52224K->256K(58880K)] 528073K->476105K(779776K), 0.0112992 secs] [Times: user=0.06 sys=0.00, real=0.01 secs]
2325.749: [GC [PSYoungGen: 52224K->256K(58880K)] 528073K->476105K(779776K), 0.0112992 secs] [Times: user=0.06 sys=0.00, real=0.01 secs]
2325.749: [GC [PSYoungGen: 52224K->256K(58880K)] 528073K->476105K(779776K), 0.0112992 secs] [Times: user=0.06 sys=0.00, real=0.01 secs]
2325.749: [GC [PSYoungGen: 52224K->256K(58880K)] 528073K->476105K(779776K), 0.0112992 secs] [Times: user=0.06 sys=0.00, real=0.01 secs]
2325.749: [GC [PSYoungGen: 52224K->256K(58880K)] 528073K->476105K(779776K), 0.0112992 secs] [Times: user=0.06 sys=0.00, real=0.01 secs]
2325.749: [GC [PSYoungGen: 52224K->256K(58880K)] 528073K->476105K(779776K), 0.0112992 secs] [Times: user=0.06 sys=0.00, real=0.01 secs]
2325.749: [GC [PSYoungGen: 52224K->256K(58880K)] 528073K->476105K(779776K), 0.0112992 secs] [Times: user=0.06 sys=0.00, real=0.01 secs]
2325.749: [GC [PSYoungGen: 52224K->256K(58880K)] 528073K->476105K(779776K), 0.0112992 secs] [Times: user=0.06 sys=0.00, real=0.01 secs]
2325.749: [GC [PSYoungGen: 52224K->256K(58880K)] 528073K->476105K(779776K), 0.0112992 secs] [Times: user=0.06 sys=0.00, real=0.01 secs]
2325.749: [GC [PSYoungGen: 52224K->256K(58880K)] 528073K->476105K(779776K), 0.0112992 secs] [Times: user=0.06 sys=0.00, real=0.01 secs]
2325.749: [GC [PSYoungGen: 52224K->256K(58880K)] 528073K->476105K(779776K), 0.0112992 secs] [Times: user=0.06 sys=0.00, real=0.01 secs]
2325.749: [GC [PSYoungGen: 52224K->256K(58880K)] 528073K->476105K(779776K), 0.0112992 secs] [Times: user=0.06 sys=0.00, real=0.01 secs]
2325.749: [GC [PSYoungGen: 52224K->256K(58880K)] 528073K->476105K(779776K), 0.0112992 secs] [Times: user=0.06 sys=0.00, real=0.01 secs]
2325.749: [GC [PSYoungGen: 52224K->256K(58880K)] 528073K->476105K(779776K), 0.0112992 secs] [Times: user=0.06 sys=0.00, real=0.01 secs]
2325.749: [GC [PSYoungGen: 52224K->256K(58880K)] 528073K->476105K(779776K), 0.0112992 secs] [Times: user=0.06 sys=0.00, real=0.01 secs]
2325.749: [GC [PSYoungGen: 52224K->256K(58880K)] 528073K->476105K(779776K), 0.0112992 secs] [Times: user=0.06 sys=0.00, real=0.01 secs]
2325.749: [GC [PSYoungGen: 52224K->256K(58880K)] 528073K->476105K(779776K), 0.0112992 secs] [Times: user=0.06 sys=0.00, real=0.01 secs]
2325.749: [GC [PSYoungGen: 52224K->256K(58880K)] 528073K->476105K(779776K), 0.0112992 secs] [Times: user=0.06 sys=0.00, real=0.01 secs]
2325.749: [GC [PSYoungGen: 52224K->256K(58880K)] 528073K->476105K(779776K), 0.0112992 secs] [Times: user=0.06 sys=0.00, real=0.01 secs]
2325.749: [GC [PSYoungGen: 52224K->256K(58880K)] 528073K->476105K(779776K), 0.0112992 secs] [Times: user=0.06 sys=0.00, real=0.01 secs]
2325.749: [GC [PSYoungGen: 52224K->256K(58880K)] 528073K->476105K(779776K), 0.0112992 secs] [Times: user=0.06 sys=0.00, real=0.01 secs]
2325.749: [GC [PSYoungGen: 52224K->256K(58880K)] 528073K->476105K(779776K), 0.0112992 secs] [Times: user=0.06 sys=0.00, real=0.01 secs]
2325.749: [GC [PSYoungGen: 52224K->256K(58880K)] 528073K->476105K(779776K), 0.0112992 secs] [Times: user=0.06 sys=0.00, real=0.01 secs]
2325.749: [GC [PSYoungGen: 52224K->256K(58880K)] 528073K->476105K(779776K), 0.0112992 secs] [Times: user=0.06 sys=0.00, real=0.01 secs]
2325.749: [GC [PSYoungGen: 52224K->256K(58880K)] 528073K->476105K(779776K), 0.0112992 secs] [Times: user=0.06 sys=0.00, real=0.01 secs]
2325.749: [GC [PSYoungGen: 52224K->256K(58880K)] 528073K->476105K(779776K), 0.0112992 secs] [Times: user=0.06 sys=0.00, real=0.01 secs]
2325.749: [GC [PSYoungGen: 52224K->256K(58880K)] 528073K->476105K(779776K), 0.0112992 secs] [Times: user=0.06 sys=0.00, real=0.01 secs]
2325.749: [GC [PSYoungGen: 52224K->256K(58880K)] 528073K->476105K(779776K), 0.0112992 secs] [Times: user=0.06 sys=0.00, real=0.01 secs]
2325.749: [GC [PSYoungGen: 52224K->256K(58880K)] 528073K->476105K(779776K), 0.0112992 secs] [Times: user=0.06 sys=0.00, real=0.01 secs]
2325.749: [GC [PSYoungGen: 52224K->256K(58880K)] 528073K->476105K(779776K), 0.0112992 secs] [Times: user=0.06 sys=0.00, real=0.01 secs]
2325.749: [GC [PSYoungGen: 52224K->256K(58880K)] 528073K->476105K(779776K), 0.0112992 secs] [Times: user=0.06 sys=0.00, real=0.01 secs]
2325.749: [GC [PSYoungGen: 52224K->256K(58880K)] 528073K->476105K(779776K), 0.0112992 secs] [Times: user=0.06 sys=0.00, real=0.01 secs]
2325.749: [GC [PSYoungGen: 52224K->256K(58880K)] 528073K->476105K(779776K), 0.0112992 secs] [Times: user=0.06 sys=0.00, real=0.01 secs]
2325.749: [GC [PSYoungGen: 52224K->256K(58880K)] 528073K->476105K(779776K), 0.0112992 secs] [Times: user=0.06 sys=0.00, real=0.01 secs]
2325.749: [GC [PSYoungGen: 52224K->256K(58880K)] 528073K->476105K(779776K), 0.0112992 secs] [Times: user=0.06 sys=0.00, real=0.01 secs]
2325.749: [GC [PSYoungGen: 52224K->256K(58880K)] 528073K->476105K(779776K), 0.0112992 secs] [Times: user=0.06 sys=0.00, real=0.01 secs]
2325.749: [GC [PSYoungGen: 52224K->256K(58880K)] 528073K->476105K(779776K), 0.0112992 secs] [Times: user=0.06 sys=0.00, real=0.01 secs]
2325.749: [GC [PSYoungGen: 52224K->256K(58880K)] 528073K->476105K(779776K), 0.0112992 secs] [Times: user=0.06 sys=0.00, real=0.01 secs]
2325.749: [GC [PSYoungGen: 52224K->256K(58880K)] 528073K->476105K(779776K), 0.0112992 secs] [Times: user=0.06 sys=0.00, real=0.01 secs]
2325.749: [GC [PSYoungGen: 52224K->256K(58880K)] 528073K->476105K(779776K), 0.0112992 secs] [Times: user=0.06 sys=0.00, real=0.01 secs]
2325.749: [GC [PSYoungGen: 52224K->256K(58880K)] 528073K->476105K(779776K), 0.0112992 secs] [Times: user=0.06 sys=0.00, real=0.01 secs]
2325.749: [GC [PSYoungGen: 52224K->256K(58880K)] 528073K->476105K(779776K), 0.0112992 secs] [Times: user=0.06 sys=0.00, real=0.01 secs]
2325.749: [GC [PSYoungGen: 52224K->256K(58880K)] 528073K->476105K(779776K), 0.0112992 secs] [Times: user=0.06 sys=0.00, real=0.01 secs]
2325.749: [GC [PSYoungGen: 52224K->256K(58880K)] 528073K->476105K(779776K), 0.0112992 secs] [Times: user=0.06 sys=0.00, real=0.01 secs]
2325.749: [GC [PSYoungGen: 52224K->256K(58880K)] 528073K->476105K(779776K), 0.0112992 secs] [Times: user=0.06 sys=0.00, real=0.01 secs]
2325.749: [GC [PSYoungGen: 52224K->256K(58880K)] 528073K->476105K(779776K), 0.0112992 secs] [Times: user=0.06 sys=0.00, real=0.01 secs]
2325.749: [GC [PSYoungGen: 52224K->256K(58880K)] 528073K->476105K(779776K), 0.0112992 secs] [Times: user=0.06 sys=0.00, real=0.01 secs]
2325.749: [GC [PSYoungGen: 52224K->256K(58880K)] 528073K->476105K(779776K), 0.0112992 secs] [Times: user=0.06 sys=0.00, real=0.01 secs]
2325.749: [GC [PSYoungGen: 52224K->256K(58880K)] 528073K->476105K(779776K), 0.0112992 secs] [Times: user=0.06 sys=0.00, real=0.01 secs]
2325.749: [GC [PSYoungGen: 52224K->256K(58880K)] 528073K->476105K(779776K), 0.0112992 secs] [Times: user=0.06 sys=0.00, real=0.01 secs]
2325.749: [GC [PSYoungGen: 52224K->256K(58880K)] 528073K->476105K(779776K), 0.0112992 secs] [Times: user=0.06 sys=0.00, real=0.01 secs]
2325.749: [GC [PSYoungGen: 52224K->256K(58880K)] 528073K->476105K(779776K), 0.0112992 secs] [Times: user=0.06 sys=0.00, real=0.01 secs]
2325.749: [GC [PSYoungGen: 52224K->256K(58880K)] 528073K->476105K(779776K), 0.0112992 secs] [Times: user=0.06 sys=0.00, real=0.01 secs]
2325.749: [GC [PSYoungGen: 52224K->256K(58880K)] 528073K->476105K(779776K), 0.0112992 secs] [Times: user=0.06 sys=0.00, real=0.01 secs]
2325.749: [GC [PSYoungGen: 52224K->256K(58880K)] 528073K->476105K(779776K), 0.0112992 secs] [Times: user=0.06 sys=0.00, real=0.01 secs]
2325.749: [GC [PSYoungGen: 52224K->256K(58880K)] 528073K->476105K(779776K), 0.0112992 secs] [Times: user=0.06 sys=0.00, real=0.01 secs]
2325.749: [GC [PSYoungGen: 52224K->256K(58880K)] 528073K->476105K(779776K), 0.0112992 secs] [Times: user=0.06 sys=0.00, real=0.01 secs]
2325.749: [GC [PSYoungGen: 52224K->256K(58880K)] 528073K->476105K(779776K), 0.0112992 secs] [Times: user=0.06 sys=0.00, real=0.01 secs]
2325.749: [GC [PSYoungGen: 52224K->256K(58880K)] 528073K->476105K(779776K), 0.0112992 secs] [Times: user=0.06 sys=0.00, real=0.01 secs]
2325.749: [GC [PSYoungGen: 52224K->256K(58880K)] 528073K->476105K(779776K), 0.0112992 secs] [Times: user=0.06 sys=0.00, real=0.01 secs]
2325.749: [GC [PSYoungGen: 52224K->256K(58880K)] 528073K->476105K(779776K), 0.0112992 secs] [Times: user=0.06 sys=0.00, real=0.01 secs]
2325.749: [GC [PSYoungGen: 52224K->256K(58880K)] 528073K->476105K(779776K), 0.0112992 secs] [Times: user=0.06 sys=0.00, real=0.01 secs]
2325.749: [GC [PSYoungGen: 52224K->256K(58880K)] 528073K->476105K(779776K), 0.0112992 secs] [Times: user=0.06 sys=0.00, real=0.01 secs]
2325.749: [GC [PSYoungGen: 52224K->256K(58880K)] 528073K->476105K(779776K), 0.0112992 secs] [Times: user=0.06 sys=0.00, real=0.01 secs]
2325.749: [GC [PSYoungGen: 52224K->256K(58880K)] 528073K->476105K(779776K), 0.0112992 secs] [Times: user=0.06 sys=0.00, real=0.01 secs]
2325.749: [GC [PSYoungGen: 52224K->256K(58880K)] 528073K->476105K(779776K), 0.0112992 secs] [Times: user=0.06 sys=0.00, real=0.01 secs]
2325.749: [GC [PSYoungGen: 52224K->256K(58880K)] 528073K->476105K(779776K), 0.0112992 secs] [Times: user=0.06 sys=0.00, real=0.01 secs]
2325.749: [GC [PSYoungGen: 52224K->256K(58880K)] 528073K->476105K(779776K), 0.0112992 secs] [Times: user=0.06 sys=0.00, real=0.01 secs]
2325.749: [GC [PSYoungGen: 52224K->256K(58880K)] 528073K->476105K(779776K), 0.0112992 secs] [Times: user=0.06 sys=0.00, real=0.01 secs]
2325.749: [GC [PSYoungGen: 52224K->256K(58880K)] 528073K->476105K(779776K), 0.0112992 secs] [Times: user=0.06 sys=0.00, real=0.01 secs]
2325.749: [GC [PSYoungGen: 52224K->256K(58880K)] 528073K->476105K(779776K), 0.0112992 secs] [Times: user=0.06 sys=0.00, real=0.01 secs]
2325.749: [GC [PSYoungGen: 52224K->256K(58880K)] 528073K->476105K(779776K), 0.0112992 secs] [Times: user=0.06 sys=0.00, real=0.01 secs]
2325.749: [GC [PSYoungGen: 52224K->256K(58880K)] 528073K->476105K(779776K), 0.0112992 secs] [Times: user=0.06 sys=0.00, real=0.01 secs]
2325.749: [GC [PSYoungGen: 52224K->256K(58880K)] 528073K->476105K(779776K), 0.0112992 secs] [Times: user=0.06 sys=0.00, real=0.01 secs]
2325.749: [GC [PSYoungGen: 52224K->256K(58880K)] 528073K->476105K(779776K), 0.0112992 secs] [Times: user=0.06 sys=0.00, real=0.01 secs]
2325.749: [GC [PSYoungGen: 52224K->256K(58880K)] 528073K->476105K(779776K), 0.0112992 secs] [Times: user=0.06 sys=0.00, real=0.01 secs]
2325.749: [GC [PSYoungGen: 52224K->256K(58880K)] 528073K->476105K(779776K), 0.0112992 secs] [Times: user=0.06 sys=0.00, real=0.01 secs]
2325.749: [GC [PSYoungGen: 52224K->256K(58880K)] 528073K->476105K(779776K), 0.0112992 secs] [Times: user=0.06 sys=0.00, real=0.01 secs]
2325.749: [GC [PSYoungGen: 52224K->256K(58880K)] 528073K->476105K(779776K), 0.0112992 secs] [Times: user=0.06 sys=0.00, real=0.01 secs]
2325.749: [GC [PSYoungGen: 52224K->256K(58880K)] 528073K->476105K(779776K), 0.0112992 secs] [Times: user=0.06 sys=0.00, real=0.01 secs]
2325.749: [GC [PSYoungGen: 52224K->256K(58880K)] 528073K->476105K(779776K), 0.0112992 secs] [Times: user=0.06 sys=0.00, real=0.01 secs]
2325.749: [GC [PSYoungGen: 52224K->256K(58880K)] 528073K->476105K(779776K), 0.0112992 secs] [Times: user=0.06 sys=0.00, real=0.01 secs]
2325.749: [GC [PSYoungGen: 52224K->256K(58880K)] 528073K->476105K(779776K), 0.0112992 secs] [Times: user=0.06 sys=0.00, real=0.01 secs]
2325.749: [GC [PSYoungGen: 52224K->256K(58880K)] 528073K->476105K(779776K), 0.0112992 secs] [Times: user=0.06 sys=0.00, real=0.01 secs]
2325.749: [GC [PSYoungGen: 52224K->256K(58880K)] 528073K->476105K(779776K), 0.0112992 secs] [Times: user=0.06 sys=0.00, real=0.01 secs]
2325.749: [GC [PSYoungGen: 52224K->256K(58880K)] 528073K->476105K(779776K), 0.0112992 secs] [Times: user=0.06 sys=0.00, real=0.01 secs]
2325.749: [GC [PSYoungGen: 52224K->256K(58880K)] 528073K->476105K(779776K), 0.0112992 secs] [Times: user=0.06 sys=0.00, real=0.01 secs]
2325.749: [GC [PSYoungGen: 52224K->256K(58880K)] 528073K->476105K(779776K), 0.0112992 secs] [Times: user=0.06 sys=0.00, real=0.01 secs]
2325.749: [GC [PSYoungGen: 52224K->256K(58880K)] 528073K->476105K(779776K), 0.0112992 secs] [Times: user=0.06 sys=0.00, real=0.01 secs]
2325.749: [GC [PSYoungGen: 52224K->256K(58880K)] 528073K->476105K(779776K), 0.0112992 secs] [Times: user=0.06 sys=0.00, real=0.01 secs]
2325.749: [GC [PSYoungGen: 52224K->256K(58880K)] 528073K->476105K(779776K), 0.0112992 secs] [Times: user=0.06 sys=0.00, real=0.01 secs]
2325.749: [GC [PSYoungGen: 52224K->256K(58880K)] 528073K->476105K(779776K), 0.0112992 secs] [Times: user=0.06 sys=0.00, real=0.01 secs]
2325.749: [GC [PSYoungGen: 52224K->256K(58880K)] 528073K->476105K(779776K), 0.0112992 secs] [Times: user=0.06 sys=0.00, real=0.01 secs]
2325.749: [GC [PSYoungGen: 52224K->256K(58880K)] 528073K->476105K(779776K), 0.0112992 secs] [Times: user=0.06 sys=0.00, real=0.01 secs]
2325.749: [GC [PSYoungGen: 52224K->256K(58880K)] 528073K->476105K(779776K), 0.0112992 secs] [Times: user=0.06 sys=0.00, real=0.01 secs]
2325.749: [GC [PSYoungGen: 52224K->256K(58880K)] 528073K->476105K(779776K), 0.0112992 secs] [Times: user=0.06 sys=0.00, real=0.01 secs]
2325.749: [GC [PSYoungGen: 52224K->256K(58880K)] 528073K->476105K(779776K), 0.0112992 secs] [Times: user=0.06 sys=0.00, real=0.01 secs]
2325.749: [GC [PSYoungGen: 52224K->256K(58880K)] 528073K->476105K(779776K), 0.0112992 secs] [Times: user=0.06 sys=0.00, real=0.01 secs]
2325.749: [GC [PSYoungGen: 52224K->256K(58880K)] 528073K->476105K(779776K), 0.0112992 secs] [Times: user=0.06 sys=0.00, real=0.01 secs]
2325.749: [GC [PSYoungGen: 52224K->256K(58880K)] 528073K->476105K(779776K), 0.0112992 secs] [Times: user=0.06 sys=0.00, real=0.01 secs]
2325.749: [GC [PSYoungGen: 52224K->256K(58880K)] 528073K->476105K(779776K), 0.0112992 secs] [Times: user=0.06 sys=0.00, real=0.01 secs]
2325.749: [GC [PSYoungGen: 52224K->256K(58880K)] 528073K->476105K(779776K), 0.0112992 secs] [Times: user=0.06 sys=0.00, real=0.01 secs]
2325.749: [GC [PSYoungGen: 52224K->256K(58880K)] 528073K->476105K(779776K), 0.0112992 secs] [Times: user=0.06 sys=0.00, real=0.01 secs]
2325.749: [GC [PSYoungGen: 52224K->256K(58880K)] 528073K->476105K(779776K), 0.0112992 secs] [Times: user=0.06 sys=0.00, real=0.01 secs]
2325.749: [GC [PSYoungGen: 52224K->256K(58880K)] 528073K->476105K(779776K), 0.0112992 secs] [Times: user=0.06 sys=0.00, real=0.01 secs]
2325.749: [GC [PSYoungGen: 52224K->256K(58880K)] 528073K->476105K(779776K), 0.0112992 secs] [Times: user=0.06 sys=0.00, real=0.01 secs]
2325.749: [GC [PSYoungGen: 52224K->256K(58880K)] 528073K->476105K(779776K), 0.0112992 secs] [Times: user=0.06 sys=0.00, real=0.01 secs]
2325.749: [GC [PSYoungGen: 52224K->256K(58880K)] 528073K->476105K(779776K), 0.0112992 secs] [Times: user=0.06 sys=0.00, real=0.01 secs]
2325.749: [GC [PSYoungGen: 52224K->256K(58880K)] 528073K->476105K(779776K), 0.0112992 secs] [Times: user=0.06 sys=0.00, real=0.01 secs]
2325.749: [GC [PSYoungGen: 52224K->256K(58880K)] 528073K->476105K(779776K), 0.0112992 secs] [Times: user=0.06 sys=0.00, real=0.01 secs]
2325.749: [GC [PSYoungGen: 52224K->256K(58880K)] 528073K->476105K(779776K), 0.0112992 secs] [Times: user=0.06 sys=0.00, real=0.01 secs]
2325.749: [GC [PSYoungGen: 52224K->256K(58880K)] 528073K->476105K(779776K), 0.0112992 secs] [Times: user=0.06 sys=0.00, real=0.01 secs]
2325.749: [GC [PSYoungGen: 52224K->256K(58880K)] 528073K->476105K(779776K), 0.0112992 secs] [Times: user=0.06 sys=0.00, real=0.01 secs]
2325.749: [GC [PSYoungGen: 52224K->256K(58880K)] 528073K->476105K(779776K), 0.0112992 secs] [Times: user=0.06 sys=0.00, real=0.01 secs]
2325.749: [GC [PSYoungGen: 52224K->256K(58880K)] 528073K->476105K(779776K), 0.0112992 secs] [Times: user=0.06 sys=0.00, real=0.01 secs]
2325.749: [GC [PSYoungGen: 52224K->256K(58880K)] 528073K->476105K(779776K), 0.0112992 secs] [Times: user=0.06 sys=0.00, real=0.01 secs]
2325.749: [GC [PSYoungGen: 52224K->256K(58880K)] 528073K->476105K(779776K), 0.0112992 secs] [Times: user=0.06 sys=0.00, real=0.01 secs]
2325.749: [GC [PSYoungGen: 52224K->256K(58880K)] 528073K->476105K(779776K), 0.0112992 secs] [Times: user=0.06 sys=0.00, real=0.01 secs]
2325.749: [GC [PSYoungGen: 52224K->256K(58880K)] 528073K->476105K(779776K), 0.0112992 secs] [Times: user=0.06 sys=0.00, real=0.01 secs]
2325.749: [GC [PSYoungGen: 52224K->256K(58880K)] 528073K->476105K(779776K), 0.0112992 secs] [Times: user=0.06 sys=0.00, real=0.01 secs]
2325.749: [GC [PSYoungGen: 52224K->256K(58880K)] 528073K->476105K(779776K), 0.0112992 secs] [Times: user=0.06 sys=0.00, real=0.01 secs]
2325.749: [GC [PSYoungGen: 52224K->256K(58880K)] 528073K->476105K(779776K), 0.0112992 secs] [Times: user=0.06 sys=0.00, real=0.01 secs]
2325.749: [GC [PSYoungGen: 52224K->256K(58880K)] 528073K->476105K(779776K), 0.0112992 secs] [Times: user=0.06 sys=0.00, real=0.01 secs]
2325.749: [GC [PSYoungGen: 52224K->256K(58880K)] 528073K->476105K(779776K), 0.0112992 secs] [Times: user=0.06 sys=0.00, real=0.01 secs]
2325.749: [GC [PSYoungGen: 52224K->256K(58880K)] 528073K->476105K(779776K), 0.0112992 secs] [Times: user=0.06 sys=0.00, real=0.01 secs]
2325.749: [GC [PSYoungGen: 52224K->256K(58880K)] 528073K->476105K(779776K), 0.0112992 secs] [Times: user=0.06 sys=0.00, real=0.01 secs]
2325.749: [GC [PSYoungGen: 52224K->256K(58880K)] 528073K->476105K(779776K), 0.0112992 secs] [Times: user=0.06 sys=0.00, real=0.01 secs]
2325.749: [GC [PSYoungGen: 52224K->256K(58880K)] 528073K->476105K(779776K), 0.0112992 secs] [Times: user=0.06 sys=0.00, real=0.01 secs]
2325.749: [GC [PSYoungGen: 52224K->256K(58880K)] 528073K->476105K(779776K), 0.0112992 secs] [Times: user=0.06 sys=0.00, real=0.01 secs]
2325.749: [GC [PSYoungGen: 52224K->256K(58880K)] 528073K->476105K(779776K), 0.0112992 secs] [Times: user=0.06 sys=0.00, real=0.01 secs]
2325.749: [GC [PSYoungGen: 52224K->256K(58880K)] 528073K->476105K(779776K), 0.0112992 secs] [Times: user=0.06 sys=0.00, real=0.01 secs]
2325.749: [GC [PSYoungGen: 52224K->256K(58880K)] 528073K->476105K(779776K), 0.0112992 secs] [Times: user=0.06 sys=0.00, real=0.01 secs]
2325.749: [GC [PSYoungGen: 52224K->256K(58880K)] 528073K->476105K(779776K), 0.0112992 secs] [Times: user=0.06 sys=0.00, real=0.01 secs]
2325.749: [GC [PSYoungGen: 52224K->256K(58880K)] 528073K->476105K(779776K), 0.0112992 secs] [Times: user=0.06 sys=0.00, real=0.01 secs]
2325.749: [GC [PSYoungGen: 52224K->256K(58880K)] 528073K->476105K(779776K), 0.0112992 secs] [Times: user=0.06 sys=0.00, real=0.01 secs]
2325.749: [GC [PSYoungGen: 52224K->256K(58880K)] 528073K->476105K(779776K), 0.0112992 secs] [Times: user=0.06 sys=0.00, real=0.01 secs]
2325.749: [GC [PSYoungGen: 52224K->256K(58880K)] 528073K->476105K(779776K), 0.0112992 secs] [Times: user=0.06 sys=0.00, real=0.01 secs]
2325.749: [GC [PSYoungGen: 52224K->256K(58880K)] 528073K->476105K(779776K), 0.0112992 secs] [Times: user=0.06 sys=0.00, real=0.01 secs]
2325.749: [GC [PSYoungGen: 52224K->256K(58880K)] 528073K->476105K(779776K), 0.0112992 secs] [Times: user=0.06 sys=0.00, real=0.01 secs]
2325.749: [GC [PSYoungGen: 52224K->256K(58880K)] 528073K->476105K(779776K), 0.0112992 secs] [Times: user=0.06 sys=0.00, real=0.01 secs]
2325.749: [GC [PSYoungGen: 52224K->256K(58880K)] 528073K->476105K(779776K), 0.0112992 secs] [Times: user=0.06 sys=0.00, real=0.01 secs]
2325.749: [GC [PSYoungGen: 52224K->256K(58880K)] 528073K->476105K(779776K), 0.0112992 secs] [Times: user=0.06 sys=0.00, real=0.01 secs]
2325.749: [GC [PSYoungGen: 52224K->256K(58880K)] 528073K->476105K(779776K), 0.0112992 secs] [Times: user=0.06 sys=0.00, real=0.01 secs]
2325.749: [GC [PSYoungGen: 52224K->256K(58880K)] 528073K->476105K(779776K), 0.0112992 secs] [Times: user=0.06 sys=0.00, real=0.01 secs]
2325.749: [GC [PSYoungGen: 52224K->256K(58880K)] 528073K->476105K(779776K), 0.0112992 secs] [Times: user=0.06 sys=0.00, real=0.01 secs]
2325.749: [GC [PSYoungGen: 52224K->256K(58880K)] 528073K->476105K(779776K), 0.0112992 secs] [Times: user=0.06 sys=0.00, real=0.01 secs]
2325.749: [GC [PSYoungGen: 52224K->256K(58880K)] 528073K->476105K(779776K), 0.0112992 secs] [Times: user=0.06 sys=0.00, real=0.01 secs]
2325.749: [GC [PSYoungGen: 52224K->256K(58880K)] 528073K->476105K(779776K), 0.0112992 secs] [Times: user=0.06 sys=0.00, real=0.01 secs]
2325.749: [GC [PSYoungGen: 52224K->256K(58880K)] 528073K->476105K(779776K), 0.0112992 secs] [Times: user=0.06 sys=0.00, real=0.01 secs]
2325.749: [GC [PSYoungGen: 52224K->256K(58880K)] 528073K->476105K(779776K), 0.0112992 secs] [Times: user=0.06 sys=0.00, real=0.01 secs]
2325.749: [GC [PSYoungGen: 52224K->256K(58880K)] 528073K->476105K(779776K), 0.0112992 secs] [Times: user=0.06 sys=0.00, real=0.01 secs]
2325.749: [GC [PSYoungGen: 52224K->256K(58880K)] 528073K->476105K(779776K), 0.0112992 secs] [Times: user=0.06 sys=0.00, real=0.01 secs]
2325.749: [GC [PSYoungGen: 52224K->256K(58880K)] 528073K->476105K(779776K), 0.0112992 secs] [Times: user=0.06 sys=0.00, real=0.01 secs]
2325.749: [GC [PSYoungGen: 52224K->256K(58880K)] 528073K->476105K(779776K), 0.0112992 secs] [Times: user=0.06 sys=0.00, real=0.01 secs]
2325.749: [GC [PSYoungGen: 52224K->256K(58880K)] 528073K->476105K(779776K), 0.0112992 secs] [Times: user=0.06 sys=0.00, real=0.01 secs]
2325.749: [GC [PSYoungGen: 52224K->256K(58880K)] 528073K->476105K(779776K), 0.0112992 secs] [Times: user=0.06 sys=0.00, real=0.01 secs]
2325.749: [GC [PSYoungGen: 52224K->256K(58880K)] 528073K->476105K(779776K), 0.0112992 secs] [Times: user=0.06 sys=0.00, real=0.01 secs]
2325.749: [GC [PSYoungGen: 52224K->256K(58880K)] 528073K->476105K(779776K), 0.0112992 secs] [Times: user=0.06 sys=0.00, real=0.01 secs]
2325.749: [GC [PSYoungGen: 52224K->256K(58880K)] 528073K->476105K(779776K), 0.0112992 secs] [Times: user=0.06 sys=0.00, real=0.01 secs]
2325.749: [GC [PSYoungGen: 52224K->256K(58880K)] 528073K->476105K(779776K), 0.0112992 secs] [Times: user=0.06 sys=0.00, real=0.01 secs]
2325.749: [GC [PSYoungGen: 52224K->256K(58880K)] 528073K->476105K(779776K), 0.0112992 secs] [Times: user=0.06 sys=0.00, real=0.01 secs]
2325.749: [GC [PSYoungGen: 52224K->256K(58880K)] 528073K->476105K(779776K), 0.0112992 secs] [Times: user=0.06 sys=0.00, real=0.01 secs]
2325.749: [GC [PSYoungGen: 52224K->256K(58880K)] 528073K->476105K(779776K), 0.0112992 secs] [Times: user=0.06 sys=0.00, real=0.01 secs]
2325.749: [GC [PSYoungGen: 52224K->256K(58880K)] 528073K->476105K(779776K), 0.0112992 secs] [Times: user=0.06 sys=0.00, real=0.01 secs]
2325.749: [GC [PSYoungGen: 52224K->256K(58880K)] 528073K->476105K(779776K), 0.0112992 secs] [Times: user=0.06 sys=0.00, real=0.01 secs]
2325.749: [GC [PSYoungGen: 52224K->256K(58880K)] 528073K->476105K(779776K), 0.0112992 secs] [Times: user=0.06 sys=0.00, real=0.01 secs]
2325.749: [GC [PSYoungGen: 52224K->256K(58880K)] 528073K->476105K(779776K), 0.0112992 secs] [Times: user=0.06 sys=0.00, real=0.01 secs]
2325.749: [GC [PSYoungGen: 52224K->256K(58880K)] 528073K->476105K(779776K), 0.0112992 secs] [Times: user=0.06 sys=0.00, real=0.01 secs]
2325.749: [GC [PSYoungGen: 52224K->256K(58880K)] 528073K->476105K(779776K), 0.0112992 secs] [Times: user=0.06 sys=0.00, real=0.01 secs]
2325.749: [GC [PSYoungGen: 52224K->256K(58880K)] 528073K->476105K(779776K), 0.0112992 secs] [Times: user=0.06 sys=0.00, real=0.01 secs]
2325.749: [GC [PSYoungGen: 52224K->256K(58880K)] 528073K->476105K(779776K), 0.0112992 secs] [Times: user=0.06 sys=0.00, real=0.01 secs]
2325.749: [GC [PSYoungGen: 52224K->256K(58880K)] 528073K->476105K(779776K), 0.0112992 secs] [Times: user=0.06 sys=0.00, real=0.01 secs]
2325.749: [GC [PSYoungGen: 52224K->256K(58880K)] 528073K->476105K(779776K), 0.0112992 secs] [Times: user=0.06 sys=0.00, real=0.01 secs]
2325.749: [GC [PSYoungGen: 52224K->256K(58880K)] 528073K->476105K(779776K), 0.0112992 secs] [Times: user=0.06 sys=0.00, real=0.01 secs]
2325.749: [GC [PSYoungGen: 52224K->256K(58880K)] 528073K->476105K(779776K), 0.0112992 secs] [Times: user=0.06 sys=0.00, real=0.01 secs]
2325.749: [GC [PSYoungGen: 52224K->256K(58880K)] 528073K->476105K(779776K), 0.0112992 secs] [Times: user=0.06 sys=0.00, real=0.01 secs]
2325.749: [GC [PSYoungGen: 52224K->256K(58880K)] 528073K->476105K(779776K), 0.0112992 secs] [Times: user=0.06 sys=0.00, real=0.01 secs]
2325.749: [GC [PSYoungGen: 52224K->256K(58880K)] 528073K->476105K(779776K), 0.0112992 secs] [Times: user=0.06 sys=0.00, real=0.01 secs]
2325.749: [GC [PSYoungGen: 52224K->256K(58880K)] 528073K->476105K(779776K), 0.0112992 secs] [Times: user=0.06 sys=0.00, real=0.01 secs]
2325.749: [GC [PSYoungGen: 52224K->256K(58880K)] 528073K->476105K(779776K), 0.0112992 secs] [Times: user=0.06 sys=0.00, real=0.01 secs]
2325.749: [GC [PSYoungGen: 52224K->256K(58880K)] 528073K->476105K(779776K), 0.0112992 secs] [Times: user=0.06 sys=0.00, real=0.01 secs]
2325.749: [GC [PSYoungGen: 52224K->256K(58880K)] 528073K->476105K(779776K), 0.0112992 secs] [Times: user=0.06 sys=0.00, real=0.01 secs]
2325.749: [GC [PSYoungGen: 52224K->256K(58880K)] 528073K->476105K(779776K), 0.0112992 secs] [Times: user=0.06 sys=0.00, real=0.01 secs]
2325.749: [GC [PSYoungGen: 52224K->256K(58880K)] 528073K->476105K(779776K), 0.0112992 secs] [Times: user=0.06 sys=0.00, real=0.01 secs]
2325.749: [GC [PSYoungGen: 52224K->256K(58880K)] 528073K->476105K(779776K), 0.0112992 secs] [Times: user=0.06 sys=0.00, real=0.01 secs]
2325.749: [GC [PSYoungGen: 52224K->256K(58880K)] 528073K->476105K(779776K), 0.0112992 secs] [Times: user=0.06 sys=0.00, real=0.01 secs]
2325.749: [GC [PSYoungGen: 52224K->256K(58880K)] 528073K->476105K(779776K), 0.0112992 secs] [Times: user=0.06 sys=0.00, real=0.01 secs]
2325.749: [GC [PSYoungGen: 52224K->256K(58880K)] 528073K->476105K(779776K), 0.0112992 secs] [Times: user=0.06 sys=0.00, real=0.01 secs]
2325.749: [GC [PSYoungGen: 52224K->256K(58880K)] 528073K->476105K(779776K), 0.0112992 secs] [Times: user=0.06 sys=0.00, real=0.01 secs]
2325.749: [GC [PSYoungGen: 52224K->256K(58880K)] 528073K->476105K(779776K), 0.0112992 secs] [Times: user=0.06 sys=0.00, real=0.01 secs]
2325.749: [GC [PSYoungGen: 52224K->256K(58880K)] 528073K->476105K(779776K), 0.0112992 secs] [Times: user=0.06 sys=0.00, real=0.01 secs]
2325.749: [GC [PSYoungGen: 52224K->256K(58880K)] 528073K->476105K(779776K), 0.0112992 secs] [Times: user=0.06 sys=0.00, real=0.01 secs]
2325.749: [GC [PSYoungGen: 52224K->256K(58880K)] 528073K->476105K(779776K), 0.0112992 secs] [Times: user=0.06 sys=0.00, real=0.01 secs]
2325.749: [GC [PSYoungGen: 52224K->256K(58880K)] 528073K->476105K(779776K), 0.0112992 secs] [Times: user=0.06 sys=0.00, real=0.01 secs]
2325.749: [GC [PSYoungGen: 52224K->256K(58880K)] 528073K->476105K(779776K), 0.0112992 secs] [Times: user=0.06 sys=0.00, real=0.01 secs]
2325.749: [GC [PSYoungGen: 52224K->256K(58880K)] 528073K->476105K(779776K), 0.0112992 secs] [Times: user=0.06 sys=0.00, real=0.01 secs]
2325.749: [GC [PSYoungGen: 52224K->256K(58880K)] 528073K->476105K(779776K), 0.0112992 secs] [Times: user=0.06 sys=0.00, real=0.01 secs]
2325.749: [GC [PSYoungGen: 52224K->256K(58880K)] 528073K->476105K(779776K), 0.0112992 secs] [Times: user=0.06 sys=0.00, real=0.01 secs]
2325.749: [GC [PSYoungGen: 52224K->256K(58880K)] 528073K->476105K(779776K), 0.0112992 secs] [Times: user=0.06 sys=0.00, real=0.01 secs]
2325.749: [GC [PSYoungGen: 52224K->256K(58880K)] 528073K->476105K(779776K), 0.0112992 secs] [Times: user=0.06 sys=0.00, real=0.01 secs]
2325.749: [GC [PSYoungGen: 52224K->256K(58880K)] 528073K->476105K(779776K), 0.0112992 secs] [Times: user=0.06 sys=0.00, real=0.01 secs]
2325.749: [GC [PSYoungGen: 52224K->256K(58880K)] 528073K->476105K(779776K), 0.0112992 secs] [Times: user=0.06 sys=0.00, real=0.01 secs]
2325.749: [GC [PSYoungGen: 52224K->256K(58880K)] 528073K->476105K(779776K), 0.0112992 secs] [Times: user=0.06 sys=0.00, real=0.01 secs]
2325.749: [GC [PSYoungGen: 52224K->256K(58880K)] 528073K->476105K(779776K), 0.0112992 secs] [Times: user=0.06 sys=0.00, real=0.01 secs]
2325.749: [GC [PSYoungGen: 52224K->256K(58880K)] 528073K->476105K(779776K), 0.0112992 secs] [Times: user=0.06 sys=0.00, real=0.01 secs]
2325.749: [GC [PSYoungGen: 52224K->256K(58880K)] 528073K->476105K(779776K), 0.0112992 secs] [Times: user=0.06 sys=0.00, real=0.01 secs]
2325.749: [GC [PSYoungGen: 52224K->256K(58880K)] 528073K->476105K(779776K), 0.0112992 secs] [Times: user=0.06 sys=0.00, real=0.01 secs]
2325.749: [GC [PSYoungGen: 52224K->256K(58880K)] 528073K->476105K(779776K), 0.0112992 secs] [Times: user=0.06 sys=0.00, real=0.01 secs]
2325.749: [GC [PSYoungGen: 52224K->256K(58880K)] 528073K->476105K(779776K), 0.0112992 secs] [Times: user=0.06 sys=0.00, real=0.01 secs]
2325.749: [GC [PSYoungGen: 52224K->256K(58880K)] 528073K->476105K(779776K), 0.0112992 secs] [Times: user=0.06 sys=0.00, real=0.01 secs]
2325.749: [GC [PSYoungGen: 52224K->256K(58880K)] 528073K->476105K(779776K), 0.0112992 secs] [Times: user=0.06 sys=0.00, real=0.01 secs]
2325.749: [GC [PSYoungGen: 52224K->256K(58880K)] 528073K->476105K(779776K), 0.0112992 secs] [Times: user=0.06 sys=0.00, real=0.01 secs]
2325.749: [GC [PSYoungGen: 52224K->256K(58880K)] 528073K->476105K(779776K), 0.0112992 secs] [Times: user=0.06 sys=0.00, real=0.01 secs]
2325.749: [GC [PSYoungGen: 52224K->256K(58880K)] 528073K->476105K(779776K), 0.0112992 secs] [Times: user=0.06 sys=0.00, real=0.01 secs]
2325.749: [GC [PSYoungGen: 52224K->256K(58880K)] 528073K->476105K(779776K), 0.0112992 secs] [Times: user=0.06 sys=0.00, real=0.01 secs]
2325.749: [GC [PSYoungGen: 52224K->256K(58880K)] 528073K->476105K(779776K), 0.0112992 secs] [Times: user=0.06 sys=0.00, real=0.01 secs]
2325.749: [GC [PSYoungGen: 52224K->256K(58880K)] 528073K->476105K(779776K), 0.0112992 secs] [Times: user=0.06 sys=0.00, real=0.01 secs]
2325.749: [GC [PSYoungGen: 52224K->256K(58880K)] 528073K->476105K(779776K), 0.0112992 secs] [Times: user=0.06 sys=0.00, real=0.01 secs]
2325.749: [GC [PSYoungGen: 52224K->256K(58880K)] 528073K->476105K(779776K), 0.0112992 secs] [Times: user=0.06 sys=0.00, real=0.01 secs]
2325.749: [GC [PSYoungGen: 52224K->256K(58880K)] 528073K->476105K(779776K), 0.0112992 secs] [Times: user=0.06 sys=0.00, real=0.01 secs]
2325.749: [GC [PSYoungGen: 52224K->256K(58880K)] 528073K->476105K(779776K), 0.0112992 secs] [Times: user=0.06 sys=0.00, real=0.01 secs]
2325.749: [GC [PSYoungGen: 52224K->256K(58880K)] 528073K->476105K(779776K), 0.0112992 secs] [Times: user=0.06 sys=0.00, real=0.01 secs]
2325.749: [GC [PSYoungGen: 52224K->256K(58880K)] 528073K->476105K(779776K), 0.0112992 secs] [Times: user=0.06 sys=0.00, real=0.01 secs]
2325.749: [GC [PSYoungGen: 52224K->256K(58880K)] 528073K->476105K(779776K), 0.0112992 secs] [Times: user=0.06 sys=0.00, real=0.01 secs]
2325.749: [GC [PSYoungGen: 52224K->256K(58880K)] 528073K->476105K(779776K), 0.0112992 secs] [Times: user=0.06 sys=0.00, real=0.01 secs]
2325.749: [GC [PSYoungGen: 52224K->256K(58880K)] 528073K->476105K(779776K), 0.0112992 secs] [Times: user=0.06 sys=0.00, real=0.01 secs]
2325.749: [GC [PSYoungGen: 52224K->256K(58880K)] 528073K->476105K(779776K), 0.0112992 secs] [Times: user=0.06 sys=0.00, real=0.01 secs]
2325.749: [GC [PSYoungGen: 52224K->256K(58880K)] 528073K->476105K(779776K), 0.0112992 secs] [Times: user=0.06 sys=0.00, real=0.01 secs]
2325.749: [GC [PSYoungGen: 52224K->256K(58880K)] 528073K->476105K(779776K), 0.0112992 secs] [Times: user=0.06 sys=0.00, real=0.01 secs]
2325.749: [GC [PSYoungGen: 52224K->256K(58880K)] 528073K->476105K(779776K), 0.0112992 secs] [Times: user=0.06 sys=0.00, real=0.01 secs]
2325.749: [GC [PSYoungGen: 52224K->256K(58880K)] 528073K->476105K(779776K), 0.0112992 secs] [Times: user=0.06 sys=0.00, real=0.01 secs]
2325.749: [GC [PSYoungGen: 52224K->256K(58880K)] 528073K->476105K(779776K), 0.0112992 secs] [Times: user=0.06 sys=0.00, real=0.01 secs]
2325.749: [GC [PSYoungGen: 52224K->256K(58880K)] 528073K->476105K(779776K), 0.0112992 secs] [Times: user=0.06 sys=0.00, real=0.01 secs]
2325.749: [GC [PSYoungGen: 52224K->256K(58880K)] 528073K->476105K(779776K), 0.0112992 secs] [Times: user=0.06 sys=0.00, real=0.01 secs]
2325.749: [GC [PSYoungGen: 52224K->256K(58880K)] 528073K->476105K(779776K), 0.0112992 secs] [Times: user=0.06 sys=0.00, real=0.01 secs]
2325.749: [GC [PSYoungGen: 52224K->256K(58880K)] 528073K->476105K(779776K), 0.0112992 secs] [Times: user=0.06 sys=0.00, real=0.01 secs]
2325.749: [GC [PSYoungGen: 52224K->256K(58880K)] 528073K->476105K(779776K), 0.0112992 secs] [Times: user=0.06 sys=0.00, real=0.01 secs]
2325.749: [GC [PSYoungGen: 52224K->256K(58880K)] 528073K->476105K(779776K), 0.0112992 secs] [Times: user=0.06 sys=0.00, real=0.01 secs]
2325.749: [GC [PSYoungGen: 52224K->256K(58880K)] 528073K->476105K(779776K), 0.0112992 secs] [Times: user=0.06 sys=0.00, real=0.01 secs]
2325.749: [GC [PSYoungGen: 52224K->256K(58880K)] 528073K->476105K(779776K), 0.0112992 secs] [Times: user=0.06 sys=0.00, real=0.01 secs]
2325.749: [GC [PSYoungGen: 52224K->256K(58880K)] 528073K->476105K(779776K), 0.0112992 secs] [Times: user=0.06 sys=0.00, real=0.01 secs]
2325.749: [GC [PSYoungGen: 52224K->256K(58880K)] 528073K->476105K(779776K), 0.0112992 secs] [Times: user=0.06 sys=0.00, real=0.01 secs]
2325.749: [GC [PSYoungGen: 52224K->256K(58880K)] 528073K->476105K(779776K), 0.0112992 secs] [Times: user=0.06 sys=0.00, real=0.01 secs]
2325.749: [GC [PSYoungGen: 52224K->256K(58880K)] 528073K->476105K(779776K), 0.0112992 secs] [Times: user=0.06 sys=0.00, real=0.01 secs]
2325.749: [GC [PSYoungGen: 52224K->256K(58880K)] 528073K->476105K(779776K), 0.0112992 secs] [Times: user=0.06 sys=0.00, real=0.01 secs]
2325.749: [GC [PSYoungGen: 52224K->256K(58880K)] 528073K->476105K(779776K), 0.0112992 secs] [Times: user=0.06 sys=0.00, real=0.01 secs]
2325.749: [GC [PSYoungGen: 52224K->256K(58880K)] 528073K->476105K(779776K), 0.0112992 secs] [Times: user=0.06 sys=0.00, real=0.01 secs]
2325.749: [GC [PSYoungGen: 52224K->256K(58880K)] 528073K->476105K(779776K), 0.0112992 secs] [Times: user=0.06 sys=0.00, real=0.01 secs]
2325.749: [GC [PSYoungGen: 52224K->256K(58880K)] 528073K->476105K(779776K), 0.0112992 secs] [Times: user=0.06 sys=0.00, real=0.01 secs]
2325.749: [GC [PSYoungGen: 52224K->256K(58880K)] 528073K->476105K(779776K), 0.0112992 secs] [Times: user=0.06 sys=0.00, real=0.01 secs]
2325.749: [GC [PSYoungGen: 52224K->256K(58880K)] 528073K->476105K(779776K), 0.0112992 secs] [Times: user=0.06 sys=0.00, real=0.01 secs]
2325.749: [GC [PSYoungGen: 52224K->256K(58880K)] 528073K->476105K(779776K), 0.0112992 secs] [Times: user=0.06 sys=0.00, real=0.01 secs]
2325.749: [GC [PSYoungGen: 52224K->256K(58880K)] 528073K->476105K(779776K), 0.0112992 secs] [Times: user=0.06 sys=0.00, real=0.01 secs]
2325.749: [GC [PSYoungGen: 52224K->256K(58880K)] 528073K->476105K(779776K), 0.0112992 secs] [Times: user=0.06 sys=0.00, real=0.01 secs]
2325.749: [GC [PSYoungGen: 52224K->256K(58880K)] 528073K->476105K(779776K), 0.0112992 secs] [Times: user=0.06 sys=0.00, real=0.01 secs]
2325.749: [GC [PSYoungGen: 52224K->256K(58880K)] 528073K->476105K(779776K), 0.0112992 secs] [Times: user=0.06 sys=0.00, real=0.01 secs]
2325.749: [GC [PSYoungGen: 52224K->256K(58880K)] 528073K->476105K(779776K), 0.0112992 secs] [Times: user=0.06 sys=0.00, real=0.01 secs]
2325.749: [GC [PSYoungGen: 52224K->256K(58880K)] 528073K->476105K(779776K), 0.0112992 secs] [Times: user=0.06 sys=0.00, real=0.01 secs]
2325.749: [GC [PSYoungGen: 52224K->256K(58880K)] 528073K->476105K(779776K), 0.0112992 secs] [Times: user=0.06 sys=0.00, real=0.01 secs]
2325.749: [GC [PSYoungGen: 52224K->256K(58880K)] 528073K->476105K(779776K), 0.0112992 secs] [Times: user=0.06 sys=0.00, real=0.01 secs]
2325.749: [GC [PSYoungGen: 52224K->256K(58880K)] 528073K->476105K(779776K), 0.0112992 secs] [Times: user=0.06 sys=0.00, real=0.01 secs]
2325.749: [GC [PSYoungGen: 52224K->256K(58880K)] 528073K->476105K(779776K), 0.0112992 secs] [Times: user=0.06 sys=0.00, real=0.01 secs]
2325.749: [GC [PSYoungGen: 52224K->256K(58880K)] 528073K->476105K(779776K), 0.0112992 secs] [Times: user=0.06 sys=0.00, real=0.01 secs]
2325.749: [GC [PSYoungGen: 52224K->256K(58880K)] 528073K->476105K(779776K), 0.0112992 secs] [Times: user=0.06 sys=0.00, real=0.01 secs]
2325.749: [GC [PSYoungGen: 52224K->256K(58880K)] 528073K->476105K(779776K), 0.0112992 secs] [Times: user=0.06 sys=0.00, real=0.01 secs]
2325.749: [GC [PSYoungGen: 52224K->256K(58880K)] 528073K->476105K(779776K), 0.0112992 secs] [Times: user=0.06 sys=0.00, real=0.01 secs]
2325.749: [GC [PSYoungGen: 52224K->256K(58880K)] 528073K->476105K(779776K), 0.0112992 secs] [Times: user=0.06 sys=0.00, real=0.01 secs]
2325.749: [GC [PSYoungGen: 52224K->256K(58880K)] 528073K->476105K(779776K), 0.0112992 secs] [Times: user=0.06 sys=0.00, real=0.01 secs]
2325.749: [GC [PSYoungGen: 52224K->256K(58880K)] 528073K->476105K(779776K), 0.0112992 secs] [Times: user=0.06 sys=0.00, real=0.01 secs]
2325.749: [GC [PSYoungGen: 52224K->256K(58880K)] 528073K->476105K(779776K), 0.0112992 secs] [Times: user=0.06 sys=0.00, real=0.01 secs]
2325.749: [GC [PSYoungGen: 52224K->256K(58880K)] 528073K->476105K(779776K), 0.0112992 secs] [Times: user=0.06 sys=0.00, real=0.01 secs]
2325.749: [GC [PSYoungGen: 52224K->256K(58880K)] 528073K->476105K(779776K), 0.0112992 secs] [Times: user=0.06 sys=0.00, real=0.01 secs]
2325.749: [GC [PSYoungGen: 52224K->256K(58880K)] 528073K->476105K(779776K), 0.0112992 secs] [Times: user=0.06 sys=0.00, real=0.01 secs]
2325.749: [GC [PSYoungGen: 52224K->256K(58880K)] 528073K->476105K(779776K), 0.0112992 secs] [Times: user=0.06 sys=0.00, real=0.01 secs]
2325.749: [GC [PSYoungGen: 52224K->256K(58880K)] 528073K->476105K(779776K), 0.0112992 secs] [Times: user=0.06 sys=0.00, real=0.01 secs]
2325.749: [GC [PSYoungGen: 52224K->256K(58880K)] 528073K->476105K(779776K), 0.0112992 secs] [Times: user=0.06 sys=0.00, real=0.01 secs]
2325.749: [GC [PSYoungGen: 52224K->256K(58880K)] 528073K->476105K(779776K), 0.0112992 secs] [Times: user=0.06 sys=0.00, real=0.01 secs]
2325.749: [GC [PSYoungGen: 52224K->256K(58880K)] 528073K->476105K(779776K), 0.0112992 secs] [Times: user=0.06 sys=0.00, real=0.01 secs]
2325.749: [GC [PSYoungGen: 52224K->256K(58880K)] 528073K->476105K(779776K), 0.0112992 secs] [Times: user=0.06 sys=0.00, real=0.01 secs]
2325.749: [GC [PSYoungGen: 52224K->256K(58880K)] 528073K->476105K(779776K), 0.0112992 secs] [Times: user=0.06 sys=0.00, real=0.01 secs]
2325.749: [GC [PSYoungGen: 52224K->256K(58880K)] 528073K->476105K(779776K), 0.0112992 secs] [Times: user=0.06 sys=0.00, real=0.01 secs]
2325.749: [GC [PSYoungGen: 52224K->256K(58880K)] 528073K->476105K(779776K), 0.0112992 secs] [Times: user=0.06 sys=0.00, real=0.01 secs]
2325.749: [GC [PSYoungGen: 52224K->256K(58880K)] 528073K->476105K(779776K), 0.0112992 secs] [Times: user=0.06 sys=0.00, real=0.01 secs]
2325.749: [GC [PSYoungGen: 52224K->256K(58880K)] 528073K->476105K(779776K), 0.0112992 secs] [Times: user=0.06 sys=0.00, real=0.01 secs]
2325.749: [GC [PSYoungGen: 52224K->256K(58880K)] 528073K->476105K(779776K), 0.0112992 secs] [Times: user=0.06 sys=0.00, real=0.01 secs]
2325.749: [GC [PSYoungGen: 52224K->256K(58880K)] 528073K->476105K(779776K), 0.0112992 secs] [Times: user=0.06 sys=0.00, real=0.01 secs]
2325.749: [GC [PSYoungGen: 52224K->256K(58880K)] 528073K->476105K(779776K), 0.0112992 secs] [Times: user=0.06 sys=0.00, real=0.01 secs]
2325.749: [GC [PSYoungGen: 52224K->256K(58880K)] 528073K->476105K(779776K), 0.0112992 secs] [Times: user=0.06 sys=0.00, real=0.01 secs]
2325.749: [GC [PSYoungGen: 52224K->256K(58880K)] 528073K->476105K(779776K), 0.0112992 secs] [Times: user=0.06 sys=0.00, real=0.01 secs]
2325.749: [GC [PSYoungGen: 52224K->256K(58880K)] 528073K->476105K(779776K), 0.0112992 secs] [Times: user=0.06 sys=0.00, real=0.01 secs]
2325.749: [GC [PSYoungGen: 52224K->256K(58880K)] 528073K->476105K(779776K), 0.0112992 secs] [Times: user=0.06 sys=0.00, real=0.01 secs]
2325.749: [GC [PSYoungGen: 52224K->256K(58880K)] 528073K->476105K(779776K), 0.0112992 secs] [Times: user=0.06 sys=0.00, real=0.01 secs]
2325.749: [GC [PSYoungGen: 52224K->256K(58880K)] 528073K->476105K(779776K), 0.0112992 secs] [Times: user=0.06 sys=0.00, real=0.01 secs]
2325.749: [GC [PSYoungGen: 52224K->256K(58880K)] 528073K->476105K(779776K), 0.0112992 secs] [Times: user=0.06 sys=0.00, real=0.01 secs]
2325.749: [GC [PSYoungGen: 52224K->256K(58880K)] 528073K->476105K(779776K), 0.0112992 secs] [Times: user=0.06 sys=0.00, real=0.01 secs]
2325.749: [GC [PSYoungGen: 52224K->256K(58880K)] 528073K->476105K(779776K), 0.0112992 secs] [Times: user=0.06 sys=0.00, real=0.01 secs]
2325.749: [GC [PSYoungGen: 52224K->256K(58880K)] 528073K->476105K(779776K), 0.0112992 secs] [Times: user=0.06 sys=0.00, real=0.01 secs]
2325.749: [GC [PSYoungGen: 52224K->256K(58880K)] 528073K->476105K(779776K), 0.0112992 secs] [Times: user=0.06 sys=0.00, real=0.01 secs]
2325.749: [GC [PSYoungGen: 52224K->256K(58880K)] 528073K->476105K(779776K), 0.0112992 secs] [Times: user=0.06 sys=0.00, real=0.01 secs]
2325.749: [GC [PSYoungGen: 52224K->256K(58880K)] 528073K->476105K(779776K), 0.0112992 secs] [Times: user=0.06 sys=0.00, real=0.01 secs]
2325.749: [GC [PSYoungGen: 52224K->256K(58880K)] 528073K->476105K(779776K), 0.0112992 secs] [Times: user=0.06 sys=0.00, real=0.01 secs]
2325.749: [GC [PSYoungGen: 52224K->256K(58880K)] 528073K->476105K(779776K), 0.0112992 secs] [Times: user=0.06 sys=0.00, real=0.01 secs]
2325.749: [GC [PSYoungGen: 52224K->256K(58880K)] 528073K->476105K(779776K), 0.0112992 secs] [Times: user=0.06 sys=0.00, real=0.01 secs]
2325.749: [GC [PSYoungGen: 52224K->256K(58880K)] 528073K->476105K(779776K), 0.0112992 secs] [Times: user=0.06 sys=0.00, real=0.01 secs]
2325.749: [GC [PSYoungGen: 52224K->256K(58880K)] 528073K->476105K(779776K), 0.0112992 secs] [Times: user=0.06 sys=0.00, real=0.01 secs]
2325.749: [GC [PSYoungGen: 52224K->256K(58880K)] 528073K->476105K(779776K), 0.0112992 secs] [Times: user=0.06 sys=0.00, real=0.01 secs]
2325.749: [GC [PSYoungGen: 52224K->256K(58880K)] 528073K->476105K(779776K), 0.0112992 secs] [Times: user=0.06 sys=0.00, real=0.01 secs]
2325.749: [GC [PSYoungGen: 52224K->256K(58880K)] 528073K->476105K(779776K), 0.0112992 secs] [Times: user=0.06 sys=0.00, real=0.01 secs]
2325.749: [GC [PSYoungGen: 52224K->256K(58880K)] 528073K->476105K(779776K), 0.0112992 secs] [Times: user=0.06 sys=0.00, real=0.01 secs]
2325.749: [GC [PSYoungGen: 52224K->256K(58880K)] 528073K->476105K(779776K), 0.0112992 secs] [Times: user=0.06 sys=0.00, real=0.01 secs]
2325.749: [GC [PSYoungGen: 52224K->256K(58880K)] 528073K->476105K(779776K), 0.0112992 secs] [Times: user=0.06 sys=0.00, real=0.01 secs]
2325.749: [GC [PSYoungGen: 52224K->256K(58880K)] 528073K->476105K(779776K), 0.0112992 secs] [Times: user=0.06 sys=0.00, real=0.01 secs]
2325.749: [GC [PSYoungGen: 52224K->256K(58880K)] 528073K->476105K(779776K), 0.0112992 secs] [Times: user=0.06 sys=0.00, real=0.01 secs]
2325.749: [GC [PSYoungGen: 52224K->256K(58880K)] 528073K->476105K(779776K), 0.0112992 secs] [Times: user=0.06 sys=0.00, real=0.01 secs]
2325.749: [GC [PSYoungGen: 52224K->256K(58880K)] 528073K->476105K(779776K), 0.0112992 secs] [Times: user=0.06 sys=0.00, real=0.01 secs]
2325.749: [GC [PSYoungGen: 52224K->256K(58880K)] 528073K->476105K(779776K), 0.0112992 secs] [Times: user=0.06 sys=0.00, real=0.01 secs]
2325.749: [GC [PSYoungGen: 52224K->256K(58880K)] 528073K->476105K(779776K), 0.0112992 secs] [Times: user=0.06 sys=0.00, real=0.01 secs]
2325.749: [GC [PSYoungGen: 52224K->256K(58880K)] 528073K->476105K(779776K), 0.0112992 secs] [Times: user=0.06 sys=0.00, real=0.01 secs]
2325.749: [GC [PSYoungGen: 52224K->256K(58880K)] 528073K->476105K(779776K), 0.0112992 secs] [Times: user=0.06 sys=0.00, real=0.01 secs]
2325.749: [GC [PSYoungGen: 52224K->256K(58880K)] 528073K->476105K(779776K), 0.0112992 secs] [Times: user=0.06 sys=0.00, real=0.01 secs]
2325.749: [GC [PSYoungGen: 52224K->256K(58880K)] 528073K->476105K(779776K), 0.0112992 secs] [Times: user=0.06 sys=0.00, real=0.01 secs]
2325.749: [GC [PSYoungGen: 52224K->256K(58880K)] 528073K->476105K(779776K), 0.0112992 secs] [Times: user=0.06 sys=0.00, real=0.01 secs]
2325.749: [GC [PSYoungGen: 52224K->256K(58880K)] 528073K->476105K(779776K), 0.0112992 secs] [Times: user=0.06 sys=0.00, real=0.01 secs]
2325.749: [GC [PSYoungGen: 52224K->256K(58880K)] 528073K->476105K(779776K), 0.0112992 secs] [Times: user=0.06 sys=0.00, real=0.01 secs]
2325.749: [GC [PSYoungGen: 52224K->256K(58880K)] 528073K->476105K(779776K), 0.0112992 secs] [Times: user=0.06 sys=0.00, real=0.01 secs]
2325.749: [GC [PSYoungGen: 52224K->256K(58880K)] 528073K->476105K(779776K), 0.0112992 secs] [Times: user=0.06 sys=0.00, real=0.01 secs]
2325.749: [GC [PSYoungGen: 52224K->256K(58880K)] 528073K->476105K(779776K), 0.0112992 secs] [Times: user=0.06 sys=0.00, real=0.01 secs]
2325.749: [GC [PSYoungGen: 52224K->256K(58880K)] 528073K->476105K(779776K), 0.0112992 secs] [Times: user=0.06 sys=0.00, real=0.01 secs]
2325.749: [GC [PSYoungGen: 52224K->256K(58880K)] 528073K->476105K(779776K), 0.0112992 secs] [Times: user=0.06 sys=0.00, real=0.01 secs]
2325.749: [GC [PSYoungGen: 52224K->256K(58880K)] 528073K->476105K(779776K), 0.0112992 secs] [Times: user=0.06 sys=0.00, real=0.01 secs]
2325.749: [GC [PSYoungGen: 52224K->256K(58880K)] 528073K->476105K(779776K), 0.0112992 secs] [Times: user=0.06 sys=0.00, real=0.01 secs]
2325.749: [GC [PSYoungGen: 52224K->256K(58880K)] 528073K->476105K(779776K), 0.0112992 secs] [Times: user=0.06 sys=0.00, real=0.01 secs]
2325.749: [GC [PSYoungGen: 52224K->256K(58880K)] 528073K->476105K(779776K), 0.0112992 secs] [Times: user=0.06 sys=0.00, real=0.01 secs]
2325.749: [GC [PSYoungGen: 52224K->256K(58880K)] 528073K->476105K(779776K), 0.0112992 secs] [Times: user=0.06 sys=0.00, real=0.01 secs]
2325.749: [GC [PSYoungGen: 52224K->256K(58880K)] 528073K->476105K(779776K), 0.0112992 secs] [Times: user=0.06 sys=0.00, real=0.01 secs]
2325.749: [GC [PSYoungGen: 52224K->256K(58880K)] 528073K->476105K(779776K), 0.0112992 secs] [Times: user=0.06 sys=0.00, real=0.01 secs]
2325.749: [GC [PSYoungGen: 52224K->256K(58880K)] 528073K->476105K(779776K), 0.0112992 secs] [Times: user=0.06 sys=0.00, real=0.01 secs]
2325.749: [GC [PSYoungGen: 52224K->256K(58880K)] 528073K->476105K(779776K), 0.0112992 secs] [Times: user=0.06 sys=0.00, real=0.01 secs]
2325.749: [GC [PSYoungGen: 52224K->256K(58880K)] 528073K->476105K(779776K), 0.0112992 secs] [Times: user=0.06 sys=0.00, real=0.01 secs]
2325.749: [GC [PSYoungGen: 52224K->256K(58880K)] 528073K->476105K(779776K), 0.0112992 secs] [Times: user=0.06 sys=0.00, real=0.01 secs]
2325.749: [GC [PSYoungGen: 52224K->256K(58880K)] 528073K->476105K(779776K), 0.0112992 secs] [Times: user=0.06 sys=0.00, real=0.01 secs]
2325.749: [GC [PSYoungGen: 52224K->256K(58880K)] 528073K->476105K(779776K), 0.0112992 secs] [Times: user=0.06 sys=0.00, real=0.01 secs]
2325.749: [GC [PSYoungGen: 52224K->256K(58880K)] 528073K->476105K(779776K), 0.0112992 secs] [Times: user=0.06 sys=0.00, real=0.01 secs]
2325.749: [GC [PSYoungGen: 52224K->256K(58880K)] 528073K->476105K(779776K), 0.0112992 secs] [Times: user=0.06 sys=0.00, real=0.01 secs]
2325.749: [GC [PSYoungGen: 52224K->256K(58880K)] 528073K->476105K(779776K), 0.0112992 secs] [Times: user=0.06 sys=0.00, real=0.01 secs]
2325.749: [GC [PSYoungGen: 52224K->256K(58880K)] 528073K->476105K(779776K), 0.0112992 secs] [Times: user=0.06 sys=0.00, real=0.01 secs]
2325.749: [GC [PSYoungGen: 52224K->256K(58880K)] 528073K->476105K(779776K), 0.0112992 secs] [Times: user=0.06 sys=0.00, real=0.01 secs]
2325.749: [GC [PSYoungGen: 52224K->256K(58880K)] 528073K->476105K(779776K), 0.0112992 secs] [Times: user=0.06 sys=0.00, real=0.01 secs]
2325.749: [GC [PSYoungGen: 52224K->256K(58880K)] 528073K->476105K(779776K), 0.0112992 secs] [Times: user=0.06 sys=0.00, real=0.01 secs]
2325.749: [GC [PSYoungGen: 52224K->256K(58880K)] 528073K->476105K(779776K), 0.0112992 secs] [Times: user=0.06 sys=0.00, real=0.01 secs]
2325.749: [GC [PSYoungGen: 52224K->256K(58880K)] 528073K->476105K(779776K), 0.0112992 secs] [Times: user=0.06 sys=0.00, real=0.01 secs]
2325.749: [GC [PSYoungGen: 52224K->256K(58880K)] 528073K->476105K(779776K), 0.0112992 secs] [Times: user=0.06 sys=0.00, real=0.01 secs]
2325.749: [GC [PSYoungGen: 52224K->256K(58880K)] 528073K->476105K(779776K), 0.0112992 secs] [Times: user=0.06 sys=0.00, real=0.01 secs]
2325.749: [GC [PSYoungGen: 52224K->256K(58880K)] 528073K->476105K(779776K), 0.0112992 secs] [Times: user=0.06 sys=0.00, real=0.01 secs]
2325.749: [GC [PSYoungGen: 52224K->256K(58880K)] 528073K->476105K(779776K), 0.0112992 secs] [Times: user=0.06 sys=0.00, real=0.01 secs]
2325.749: [GC [PSYoungGen: 52224K->256K(58880K)] 528073K->476105K(779776K), 0.0112992 secs] [Times: user=0.06 sys=0.00, real=0.01 secs]
2325.749: [GC [PSYoungGen: 52224K->256K(58880K)] 528073K->476105K(779776K), 0.0112992 secs] [Times: user=0.06 sys=0.00, real=0.01 secs]
2325.749: [GC [PSYoungGen: 52224K->256K(58880K)] 528073K->476105K(779776K), 0.0112992 secs] [Times: user=0.06 sys=0.00, real=0.01 secs]
2325.749: [GC [PSYoungGen: 52224K->256K(58880K)] 528073K->476105K(779776K), 0.0112992 secs] [Times: user=0.06 sys=0.00, real=0.01 secs]
2325.749: [GC [PSYoungGen: 52224K->256K(58880K)] 528073K->476105K(779776K), 0.0112992 secs] [Times: user=0.06 sys=0.00, real=0.01 secs]
2325.749: [GC [PSYoungGen: 52224K->256K(58880K)] 528073K->476105K(779776K), 0.0112992 secs] [Times: user=0.06 sys=0.00, real=0.01 secs]
2325.749: [GC [PSYoungGen: 52224K->256K(58880K)] 528073K->476105K(779776K), 0.0112992 secs] [Times: user=0.06 sys=0.00, real=0.01 secs]
2325.749: [GC [PSYoungGen: 52224K->256K(58880K)] 528073K->476105K(779776K), 0.0112992 secs] [Times: user=0.06 sys=0.00, real=0.01 secs]
2325.749: [GC [PSYoungGen: 52224K->256K(58880K)] 528073K->476105K(779776K), 0.0112992 secs] [Times: user=0.06 sys=0.00, real=0.01 secs]
2325.749: [GC [PSYoungGen: 52224K->256K(58880K)] 528073K->476105K(779776K), 0.0112992 secs] [Times: user=0.06 sys=0.00, real=0.01 secs]
2325.749: [GC [PSYoungGen: 52224K->256K(58880K)] 528073K->476105K(779776K), 0.0112992 secs] [Times: user=0.06 sys=0.00, real=0.01 secs]
2325.749: [GC [PSYoungGen: 52224K->256K(58880K)] 528073K->476105K(779776K), 0.0112992 secs] [Times: user=0.06 sys=0.00, real=0.01 secs]
2325.749: [GC [PSYoungGen: 52224K->256K(58880K)] 528073K->476105K(779776K), 0.0112992 secs] [Times: user=0.06 sys=0.00, real=0.01 secs]
2325.749: [GC [PSYoungGen: 52224K->256K(58880K)] 528073K->476105K(779776K), 0.0112992 secs] [Times: user=0.06 sys=0.00, real=0.01 secs]
2325.749: [GC [PSYoungGen: 52224K->256K(58880K)] 528073K->476105K(779776K), 0.0112992 secs] [Times: user=0.06 sys=0.00, real=0.01 secs]
2325.749: [GC [PSYoungGen: 52224K->256K(58880K)] 528073K->476105K(779776K), 0.0112992 secs] [Times: user=0.06 sys=0.00, real=0.01 secs]
2325.749: [GC [PSYoungGen: 52224K->256K(58880K)] 528073K->476105K(779776K), 0.0112992 secs] [Times: user=0.06 sys=0.00, real=0.01 secs]
2325.749: [GC [PSYoungGen: 52224K->256K(58880K)] 528073K->476105K(779776K), 0.0112992 secs] [Times: user=0.06 sys=0.00, real=0.01 secs]
2325.749: [GC [PSYoungGen: 52224K->256K(58880K)] 528073K->476105K(779776K), 0.0112992 secs] [Times: user=0.06 sys=0.00, real=0.01 secs]
2325.749: [GC [PSYoungGen: 52224K->256K(58880K)] 528073K->476105K(779776K), 0.0112992 secs] [Times: user=0.06 sys=0.00, real=0.01 secs]
2325.749: [GC [PSYoungGen: 52224K->256K(58880K)] 528073K->476105K(779776K), 0.0112992 secs] [Times: user=0.06 sys=0.00, real=0.01 secs]
2325.749: [GC [PSYoungGen: 52224K->256K(58880K)] 528073K->476105K(779776K), 0.0112992 secs] [Times: user=0.06 sys=0.00, real=0.01 secs]
2325.749: [GC [PSYoungGen: 52224K->256K(58880K)] 528073K->476105K(779776K), 0.0112992 secs] [Times: user=0.06 sys=0.00, real=0.01 secs]
2325.749: [GC [PSYoungGen: 52224K->256K(58880K)] 528073K->476105K(779776K), 0.0112992 secs] [Times: user=0.06 sys=0.00, real=0.01 secs]
2325.749: [GC [PSYoungGen: 52224K->256K(58880K)] 528073K->476105K(779776K), 0.0112992 secs] [Times: user=0.06 sys=0.00, real=0.01 secs]
2325.749: [GC [PSYoungGen: 52224K->256K(58880K)] 528073K->476105K(779776K), 0.0112992 secs] [Times: user=0.06 sys=0.00, real=0.01 secs]
2325.749: [GC [PSYoungGen: 52224K->256K(58880K)] 528073K->476105K(779776K), 0.0112992 secs] [Times: user=0.06 sys=0.00, real=0.01 secs]
2325.749: [GC [PSYoungGen: 52224K->256K(58880K)] 528073K->476105K(779776K), 0.0112992 secs] [Times: user=0.06 sys=0.00, real=0.01 secs]
2325.749: [GC [PSYoungGen: 52224K->256K(58880K)] 528073K->476105K(779776K), 0.0112992 secs] [Times: user=0.06 sys=0.00, real=0.01 secs]
2325.749: [GC [PSYoungGen: 52224K->256K(58880K)] 528073K->476105K(779776K), 0.0112992 secs] [Times: user=0.06 sys=0.00, real=0.01 secs]
2325.749: [GC [PSYoungGen: 52224K->256K(58880K)] 528073K->476105K(779776K), 0.0112992 secs] [Times: user=0.06 sys=0.00, real=0.01 secs]
2325.749: [GC [PSYoungGen: 52224K->256K(58880K)] 528073K->476105K(779776K), 0.0112992 secs] [Times: user=0.06 sys=0.00, real=0.01 secs]
2325.749: [GC [PSYoungGen: 52224K->256K(58880K)] 528073K->476105K(779776K), 0.0112992 secs] [Times: user=0.06 sys=0.00, real=0.01 secs]
2325.749: [GC [PSYoungGen: 52224K->256K(58880K)] 528073K->476105K(779776K), 0.0112992 secs] [Times: user=0.06 sys=0.00, real=0.01 secs]
2325.749: [GC [PSYoungGen: 52224K->256K(58880K)] 528073K->476105K(779776K), 0.0112992 secs] [Times: user=0.06 sys=0.00, real=0.01 secs]
2325.749: [GC [PSYoungGen: 52224K->256K(58880K)] 528073K->476105K(779776K), 0.0112992 secs] [Times: user=0.06 sys=0.00, real=0.01 secs]
2325.749: [GC [PSYoungGen: 52224K->256K(58880K)] 528073K->476105K(779776K), 0.0112992 secs] [Times: user=0.06 sys=0.00, real=0.01 secs]
2325.749: [GC [PSYoungGen: 52224K->256K(58880K)] 528073K->476105K(779776K), 0.0112992 secs] [Times: user=0.06 sys=0.00, real=0.01 secs]
2325.749: [GC [PSYoungGen: 52224K->256K(58880K)] 528073K->476105K(779776K), 0.0112992 secs] [Times: user=0.06 sys=0.00, real=0.01 secs]
2325.749: [GC [PSYoungGen: 52224K->256K(58880K)] 528073K->476105K(779776K), 0.0112992 secs] [Times: user=0.06 sys=0.00, real=0.01 secs]
2325.749: [GC [PSYoungGen: 52224K->256K(58880K)] 528073K->476105K(779776K), 0.0112992 secs] [Times: user=0.06 sys=0.00, real=0.01 secs]
2325.749: [GC [PSYoungGen: 52224K->256K(58880K)] 528073K->476105K(779776K), 0.0112992 secs] [Times: user=0.06 sys=0.00, real=0.01 secs]
2325.749: [GC [PSYoungGen: 52224K->256K(58880K)] 528073K->476105K(779776K), 0.0112992 secs] [Times: user=0.06 sys=0.00, real=0.01 secs]
2325.749: [GC [PSYoungGen: 52224K->256K(58880K)] 528073K->476105K(779776K), 0.0112992 secs] [Times: user=0.06 sys=0.00, real=0.01 secs]
2325.749: [GC [PSYoungGen: 52224K->256K(58880K)] 528073K->476105K(779776K), 0.0112992 secs] [Times: user=0.06 sys=0.00, real=0.01 secs]
2325.749: [GC [PSYoungGen: 52224K->256K(58880K)] 528073K->476105K(779776K), 0.0112992 secs] [Times: user=0.06 sys=0.00, real=0.01 secs]
2325.749: [GC [PSYoungGen: 52224K->256K(58880K)] 528073K->476105K(779776K), 0.0112992 secs] [Times: user=0.06 sys=0.00, real=0.01 secs]
2325.749: [GC [PSYoungGen: 52224K->256K(58880K)] 528073K->476105K(779776K), 0.0112992 secs] [Times: user=0.06 sys=0.00, real=0.01 secs]
2325.749: [GC [PSYoungGen: 52224K->256K(58880K)] 528073K->476105K(779776K), 0.0112992 secs] [Times: user=0.06 sys=0.00, real=0.01 secs]
2325.749: [GC [PSYoungGen: 52224K->256K(58880K)] 528073K->476105K(779776K), 0.0112992 secs] [Times: user=0.06 sys=0.00, real=0.01 secs]
2325.749: [GC [PSYoungGen: 52224K->256K(58880K)] 528073K->476105K(779776K), 0.0112992 secs] [Times: user=0.06 sys=0.00, real=0.01 secs]
2325.749: [GC [PSYoungGen: 52224K->256K(58880K)] 528073K->476105K(779776K), 0.0112992 secs] [Times: user=0.06 sys=0.00, real=0.01 secs]
2325.749: [GC [PSYoungGen: 52224K->256K(58880K)] 528073K->476105K(779776K), 0.0112992 secs] [Times: user=0.06 sys=0.00, real=0.01 secs]
2325.749: [GC [PSYoungGen: 52224K->256K(58880K)] 528073K->476105K(779776K), 0.0112992 secs] [Times: user=0.06 sys=0.00, real=0.01 secs]
2325.749: [GC [PSYoungGen: 52224K->256K(58880K)] 528073K->476105K(779776K), 0.0112992 secs] [Times: user=0.06 sys=0.00, real=0.01 secs]
2325.749: [GC [PSYoungGen: 52224K->256K(58880K)] 528073K->476105K(779776K), 0.0112992 secs] [Times: user=0.06 sys=0.00, real=0.01 secs]
2325.749: [GC [PSYoungGen: 52224K->256K(58880K)] 528073K->476105K(779776K), 0.0112992 secs] [Times: user=0.06 sys=0.00, real=0.01 secs]
2325.749: [GC [PSYoungGen: 52224K->256K(58880K)] 528073K->476105K(779776K), 0.0112992 secs] [Times: user=0.06 sys=0.00, real=0.01 secs]
2325.749: [GC [PSYoungGen: 52224K->256K(58880K)] 528073K->476105K(779776K), 0.0112992 secs] [Times: user=0.06 sys=0.00, real=0.01 secs]
2325.749: [GC [PSYoungGen: 52224K->256K(58880K)] 528073K->476105K(779776K), 0.0112992 secs] [Times: user=0.06 sys=0.00, real=0.01 secs]
2325.749: [GC [PSYoungGen: 52224K->256K(58880K)] 528073K->476105K(779776K), 0.0112992 secs] [Times: user=0.06 sys=0.00, real=0.01 secs]
2325.749: [GC [PSYoungGen: 52224K->256K(58880K)] 528073K->476105K(779776K), 0.0112992 secs] [Times: user=0.06 sys=0.00, real=0.01 secs]
2325.749: [GC [PSYoungGen: 52224K->256K(58880K)] 528073K->476105K(779776K), 0.0112992 secs] [Times: user=0.06 sys=0.00, real=0.01 secs]
2325.749: [GC [PSYoungGen: 52224K->256K(58880K)] 528073K->476105K(779776K), 0.0112992 secs] [Times: user=0.06 sys=0.00, real=0.01 secs]
2325.749: [GC [PSYoungGen: 52224K->256K(58880K)] 528073K->476105K(779776K), 0.0112992 secs] [Times: user=0.06 sys=0.00, real=0.01 secs]
2325.749: [GC [PSYoungGen: 52224K->256K(58880K)] 528073K->476105K(779776K), 0.0112992 secs] [Times: user=0.06 sys=0.00, real=0.01 secs]
2325.749: [GC [PSYoungGen: 52224K->256K(58880K)] 528073K->476105K(779776K), 0.0112992 secs] [Times: user=0.06 sys=0.00, real=0.01 secs]
2325.749: [GC [PSYoungGen: 52224K->256K(58880K)] 528073K->476105K(779776K), 0.0112992 secs] [Times: user=0.06 sys=0.00, real=0.01 secs]
2325.749: [GC [PSYoungGen: 52224K->256K(58880K)] 528073K->476105K(779776K), 0.0112992 secs] [Times: user=0.06 sys=0.00, real=0.01 secs]
2325.749: [GC [PSYoungGen: 52224K->256K(58880K)] 528073K->476105K(779776K), 0.0112992 secs] [Times: user=0.06 sys=0.00, real=0.01 secs]
2325.749: [GC [PSYoungGen: 52224K->256K(58880K)] 528073K->476105K(779776K), 0.0112992 secs] [Times: user=0.06 sys=0.00, real=0.01 secs]
2325.749: [GC [PSYoungGen: 52224K->256K(58880K)] 528073K->476105K(779776K), 0.0112992 secs] [Times: user=0.06 sys=0.00, real=0.01 secs]
2325.749: [GC [PSYoungGen: 52224K->256K(58880K)] 528073K->476105K(779776K), 0.0112992 secs] [Times: user=0.06 sys=0.00, real=0.01 secs]
2325.749: [GC [PSYoungGen: 52224K->256K(58880K)] 528073K->476105K(779776K), 0.0112992 secs] [Times: user=0.06 sys=0.00, real=0.01 secs]
2325.749: [GC [PSYoungGen: 52224K->256K(58880K)] 528073K->476105K(779776K), 0.0112992 secs] [Times: user=0.06 sys=0.00, real=0.01 secs]
2325.749: [GC [PSYoungGen: 52224K->256K(58880K)] 528073K->476105K(779776K), 0.0112992 secs] [Times: user=0.06 sys=0.00, real=0.01 secs]
2325.749: [GC [PSYoungGen: 52224K->256K(58880K)] 528073K->476105K(779776K), 0.0112992 secs] [Times: user=0.06 sys=0.00, real=0.01 secs]
2325.749: [GC [PSYoungGen: 52224K->256K(58880K)] 528073K->476105K(779776K), 0.0112992 secs] [Times: user=0.06 sys=0.00, real=0.01 secs]
2325.749: [GC [PSYoungGen: 52224K->256K(58880K)] 528073K->476105K(779776K), 0.0112992 secs] [Times: user=0.06 sys=0.00, real=0.01 secs]
2325.749: [GC [PSYoungGen: 52224K->256K(58880K)] 528073K->476105K(779776K), 0.0112992 secs] [Times: user=0.06 sys=0.00, real=0.01 secs]
2325.749: [GC [PSYoungGen: 52224K->256K(58880K)] 528073K->476105K(779776K), 0.0112992 secs] [Times: user=0.06 sys=0.00, real=0.01 secs]
2325.749: [GC [PSYoungGen: 52224K->256K(58880K)] 528073K->476105K(779776K), 0.0112992 secs] [Times: user=0.06 sys=0.00, real=0.01 secs]
2325.749: [GC [PSYoungGen: 52224K->256K(58880K)] 528073K->476105K(779776K), 0.0112992 secs] [Times: user=0.06 sys=0.00, real=0.01 secs]
2325.749: [GC [PSYoungGen: 52224K->256K(58880K)] 528073K->476105K(779776K), 0.0112992 secs] [Times: user=0.06 sys=0.00, real=0.01 secs]
2325.749: [GC [PSYoungGen: 52224K->256K(58880K)] 528073K->476105K(779776K), 0.0112992 secs] [Times: user=0.06 sys=0.00, real=0.01 secs]
2325.749: [GC [PSYoungGen: 52224K->256K(58880K)] 528073K->476105K(779776K), 0.0112992 secs] [Times: user=0.06 sys=0.00, real=0.01 secs]
2325.749: [GC [PSYoungGen: 52224K->256K(58880K)] 528073K->476105K(779776K), 0.0112992 secs] [Times: user=0.06 sys=0.00, real=0.01 secs]
2325.749: [GC [PSYoungGen: 52224K->256K(58880K)] 528073K->476105K(779776K), 0.0112992 secs] [Times: user=0.06 sys=0.00, real=0.01 secs]
2325.749: [GC [PSYoungGen: 52224K->256K(58880K)] 528073K->476105K(779776K), 0.0112992 secs] [Times: user=0.06 sys=0.00, real=0.01 secs]
2325.749: [GC [PSYoungGen: 52224K->256K(58880K)] 528073K->476105K(779776K), 0.0112992 secs] [Times: user=0.06 sys=0.00, real=0.01 secs]
2325.749: [GC [PSYoungGen: 52224K->256K(58880K)] 528073K->476105K(779776K), 0.0112992 secs] [Times: user=0.06 sys=0.00, real=0.01 secs]
2325.749: [GC [PSYoungGen: 52224K->256K(58880K)] 528073K->476105K(779776K), 0.0112992 secs] [Times: user=0.06 sys=0.00, real=0.01 secs]
2325.749: [GC [PSYoungGen: 52224K->256K(58880K)] 528073K->476105K(779776K), 0.0112992 secs] [Times: user=0.06 sys=0.00, real=0.01 secs]
2325.749: [GC [PSYoungGen: 52224K->256K(58880K)] 528073K->476105K(779776K), 0.0112992 secs] [Times: user=0.06 sys=0.00, real=0.01 secs]
2325.749: [GC [PSYoungGen: 52224K->256K(58880K)] 528073K->476105K(779776K), 0.0112992 secs] [Times: user=0.06 sys=0.00, real=0.01 secs]
2325.749: [GC [PSYoungGen: 52224K->256K(58880K)] 528073K->476105K(779776K), 0.0112992 secs] [Times: user=0.06 sys=0.00, real=0.01 secs]
2325.749: [GC [PSYoungGen: 52224K->256K(58880K)] 528073K->476105K(779776K), 0.0112992 secs] [Times: user=0.06 sys=0.00, real=0.01 secs]
2325.749: [GC [PSYoungGen: 52224K->256K(58880K)] 528073K->476105K(779776K), 0.0112992 secs] [Times: user=0.06 sys=0.00, real=0.01 secs]
2325.749: [GC [PSYoungGen: 52224K->256K(58880K)] 528073K->476105K(779776K), 0.0112992 secs] [Times: user=0.06 sys=0.00, real=0.01 secs]
2325.749: [GC [PSYoungGen: 52224K->256K(58880K)] 528073K->476105K(779776K), 0.0112992 secs] [Times: user=0.06 sys=0.00, real=0.01 secs]
2325.749: [GC [PSYoungGen: 52224K->256K(58880K)] 528073K->476105K(779776K), 0.0112992 secs] [Times: user=0.06 sys=0.00, real=0.01 secs]
2325.749: [GC [PSYoungGen: 52224K->256K(58880K)] 528073K->476105K(779776K), 0.0112992 secs] [Times: user=0.06 sys=0.00, real=0.01 secs]
2325.749: [GC [PSYoungGen: 52224K->256K(58880K)] 528073K->476105K(779776K), 0.0112992 secs] [Times: user=0.06 sys=0.00, real=0.01 secs]
2325.749: [GC [PSYoungGen: 52224K->256K(58880K)] 528073K->476105K(779776K), 0.0112992 secs] [Times: user=0.06 sys=0.00, real=0.01 secs]
2325.749: [GC [PSYoungGen: 52224K->256K(58880K)] 528073K->476105K(779776K), 0.0112992 secs] [Times: user=0.06 sys=0.00, real=0.01 secs]
2325.749: [GC [PSYoungGen: 52224K->256K(58880K)] 528073K->476105K(779776K), 0.0112992 secs] [Times: user=0.06 sys=0.00, real=0.01 secs]
2325.749: [GC [PSYoungGen: 52224K->256K(58880K)] 528073K->476105K(779776K), 0.0112992 secs] [Times: user=0.06 sys=0.00, real=0.01 secs]
2325.749: [GC [PSYoungGen: 52224K->256K(58880K)] 528073K->476105K(779776K), 0.0112992 secs] [Times: user=0.06 sys=0.00, real=0.01 secs]
2325.749: [GC [PSYoungGen: 52224K->256K(58880K)] 528073K->476105K(779776K), 0.0112992 secs] [Times: user=0.06 sys=0.00, real=0.01 secs]
2325.749: [GC [PSYoungGen: 52224K->256K(58880K)] 528073K->476105K(779776K), 0.0112992 secs] [Times: user=0.06 sys=0.00, real=0.01 secs]
2325.749: [GC [PSYoungGen: 52224K->256K(58880K)] 528073K->476105K(779776K), 0.0112992 secs] [Times: user=0.06 sys=0.00, real=0.01 secs]
2325.749: [GC [PSYoungGen: 52224K->256K(58880K)] 528073K->476105K(779776K), 0.0112992 secs] [Times: user=0.06 sys=0.00, real=0.01 secs]
2325.749: [GC [PSYoungGen: 52224K->256K(58880K)] 528073K->476105K(779776K), 0.0112992 secs] [Times: user=0.06 sys=0.00, real=0.01 secs]
2325.749: [GC [PSYoungGen: 52224K->256K(58880K)] 528073K->476105K(779776K), 0.0112992 secs] [Times: user=0.06 sys=0.00, real=0.01 secs]
2325.749: [GC [PSYoungGen: 52224K->256K(58880K)] 528073K->476105K(779776K), 0.0112992 secs] [Times: user=0.06 sys=0.00, real=0.01 secs]
2325.749: [GC [PSYoungGen: 52224K->256K(58880K)] 528073K->476105K(779776K), 0.0112992 secs] [Times: user=0.06 sys=0.00, real=0.01 secs]
2325.749: [GC [PSYoungGen: 52224K->256K(58880K)] 528073K->476105K(779776K), 0.0112992 secs] [Times: user=0.06 sys=0.00, real=0.01 secs]
2325.749: [GC [PSYoungGen: 52224K->256K(58880K)] 528073K->476105K(779776K), 0.0112992 secs] [Times: user=0.06 sys=0.00, real=0.01 secs]
2325.749: [GC [PSYoungGen: 52224K->256K(58880K)] 528073K->476105K(779776K), 0.0112992 secs] [Times: user=0.06 sys=0.00, real=0.01 secs]
2325.749: [GC [PSYoungGen: 52224K->256K(58880K)] 528073K->476105K(779776K), 0.0112992 secs] [Times: user=0.06 sys=0.00, real=0.01 secs]
2325.749: [GC [PSYoungGen: 52224K->256K(58880K)] 528073K->476105K(779776K), 0.0112992 secs] [Times: user=0.06 sys=0.00, real=0.01 secs]
2325.749: [GC [PSYoungGen: 52224K->256K(58880K)] 528073K->476105K(779776K), 0.0112992 secs] [Times: user=0.06 sys=0.00, real=0.01 secs]
2325.749: [GC [PSYoungGen: 52224K->256K(58880K)] 528073K->476105K(779776K), 0.0112992 secs] [Times: user=0.06 sys=0.00, real=0.01 secs]
2325.749: [GC [PSYoungGen: 52224K->256K(58880K)] 528073K->476105K(779776K), 0.0112992 secs] [Times: user=0.06 sys=0.00, real=0.01 secs]
2325.749: [GC [PSYoungGen: 52224K->256K(58880K)] 528073K->476105K(779776K), 0.0112992 secs] [Times: user=0.06 sys=0.00, real=0.01 secs]
2325.749: [GC [PSYoungGen: 52224K->256K(58880K)] 528073K->476105K(779776K), 0.0112992 secs] [Times: user=0.06 sys=0.00, real=0.01 secs]
2325.749: [GC [PSYoungGen: 52224K->256K(58880K)] 528073K->476105K(779776K), 0.0112992 secs] [Times: user=0.06 sys=0.00, real=0.01 secs]
2325.749: [GC [PSYoungGen: 52224K->256K(58880K)] 528073K->476105K(779776K), 0.0112992 secs] [Times: user=0.06 sys=0.00, real=0.01 secs]
2325.749: [GC [PSYoungGen: 52224K->256K(58880K)] 528073K->476105K(779776K), 0.0112992 secs] [Times: user=0.06 sys=0.00, real=0.01 secs]
2325.749: [GC [PSYoungGen: 52224K->256K(58880K)] 528073K->476105K(779776K), 0.0112992 secs] [Times: user=0.06 sys=0.00, real=0.01 secs]
2325.749: [GC [PSYoungGen: 52224K->256K(58880K)] 528073K->476105K(779776K), 0.0112992 secs] [Times: user=0.06 sys=0.00, real=0.01 secs]
2325.749: [GC [PSYoungGen: 52224K->256K(58880K)] 528073K->476105K(779776K), 0.0112992 secs] [Times: user=0.06 sys=0.00, real=0.01 secs]
2325.749: [GC [PSYoungGen: 52224K->256K(58880K)] 528073K->476105K(779776K), 0.0112992 secs] [Times: user=0.06 sys=0.00, real=0.01 secs]
2325.749: [GC [PSYoungGen: 52224K->256K(58880K)] 528073K->476105K(779776K), 0.0112992 secs] [Times: user=0.06 sys=0.00, real=0.01 secs]
2325.749: [GC [PSYoungGen: 52224K->256K(58880K)] 528073K->476105K(779776K), 0.0112992 secs] [Times: user=0.06 sys=0.00, real=0.01 secs]
2325.749: [GC [PSYoungGen: 52224K->256K(58880K)] 528073K->476105K(779776K), 0.0112992 secs] [Times: user=0.06 sys=0.00, real=0.01 secs]
2325.749: [GC [PSYoungGen: 52224K->256K(58880K)] 528073K->476105K(779776K), 0.0112992 secs] [Times: user=0.06 sys=0.00, real=0.01 secs]
2325.749: [GC [PSYoungGen: 52224K->256K(58880K)] 528073K->476105K(779776K), 0.0112992 secs] [Times: user=0.06 sys=0.00, real=0.01 secs]
2325.749: [GC [PSYoungGen: 52224K->256K(58880K)] 528073K->476105K(779776K), 0.0112992 secs] [Times: user=0.06 sys=0.00, real=0.01 secs]
2325.749: [GC [PSYoungGen: 52224K->256K(58880K)] 528073K->476105K(779776K), 0.0112992 secs] [Times: user=0.06 sys=0.00, real=0.01 secs]
2325.749: [GC [PSYoungGen: 52224K->256K(58880K)] 528073K->476105K(779776K), 0.0112992 secs] [Times: user=0.06 sys=0.00, real=0.01 secs]
2325.749: [GC [PSYoungGen: 52224K->256K(58880K)] 528073K->476105K(779776K), 0.0112992 secs] [Times: user=0.06 sys=0.00, real=0.01 secs]
2325.749: [GC [PSYoungGen: 52224K->256K(58880K)] 528073K->476105K(779776K), 0.0112992 secs] [Times: user=0.06 sys=0.00, real=0.01 secs]
2325.749: [GC [PSYoungGen: 52224K->256K(58880K)] 528073K->476105K(779776K), 0.0112992 secs] [Times: user=0.06 sys=0.00, real=0.01 secs]
2325.749: [GC [PSYoungGen: 52224K->256K(58880K)] 528073K->476105K(779776K), 0.0112992 secs] [Times: user=0.06 sys=0.00, real=0.01 secs]
2325.749: [GC [PSYoungGen: 52224K->256K(58880K)] 528073K->476105K(779776K), 0.0112992 secs] [Times: user=0.06 sys=0.00, real=0.01 secs]
2325.749: [GC [PSYoungGen: 52224K->256K(58880K)] 528073K->476105K(779776K), 0.0112992 secs] [Times: user=0.06 sys=0.00, real=0.01 secs]
2325.749: [GC [PSYoungGen: 52224K->256K(58880K)] 528073K->476105K(779776K), 0.0112992 secs] [Times: user=0.06 sys=0.00, real=0.01 secs]
2325.749: [GC [PSYoungGen: 52224K->256K(58880K)] 528073K->476105K(779776K), 0.0112992 secs] [Times: user=0.06 sys=0.00, real=0.01 secs]
2325.749: [GC [PSYoungGen: 52224K->256K(58880K)] 528073K->476105K(779776K), 0.0112992 secs] [Times: user=0.06 sys=0.00, real=0.01 secs]
2325.749: [GC [PSYoungGen: 52224K->256K(58880K)] 528073K->476105K(779776K), 0.0112992 secs] [Times: user=0.06 sys=0.00, real=0.01 secs]
2325.749: [GC [PSYoungGen: 52224K->256K(58880K)] 528073K->476105K(779776K), 0.0112992 secs] [Times: user=0.06 sys=0.00, real=0.01 secs]
2325.749: [GC [PSYoungGen: 52224K->256K(58880K)] 528073K->476105K(779776K), 0.0112992 secs] [Times: user=0.06 sys=0.00, real=0.01 secs]
2325.749: [GC [PSYoungGen: 52224K->256K(58880K)] 528073K->476105K(779776K), 0.0112992 secs] [Times: user=0.06 sys=0.00, real=0.01 secs]
2325.749: [GC [PSYoungGen: 52224K->256K(58880K)] 528073K->476105K(779776K), 0.0112992 secs] [Times: user=0.06 sys=0.00, real=0.01 secs]
2325.749: [GC [PSYoungGen: 52224K->256K(58880K)] 528073K->476105K(779776K), 0.0112992 secs] [Times: user=0.06 sys=0.00, real=0.01 secs]
2325.749: [GC [PSYoungGen: 52224K->256K(58880K)] 528073K->476105K(779776K), 0.0112992 secs] [Times: user=0.06 sys=0.00, real=0.01 secs]
2325.749: [GC [PSYoungGen: 52224K->256K(58880K)] 528073K->476105K(779776K), 0.0112992 secs] [Times: user=0.06 sys=0.00, real=0.01 secs]
2325.749: [GC [PSYoungGen: 52224K->256K(58880K)] 528073K->476105K(779776K), 0.0112992 secs] [Times: user=0.06 sys=0.00, real=0.01 secs]
2325.749: [GC [PSYoungGen: 52224K->256K(58880K)] 528073K->476105K(779776K), 0.0112992 secs] [Times: user=0.06 sys=0.00, real=0.01 secs]
2325.749: [GC [PSYoungGen: 52224K->256K(58880K)] 528073K->476105K(779776K), 0.0112992 secs] [Times: user=0.06 sys=0.00, real=0.01 secs]
2325.749: [GC [PSYoungGen: 52224K->256K(58880K)] 528073K->476105K(779776K), 0.0112992 secs] [Times: user=0.06 sys=0.00, real=0.01 secs]
2325.749: [GC [PSYoungGen: 52224K->256K(58880K)] 528073K->476105K(779776K), 0.0112992 secs] [Times: user=0.06 sys=0.00, real=0.01 secs]
2325.749: [GC [PSYoungGen: 52224K->256K(58880K)] 528073K->476105K(779776K), 0.0112992 secs] [Times: user=0.06 sys=0.00, real=0.01 secs]
2325.749: [GC [PSYoungGen: 52224K->256K(58880K)] 528073K->476105K(779776K), 0.0112992 secs] [Times: user=0.06 sys=0.00, real=0.01 secs]
2325.749: [GC [PSYoungGen: 52224K->256K(58880K)] 528073K->476105K(779776K), 0.0112992 secs] [Times: user=0.06 sys=0.00, real=0.01 secs]
2325.749: [GC [PSYoungGen: 52224K->256K(58880K)] 528073K->476105K(779776K), 0.0112992 secs] [Times: user=0.06 sys=0.00, real=0.01 secs]
2325.749: [GC [PSYoungGen: 52224K->256K(58880K)] 528073K->476105K(779776K), 0.0112992 secs] [Times: user=0.06 sys=0.00, real=0.01 secs]
2325.749: [GC [PSYoungGen: 52224K->256K(58880K)] 528073K->476105K(779776K), 0.0112992 secs] [Times: user=0.06 sys=0.00, real=0.01 secs]
2325.749: [GC [PSYoungGen: 52224K->256K(58880K)] 528073K->476105K(779776K), 0.0112992 secs] [Times: user=0.06 sys=0.00, real=0.01 secs]
2325.749: [GC [PSYoungGen: 52224K->256K(58880K)] 528073K->476105K(779776K), 0.0112992 secs] [Times: user=0.06 sys=0.00, real=0.01 secs]
2325.749: [GC [PSYoungGen: 52224K->256K(58880K)] 528073K->476105K(779776K), 0.0112992 secs] [Times: user=0.06 sys=0.00, real=0.01 secs]
2325.749: [GC [PSYoungGen: 52224K->256K(58880K)] 528073K->476105K(779776K), 0.0112992 secs] [Times: user=0.06 sys=0.00, real=0.01 secs]
2325.749: [GC [PSYoungGen: 52224K->256K(58880K)] 528073K->476105K(779776K), 0.0112992 secs] [Times: user=0.06 sys=0.00, real=0.01 secs]
2325.749: [GC [PSYoungGen: 52224K->256K(58880K)] 528073K->476105K(779776K), 0.0112992 secs] [Times: user=0.06 sys=0.00, real=0.01 secs]
2325.749: [GC [PSYoungGen: 52224K->256K(58880K)] 528073K->476105K(779776K), 0.0112992 secs] [Times: user=0.06 sys=0.00, real=0.01 secs]
2325.749: [GC [PSYoungGen: 52224K->256K(58880K)] 528073K->476105K(779776K), 0.0112992 secs] [Times: user=0.06 sys=0.00, real=0.01 secs]
2325.749: [GC [PSYoungGen: 52224K->256K(58880K)] 528073K->476105K(779776K), 0.0112992 secs] [Times: user=0.06 sys=0.00, real=0.01 secs]
2325.749: [GC [PSYoungGen: 52224K->256K(58880K)] 528073K->476105K(779776K), 0.0112992 secs] [Times: user=0.06 sys=0.00, real=0.01 secs]
2325.749: [GC [PSYoungGen: 52224K->256K(58880K)] 528073K->476105K(779776K), 0.0112992 secs] [Times: user=0.06 sys=0.00, real=0.01 secs]
2325.749: [GC [PSYoungGen: 52224K->256K(58880K)] 528073K->476105K(779776K), 0.0112992 secs] [Times: user=0.06 sys=0.00, real=0.01 secs]
2325.749: [GC [PSYoungGen: 52224K->256K(58880K)] 528073K->476105K(779776K), 0.0112992 secs] [Times: user=0.06 sys=0.00, real=0.01 secs]
2325.749: [GC [PSYoungGen: 52224K->256K(58880K)] 528073K->476105K(779776K), 0.0112992 secs] [Times: user=0.06 sys=0.00, real=0.01 secs]
2325.749: [GC [PSYoungGen: 52224K->256K(58880K)] 528073K->476105K(779776K), 0.0112992 secs] [Times: user=0.06 sys=0.00, real=0.01 secs]
2325.749: [GC [PSYoungGen: 52224K->256K(58880K)] 528073K->476105K(779776K), 0.0112992 secs] [Times: user=0.06 sys=0.00, real=0.01 secs]
2325.749: [GC [PSYoungGen: 52224K->256K(58880K)] 528073K->476105K(779776K), 0.0112992 secs] [Times: user=0.06 sys=0.00, real=0.01 secs]
2325.749: [GC [PSYoungGen: 52224K->256K(58880K)] 528073K->476105K(779776K), 0.0112992 secs] [Times: user=0.06 sys=0.00, real=0.01 secs]
2325.749: [GC [PSYoungGen: 52224K->256K(58880K)] 528073K->476105K(779776K), 0.0112992 secs] [Times: user=0.06 sys=0.00, real=0.01 secs]
2325.749: [GC [PSYoungGen: 52224K->256K(58880K)] 528073K->476105K(779776K), 0.0112992 secs] [Times: user=0.06 sys=0.00, real=0.01 secs]
2325.749: [GC [PSYoungGen: 52224K->256K(58880K)] 528073K->476105K(779776K), 0.0112992 secs] [Times: user=0.06 sys=0.00, real=0.01 secs]
2325.749: [GC [PSYoungGen: 52224K->256K(58880K)] 528073K->476105K(779776K), 0.0112992 secs] [Times: user=0.06 sys=0.00, real=0.01 secs]
2325.749: [GC [PSYoungGen: 52224K->256K(58880K)] 528073K->476105K(779776K), 0.0112992 secs] [Times: user=0.06 sys=0.00, real=0.01 secs]
2325.749: [GC [PSYoungGen: 52224K->256K(58880K)] 528073K->476105K(779776K), 0.0112992 secs] [Times: user=0.06 sys=0.00, real=0.01 secs]
2325.749: [GC [PSYoungGen: 52224K->256K(58880K)] 528073K->476105K(779776K), 0.0112992 secs] [Times: user=0.06 sys=0.00, real=0.01 secs]
2325.749: [GC [PSYoungGen: 52224K->256K(58880K)] 528073K->476105K(779776K), 0.0112992 secs] [Times: user=0.06 sys=0.00, real=0.01 secs]
2325.749: [GC [PSYoungGen: 52224K->256K(58880K)] 528073K->476105K(779776K), 0.0112992 secs] [Times: user=0.06 sys=0.00, real=0.01 secs]
2325.749: [GC [PSYoungGen: 52224K->256K(58880K)] 528073K->476105K(779776K), 0.0112992 secs] [Times: user=0.06 sys=0.00, real=0.01 secs]
2325.749: [GC [PSYoungGen: 52224K->256K(58880K)] 528073K->476105K(779776K), 0.0112992 secs] [Times: user=0.06 sys=0.00, real=0.01 secs]
2325.749: [GC [PSYoungGen: 52224K->256K(58880K)] 528073K->476105K(779776K), 0.0112992 secs] [Times: user=0.06 sys=0.00, real=0.01 secs]
2325.749: [GC [PSYoungGen: 52224K->256K(58880K)] 528073K->476105K(779776K), 0.0112992 secs] [Times: user=0.06 sys=0.00, real=0.01 secs]
2325.749: [GC [PSYoungGen: 52224K->256K(58880K)] 528073K->476105K(779776K), 0.0112992 secs] [Times: user=0.06 sys=0.00, real=0.01 secs]
2325.749: [GC [PSYoungGen: 52224K->256K(58880K)] 528073K->476105K(779776K), 0.0112992 secs] [Times: user=0.06 sys=0.00, real=0.01 secs]
2325.749: [GC [PSYoungGen: 52224K->256K(58880K)] 528073K->476105K(779776K), 0.0112992 secs] [Times: user=0.06 sys=0.00, real=0.01 secs]
2325.749: [GC [PSYoungGen: 52224K->256K(58880K)] 528073K->476105K(779776K), 0.0112992 secs] [Times: user=0.06 sys=0.00, real=0.01 secs]
2325.749: [GC [PSYoungGen: 52224K->256K(58880K)] 528073K->476105K(779776K), 0.0112992 secs] [Times: user=0.06 sys=0.00, real=0.01 secs]
2325.749: [GC [PSYoungGen: 52224K->256K(58880K)] 528073K->476105K(779776K), 0.0112992 secs] [Times: user=0.06 sys=0.00, real=0.01 secs]
2325.749: [GC [PSYoungGen: 52224K->256K(58880K)] 528073K->476105K(779776K), 0.0112992 secs] [Times: user=0.06 sys=0.00, real=0.01 secs]
2325.749: [GC [PSYoungGen: 52224K->256K(58880K)] 528073K->476105K(779776K), 0.0112992 secs] [Times: user=0.06 sys=0.00, real=0.01 secs]
2325.749: [GC [PSYoungGen: 52224K->256K(58880K)] 528073K->476105K(779776K), 0.0112992 secs] [Times: user=0.06 sys=0.00, real=0.01 secs]
2325.749: [GC [PSYoungGen: 52224K->256K(58880K)] 528073K->476105K(779776K), 0.0112992 secs] [Times: user=0.06 sys=0.00, real=0.01 secs]
2325.749: [GC [PSYoungGen: 52224K->256K(58880K)] 528073K->476105K(779776K), 0.0112992 secs] [Times: user=0.06 sys=0.00, real=0.01 secs]
2325.749: [GC [PSYoungGen: 52224K->256K(58880K)] 528073K->476105K(779776K), 0.0112992 secs] [Times: user=0.06 sys=0.00, real=0.01 secs]
2325.749: [GC [PSYoungGen: 52224K->256K(58880K)] 528073K->476105K(779776K), 0.0112992 secs] [Times: user=0.06 sys=0.00, real=0.01 secs]
2325.749: [GC [PSYoungGen: 52224K->256K(58880K)] 528073K->476105K(779776K), 0.0112992 secs] [Times: user=0.06 sys=0.00, real=0.01 secs]
2325.749: [GC [PSYoungGen: 52224K->256K(58880K)] 528073K->476105K(779776K), 0.0112992 secs] [Times: user=0.06 sys=0.00, real=0.01 secs]
2325.749: [GC [PSYoungGen: 52224K->256K(58880K)] 528073K->476105K(779776K), 0.0112992 secs] [Times: user=0.06 sys=0.00, real=0.01 secs]
2325.749: [GC [PSYoungGen: 52224K->256K(58880K)] 528073K->476105K(779776K), 0.0112992 secs] [Times: user=0.06 sys=0.00, real=0.01 secs]
2325.749: [GC [PSYoungGen: 52224K->256K(58880K)] 528073K->476105K(779776K), 0.0112992 secs] [Times: user=0.06 sys=0.00, real=0.01 secs]
2325.749: [GC [PSYoungGen: 52224K->256K(58880K)] 528073K->476105K(779776K), 0.0112992 secs] [Times: user=0.06 sys=0.00, real=0.01 secs]
2325.749: [GC [PSYoungGen: 52224K->256K(58880K)] 528073K->476105K(779776K), 0.0112992 secs] [Times: user=0.06 sys=0.00, real=0.01 secs]
2325.749: [GC [PSYoungGen: 52224K->256K(58880K)] 528073K->476105K(779776K), 0.0112992 secs] [Times: user=0.06 sys=0.00, real=0.01 secs]
2325.749: [GC [PSYoungGen: 52224K->256K(58880K)] 528073K->476105K(779776K), 0.0112992 secs] [Times: user=0.06 sys=0.00, real=0.01 secs]
2325.749: [GC [PSYoungGen: 52224K->256K(58880K)] 528073K->476105K(779776K), 0.0112992 secs] [Times: user=0.06 sys=0.00, real=0.01 secs]
2325.749: [GC [PSYoungGen: 52224K->256K(58880K)] 528073K->476105K(779776K), 0.0112992 secs] [Times: user=0.06 sys=0.00, real=0.01 secs]
2325.749: [GC [PSYoungGen: 52224K->256K(58880K)] 528073K->476105K(779776K), 0.0112992 secs] [Times: user=0.06 sys=0.00, real=0.01 secs]
2325.749: [GC [PSYoungGen: 52224K->256K(58880K)] 528073K->476105K(779776K), 0.0112992 secs] [Times: user=0.06 sys=0.00, real=0.01 secs]
2325.749: [GC [PSYoungGen: 52224K->256K(58880K)] 528073K->476105K(779776K), 0.0112992 secs] [Times: user=0.06 sys=0.00, real=0.01 secs]
2325.749: [GC [PSYoungGen: 52224K->256K(58880K)] 528073K->476105K(779776K), 0.0112992 secs] [Times: user=0.06 sys=0.00, real=0.01 secs]
2325.749: [GC [PSYoungGen: 52224K->256K(58880K)] 528073K->476105K(779776K), 0.0112992 secs] [Times: user=0.06 sys=0.00, real=0.01 secs]
2325.749: [GC [PSYoungGen: 52224K->256K(58880K)] 528073K->476105K(779776K), 0.0112992 secs] [Times: user=0.06 sys=0.00, real=0.01 secs]
2325.749: [GC [PSYoungGen: 52224K->256K(58880K)] 528073K->476105K(779776K), 0.0112992 secs] [Times: user=0.06 sys=0.00, real=0.01 secs]
2325.749: [GC [PSYoungGen: 52224K->256K(58880K)] 528073K->476105K(779776K), 0.0112992 secs] [Times: user=0.06 sys=0.00, real=0.01 secs]
2325.749: [GC [PSYoungGen: 52224K->256K(58880K)] 528073K->476105K(779776K), 0.0112992 secs] [Times: user=0.06 sys=0.00, real=0.01 secs]
2325.749: [GC [PSYoungGen: 52224K->256K(58880K)] 528073K->476105K(779776K), 0.0112992 secs] [Times: user=0.06 sys=0.00, real=0.01 secs]
2325.749: [GC [PSYoungGen: 52224K->256K(58880K)] 528073K->476105K(779776K), 0.0112992 secs] [Times: user=0.06 sys=0.00, real=0.01 secs]
2325.749: [GC [PSYoungGen: 52224K->256K(58880K)] 528073K->476105K(779776K), 0.0112992 secs] [Times: user=0.06 sys=0.00, real=0.01 secs]
2325.749: [GC [PSYoungGen: 52224K->256K(58880K)] 528073K->476105K(779776K), 0.0112992 secs] [Times: user=0.06 sys=0.00, real=0.01 secs]
2325.749: [GC [PSYoungGen: 52224K->256K(58880K)] 528073K->476105K(779776K), 0.0112992 secs] [Times: user=0.06 sys=0.00, real=0.01 secs]
2325.749: [GC [PSYoungGen: 52224K->256K(58880K)] 528073K->476105K(779776K), 0.0112992 secs] [Times: user=0.06 sys=0.00, real=0.01 secs]
2325.749: [GC [PSYoungGen: 52224K->256K(58880K)] 528073K->476105K(779776K), 0.0112992 secs] [Times: user=0.06 sys=0.00, real=0.01 secs]
2325.749: [GC [PSYoungGen: 52224K->256K(58880K)] 528073K->476105K(779776K), 0.0112992 secs] [Times: user=0.06 sys=0.00, real=0.01 secs]
2325.749: [GC [PSYoungGen: 52224K->256K(58880K)] 528073K->476105K(779776K), 0.0112992 secs] [Times: user=0.06 sys=0.00, real=0.01 secs]
2325.749: [GC [PSYoungGen: 52224K->256K(58880K)] 528073K->476105K(779776K), 0.0112992 secs] [Times: user=0.06 sys=0.00, real=0.01 secs]
2325.749: [GC [PSYoungGen: 52224K->256K(58880K)] 528073K->476105K(779776K), 0.0112992 secs] [Times: user=0.06 sys=0.00, real=0.01 secs]
2325.749: [GC [PSYoungGen: 52224K->256K(58880K)] 528073K->476105K(779776K), 0.0112992 secs] [Times: user=0.06 sys=0.00, real=0.01 secs]
2325.749: [GC [PSYoungGen: 52224K->256K(58880K)] 528073K->476105K(779776K), 0.0112992 secs] [Times: user=0.06 sys=0.00, real=0.01 secs]
2325.749: [GC [PSYoungGen: 52224K->256K(58880K)] 528073K->476105K(779776K), 0.0112992 secs] [Times: user=0.06 sys=0.00, real=0.01 secs]
2325.749: [GC [PSYoungGen: 52224K->256K(58880K)] 528073K->476105K(779776K), 0.0112992 secs] [Times: user=0.06 sys=0.00, real=0.01 secs]
2325.749: [GC [PSYoungGen: 52224K->256K(58880K)] 528073K->476105K(779776K), 0.0112992 secs] [Times: user=0.06 sys=0.00, real=0.01 secs]
2325.749: [GC [PSYoungGen: 52224K->256K(58880K)] 528073K->476105K(779776K), 0.0112992 secs] [Times: user=0.06 sys=0.00, real=0.01 secs]
2325.749: [GC [PSYoungGen: 52224K->256K(58880K)] 528073K->476105K(779776K), 0.0112992 secs] [Times: user=0.06 sys=0.00, real=0.01 secs]
2325.749: [GC [PSYoungGen: 52224K->256K(58880K)] 528073K->476105K(779776K), 0.0112992 secs] [Times: user=0.06 sys=0.00, real=0.01 secs]
2325.749: [GC [PSYoungGen: 52224K->256K(58880K)] 528073K->476105K(779776K), 0.0112992 secs] [Times: user=0.06 sys=0.00, real=0.01 secs]
2325.749: [GC [PSYoungGen: 52224K->256K(58880K)] 528073K->476105K(779776K), 0.0112992 secs] [Times: user=0.06 sys=0.00, real=0.01 secs]
2325.749: [GC [PSYoungGen: 52224K->256K(58880K)] 528073K->476105K(779776K), 0.0112992 secs] [Times: user=0.06 sys=0.00, real=0.01 secs]
2325.749: [GC [PSYoungGen: 52224K->256K(58880K)] 528073K->476105K(779776K), 0.0112992 secs] [Times: user=0.06 sys=0.00, real=0.01 secs]
2325.749: [GC [PSYoungGen: 52224K->256K(58880K)] 528073K->476105K(779776K), 0.0112992 secs] [Times: user=0.06 sys=0.00, real=0.01 secs]
2325.749: [GC [PSYoungGen: 52224K->256K(58880K)] 528073K->476105K(779776K), 0.0112992 secs] [Times: user=0.06 sys=0.00, real=0.01 secs]
2325.749: [GC [PSYoungGen: 52224K->256K(58880K)] 528073K->476105K(779776K), 0.0112992 secs] [Times: user=0.06 sys=0.00, real=0.01 secs]
2325.749: [GC [PSYoungGen: 52224K->256K(58880K)] 528073K->476105K(779776K), 0.0112992 secs] [Times: user=0.06 sys=0.00, real=0.01 secs]
2325.749: [GC [PSYoungGen: 52224K->256K(58880K)] 528073K->476105K(779776K), 0.0112992 secs] [Times: user=0.06 sys=0.00, real=0.01 secs]
2325.749: [GC [PSYoungGen: 52224K->256K(58880K)] 528073K->476105K(779776K), 0.0112992 secs] [Times: user=0.06 sys=0.00, real=0.01 secs]
2325.749: [GC [PSYoungGen: 52224K->256K(58880K)] 528073K->476105K(779776K), 0.0112992 secs] [Times: user=0.06 sys=0.00, real=0.01 secs]
2325.749: [GC [PSYoungGen: 52224K->256K(58880K)] 528073K->476105K(779776K), 0.0112992 secs] [Times: user=0.06 sys=0.00, real=0.01 secs]
2325.749: [GC [PSYoungGen: 52224K->256K(58880K)] 528073K->476105K(779776K), 0.0112992 secs] [Times: user=0.06 sys=0.00, real=0.01 secs]
2325.749: [GC [PSYoungGen: 52224K->256K(58880K)] 528073K->476105K(779776K), 0.0112992 secs] [Times: user=0.06 sys=0.00, real=0.01 secs]
2325.749: [GC [PSYoungGen: 52224K->256K(58880K)] 528073K->476105K(779776K), 0.0112992 secs] [Times: user=0.06 sys=0.00, real=0.01 secs]
2325.749: [GC [PSYoungGen: 52224K->256K(58880K)] 528073K->476105K(779776K), 0.0112992 secs] [Times: user=0.06 sys=0.00, real=0.01 secs]
2325.749: [GC [PSYoungGen: 52224K->256K(58880K)] 528073K->476105K(779776K), 0.0112992 secs] [Times: user=0.06 sys=0.00, real=0.01 secs]
2325.749: [GC [PSYoungGen: 52224K->256K(58880K)] 528073K->476105K(779776K), 0.0112992 secs] [Times: user=0.06 sys=0.00, real=0.01 secs]
2325.749: [GC [PSYoungGen: 52224K->256K(58880K)] 528073K->476105K(779776K), 0.0112992 secs] [Times: user=0.06 sys=0.00, real=0.01 secs]
2325.749: [GC [PSYoungGen: 52224K->256K(58880K)] 528073K->476105K(779776K), 0.0112992 secs] [Times: user=0.06 sys=0.00, real=0.01 secs]
2325.749: [GC [PSYoungGen: 52224K->256K(58880K)] 528073K->476105K(779776K), 0.0112992 secs] [Times: user=0.06 sys=0.00, real=0.01 secs]
2325.749: [GC [PSYoungGen: 52224K->256K(58880K)] 528073K->476105K(779776K), 0.0112992 secs] [Times: user=0.06 sys=0.00, real=0.01 secs]
2325.749: [GC [PSYoungGen: 52224K->256K(58880K)] 528073K->476105K(779776K), 0.0112992 secs] [Times: user=0.06 sys=0.00, real=0.01 secs]
2325.749: [GC [PSYoungGen: 52224K->256K(58880K)] 528073K->476105K(779776K), 0.0112992 secs] [Times: user=0.06 sys=0.00, real=0.01 secs]
2325.749: [GC [PSYoungGen: 52224K->256K(58880K)] 528073K->476105K(779776K), 0.0112992 secs] [Times: user=0.06 sys=0.00, real=0.01 secs]
2325.749: [GC [PSYoungGen: 52224K->256K(58880K)] 528073K->476105K(779776K), 0.0112992 secs] [Times: user=0.06 sys=0.00, real=0.01 secs]
2325.749: [GC [PSYoungGen: 52224K->256K(58880K)] 528073K->476105K(779776K), 0.0112992 secs] [Times: user=0.06 sys=0.00, real=0.01 secs]
2325.749: [GC [PSYoungGen: 52224K->256K(58880K)] 528073K->476105K(779776K), 0.0112992 secs] [Times: user=0.06 sys=0.00, real=0.01 secs]
2325.749: [GC [PSYoungGen: 52224K->256K(58880K)] 528073K->476105K(779776K), 0.0112992 secs] [Times: user=0.06 sys=0.00, real=0.01 secs]
2325.749: [GC [PSYoungGen: 52224K->256K(58880K)] 528073K->476105K(779776K), 0.0112992 secs] [Times: user=0.06 sys=0.00, real=0.01 secs]
2325.749: [GC [PSYoungGen: 52224K->256K(58880K)] 528073K->476105K(779776K), 0.0112992 secs] [Times: user=0.06 sys=0.00, real=0.01 secs]
2325.749: [GC [PSYoungGen: 52224K->256K(58880K)] 528073K->476105K(779776K), 0.0112992 secs] [Times: user=0.06 sys=0.00, real=0.01 secs]
2325.749: [GC [PSYoungGen: 52224K->256K(58880K)] 528073K->476105K(779776K), 0.0112992 secs] [Times: user=0.06 sys=0.00, real=0.01 secs]
2325.749: [GC [PSYoungGen: 52224K->256K(58880K)] 528073K->476105K(779776K), 0.0112992 secs] [Times: user=0.06 sys=0.00, real=0.01 secs]
2325.749: [GC [PSYoungGen: 52224K->256K(58880K)] 528073K->476105K(779776K), 0.0112992 secs] [Times: user=0.06 sys=0.00, real=0.01 secs]
2325.749: [GC [PSYoungGen: 52224K->256K(58880K)] 528073K->476105K(779776K), 0.0112992 secs] [Times: user=0.06 sys=0.00, real=0.01 secs]
2325.749: [GC [PSYoungGen: 52224K->256K(58880K)] 528073K->476105K(779776K), 0.0112992 secs] [Times: user=0.06 sys=0.00, real=0.01 secs]
2325.749: [GC [PSYoungGen: 52224K->256K(58880K)] 528073K->476105K(779776K), 0.0112992 secs] [Times: user=0.06 sys=0.00, real=0.01 secs]
2325.749: [GC [PSYoungGen: 52224K->256K(58880K)] 528073K->476105K(779776K), 0.0112992 secs] [Times: user=0.06 sys=0.00, real=0.01 secs]
2325.749: [GC [PSYoungGen: 52224K->256K(58880K)] 528073K->476105K(779776K), 0.0112992 secs] [Times: user=0.06 sys=0.00, real=0.01 secs]
2325.749: [GC [PSYoungGen: 52224K->256K(58880K)] 528073K->476105K(779776K), 0.0112992 secs] [Times: user=0.06 sys=0.00, real=0.01 secs]
2325.749: [GC [PSYoungGen: 52224K->256K(58880K)] 528073K->476105K(779776K), 0.0112992 secs] [Times: user=0.06 sys=0.00, real=0.01 secs]
2325.749: [GC [PSYoungGen: 52224K->256K(58880K)] 528073K->476105K(779776K), 0.0112992 secs] [Times: user=0.06 sys=0.00, real=0.01 secs]
2325.749: [GC [PSYoungGen: 52224K->256K(58880K)] 528073K->476105K(779776K), 0.0112992 secs] [Times: user=0.06 sys=0.00, real=0.01 secs]
2325.749: [GC [PSYoungGen: 52224K->256K(58880K)] 528073K->476105K(779776K), 0.0112992 secs] [Times: user=0.06 sys=0.00, real=0.01 secs]
2325.749: [GC [PSYoungGen: 52224K->256K(58880K)] 528073K->476105K(779776K), 0.0112992 secs] [Times: user=0.06 sys=0.00, real=0.01 secs]
2325.749: [GC [PSYoungGen: 52224K->256K(58880K)] 528073K->476105K(779776K), 0.0112992 secs] [Times: user=0.06 sys=0.00, real=0.01 secs]
2325.749: [GC [PSYoungGen: 52224K->256K(58880K)] 528073K->476105K(779776K), 0.0112992 secs] [Times: user=0.06 sys=0.00, real=0.01 secs]
2325.749: [GC [PSYoungGen: 52224K->256K(58880K)] 528073K->476105K(779776K), 0.0112992 secs] [Times: user=0.06 sys=0.00, real=0.01 secs]
2325.749: [GC [PSYoungGen: 52224K->256K(58880K)] 528073K->476105K(779776K), 0.0112992 secs] [Times: user=0.06 sys=0.00, real=0.01 secs]
2325.749: [GC [PSYoungGen: 52224K->256K(58880K)] 528073K->476105K(779776K), 0.0112992 secs] [Times: user=0.06 sys=0.00, real=0.01 secs]
2325.749: [GC [PSYoungGen: 52224K->256K(58880K)] 528073K->476105K(779776K), 0.0112992 secs] [Times: user=0.06 sys=0.00, real=0.01 secs]
2325.749: [GC [PSYoungGen: 52224K->256K(58880K)] 528073K->476105K(779776K), 0.0112992 secs] [Times: user=0.06 sys=0.00, real=0.01 secs]
2325.749: [GC [PSYoungGen: 52224K->256K(58880K)] 528073K->476105K(779776K), 0.0112992 secs] [Times: user=0.06 sys=0.00, real=0.01 secs]
2325.749: [GC [PSYoungGen: 52224K->256K(58880K)] 528073K->476105K(779776K), 0.0112992 secs] [Times: user=0.06 sys=0.00, real=0.01 secs]
2325.749: [GC [PSYoungGen: 52224K->256K(58880K)] 528073K->476105K(779776K), 0.0112992 secs] [Times: user=0.06 sys=0.00, real=0.01 secs]
2325.749: [GC [PSYoungGen: 52224K->256K(58880K)] 528073K->476105K(779776K), 0.0112992 secs] [Times: user=0.06 sys=0.00, real=0.01 secs]
2325.749: [GC [PSYoungGen: 52224K->256K(58880K)] 528073K->476105K(779776K), 0.0112992 secs] [Times: user=0.06 sys=0.00, real=0.01 secs]
2325.749: [GC [PSYoungGen: 52224K->256K(58880K)] 528073K->476105K(779776K), 0.0112992 secs] [Times: user=0.06 sys=0.00, real=0.01 secs]
2325.749: [GC [PSYoungGen: 52224K->256K(58880K)] 528073K->476105K(779776K), 0.0112992 secs] [Times: user=0.06 sys=0.00, real=0.01 secs]
2325.749: [GC [PSYoungGen: 52224K->256K(58880K)] 528073K->476105K(779776K), 0.0112992 secs] [Times: user=0.06 sys=0.00, real=0.01 secs]
2325.749: [GC [PSYoungGen: 52224K->256K(58880K)] 528073K->476105K(779776K), 0.0112992 secs] [Times: user=0.06 sys=0.00, real=0.01 secs]
2325.749: [GC [PSYoungGen: 52224K->256K(58880K)] 528073K->476105K(779776K), 0.0112992 secs] [Times: user=0.06 sys=0.00, real=0.01 secs]
2325.749: [GC [PSYoungGen: 52224K->256K(58880K)] 528073K->476105K(779776K), 0.0112992 secs] [Times: user=0.06 sys=0.00, real=0.01 secs]
2325.749: [GC [PSYoungGen: 52224K->256K(58880K)] 528073K->476105K(779776K), 0.0112992 secs] [Times: user=0.06 sys=0.00, real=0.01 secs]
2325.749: [GC [PSYoungGen: 52224K->256K(58880K)] 528073K->476105K(779776K), 0.0112992 secs] [Times: user=0.06 sys=0.00, real=0.01 secs]
2325.749: [GC [PSYoungGen: 52224K->256K(58880K)] 528073K->476105K(779776K), 0.0112992 secs] [Times: user=0.06 sys=0.00, real=0.01 secs]
2325.749: [GC [PSYoungGen: 52224K->256K(58880K)] 528073K->476105K(779776K), 0.0112992 secs] [Times: user=0.06 sys=0.00, real=0.01 secs]
2325.749: [GC [PSYoungGen: 52224K->256K(58880K)] 528073K->476105K(779776K), 0.0112992 secs] [Times: user=0.06 sys=0.00, real=0.01 secs]
2325.749: [GC [PSYoungGen: 52224K->256K(58880K)] 528073K->476105K(779776K), 0.0112992 secs] [Times: user=0.06 sys=0.00, real=0.01 secs]
2325.749: [GC [PSYoungGen: 52224K->256K(58880K)] 528073K->476105K(779776K), 0.0112992 secs] [Times: user=0.06 sys=0.00, real=0.01 secs]
2325.749: [GC [PSYoungGen: 52224K->256K(58880K)] 528073K->476105K(779776K), 0.0112992 secs] [Times: user=0.06 sys=0.00, real=0.01 secs]
2325.749: [GC [PSYoungGen: 52224K->256K(58880K)] 528073K->476105K(779776K), 0.0112992 secs] [Times: user=0.06 sys=0.00, real=0.01 secs]
2325.749: [GC [PSYoungGen: 52224K->256K(58880K)] 528073K->476105K(779776K), 0.0112992 secs] [Times: user=0.06 sys=0.00, real=0.01 secs]
2325.749: [GC [PSYoungGen: 52224K->256K(58880K)] 528073K->476105K(779776K), 0.0112992 secs] [Times: user=0.06 sys=0.00, real=0.01 secs]
2325.749: [GC [PSYoungGen: 52224K->256K(58880K)] 528073K->476105K(779776K), 0.0112992 secs] [Times: user=0.06 sys=0.00, real=0.01 secs]
2325.749: [GC [PSYoungGen: 52224K->256K(58880K)] 528073K->476105K(779776K), 0.0112992 secs] [Times: user=0.06 sys=0.00, real=0.01 secs]
2325.749: [GC [PSYoungGen: 52224K->256K(58880K)] 528073K->476105K(779776K), 0.0112992 secs] [Times: user=0.06 sys=0.00, real=0.01 secs]
2325.749: [GC [PSYoungGen: 52224K->256K(58880K)] 528073K->476105K(779776K), 0.0112992 secs] [Times: user=0.06 sys=0.00, real=0.01 secs]
2325.749: [GC [PSYoungGen: 52224K->256K(58880K)] 528073K->476105K(779776K), 0.0112992 secs] [Times: user=0.06 sys=0.00, real=0.01 secs]
2325.749: [GC [PSYoungGen: 52224K->256K(58880K)] 528073K->476105K(779776K), 0.0112992 secs] [Times: user=0.06 sys=0.00, real=0.01 secs]
2325.749: [GC [PSYoungGen: 52224K->256K(58880K)] 528073K->476105K(779776K), 0.0112992 secs] [Times: user=0.06 sys=0.00, real=0.01 secs]
2325.749: [GC [PSYoungGen: 52224K->256K(58880K)] 528073K->476105K(779776K), 0.0112992 secs] [Times: user=0.06 sys=0.00, real=0.01 secs]
2325.749: [GC [PSYoungGen: 52224K->256K(58880K)] 528073K->476105K(779776K), 0.0112992 secs] [Times: user=0.06 sys=0.00, real=0.01 secs]
2325.749: [GC [PSYoungGen: 52224K->256K(58880K)] 528073K->476105K(779776K), 0.0112992 secs] [Times: user=0.06 sys=0.00, real=0.01 secs]
2325.749: [GC [PSYoungGen: 52224K->256K(58880K)] 528073K->476105K(779776K), 0.0112992 secs] [Times: user=0.06 sys=0.00, real=0.01 secs]
2325.749: [GC [PSYoungGen: 52224K->256K(58880K)] 528073K->476105K(779776K), 0.0112992 secs] [Times: user=0.06 sys=0.00, real=0.01 secs]
2325.749: [GC [PSYoungGen: 52224K->256K(58880K)] 528073K->476105K(779776K), 0.0112992 secs] [Times: user=0.06 sys=0.00, real=0.01 secs]
2325.749: [GC [PSYoungGen: 52224K->256K(58880K)] 528073K->476105K(779776K), 0.0112992 secs] [Times: user=0.06 sys=0.00, real=0.01 secs]
2325.749: [GC [PSYoungGen: 52224K->256K(58880K)] 528073K->476105K(779776K), 0.0112992 secs] [Times: user=0.06 sys=0.00, real=0.01 secs]
2325.749: [GC [PSYoungGen: 52224K->256K(58880K)] 528073K->476105K(779776K), 0.0112992 secs] [Times: user=0.06 sys=0.00, real=0.01 secs]
2325.749: [GC [PSYoungGen: 52224K->256K(58880K)] 528073K->476105K(779776K), 0.0112992 secs] [Times: user=0.06 sys=0.00, real=0.01 secs]
2325.749: [GC [PSYoungGen: 52224K->256K(58880K)] 528073K->476105K(779776K), 0.0112992 secs] [Times: user=0.06 sys=0.00, real=0.01 secs]
2325.749: [GC [PSYoungGen: 52224K->256K(58880K)] 528073K->476105K(779776K), 0.0112992 secs] [Times: user=0.06 sys=0.00, real=0.01 secs]
2325.749: [GC [PSYoungGen: 52224K->256K(58880K)] 528073K->476105K(779776K), 0.0112992 secs] [Times: user=0.06 sys=0.00, real=0.01 secs]
2325.749: [GC [PSYoungGen: 52224K->256K(58880K)] 528073K->476105K(779776K), 0.0112992 secs] [Times: user=0.06 sys=0.00, real=0.01 secs]
2325.749: [GC [PSYoungGen: 52224K->256K(58880K)] 528073K->476105K(779776K), 0.0112992 secs] [Times: user=0.06 sys=0.00, real=0.01 secs]
2325.749: [GC [PSYoungGen: 52224K->256K(58880K)] 528073K->476105K(779776K), 0.0112992 secs] [Times: user=0.06 sys=0.00, real=0.01 secs]
2325.749: [GC [PSYoungGen: 52224K->256K(58880K)] 528073K->476105K(779776K), 0.0112992 secs] [Times: user=0.06 sys=0.00, real=0.01 secs]
2325.749: [GC [PSYoungGen: 52224K->256K(58880K)] 528073K->476105K(779776K), 0.0112992 secs] [Times: user=0.06 sys=0.00, real=0.01 secs]
2325.749: [GC [PSYoungGen: 52224K->256K(58880K)] 528073K->476105K(779776K), 0.0112992 secs] [Times: user=0.06 sys=0.00, real=0.01 secs]
2325.749: [GC [PSYoungGen: 52224K->256K(58880K)] 528073K->476105K(779776K), 0.0112992 secs] [Times: user=0.06 sys=0.00, real=0.01 secs]
2325.749: [GC [PSYoungGen: 52224K->256K(58880K)] 528073K->476105K(779776K), 0.0112992 secs] [Times: user=0.06 sys=0.00, real=0.01 secs]
2325.749: [GC [PSYoungGen: 52224K->256K(58880K)] 528073K->476105K(779776K), 0.0112992 secs] [Times: user=0.06 sys=0.00, real=0.01 secs]
2325.749: [GC [PSYoungGen: 52224K->256K(58880K)] 528073K->476105K(779776K), 0.0112992 secs] [Times: user=0.06 sys=0.00, real=0.01 secs]
2325.749: [GC [PSYoungGen: 52224K->256K(58880K)] 528073K->476105K(779776K), 0.0112992 secs] [Times: user=0.06 sys=0.00, real=0.01 secs]
2325.749: [GC [PSYoungGen: 52224K->256K(58880K)] 528073K->476105K(779776K), 0.0112992 secs] [Times: user=0.06 sys=0.00, real=0.01 secs]
2325.749: [GC [PSYoungGen: 52224K->256K(58880K)] 528073K->476105K(779776K), 0.0112992 secs] [Times: user=0.06 sys=0.00, real=0.01 secs]
2325.749: [GC [PSYoungGen: 52224K->256K(58880K)] 528073K->476105K(779776K), 0.0112992 secs] [Times: user=0.06 sys=0.00, real=0.01 secs]
2325.749: [GC [PSYoungGen: 52224K->256K(58880K)] 528073K->476105K(779776K), 0.0112992 secs] [Times: user=0.06 sys=0.00, real=0.01 secs]
2325.749: [GC [PSYoungGen: 52224K->256K(58880K)] 528073K->476105K(779776K), 0.0112992 secs] [Times: user=0.06 sys=0.00, real=0.01 secs]
2325.749: [GC [PSYoungGen: 52224K->256K(58880K)] 528073K->476105K(779776K), 0.0112992 secs] [Times: user=0.06 sys=0.00, real=0.01 secs]
2325.749: [GC [PSYoungGen: 52224K->256K(58880K)] 528073K->476105K(779776K), 0.0112992 secs] [Times: user=0.06 sys=0.00, real=0.01 secs]
2325.749: [GC [PSYoungGen: 52224K->256K(58880K)] 528073K->476105K(779776K), 0.0112992 secs] [Times: user=0.06 sys=0.00, real=0.01 secs]
2325.749: [GC [PSYoungGen: 52224K->256K(58880K)] 528073K->476105K(779776K), 0.0112992 secs] [Times: user=0.06 sys=0.00, real=0.01 secs]
2325.749: [GC [PSYoungGen: 52224K->256K(58880K)] 528073K->476105K(779776K), 0.0112992 secs] [Times: user=0.06 sys=0.00, real=0.01 secs]
2325.749: [GC [PSYoungGen: 52224K->256K(58880K)] 528073K->476105K(779776K), 0.0112992 secs] [Times: user=0.06 sys=0.00, real=0.01 secs]
2325.749: [GC [PSYoungGen: 52224K->256K(58880K)] 528073K->476105K(779776K), 0.0112992 secs] [Times: user=0.06 sys=0.00, real=0.01 secs]
2325.749: [GC [PSYoungGen: 52224K->256K(58880K)] 528073K->476105K(779776K), 0.0112992 secs] [Times: user=0.06 sys=0.00, real=0.01 secs]
2325.749: [GC [PSYoungGen: 52224K->256K(58880K)] 528073K->476105K(779776K), 0.0112992 secs] [Times: user=0.06 sys=0.00, real=0.01 secs]
2325.749: [GC [PSYoungGen: 52224K->256K(58880K)] 528073K->476105K(779776K), 0.0112992 secs] [Times: user=0.06 sys=0.00, real=0.01 secs]
2325.749: [GC [PSYoungGen: 52224K->256K(58880K)] 528073K->476105K(779776K), 0.0112992 secs] [Times: user=0.06 sys=0.00, real=0.01 secs]
2325.749: [GC [PSYoungGen: 52224K->256K(58880K)] 528073K->476105K(779776K), 0.0112992 secs] [Times: user=0.06 sys=0.00, real=0.01 secs]
2325.749: [GC [PSYoungGen: 52224K->256K(58880K)] 528073K->476105K(779776K), 0.0112992 secs] [Times: user=0.06 sys=0.00, real=0.01 secs]
2325.749: [GC [PSYoungGen: 52224K->256K(58880K)] 528073K->476105K(779776K), 0.0112992 secs] [Times: user=0.06 sys=0.00, real=0.01 secs]
2325.749: [GC [PSYoungGen: 52224K->256K(58880K)] 528073K->476105K(779776K), 0.0112992 secs] [Times: user=0.06 sys=0.00, real=0.01 secs]
2325.749: [GC [PSYoungGen: 52224K->256K(58880K)] 528073K->476105K(779776K), 0.0112992 secs] [Times: user=0.06 sys=0.00, real=0.01 secs]
2325.749: [GC [PSYoungGen: 52224K->256K(58880K)] 528073K->476105K(779776K), 0.0112992 secs] [Times: user=0.06 sys=0.00, real=0.01 secs]
2325.749: [GC [PSYoungGen: 52224K->256K(58880K)] 528073K->476105K(779776K), 0.0112992 secs] [Times: user=0.06 sys=0.00, real=0.01 secs]
2325.749: [GC [PSYoungGen: 52224K->256K(58880K)] 528073K->476105K(779776K), 0.0112992 secs] [Times: user=0.06 sys=0.00, real=0.01 secs]
2325.749: [GC [PSYoungGen: 52224K->256K(58880K)] 528073K->476105K(779776K), 0.0112992 secs] [Times: user=0.06 sys=0.00, real=0.01 secs]
2325.749: [GC [PSYoungGen: 52224K->256K(58880K)] 528073K->476105K(779776K), 0.0112992 secs] [Times: user=0.06 sys=0.00, real=0.01 secs]
2325.749: [GC [PSYoungGen: 52224K->256K(58880K)] 528073K->476105K(779776K), 0.0112992 secs] [Times: user=0.06 sys=0.00, real=0.01 secs]
2325.749: [GC [PSYoungGen: 52224K->256K(58880K)] 528073K->476105K(779776K), 0.0112992 secs] [Times: user=0.06 sys=0.00, real=0.01 secs]
2325.749: [GC [PSYoungGen: 52224K->256K(58880K)] 528073K->476105K(779776K), 0.0112992 secs] [Times: user=0.06 sys=0.00, real=0.01 secs]
2325.749: [GC [PSYoungGen: 52224K->256K(58880K)] 528073K->476105K(779776K), 0.0112992 secs] [Times: user=0.06 sys=0.00, real=0.01 secs]
2325.749: [GC [PSYoungGen: 52224K->256K(58880K)] 528073K->476105K(779776K), 0.0112992 secs] [Times: user=0.06 sys=0.00, real=0.01 secs]
2325.749: [GC [PSYoungGen: 52224K->256K(58880K)] 528073K->476105K(779776K), 0.0112992 secs] [Times: user=0.06 sys=0.00, real=0.01 secs]
2325.749: [GC [PSYoungGen: 52224K->256K(58880K)] 528073K->476105K(779776K), 0.0112992 secs] [Times: user=0.06 sys=0.00, real=0.01 secs]
2325.749: [GC [PSYoungGen: 52224K->256K(58880K)] 528073K->476105K(779776K), 0.0112992 secs] [Times: user=0.06 sys=0.00, real=0.01 secs]
2325.749: [GC [PSYoungGen: 52224K->256K(58880K)] 528073K->476105K(779776K), 0.0112992 secs] [Times: user=0.06 sys=0.00, real=0.01 secs]
2325.749: [GC [PSYoungGen: 52224K->256K(58880K)] 528073K->476105K(779776K), 0.0112992 secs] [Times: user=0.06 sys=0.00, real=0.01 secs]
2325.749: [GC [PSYoungGen: 52224K->256K(58880K)] 528073K->476105K(779776K), 0.0112992 secs] [Times: user=0.06 sys=0.00, real=0.01 secs]
2325.749: [GC [PSYoungGen: 52224K->256K(58880K)] 528073K->476105K(779776K), 0.0112992 secs] [Times: user=0.06 sys=0.00, real=0.01 secs]
2325.749: [GC [PSYoungGen: 52224K->256K(58880K)] 528073K->476105K(779776K), 0.0112992 secs] [Times: user=0.06 sys=0.00, real=0.01 secs]
2325.749: [GC [PSYoungGen: 52224K->256K(58880K)] 528073K->476105K(779776K), 0.0112992 secs] [Times: user=0.06 sys=0.00, real=0.01 secs]
2325.749: [GC [PSYoungGen: 52224K->256K(58880K)] 528073K->476105K(779776K), 0.0112992 secs] [Times: user=0.06 sys=0.00, real=0.01 secs]
2325.749: [GC [PSYoungGen: 52224K->256K(58880K)] 528073K->476105K(779776K), 0.0112992 secs] [Times: user=0.06 sys=0.00, real=0.01 secs]
2325.749: [GC [PSYoungGen: 52224K->256K(58880K)] 528073K->476105K(779776K), 0.0112992 secs] [Times: user=0.06 sys=0.00, real=0.01 secs]
2325.749: [GC [PSYoungGen: 52224K->256K(58880K)] 528073K->476105K(779776K), 0.0112992 secs] [Times: user=0.06 sys=0.00, real=0.01 secs]
2325.749: [GC [PSYoungGen: 52224K->256K(58880K)] 528073K->476105K(779776K), 0.0112992 secs] [Times: user=0.06 sys=0.00, real=0.01 secs]
2325.749: [GC [PSYoungGen: 52224K->256K(58880K)] 528073K->476105K(779776K), 0.0112992 secs] [Times: user=0.06 sys=0.00, real=0.01 secs]
2325.749: [GC [PSYoungGen: 52224K->256K(58880K)] 528073K->476105K(779776K), 0.0112992 secs] [Times: user=0.06 sys=0.00, real=0.01 secs]
2325.749: [GC [PSYoungGen: 52224K->256K(58880K)] 528073K->476105K(779776K), 0.0112992 secs] [Times: user=0.06 sys=0.00, real=0.01 secs]
2325.749: [GC [PSYoungGen: 52224K->256K(58880K)] 528073K->476105K(779776K), 0.0112992 secs] [Times: user=0.06 sys=0.00, real=0.01 secs]
2325.749: [GC [PSYoungGen: 52224K->256K(58880K)] 528073K->476105K(779776K), 0.0112992 secs] [Times: user=0.06 sys=0.00, real=0.01 secs]
2325.749: [GC [PSYoungGen: 52224K->256K(58880K)] 528073K->476105K(779776K), 0.0112992 secs] [Times: user=0.06 sys=0.00, real=0.01 secs]
2325.749: [GC [PSYoungGen: 52224K->256K(58880K)] 528073K->476105K(779776K), 0.0112992 secs] [Times: user=0.06 sys=0.00, real=0.01 secs]
2325.749: [GC [PSYoungGen: 52224K->256K(58880K)] 528073K->476105K(779776K), 0.0112992 secs] [Times: user=0.06 sys=0.00, real=0.01 secs]
2325.749: [GC [PSYoungGen: 52224K->256K(58880K)] 528073K->476105K(779776K), 0.0112992 secs] [Times: user=0.06 sys=0.00, real=0.01 secs]
2325.749: [GC [PSYoungGen: 52224K->256K(58880K)] 528073K->476105K(779776K), 0.0112992 secs] [Times: user=0.06 sys=0.00, real=0.01 secs]
2325.749: [GC [PSYoungGen: 52224K->256K(58880K)] 528073K->476105K(779776K), 0.0112992 secs] [Times: user=0.06 sys=0.00, real=0.01 secs]
2325.749: [GC [PSYoungGen: 52224K->256K(58880K)] 528073K->476105K(779776K), 0.0112992 secs] [Times: user=0.06 sys=0.00, real=0.01 secs]
2325.749: [GC [PSYoungGen: 52224K->256K(58880K)] 528073K->476105K(779776K), 0.0112992 secs] [Times: user=0.06 sys=0.00, real=0.01 secs]
2325.749: [GC [PSYoungGen: 52224K->256K(58880K)] 528073K->476105K(779776K), 0.0112992 secs] [Times: user=0.06 sys=0.00, real=0.01 secs]
2325.749: [GC [PSYoungGen: 52224K->256K(58880K)] 528073K->476105K(779776K), 0.0112992 secs] [Times: user=0.06 sys=0.00, real=0.01 secs]
2325.749: [GC [PSYoungGen: 52224K->256K(58880K)] 528073K->476105K(779776K), 0.0112992 secs] [Times: user=0.06 sys=0.00, real=0.01 secs]
2325.749: [GC [PSYoungGen: 52224K->256K(58880K)] 528073K->476105K(779776K), 0.0112992 secs] [Times: user=0.06 sys=0.00, real=0.01 secs]
2325.749: [GC [PSYoungGen: 52224K->256K(58880K)] 528073K->476105K(779776K), 0.0112992 secs] [Times: user=0.06 sys=0.00, real=0.01 secs]
2325.749: [GC [PSYoungGen: 52224K->256K(58880K)] 528073K->476105K(779776K), 0.0112992 secs] [Times: user=0.06 sys=0.00, real=0.01 secs]
2325.749: [GC [PSYoungGen: 52224K->256K(58880K)] 528073K->476105K(779776K), 0.0112992 secs] [Times: user=0.06 sys=0.00, real=0.01 secs]
2325.749: [GC [PSYoungGen: 52224K->256K(58880K)] 528073K->476105K(779776K), 0.0112992 secs] [Times: user=0.06 sys=0.00, real=0.01 secs]
2325.749: [GC [PSYoungGen: 52224K->256K(58880K)] 528073K->476105K(779776K), 0.0112992 secs] [Times: user=0.06 sys=0.00, real=0.01 secs]
2325.749: [GC [PSYoungGen: 52224K->256K(58880K)] 528073K->476105K(779776K), 0.0112992 secs] [Times: user=0.06 sys=0.00, real=0.01 secs]
2325.749: [GC [PSYoungGen: 52224K->256K(58880K)] 528073K->476105K(779776K), 0.0112992 secs] [Times: user=0.06 sys=0.00, real=0.01 secs]
2325.749: [GC [PSYoungGen: 52224K->256K(58880K)] 528073K->476105K(779776K), 0.0112992 secs] [Times: user=0.06 sys=0.00, real=0.01 secs]
2325.749: [GC [PSYoungGen: 52224K->256K(58880K)] 528073K->476105K(779776K), 0.0112992 secs] [Times: user=0.06 sys=0.00, real=0.01 secs]
2325.749: [GC [PSYoungGen: 52224K->256K(58880K)] 528073K->476105K(779776K), 0.0112992 secs] [Times: user=0.06 sys=0.00, real=0.01 secs]
2325.749: [GC [PSYoungGen: 52224K->256K(58880K)] 528073K->476105K(779776K), 0.0112992 secs] [Times: user=0.06 sys=0.00, real=0.01 secs]
2325.749: [GC [PSYoungGen: 52224K->256K(58880K)] 528073K->476105K(779776K), 0.0112992 secs] [Times: user=0.06 sys=0.00, real=0.01 secs]
2325.749: [GC [PSYoungGen: 52224K->256K(58880K)] 528073K->476105K(779776K), 0.0112992 secs] [Times: user=0.06 sys=0.00, real=0.01 secs]
2325.749: [GC [PSYoungGen: 52224K->256K(58880K)] 528073K->476105K(779776K), 0.0112992 secs] [Times: user=0.06 sys=0.00, real=0.01 secs]
2325.749: [GC [PSYoungGen: 52224K->256K(58880K)] 528073K->476105K(779776K), 0.0112992 secs] [Times: user=0.06 sys=0.00, real=0.01 secs]
2325.749: [GC [PSYoungGen: 52224K->256K(58880K)] 528073K->476105K(779776K), 0.0112992 secs] [Times: user=0.06 sys=0.00, real=0.01 secs]
2325.749: [GC [PSYoungGen: 52224K->256K(58880K)] 528073K->476105K(779776K), 0.0112992 secs] [Times: user=0.06 sys=0.00, real=0.01 secs]
2325.749: [GC [PSYoungGen: 52224K->256K(58880K)] 528073K->476105K(779776K), 0.0112992 secs] [Times: user=0.06 sys=0.00, real=0.01 secs]
2325.749: [GC [PSYoungGen: 52224K->256K(58880K)] 528073K->476105K(779776K), 0.0112992 secs] [Times: user=0.06 sys=0.00, real=0.01 secs]
2325.749: [GC [PSYoungGen: 52224K->256K(58880K)] 528073K->476105K(779776K), 0.0112992 secs] [Times: user=0.06 sys=0.00, real=0.01 secs]
2325.749: [GC [PSYoungGen: 52224K->256K(58880K)] 528073K->476105K(779776K), 0.0112992 secs] [Times: user=0.06 sys=0.00, real=0.01 secs]
2325.749: [GC [PSYoungGen: 52224K->256K(58880K)] 528073K->476105K(779776K), 0.0112992 secs] [Times: user=0.06 sys=0.00, real=0.01 secs]
2325.749: [GC [PSYoungGen: 52224K->256K(58880K)] 528073K->476105K(779776K), 0.0112992 secs] [Times: user=0.06 sys=0.00, real=0.01 secs]
2325.749: [GC [PSYoungGen: 52224K->256K(58880K)] 528073K->476105K(779776K), 0.0112992 secs] [Times: user=0.06 sys=0.00, real=0.01 secs]
2325.749: [GC [PSYoungGen: 52224K->256K(58880K)] 528073K->476105K(779776K), 0.0112992 secs] [Times: user=0.06 sys=0.00, real=0.01 secs]
2325.749: [GC [PSYoungGen: 52224K->256K(58880K)] 528073K->476105K(779776K), 0.0112992 secs] [Times: user=0.06 sys=0.00, real=0.01 secs]
2325.749: [GC [PSYoungGen: 52224K->256K(58880K)] 528073K->476105K(779776K), 0.0112992 secs] [Times: user=0.06 sys=0.00, real=0.01 secs]
2325.749: [GC [PSYoungGen: 52224K->256K(58880K)] 528073K->476105K(779776K), 0.0112992 secs] [Times: user=0.06 sys=0.00, real=0.01 secs]
2325.749: [GC [PSYoungGen: 52224K->256K(58880K)] 528073K->476105K(779776K), 0.0112992 secs] [Times: user=0.06 sys=0.00, real=0.01 secs]
2325.749: [GC [PSYoungGen: 52224K->256K(58880K)] 528073K->476105K(779776K), 0.0112992 secs] [Times: user=0.06 sys=0.00, real=0.01 secs]
2325.749: [GC [PSYoungGen: 52224K->256K(58880K)] 528073K->476105K(779776K), 0.0112992 secs] [Times: user=0.06 sys=0.00, real=0.01 secs]
2325.749: [GC [PSYoungGen: 52224K->256K(58880K)] 528073K->476105K(779776K), 0.0112992 secs] [Times: user=0.06 sys=0.00, real=0.01 secs]
2325.749: [GC [PSYoungGen: 52224K->256K(58880K)] 528073K->476105K(779776K), 0.0112992 secs] [Times: user=0.06 sys=0.00, real=0.01 secs]
2325.749: [GC [PSYoungGen: 52224K->256K(58880K)] 528073K->476105K(779776K), 0.0112992 secs] [Times: user=0.06 sys=0.00, real=0.01 secs]
2325.749: [GC [PSYoungGen: 52224K->256K(58880K)] 528073K->476105K(779776K), 0.0112992 secs] [Times: user=0.06 sys=0.00, real=0.01 secs]
2325.749: [GC [PSYoungGen: 52224K->256K(58880K)] 528073K->476105K(779776K), 0.0112992 secs] [Times: user=0.06 sys=0.00, real=0.01 secs]
2325.749: [GC [PSYoungGen: 52224K->256K(58880K)] 528073K->476105K(779776K), 0.0112992 secs] [Times: user=0.06 sys=0.00, real=0.01 secs]
2325.749: [GC [PSYoungGen: 52224K->256K(58880K)] 528073K->476105K(779776K), 0.0112992 secs] [Times: user=0.06 sys=0.00, real=0.01 secs]
2325.749: [GC [PSYoungGen: 52224K->256K(58880K)] 528073K->476105K(779776K), 0.0112992 secs] [Times: user=0.06 sys=0.00, real=0.01 secs]
2325.749: [GC [PSYoungGen: 52224K->256K(58880K)] 528073K->476105K(779776K), 0.0112992 secs] [Times: user=0.06 sys=0.00, real=0.01 secs]
2325.749: [GC [PSYoungGen: 52224K->256K(58880K)] 528073K->476105K(779776K), 0.0112992 secs] [Times: user=0.06 sys=0.00, real=0.01 secs]
2325.749: [GC [PSYoungGen: 52224K->256K(58880K)] 528073K->476105K(779776K), 0.0112992 secs] [Times: user=0.06 sys=0.00, real=0.01 secs]
2325.749: [GC [PSYoungGen: 52224K->256K(58880K)] 528073K->476105K(779776K), 0.0112992 secs] [Times: user=0.06 sys=0.00, real=0.01 secs]
2325.749: [GC [PSYoungGen: 52224K->256K(58880K)] 528073K->476105K(779776K), 0.0112992 secs] [Times: user=0.06 sys=0.00, real=0.01 secs]
2325.749: [GC [PSYoungGen: 52224K->256K(58880K)] 528073K->476105K(779776K), 0.0112992 secs] [Times: user=0.06 sys=0.00, real=0.01 secs]
2325.749: [GC [PSYoungGen: 52224K->256K(58880K)] 528073K->476105K(779776K), 0.0112992 secs] [Times: user=0.06 sys=0.00, real=0.01 secs]
2325.749: [GC [PSYoungGen: 52224K->256K(58880K)] 528073K->476105K(779776K), 0.0112992 secs] [Times: user=0.06 sys=0.00, real=0.01 secs]
2325.749: [GC [PSYoungGen: 52224K->256K(58880K)] 528073K->476105K(779776K), 0.0112992 secs] [Times: user=0.06 sys=0.00, real=0.01 secs]
2325.749: [GC [PSYoungGen: 52224K->256K(58880K)] 528073K->476105K(779776K), 0.0112992 secs] [Times: user=0.06 sys=0.00, real=0.01 secs]
2325.749: [GC [PSYoungGen: 52224K->256K(58880K)] 528073K->476105K(779776K), 0.0112992 secs] [Times: user=0.06 sys=0.00, real=0.01 secs]
2325.749: [GC [PSYoungGen: 52224K->256K(58880K)] 528073K->476105K(779776K), 0.0112992 secs] [Times: user=0.06 sys=0.00, real=0.01 secs]
2325.749: [GC [PSYoungGen: 52224K->256K(58880K)] 528073K->476105K(779776K), 0.0112992 secs] [Times: user=0.06 sys=0.00, real=0.01 secs]
2325.749: [GC [PSYoungGen: 52224K->256K(58880K)] 528073K->476105K(779776K), 0.0112992 secs] [Times: user=0.06 sys=0.00, real=0.01 secs]
2325.749: [GC [PSYoungGen: 52224K->256K(58880K)] 528073K->476105K(779776K), 0.0112992 secs] [Times: user=0.06 sys=0.00, real=0.01 secs]
2325.749: [GC [PSYoungGen: 52224K->256K(58880K)] 528073K->476105K(779776K), 0.0112992 secs] [Times: user=0.06 sys=0.00, real=0.01 secs]
2325.749: [GC [PSYoungGen: 52224K->256K(58880K)] 528073K->476105K(779776K), 0.0112992 secs] [Times: user=0.06 sys=0.00, real=0.01 secs]
2325.749: [GC [PSYoungGen: 52224K->256K(58880K)] 528073K->476105K(779776K), 0.0112992 secs] [Times: user=0.06 sys=0.00, real=0.01 secs]
2325.749: [GC [PSYoungGen: 52224K->256K(58880K)] 528073K->476105K(779776K), 0.0112992 secs] [Times: user=0.06 sys=0.00, real=0.01 secs]
2325.749: [GC [PSYoungGen: 52224K->256K(58880K)] 528073K->476105K(779776K), 0.0112992 secs] [Times: user=0.06 sys=0.00, real=0.01 secs]
2325.749: [GC [PSYoungGen: 52224K->256K(58880K)] 528073K->476105K(779776K), 0.0112992 secs] [Times: user=0.06 sys=0.00, real=0.01 secs]
2325.749: [GC [PSYoungGen: 52224K->256K(58880K)] 528073K->476105K(779776K), 0.0112992 secs] [Times: user=0.06 sys=0.00, real=0.01 secs]
2325.749: [GC [PSYoungGen: 52224K->256K(58880K)] 528073K->476105K(779776K), 0.0112992 secs] [Times: user=0.06 sys=0.00, real=0.01 secs]
2325.749: [GC [PSYoungGen: 52224K->256K(58880K)] 528073K->476105K(779776K), 0.0112992 secs] [Times: user=0.06 sys=0.00, real=0.01 secs]
2325.749: [GC [PSYoungGen: 52224K->256K(58880K)] 528073K->476105K(779776K), 0.0112992 secs] [Times: user=0.06 sys=0.00, real=0.01 secs]
2325.749: [GC [PSYoungGen: 52224K->256K(58880K)] 528073K->476105K(779776K), 0.0112992 secs] [Times: user=0.06 sys=0.00, real=0.01 secs]
2325.749: [GC [PSYoungGen: 52224K->256K(58880K)] 528073K->476105K(779776K), 0.0112992 secs] [Times: user=0.06 sys=0.00, real=0.01 secs]
2325.749: [GC [PSYoungGen: 52224K->256K(58880K)] 528073K->476105K(779776K), 0.0112992 secs] [Times: user=0.06 sys=0.00, real=0.01 secs]
2325.749: [GC [PSYoungGen: 52224K->256K(58880K)] 528073K->476105K(779776K), 0.0112992 secs] [Times: user=0.06 sys=0.00, real=0.01 secs]
2325.749: [GC [PSYoungGen: 52224K->256K(58880K)] 528073K->476105K(779776K), 0.0112992 secs] [Times: user=0.06 sys=0.00, real=0.01 secs]
2325.749: [GC [PSYoungGen: 52224K->256K(58880K)] 528073K->476105K(779776K), 0.0112992 secs] [Times: user=0.06 sys=0.00, real=0.01 secs]
2325.749: [GC [PSYoungGen: 52224K->256K(58880K)] 528073K->476105K(779776K), 0.0112992 secs] [Times: user=0.06 sys=0.00, real=0.01 secs]
2325.749: [GC [PSYoungGen: 52224K->256K(58880K)] 528073K->476105K(779776K), 0.0112992 secs] [Times: user=0.06 sys=0.00, real=0.01 secs]
2325.749: [GC [PSYoungGen: 52224K->256K(58880K)] 528073K->476105K(779776K), 0.0112992 secs] [Times: user=0.06 sys=0.00, real=0.01 secs]
2325.749: [GC [PSYoungGen: 52224K->256K(58880K)] 528073K->476105K(779776K), 0.0112992 secs] [Times: user=0.06 sys=0.00, real=0.01 secs]
2325.749: [GC [PSYoungGen: 52224K->256K(58880K)] 528073K->476105K(779776K), 0.0112992 secs] [Times: user=0.06 sys=0.00, real=0.01 secs]
2325.749: [GC [PSYoungGen: 52224K->256K(58880K)] 528073K->476105K(779776K), 0.0112992 secs] [Times: user=0.06 sys=0.00, real=0.01 secs]
2325.749: [GC [PSYoungGen: 52224K->256K(58880K)] 528073K->476105K(779776K), 0.0112992 secs] [Times: user=0.06 sys=0.00, real=0.01 secs]
2325.749: [GC [PSYoungGen: 52224K->256K(58880K)] 528073K->476105K(779776K), 0.0112992 secs] [Times: user=0.06 sys=0.00, real=0.01 secs]
2325.749: [GC [PSYoungGen: 52224K->256K(58880K)] 528073K->476105K(779776K), 0.0112992 secs] [Times: user=0.06 sys=0.00, real=0.01 secs]
2325.749: [GC [PSYoungGen: 52224K->256K(58880K)] 528073K->476105K(779776K), 0.0112992 secs] [Times: user=0.06 sys=0.00, real=0.01 secs]
2325.749: [GC [PSYoungGen: 52224K->256K(58880K)] 528073K->476105K(779776K), 0.0112992 secs] [Times: user=0.06 sys=0.00, real=0.01 secs]
2325.749: [GC [PSYoungGen: 52224K->256K(58880K)] 528073K->476105K(779776K), 0.0112992 secs] [Times: user=0.06 sys=0.00, real=0.01 secs]
2325.749: [GC [PSYoungGen: 52224K->256K(58880K)] 528073K->476105K(779776K), 0.0112992 secs] [Times: user=0.06 sys=0.00, real=0.01 secs]
2325.749: [GC [PSYoungGen: 52224K->256K(58880K)] 528073K->476105K(779776K), 0.0112992 secs] [Times: user=0.06 sys=0.00, real=0.01 secs]
2325.749: [GC [PSYoungGen: 52224K->256K(58880K)] 528073K->476105K(779776K), 0.0112992 secs] [Times: user=0.06 sys=0.00, real=0.01 secs]
2325.749: [GC [PSYoungGen: 52224K->256K(58880K)] 528073K->476105K(779776K), 0.0112992 secs] [Times: user=0.06 sys=0.00, real=0.01 secs]
2325.749: [GC [PSYoungGen: 52224K->256K(58880K)] 528073K->476105K(779776K), 0.0112992 secs] [Times: user=0.06 sys=0.00, real=0.01 secs]
2325.749: [GC [PSYoungGen: 52224K->256K(58880K)] 528073K->476105K(779776K), 0.0112992 secs] [Times: user=0.06 sys=0.00, real=0.01 secs]
2325.749: [GC [PSYoungGen: 52224K->256K(58880K)] 528073K->476105K(779776K), 0.0112992 secs] [Times: user=0.06 sys=0.00, real=0.01 secs]
2325.749: [GC [PSYoungGen: 52224K->256K(58880K)] 528073K->476105K(779776K), 0.0112992 secs] [Times: user=0.06 sys=0.00, real=0.01 secs]
2325.749: [GC [PSYoungGen: 52224K->256K(58880K)] 528073K->476105K(779776K), 0.0112992 secs] [Times: user=0.06 sys=0.00, real=0.01 secs]
2325.749: [GC [PSYoungGen: 52224K->256K(58880K)] 528073K->476105K(779776K), 0.0112992 secs] [Times: user=0.06 sys=0.00, real=0.01 secs]
2325.749: [GC [PSYoungGen: 52224K->256K(58880K)] 528073K->476105K(779776K), 0.0112992 secs] [Times: user=0.06 sys=0.00, real=0.01 secs]
2325.749: [GC [PSYoungGen: 52224K->256K(58880K)] 528073K->476105K(779776K), 0.0112992 secs] [Times: user=0.06 sys=0.00, real=0.01 secs]
2325.749: [GC [PSYoungGen: 52224K->256K(58880K)] 528073K->476105K(779776K), 0.0112992 secs] [Times: user=0.06 sys=0.00, real=0.01 secs]
2325.749: [GC [PSYoungGen: 52224K->256K(58880K)] 528073K->476105K(779776K), 0.0112992 secs] [Times: user=0.06 sys=0.00, real=0.01 secs]
2325.749: [GC [PSYoungGen: 52224K->256K(58880K)] 528073K->476105K(779776K), 0.0112992 secs] [Times: user=0.06 sys=0.00, real=0.01 secs]
2325.749: [GC [PSYoungGen: 52224K->256K(58880K)] 528073K->476105K(779776K), 0.0112992 secs] [Times: user=0.06 sys=0.00, real=0.01 secs]
2325.749: [GC [PSYoungGen: 52224K->256K(58880K)] 528073K->476105K(779776K), 0.0112992 secs] [Times: user=0.06 sys=0.00, real=0.01 secs]
2325.749: [GC [PSYoungGen: 52224K->256K(58880K)] 528073K->476105K(779776K), 0.0112992 secs] [Times: user=0.06 sys=0.00, real=0.01 secs]
2325.749: [GC [PSYoungGen: 52224K->256K(58880K)] 528073K->476105K(779776K), 0.0112992 secs] [Times: user=0.06 sys=0.00, real=0.01 secs]
2325.749: [GC [PSYoungGen: 52224K->256K(58880K)] 528073K->476105K(779776K), 0.0112992 secs] [Times: user=0.06 sys=0.00, real=0.01 secs]
2325.749: [GC [PSYoungGen: 52224K->256K(58880K)] 528073K->476105K(779776K), 0.0112992 secs] [Times: user=0.06 sys=0.00, real=0.01 secs]
2325.749: [GC [PSYoungGen: 52224K->256K(58880K)] 528073K->476105K(779776K), 0.0112992 secs] [Times: user=0.06 sys=0.00, real=0.01 secs]
2325.749: [GC [PSYoungGen: 52224K->256K(58880K)] 528073K->476105K(779776K), 0.0112992 secs] [Times: user=0.06 sys=0.00, real=0.01 secs]
2325.749: [GC [PSYoungGen: 52224K->256K(58880K)] 528073K->476105K(779776K), 0.0112992 secs] [Times: user=0.06 sys=0.00, real=0.01 secs]
2325.749: [GC [PSYoungGen: 52224K->256K(58880K)] 528073K->476105K(779776K), 0.0112992 secs] [Times: user=0.06 sys=0.00, real=0.01 secs]
2325.749: [GC [PSYoungGen: 52224K->256K(58880K)] 528073K->476105K(779776K), 0.0112992 secs] [Times: user=0.06 sys=0.00, real=0.01 secs]
2325.749: [GC [PSYoungGen: 52224K->256K(58880K)] 528073K->476105K(779776K), 0.0112992 secs] [Times: user=0.06 sys=0.00, real=0.01 secs]
2325.749: [GC [PSYoungGen: 52224K->256K(58880K)] 528073K->476105K(779776K), 0.0112992 secs] [Times: user=0.06 sys=0.00, real=0.01 secs]
2325.749: [GC [PSYoungGen: 52224K->256K(58880K)] 528073K->476105K(779776K), 0.0112992 secs] [Times: user=0.06 sys=0.00, real=0.01 secs]
2325.749: [GC [PSYoungGen: 52224K->256K(58880K)] 528073K->476105K(779776K), 0.0112992 secs] [Times: user=0.06 sys=0.00, real=0.01 secs]
2325.749: [GC [PSYoungGen: 52224K->256K(58880K)] 528073K->476105K(779776K), 0.0112992 secs] [Times: user=0.06 sys=0.00, real=0.01 secs]
2325.749: [GC [PSYoungGen: 52224K->256K(58880K)] 528073K->476105K(779776K), 0.0112992 secs] [Times: user=0.06 sys=0.00, real=0.01 secs]
2325.749: [GC [PSYoungGen: 52224K->256K(58880K)] 528073K->476105K(779776K), 0.0112992 secs] [Times: user=0.06 sys=0.00, real=0.01 secs]
2325.749: [GC [PSYoungGen: 52224K->256K(58880K)] 528073K->476105K(779776K), 0.0112992 secs] [Times: user=0.06 sys=0.00, real=0.01 secs]
2325.749: [GC [PSYoungGen: 52224K->256K(58880K)] 528073K->476105K(779776K), 0.0112992 secs] [Times: user=0.06 sys=0.00, real=0.01 secs]
2325.749: [GC [PSYoungGen: 52224K->256K(58880K)] 528073K->476105K(779776K), 0.0112992 secs] [Times: user=0.06 sys=0.00, real=0.01 secs]
2325.749: [GC [PSYoungGen: 52224K->256K(58880K)] 528073K->476105K(779776K), 0.0112992 secs] [Times: user=0.06 sys=0.00, real=0.01 secs]
2325.749: [GC [PSYoungGen: 52224K->256K(58880K)] 528073K->476105K(779776K), 0.0112992 secs] [Times: user=0.06 sys=0.00, real=0.01 secs]
2325.749: [GC [PSYoungGen: 52224K->256K(58880K)] 528073K->476105K(779776K), 0.0112992 secs] [Times: user=0.06 sys=0.00, real=0.01 secs]
2325.749: [GC [PSYoungGen: 52224K->256K(58880K)] 528073K->476105K(779776K), 0.0112992 secs] [Times: user=0.06 sys=0.00, real=0.01 secs]
2325.749: [GC [PSYoungGen: 52224K->256K(58880K)] 528073K->476105K(779776K), 0.0112992 secs] [Times: user=0.06 sys=0.00, real=0.01 secs]
2325.749: [GC [PSYoungGen: 52224K->256K(58880K)] 528073K->476105K(779776K), 0.0112992 secs] [Times: user=0.06 sys=0.00, real=0.01 secs]
2325.749: [GC [PSYoungGen: 52224K->256K(58880K)] 528073K->476105K(779776K), 0.0112992 secs] [Times: user=0.06 sys=0.00, real=0.01 secs]
2325.749: [GC [PSYoungGen: 52224K->256K(58880K)] 528073K->476105K(779776K), 0.0112992 secs] [Times: user=0.06 sys=0.00, real=0.01 secs]
2325.749: [GC [PSYoungGen: 52224K->256K(58880K)] 528073K->476105K(779776K), 0.0112992 secs] [Times: user=0.06 sys=0.00, real=0.01 secs]
2325.749: [GC [PSYoungGen: 52224K->256K(58880K)] 528073K->476105K(779776K), 0.0112992 secs] [Times: user=0.06 sys=0.00, real=0.01 secs]
2325.749: [GC [PSYoungGen: 52224K->256K(58880K)] 528073K->476105K(779776K), 0.0112992 secs] [Times: user=0.06 sys=0.00, real=0.01 secs]
2325.749: [GC [PSYoungGen: 52224K->256K(58880K)] 528073K->476105K(779776K), 0.0112992 secs] [Times: user=0.06 sys=0.00, real=0.01 secs]
2325.749: [GC [PSYoungGen: 52224K->256K(58880K)] 528073K->476105K(779776K), 0.0112992 secs] [Times: user=0.06 sys=0.00, real=0.01 secs]
2325.749: [GC [PSYoungGen: 52224K->256K(58880K)] 528073K->476105K(779776K), 0.0112992 secs] [Times: user=0.06 sys=0.00, real=0.01 secs]
2325.749: [GC [PSYoungGen: 52224K->256K(58880K)] 528073K->476105K(779776K), 0.0112992 secs] [Times: user=0.06 sys=0.00, real=0.01 secs]
2325.749: [GC [PSYoungGen: 52224K->256K(58880K)] 528073K->476105K(779776K), 0.0112992 secs] [Times: user=0.06 sys=0.00, real=0.01 secs]
2325.749: [GC [PSYoungGen: 52224K->256K(58880K)] 528073K->476105K(779776K), 0.0112992 secs] [Times: user=0.06 sys=0.00, real=0.01 secs]
2325.749: [GC [PSYoungGen: 52224K->256K(58880K)] 528073K->476105K(779776K), 0.0112992 secs] [Times: user=0.06 sys=0.00, real=0.01 secs]
2325.749: [GC [PSYoungGen: 52224K->256K(58880K)] 528073K->476105K(779776K), 0.0112992 secs] [Times: user=0.06 sys=0.00, real=0.01 secs]
2325.749: [GC [PSYoungGen: 52224K->256K(58880K)] 528073K->476105K(779776K), 0.0112992 secs] [Times: user=0.06 sys=0.00, real=0.01 secs]
2325.749: [GC [PSYoungGen: 52224K->256K(58880K)] 528073K->476105K(779776K), 0.0112992 secs] [Times: user=0.06 sys=0.00, real=0.01 secs]
2325.749: [GC [PSYoungGen: 52224K->256K(58880K)] 528073K->476105K(779776K), 0.0112992 secs] [Times: user=0.06 sys=0.00, real=0.01 secs]
2325.749: [GC [PSYoungGen: 52224K->256K(58880K)] 528073K->476105K(779776K), 0.0112992 secs] [Times: user=0.06 sys=0.00, real=0.01 secs]
2325.749: [GC [PSYoungGen: 52224K->256K(58880K)] 528073K->476105K(779776K), 0.0112992 secs] [Times: user=0.06 sys=0.00, real=0.01 secs]
2325.749: [GC [PSYoungGen: 52224K->256K(58880K)] 528073K->476105K(779776K), 0.0112992 secs] [Times: user=0.06 sys=0.00, real=0.01 secs]
2325.749: [GC [PSYoungGen: 52224K->256K(58880K)] 528073K->476105K(779776K), 0.0112992 secs] [Times: user=0.06 sys=0.00, real=0.01 secs]
2325.749: [GC [PSYoungGen: 52224K->256K(58880K)] 528073K->476105K(779776K), 0.0112992 secs] [Times: user=0.06 sys=0.00, real=0.01 secs]
2325.749: [GC [PSYoungGen: 52224K->256K(58880K)] 528073K->476105K(779776K), 0.0112992 secs] [Times: user=0.06 sys=0.00, real=0.01 secs]
2325.749: [GC [PSYoungGen: 52224K->256K(58880K)] 528073K->476105K(779776K), 0.0112992 secs] [Times: user=0.06 sys=0.00, real=0.01 secs]
2325.749: [GC [PSYoungGen: 52224K->256K(58880K)] 528073K->476105K(779776K), 0.0112992 secs] [Times: user=0.06 sys=0.00, real=0.01 secs]
2325.749: [GC [PSYoungGen: 52224K->256K(58880K)] 528073K->476105K(779776K), 0.0112992 secs] [Times: user=0.06 sys=0.00, real=0.01 secs]
2325.749: [GC [PSYoungGen: 52224K->256K(58880K)] 528073K->476105K(779776K), 0.0112992 secs] [Times: user=0.06 sys=0.00, real=0.01 secs]
2325.749: [GC [PSYoungGen: 52224K->256K(58880K)] 528073K->476105K(779776K), 0.0112992 secs] [Times: user=0.06 sys=0.00, real=0.01 secs]
2325.749: [GC [PSYoungGen: 52224K->256K(58880K)] 528073K->476105K(779776K), 0.0112992 secs] [Times: user=0.06 sys=0.00, real=0.01 secs]
2325.749: [GC [PSYoungGen: 52224K->256K(58880K)] 528073K->476105K(779776K), 0.0112992 secs] [Times: user=0.06 sys=0.00, real=0.01 secs]
2325.749: [GC [PSYoungGen: 52224K->256K(58880K)] 528073K->476105K(779776K), 0.0112992 secs] [Times: user=0.06 sys=0.00, real=0.01 secs]
2325.749: [GC [PSYoungGen: 52224K->256K(58880K)] 528073K->476105K(779776K), 0.0112992 secs] [Times: user=0.06 sys=0.00, real=0.01 secs]
2325.749: [GC [PSYoungGen: 52224K->256K(58880K)] 528073K->476105K(779776K), 0.0112992 secs] [Times: user=0.06 sys=0.00, real=0.01 secs]
2325.749: [GC [PSYoungGen: 52224K->256K(58880K)] 528073K->476105K(779776K), 0.0112992 secs] [Times: user=0.06 sys=0.00, real=0.01 secs]
2325.749: [GC [PSYoungGen: 52224K->256K(58880K)] 528073K->476105K(779776K), 0.0112992 secs] [Times: user=0.06 sys=0.00, real=0.01 secs]
2325.749: [GC [PSYoungGen: 52224K->256K(58880K)] 528073K->476105K(779776K), 0.0112992 secs] [Times: user=0.06 sys=0.00, real=0.01 secs]
2325.749: [GC [PSYoungGen: 52224K->256K(58880K)] 528073K->476105K(779776K), 0.0112992 secs] [Times: user=0.06 sys=0.00, real=0.01 secs]
2325.749: [GC [PSYoungGen: 52224K->256K(58880K)] 528073K->476105K(779776K), 0.0112992 secs] [Times: user=0.06 sys=0.00, real=0.01 secs]
2325.749: [GC [PSYoungGen: 52224K->256K(58880K)] 528073K->476105K(779776K), 0.0112992 secs] [Times: user=0.06 sys=0.00, real=0.01 secs]
2325.749: [GC [PSYoungGen: 52224K->256K(58880K)] 528073K->476105K(779776K), 0.0112992 secs] [Times: user=0.06 sys=0.00, real=0.01 secs]
2325.749: [GC [PSYoungGen: 52224K->256K(58880K)] 528073K->476105K(779776K), 0.0112992 secs] [Times: user=0.06 sys=0.00, real=0.01 secs]
2325.749: [GC [PSYoungGen: 52224K->256K(58880K)] 528073K->476105K(779776K), 0.0112992 secs] [Times: user=0.06 sys=0.00, real=0.01 secs]
2325.749: [GC [PSYoungGen: 52224K->256K(58880K)] 528073K->476105K(779776K), 0.0112992 secs] [Times: user=0.06 sys=0.00, real=0.01 secs]
2325.749: [GC [PSYoungGen: 52224K->256K(58880K)] 528073K->476105K(779776K), 0.0112992 secs] [Times: user=0.06 sys=0.00, real=0.01 secs]
2325.749: [GC [PSYoungGen: 52224K->256K(58880K)] 528073K->476105K(779776K), 0.0112992 secs] [Times: user=0.06 sys=0.00, real=0.01 secs]
2325.749: [GC [PSYoungGen: 52224K->256K(58880K)] 528073K->476105K(779776K), 0.0112992 secs] [Times: user=0.06 sys=0.00, real=0.01 secs]
2325.749: [GC [PSYoungGen: 52224K->256K(58880K)] 528073K->476105K(779776K), 0.0112992 secs] [Times: user=0.06 sys=0.00, real=0.01 secs]
2325.749: [GC [PSYoungGen: 52224K->256K(58880K)] 528073K->476105K(779776K), 0.0112992 secs] [Times: user=0.06 sys=0.00, real=0.01 secs]
2325.749: [GC [PSYoungGen: 52224K->256K(58880K)] 528073K->476105K(779776K), 0.0112992 secs] [Times: user=0.06 sys=0.00, real=0.01 secs]
2325.749: [GC [PSYoungGen: 52224K->256K(58880K)] 528073K->476105K(779776K), 0.0112992 secs] [Times: user=0.06 sys=0.00, real=0.01 secs]
2325.749: [GC [PSYoungGen: 52224K->256K(58880K)] 528073K->476105K(779776K), 0.0112992 secs] [Times: user=0.06 sys=0.00, real=0.01 secs]
2325.749: [GC [PSYoungGen: 52224K->256K(58880K)] 528073K->476105K(779776K), 0.0112992 secs] [Times: user=0.06 sys=0.00, real=0.01 secs]
2325.749: [GC [PSYoungGen: 52224K->256K(58880K)] 528073K->476105K(779776K), 0.0112992 secs] [Times: user=0.06 sys=0.00, real=0.01 secs]
2325.749: [GC [PSYoungGen: 52224K->256K(58880K)] 528073K->476105K(779776K), 0.0112992 secs] [Times: user=0.06 sys=0.00, real=0.01 secs]
2325.749: [GC [PSYoungGen: 52224K->256K(58880K)] 528073K->476105K(779776K), 0.0112992 secs] [Times: user=0.06 sys=0.00, real=0.01 secs]
2325.749: [GC [PSYoungGen: 52224K->256K(58880K)] 528073K->476105K(779776K), 0.0112992 secs] [Times: user=0.06 sys=0.00, real=0.01 secs]
2325.749: [GC [PSYoungGen: 52224K->256K(58880K)] 528073K->476105K(779776K), 0.0112992 secs] [Times: user=0.06 sys=0.00, real=0.01 secs]
2325.749: [GC [PSYoungGen: 52224K->256K(58880K)] 528073K->476105K(779776K), 0.0112992 secs] [Times: user=0.06 sys=0.00, real=0.01 secs]
2325.749: [GC [PSYoungGen: 52224K->256K(58880K)] 528073K->476105K(779776K), 0.0112992 secs] [Times: user=0.06 sys=0.00, real=0.01 secs]
2325.749: [GC [PSYoungGen: 52224K->256K(58880K)] 528073K->476105K(779776K), 0.0112992 secs] [Times: user=0.06 sys=0.00, real=0.01 secs]
2325.749: [GC [PSYoungGen: 52224K->256K(58880K)] 528073K->476105K(779776K), 0.0112992 secs] [Times: user=0.06 sys=0.00, real=0.01 secs]
2325.749: [GC [PSYoungGen: 52224K->256K(58880K)] 528073K->476105K(779776K), 0.0112992 secs] [Times: user=0.06 sys=0.00, real=0.01 secs]
2325.749: [GC [PSYoungGen: 52224K->256K(58880K)] 528073K->476105K(779776K), 0.0112992 secs] [Times: user=0.06 sys=0.00, real=0.01 secs]
2325.749: [GC [PSYoungGen: 52224K->256K(58880K)] 528073K->476105K(779776K), 0.0112992 secs] [Times: user=0.06 sys=0.00, real=0.01 secs]
2325.749: [GC [PSYoungGen: 52224K->256K(58880K)] 528073K->476105K(779776K), 0.0112992 secs] [Times: user=0.06 sys=0.00, real=0.01 secs]
2325.749: [GC [PSYoungGen: 52224K->256K(58880K)] 528073K->476105K(779776K), 0.0112992 secs] [Times: user=0.06 sys=0.00, real=0.01 secs]
2325.749: [GC [PSYoungGen: 52224K->256K(58880K)] 528073K->476105K(779776K), 0.0112992 secs] [Times: user=0.06 sys=0.00, real=0.01 secs]
2325.749: [GC [PSYoungGen: 52224K->256K(58880K)] 528073K->476105K(779776K), 0.0112992 secs] [Times: user=0.06 sys=0.00, real=0.01 secs]
2325.749: [GC [PSYoungGen: 52224K->256K(58880K)] 528073K->476105K(779776K), 0.0112992 secs] [Times: user=0.06 sys=0.00, real=0.01 secs]
2325.749: [GC [PSYoungGen: 52224K->256K(58880K)] 528073K->476105K(779776K), 0.0112992 secs] [Times: user=0.06 sys=0.00, real=0.01 secs]
2325.749: [GC [PSYoungGen: 52224K->256K(58880K)] 528073K->476105K(779776K), 0.0112992 secs] [Times: user=0.06 sys=0.00, real=0.01 secs]
2325.749: [GC [PSYoungGen: 52224K->256K(58880K)] 528073K->476105K(779776K), 0.0112992 secs] [Times: user=0.06 sys=0.00, real=0.01 secs]
2325.749: [GC [PSYoungGen: 52224K->256K(58880K)] 528073K->476105K(779776K), 0.0112992 secs] [Times: user=0.06 sys=0.00, real=0.01 secs]
2325.749: [GC [PSYoungGen: 52224K->256K(58880K)] 528073K->476105K(779776K), 0.0112992 secs] [Times: user=0.06 sys=0.00, real=0.01 secs]
2325.749: [GC [PSYoungGen: 52224K->256K(58880K)] 528073K->476105K(779776K), 0.0112992 secs] [Times: user=0.06 sys=0.00, real=0.01 secs]
2325.749: [GC [PSYoungGen: 52224K->256K(58880K)] 528073K->476105K(779776K), 0.0112992 secs] [Times: user=0.06 sys=0.00, real=0.01 secs]
2325.749: [GC [PSYoungGen: 52224K->256K(58880K)] 528073K->476105K(779776K), 0.0112992 secs] [Times: user=0.06 sys=0.00, real=0.01 secs]
2325.749: [GC [PSYoungGen: 52224K->256K(58880K)] 528073K->476105K(779776K), 0.0112992 secs] [Times: user=0.06 sys=0.00, real=0.01 secs]
2325.749: [GC [PSYoungGen: 52224K->256K(58880K)] 528073K->476105K(779776K), 0.0112992 secs] [Times: user=0.06 sys=0.00, real=0.01 secs]
2325.749: [GC [PSYoungGen: 52224K->256K(58880K)] 528073K->476105K(779776K), 0.0112992 secs] [Times: user=0.06 sys=0.00, real=0.01 secs]
2325.749: [GC [PSYoungGen: 52224K->256K(58880K)] 528073K->476105K(779776K), 0.0112992 secs] [Times: user=0.06 sys=0.00, real=0.01 secs]
2325.749: [GC [PSYoungGen: 52224K->256K(58880K)] 528073K->476105K(779776K), 0.0112992 secs] [Times: user=0.06 sys=0.00, real=0.01 secs]
2325.749: [GC [PSYoungGen: 52224K->256K(58880K)] 528073K->476105K(779776K), 0.0112992 secs] [Times: user=0.06 sys=0.00, real=0.01 secs]
2325.749: [GC [PSYoungGen: 52224K->256K(58880K)] 528073K->476105K(779776K), 0.0112992 secs] [Times: user=0.06 sys=0.00, real=0.01 secs]
2325.749: [GC [PSYoungGen: 52224K->256K(58880K)] 528073K->476105K(779776K), 0.0112992 secs] [Times: user=0.06 sys=0.00, real=0.01 secs]
2325.749: [GC [PSYoungGen: 52224K->256K(58880K)] 528073K->476105K(779776K), 0.0112992 secs] [Times: user=0.06 sys=0.00, real=0.01 secs]
2325.749: [GC [PSYoungGen: 52224K->256K(58880K)] 528073K->476105K(779776K), 0.0112992 secs] [Times: user=0.06 sys=0.00, real=0.01 secs]
2325.749: [GC [PSYoungGen: 52224K->256K(58880K)] 528073K->476105K(779776K), 0.0112992 secs] [Times: user=0.06 sys=0.00, real=0.01 secs]
2325.749: [GC [PSYoungGen: 52224K->256K(58880K)] 528073K->476105K(779776K), 0.0112992 secs] [Times: user=0.06 sys=0.00, real=0.01 secs]
2325.749: [GC [PSYoungGen: 52224K->256K(58880K)] 528073K->476105K(779776K), 0.0112992 secs] [Times: user=0.06 sys=0.00, real=0.01 secs]
2325.749: [GC [PSYoungGen: 52224K->256K(58880K)] 528073K->476105K(779776K), 0.0112992 secs] [Times: user=0.06 sys=0.00, real=0.01 secs]
2325.749: [GC [PSYoungGen: 52224K->256K(58880K)] 528073K->476105K(779776K), 0.0112992 secs] [Times: user=0.06 sys=0.00, real=0.01 secs]
2325.749: [GC [PSYoungGen: 52224K->256K(58880K)] 528073K->476105K(779776K), 0.0112992 secs] [Times: user=0.06 sys=0.00, real=0.01 secs]
2325.749: [GC [PSYoungGen: 52224K->256K(58880K)] 528073K->476105K(779776K), 0.0112992 secs] [Times: user=0.06 sys=0.00, real=0.01 secs]
2325.749: [GC [PSYoungGen: 52224K->256K(58880K)] 528073K->476105K(779776K), 0.0112992 secs] [Times: user=0.06 sys=0.00, real=0.01 secs]
2325.749: [GC [PSYoungGen: 52224K->256K(58880K)] 528073K->476105K(779776K), 0.0112992 secs] [Times: user=0.06 sys=0.00, real=0.01 secs]
2325.749: [GC [PSYoungGen: 52224K->256K(58880K)] 528073K->476105K(779776K), 0.0112992 secs] [Times: user=0.06 sys=0.00, real=0.01 secs]
2325.749: [GC [PSYoungGen: 52224K->256K(58880K)] 528073K->476105K(779776K), 0.0112992 secs] [Times: user=0.06 sys=0.00, real=0.01 secs]
2325.749: [GC [PSYoungGen: 52224K->256K(58880K)] 528073K->476105K(779776K), 0.0112992 secs] [Times: user=0.06 sys=0.00, real=0.01 secs]
2325.749: [GC [PSYoungGen: 52224K->256K(58880K)] 528073K->476105K(779776K), 0.0112992 secs] [Times: user=0.06 sys=0.00, real=0.01 secs]
2325.749: [GC [PSYoungGen: 52224K->256K(58880K)] 528073K->476105K(779776K), 0.0112992 secs] [Times: user=0.06 sys=0.00, real=0.01 secs]
2325.749: [GC [PSYoungGen: 52224K->256K(58880K)] 528073K->476105K(779776K), 0.0112992 secs] [Times: user=0.06 sys=0.00, real=0.01 secs]
2325.749: [GC [PSYoungGen: 52224K->256K(58880K)] 528073K->476105K(779776K), 0.0112992 secs] [Times: user=0.06 sys=0.00, real=0.01 secs]
2325.749: [GC [PSYoungGen: 52224K->256K(58880K)] 528073K->476105K(779776K), 0.0112992 secs] [Times: user=0.06 sys=0.00, real=0.01 secs]
2325.749: [GC [PSYoungGen: 52224K->256K(58880K)] 528073K->476105K(779776K), 0.0112992 secs] [Times: user=0.06 sys=0.00, real=0.01 secs]
2325.749: [GC [PSYoungGen: 52224K->256K(58880K)] 528073K->476105K(779776K), 0.0112992 secs] [Times: user=0.06 sys=0.00, real=0.01 secs]
2325.749: [GC [PSYoungGen: 52224K->256K(58880K)] 528073K->476105K(779776K), 0.0112992 secs] [Times: user=0.06 sys=0.00, real=0.01 secs]
2325.749: [GC [PSYoungGen: 52224K->256K(58880K)] 528073K->476105K(779776K), 0.0112992 secs] [Times: user=0.06 sys=0.00, real=0.01 secs]
2325.749: [GC [PSYoungGen: 52224K->256K(58880K)] 528073K->476105K(779776K), 0.0112992 secs] [Times: user=0.06 sys=0.00, real=0.01 secs]
2325.749: [GC [PSYoungGen: 52224K->256K(58880K)] 528073K->476105K(779776K), 0.0112992 secs] [Times: user=0.06 sys=0.00, real=0.01 secs]
2325.749: [GC [PSYoungGen: 52224K->256K(58880K)] 528073K->476105K(779776K), 0.0112992 secs] [Times: user=0.06 sys=0.00, real=0.01 secs]
2325.749: [GC [PSYoungGen: 52224K->256K(58880K)] 528073K->476105K(779776K), 0.0112992 secs] [Times: user=0.06 sys=0.00, real=0.01 secs]
2325.749: [GC [PSYoungGen: 52224K->256K(58880K)] 528073K->476105K(779776K), 0.0112992 secs] [Times: user=0.06 sys=0.00, real=0.01 secs]
2325.749: [GC [PSYoungGen: 52224K->256K(58880K)] 528073K->476105K(779776K), 0.0112992 secs] [Times: user=0.06 sys=0.00, real=0.01 secs]
2325.749: [GC [PSYoungGen: 52224K->256K(58880K)] 528073K->476105K(779776K), 0.0112992 secs] [Times: user=0.06 sys=0.00, real=0.01 secs]
2325.749: [GC [PSYoungGen: 52224K->256K(58880K)] 528073K->476105K(779776K), 0.0112992 secs] [Times: user=0.06 sys=0.00, real=0.01 secs]
2325.749: [GC [PSYoungGen: 52224K->256K(58880K)] 528073K->476105K(779776K), 0.0112992 secs] [Times: user=0.06 sys=0.00, real=0.01 secs]
2325.749: [GC [PSYoungGen: 52224K->256K(58880K)] 528073K->476105K(779776K), 0.0112992 secs] [Times: user=0.06 sys=0.00, real=0.01 secs]
2325.749: [GC [PSYoungGen: 52224K->256K(58880K)] 528073K->476105K(779776K), 0.0112992 secs] [Times: user=0.06 sys=0.00, real=0.01 secs]
2325.749: [GC [PSYoungGen: 52224K->256K(58880K)] 528073K->476105K(779776K), 0.0112992 secs] [Times: user=0.06 sys=0.00, real=0.01 secs]
2325.749: [GC [PSYoungGen: 52224K->256K(58880K)] 528073K->476105K(779776K), 0.0112992 secs] [Times: user=0.06 sys=0.00, real=0.01 secs]
2325.749: [GC [PSYoungGen: 52224K->256K(58880K)] 528073K->476105K(779776K), 0.0112992 secs] [Times: user=0.06 sys=0.00, real=0.01 secs]
2325.749: [GC [PSYoungGen: 52224K->256K(58880K)] 528073K->476105K(779776K), 0.0112992 secs] [Times: user=0.06 sys=0.00, real=0.01 secs]
2325.749: [GC [PSYoungGen: 52224K->256K(58880K)] 528073K->476105K(779776K), 0.0112992 secs] [Times: user=0.06 sys=0.00, real=0.01 secs]
2325.749: [GC [PSYoungGen: 52224K->256K(58880K)] 528073K->476105K(779776K), 0.0112992 secs] [Times: user=0.06 sys=0.00, real=0.01 secs]
2325.749: [GC [PSYoungGen: 52224K->256K(58880K)] 528073K->476105K(779776K), 0.0112992 secs] [Times: user=0.06 sys=0.00, real=0.01 secs]
2325.749: [GC [PSYoungGen: 52224K->256K(58880K)] 528073K->476105K(779776K), 0.0112992 secs] [Times: user=0.06 sys=0.00, real=0.01 secs]
2325.749: [GC [PSYoungGen: 52224K->256K(58880K)] 528073K->476105K(779776K), 0.0112992 secs] [Times: user=0.06 sys=0.00, real=0.01 secs]
2325.749: [GC [PSYoungGen: 52224K->256K(58880K)] 528073K->476105K(779776K), 0.0112992 secs] [Times: user=0.06 sys=0.00, real=0.01 secs]
2325.749: [GC [PSYoungGen: 52224K->256K(58880K)] 528073K->476105K(779776K), 0.0112992 secs] [Times: user=0.06 sys=0.00, real=0.01 secs]
2325.749: [GC [PSYoungGen: 52224K->256K(58880K)] 528073K->476105K(779776K), 0.0112992 secs] [Times: user=0.06 sys=0.00, real=0.01 secs]
2325.749: [GC [PSYoungGen: 52224K->256K(58880K)] 528073K->476105K(779776K), 0.0112992 secs] [Times: user=0.06 sys=0.00, real=0.01 secs]
2325.749: [GC [PSYoungGen: 52224K->256K(58880K)] 528073K->476105K(779776K), 0.0112992 secs] [Times: user=0.06 sys=0.00, real=0.01 secs]
2325.749: [GC [PSYoungGen: 52224K->256K(58880K)] 528073K->476105K(779776K), 0.0112992 secs] [Times: user=0.06 sys=0.00, real=0.01 secs]
2325.749: [GC [PSYoungGen: 52224K->256K(58880K)] 528073K->476105K(779776K), 0.0112992 secs] [Times: user=0.06 sys=0.00, real=0.01 secs]
2325.749: [GC [PSYoungGen: 52224K->256K(58880K)] 528073K->476105K(779776K), 0.0112992 secs] [Times: user=0.06 sys=0.00, real=0.01 secs]
2325.749: [GC [PSYoungGen: 52224K->256K(58880K)] 528073K->476105K(779776K), 0.0112992 secs] [Times: user=0.06 sys=0.00, real=0.01 secs]
2325.749: [GC [PSYoungGen: 52224K->256K(58880K)] 528073K->476105K(779776K), 0.0112992 secs] [Times: user=0.06 sys=0.00, real=0.01 secs]
2325.749: [GC [PSYoungGen: 52224K->256K(58880K)] 528073K->476105K(779776K), 0.0112992 secs] [Times: user=0.06 sys=0.00, real=0.01 secs]
2325.749: [GC [PSYoungGen: 52224K->256K(58880K)] 528073K->476105K(779776K), 0.0112992 secs] [Times: user=0.06 sys=0.00, real=0.01 secs]
2325.749: [GC [PSYoungGen: 52224K->256K(58880K)] 528073K->476105K(779776K), 0.0112992 secs] [Times: user=0.06 sys=0.00, real=0.01 secs]
2325.749: [GC [PSYoungGen: 52224K->256K(58880K)] 528073K->476105K(779776K), 0.0112992 secs] [Times: user=0.06 sys=0.00, real=0.01 secs]
2325.749: [GC [PSYoungGen: 52224K->256K(58880K)] 528073K->476105K(779776K), 0.0112992 secs] [Times: user=0.06 sys=0.00, real=0.01 secs]
2325.749: [GC [PSYoungGen: 52224K->256K(58880K)] 528073K->476105K(779776K), 0.0112992 secs] [Times: user=0.06 sys=0.00, real=0.01 secs]
2325.749: [GC [PSYoungGen: 52224K->256K(58880K)] 528073K->476105K(779776K), 0.0112992 secs] [Times: user=0.06 sys=0.00, real=0.01 secs]
2325.749: [GC [PSYoungGen: 52224K->256K(58880K)] 528073K->476105K(779776K), 0.0112992 secs] [Times: user=0.06 sys=0.00, real=0.01 secs]
2325.749: [GC [PSYoungGen: 52224K->256K(58880K)] 528073K->476105K(779776K), 0.0112992 secs] [Times: user=0.06 sys=0.00, real=0.01 secs]
2325.749: [GC [PSYoungGen: 52224K->256K(58880K)] 528073K->476105K(779776K), 0.0112992 secs] [Times: user=0.06 sys=0.00, real=0.01 secs]
2325.749: [GC [PSYoungGen: 52224K->256K(58880K)] 528073K->476105K(779776K), 0.0112992 secs] [Times: user=0.06 sys=0.00, real=0.01 secs]
2325.749: [GC [PSYoungGen: 52224K->256K(58880K)] 528073K->476105K(779776K), 0.0112992 secs] [Times: user=0.06 sys=0.00, real=0.01 secs]
2325.749: [GC [PSYoungGen: 52224K->256K(58880K)] 528073K->476105K(779776K), 0.0112992 secs] [Times: user=0.06 sys=0.00, real=0.01 secs]
2325.749: [GC [PSYoungGen: 52224K->256K(58880K)] 528073K->476105K(779776K), 0.0112992 secs] [Times: user=0.06 sys=0.00, real=0.01 secs]
2325.749: [GC [PSYoungGen: 52224K->256K(58880K)] 528073K->476105K(779776K), 0.0112992 secs] [Times: user=0.06 sys=0.00, real=0.01 secs]
2325.749: [GC [PSYoungGen: 52224K->256K(58880K)] 528073K->476105K(779776K), 0.0112992 secs] [Times: user=0.06 sys=0.00, real=0.01 secs]
2325.749: [GC [PSYoungGen: 52224K->256K(58880K)] 528073K->476105K(779776K), 0.0112992 secs] [Times: user=0.06 sys=0.00, real=0.01 secs]
2325.749: [GC [PSYoungGen: 52224K->256K(58880K)] 528073K->476105K(779776K), 0.0112992 secs] [Times: user=0.06 sys=0.00, real=0.01 secs]
2325.749: [GC [PSYoungGen: 52224K->256K(58880K)] 528073K->476105K(779776K), 0.0112992 secs] [Times: user=0.06 sys=0.00, real=0.01 secs]
2325.749: [GC [PSYoungGen: 52224K->256K(58880K)] 528073K->476105K(779776K), 0.0112992 secs] [Times: user=0.06 sys=0.00, real=0.01 secs]
2325.749: [GC [PSYoungGen: 52224K->256K(58880K)] 528073K->476105K(779776K), 0.0112992 secs] [Times: user=0.06 sys=0.00, real=0.01 secs]
2325.749: [GC [PSYoungGen: 52224K->256K(58880K)] 528073K->476105K(779776K), 0.0112992 secs] [Times: user=0.06 sys=0.00, real=0.01 secs]
2325.749: [GC [PSYoungGen: 52224K->256K(58880K)] 528073K->476105K(779776K), 0.0112992 secs] [Times: user=0.06 sys=0.00, real=0.01 secs]
2325.749: [GC [PSYoungGen: 52224K->256K(58880K)] 528073K->476105K(779776K), 0.0112992 secs] [Times: user=0.06 sys=0.00, real=0.01 secs]
2325.749: [GC [PSYoungGen: 52224K->256K(58880K)] 528073K->476105K(779776K), 0.0112992 secs] [Times: user=0.06 sys=0.00, real=0.01 secs]
2325.749: [GC [PSYoungGen: 52224K->256K(58880K)] 528073K->476105K(779776K), 0.0112992 secs] [Times: user=0.06 sys=0.00, real=0.01 secs]
2325.749: [GC [PSYoungGen: 52224K->256K(58880K)] 528073K->476105K(779776K), 0.0112992 secs] [Times: user=0.06 sys=0.00, real=0.01 secs]
2325.749: [GC [PSYoungGen: 52224K->256K(58880K)] 528073K->476105K(779776K), 0.0112992 secs] [Times: user=0.06 sys=0.00, real=0.01 secs]
2325.749: [GC [PSYoungGen: 52224K->256K(58880K)] 528073K->476105K(779776K), 0.0112992 secs] [Times: user=0.06 sys=0.00, real=0.01 secs]
2325.749: [GC [PSYoungGen: 52224K->256K(58880K)] 528073K->476105K(779776K), 0.0112992 secs] [Times: user=0.06 sys=0.00, real=0.01 secs]
2325.749: [GC [PSYoungGen: 52224K->256K(58880K)] 528073K->476105K(779776K), 0.0112992 secs] [Times: user=0.06 sys=0.00, real=0.01 secs]
2325.749: [GC [PSYoungGen: 52224K->256K(58880K)] 528073K->476105K(779776K), 0.0112992 secs] [Times: user=0.06 sys=0.00, real=0.01 secs]
2325.749: [GC [PSYoungGen: 52224K->256K(58880K)] 528073K->476105K(779776K), 0.0112992 secs] [Times: user=0.06 sys=0.00, real=0.01 secs]
2325.749: [GC [PSYoungGen: 52224K->256K(58880K)] 528073K->476105K(779776K), 0.0112992 secs] [Times: user=0.06 sys=0.00, real=0.01 secs]
2325.749: [GC [PSYoungGen: 52224K->256K(58880K)] 528073K->476105K(779776K), 0.0112992 secs] [Times: user=0.06 sys=0.00, real=0.01 secs]
2325.749: [GC [PSYoungGen: 52224K->256K(58880K)] 528073K->476105K(779776K), 0.0112992 secs] [Times: user=0.06 sys=0.00, real=0.01 secs]
2325.749: [GC [PSYoungGen: 52224K->256K(58880K)] 528073K->476105K(779776K), 0.0112992 secs] [Times: user=0.06 sys=0.00, real=0.01 secs]
2325.749: [GC [PSYoungGen: 52224K->256K(58880K)] 528073K->476105K(779776K), 0.0112992 secs] [Times: user=0.06 sys=0.00, real=0.01 secs]
2325.749: [GC [PSYoungGen: 52224K->256K(58880K)] 528073K->476105K(779776K), 0.0112992 secs] [Times: user=0.06 sys=0.00, real=0.01 secs]
2325.749: [GC [PSYoungGen: 52224K->256K(58880K)] 528073K->476105K(779776K), 0.0112992 secs] [Times: user=0.06 sys=0.00, real=0.01 secs]
2325.749: [GC [PSYoungGen: 52224K->256K(58880K)] 528073K->476105K(779776K), 0.0112992 secs] [Times: user=0.06 sys=0.00, real=0.01 secs]
2325.749: [GC [PSYoungGen: 52224K->256K(58880K)] 528073K->476105K(779776K), 0.0112992 secs] [Times: user=0.06 sys=0.00, real=0.01 secs]
2325.749: [GC [PSYoungGen: 52224K->256K(58880K)] 528073K->476105K(779776K), 0.0112992 secs] [Times: user=0.06 sys=0.00, real=0.01 secs]
2325.749: [GC [PSYoungGen: 52224K->256K(58880K)] 528073K->476105K(779776K), 0.0112992 secs] [Times: user=0.06 sys=0.00, real=0.01 secs]
2325.749: [GC [PSYoungGen: 52224K->256K(58880K)] 528073K->476105K(779776K), 0.0112992 secs] [Times: user=0.06 sys=0.00, real=0.01 secs]
2325.749: [GC [PSYoungGen: 52224K->256K(58880K)] 528073K->476105K(779776K), 0.0112992 secs] [Times: user=0.06 sys=0.00, real=0.01 secs]
2325.749: [GC [PSYoungGen: 52224K->256K(58880K)] 528073K->476105K(779776K), 0.0112992 secs] [Times: user=0.06 sys=0.00, real=0.01 secs]
2325.749: [GC [PSYoungGen: 52224K->256K(58880K)] 528073K->476105K(779776K), 0.0112992 secs] [Times: user=0.06 sys=0.00, real=0.01 secs]
2325.749: [GC [PSYoungGen: 52224K->256K(58880K)] 528073K->476105K(779776K), 0.0112992 secs] [Times: user=0.06 sys=0.00, real=0.01 secs]
2325.749: [GC [PSYoungGen: 52224K->256K(58880K)] 528073K->476105K(779776K), 0.0112992 secs] [Times: user=0.06 sys=0.00, real=0.01 secs]
2325.749: [GC [PSYoungGen: 52224K->256K(58880K)] 528073K->476105K(779776K), 0.0112992 secs] [Times: user=0.06 sys=0.00, real=0.01 secs]
2325.749: [GC [PSYoungGen: 52224K->256K(58880K)] 528073K->476105K(779776K), 0.0112992 secs] [Times: user=0.06 sys=0.00, real=0.01 secs]
2325.749: [GC [PSYoungGen: 52224K->256K(58880K)] 528073K->476105K(779776K), 0.0112992 secs] [Times: user=0.06 sys=0.00, real=0.01 secs]
2325.749: [GC [PSYoungGen: 52224K->256K(58880K)] 528073K->476105K(779776K), 0.0112992 secs] [Times: user=0.06 sys=0.00, real=0.01 secs]
2325.749: [GC [PSYoungGen: 52224K->256K(58880K)] 528073K->476105K(779776K), 0.0112992 secs] [Times: user=0.06 sys=0.00, real=0.01 secs]
2325.749: [GC [PSYoungGen: 52224K->256K(58880K)] 528073K->476105K(779776K), 0.0112992 secs] [Times: user=0.06 sys=0.00, real=0.01 secs]
2325.749: [GC [PSYoungGen: 52224K->256K(58880K)] 528073K->476105K(779776K), 0.0112992 secs] [Times: user=0.06 sys=0.00, real=0.01 secs]
2325.749: [GC [PSYoungGen: 52224K->256K(58880K)] 528073K->476105K(779776K), 0.0112992 secs] [Times: user=0.06 sys=0.00, real=0.01 secs]
2325.749: [GC [PSYoungGen: 52224K->256K(58880K)] 528073K->476105K(779776K), 0.0112992 secs] [Times: user=0.06 sys=0.00, real=0.01 secs]
2325.749: [GC [PSYoungGen: 52224K->256K(58880K)] 528073K->476105K(779776K), 0.0112992 secs] [Times: user=0.06 sys=0.00, real=0.01 secs]
2325.749: [GC [PSYoungGen: 52224K->256K(58880K)] 528073K->476105K(779776K), 0.0112992 secs] [Times: user=0.06 sys=0.00, real=0.01 secs]
2325.749: [GC [PSYoungGen: 52224K->256K(58880K)] 528073K->476105K(779776K), 0.0112992 secs] [Times: user=0.06 sys=0.00, real=0.01 secs]
2325.749: [GC [PSYoungGen: 52224K->256K(58880K)] 528073K->476105K(779776K), 0.0112992 secs] [Times: user=0.06 sys=0.00, real=0.01 secs]
2325.749: [GC [PSYoungGen: 52224K->256K(58880K)] 528073K->476105K(779776K), 0.0112992 secs] [Times: user=0.06 sys=0.00, real=0.01 secs]
2325.749: [GC [PSYoungGen: 52224K->256K(58880K)] 528073K->476105K(779776K), 0.0112992 secs] [Times: user=0.06 sys=0.00, real=0.01 secs]
2325.749: [GC [PSYoungGen: 52224K->256K(58880K)] 528073K->476105K(779776K), 0.0112992 secs] [Times: user=0.06 sys=0.00, real=0.01 secs]
2325.749: [GC [PSYoungGen: 52224K->256K(58880K)] 528073K->476105K(779776K), 0.0112992 secs] [Times: user=0.06 sys=0.00, real=0.01 secs]
2325.749: [GC [PSYoungGen: 52224K->256K(58880K)] 528073K->476105K(779776K), 0.0112992 secs] [Times: user=0.06 sys=0.00, real=0.01 secs]
2325.749: [GC [PSYoungGen: 52224K->256K(58880K)] 528073K->476105K(779776K), 0.0112992 secs] [Times: user=0.06 sys=0.00, real=0.01 secs]
2325.749: [GC [PSYoungGen: 52224K->256K(58880K)] 528073K->476105K(779776K), 0.0112992 secs] [Times: user=0.06 sys=0.00, real=0.01 secs]
2325.749: [GC [PSYoungGen: 52224K->256K(58880K)] 528073K->476105K(779776K), 0.0112992 secs] [Times: user=0.06 sys=0.00, real=0.01 secs]
2325.749: [GC [PSYoungGen: 52224K->256K(58880K)] 528073K->476105K(779776K), 0.0112992 secs] [Times: user=0.06 sys=0.00, real=0.01 secs]
2325.749: [GC [PSYoungGen: 52224K->256K(58880K)] 528073K->476105K(779776K), 0.0112992 secs] [Times: user=0.06 sys=0.00, real=0.01 secs]
2325.749: [GC [PSYoungGen: 52224K->256K(58880K)] 528073K->476105K(779776K), 0.0112992 secs] [Times: user=0.06 sys=0.00, real=0.01 secs]
2325.749: [GC [PSYoungGen: 52224K->256K(58880K)] 528073K->476105K(779776K), 0.0112992 secs] [Times: user=0.06 sys=0.00, real=0.01 secs]
2325.749: [GC [PSYoungGen: 52224K->256K(58880K)] 528073K->476105K(779776K), 0.0112992 secs] [Times: user=0.06 sys=0.00, real=0.01 secs]
2325.749: [GC [PSYoungGen: 52224K->256K(58880K)] 528073K->476105K(779776K), 0.0112992 secs] [Times: user=0.06 sys=0.00, real=0.01 secs]
2325.749: [GC [PSYoungGen: 52224K->256K(58880K)] 528073K->476105K(779776K), 0.0112992 secs] [Times: user=0.06 sys=0.00, real=0.01 secs]
2325.749: [GC [PSYoungGen: 52224K->256K(58880K)] 528073K->476105K(779776K), 0.0112992 secs] [Times: user=0.06 sys=0.00, real=0.01 secs]
2325.749: [GC [PSYoungGen: 52224K->256K(58880K)] 528073K->476105K(779776K), 0.0112992 secs] [Times: user=0.06 sys=0.00, real=0.01 secs]
2325.749: [GC [PSYoungGen: 52224K->256K(58880K)] 528073K->476105K(779776K), 0.0112992 secs] [Times: user=0.06 sys=0.00, real=0.01 secs]
2325.749: [GC [PSYoungGen: 52224K->256K(58880K)] 528073K->476105K(779776K), 0.0112992 secs] [Times: user=0.06 sys=0.00, real=0.01 secs]
2325.749: [GC [PSYoungGen: 52224K->256K(58880K)] 528073K->476105K(779776K), 0.0112992 secs] [Times: user=0.06 sys=0.00, real=0.01 secs]
2325.749: [GC [PSYoungGen: 52224K->256K(58880K)] 528073K->476105K(779776K), 0.0112992 secs] [Times: user=0.06 sys=0.00, real=0.01 secs]
2325.749: [GC [PSYoungGen: 52224K->256K(58880K)] 528073K->476105K(779776K), 0.0112992 secs] [Times: user=0.06 sys=0.00, real=0.01 secs]
2325.749: [GC [PSYoungGen: 52224K->256K(58880K)] 528073K->476105K(779776K), 0.0112992 secs] [Times: user=0.06 sys=0.00, real=0.01 secs]
2325.749: [GC [PSYoungGen: 52224K->256K(58880K)] 528073K->476105K(779776K), 0.0112992 secs] [Times: user=0.06 sys=0.00, real=0.01 secs]
2325.749: [GC [PSYoungGen: 52224K->256K(58880K)] 528073K->476105K(779776K), 0.0112992 secs] [Times: user=0.06 sys=0.00, real=0.01 secs]
2325.749: [GC [PSYoungGen: 52224K->256K(58880K)] 528073K->476105K(779776K), 0.0112992 secs] [Times: user=0.06 sys=0.00, real=0.01 secs]
2325.749: [GC [PSYoungGen: 52224K->256K(58880K)] 528073K->476105K(779776K), 0.0112992 secs] [Times: user=0.06 sys=0.00, real=0.01 secs]
2325.749: [GC [PSYoungGen: 52224K->256K(58880K)] 528073K->476105K(779776K), 0.0112992 secs] [Times: user=0.06 sys=0.00, real=0.01 secs]
2325.749: [GC [PSYoungGen: 52224K->256K(58880K)] 528073K->476105K(779776K), 0.0112992 secs] [Times: user=0.06 sys=0.00, real=0.01 secs]
2325.749: [GC [PSYoungGen: 52224K->256K(58880K)] 528073K->476105K(779776K), 0.0112992 secs] [Times: user=0.06 sys=0.00, real=0.01 secs]
2325.749: [GC [PSYoungGen: 52224K->256K(58880K)] 528073K->476105K(779776K), 0.0112992 secs] [Times: user=0.06 sys=0.00, real=0.01 secs]
2325.749: [GC [PSYoungGen: 52224K->256K(58880K)] 528073K->476105K(779776K), 0.0112992 secs] [Times: user=0.06 sys=0.00, real=0.01 secs]
2325.749: [GC [PSYoungGen: 52224K->256K(58880K)] 528073K->476105K(779776K), 0.0112992 secs] [Times: user=0.06 sys=0.00, real=0.01 secs]
2325.749: [GC [PSYoungGen: 52224K->256K(58880K)] 528073K->476105K(779776K), 0.0112992 secs] [Times: user=0.06 sys=0.00, real=0.01 secs]
2325.749: [GC [PSYoungGen: 52224K->256K(58880K)] 528073K->476105K(779776K), 0.0112992 secs] [Times: user=0.06 sys=0.00, real=0.01 secs]
2325.749: [GC [PSYoungGen: 52224K->256K(58880K)] 528073K->476105K(779776K), 0.0112992 secs] [Times: user=0.06 sys=0.00, real=0.01 secs]
2325.749: [GC [PSYoungGen: 52224K->256K(58880K)] 528073K->476105K(779776K), 0.0112992 secs] [Times: user=0.06 sys=0.00, real=0.01 secs]
2325.749: [GC [PSYoungGen: 52224K->256K(58880K)] 528073K->476105K(779776K), 0.0112992 secs] [Times: user=0.06 sys=0.00, real=0.01 secs]
2325.749: [GC [PSYoungGen: 52224K->256K(58880K)] 528073K->476105K(779776K), 0.0112992 secs] [Times: user=0.06 sys=0.00, real=0.01 secs]
2325.749: [GC [PSYoungGen: 52224K->256K(58880K)] 528073K->476105K(779776K), 0.0112992 secs] [Times: user=0.06 sys=0.00, real=0.01 secs]
2325.749: [GC [PSYoungGen: 52224K->256K(58880K)] 528073K->476105K(779776K), 0.0112992 secs] [Times: user=0.06 sys=0.00, real=0.01 secs]
2325.749: [GC [PSYoungGen: 52224K->256K(58880K)] 528073K->476105K(779776K), 0.0112992 secs] [Times: user=0.06 sys=0.00, real=0.01 secs]
2325.749: [GC [PSYoungGen: 52224K->256K(58880K)] 528073K->476105K(779776K), 0.0112992 secs] [Times: user=0.06 sys=0.00, real=0.01 secs]
2325.749: [GC [PSYoungGen: 52224K->256K(58880K)] 528073K->476105K(779776K), 0.0112992 secs] [Times: user=0.06 sys=0.00, real=0.01 secs]
2325.749: [GC [PSYoungGen: 52224K->256K(58880K)] 528073K->476105K(779776K), 0.0112992 secs] [Times: user=0.06 sys=0.00, real=0.01 secs]
2325.749: [GC [PSYoungGen: 52224K->256K(58880K)] 528073K->476105K(779776K), 0.0112992 secs] [Times: user=0.06 sys=0.00, real=0.01 secs]
2325.749: [GC [PSYoungGen: 52224K->256K(58880K)] 528073K->476105K(779776K), 0.0112992 secs] [Times: user=0.06 sys=0.00, real=0.01 secs]
2325.749: [GC [PSYoungGen: 52224K->256K(58880K)] 528073K->476105K(779776K), 0.0112992 secs] [Times: user=0.06 sys=0.00, real=0.01 secs]
2325.749: [GC [PSYoungGen: 52224K->256K(58880K)] 528073K->476105K(779776K), 0.0112992 secs] [Times: user=0.06 sys=0.00, real=0.01 secs]
2325.749: [GC [PSYoungGen: 52224K->256K(58880K)] 528073K->476105K(779776K), 0.0112992 secs] [Times: user=0.06 sys=0.00, real=0.01 secs]
2325.749: [GC [PSYoungGen: 52224K->256K(58880K)] 528073K->476105K(779776K), 0.0112992 secs] [Times: user=0.06 sys=0.00, real=0.01 secs]
2325.749: [GC [PSYoungGen: 52224K->256K(58880K)] 528073K->476105K(779776K), 0.0112992 secs] [Times: user=0.06 sys=0.00, real=0.01 secs]
2325.749: [GC [PSYoungGen: 52224K->256K(58880K)] 528073K->476105K(779776K), 0.0112992 secs] [Times: user=0.06 sys=0.00, real=0.01 secs]
2325.749: [GC [PSYoungGen: 52224K->256K(58880K)] 528073K->476105K(779776K), 0.0112992 secs] [Times: user=0.06 sys=0.00, real=0.01 secs]
2325.749: [GC [PSYoungGen: 52224K->256K(58880K)] 528073K->476105K(779776K), 0.0112992 secs] [Times: user=0.06 sys=0.00, real=0.01 secs]
2325.749: [GC [PSYoungGen: 52224K->256K(58880K)] 528073K->476105K(779776K), 0.0112992 secs] [Times: user=0.06 sys=0.00, real=0.01 secs]
2325.749: [GC [PSYoungGen: 52224K->256K(58880K)] 528073K->476105K(779776K), 0.0112992 secs] [Times: user=0.06 sys=0.00, real=0.01 secs]
2325.749: [GC [PSYoungGen: 52224K->256K(58880K)] 528073K->476105K(779776K), 0.0112992 secs] [Times: user=0.06 sys=0.00, real=0.01 secs]
2325.749: [GC [PSYoungGen: 52224K->256K(58880K)] 528073K->476105K(779776K), 0.0112992 secs] [Times: user=0.06 sys=0.00, real=0.01 secs]
2325.749: [GC [PSYoungGen: 52224K->256K(58880K)] 528073K->476105K(779776K), 0.0112992 secs] [Times: user=0.06 sys=0.00, real=0.01 secs]
2325.749: [GC [PSYoungGen: 52224K->256K(58880K)] 528073K->476105K(779776K), 0.0112992 secs] [Times: user=0.06 sys=0.00, real=0.01 secs]
2325.749: [GC [PSYoungGen: 52224K->256K(58880K)] 528073K->476105K(779776K), 0.0112992 secs] [Times: user=0.06 sys=0.00, real=0.01 secs]
2325.749: [GC [PSYoungGen: 52224K->256K(58880K)] 528073K->476105K(779776K), 0.0112992 secs] [Times: user=0.06 sys=0.00, real=0.01 secs]
2325.749: [GC [PSYoungGen: 52224K->256K(58880K)] 528073K->476105K(779776K), 0.0112992 secs] [Times: user=0.06 sys=0.00, real=0.01 secs]
2325.749: [GC [PSYoungGen: 52224K->256K(58880K)] 528073K->476105K(779776K), 0.0112992 secs] [Times: user=0.06 sys=0.00, real=0.01 secs]
2325.749: [GC [PSYoungGen: 52224K->256K(58880K)] 528073K->476105K(779776K), 0.0112992 secs] [Times: user=0.06 sys=0.00, real=0.01 secs]
2325.749: [GC [PSYoungGen: 52224K->256K(58880K)] 528073K->476105K(779776K), 0.0112992 secs] [Times: user=0.06 sys=0.00, real=0.01 secs]
2325.749: [GC [PSYoungGen: 52224K->256K(58880K)] 528073K->476105K(779776K), 0.0112992 secs] [Times: user=0.06 sys=0.00, real=0.01 secs]
2325.749: [GC [PSYoungGen: 52224K->256K(58880K)] 528073K->476105K(779776K), 0.0112992 secs] [Times: user=0.06 sys=0.00, real=0.01 secs]
2325.749: [GC [PSYoungGen: 52224K->256K(58880K)] 528073K->476105K(779776K), 0.0112992 secs] [Times: user=0.06 sys=0.00, real=0.01 secs]
2325.749: [GC [PSYoungGen: 52224K->256K(58880K)] 528073K->476105K(779776K), 0.0112992 secs] [Times: user=0.06 sys=0.00, real=0.01 secs]
2325.749: [GC [PSYoungGen: 52224K->256K(58880K)] 528073K->476105K(779776K), 0.0112992 secs] [Times: user=0.06 sys=0.00, real=0.01 secs]
2325.749: [GC [PSYoungGen: 52224K->256K(58880K)] 528073K->476105K(779776K), 0.0112992 secs] [Times: user=0.06 sys=0.00, real=0.01 secs]
2325.749: [GC [PSYoungGen: 52224K->256K(58880K)] 528073K->476105K(779776K), 0.0112992 secs] [Times: user=0.06 sys=0.00, real=0.01 secs]
2325.749: [GC [PSYoungGen: 52224K->256K(58880K)] 528073K->476105K(779776K), 0.0112992 secs] [Times: user=0.06 sys=0.00, real=0.01 secs]
2325.749: [GC [PSYoungGen: 52224K->256K(58880K)] 528073K->476105K(779776K), 0.0112992 secs] [Times: user=0.06 sys=0.00, real=0.01 secs]
2325.749: [GC [PSYoungGen: 52224K->256K(58880K)] 528073K->476105K(779776K), 0.0112992 secs] [Times: user=0.06 sys=0.00, real=0.01 secs]
2325.749: [GC [PSYoungGen: 52224K->256K(58880K)] 528073K->476105K(779776K), 0.0112992 secs] [Times: user=0.06 sys=0.00, real=0.01 secs]
2325.749: [GC [PSYoungGen: 52224K->256K(58880K)] 528073K->476105K(779776K), 0.0112992 secs] [Times: user=0.06 sys=0.00, real=0.01 secs]
2325.749: [GC [PSYoungGen: 52224K->256K(58880K)] 528073K->476105K(779776K), 0.0112992 secs] [Times: user=0.06 sys=0.00, real=0.01 secs]
2325.749: [GC [PSYoungGen: 52224K->256K(58880K)] 528073K->476105K(779776K), 0.0112992 secs] [Times: user=0.06 sys=0.00, real=0.01 secs]
2325.749: [GC [PSYoungGen: 52224K->256K(58880K)] 528073K->476105K(779776K), 0.0112992 secs] [Times: user=0.06 sys=0.00, real=0.01 secs]
2325.749: [GC [PSYoungGen: 52224K->256K(58880K)] 528073K->476105K(779776K), 0.0112992 secs] [Times: user=0.06 sys=0.00, real=0.01 secs]
2325.749: [GC [PSYoungGen: 52224K->256K(58880K)] 528073K->476105K(779776K), 0.0112992 secs] [Times: user=0.06 sys=0.00, real=0.01 secs]
2325.749: [GC [PSYoungGen: 52224K->256K(58880K)] 528073K->476105K(779776K), 0.0112992 secs] [Times: user=0.06 sys=0.00, real=0.01 secs]
2325.749: [GC [PSYoungGen: 52224K->256K(58880K)] 528073K->476105K(779776K), 0.0112992 secs] [Times: user=0.06 sys=0.00, real=0.01 secs]
2325.749: [GC [PSYoungGen: 52224K->256K(58880K)] 528073K->476105K(779776K), 0.0112992 secs] [Times: user=0.06 sys=0.00, real=0.01 secs]
2325.749: [GC [PSYoungGen: 52224K->256K(58880K)] 528073K->476105K(779776K), 0.0112992 secs] [Times: user=0.06 sys=0.00, real=0.01 secs]
2325.749: [GC [PSYoungGen: 52224K->256K(58880K)] 528073K->476105K(779776K), 0.0112992 secs] [Times: user=0.06 sys=0.00, real=0.01 secs]
2325.749: [GC [PSYoungGen: 52224K->256K(58880K)] 528073K->476105K(779776K), 0.0112992 secs] [Times: user=0.06 sys=0.00, real=0.01 secs]
2325.749: [GC [PSYoungGen: 52224K->256K(58880K)] 528073K->476105K(779776K), 0.0112992 secs] [Times: user=0.06 sys=0.00, real=0.01 secs]
2325.749: [GC [PSYoungGen: 52224K->256K(58880K)] 528073K->476105K(779776K), 0.0112992 secs] [Times: user=0.06 sys=0.00, real=0.01 secs]
2325.749: [GC [PSYoungGen: 52224K->256K(58880K)] 528073K->476105K(779776K), 0.0112992 secs] [Times: user=0.06 sys=0.00, real=0.01 secs]
2325.749: [GC [PSYoungGen: 52224K->256K(58880K)] 528073K->476105K(779776K), 0.0112992 secs] [Times: user=0.06 sys=0.00, real=0.01 secs]
2325.749: [GC [PSYoungGen: 52224K->256K(58880K)] 528073K->476105K(779776K), 0.0112992 secs] [Times: user=0.06 sys=0.00, real=0.01 secs]
2325.749: [GC [PSYoungGen: 52224K->256K(58880K)] 528073K->476105K(779776K), 0.0112992 secs] [Times: user=0.06 sys=0.00, real=0.01 secs]
2325.749: [GC [PSYoungGen: 52224K->256K(58880K)] 528073K->476105K(779776K), 0.0112992 secs] [Times: user=0.06 sys=0.00, real=0.01 secs]
2325.749: [GC [PSYoungGen: 52224K->256K(58880K)] 528073K->476105K(779776K), 0.0112992 secs] [Times: user=0.06 sys=0.00, real=0.01 secs]
2325.749: [GC [PSYoungGen: 52224K->256K(58880K)] 528073K->476105K(779776K), 0.0112992 secs] [Times: user=0.06 sys=0.00, real=0.01 secs]
2325.749: [GC [PSYoungGen: 52224K->256K(58880K)] 528073K->476105K(779776K), 0.0112992 secs] [Times: user=0.06 sys=0.00, real=0.01 secs]
2325.749: [GC [PSYoungGen: 52224K->256K(58880K)] 528073K->476105K(779776K), 0.0112992 secs] [Times: user=0.06 sys=0.00, real=0.01 secs]
2325.749: [GC [PSYoungGen: 52224K->256K(58880K)] 528073K->476105K(779776K), 0.0112992 secs] [Times: user=0.06 sys=0.00, real=0.01 secs]
2325.749: [GC [PSYoungGen: 52224K->256K(58880K)] 528073K->476105K(779776K), 0.0112992 secs] [Times: user=0.06 sys=0.00, real=0.01 secs]
2325.749: [GC [PSYoungGen: 52224K->256K(58880K)] 528073K->476105K(779776K), 0.0112992 secs] [Times: user=0.06 sys=0.00, real=0.01 secs]
2325.749: [GC [PSYoungGen: 52224K->256K(58880K)] 528073K->476105K(779776K), 0.0112992 secs] [Times: user=0.06 sys=0.00, real=0.01 secs]
2325.749: [GC [PSYoungGen: 52224K->256K(58880K)] 528073K->476105K(779776K), 0.0112992 secs] [Times: user=0.06 sys=0.00, real=0.01 secs]
2325.749: [GC [PSYoungGen: 52224K->256K(58880K)] 528073K->476105K(779776K), 0.0112992 secs] [Times: user=0.06 sys=0.00, real=0.01 secs]
2325.749: [GC [PSYoungGen: 52224K->256K(58880K)] 528073K->476105K(779776K), 0.0112992 secs] [Times: user=0.06 sys=0.00, real=0.01 secs]
2325.749: [GC [PSYoungGen: 52224K->256K(58880K)] 528073K->476105K(779776K), 0.0112992 secs] [Times: user=0.06 sys=0.00, real=0.01 secs]
2325.749: [GC [PSYoungGen: 52224K->256K(58880K)] 528073K->476105K(779776K), 0.0112992 secs] [Times: user=0.06 sys=0.00, real=0.01 secs]
2325.749: [GC [PSYoungGen: 52224K->256K(58880K)] 528073K->476105K(779776K), 0.0112992 secs] [Times: user=0.06 sys=0.00, real=0.01 secs]
2325.749: [GC [PSYoungGen: 52224K->256K(58880K)] 528073K->476105K(779776K), 0.0112992 secs] [Times: user=0.06 sys=0.00, real=0.01 secs]
2325.749: [GC [PSYoungGen: 52224K->256K(58880K)] 528073K->476105K(779776K), 0.0112992 secs] [Times: user=0.06 sys=0.00, real=0.01 secs]
2325.749: [GC [PSYoungGen: 52224K->256K(58880K)] 528073K->476105K(779776K), 0.0112992 secs] [Times: user=0.06 sys=0.00, real=0.01 secs]
2325.749: [GC [PSYoungGen: 52224K->256K(58880K)] 528073K->476105K(779776K), 0.0112992 secs] [Times: user=0.06 sys=0.00, real=0.01 secs]
2325.749: [GC [PSYoungGen: 52224K->256K(58880K)] 528073K->476105K(779776K), 0.0112992 secs] [Times: user=0.06 sys=0.00, real=0.01 secs]
2325.749: [GC [PSYoungGen: 52224K->256K(58880K)] 528073K->476105K(779776K), 0.0112992 secs] [Times: user=0.06 sys=0.00, real=0.01 secs]
2325.749: [GC [PSYoungGen: 52224K->256K(58880K)] 528073K->476105K(779776K), 0.0112992 secs] [Times: user=0.06 sys=0.00, real=0.01 secs]
2325.749: [GC [PSYoungGen: 52224K->256K(58880K)] 528073K->476105K(779776K), 0.0112992 secs] [Times: user=0.06 sys=0.00, real=0.01 secs]
2325.749: [GC [PSYoungGen: 52224K->256K(58880K)] 528073K->476105K(779776K), 0.0112992 secs] [Times: user=0.06 sys=0.00, real=0.01 secs]
2325.749: [GC [PSYoungGen: 52224K->256K(58880K)] 528073K->476105K(779776K), 0.0112992 secs] [Times: user=0.06 sys=0.00, real=0.01 secs]
2325.749: [GC [PSYoungGen: 52224K->256K(58880K)] 528073K->476105K(779776K), 0.0112992 secs] [Times: user=0.06 sys=0.00, real=0.01 secs]
2325.749: [GC [PSYoungGen: 52224K->256K(58880K)] 528073K->476105K(779776K), 0.0112992 secs] [Times: user=0.06 sys=0.00, real=0.01 secs]
2325.749: [GC [PSYoungGen: 52224K->256K(58880K)] 528073K->476105K(779776K), 0.0112992 secs] [Times: user=0.06 sys=0.00, real=0.01 secs]
2325.749: [GC [PSYoungGen: 52224K->256K(58880K)] 528073K->476105K(779776K), 0.0112992 secs] [Times: user=0.06 sys=0.00, real=0.01 secs]
2325.749: [GC [PSYoungGen: 52224K->256K(58880K)] 528073K->476105K(779776K), 0.0112992 secs] [Times: user=0.06 sys=0.00, real=0.01 secs]
2325.749: [GC [PSYoungGen: 52224K->256K(58880K)] 528073K->476105K(779776K), 0.0112992 secs] [Times: user=0.06 sys=0.00, real=0.01 secs]
2325.749: [GC [PSYoungGen: 52224K->256K(58880K)] 528073K->476105K(779776K), 0.0112992 secs] [Times: user=0.06 sys=0.00, real=0.01 secs]
2325.749: [GC [PSYoungGen: 52224K->256K(58880K)] 528073K->476105K(779776K), 0.0112992 secs] [Times: user=0.06 sys=0.00, real=0.01 secs]
2325.749: [GC [PSYoungGen: 52224K->256K(58880K)] 528073K->476105K(779776K), 0.0112992 secs] [Times: user=0.06 sys=0.00, real=0.01 secs]
2325.749: [GC [PSYoungGen: 52224K->256K(58880K)] 528073K->476105K(779776K), 0.0112992 secs] [Times: user=0.06 sys=0.00, real=0.01 secs]
2325.749: [GC [PSYoungGen: 52224K->256K(58880K)] 528073K->476105K(779776K), 0.0112992 secs] [Times: user=0.06 sys=0.00, real=0.01 secs]
2325.749: [GC [PSYoungGen: 52224K->256K(58880K)] 528073K->476105K(779776K), 0.0112992 secs] [Times: user=0.06 sys=0.00, real=0.01 secs]
2325.749: [GC [PSYoungGen: 52224K->256K(58880K)] 528073K->476105K(779776K), 0.0112992 secs] [Times: user=0.06 sys=0.00, real=0.01 secs]
2325.749: [GC [PSYoungGen: 52224K->256K(58880K)] 528073K->476105K(779776K), 0.0112992 secs] [Times: user=0.06 sys=0.00, real=0.01 secs]
2325.749: [GC [PSYoungGen: 52224K->256K(58880K)] 528073K->476105K(779776K), 0.0112992 secs] [Times: user=0.06 sys=0.00, real=0.01 secs]
2325.749: [GC [PSYoungGen: 52224K->256K(58880K)] 528073K->476105K(779776K), 0.0112992 secs] [Times: user=0.06 sys=0.00, real=0.01 secs]
2325.749: [GC [PSYoungGen: 52224K->256K(58880K)] 528073K->476105K(779776K), 0.0112992 secs] [Times: user=0.06 sys=0.00, real=0.01 secs]
2325.749: [GC [PSYoungGen: 52224K->256K(58880K)] 528073K->476105K(779776K), 0.0112992 secs] [Times: user=0.06 sys=0.00, real=0.01 secs]
2325.749: [GC [PSYoungGen: 52224K->256K(58880K)] 528073K->476105K(779776K), 0.0112992 secs] [Times: user=0.06 sys=0.00, real=0.01 secs]
2325.749: [GC [PSYoungGen: 52224K->256K(58880K)] 528073K->476105K(779776K), 0.0112992 secs] [Times: user=0.06 sys=0.00, real=0.01 secs]
2325.749: [GC [PSYoungGen: 52224K->256K(58880K)] 528073K->476105K(779776K), 0.0112992 secs] [Times: user=0.06 sys=0.00, real=0.01 secs]
2325.749: [GC [PSYoungGen: 52224K->256K(58880K)] 528073K->476105K(779776K), 0.0112992 secs] [Times: user=0.06 sys=0.00, real=0.01 secs]
2325.749: [GC [PSYoungGen: 52224K->256K(58880K)] 528073K->476105K(779776K), 0.0112992 secs] [Times: user=0.06 sys=0.00, real=0.01 secs]
2325.749: [GC [PSYoungGen: 52224K->256K(58880K)] 528073K->476105K(779776K), 0.0112992 secs] [Times: user=0.06 sys=0.00, real=0.01 secs]
2325.749: [GC [PSYoungGen: 52224K->256K(58880K)] 528073K->476105K(779776K), 0.0112992 secs] [Times: user=0.06 sys=0.00, real=0.01 secs]
2325.749: [GC [PSYoungGen: 52224K->256K(58880K)] 528073K->476105K(779776K), 0.0112992 secs] [Times: user=0.06 sys=0.00, real=0.01 secs]
2325.749: [GC [PSYoungGen: 52224K->256K(58880K)] 528073K->476105K(779776K), 0.0112992 secs] [Times: user=0.06 sys=0.00, real=0.01 secs]
2325.749: [GC [PSYoungGen: 52224K->256K(58880K)] 528073K->476105K(779776K), 0.0112992 secs] [Times: user=0.06 sys=0.00, real=0.01 secs]
2325.749: [GC [PSYoungGen: 52224K->256K(58880K)] 528073K->476105K(779776K), 0.0112992 secs] [Times: user=0.06 sys=0.00, real=0.01 secs]
2325.749: [GC [PSYoungGen: 52224K->256K(58880K)] 528073K->476105K(779776K), 0.0112992 secs] [Times: user=0.06 sys=0.00, real=0.01 secs]
2325.749: [GC [PSYoungGen: 52224K->256K(58880K)] 528073K->476105K(779776K), 0.0112992 secs] [Times: user=0.06 sys=0.00, real=0.01 secs]
2325.749: [GC [PSYoungGen: 52224K->256K(58880K)] 528073K->476105K(779776K), 0.0112992 secs] [Times: user=0.06 sys=0.00, real=0.01 secs]
2325.749: [GC [PSYoungGen: 52224K->256K(58880K)] 528073K->476105K(779776K), 0.0112992 secs] [Times: user=0.06 sys=0.00, real=0.01 secs]
2325.749: [GC [PSYoungGen: 52224K->256K(58880K)] 528073K->476105K(779776K), 0.0112992 secs] [Times: user=0.06 sys=0.00, real=0.01 secs]
2325.749: [GC [PSYoungGen: 52224K->256K(58880K)] 528073K->476105K(779776K), 0.0112992 secs] [Times: user=0.06 sys=0.00, real=0.01 secs]
2325.749: [GC [PSYoungGen: 52224K->256K(58880K)] 528073K->476105K(779776K), 0.0112992 secs] [Times: user=0.06 sys=0.00, real=0.01 secs]
2325.749: [GC [PSYoungGen: 52224K->256K(58880K)] 528073K->476105K(779776K), 0.0112992 secs] [Times: user=0.06 sys=0.00, real=0.01 secs]
2325.749: [GC [PSYoungGen: 52224K->256K(58880K)] 528073K->476105K(779776K), 0.0112992 secs] [Times: user=0.06 sys=0.00, real=0.01 secs]
2325.749: [GC [PSYoungGen: 52224K->256K(58880K)] 528073K->476105K(779776K), 0.0112992 secs] [Times: user=0.06 sys=0.00, real=0.01 secs]
2325.749: [GC [PSYoungGen: 52224K->256K(58880K)] 528073K->476105K(779776K), 0.0112992 secs] [Times: user=0.06 sys=0.00, real=0.01 secs]
2325.749: [GC [PSYoungGen: 52224K->256K(58880K)] 528073K->476105K(779776K), 0.0112992 secs] [Times: user=0.06 sys=0.00, real=0.01 secs]
2325.749: [GC [PSYoungGen: 52224K->256K(58880K)] 528073K->476105K(779776K), 0.0112992 secs] [Times: user=0.06 sys=0.00, real=0.01 secs]
2325.749: [GC [PSYoungGen: 52224K->256K(58880K)] 528073K->476105K(779776K), 0.0112992 secs] [Times: user=0.06 sys=0.00, real=0.01 secs]
2325.749: [GC [PSYoungGen: 52224K->256K(58880K)] 528073K->476105K(779776K), 0.0112992 secs] [Times: user=0.06 sys=0.00, real=0.01 secs]
2325.749: [GC [PSYoungGen: 52224K->256K(58880K)] 528073K->476105K(779776K), 0.0112992 secs] [Times: user=0.06 sys=0.00, real=0.01 secs]
2325.749: [GC [PSYoungGen: 52224K->256K(58880K)] 528073K->476105K(779776K), 0.0112992 secs] [Times: user=0.06 sys=0.00, real=0.01 secs]
2325.749: [GC [PSYoungGen: 52224K->256K(58880K)] 528073K->476105K(779776K), 0.0112992 secs] [Times: user=0.06 sys=0.00, real=0.01 secs]
2325.749: [GC [PSYoungGen: 52224K->256K(58880K)] 528073K->476105K(779776K), 0.0112992 secs] [Times: user=0.06 sys=0.00, real=0.01 secs]
2325.749: [GC [PSYoungGen: 52224K->256K(58880K)] 528073K->476105K(779776K), 0.0112992 secs] [Times: user=0.06 sys=0.00, real=0.01 secs]
2325.749: [GC [PSYoungGen: 52224K->256K(58880K)] 528073K->476105K(779776K), 0.0112992 secs] [Times: user=0.06 sys=0.00, real=0.01 secs]
2325.749: [GC [PSYoungGen: 52224K->256K(58880K)] 528073K->476105K(779776K), 0.0112992 secs] [Times: user=0.06 sys=0.00, real=0.01 secs]
2325.749: [GC [PSYoungGen: 52224K->256K(58880K)] 528073K->476105K(779776K), 0.0112992 secs] [Times: user=0.06 sys=0.00, real=0.01 secs]
2325.749: [GC [PSYoungGen: 52224K->256K(58880K)] 528073K->476105K(779776K), 0.0112992 secs] [Times: user=0.06 sys=0.00, real=0.01 secs]
2325.749: [GC [PSYoungGen: 52224K->256K(58880K)] 528073K->476105K(779776K), 0.0112992 secs] [Times: user=0.06 sys=0.00, real=0.01 secs]
2325.749: [GC [PSYoungGen: 52224K->256K(58880K)] 528073K->476105K(779776K), 0.0112992 secs] [Times: user=0.06 sys=0.00, real=0.01 secs]
2325.749: [GC [PSYoungGen: 52224K->256K(58880K)] 528073K->476105K(779776K), 0.0112992 secs] [Times: user=0.06 sys=0.00, real=0.01 secs]
2325.749: [GC [PSYoungGen: 52224K->256K(58880K)] 528073K->476105K(779776K), 0.0112992 secs] [Times: user=0.06 sys=0.00, real=0.01 secs]
2325.749: [GC [PSYoungGen: 52224K->256K(58880K)] 528073K->476105K(779776K), 0.0112992 secs] [Times: user=0.06 sys=0.00, real=0.01 secs]
2325.749: [GC [PSYoungGen: 52224K->256K(58880K)] 528073K->476105K(779776K), 0.0112992 secs] [Times: user=0.06 sys=0.00, real=0.01 secs]
2325.749: [GC [PSYoungGen: 52224K->256K(58880K)] 528073K->476105K(779776K), 0.0112992 secs] [Times: user=0.06 sys=0.00, real=0.01 secs]
2325.749: [GC [PSYoungGen: 52224K->256K(58880K)] 528073K->476105K(779776K), 0.0112992 secs] [Times: user=0.06 sys=0.00, real=0.01 secs]
2325.749: [GC [PSYoungGen: 52224K->256K(58880K)] 528073K->476105K(779776K), 0.0112992 secs] [Times: user=0.06 sys=0.00, real=0.01 secs]
2325.749: [GC [PSYoungGen: 52224K->256K(58880K)] 528073K->476105K(779776K), 0.0112992 secs] [Times: user=0.06 sys=0.00, real=0.01 secs]
2325.749: [GC [PSYoungGen: 52224K->256K(58880K)] 528073K->476105K(779776K), 0.0112992 secs] [Times: user=0.06 sys=0.00, real=0.01 secs]
2325.749: [GC [PSYoungGen: 52224K->256K(58880K)] 528073K->476105K(779776K), 0.0112992 secs] [Times: user=0.06 sys=0.00, real=0.01 secs]
2325.749: [GC [PSYoungGen: 52224K->256K(58880K)] 528073K->476105K(779776K), 0.0112992 secs] [Times: user=0.06 sys=0.00, real=0.01 secs]
2325.749: [GC [PSYoungGen: 52224K->256K(58880K)] 528073K->476105K(779776K), 0.0112992 secs] [Times: user=0.06 sys=0.00, real=0.01 secs]
2325.749: [GC [PSYoungGen: 52224K->256K(58880K)] 528073K->476105K(779776K), 0.0112992 secs] [Times: user=0.06 sys=0.00, real=0.01 secs]
2325.749: [GC [PSYoungGen: 52224K->256K(58880K)] 528073K->476105K(779776K), 0.0112992 secs] [Times: user=0.06 sys=0.00, real=0.01 secs]
2325.749: [GC [PSYoungGen: 52224K->256K(58880K)] 528073K->476105K(779776K), 0.0112992 secs] [Times: user=0.06 sys=0.00, real=0.01 secs]
2325.749: [GC [PSYoungGen: 52224K->256K(58880K)] 528073K->476105K(779776K), 0.0112992 secs] [Times: user=0.06 sys=0.00, real=0.01 secs]
2325.749: [GC [PSYoungGen: 52224K->256K(58880K)] 528073K->476105K(779776K), 0.0112992 secs] [Times: user=0.06 sys=0.00, real=0.01 secs]
2325.749: [GC [PSYoungGen: 52224K->256K(58880K)] 528073K->476105K(779776K), 0.0112992 secs] [Times: user=0.06 sys=0.00, real=0.01 secs]
2325.749: [GC [PSYoungGen: 52224K->256K(58880K)] 528073K->476105K(779776K), 0.0112992 secs] [Times: user=0.06 sys=0.00, real=0.01 secs]
2325.749: [GC [PSYoungGen: 52224K->256K(58880K)] 528073K->476105K(779776K), 0.0112992 secs] [Times: user=0.06 sys=0.00, real=0.01 secs]
2325.749: [GC [PSYoungGen: 52224K->256K(58880K)] 528073K->476105K(779776K), 0.0112992 secs] [Times: user=0.06 sys=0.00, real=0.01 secs]
2325.749: [GC [PSYoungGen: 52224K->256K(58880K)] 528073K->476105K(779776K), 0.0112992 secs] [Times: user=0.06 sys=0.00, real=0.01 secs]
2325.749: [GC [PSYoungGen: 52224K->256K(58880K)] 528073K->476105K(779776K), 0.0112992 secs] [Times: user=0.06 sys=0.00, real=0.01 secs]
2325.749: [GC [PSYoungGen: 52224K->256K(58880K)] 528073K->476105K(779776K), 0.0112992 secs] [Times: user=0.06 sys=0.00, real=0.01 secs]
2325.749: [GC [PSYoungGen: 52224K->256K(58880K)] 528073K->476105K(779776K), 0.0112992 secs] [Times: user=0.06 sys=0.00, real=0.01 secs]
2325.749: [GC [PSYoungGen: 52224K->256K(58880K)] 528073K->476105K(779776K), 0.0112992 secs] [Times: user=0.06 sys=0.00, real=0.01 secs]
2325.749: [GC [PSYoungGen: 52224K->256K(58880K)] 528073K->476105K(779776K), 0.0112992 secs] [Times: user=0.06 sys=0.00, real=0.01 secs]
2325.749: [GC [PSYoungGen: 52224K->256K(58880K)] 528073K->476105K(779776K), 0.0112992 secs] [Times: user=0.06 sys=0.00, real=0.01 secs]
2325.749: [GC [PSYoungGen: 52224K->256K(58880K)] 528073K->476105K(779776K), 0.0112992 secs] [Times: user=0.06 sys=0.00, real=0.01 secs]
2325.749: [GC [PSYoungGen: 52224K->256K(58880K)] 528073K->476105K(779776K), 0.0112992 secs] [Times: user=0.06 sys=0.00, real=0.01 secs]
2325.749: [GC [PSYoungGen: 52224K->256K(58880K)] 528073K->476105K(779776K), 0.0112992 secs] [Times: user=0.06 sys=0.00, real=0.01 secs]
2325.749: [GC [PSYoungGen: 52224K->256K(58880K)] 528073K->476105K(779776K), 0.0112992 secs] [Times: user=0.06 sys=0.00, real=0.01 secs]
2325.749: [GC [PSYoungGen: 52224K->256K(58880K)] 528073K->476105K(779776K), 0.0112992 secs] [Times: user=0.06 sys=0.00, real=0.01 secs]
2325.749: [GC [PSYoungGen: 52224K->256K(58880K)] 528073K->476105K(779776K), 0.0112992 secs] [Times: user=0.06 sys=0.00, real=0.01 secs]
2325.749: [GC [PSYoungGen: 52224K->256K(58880K)] 528073K->476105K(779776K), 0.0112992 secs] [Times: user=0.06 sys=0.00, real=0.01 secs]
2325.749: [GC [PSYoungGen: 52224K->256K(58880K)] 528073K->476105K(779776K), 0.0112992 secs] [Times: user=0.06 sys=0.00, real=0.01 secs]
2325.749: [GC [PSYoungGen: 52224K->256K(58880K)] 528073K->476105K(779776K), 0.0112992 secs] [Times: user=0.06 sys=0.00, real=0.01 secs]
2325.749: [GC [PSYoungGen: 52224K->256K(58880K)] 528073K->476105K(779776K), 0.0112992 secs] [Times: user=0.06 sys=0.00, real=0.01 secs]
2325.749: [GC [PSYoungGen: 52224K->256K(58880K)] 528073K->476105K(779776K), 0.0112992 secs] [Times: user=0.06 sys=0.00, real=0.01 secs]
2325.749: [GC [PSYoungGen: 52224K->256K(58880K)] 528073K->476105K(779776K), 0.0112992 secs] [Times: user=0.06 sys=0.00, real=0.01 secs]
2325.749: [GC [PSYoungGen: 52224K->256K(58880K)] 528073K->476105K(779776K), 0.0112992 secs] [Times: user=0.06 sys=0.00, real=0.01 secs]
2325.749: [GC [PSYoungGen: 52224K->256K(58880K)] 528073K->476105K(779776K), 0.0112992 secs] [Times: user=0.06 sys=0.00, real=0.01 secs]
2325.749: [GC [PSYoungGen: 52224K->256K(58880K)] 528073K->476105K(779776K), 0.0112992 secs] [Times: user=0.06 sys=0.00, real=0.01 secs]
2325.749: [GC [PSYoungGen: 52224K->256K(58880K)] 528073K->476105K(779776K), 0.0112992 secs] [Times: user=0.06 sys=0.00, real=0.01 secs]
2325.749: [GC [PSYoungGen: 52224K->256K(58880K)] 528073K->476105K(779776K), 0.0112992 secs] [Times: user=0.06 sys=0.00, real=0.01 secs]
2325.749: [GC [PSYoungGen: 52224K->256K(58880K)] 528073K->476105K(779776K), 0.0112992 secs] [Times: user=0.06 sys=0.00, real=0.01 secs]
2325.749: [GC [PSYoungGen: 52224K->256K(58880K)] 528073K->476105K(779776K), 0.0112992 secs] [Times: user=0.06 sys=0.00, real=0.01 secs]
2325.749: [GC [PSYoungGen: 52224K->256K(58880K)] 528073K->476105K(779776K), 0.0112992 secs] [Times: user=0.06 sys=0.00, real=0.01 secs]
2325.749: [GC [PSYoungGen: 52224K->256K(58880K)] 528073K->476105K(779776K), 0.0112992 secs] [Times: user=0.06 sys=0.00, real=0.01 secs]
2325.749: [GC [PSYoungGen: 52224K->256K(58880K)] 528073K->476105K(779776K), 0.0112992 secs] [Times: user=0.06 sys=0.00, real=0.01 secs]
2325.749: [GC [PSYoungGen: 52224K->256K(58880K)] 528073K->476105K(779776K), 0.0112992 secs] [Times: user=0.06 sys=0.00, real=0.01 secs]
2325.749: [GC [PSYoungGen: 52224K->256K(58880K)] 528073K->476105K(779776K), 0.0112992 secs] [Times: user=0.06 sys=0.00, real=0.01 secs]
2325.749: [GC [PSYoungGen: 52224K->256K(58880K)] 528073K->476105K(779776K), 0.0112992 secs] [Times: user=0.06 sys=0.00, real=0.01 secs]
2325.749: [GC [PSYoungGen: 52224K->256K(58880K)] 528073K->476105K(779776K), 0.0112992 secs] [Times: user=0.06 sys=0.00, real=0.01 secs]
2325.749: [GC [PSYoungGen: 52224K->256K(58880K)] 528073K->476105K(779776K), 0.0112992 secs] [Times: user=0.06 sys=0.00, real=0.01 secs]
2325.749: [GC [PSYoungGen: 52224K->256K(58880K)] 528073K->476105K(779776K), 0.0112992 secs] [Times: user=0.06 sys=0.00, real=0.01 secs]
2325.749: [GC [PSYoungGen: 52224K->256K(58880K)] 528073K->476105K(779776K), 0.0112992 secs] [Times: user=0.06 sys=0.00, real=0.01 secs]
2325.749: [GC [PSYoungGen: 52224K->256K(58880K)] 528073K->476105K(779776K), 0.0112992 secs] [Times: user=0.06 sys=0.00, real=0.01 secs]
2325.749: [GC [PSYoungGen: 52224K->256K(58880K)] 528073K->476105K(779776K), 0.0112992 secs] [Times: user=0.06 sys=0.00, real=0.01 secs]
2325.749: [GC [PSYoungGen: 52224K->256K(58880K)] 528073K->476105K(779776K), 0.0112992 secs] [Times: user=0.06 sys=0.00, real=0.01 secs]
2325.749: [GC [PSYoungGen: 52224K->256K(58880K)] 528073K->476105K(779776K), 0.0112992 secs] [Times: user=0.06 sys=0.00, real=0.01 secs]
2325.749: [GC [PSYoungGen: 52224K->256K(58880K)] 528073K->476105K(779776K), 0.0112992 secs] [Times: user=0.06 sys=0.00, real=0.01 secs]
2325.749: [GC [PSYoungGen: 52224K->256K(58880K)] 528073K->476105K(779776K), 0.0112992 secs] [Times: user=0.06 sys=0.00, real=0.01 secs]
2325.749: [GC [PSYoungGen: 52224K->256K(58880K)] 528073K->476105K(779776K), 0.0112992 secs] [Times: user=0.06 sys=0.00, real=0.01 secs]
2325.749: [GC [PSYoungGen: 52224K->256K(58880K)] 528073K->476105K(779776K), 0.0112992 secs] [Times: user=0.06 sys=0.00, real=0.01 secs]
2325.749: [GC [PSYoungGen: 52224K->256K(58880K)] 528073K->476105K(779776K), 0.0112992 secs] [Times: user=0.06 sys=0.00, real=0.01 secs]
2325.749: [GC [PSYoungGen: 52224K->256K(58880K)] 528073K->476105K(779776K), 0.0112992 secs] [Times: user=0.06 sys=0.00, real=0.01 secs]
2325.749: [GC [PSYoungGen: 52224K->256K(58880K)] 528073K->476105K(779776K), 0.0112992 secs] [Times: user=0.06 sys=0.00, real=0.01 secs]
2325.749: [GC [PSYoungGen: 52224K->256K(58880K)] 528073K->476105K(779776K), 0.0112992 secs] [Times: user=0.06 sys=0.00, real=0.01 secs]
2325.749: [GC [PSYoungGen: 52224K->256K(58880K)] 528073K->476105K(779776K), 0.0112992 secs] [Times: user=0.06 sys=0.00, real=0.01 secs]
2325.749: [GC [PSYoungGen: 52224K->256K(58880K)] 528073K->476105K(779776K), 0.0112992 secs] [Times: user=0.06 sys=0.00, real=0.01 secs]
2325.749: [GC [PSYoungGen: 52224K->256K(58880K)] 528073K->476105K(779776K), 0.0112992 secs] [Times: user=0.06 sys=0.00, real=0.01 secs]
2325.749: [GC [PSYoungGen: 52224K->256K(58880K)] 528073K->476105K(779776K), 0.0112992 secs] [Times: user=0.06 sys=0.00, real=0.01 secs]
2325.749: [GC [PSYoungGen: 52224K->256K(58880K)] 528073K->476105K(779776K), 0.0112992 secs] [Times: user=0.06 sys=0.00, real=0.01 secs]
2325.749: [GC [PSYoungGen: 52224K->256K(58880K)] 528073K->476105K(779776K), 0.0112992 secs] [Times: user=0.06 sys=0.00, real=0.01 secs]
2325.749: [GC [PSYoungGen: 52224K->256K(58880K)] 528073K->476105K(779776K), 0.0112992 secs] [Times: user=0.06 sys=0.00, real=0.01 secs]
2325.749: [GC [PSYoungGen: 52224K->256K(58880K)] 528073K->476105K(779776K), 0.0112992 secs] [Times: user=0.06 sys=0.00, real=0.01 secs]
2325.749: [GC [PSYoungGen: 52224K->256K(58880K)] 528073K->476105K(779776K), 0.0112992 secs] [Times: user=0.06 sys=0.00, real=0.01 secs]
2325.749: [GC [PSYoungGen: 52224K->256K(58880K)] 528073K->476105K(779776K), 0.0112992 secs] [Times: user=0.06 sys=0.00, real=0.01 secs]
2325.749: [GC [PSYoungGen: 52224K->256K(58880K)] 528073K->476105K(779776K), 0.0112992 secs] [Times: user=0.06 sys=0.00, real=0.01 secs]
2325.749: [GC [PSYoungGen: 52224K->256K(58880K)] 528073K->476105K(779776K), 0.0112992 secs] [Times: user=0.06 sys=0.00, real=0.01 secs]
2325.749: [GC [PSYoungGen: 52224K->256K(58880K)] 528073K->476105K(779776K), 0.0112992 secs] [Times: user=0.06 sys=0.00, real=0.01 secs]
2325.749: [GC [PSYoungGen: 52224K->256K(58880K)] 528073K->476105K(779776K), 0.0112992 secs] [Times: user=0.06 sys=0.00, real=0.01 secs]
2325.749: [GC [PSYoungGen: 52224K->256K(58880K)] 528073K->476105K(779776K), 0.0112992 secs] [Times: user=0.06 sys=0.00, real=0.01 secs]
2325.749: [GC [PSYoungGen: 52224K->256K(58880K)] 528073K->476105K(779776K), 0.0112992 secs] [Times: user=0.06 sys=0.00, real=0.01 secs]
2325.749: [GC [PSYoungGen: 52224K->256K(58880K)] 528073K->476105K(779776K), 0.0112992 secs] [Times: user=0.06 sys=0.00, real=0.01 secs]
2325.749: [GC [PSYoungGen: 52224K->256K(58880K)] 528073K->476105K(779776K), 0.0112992 secs] [Times: user=0.06 sys=0.00, real=0.01 secs]
2325.749: [GC [PSYoungGen: 52224K->256K(58880K)] 528073K->476105K(779776K), 0.0112992 secs] [Times: user=0.06 sys=0.00, real=0.01 secs]
2325.749: [GC [PSYoungGen: 52224K->256K(58880K)] 528073K->476105K(779776K), 0.0112992 secs] [Times: user=0.06 sys=0.00, real=0.01 secs]
2325.749: [GC [PSYoungGen: 52224K->256K(58880K)] 528073K->476105K(779776K), 0.0112992 secs] [Times: user=0.06 sys=0.00, real=0.01 secs]
2325.749: [GC [PSYoungGen: 52224K->256K(58880K)] 528073K->476105K(779776K), 0.0112992 secs] [Times: user=0.06 sys=0.00, real=0.01 secs]
2325.749: [GC [PSYoungGen: 52224K->256K(58880K)] 528073K->476105K(779776K), 0.0112992 secs] [Times: user=0.06 sys=0.00, real=0.01 secs]
2325.749: [GC [PSYoungGen: 52224K->256K(58880K)] 528073K->476105K(779776K), 0.0112992 secs] [Times: user=0.06 sys=0.00, real=0.01 secs]
2325.749: [GC [PSYoungGen: 52224K->256K(58880K)] 528073K->476105K(779776K), 0.0112992 secs] [Times: user=0.06 sys=0.00, real=0.01 secs]
2325.749: [GC [PSYoungGen: 52224K->256K(58880K)] 528073K->476105K(779776K), 0.0112992 secs] [Times: user=0.06 sys=0.00, real=0.01 secs]
2325.749: [GC [PSYoungGen: 52224K->256K(58880K)] 528073K->476105K(779776K), 0.0112992 secs] [Times: user=0.06 sys=0.00, real=0.01 secs]
2325.749: [GC [PSYoungGen: 52224K->256K(58880K)] 528073K->476105K(779776K), 0.0112992 secs] [Times: user=0.06 sys=0.00, real=0.01 secs]
2325.749: [GC [PSYoungGen: 52224K->256K(58880K)] 528073K->476105K(779776K), 0.0112992 secs] [Times: user=0.06 sys=0.00, real=0.01 secs]
2325.749: [GC [PSYoungGen: 52224K->256K(58880K)] 528073K->476105K(779776K), 0.0112992 secs] [Times: user=0.06 sys=0.00, real=0.01 secs]
2325.749: [GC [PSYoungGen: 52224K->256K(58880K)] 528073K->476105K(779776K), 0.0112992 secs] [Times: user=0.06 sys=0.00, real=0.01 secs]
2325.749: [GC [PSYoungGen: 52224K->256K(58880K)] 528073K->476105K(779776K), 0.0112992 secs] [Times: user=0.06 sys=0.00, real=0.01 secs]
2325.749: [GC [PSYoungGen: 52224K->256K(58880K)] 528073K->476105K(779776K), 0.0112992 secs] [Times: user=0.06 sys=0.00, real=0.01 secs]
2325.749: [GC [PSYoungGen: 52224K->256K(58880K)] 528073K->476105K(779776K), 0.0112992 secs] [Times: user=0.06 sys=0.00, real=0.01 secs]
2325.749: [GC [PSYoungGen: 52224K->256K(58880K)] 528073K->476105K(779776K), 0.0112992 secs] [Times: user=0.06 sys=0.00, real=0.01 secs]
2325.749: [GC [PSYoungGen: 52224K->256K(58880K)] 528073K->476105K(779776K), 0.0112992 secs] [Times: user=0.06 sys=0.00, real=0.01 secs]
2325.749: [GC [PSYoungGen: 52224K->256K(58880K)] 528073K->476105K(779776K), 0.0112992 secs] [Times: user=0.06 sys=0.00, real=0.01 secs]
2325.749: [GC [PSYoungGen: 52224K->256K(58880K)] 528073K->476105K(779776K), 0.0112992 secs] [Times: user=0.06 sys=0.00, real=0.01 secs]
2325.749: [GC [PSYoungGen: 52224K->256K(58880K)] 528073K->476105K(779776K), 0.0112992 secs] [Times: user=0.06 sys=0.00, real=0.01 secs]
2325.749: [GC [PSYoungGen: 52224K->256K(58880K)] 528073K->476105K(779776K), 0.0112992 secs] [Times: user=0.06 sys=0.00, real=0.01 secs]
2325.749: [GC [PSYoungGen: 52224K->256K(58880K)] 528073K->476105K(779776K), 0.0112992 secs] [Times: user=0.06 sys=0.00, real=0.01 secs]
2325.749: [GC [PSYoungGen: 52224K->256K(58880K)] 528073K->476105K(779776K), 0.0112992 secs] [Times: user=0.06 sys=0.00, real=0.01 secs]
2325.749: [GC [PSYoungGen: 52224K->256K(58880K)] 528073K->476105K(779776K), 0.0112992 secs] [Times: user=0.06 sys=0.00, real=0.01 secs]
2325.749: [GC [PSYoungGen: 52224K->256K(58880K)] 528073K->476105K(779776K), 0.0112992 secs] [Times: user=0.06 sys=0.00, real=0.01 secs]
2325.749: [GC [PSYoungGen: 52224K->256K(58880K)] 528073K->476105K(779776K), 0.0112992 secs] [Times: user=0.06 sys=0.00, real=0.01 secs]
2325.749: [GC [PSYoungGen: 52224K->256K(58880K)] 528073K->476105K(779776K), 0.0112992 secs] [Times: user=0.06 sys=0.00, real=0.01 secs]
2325.749: [GC [PSYoungGen: 52224K->256K(58880K)] 528073K->476105K(779776K), 0.0112992 secs] [Times: user=0.06 sys=0.00, real=0.01 secs]
2325.749: [GC [PSYoungGen: 52224K->256K(58880K)] 528073K->476105K(779776K), 0.0112992 secs] [Times: user=0.06 sys=0.00, real=0.01 secs]
2325.749: [GC [PSYoungGen: 52224K->256K(58880K)] 528073K->476105K(779776K), 0.0112992 secs] [Times: user=0.06 sys=0.00, real=0.01 secs]
2325.749: [GC [PSYoungGen: 52224K->256K(58880K)] 528073K->476105K(779776K), 0.0112992 secs] [Times: user=0.06 sys=0.00, real=0.01 secs]
2325.749: [GC [PSYoungGen: 52224K->256K(58880K)] 528073K->476105K(779776K), 0.0112992 secs] [Times: user=0.06 sys=0.00, real=0.01 secs]
2325.749: [GC [PSYoungGen: 52224K->256K(58880K)] 528073K->476105K(779776K), 0.0112992 secs] [Times: user=0.06 sys=0.00, real=0.01 secs]
2325.749: [GC [PSYoungGen: 52224K->256K(58880K)] 528073K->476105K(779776K), 0.0112992 secs] [Times: user=0.06 sys=0.00, real=0.01 secs]
2325.749: [GC [PSYoungGen: 52224K->256K(58880K)] 528073K->476105K(779776K), 0.0112992 secs] [Times: user=0.06 sys=0.00, real=0.01 secs]
2325.749: [GC [PSYoungGen: 52224K->256K(58880K)] 528073K->476105K(779776K), 0.0112992 secs] [Times: user=0.06 sys=0.00, real=0.01 secs]
2325.749: [GC [PSYoungGen: 52224K->256K(58880K)] 528073K->476105K(779776K), 0.0112992 secs] [Times: user=0.06 sys=0.00, real=0.01 secs]
2325.749: [GC [PSYoungGen: 52224K->256K(58880K)] 528073K->476105K(779776K), 0.0112992 secs] [Times: user=0.06 sys=0.00, real=0.01 secs]
2325.749: [GC [PSYoungGen: 52224K->256K(58880K)] 528073K->476105K(779776K), 0.0112992 secs] [Times: user=0.06 sys=0.00, real=0.01 secs]
2325.749: [GC [PSYoungGen: 52224K->256K(58880K)] 528073K->476105K(779776K), 0.0112992 secs] [Times: user=0.06 sys=0.00, real=0.01 secs]
2325.749: [GC [PSYoungGen: 52224K->256K(58880K)] 528073K->476105K(779776K), 0.0112992 secs] [Times: user=0.06 sys=0.00, real=0.01 secs]
2325.749: [GC [PSYoungGen: 52224K->256K(58880K)] 528073K->476105K(779776K), 0.0112992 secs] [Times: user=0.06 sys=0.00, real=0.01 secs]
2325.749: [GC [PSYoungGen: 52224K->256K(58880K)] 528073K->476105K(779776K), 0.0112992 secs] [Times: user=0.06 sys=0.00, real=0.01 secs]
2325.749: [GC [PSYoungGen: 52224K->256K(58880K)] 528073K->476105K(779776K), 0.0112992 secs] [Times: user=0.06 sys=0.00, real=0.01 secs]
2325.749: [GC [PSYoungGen: 52224K->256K(58880K)] 528073K->476105K(779776K), 0.0112992 secs] [Times: user=0.06 sys=0.00, real=0.01 secs]
2325.749: [GC [PSYoungGen: 52224K->256K(58880K)] 528073K->476105K(779776K), 0.0112992 secs] [Times: user=0.06 sys=0.00, real=0.01 secs]
2325.749: [GC [PSYoungGen: 52224K->256K(58880K)] 528073K->476105K(779776K), 0.0112992 secs] [Times: user=0.06 sys=0.00, real=0.01 secs]
2325.749: [GC [PSYoungGen: 52224K->256K(58880K)] 528073K->476105K(779776K), 0.0112992 secs] [Times: user=0.06 sys=0.00, real=0.01 secs]
2325.749: [GC [PSYoungGen: 52224K->256K(58880K)] 528073K->476105K(779776K), 0.0112992 secs] [Times: user=0.06 sys=0.00, real=0.01 secs]
2325.749: [GC [PSYoungGen: 52224K->256K(58880K)] 528073K->476105K(779776K), 0.0112992 secs] [Times: user=0.06 sys=0.00, real=0.01 secs]
2325.749: [GC [PSYoungGen: 52224K->256K(58880K)] 528073K->476105K(779776K), 0.0112992 secs] [Times: user=0.06 sys=0.00, real=0.01 secs]
2325.749: [GC [PSYoungGen: 52224K->256K(58880K)] 528073K->476105K(779776K), 0.0112992 secs] [Times: user=0.06 sys=0.00, real=0.01 secs]
2325.749: [GC [PSYoungGen: 52224K->256K(58880K)] 528073K->476105K(779776K), 0.0112992 secs] [Times: user=0.06 sys=0.00, real=0.01 secs]
2325.749: [GC [PSYoungGen: 52224K->256K(58880K)] 528073K->476105K(779776K), 0.0112992 secs] [Times: user=0.06 sys=0.00, real=0.01 secs]
2325.749: [GC [PSYoungGen: 52224K->256K(58880K)] 528073K->476105K(779776K), 0.0112992 secs] [Times: user=0.06 sys=0.00, real=0.01 secs]
2325.749: [GC [PSYoungGen: 52224K->256K(58880K)] 528073K->476105K(779776K), 0.0112992 secs] [Times: user=0.06 sys=0.00, real=0.01 secs]
2325.749: [GC [PSYoungGen: 52224K->256K(58880K)] 528073K->476105K(779776K), 0.0112992 secs] [Times: user=0.06 sys=0.00, real=0.01 secs]
2325.749: [GC [PSYoungGen: 52224K->256K(58880K)] 528073K->476105K(779776K), 0.0112992 secs] [Times: user=0.06 sys=0.00, real=0.01 secs]
2325.749: [GC [PSYoungGen: 52224K->256K(58880K)] 528073K->476105K(779776K), 0.0112992 secs] [Times: user=0.06 sys=0.00, real=0.01 secs]
2325.749: [GC [PSYoungGen: 52224K->256K(58880K)] 528073K->476105K(779776K), 0.0112992 secs] [Times: user=0.06 sys=0.00, real=0.01 secs]
2325.749: [GC [PSYoungGen: 52224K->256K(58880K)] 528073K->476105K(779776K), 0.0112992 secs] [Times: user=0.06 sys=0.00, real=0.01 secs]
2325.749: [GC [PSYoungGen: 52224K->256K(58880K)] 528073K->476105K(779776K), 0.0112992 secs] [Times: user=0.06 sys=0.00, real=0.01 secs]
2325.749: [GC [PSYoungGen: 52224K->256K(58880K)] 528073K->476105K(779776K), 0.0112992 secs] [Times: user=0.06 sys=0.00, real=0.01 secs]
2325.749: [GC [PSYoungGen: 52224K->256K(58880K)] 528073K->476105K(779776K), 0.0112992 secs] [Times: user=0.06 sys=0.00, real=0.01 secs]
2325.749: [GC [PSYoungGen: 52224K->256K(58880K)] 528073K->476105K(779776K), 0.0112992 secs] [Times: user=0.06 sys=0.00, real=0.01 secs]
2325.749: [GC [PSYoungGen: 52224K->256K(58880K)] 528073K->476105K(779776K), 0.0112992 secs] [Times: user=0.06 sys=0.00, real=0.01 secs]
2325.749: [GC [PSYoungGen: 52224K->256K(58880K)] 528073K->476105K(779776K), 0.0112992 secs] [Times: user=0.06 sys=0.00, real=0.01 secs]
2325.749: [GC [PSYoungGen: 52224K->256K(58880K)] 528073K->476105K(779776K), 0.0112992 secs] [Times: user=0.06 sys=0.00, real=0.01 secs]
2325.749: [GC [PSYoungGen: 52224K->256K(58880K)] 528073K->476105K(779776K), 0.0112992 secs] [Times: user=0.06 sys=0.00, real=0.01 secs]
2325.749: [GC [PSYoungGen: 52224K->256K(58880K)] 528073K->476105K(779776K), 0.0112992 secs] [Times: user=0.06 sys=0.00, real=0.01 secs]
2325.749: [GC [PSYoungGen: 52224K->256K(58880K)] 528073K->476105K(779776K), 0.0112992 secs] [Times: user=0.06 sys=0.00, real=0.01 secs]
2325.749: [GC [PSYoungGen: 52224K->256K(58880K)] 528073K->476105K(779776K), 0.0112992 secs] [Times: user=0.06 sys=0.00, real=0.01 secs]
2325.749: [GC [PSYoungGen: 52224K->256K(58880K)] 528073K->476105K(779776K), 0.0112992 secs] [Times: user=0.06 sys=0.00, real=0.01 secs]
2325.749: [GC [PSYoungGen: 52224K->256K(58880K)] 528073K->476105K(779776K), 0.0112992 secs] [Times: user=0.06 sys=0.00, real=0.01 secs]
2325.749: [GC [PSYoungGen: 52224K->256K(58880K)] 528073K->476105K(779776K), 0.0112992 secs] [Times: user=0.06 sys=0.00, real=0.01 secs]
2325.749: [GC [PSYoungGen: 52224K->256K(58880K)] 528073K->476105K(779776K), 0.0112992 secs] [Times: user=0.06 sys=0.00, real=0.01 secs]
2325.749: [GC [PSYoungGen: 52224K->256K(58880K)] 528073K->476105K(779776K), 0.0112992 secs] [Times: user=0.06 sys=0.00, real=0.01 secs]
2325.749: [GC [PSYoungGen: 52224K->256K(58880K)] 528073K->476105K(779776K), 0.0112992 secs] [Times: user=0.06 sys=0.00, real=0.01 secs]
2325.749: [GC [PSYoungGen: 52224K->256K(58880K)] 528073K->476105K(779776K), 0.0112992 secs] [Times: user=0.06 sys=0.00, real=0.01 secs]
2325.749: [GC [PSYoungGen: 52224K->256K(58880K)] 528073K->476105K(779776K), 0.0112992 secs] [Times: user=0.06 sys=0.00, real=0.01 secs]
2325.749: [GC [PSYoungGen: 52224K->256K(58880K)] 528073K->476105K(779776K), 0.0112992 secs] [Times: user=0.06 sys=0.00, real=0.01 secs]
2325.749: [GC [PSYoungGen: 52224K->256K(58880K)] 528073K->476105K(779776K), 0.0112992 secs] [Times: user=0.06 sys=0.00, real=0.01 secs]
2325.749: [GC [PSYoungGen: 52224K->256K(58880K)] 528073K->476105K(779776K), 0.0112992 secs] [Times: user=0.06 sys=0.00, real=0.01 secs]
2325.749: [GC [PSYoungGen: 52224K->256K(58880K)] 528073K->476105K(779776K), 0.0112992 secs] [Times: user=0.06 sys=0.00, real=0.01 secs]
2325.749: [GC [PSYoungGen: 52224K->256K(58880K)] 528073K->476105K(779776K), 0.0112992 secs] [Times: user=0.06 sys=0.00, real=0.01 secs]
2325.749: [GC [PSYoungGen: 52224K->256K(58880K)] 528073K->476105K(779776K), 0.0112992 secs] [Times: user=0.06 sys=0.00, real=0.01 secs]
2325.749: [GC [PSYoungGen: 52224K->256K(58880K)] 528073K->476105K(779776K), 0.0112992 secs] [Times: user=0.06 sys=0.00, real=0.01 secs]
2325.749: [GC [PSYoungGen: 52224K->256K(58880K)] 528073K->476105K(779776K), 0.0112992 secs] [Times: user=0.06 sys=0.00, real=0.01 secs]
2325.749: [GC [PSYoungGen: 52224K->256K(58880K)] 528073K->476105K(779776K), 0.0112992 secs] [Times: user=0.06 sys=0.00, real=0.01 secs]
2325.749: [GC [PSYoungGen: 52224K->256K(58880K)] 528073K->476105K(779776K), 0.0112992 secs] [Times: user=0.06 sys=0.00, real=0.01 secs]
2325.749: [GC [PSYoungGen: 52224K->256K(58880K)] 528073K->476105K(779776K), 0.0112992 secs] [Times: user=0.06 sys=0.00, real=0.01 secs]
2325.749: [GC [PSYoungGen: 52224K->256K(58880K)] 528073K->476105K(779776K), 0.0112992 secs] [Times: user=0.06 sys=0.00, real=0.01 secs]
2325.749: [GC [PSYoungGen: 52224K->256K(58880K)] 528073K->476105K(779776K), 0.0112992 secs] [Times: user=0.06 sys=0.00, real=0.01 secs]
2325.749: [GC [PSYoungGen: 52224K->256K(58880K)] 528073K->476105K(779776K), 0.0112992 secs] [Times: user=0.06 sys=0.00, real=0.01 secs]
2325.749: [GC [PSYoungGen: 52224K->256K(58880K)] 528073K->476105K(779776K), 0.0112992 secs] [Times: user=0.06 sys=0.00, real=0.01 secs]
2325.749: [GC [PSYoungGen: 52224K->256K(58880K)] 528073K->476105K(779776K), 0.0112992 secs] [Times: user=0.06 sys=0.00, real=0.01 secs]
2325.749: [GC [PSYoungGen: 52224K->256K(58880K)] 528073K->476105K(779776K), 0.0112992 secs] [Times: user=0.06 sys=0.00, real=0.01 secs]
2325.749: [GC [PSYoungGen: 52224K->256K(58880K)] 528073K->476105K(779776K), 0.0112992 secs] [Times: user=0.06 sys=0.00, real=0.01 secs]
2325.749: [GC [PSYoungGen: 52224K->256K(58880K)] 528073K->476105K(779776K), 0.0112992 secs] [Times: user=0.06 sys=0.00, real=0.01 secs]
2325.749: [GC [PSYoungGen: 52224K->256K(58880K)] 528073K->476105K(779776K), 0.0112992 secs] [Times: user=0.06 sys=0.00, real=0.01 secs]
2325.749: [GC [PSYoungGen: 52224K->256K(58880K)] 528073K->476105K(779776K), 0.0112992 secs] [Times: user=0.06 sys=0.00, real=0.01 secs]
2325.749: [GC [PSYoungGen: 52224K->256K(58880K)] 528073K->476105K(779776K), 0.0112992 secs] [Times: user=0.06 sys=0.00, real=0.01 secs]
2325.749: [GC [PSYoungGen: 52224K->256K(58880K)] 528073K->476105K(779776K), 0.0112992 secs] [Times: user=0.06 sys=0.00, real=0.01 secs]
2325.749: [GC [PSYoungGen: 52224K->256K(58880K)] 528073K->476105K(779776K), 0.0112992 secs] [Times: user=0.06 sys=0.00, real=0.01 secs]
2325.749: [GC [PSYoungGen: 52224K->256K(58880K)] 528073K->476105K(779776K), 0.0112992 secs] [Times: user=0.06 sys=0.00, real=0.01 secs]
2325.749: [GC [PSYoungGen: 52224K->256K(58880K)] 528073K->476105K(779776K), 0.0112992 secs] [Times: user=0.06 sys=0.00, real=0.01 secs]
2325.749: [GC [PSYoungGen: 52224K->256K(58880K)] 528073K->476105K(779776K), 0.0112992 secs] [Times: user=0.06 sys=0.00, real=0.01 secs]
2325.749: [GC [PSYoungGen: 52224K->256K(58880K)] 528073K->476105K(779776K), 0.0112992 secs] [Times: user=0.06 sys=0.00, real=0.01 secs]
2325.749: [GC [PSYoungGen: 52224K->256K(58880K)] 528073K->476105K(779776K), 0.0112992 secs] [Times: user=0.06 sys=0.00, real=0.01 secs]
2325.749: [GC [PSYoungGen: 52224K->256K(58880K)] 528073K->476105K(779776K), 0.0112992 secs] [Times: user=0.06 sys=0.00, real=0.01 secs]
2325.749: [GC [PSYoungGen: 52224K->256K(58880K)] 528073K->476105K(779776K), 0.0112992 secs] [Times: user=0.06 sys=0.00, real=0.01 secs]
2325.749: [GC [PSYoungGen: 52224K->256K(58880K)] 528073K->476105K(779776K), 0.0112992 secs] [Times: user=0.06 sys=0.00, real=0.01 secs]
2325.749: [GC [PSYoungGen: 52224K->256K(58880K)] 528073K->476105K(779776K), 0.0112992 secs] [Times: user=0.06 sys=0.00, real=0.01 secs]
2325.749: [GC [PSYoungGen: 52224K->256K(58880K)] 528073K->476105K(779776K), 0.0112992 secs] [Times: user=0.06 sys=0.00, real=0.01 secs]
2325.749: [GC [PSYoungGen: 52224K->256K(58880K)] 528073K->476105K(779776K), 0.0112992 secs] [Times: user=0.06 sys=0.00, real=0.01 secs]
2325.749: [GC [PSYoungGen: 52224K->256K(58880K)] 528073K->476105K(779776K), 0.0112992 secs] [Times: user=0.06 sys=0.00, real=0.01 secs]
2325.749: [GC [PSYoungGen: 52224K->256K(58880K)] 528073K->476105K(779776K), 0.0112992 secs] [Times: user=0.06 sys=0.00, real=0.01 secs]
2325.749: [GC [PSYoungGen: 52224K->256K(58880K)] 528073K->476105K(779776K), 0.0112992 secs] [Times: user=0.06 sys=0.00, real=0.01 secs]
2325.749: [GC [PSYoungGen: 52224K->256K(58880K)] 528073K->476105K(779776K), 0.0112992 secs] [Times: user=0.06 sys=0.00, real=0.01 secs]
2325.749: [GC [PSYoungGen: 52224K->256K(58880K)] 528073K->476105K(779776K), 0.0112992 secs] [Times: user=0.06 sys=0.00, real=0.01 secs]
2325.749: [GC [PSYoungGen: 52224K->256K(58880K)] 528073K->476105K(779776K), 0.0112992 secs] [Times: user=0.06 sys=0.00, real=0.01 secs]
2325.749: [GC [PSYoungGen: 52224K->256K(58880K)] 528073K->476105K(779776K), 0.0112992 secs] [Times: user=0.06 sys=0.00, real=0.01 secs]
2325.749: [GC [PSYoungGen: 52224K->256K(58880K)] 528073K->476105K(779776K), 0.0112992 secs] [Times: user=0.06 sys=0.00, real=0.01 secs]
2325.749: [GC [PSYoungGen: 52224K->256K(58880K)] 528073K->476105K(779776K), 0.0112992 secs] [Times: user=0.06 sys=0.00, real=0.01 secs]
2325.749: [GC [PSYoungGen: 52224K->256K(58880K)] 528073K->476105K(779776K), 0.0112992 secs] [Times: user=0.06 sys=0.00, real=0.01 secs]
2325.749: [GC [PSYoungGen: 52224K->256K(58880K)] 528073K->476105K(779776K), 0.0112992 secs] [Times: user=0.06 sys=0.00, real=0.01 secs]
2325.749: [GC [PSYoungGen: 52224K->256K(58880K)] 528073K->476105K(779776K), 0.0112992 secs] [Times: user=0.06 sys=0.00, real=0.01 secs]
2325.749: [GC [PSYoungGen: 52224K->256K(58880K)] 528073K->476105K(779776K), 0.0112992 secs] [Times: user=0.06 sys=0.00, real=0.01 secs]
2325.749: [GC [PSYoungGen: 52224K->256K(58880K)] 528073K->476105K(779776K), 0.0112992 secs] [Times: user=0.06 sys=0.00, real=0.01 secs]
2325.749: [GC [PSYoungGen: 52224K->256K(58880K)] 528073K->476105K(779776K), 0.0112992 secs] [Times: user=0.06 sys=0.00, real=0.01 secs]
2325.749: [GC [PSYoungGen: 52224K->256K(58880K)] 528073K->476105K(779776K), 0.0112992 secs] [Times: user=0.06 sys=0.00, real=0.01 secs]
2325.749: [GC [PSYoungGen: 52224K->256K(58880K)] 528073K->476105K(779776K), 0.0112992 secs] [Times: user=0.06 sys=0.00, real=0.01 secs]
2325.749: [GC [PSYoungGen: 52224K->256K(58880K)] 528073K->476105K(779776K), 0.0112992 secs] [Times: user=0.06 sys=0.00, real=0.01 secs]
2325.749: [GC [PSYoungGen: 52224K->256K(58880K)] 528073K->476105K(779776K), 0.0112992 secs] [Times: user=0.06 sys=0.00, real=0.01 secs]
2325.749: [GC [PSYoungGen: 52224K->256K(58880K)] 528073K->476105K(779776K), 0.0112992 secs] [Times: user=0.06 sys=0.00, real=0.01 secs]
2325.749: [GC [PSYoungGen: 52224K->256K(58880K)] 528073K->476105K(779776K), 0.0112992 secs] [Times: user=0.06 sys=0.00, real=0.01 secs]
2325.749: [GC [PSYoungGen: 52224K->256K(58880K)] 528073K->476105K(779776K), 0.0112992 secs] [Times: user=0.06 sys=0.00, real=0.01 secs]
2325.749: [GC [PSYoungGen: 52224K->256K(58880K)] 528073K->476105K(779776K), 0.0112992 secs] [Times: user=0.06 sys=0.00, real=0.01 secs]
2325.749: [GC [PSYoungGen: 52224K->256K(58880K)] 528073K->476105K(779776K), 0.0112992 secs] [Times: user=0.06 sys=0.00, real=0.01 secs]
2325.749: [GC [PSYoungGen: 52224K->256K(58880K)] 528073K->476105K(779776K), 0.0112992 secs] [Times: user=0.06 sys=0.00, real=0.01 secs]
2325.749: [GC [PSYoungGen: 52224K->256K(58880K)] 528073K->476105K(779776K), 0.0112992 secs] [Times: user=0.06 sys=0.00, real=0.01 secs]
2325.749: [GC [PSYoungGen: 52224K->256K(58880K)] 528073K->476105K(779776K), 0.0112992 secs] [Times: user=0.06 sys=0.00, real=0.01 secs]
2325.749: [GC [PSYoungGen: 52224K->256K(58880K)] 528073K->476105K(779776K), 0.0112992 secs] [Times: user=0.06 sys=0.00, real=0.01 secs]
2325.749: [GC [PSYoungGen: 52224K->256K(58880K)] 528073K->476105K(779776K), 0.0112992 secs] [Times: user=0.06 sys=0.00, real=0.01 secs]
2325.749: [GC [PSYoungGen: 52224K->256K(58880K)] 528073K->476105K(779776K), 0.0112992 secs] [Times: user=0.06 sys=0.00, real=0.01 secs]
2325.749: [GC [PSYoungGen: 52224K->256K(58880K)] 528073K->476105K(779776K), 0.0112992 secs] [Times: user=0.06 sys=0.00, real=0.01 secs]
2325.749: [GC [PSYoungGen: 52224K->256K(58880K)] 528073K->476105K(779776K), 0.0112992 secs] [Times: user=0.06 sys=0.00, real=0.01 secs]
2325.749: [GC [PSYoungGen: 52224K->256K(58880K)] 528073K->476105K(779776K), 0.0112992 secs] [Times: user=0.06 sys=0.00, real=0.01 secs]
2325.749: [GC [PSYoungGen: 52224K->256K(58880K)] 528073K->476105K(779776K), 0.0112992 secs] [Times: user=0.06 sys=0.00, real=0.01 secs]
2325.749: [GC [PSYoungGen: 52224K->256K(58880K)] 528073K->476105K(779776K), 0.0112992 secs] [Times: user=0.06 sys=0.00, real=0.01 secs]
2325.749: [GC [PSYoungGen: 52224K->256K(58880K)] 528073K->476105K(779776K), 0.0112992 secs] [Times: user=0.06 sys=0.00, real=0.01 secs]
2325.749: [GC [PSYoungGen: 52224K->256K(58880K)] 528073K->476105K(779776K), 0.0112992 secs] [Times: user=0.06 sys=0.00, real=0.01 secs]
2325.749: [GC [PSYoungGen: 52224K->256K(58880K)] 528073K->476105K(779776K), 0.0112992 secs] [Times: user=0.06 sys=0.00, real=0.01 secs]
2325.749: [GC [PSYoungGen: 52224K->256K(58880K)] 528073K->476105K(779776K), 0.0112992 secs] [Times: user=0.06 sys=0.00, real=0.01 secs]
2325.749: [GC [PSYoungGen: 52224K->256K(58880K)] 528073K->476105K(779776K), 0.0112992 secs] [Times: user=0.06 sys=0.00, real=0.01 secs]
2325.749: [GC [PSYoungGen: 52224K->256K(58880K)] 528073K->476105K(779776K), 0.0112992 secs] [Times: user=0.06 sys=0.00, real=0.01 secs]
2325.749: [GC [PSYoungGen: 52224K->256K(58880K)] 528073K->476105K(779776K), 0.0112992 secs] [Times: user=0.06 sys=0.00, real=0.01 secs]
2325.749: [GC [PSYoungGen: 52224K->256K(58880K)] 528073K->476105K(779776K), 0.0112992 secs] [Times: user=0.06 sys=0.00, real=0.01 secs]
2325.749: [GC [PSYoungGen: 52224K->256K(58880K)] 528073K->476105K(779776K), 0.0112992 secs] [Times: user=0.06 sys=0.00, real=0.01 secs]
2325.749: [GC [PSYoungGen: 52224K->256K(58880K)] 528073K->476105K(779776K), 0.0112992 secs] [Times: user=0.06 sys=0.00, real=0.01 secs]
2325.749: [GC [PSYoungGen: 52224K->256K(58880K)] 528073K->476105K(779776K), 0.0112992 secs] [Times: user=0.06 sys=0.00, real=0.01 secs]
2325.749: [GC [PSYoungGen: 52224K->256K(58880K)] 528073K->476105K(779776K), 0.0112992 secs] [Times: user=0.06 sys=0.00, real=0.01 secs]
2325.749: [GC [PSYoungGen: 52224K->256K(58880K)] 528073K->476105K(779776K), 0.0112992 secs] [Times: user=0.06 sys=0.00, real=0.01 secs]
2325.749: [GC [PSYoungGen: 52224K->256K(58880K)] 528073K->476105K(779776K), 0.0112992 secs] [Times: user=0.06 sys=0.00, real=0.01 secs]
2325.749: [GC [PSYoungGen: 52224K->256K(58880K)] 528073K->476105K(779776K), 0.0112992 secs] [Times: user=0.06 sys=0.00, real=0.01 secs]
2325.749: [GC [PSYoungGen: 52224K->256K(58880K)] 528073K->476105K(779776K), 0.0112992 secs] [Times: user=0.06 sys=0.00, real=0.01 secs]
2325.749: [GC [PSYoungGen: 52224K->256K(58880K)] 528073K->476105K(779776K), 0.0112992 secs] [Times: user=0.06 sys=0.00, real=0.01 secs]
2325.749: [GC [PSYoungGen: 52224K->256K(58880K)] 528073K->476105K(779776K), 0.0112992 secs] [Times: user=0.06 sys=0.00, real=0.01 secs]
2325.749: [GC [PSYoungGen: 52224K->256K(58880K)] 528073K->476105K(779776K), 0.0112992 secs] [Times: user=0.06 sys=0.00, real=0.01 secs]
2325.749: [GC [PSYoungGen: 52224K->256K(58880K)] 528073K->476105K(779776K), 0.0112992 secs] [Times: user=0.06 sys=0.00, real=0.01 secs]
2325.749: [GC [PSYoungGen: 52224K->256K(58880K)] 528073K->476105K(779776K), 0.0112992 secs] [Times: user=0.06 sys=0.00, real=0.01 secs]
2325.749: [GC [PSYoungGen: 52224K->256K(58880K)] 528073K->476105K(779776K), 0.0112992 secs] [Times: user=0.06 sys=0.00, real=0.01 secs]
2325.749: [GC [PSYoungGen: 52224K->256K(58880K)] 528073K->476105K(779776K), 0.0112992 secs] [Times: user=0.06 sys=0.00, real=0.01 secs]
2325.749: [GC [PSYoungGen: 52224K->256K(58880K)] 528073K->476105K(779776K), 0.0112992 secs] [Times: user=0.06 sys=0.00, real=0.01 secs]
2325.749: [GC [PSYoungGen: 52224K->256K(58880K)] 528073K->476105K(779776K), 0.0112992 secs] [Times: user=0.06 sys=0.00, real=0.01 secs]
2325.749: [GC [PSYoungGen: 52224K->256K(58880K)] 528073K->476105K(779776K), 0.0112992 secs] [Times: user=0.06 sys=0.00, real=0.01 secs]
2325.749: [GC [PSYoungGen: 52224K->256K(58880K)] 528073K->476105K(779776K), 0.0112992 secs] [Times: user=0.06 sys=0.00, real=0.01 secs]
2325.749: [GC [PSYoungGen: 52224K->256K(58880K)] 528073K->476105K(779776K), 0.0112992 secs] [Times: user=0.06 sys=0.00, real=0.01 secs]
2325.749: [GC [PSYoungGen: 52224K->256K(58880K)] 528073K->476105K(779776K), 0.0112992 secs] [Times: user=0.06 sys=0.00, real=0.01 secs]
2325.749: [GC [PSYoungGen: 52224K->256K(58880K)] 528073K->476105K(779776K), 0.0112992 secs] [Times: user=0.06 sys=0.00, real=0.01 secs]
2325.749: [GC [PSYoungGen: 52224K->256K(58880K)] 528073K->476105K(779776K), 0.0112992 secs] [Times: user=0.06 sys=0.00, real=0.01 secs]
2325.749: [GC [PSYoungGen: 52224K->256K(58880K)] 528073K->476105K(779776K), 0.0112992 secs] [Times: user=0.06 sys=0.00, real=0.01 secs]
2325.749: [GC [PSYoungGen: 52224K->256K(58880K)] 528073K->476105K(779776K), 0.0112992 secs] [Times: user=0.06 sys=0.00, real=0.01 secs]
2325.749: [GC [PSYoungGen: 52224K->256K(58880K)] 528073K->476105K(779776K), 0.0112992 secs] [Times: user=0.06 sys=0.00, real=0.01 secs]
2325.749: [GC [PSYoungGen: 52224K->256K(58880K)] 528073K->476105K(779776K), 0.0112992 secs] [Times: user=0.06 sys=0.00, real=0.01 secs]
2325.749: [GC [PSYoungGen: 52224K->256K(58880K)] 528073K->476105K(779776K), 0.0112992 secs] [Times: user=0.06 sys=0.00, real=0.01 secs]
2325.749: [GC [PSYoungGen: 52224K->256K(58880K)] 528073K->476105K(779776K), 0.0112992 secs] [Times: user=0.06 sys=0.00, real=0.01 secs]
2325.749: [GC [PSYoungGen: 52224K->256K(58880K)] 528073K->476105K(779776K), 0.0112992 secs] [Times: user=0.06 sys=0.00, real=0.01 secs]
2325.749: [GC [PSYoungGen: 52224K->256K(58880K)] 528073K->476105K(779776K), 0.0112992 secs] [Times: user=0.06 sys=0.00, real=0.01 secs]
2325.749: [GC [PSYoungGen: 52224K->256K(58880K)] 528073K->476105K(779776K), 0.0112992 secs] [Times: user=0.06 sys=0.00, real=0.01 secs]
2325.749: [GC [PSYoungGen: 52224K->256K(58880K)] 528073K->476105K(779776K), 0.0112992 secs] [Times: user=0.06 sys=0.00, real=0.01 secs]
2325.749: [GC [PSYoungGen: 52224K->256K(58880K)] 528073K->476105K(779776K), 0.0112992 secs] [Times: user=0.06 sys=0.00, real=0.01 secs]
2325.749: [GC [PSYoungGen: 52224K->256K(58880K)] 528073K->476105K(779776K), 0.0112992 secs] [Times: user=0.06 sys=0.00, real=0.01 secs]
2325.749: [GC [PSYoungGen: 52224K->256K(58880K)] 528073K->476105K(779776K), 0.0112992 secs] [Times: user=0.06 sys=0.00, real=0.01 secs]
2325.749: [GC [PSYoungGen: 52224K->256K(58880K)] 528073K->476105K(779776K), 0.0112992 secs] [Times: user=0.06 sys=0.00, real=0.01 secs]
2325.749: [GC [PSYoungGen: 52224K->256K(58880K)] 528073K->476105K(779776K), 0.0112992 secs] [Times: user=0.06 sys=0.00, real=0.01 secs]
2325.749: [GC [PSYoungGen: 52224K->256K(58880K)] 528073K->476105K(779776K), 0.0112992 secs] [Times: user=0.06 sys=0.00, real=0.01 secs]
2325.749: [GC [PSYoungGen: 52224K->256K(58880K)] 528073K->476105K(779776K), 0.0112992 secs] [Times: user=0.06 sys=0.00, real=0.01 secs]
2325.749: [GC [PSYoungGen: 52224K->256K(58880K)] 528073K->476105K(779776K), 0.0112992 secs] [Times: user=0.06 sys=0.00, real=0.01 secs]
2325.749: [GC [PSYoungGen: 52224K->256K(58880K)] 528073K->476105K(779776K), 0.0112992 secs] [Times: user=0.06 sys=0.00, real=0.01 secs]
2325.749: [GC [PSYoungGen: 52224K->256K(58880K)] 528073K->476105K(779776K), 0.0112992 secs] [Times: user=0.06 sys=0.00, real=0.01 secs]
2325.749: [GC [PSYoungGen: 52224K->256K(58880K)] 528073K->476105K(779776K), 0.0112992 secs] [Times: user=0.06 sys=0.00, real=0.01 secs]
2325.749: [GC [PSYoungGen: 52224K->256K(58880K)] 528073K->476105K(779776K), 0.0112992 secs] [Times: user=0.06 sys=0.00, real=0.01 secs]
2325.749: [GC [PSYoungGen: 52224K->256K(58880K)] 528073K->476105K(779776K), 0.0112992 secs] [Times: user=0.06 sys=0.00, real=0.01 secs]
2325.749: [GC [PSYoungGen: 52224K->256K(58880K)] 528073K->476105K(779776K), 0.0112992 secs] [Times: user=0.06 sys=0.00, real=0.01 secs]
2325.749: [GC [PSYoungGen: 52224K->256K(58880K)] 528073K->476105K(779776K), 0.0112992 secs] [Times: user=0.06 sys=0.00, real=0.01 secs]
2325.749: [GC [PSYoungGen: 52224K->256K(58880K)] 528073K->476105K(779776K), 0.0112992 secs] [Times: user=0.06 sys=0.00, real=0.01 secs]
2325.749: [GC [PSYoungGen: 52224K->256K(58880K)] 528073K->476105K(779776K), 0.0112992 secs] [Times: user=0.06 sys=0.00, real=0.01 secs]
2325.749: [GC [PSYoungGen: 52224K->256K(58880K)] 528073K->476105K(779776K), 0.0112992 secs] [Times: user=0.06 sys=0.00, real=0.01 secs]
2325.749: [GC [PSYoungGen: 52224K->256K(58880K)] 528073K->476105K(779776K), 0.0112992 secs] [Times: user=0.06 sys=0.00, real=0.01 secs]
2325.749: [GC [PSYoungGen: 52224K->256K(58880K)] 528073K->476105K(779776K), 0.0112992 secs] [Times: user=0.06 sys=0.00, real=0.01 secs]
2325.749: [GC [PSYoungGen: 52224K->256K(58880K)] 528073K->476105K(779776K), 0.0112992 secs] [Times: user=0.06 sys=0.00, real=0.01 secs]
2325.749: [GC [PSYoungGen: 52224K->256K(58880K)] 528073K->476105K(779776K), 0.0112992 secs] [Times: user=0.06 sys=0.00, real=0.01 secs]
2325.749: [GC [PSYoungGen: 52224K->256K(58880K)] 528073K->476105K(779776K), 0.0112992 secs] [Times: user=0.06 sys=0.00, real=0.01 secs]
2325.749: [GC [PSYoungGen: 52224K->256K(58880K)] 528073K->476105K(779776K), 0.0112992 secs] [Times: user=0.06 sys=0.00, real=0.01 secs]
2325.749: [GC [PSYoungGen: 52224K->256K(58880K)] 528073K->476105K(779776K), 0.0112992 secs] [Times: user=0.06 sys=0.00, real=0.01 secs]
2325.749: [GC [PSYoungGen: 52224K->256K(58880K)] 528073K->476105K(779776K), 0.0112992 secs] [Times: user=0.06 sys=0.00, real=0.01 secs]
2325.749: [GC [PSYoungGen: 52224K->256K(58880K)] 528073K->476105K(779776K), 0.0112992 secs] [Times: user=0.06 sys=0.00, real=0.01 secs]
2325.749: [GC [PSYoungGen: 52224K->256K(58880K)] 528073K->476105K(779776K), 0.0112992 secs] [Times: user=0.06 sys=0.00, real=0.01 secs]
2325.749: [GC [PSYoungGen: 52224K->256K(58880K)] 528073K->476105K(779776K), 0.0112992 secs] [Times: user=0.06 sys=0.00, real=0.01 secs]
2325.749: [GC [PSYoungGen: 52224K->256K(58880K)] 528073K->476105K(779776K), 0.0112992 secs] [Times: user=0.06 sys=0.00, real=0.01 secs]
2325.749: [GC [PSYoungGen: 52224K->256K(58880K)] 528073K->476105K(779776K), 0.0112992 secs] [Times: user=0.06 sys=0.00, real=0.01 secs]
2325.749: [GC [PSYoungGen: 52224K->256K(58880K)] 528073K->476105K(779776K), 0.0112992 secs] [Times: user=0.06 sys=0.00, real=0.01 secs]
2325.749: [GC [PSYoungGen: 52224K->256K(58880K)] 528073K->476105K(779776K), 0.0112992 secs] [Times: user=0.06 sys=0.00, real=0.01 secs]
2325.749: [GC [PSYoungGen: 52224K->256K(58880K)] 528073K->476105K(779776K), 0.0112992 secs] [Times: user=0.06 sys=0.00, real=0.01 secs]
2325.749: [GC [PSYoungGen: 52224K->256K(58880K)] 528073K->476105K(779776K), 0.0112992 secs] [Times: user=0.06 sys=0.00, real=0.01 secs]
2325.749: [GC [PSYoungGen: 52224K->256K(58880K)] 528073K->476105K(779776K), 0.0112992 secs] [Times: user=0.06 sys=0.00, real=0.01 secs]
2325.749: [GC [PSYoungGen: 52224K->256K(58880K)] 528073K->476105K(779776K), 0.0112992 secs] [Times: user=0.06 sys=0.00, real=0.01 secs]
2325.749: [GC [PSYoungGen: 52224K->256K(58880K)] 528073K->476105K(779776K), 0.0112992 secs] [Times: user=0.06 sys=0.00, real=0.01 secs]
2325.749: [GC [PSYoungGen: 52224K->256K(58880K)] 528073K->476105K(779776K), 0.0112992 secs] [Times: user=0.06 sys=0.00, real=0.01 secs]
2325.749: [GC [PSYoungGen: 52224K->256K(58880K)] 528073K->476105K(779776K), 0.0112992 secs] [Times: user=0.06 sys=0.00, real=0.01 secs]
2325.749: [GC [PSYoungGen: 52224K->256K(58880K)] 528073K->476105K(779776K), 0.0112992 secs] [Times: user=0.06 sys=0.00, real=0.01 secs]
2325.749: [GC [PSYoungGen: 52224K->256K(58880K)] 528073K->476105K(779776K), 0.0112992 secs] [Times: user=0.06 sys=0.00, real=0.01 secs]
2325.749: [GC [PSYoungGen: 52224K->256K(58880K)] 528073K->476105K(779776K), 0.0112992 secs] [Times: user=0.06 sys=0.00, real=0.01 secs]
2325.749: [GC [PSYoungGen: 52224K->256K(58880K)] 528073K->476105K(779776K), 0.0112992 secs] [Times: user=0.06 sys=0.00, real=0.01 secs]
2325.749: [GC [PSYoungGen: 52224K->256K(58880K)] 528073K->476105K(779776K), 0.0112992 secs] [Times: user=0.06 sys=0.00, real=0.01 secs]
2325.749: [GC [PSYoungGen: 52224K->256K(58880K)] 528073K->476105K(779776K), 0.0112992 secs] [Times: user=0.06 sys=0.00, real=0.01 secs]
2325.749: [GC [PSYoungGen: 52224K->256K(58880K)] 528073K->476105K(779776K), 0.0112992 secs] [Times: user=0.06 sys=0.00, real=0.01 secs]
2325.749: [GC [PSYoungGen: 52224K->256K(58880K)] 528073K->476105K(779776K), 0.0112992 secs] [Times: user=0.06 sys=0.00, real=0.01 secs]
2325.749: [GC [PSYoungGen: 52224K->256K(58880K)] 528073K->476105K(779776K), 0.0112992 secs] [Times: user=0.06 sys=0.00, real=0.01 secs]
2325.749: [GC [PSYoungGen: 52224K->256K(58880K)] 528073K->476105K(779776K), 0.0112992 secs] [Times: user=0.06 sys=0.00, real=0.01 secs]
2325.749: [GC [PSYoungGen: 52224K->256K(58880K)] 528073K->476105K(779776K), 0.0112992 secs] [Times: user=0.06 sys=0.00, real=0.01 secs]
2325.749: [GC [PSYoungGen: 52224K->256K(58880K)] 528073K->476105K(779776K), 0.0112992 secs] [Times: user=0.06 sys=0.00, real=0.01 secs]
2325.749: [GC [PSYoungGen: 52224K->256K(58880K)] 528073K->476105K(779776K), 0.0112992 secs] [Times: user=0.06 sys=0.00, real=0.01 secs]
2325.749: [GC [PSYoungGen: 52224K->256K(58880K)] 528073K->476105K(779776K), 0.0112992 secs] [Times: user=0.06 sys=0.00, real=0.01 secs]
2325.749: [GC [PSYoungGen: 52224K->256K(58880K)] 528073K->476105K(779776K), 0.0112992 secs] [Times: user=0.06 sys=0.00, real=0.01 secs]
2325.749: [GC [PSYoungGen: 52224K->256K(58880K)] 528073K->476105K(779776K), 0.0112992 secs] [Times: user=0.06 sys=0.00, real=0.01 secs]
2325.749: [GC [PSYoungGen: 52224K->256K(58880K)] 528073K->476105K(779776K), 0.0112992 secs] [Times: user=0.06 sys=0.00, real=0.01 secs]
2325.749: [GC [PSYoungGen: 52224K->256K(58880K)] 528073K->476105K(779776K), 0.0112992 secs] [Times: user=0.06 sys=0.00, real=0.01 secs]
2325.749: [GC [PSYoungGen: 52224K->256K(58880K)] 528073K->476105K(779776K), 0.0112992 secs] [Times: user=0.06 sys=0.00, real=0.01 secs]
2325.749: [GC [PSYoungGen: 52224K->256K(58880K)] 528073K->476105K(779776K), 0.0112992 secs] [Times: user=0.06 sys=0.00, real=0.01 secs]
2325.749: [GC [PSYoungGen: 52224K->256K(58880K)] 528073K->476105K(779776K), 0.0112992 secs] [Times: user=0.06 sys=0.00, real=0.01 secs]
2325.749: [GC [PSYoungGen: 52224K->256K(58880K)] 528073K->476105K(779776K), 0.0112992 secs] [Times: user=0.06 sys=0.00, real=0.01 secs]
2325.749: [GC [PSYoungGen: 52224K->256K(58880K)] 528073K->476105K(779776K), 0.0112992 secs] [Times: user=0.06 sys=0.00, real=0.01 secs]
2325.749: [GC [PSYoungGen: 52224K->256K(58880K)] 528073K->476105K(779776K), 0.0112992 secs] [Times: user=0.06 sys=0.00, real=0.01 secs]
2325.749: [GC [PSYoungGen: 52224K->256K(58880K)] 528073K->476105K(779776K), 0.0112992 secs] [Times: user=0.06 sys=0.00, real=0.01 secs]
2325.749: [GC [PSYoungGen: 52224K->256K(58880K)] 528073K->476105K(779776K), 0.0112992 secs] [Times: user=0.06 sys=0.00, real=0.01 secs]
2325.749: [GC [PSYoungGen: 52224K->256K(58880K)] 528073K->476105K(779776K), 0.0112992 secs] [Times: user=0.06 sys=0.00, real=0.01 secs]
2325.749: [GC [PSYoungGen: 52224K->256K(58880K)] 528073K->476105K(779776K), 0.0112992 secs] [Times: user=0.06 sys=0.00, real=0.01 secs]
2325.749: [GC [PSYoungGen: 52224K->256K(58880K)] 528073K->476105K(779776K), 0.0112992 secs] [Times: user=0.06 sys=0.00, real=0.01 secs]
2325.749: [GC [PSYoungGen: 52224K->256K(58880K)] 528073K->476105K(779776K), 0.0112992 secs] [Times: user=0.06 sys=0.00, real=0.01 secs]
2325.749: [GC [PSYoungGen: 52224K->256K(58880K)] 528073K->476105K(779776K), 0.0112992 secs] [Times: user=0.06 sys=0.00, real=0.01 secs]
2325.749: [GC [PSYoungGen: 52224K->256K(58880K)] 528073K->476105K(779776K), 0.0112992 secs] [Times: user=0.06 sys=0.00, real=0.01 secs]
2325.749: [GC [PSYoungGen: 52224K->256K(58880K)] 528073K->476105K(779776K), 0.0112992 secs] [Times: user=0.06 sys=0.00, real=0.01 secs]
2325.749: [GC [PSYoungGen: 52224K->256K(58880K)] 528073K->476105K(779776K), 0.0112992 secs] [Times: user=0.06 sys=0.00, real=0.01 secs]
2325.749: [GC [PSYoungGen: 52224K->256K(58880K)] 528073K->476105K(779776K), 0.0112992 secs] [Times: user=0.06 sys=0.00, real=0.01 secs]
2325.749: [GC [PSYoungGen: 52224K->256K(58880K)] 528073K->476105K(779776K), 0.0112992 secs] [Times: user=0.06 sys=0.00, real=0.01 secs]
2325.749: [GC [PSYoungGen: 52224K->256K(58880K)] 528073K->476105K(779776K), 0.0112992 secs] [Times: user=0.06 sys=0.00, real=0.01 secs]
2325.749: [GC [PSYoungGen: 52224K->256K(58880K)] 528073K->476105K(779776K), 0.0112992 secs] [Times: user=0.06 sys=0.00, real=0.01 secs]
2325.749: [GC [PSYoungGen: 52224K->256K(58880K)] 528073K->476105K(779776K), 0.0112992 secs] [Times: user=0.06 sys=0.00, real=0.01 secs]
2325.749: [GC [PSYoungGen: 52224K->256K(58880K)] 528073K->476105K(779776K), 0.0112992 secs] [Times: user=0.06 sys=0.00, real=0.01 secs]
2325.749: [GC [PSYoungGen: 52224K->256K(58880K)] 528073K->476105K(779776K), 0.0112992 secs] [Times: user=0.06 sys=0.00, real=0.01 secs]
2325.749: [GC [PSYoungGen: 52224K->256K(58880K)] 528073K->476105K(779776K), 0.0112992 secs] [Times: user=0.06 sys=0.00, real=0.01 secs]
2325.749: [GC [PSYoungGen: 52224K->256K(58880K)] 528073K->476105K(779776K), 0.0112992 secs] [Times: user=0.06 sys=0.00, real=0.01 secs]
2325.749: [GC [PSYoungGen: 52224K->256K(58880K)] 528073K->476105K(779776K), 0.0112992 secs] [Times: user=0.06 sys=0.00, real=0.01 secs]
2325.749: [GC [PSYoungGen: 52224K->256K(58880K)] 528073K->476105K(779776K), 0.0112992 secs] [Times: user=0.06 sys=0.00, real=0.01 secs]
2325.749: [GC [PSYoungGen: 52224K->256K(58880K)] 528073K->476105K(779776K), 0.0112992 secs] [Times: user=0.06 sys=0.00, real=0.01 secs]
2325.749: [GC [PSYoungGen: 52224K->256K(58880K)] 528073K->476105K(779776K), 0.0112992 secs] [Times: user=0.06 sys=0.00, real=0.01 secs]
2325.749: [GC [PSYoungGen: 52224K->256K(58880K)] 528073K->476105K(779776K), 0.0112992 secs] [Times: user=0.06 sys=0.00, real=0.01 secs]
2325.749: [GC [PSYoungGen: 52224K->256K(58880K)] 528073K->476105K(779776K), 0.0112992 secs] [Times: user=0.06 sys=0.00, real=0.01 secs]
2325.749: [GC [PSYoungGen: 52224K->256K(58880K)] 528073K->476105K(779776K), 0.0112992 secs] [Times: user=0.06 sys=0.00, real=0.01 secs]
2325.749: [GC [PSYoungGen: 52224K->256K(58880K)] 528073K->476105K(779776K), 0.0112992 secs] [Times: user=0.06 sys=0.00, real=0.01 secs]
2325.749: [GC [PSYoungGen: 52224K->256K(58880K)] 528073K->476105K(779776K), 0.0112992 secs] [Times: user=0.06 sys=0.00, real=0.01 secs]
2325.749: [GC [PSYoungGen: 52224K->256K(58880K)] 528073K->476105K(779776K), 0.0112992 secs] [Times: user=0.06 sys=0.00, real=0.01 secs]
2325.749: [GC [PSYoungGen: 52224K->256K(58880K)] 528073K->476105K(779776K), 0.0112992 secs] [Times: user=0.06 sys=0.00, real=0.01 secs]
2325.749: [GC [PSYoungGen: 52224K->256K(58880K)] 528073K->476105K(779776K), 0.0112992 secs] [Times: user=0.06 sys=0.00, real=0.01 secs]
2325.749: [GC [PSYoungGen: 52224K->256K(58880K)] 528073K->476105K(779776K), 0.0112992 secs] [Times: user=0.06 sys=0.00, real=0.01 secs]
2325.749: [GC [PSYoungGen: 52224K->256K(58880K)] 528073K->476105K(779776K), 0.0112992 secs] [Times: user=0.06 sys=0.00, real=0.01 secs]
2325.749: [GC [PSYoungGen: 52224K->256K(58880K)] 528073K->476105K(779776K), 0.0112992 secs] [Times: user=0.06 sys=0.00, real=0.01 secs]
2325.749: [GC [PSYoungGen: 52224K->256K(58880K)] 528073K->476105K(779776K), 0.0112992 secs] [Times: user=0.06 sys=0.00, real=0.01 secs]
2325.749: [GC [PSYoungGen: 52224K->256K(58880K)] 528073K->476105K(779776K), 0.0112992 secs] [Times: user=0.06 sys=0.00, real=0.01 secs]
2325.749: [GC [PSYoungGen: 52224K->256K(58880K)] 528073K->476105K(779776K), 0.0112992 secs] [Times: user=0.06 sys=0.00, real=0.01 secs]
2325.749: [GC [PSYoungGen: 52224K->256K(58880K)] 528073K->476105K(779776K), 0.0112992 secs] [Times: user=0.06 sys=0.00, real=0.01 secs]
2325.749: [GC [PSYoungGen: 52224K->256K(58880K)] 528073K->476105K(779776K), 0.0112992 secs] [Times: user=0.06 sys=0.00, real=0.01 secs]
2325.749: [GC [PSYoungGen: 52224K->256K(58880K)] 528073K->476105K(779776K), 0.0112992 secs] [Times: user=0.06 sys=0.00, real=0.01 secs]
2325.749: [GC [PSYoungGen: 52224K->256K(58880K)] 528073K->476105K(779776K), 0.0112992 secs] [Times: user=0.06 sys=0.00, real=0.01 secs]
2325.749: [GC [PSYoungGen: 52224K->256K(58880K)] 528073K->476105K(779776K), 0.0112992 secs] [Times: user=0.06 sys=0.00, real=0.01 secs]
2325.749: [GC [PSYoungGen: 52224K->256K(58880K)] 528073K->476105K(779776K), 0.0112992 secs] [Times: user=0.06 sys=0.00, real=0.01 secs]
2325.749: [GC [PSYoungGen: 52224K->256K(58880K)] 528073K->476105K(779776K), 0.0112992 secs] [Times: user=0.06 sys=0.00, real=0.01 secs]
2325.749: [GC [PSYoungGen: 52224K->256K(58880K)] 528073K->476105K(779776K), 0.0112992 secs] [Times: user=0.06 sys=0.00, real=0.01 secs]
2325.749: [GC [PSYoungGen: 52224K->256K(58880K)] 528073K->476105K(779776K), 0.0112992 secs] [Times: user=0.06 sys=0.00, real=0.01 secs]
2325.749: [GC [PSYoungGen: 52224K->256K(58880K)] 528073K->476105K(779776K), 0.0112992 secs] [Times: user=0.06 sys=0.00, real=0.01 secs]
2325.749: [GC [PSYoungGen: 52224K->256K(58880K)] 528073K->476105K(779776K), 0.0112992 secs] [Times: user=0.06 sys=0.00, real=0.01 secs]
2325.749: [GC [PSYoungGen: 52224K->256K(58880K)] 528073K->476105K(779776K), 0.0112992 secs] [Times: user=0.06 sys=0.00, real=0.01 secs]
2325.749: [GC [PSYoungGen: 52224K->256K(58880K)] 528073K->476105K(779776K), 0.0112992 secs] [Times: user=0.06 sys=0.00, real=0.01 secs]
2325.749: [GC [PSYoungGen: 52224K->256K(58880K)] 528073K->476105K(779776K), 0.0112992 secs] [Times: user=0.06 sys=0.00, real=0.01 secs]
2325.749: [GC [PSYoungGen: 52224K->256K(58880K)] 528073K->476105K(779776K), 0.0112992 secs] [Times: user=0.06 sys=0.00, real=0.01 secs]
2325.749: [GC [PSYoungGen: 52224K->256K(58880K)] 528073K->476105K(779776K), 0.0112992 secs] [Times: user=0.06 sys=0.00, real=0.01 secs]
2325.749: [GC [PSYoungGen: 52224K->256K(58880K)] 528073K->476105K(779776K), 0.0112992 secs] [Times: user=0.06 sys=0.00, real=0.01 secs]
2325.749: [GC [PSYoungGen: 52224K->256K(58880K)] 528073K->476105K(779776K), 0.0112992 secs] [Times: user=0.06 sys=0.00, real=0.01 secs]
2325.749: [GC [PSYoungGen: 52224K->256K(58880K)] 528073K->476105K(779776K), 0.0112992 secs] [Times: user=0.06 sys=0.00, real=0.01 secs]
2325.749: [GC [PSYoungGen: 52224K->256K(58880K)] 528073K->476105K(779776K), 0.0112992 secs] [Times: user=0.06 sys=0.00, real=0.01 secs]
2325.749: [GC [PSYoungGen: 52224K->256K(58880K)] 528073K->476105K(779776K), 0.0112992 secs] [Times: user=0.06 sys=0.00, real=0.01 secs]
2325.749: [GC [PSYoungGen: 52224K->256K(58880K)] 528073K->476105K(779776K), 0.0112992 secs] [Times: user=0.06 sys=0.00, real=0.01 secs]
2325.749: [GC [PSYoungGen: 52224K->256K(58880K)] 528073K->476105K(779776K), 0.0112992 secs] [Times: user=0.06 sys=0.00, real=0.01 secs]
2325.749: [GC [PSYoungGen: 52224K->256K(58880K)] 528073K->476105K(779776K), 0.0112992 secs] [Times: user=0.06 sys=0.00, real=0.01 secs]
2325.749: [GC [PSYoungGen: 52224K->256K(58880K)] 528073K->476105K(779776K), 0.0112992 secs] [Times: user=0.06 sys=0.00, real=0.01 secs]
2325.749: [GC [PSYoungGen: 52224K->256K(58880K)] 528073K->476105K(779776K), 0.0112992 secs] [Times: user=0.06 sys=0.00, real=0.01 secs]
2325.749: [GC [PSYoungGen: 52224K->256K(58880K)] 528073K->476105K(779776K), 0.0112992 secs] [Times: user=0.06 sys=0.00, real=0.01 secs]
2325.749: [GC [PSYoungGen: 52224K->256K(58880K)] 528073K->476105K(779776K), 0.0112992 secs] [Times: user=0.06 sys=0.00, real=0.01 secs]
2325.749: [GC [PSYoungGen: 52224K->256K(58880K)] 528073K->476105K(779776K), 0.0112992 secs] [Times: user=0.06 sys=0.00, real=0.01 secs]
2325.749: [GC [PSYoungGen: 52224K->256K(58880K)] 528073K->476105K(779776K), 0.0112992 secs] [Times: user=0.06 sys=0.00, real=0.01 secs]
2325.749: [GC [PSYoungGen: 52224K->256K(58880K)] 528073K->476105K(779776K), 0.0112992 secs] [Times: user=0.06 sys=0.00, real=0.01 secs]
2325.749: [GC [PSYoungGen: 52224K->256K(58880K)] 528073K->476105K(779776K), 0.0112992 secs] [Times: user=0.06 sys=0.00, real=0.01 secs]
2325.749: [GC [PSYoungGen: 52224K->256K(58880K)] 528073K->476105K(779776K), 0.0112992 secs] [Times: user=0.06 sys=0.00, real=0.01 secs]
2325.749: [GC [PSYoungGen: 52224K->256K(58880K)] 528073K->476105K(779776K), 0.0112992 secs] [Times: user=0.06 sys=0.00, real=0.01 secs]
2325.749: [GC [PSYoungGen: 52224K->256K(58880K)] 528073K->476105K(779776K), 0.0112992 secs] [Times: user=0.06 sys=0.00, real=0.01 secs]
2325.749: [GC [PSYoungGen: 52224K->256K(58880K)] 528073K->476105K(779776K), 0.0112992 secs] [Times: user=0.06 sys=0.00, real=0.01 secs]
2325.749: [GC [PSYoungGen: 52224K->256K(58880K)] 528073K->476105K(779776K), 0.0112992 secs] [Times: user=0.06 sys=0.00, real=0.01 secs]
2325.749: [GC [PSYoungGen: 52224K->256K(58880K)] 528073K->476105K(779776K), 0.0112992 secs] [Times: user=0.06 sys=0.00, real=0.01 secs]
2325.749: [GC [PSYoungGen: 52224K->256K(58880K)] 528073K->476105K(779776K), 0.0112992 secs] [Times: user=0.06 sys=0.00, real=0.01 secs]
2325.749: [GC [PSYoungGen: 52224K->256K(58880K)] 528073K->476105K(779776K), 0.0112992 secs] [Times: user=0.06 sys=0.00, real=0.01 secs]
2325.749: [GC [PSYoungGen: 52224K->256K(58880K)] 528073K->476105K(779776K), 0.0112992 secs] [Times: user=0.06 sys=0.00, real=0.01 secs]
2325.749: [GC [PSYoungGen: 52224K->256K(58880K)] 528073K->476105K(779776K), 0.0112992 secs] [Times: user=0.06 sys=0.00, real=0.01 secs]
2325.749: [GC [PSYoungGen: 52224K->256K(58880K)] 528073K->476105K(779776K), 0.0112992 secs] [Times: user=0.06 sys=0.00, real=0.01 secs]
2325.749: [GC [PSYoungGen: 52224K->256K(58880K)] 528073K->476105K(779776K), 0.0112992 secs] [Times: user=0.06 sys=0.00, real=0.01 secs]
2325.749: [GC [PSYoungGen: 52224K->256K(58880K)] 528073K->476105K(779776K), 0.0112992 secs] [Times: user=0.06 sys=0.00, real=0.01 secs]
2325.749: [GC [PSYoungGen: 52224K->256K(58880K)] 528073K->476105K(779776K), 0.0112992 secs] [Times: user=0.06 sys=0.00, real=0.01 secs]
2325.749: [GC [PSYoungGen: 52224K->256K(58880K)] 528073K->476105K(779776K), 0.0112992 secs] [Times: user=0.06 sys=0.00, real=0.01 secs]
2325.749: [GC [PSYoungGen: 52224K->256K(58880K)] 528073K->476105K(779776K), 0.0112992 secs] [Times: user=0.06 sys=0.00, real=0.01 secs]
2325.749: [GC [PSYoungGen: 52224K->256K(58880K)] 528073K->476105K(779776K), 0.0112992 secs] [Times: user=0.06 sys=0.00, real=0.01 secs]
2325.749: [GC [PSYoungGen: 52224K->256K(58880K)] 528073K->476105K(779776K), 0.0112992 secs] [Times: user=0.06 sys=0.00, real=0.01 secs]
2325.749: [GC [PSYoungGen: 52224K->256K(58880K)] 528073K->476105K(779776K), 0.0112992 secs] [Times: user=0.06 sys=0.00, real=0.01 secs]
2325.749: [GC [PSYoungGen: 52224K->256K(58880K)] 528073K->476105K(779776K), 0.0112992 secs] [Times: user=0.06 sys=0.00, real=0.01 secs]
2325.749: [GC [PSYoungGen: 52224K->256K(58880K)] 528073K->476105K(779776K), 0.0112992 secs] [Times: user=0.06 sys=0.00, real=0.01 secs]
2325.749: [GC [PSYoungGen: 52224K->256K(58880K)] 528073K->476105K(779776K), 0.0112992 secs] [Times: user=0.06 sys=0.00, real=0.01 secs]
2325.749: [GC [PSYoungGen: 52224K->256K(58880K)] 528073K->476105K(779776K), 0.0112992 secs] [Times: user=0.06 sys=0.00, real=0.01 secs]
2325.749: [GC [PSYoungGen: 52224K->256K(58880K)] 528073K->476105K(779776K), 0.0112992 secs] [Times: user=0.06 sys=0.00, real=0.01 secs]
2325.749: [GC [PSYoungGen: 52224K->256K(58880K)] 528073K->476105K(779776K), 0.0112992 secs] [Times: user=0.06 sys=0.00, real=0.01 secs]
2325.749: [GC [PSYoungGen: 52224K->256K(58880K)] 528073K->476105K(779776K), 0.0112992 secs] [Times: user=0.06 sys=0.00, real=0.01 secs]
2325.749: [GC [PSYoungGen: 52224K->256K(58880K)] 528073K->476105K(779776K), 0.0112992 secs] [Times: user=0.06 sys=0.00, real=0.01 secs]
2325.749: [GC [PSYoungGen: 52224K->256K(58880K)] 528073K->476105K(779776K), 0.0112992 secs] [Times: user=0.06 sys=0.00, real=0.01 secs]
2325.749: [GC [PSYoungGen: 52224K->256K(58880K)] 528073K->476105K(779776K), 0.0112992 secs] [Times: user=0.06 sys=0.00, real=0.01 secs]
2325.749: [GC [PSYoungGen: 52224K->256K(58880K)] 528073K->476105K(779776K), 0.0112992 secs] [Times: user=0.06 sys=0.00, real=0.01 secs]
2325.749: [GC [PSYoungGen: 52224K->256K(58880K)] 528073K->476105K(779776K), 0.0112992 secs] [Times: user=0.06 sys=0.00, real=0.01 secs]
2325.749: [GC [PSYoungGen: 52224K->256K(58880K)] 528073K->476105K(779776K), 0.0112992 secs] [Times: user=0.06 sys=0.00, real=0.01 secs]
2325.749: [GC [PSYoungGen: 52224K->256K(58880K)] 528073K->476105K(779776K), 0.0112992 secs] [Times: user=0.06 sys=0.00, real=0.01 secs]
2325.749: [GC [PSYoungGen: 52224K->256K(58880K)] 528073K->476105K(779776K), 0.0112992 secs] [Times: user=0.06 sys=0.00, real=0.01 secs]
2325.749: [GC [PSYoungGen: 52224K->256K(58880K)] 528073K->476105K(779776K), 0.0112992 secs] [Times: user=0.06 sys=0.00, real=0.01 secs]
2325.749: [GC [PSYoungGen: 52224K->256K(58880K)] 528073K->476105K(779776K), 0.0112992 secs] [Times: user=0.06 sys=0.00, real=0.01 secs]
2325.749: [GC [PSYoungGen: 52224K->256K(58880K)] 528073K->476105K(779776K), 0.0112992 secs] [Times: user=0.06 sys=0.00, real=0.01 secs]
2325.749: [GC [PSYoungGen: 52224K->256K(58880K)] 528073K->476105K(779776K), 0.0112992 secs] [Times: user=0.06 sys=0.00, real=0.01 secs]
2325.749: [GC [PSYoungGen: 52224K->256K(58880K)] 528073K->476105K(779776K), 0.0112992 secs] [Times: user=0.06 sys=0.00, real=0.01 secs]
2325.749: [GC [PSYoungGen: 52224K->256K(58880K)] 528073K->476105K(779776K), 0.0112992 secs] [Times: user=0.06 sys=0.00, real=0.01 secs]
2325.749: [GC [PSYoungGen: 52224K->256K(58880K)] 528073K->476105K(779776K), 0.0112992 secs] [Times: user=0.06 sys=0.00, real=0.01 secs]
2325.749: [GC [PSYoungGen: 52224K->256K(58880K)] 528073K->476105K(779776K), 0.0112992 secs] [Times: user=0.06 sys=0.00, real=0.01 secs]
2325.749: [GC [PSYoungGen: 52224K->256K(58880K)] 528073K->476105K(779776K), 0.0112992 secs] [Times: user=0.06 sys=0.00, real=0.01 secs]
2325.749: [GC [PSYoungGen: 52224K->256K(58880K)] 528073K->476105K(779776K), 0.0112992 secs] [Times: user=0.06 sys=0.00, real=0.01 secs]
2325.749: [GC [PSYoungGen: 52224K->256K(58880K)] 528073K->476105K(779776K), 0.0112992 secs] [Times: user=0.06 sys=0.00, real=0.01 secs]
2325.749: [GC [PSYoungGen: 52224K->256K(58880K)] 528073K->476105K(779776K), 0.0112992 secs] [Times: user=0.06 sys=0.00, real=0.01 secs]
2325.749: [GC [PSYoungGen: 52224K->256K(58880K)] 528073K->476105K(779776K), 0.0112992 secs] [Times: user=0.06 sys=0.00, real=0.01 secs]
2325.749: [GC [PSYoungGen: 52224K->256K(58880K)] 528073K->476105K(779776K), 0.0112992 secs] [Times: user=0.06 sys=0.00, real=0.01 secs]
2325.749: [GC [PSYoungGen: 52224K->256K(58880K)] 528073K->476105K(779776K), 0.0112992 secs] [Times: user=0.06 sys=0.00, real=0.01 secs]
2325.749: [GC [PSYoungGen: 52224K->256K(58880K)] 528073K->476105K(779776K), 0.0112992 secs] [Times: user=0.06 sys=0.00, real=0.01 secs]
2325.749: [GC [PSYoungGen: 52224K->256K(58880K)] 528073K->476105K(779776K), 0.0112992 secs] [Times: user=0.06 sys=0.00, real=0.01 secs]
2325.749: [GC [PSYoungGen: 52224K->256K(58880K)] 528073K->476105K(779776K), 0.0112992 secs] [Times: user=0.06 sys=0.00, real=0.01 secs]
2325.749: [GC [PSYoungGen: 52224K->256K(58880K)] 528073K->476105K(779776K), 0.0112992 secs] [Times: user=0.06 sys=0.00, real=0.01 secs]
2325.749: [GC [PSYoungGen: 52224K->256K(58880K)] 528073K->476105K(779776K), 0.0112992 secs] [Times: user=0.06 sys=0.00, real=0.01 secs]
2325.749: [GC [PSYoungGen: 52224K->256K(58880K)] 528073K->476105K(779776K), 0.0112992 secs] [Times: user=0.06 sys=0.00, real=0.01 secs]
2325.749: [GC [PSYoungGen: 52224K->256K(58880K)] 528073K->476105K(779776K), 0.0112992 secs] [Times: user=0.06 sys=0.00, real=0.01 secs]
2325.749: [GC [PSYoungGen: 52224K->256K(58880K)] 528073K->476105K(779776K), 0.0112992 secs] [Times: user=0.06 sys=0.00, real=0.01 secs]
2325.749: [GC [PSYoungGen: 52224K->256K(58880K)] 528073K->476105K(779776K), 0.0112992 secs] [Times: user=0.06 sys=0.00, real=0.01 secs]
2325.749: [GC [PSYoungGen: 52224K->256K(58880K)] 528073K->476105K(779776K), 0.0112992 secs] [Times: user=0.06 sys=0.00, real=0.01 secs]
2325.749: [GC [PSYoungGen: 52224K->256K(58880K)] 528073K->476105K(779776K), 0.0112992 secs] [Times: user=0.06 sys=0.00, real=0.01 secs]
2325.749: [GC [PSYoungGen: 52224K->256K(58880K)] 528073K->476105K(779776K), 0.0112992 secs] [Times: user=0.06 sys=0.00, real=0.01 secs]
2325.749: [GC [PSYoungGen: 52224K->256K(58880K)] 528073K->476105K(779776K), 0.0112992 secs] [Times: user=0.06 sys=0.00, real=0.01 secs]
2325.749: [GC [PSYoungGen: 52224K->256K(58880K)] 528073K->476105K(779776K), 0.0112992 secs] [Times: user=0.06 sys=0.00, real=0.01 secs]
2325.749: [GC [PSYoungGen: 52224K->256K(58880K)] 528073K->476105K(779776K), 0.0112992 secs] [Times: user=0.06 sys=0.00, real=0.01 secs]
2325.749: [GC [PSYoungGen: 52224K->256K(58880K)] 528073K->476105K(779776K), 0.0112992 secs] [Times: user=0.06 sys=0.00, real=0.01 secs]
2325.749: [GC [PSYoungGen: 52224K->256K(58880K)] 528073K->476105K(779776K), 0.0112992 secs] [Times: user=0.06 sys=0.00, real=0.01 secs]
2325.749: [GC [PSYoungGen: 52224K->256K(58880K)] 528073K->476105K(779776K), 0.0112992 secs] [Times: user=0.06 sys=0.00, real=0.01 secs]
2325.749: [GC [PSYoungGen: 52224K->256K(58880K)] 528073K->476105K(779776K), 0.0112992 secs] [Times: user=0.06 sys=0.00, real=0.01 secs]
2325.749: [GC [PSYoungGen: 52224K->256K(58880K)] 528073K->476105K(779776K), 0.0112992 secs] [Times: user=0.06 sys=0.00, real=0.01 secs]
2325.749: [GC [PSYoungGen: 52224K->256K(58880K)] 528073K->476105K(779776K), 0.0112992 secs] [Times: user=0.06 sys=0.00, real=0.01 secs]
2325.749: [GC [PSYoungGen: 52224K->256K(58880K)] 528073K->476105K(779776K), 0.0112992 secs] [Times: user=0.06 sys=0.00, real=0.01 secs]
2325.749: [GC [PSYoungGen: 52224K->256K(58880K)] 528073K->476105K(779776K), 0.0112992 secs] [Times: user=0.06 sys=0.00, real=0.01 secs]
2325.749: [GC [PSYoungGen: 52224K->256K(58880K)] 528073K->476105K(779776K), 0.0112992 secs] [Times: user=0.06 sys=0.00, real=0.01 secs]
2325.749: [GC [PSYoungGen: 52224K->256K(58880K)] 528073K->476105K(779776K), 0.0112992 secs] [Times: user=0.06 sys=0.00, real=0.01 secs]
2325.749: [GC [PSYoungGen: 52224K->256K(58880K)] 528073K->476105K(779776K), 0.0112992 secs] [Times: user=0.06 sys=0.00, real=0.01 secs]
2325.749: [GC [PSYoungGen: 52224K->256K(58880K)] 528073K->476105K(779776K), 0.0112992 secs] [Times: user=0.06 sys=0.00, real=0.01 secs]
2325.749: [GC [PSYoungGen: 52224K->256K(58880K)] 528073K->476105K(779776K), 0.0112992 secs] [Times: user=0.06 sys=0.00, real=0.01 secs]
2325.749: [GC [PSYoungGen: 52224K->256K(58880K)] 528073K->476105K(779776K), 0.0112992 secs] [Times: user=0.06 sys=0.00, real=0.01 secs]
2325.749: [GC [PSYoungGen: 52224K->256K(58880K)] 528073K->476105K(779776K), 0.0112992 secs] [Times: user=0.06 sys=0.00, real=0.01 secs]
2325.749: [GC [PSYoungGen: 52224K->256K(58880K)] 528073K->476105K(779776K), 0.0112992 secs] [Times: user=0.06 sys=0.00, real=0.01 secs]
2325.749: [GC [PSYoungGen: 52224K->256K(58880K)] 528073K->476105K(779776K), 0.0112992 secs] [Times: user=0.06 sys=0.00, real=0.01 secs]
2325.749: [GC [PSYoungGen: 52224K->256K(58880K)] 528073K->476105K(779776K), 0.0112992 secs] [Times: user=0.06 sys=0.00, real=0.01 secs]
2325.749: [GC [PSYoungGen: 52224K->256K(58880K)] 528073K->476105K(779776K), 0.0112992 secs] [Times: user=0.06 sys=0.00, real=0.01 secs]
2325.749: [GC [PSYoungGen: 52224K->256K(58880K)] 528073K->476105K(779776K), 0.0112992 secs] [Times: user=0.06 sys=0.00, real=0.01 secs]
2325.749: [GC [PSYoungGen: 52224K->256K(58880K)] 528073K->476105K(779776K), 0.0112992 secs] [Times: user=0.06 sys=0.00, real=0.01 secs]
2325.749: [GC [PSYoungGen: 52224K->256K(58880K)] 528073K->476105K(779776K), 0.0112992 secs] [Times: user=0.06 sys=0.00, real=0.01 secs]
2325.749: [GC [PSYoungGen: 52224K->256K(58880K)] 528073K->476105K(779776K), 0.0112992 secs] [Times: user=0.06 sys=0.00, real=0.01 secs]
2325.749: [GC [PSYoungGen: 52224K->256K(58880K)] 528073K->476105K(779776K), 0.0112992 secs] [Times: user=0.06 sys=0.00, real=0.01 secs]
2325.749: [GC [PSYoungGen: 52224K->256K(58880K)] 528073K->476105K(779776K), 0.0112992 secs] [Times: user=0.06 sys=0.00, real=0.01 secs]
2325.749: [GC [PSYoungGen: 52224K->256K(58880K)] 528073K->476105K(779776K), 0.0112992 secs] [Times: user=0.06 sys=0.00, real=0.01 secs]
2325.749: [GC [PSYoungGen: 52224K->256K(58880K)] 528073K->476105K(779776K), 0.0112992 secs] [Times: user=0.06 sys=0.00, real=0.01 secs]
2325.749: [GC [PSYoungGen: 52224K->256K(58880K)] 528073K->476105K(779776K), 0.0112992 secs] [Times: user=0.06 sys=0.00, real=0.01 secs]
2325.749: [GC [PSYoungGen: 52224K->256K(58880K)] 528073K->476105K(779776K), 0.0112992 secs] [Times: user=0.06 sys=0.00, real=0.01 secs]
2325.749: [GC [PSYoungGen: 52224K->256K(58880K)] 528073K->476105K(779776K), 0.0112992 secs] [Times: user=0.06 sys=0.00, real=0.01 secs]
2325.749: [GC [PSYoungGen: 52224K->256K(58880K)] 528073K->476105K(779776K), 0.0112992 secs] [Times: user=0.06 sys=0.00, real=0.01 secs]
2325.749: [GC [PSYoungGen: 52224K->256K(58880K)] 528073K->476105K(779776K), 0.0112992 secs] [Times: user=0.06 sys=0.00, real=0.01 secs]
2325.749: [GC [PSYoungGen: 52224K->256K(58880K)] 528073K->476105K(779776K), 0.0112992 secs] [Times: user=0.06 sys=0.00, real=0.01 secs]
2325.749: [GC [PSYoungGen: 52224K->256K(58880K)] 528073K->476105K(779776K), 0.0112992 secs] [Times: user=0.06 sys=0.00, real=0.01 secs]
2325.749: [GC [PSYoungGen: 52224K->256K(58880K)] 528073K->476105K(779776K), 0.0112992 secs] [Times: user=0.06 sys=0.00, real=0.01 secs]
2325.749: [GC [PSYoungGen: 52224K->256K(58880K)] 528073K->476105K(779776K), 0.0112992 secs] [Times: user=0.06 sys=0.00, real=0.01 secs]
2325.749: [GC [PSYoungGen: 52224K->256K(58880K)] 528073K->476105K(779776K), 0.0112992 secs] [Times: user=0.06 sys=0.00, real=0.01 secs]
2325.749: [GC [PSYoungGen: 52224K->256K(58880K)] 528073K->476105K(779776K), 0.0112992 secs] [Times: user=0.06 sys=0.00, real=0.01 secs]
2325.749: [GC [PSYoungGen: 52224K->256K(58880K)] 528073K->476105K(779776K), 0.0112992 secs] [Times: user=0.06 sys=0.00, real=0.01 secs]
2325.749: [GC [PSYoungGen: 52224K->256K(58880K)] 528073K->476105K(779776K), 0.0112992 secs] [Times: user=0.06 sys=0.00, real=0.01 secs]
2325.749: [GC [PSYoungGen: 52224K->256K(58880K)] 528073K->476105K(779776K), 0.0112992 secs] [Times: user=0.06 sys=0.00, real=0.01 secs]
2325.749: [GC [PSYoungGen: 52224K->256K(58880K)] 528073K->476105K(779776K), 0.0112992 secs] [Times: user=0.06 sys=0.00, real=0.01 secs]
2325.749: [GC [PSYoungGen: 52224K->256K(58880K)] 528073K->476105K(779776K), 0.0112992 secs] [Times: user=0.06 sys=0.00, real=0.01 secs]
2325.749: [GC [PSYoungGen: 52224K->256K(58880K)] 528073K->476105K(779776K), 0.0112992 secs] [Times: user=0.06 sys=0.00, real=0.01 secs]
2325.749: [GC [PSYoungGen: 52224K->256K(58880K)] 528073K->476105K(779776K), 0.0112992 secs] [Times: user=0.06 sys=0.00, real=0.01 secs]
2325.749: [GC [PSYoungGen: 52224K->256K(58880K)] 528073K->476105K(779776K), 0.0112992 secs] [Times: user=0.06 sys=0.00, real=0.01 secs]
2325.749: [GC [PSYoungGen: 52224K->256K(58880K)] 528073K->476105K(779776K), 0.0112992 secs] [Times: user=0.06 sys=0.00, real=0.01 secs]
2325.749: [GC [PSYoungGen: 52224K->256K(58880K)] 528073K->476105K(779776K), 0.0112992 secs] [Times: user=0.06 sys=0.00, real=0.01 secs]
2325.749: [GC [PSYoungGen: 52224K->256K(58880K)] 528073K->476105K(779776K), 0.0112992 secs] [Times: user=0.06 sys=0.00, real=0.01 secs]
2325.749: [GC [PSYoungGen: 52224K->256K(58880K)] 528073K->476105K(779776K), 0.0112992 secs] [Times: user=0.06 sys=0.00, real=0.01 secs]
2325.749: [GC [PSYoungGen: 52224K->256K(58880K)] 528073K->476105K(779776K), 0.0112992 secs] [Times: user=0.06 sys=0.00, real=0.01 secs]
2325.749: [GC [PSYoungGen: 52224K->256K(58880K)] 528073K->476105K(779776K), 0.0112992 secs] [Times: user=0.06 sys=0.00, real=0.01 secs]
2325.749: [GC [PSYoungGen: 52224K->256K(58880K)] 528073K->476105K(779776K), 0.0112992 secs] [Times: user=0.06 sys=0.00, real=0.01 secs]
2325.749: [GC [PSYoungGen: 52224K->256K(58880K)] 528073K->476105K(779776K), 0.0112992 secs] [Times: user=0.06 sys=0.00, real=0.01 secs]
2325.749: [GC [PSYoungGen: 52224K->256K(58880K)] 528073K->476105K(779776K), 0.0112992 secs] [Times: user=0.06 sys=0.00, real=0.01 secs]
2325.749: [GC [PSYoungGen: 52224K->256K(58880K)] 528073K->476105K(779776K), 0.0112992 secs] [Times: user=0.06 sys=0.00, real=0.01 secs]
2325.749: [GC [PSYoungGen: 52224K->256K(58880K)] 528073K->476105K(779776K), 0.0112992 secs] [Times: user=0.06 sys=0.00, real=0.01 secs]
2325.749: [GC [PSYoungGen: 52224K->256K(58880K)] 528073K->476105K(779776K), 0.0112992 secs] [Times: user=0.06 sys=0.00, real=0.01 secs]
2325.749: [GC [PSYoungGen: 52224K->256K(58880K)] 528073K->476105K(779776K), 0.0112992 secs] [Times: user=0.06 sys=0.00, real=0.01 secs]
2325.749: [GC [PSYoungGen: 52224K->256K(58880K)] 528073K->476105K(779776K), 0.0112992 secs] [Times: user=0.06 sys=0.00, real=0.01 secs]
2325.749: [GC [PSYoungGen: 52224K->256K(58880K)] 528073K->476105K(779776K), 0.0112992 secs] [Times: user=0.06 sys=0.00, real=0.01 secs]
2325.749: [GC [PSYoungGen: 52224K->256K(58880K)] 528073K->476105K(779776K), 0.0112992 secs] [Times: user=0.06 sys=0.00, real=0.01 secs]
2325.749: [GC [PSYoungGen: 52224K->256K(58880K)] 528073K->476105K(779776K), 0.0112992 secs] [Times: user=0.06 sys=0.00, real=0.01 secs]
2325.749: [GC [PSYoungGen: 52224K->256K(58880K)] 528073K->476105K(779776K), 0.0112992 secs] [Times: user=0.06 sys=0.00, real=0.01 secs]
2325.749: [GC [PSYoungGen: 52224K->256K(58880K)] 528073K->476105K(779776K), 0.0112992 secs] [Times: user=0.06 sys=0.00, real=0.01 secs]
2325.749: [GC [PSYoungGen: 52224K->256K(58880K)] 528073K->476105K(779776K), 0.0112992 secs] [Times: user=0.06 sys=0.00, real=0.01 secs]
2325.749: [GC [PSYoungGen: 52224K->256K(58880K)] 528073K->476105K(779776K), 0.0112992 secs] [Times: user=0.06 sys=0.00, real=0.01 secs]
2325.749: [GC [PSYoungGen: 52224K->256K(58880K)] 528073K->476105K(779776K), 0.0112992 secs] [Times: user=0.06 sys=0.00, real=0.01 secs]
2325.749: [GC [PSYoungGen: 52224K->256K(58880K)] 528073K->476105K(779776K), 0.0112992 secs] [Times: user=0.06 sys=0.00, real=0.01 secs]
2325.749: [GC [PSYoungGen: 52224K->256K(58880K)] 528073K->476105K(779776K), 0.0112992 secs] [Times: user=0.06 sys=0.00, real=0.01 secs]
2325.749: [GC [PSYoungGen: 52224K->256K(58880K)] 528073K->476105K(779776K), 0.0112992 secs] [Times: user=0.06 sys=0.00, real=0.01 secs]
2325.749: [GC [PSYoungGen: 52224K->256K(58880K)] 528073K->476105K(779776K), 0.0112992 secs] [Times: user=0.06 sys=0.00, real=0.01 secs]
2325.749: [GC [PSYoungGen: 52224K->256K(58880K)] 528073K->476105K(779776K), 0.0112992 secs] [Times: user=0.06 sys=0.00, real=0.01 secs]
2325.749: [GC [PSYoungGen: 52224K->256K(58880K)] 528073K->476105K(779776K), 0.0112992 secs] [Times: user=0.06 sys=0.00, real=0.01 secs]
2325.749: [GC [PSYoungGen: 52224K->256K(58880K)] 528073K->476105K(779776K), 0.0112992 secs] [Times: user=0.06 sys=0.00, real=0.01 secs]
2325.749: [GC [PSYoungGen: 52224K->256K(58880K)] 528073K->476105K(779776K), 0.0112992 secs] [Times: user=0.06 sys=0.00, real=0.01 secs]
2325.749: [GC [PSYoungGen: 52224K->256K(58880K)] 528073K->476105K(779776K), 0.0112992 secs] [Times: user=0.06 sys=0.00, real=0.01 secs]
2325.749: [GC [PSYoungGen: 52224K->256K(58880K)] 528073K->476105K(779776K), 0.0112992 secs] [Times: user=0.06 sys=0.00, real=0.01 secs]
2325.749: [GC [PSYoungGen: 52224K->256K(58880K)] 528073K->476105K(779776K), 0.0112992 secs] [Times: user=0.06 sys=0.00, real=0.01 secs]
2325.749: [GC [PSYoungGen: 52224K->256K(58880K)] 528073K->476105K(779776K), 0.0112992 secs] [Times: user=0.06 sys=0.00, real=0.01 secs]
2325.749: [GC [PSYoungGen: 52224K->256K(58880K)] 528073K->476105K(779776K), 0.0112992 secs] [Times: user=0.06 sys=0.00, real=0.01 secs]
2325.749: [GC [PSYoungGen: 52224K->256K(58880K)] 528073K->476105K(779776K), 0.0112992 secs] [Times: user=0.06 sys=0.00, real=0.01 secs]
2325.749: [GC [PSYoungGen: 52224K->256K(58880K)] 528073K->476105K(779776K), 0.0112992 secs] [Times: user=0.06 sys=0.00, real=0.01 secs]
2325.749: [GC [PSYoungGen: 52224K->256K(58880K)] 528073K->476105K(779776K), 0.0112992 secs] [Times: user=0.06 sys=0.00, real=0.01 secs]
2325.749: [GC [PSYoungGen: 52224K->256K(58880K)] 528073K->476105K(779776K), 0.0112992 secs] [Times: user=0.06 sys=0.00, real=0.01 secs]
2325.749: [GC [PSYoungGen: 52224K->256K(58880K)] 528073K->476105K(779776K), 0.0112992 secs] [Times: user=0.06 sys=0.00, real=0.01 secs]
2325.749: [GC [PSYoungGen: 52224K->256K(58880K)] 528073K->476105K(779776K), 0.0112992 secs] [Times: user=0.06 sys=0.00, real=0.01 secs]
2325.749: [GC [PSYoungGen: 52224K->256K(58880K)] 528073K->476105K(779776K), 0.0112992 secs] [Times: user=0.06 sys=0.00, real=0.01 secs]
2325.749: [GC [PSYoungGen: 52224K->256K(58880K)] 528073K->476105K(779776K), 0.0112992 secs] [Times: user=0.06 sys=0.00, real=0.01 secs]
2325.749: [GC [PSYoungGen: 52224K->256K(58880K)] 528073K->476105K(779776K), 0.0112992 secs] [Times: user=0.06 sys=0.00, real=0.01 secs]
2325.749: [GC [PSYoungGen: 52224K->256K(58880K)] 528073K->476105K(779776K), 0.0112992 secs] [Times: user=0.06 sys=0.00, real=0.01 secs]
2325.749: [GC [PSYoungGen: 52224K->256K(58880K)] 528073K->476105K(779776K), 0.0112992 secs] [Times: user=0.06 sys=0.00, real=0.01 secs]
2325.749: [GC [PSYoungGen: 52224K->256K(58880K)] 528073K->476105K(779776K), 0.0112992 secs] [Times: user=0.06 sys=0.00, real=0.01 secs]
2325.749: [GC [PSYoungGen: 52224K->256K(58880K)] 528073K->476105K(779776K), 0.0112992 secs] [Times: user=0.06 sys=0.00, real=0.01 secs]
2325.749: [GC [PSYoungGen: 52224K->256K(58880K)] 528073K->476105K(779776K), 0.0112992 secs] [Times: user=0.06 sys=0.00, real=0.01 secs]
2325.749: [GC [PSYoungGen: 52224K->256K(58880K)] 528073K->476105K(779776K), 0.0112992 secs] [Times: user=0.06 sys=0.00, real=0.01 secs]
2325.749: [GC [PSYoungGen: 52224K->256K(58880K)] 528073K->476105K(779776K), 0.0112992 secs] [Times: user=0.06 sys=0.00, real=0.01 secs]
2325.749: [GC [PSYoungGen: 52224K->256K(58880K)] 528073K->476105K(779776K), 0.0112992 secs] [Times: user=0.06 sys=0.00, real=0.01 secs]
2325.749: [GC [PSYoungGen: 52224K->256K(58880K)] 528073K->476105K(779776K), 0.0112992 secs] [Times: user=0.06 sys=0.00, real=0.01 secs]
2325.749: [GC [PSYoungGen: 52224K->256K(58880K)] 528073K->476105K(779776K), 0.0112992 secs] [Times: user=0.06 sys=0.00, real=0.01 secs]
2325.749: [GC [PSYoungGen: 52224K->256K(58880K)] 528073K->476105K(779776K), 0.0112992 secs] [Times: user=0.06 sys=0.00, real=0.01 secs]
2325.749: [GC [PSYoungGen: 52224K->256K(58880K)] 528073K->476105K(779776K), 0.0112992 secs] [Times: user=0.06 sys=0.00, real=0.01 secs]
2325.749: [GC [PSYoungGen: 52224K->256K(58880K)] 528073K->476105K(779776K), 0.0112992 secs] [Times: user=0.06 sys=0.00, real=0.01 secs]
2325.749: [GC [PSYoungGen: 52224K->256K(58880K)] 528073K->476105K(779776K), 0.0112992 secs] [Times: user=0.06 sys=0.00, real=0.01 secs]
2325.749: [GC [PSYoungGen: 52224K->256K(58880K)] 528073K->476105K(779776K), 0.0112992 secs] [Times: user=0.06 sys=0.00, real=0.01 secs]
2325.749: [GC [PSYoungGen: 52224K->256K(58880K)] 528073K->476105K(779776K), 0.0112992 secs] [Times: user=0.06 sys=0.00, real=0.01 secs]
2325.749: [GC [PSYoungGen: 52224K->256K(58880K)] 528073K->476105K(779776K), 0.0112992 secs] [Times: user=0.06 sys=0.00, real=0.01 secs]
2325.749: [GC [PSYoungGen: 52224K->256K(58880K)] 528073K->476105K(779776K), 0.0112992 secs] [Times: user=0.06 sys=0.00, real=0.01 secs]
2325.749: [GC [PSYoungGen: 52224K->256K(58880K)] 528073K->476105K(779776K), 0.0112992 secs] [Times: user=0.06 sys=0.00, real=0.01 secs]
2325.749: [GC [PSYoungGen: 52224K->256K(58880K)] 528073K->476105K(779776K), 0.0112992 secs] [Times: user=0.06 sys=0.00, real=0.01 secs]
2325.749: [GC [PSYoungGen: 52224K->256K(58880K)] 528073K->476105K(779776K), 0.0112992 secs] [Times: user=0.06 sys=0.00, real=0.01 secs]
2325.749: [GC [PSYoungGen: 52224K->256K(58880K)] 528073K->476105K(779776K), 0.0112992 secs] [Times: user=0.06 sys=0.00, real=0.01 secs]
2325.749: [GC [PSYoungGen: 52224K->256K(58880K)] 528073K->476105K(779776K), 0.0112992 secs] [Times: user=0.06 sys=0.00, real=0.01 secs]
2325.749: [GC [PSYoungGen: 52224K->256K(58880K)] 528073K->476105K(779776K), 0.0112992 secs] [Times: user=0.06 sys=0.00, real=0.01 secs]
2325.749: [GC [PSYoungGen: 52224K->256K(58880K)] 528073K->476105K(779776K), 0.0112992 secs] [Times: user=0.06 sys=0.00, real=0.01 secs]
2325.749: [GC [PSYoungGen: 52224K->256K(58880K)] 528073K->476105K(779776K), 0.0112992 secs] [Times: user=0.06 sys=0.00, real=0.01 secs]
2325.749: [GC [PSYoungGen: 52224K->256K(58880K)] 528073K->476105K(779776K), 0.0112992 secs] [Times: user=0.06 sys=0.00, real=0.01 secs]
2325.749: [GC [PSYoungGen: 52224K->256K(58880K)] 528073K->476105K(779776K), 0.0112992 secs] [Times: user=0.06 sys=0.00, real=0.01 secs]
2325.749: [GC [PSYoungGen: 52224K->256K(58880K)] 528073K->476105K(779776K), 0.0112992 secs] [Times: user=0.06 sys=0.00, real=0.01 secs]
2325.749: [GC [PSYoungGen: 52224K->256K(58880K)] 528073K->476105K(779776K), 0.0112992 secs] [Times: user=0.06 sys=0.00, real=0.01 secs]
2325.749: [GC [PSYoungGen: 52224K->256K(58880K)] 528073K->476105K(779776K), 0.0112992 secs] [Times: user=0.06 sys=0.00, real=0.01 secs]
2325.749: [GC [PSYoungGen: 52224K->256K(58880K)] 528073K->476105K(779776K), 0.0112992 secs] [Times: user=0.06 sys=0.00, real=0.01 secs]
2325.749: [GC [PSYoungGen: 52224K->256K(58880K)] 528073K->476105K(779776K), 0.0112992 secs] [Times: user=0.06 sys=0.00, real=0.01 secs]
2325.749: [GC [PSYoungGen: 52224K->256K(58880K)] 528073K->476105K(779776K), 0.0112992 secs] [Times: user=0.06 sys=0.00, real=0.01 secs]
2325.749: [GC [PSYoungGen: 52224K->256K(58880K)] 528073K->476105K(779776K), 0.0112992 secs] [Times: user=0.06 sys=0.00, real=0.01 secs]
2325.749: [GC [PSYoungGen: 52224K->256K(58880K)] 528073K->476105K(779776K), 0.0112992 secs] [Times: user=0.06 sys=0.00, real=0.01 secs]
2325.749: [GC [PSYoungGen: 52224K->256K(58880K)] 528073K->476105K(779776K), 0.0112992 secs] [Times: user=0.06 sys=0.00, real=0.01 secs]
2325.749: [GC [PSYoungGen: 52224K->256K(58880K)] 528073K->476105K(779776K), 0.0112992 secs] [Times: user=0.06 sys=0.00, real=0.01 secs]
2325.749: [GC [PSYoungGen: 52224K->256K(58880K)] 528073K->476105K(779776K), 0.0112992 secs] [Times: user=0.06 sys=0.00, real=0.01 secs]
2325.749: [GC [PSYoungGen: 52224K->256K(58880K)] 528073K->476105K(779776K), 0.0112992 secs] [Times: user=0.06 sys=0.00, real=0.01 secs]
2325.749: [GC [PSYoungGen: 52224K->256K(58880K)] 528073K->476105K(779776K), 0.0112992 secs] [Times: user=0.06 sys=0.00, real=0.01 secs]
2325.749: [GC [PSYoungGen: 52224K->256K(58880K)] 528073K->476105K(779776K), 0.0112992 secs] [Times: user=0.06 sys=0.00, real=0.01 secs]
2325.749: [GC [PSYoungGen: 52224K->256K(58880K)] 528073K->476105K(779776K), 0.0112992 secs] [Times: user=0.06 sys=0.00, real=0.01 secs]
2325.749: [GC [PSYoungGen: 52224K->256K(58880K)] 528073K->476105K(779776K), 0.0112992 secs] [Times: user=0.06 sys=0.00, real=0.01 secs]
2325.749: [GC [PSYoungGen: 52224K->256K(58880K)] 528073K->476105K(779776K), 0.0112992 secs] [Times: user=0.06 sys=0.00, real=0.01 secs]
2325.749: [GC [PSYoungGen: 52224K->256K(58880K)] 528073K->476105K(779776K), 0.0112992 secs] [Times: user=0.06 sys=0.00, real=0.01 secs]
2325.749: [GC [PSYoungGen: 52224K->256K(58880K)] 528073K->476105K(779776K), 0.0112992 secs] [Times: user=0.06 sys=0.00, real=0.01 secs]
2325.749: [GC [PSYoungGen: 52224K->256K(58880K)] 528073K->476105K(779776K), 0.0112992 secs] [Times: user=0.06 sys=0.00, real=0.01 secs]
2325.749: [GC [PSYoungGen: 52224K->256K(58880K)] 528073K->476105K(779776K), 0.0112992 secs] [Times: user=0.06 sys=0.00, real=0.01 secs]
2325.749: [GC [PSYoungGen: 52224K->256K(58880K)] 528073K->476105K(779776K), 0.0112992 secs] [Times: user=0.06 sys=0.00, real=0.01 secs]
2325.749: [GC [PSYoungGen: 52224K->256K(58880K)] 528073K->476105K(779776K), 0.0112992 secs] [Times: user=0.06 sys=0.00, real=0.01 secs]
2325.749: [GC [PSYoungGen: 52224K->256K(58880K)] 528073K->476105K(779776K), 0.0112992 secs] [Times: user=0.06 sys=0.00, real=0.01 secs]
2325.749: [GC [PSYoungGen: 52224K->256K(58880K)] 528073K->476105K(779776K), 0.0112992 secs] [Times: user=0.06 sys=0.00, real=0.01 secs]
2325.749: [GC [PSYoungGen: 52224K->256K(58880K)] 528073K->476105K(779776K), 0.0112992 secs] [Times: user=0.06 sys=0.00, real=0.01 secs]
2325.749: [GC [PSYoungGen: 52224K->256K(58880K)] 528073K->476105K(779776K), 0.0112992 secs] [Times: user=0.06 sys=0.00, real=0.01 secs]
2325.749: [GC [PSYoungGen: 52224K->256K(58880K)] 528073K->476105K(779776K), 0.0112992 secs] [Times: user=0.06 sys=0.00, real=0.01 secs]
2325.749: [GC [PSYoungGen: 52224K->256K(58880K)] 528073K->476105K(779776K), 0.0112992 secs] [Times: user=0.06 sys=0.00, real=0.01 secs]
2325.749: [GC [PSYoungGen: 52224K->256K(58880K)] 528073K->476105K(779776K), 0.0112992 secs] [Times: user=0.06 sys=0.00, real=0.01 secs]
2325.749: [GC [PSYoungGen: 52224K->256K(58880K)] 528073K->476105K(779776K), 0.0112992 secs] [Times: user=0.06 sys=0.00, real=0.01 secs]
2325.749: [GC [PSYoungGen: 52224K->256K(58880K)] 528073K->476105K(779776K), 0.0112992 secs] [Times: user=0.06 sys=0.00, real=0.01 secs]
2325.749: [GC [PSYoungGen: 52224K->256K(58880K)] 528073K->476105K(779776K), 0.0112992 secs] [Times: user=0.06 sys=0.00, real=0.01 secs]
2325.749: [GC [PSYoungGen: 52224K->256K(58880K)] 528073K->476105K(779776K), 0.0112992 secs] [Times: user=0.06 sys=0.00, real=0.01 secs]
2325.749: [GC [PSYoungGen: 52224K->256K(58880K)] 528073K->476105K(779776K), 0.0112992 secs] [Times: user=0.06 sys=0.00, real=0.01 secs]
2325.749: [GC [PSYoungGen: 52224K->256K(58880K)] 528073K->476105K(779776K), 0.0112992 secs] [Times: user=0.06 sys=0.00, real=0.01 secs]
2325.749: [GC [PSYoungGen: 52224K->256K(58880K)] 528073K->476105K(779776K), 0.0112992 secs] [Times: user=0.06 sys=0.00, real=0.01 secs]
2325.749: [GC [PSYoungGen: 52224K->256K(58880K)] 528073K->476105K(779776K), 0.0112992 secs] [Times: user=0.06 sys=0.00, real=0.01 secs]
2325.749: [GC [PSYoungGen: 52224K->256K(58880K)] 528073K->476105K(779776K), 0.0112992 secs] [Times: user=0.06 sys=0.00, real=0.01 secs]
2325.749: [GC [PSYoungGen: 52224K->256K(58880K)] 528073K->476105K(779776K), 0.0112992 secs] [Times: user=0.06 sys=0.00, real=0.01 secs]
2325.749: [GC [PSYoungGen: 52224K->256K(58880K)] 528073K->476105K(779776K), 0.0112992 secs] [Times: user=0.06 sys=0.00, real=0.01 secs]
2325.749: [GC [PSYoungGen: 52224K->256K(58880K)] 528073K->476105K(779776K), 0.0112992 secs] [Times: user=0.06 sys=0.00, real=0.01 secs]
2325.749: [GC [PSYoungGen: 52224K->256K(58880K)] 528073K->476105K(779776K), 0.0112992 secs] [Times: user=0.06 sys=0.00, real=0.01 secs]
2325.749: [GC [PSYoungGen: 52224K->256K(58880K)] 528073K->476105K(779776K), 0.0112992 secs] [Times: user=0.06 sys=0.00, real=0.01 secs]
2325.749: [GC [PSYoungGen: 52224K->256K(58880K)] 528073K->476105K(779776K), 0.0112992 secs] [Times: user=0.06 sys=0.00, real=0.01 secs]
2325.749: [GC [PSYoungGen: 52224K->256K(58880K)] 528073K->476105K(779776K), 0.0112992 secs] [Times: user=0.06 sys=0.00, real=0.01 secs]
2325.749: [GC [PSYoungGen: 52224K->256K(58880K)] 528073K->476105K(779776K), 0.0112992 secs] [Times: user=0.06 sys=0.00, real=0.01 secs]
2325.749: [GC [PSYoungGen: 52224K->256K(58880K)] 528073K->476105K(779776K), 0.0112992 secs] [Times: user=0.06 sys=0.00, real=0.01 secs]
2325.749: [GC [PSYoungGen: 52224K->256K(58880K)] 528073K->476105K(779776K), 0.0112992 secs] [Times: user=0.06 sys=0.00, real=0.01 secs]
2325.749: [GC [PSYoungGen: 52224K->256K(58880K)] 528073K->476105K(779776K), 0.0112992 secs] [Times: user=0.06 sys=0.00, real=0.01 secs]
2325.749: [GC [PSYoungGen: 52224K->256K(58880K)] 528073K->476105K(779776K), 0.0112992 secs] [Times: user=0.06 sys=0.00, real=0.01 secs]
2325.749: [GC [PSYoungGen: 52224K->256K(58880K)] 528073K->476105K(779776K), 0.0112992 secs] [Times: user=0.06 sys=0.00, real=0.01 secs]
2325.749: [GC [PSYoungGen: 52224K->256K(58880K)] 528073K->476105K(779776K), 0.0112992 secs] [Times: user=0.06 sys=0.00, real=0.01 secs]
2325.749: [GC [PSYoungGen: 52224K->256K(58880K)] 528073K->476105K(779776K), 0.0112992 secs] [Times: user=0.06 sys=0.00, real=0.01 secs]
2325.749: [GC [PSYoungGen: 52224K->256K(58880K)] 528073K->476105K(779776K), 0.0112992 secs] [Times: user=0.06 sys=0.00, real=0.01 secs]
2325.749: [GC [PSYoungGen: 52224K->256K(58880K)] 528073K->476105K(779776K), 0.0112992 secs] [Times: user=0.06 sys=0.00, real=0.01 secs]
2325.749: [GC [PSYoungGen: 52224K->256K(58880K)] 528073K->476105K(779776K), 0.0112992 secs] [Times: user=0.06 sys=0.00, real=0.01 secs]
2325.749: [GC [PSYoungGen: 52224K->256K(58880K)] 528073K->476105K(779776K), 0.0112992 secs] [Times: user=0.06 sys=0.00, real=0.01 secs]
2325.749: [GC [PSYoungGen: 52224K->256K(58880K)] 528073K->476105K(779776K), 0.0112992 secs] [Times: user=0.06 sys=0.00, real=0.01 secs]
2325.749: [GC [PSYoungGen: 52224K->256K(58880K)] 528073K->476105K(779776K), 0.0112992 secs] [Times: user=0.06 sys=0.00, real=0.01 secs]
2325.749: [GC [PSYoungGen: 52224K->256K(58880K)] 528073K->476105K(779776K), 0.0112992 secs] [Times: user=0.06 sys=0.00, real=0.01 secs]
2325.749: [GC [PSYoungGen: 52224K->256K(58880K)] 528073K->476105K(779776K), 0.0112992 secs] [Times: user=0.06 sys=0.00, real=0.01 secs]
2325.749: [GC [PSYoungGen: 52224K->256K(58880K)] 528073K->476105K(779776K), 0.0112992 secs] [Times: user=0.06 sys=0.00, real=0.01 secs]
2325.749: [GC [PSYoungGen: 52224K->256K(58880K)] 528073K->476105K(779776K), 0.0112992 secs] [Times: user=0.06 sys=0.00, real=0.01 secs]
2325.749: [GC [PSYoungGen: 52224K->256K(58880K)] 528073K->476105K(779776K), 0.0112992 secs] [Times: user=0.06 sys=0.00, real=0.01 secs]
2325.749: [GC [PSYoungGen: 52224K->256K(58880K)] 528073K->476105K(779776K), 0.0112992 secs] [Times: user=0.06 sys=0.00, real=0.01 secs]
2325.749: [GC [PSYoungGen: 52224K->256K(58880K)] 528073K->476105K(779776K), 0.0112992 secs] [Times: user=0.06 sys=0.00, real=0.01 secs]
2325.749: [GC [PSYoungGen: 52224K->256K(58880K)] 528073K->476105K(779776K), 0.0112992 secs] [Times: user=0.06 sys=0.00, real=0.01 secs]
2325.749: [GC [PSYoungGen: 52224K->256K(58880K)] 528073K->476105K(779776K), 0.0112992 secs] [Times: user=0.06 sys=0.00, real=0.01 secs]
2325.749: [GC [PSYoungGen: 52224K->256K(58880K)] 528073K->476105K(779776K), 0.0112992 secs] [Times: user=0.06 sys=0.00, real=0.01 secs]
2325.749: [GC [PSYoungGen: 52224K->256K(58880K)] 528073K->476105K(779776K), 0.0112992 secs] [Times: user=0.06 sys=0.00, real=0.01 secs]
2325.749: [GC [PSYoungGen: 52224K->256K(58880K)] 528073K->476105K(779776K), 0.0112992 secs] [Times: user=0.06 sys=0.00, real=0.01 secs]
2325.749: [GC [PSYoungGen: 52224K->256K(58880K)] 528073K->476105K(779776K), 0.0112992 secs] [Times: user=0.06 sys=0.00, real=0.01 secs]
2325.749: [GC [PSYoungGen: 52224K->256K(58880K)] 528073K->476105K(779776K), 0.0112992 secs] [Times: user=0.06 sys=0.00, real=0.01 secs]
2325.749: [GC [PSYoungGen: 52224K->256K(58880K)] 528073K->476105K(779776K), 0.0112992 secs] [Times: user=0.06 sys=0.00, real=0.01 secs]
2325.749: [GC [PSYoungGen: 52224K->256K(58880K)] 528073K->476105K(779776K), 0.0112992 secs] [Times: user=0.06 sys=0.00, real=0.01 secs]
2325.749: [GC [PSYoungGen: 52224K->256K(58880K)] 528073K->476105K(779776K), 0.0112992 secs] [Times: user=0.06 sys=0.00, real=0.01 secs]
2325.749: [GC [PSYoungGen: 52224K->256K(58880K)] 528073K->476105K(779776K), 0.0112992 secs] [Times: user=0.06 sys=0.00, real=0.01 secs]
2325.749: [GC [PSYoungGen: 52224K->256K(58880K)] 528073K->476105K(779776K), 0.0112992 secs] [Times: user=0.06 sys=0.00, real=0.01 secs]
2325.749: [GC [PSYoungGen: 52224K->256K(58880K)] 528073K->476105K(779776K), 0.0112992 secs] [Times: user=0.06 sys=0.00, real=0.01 secs]
2325.749: [GC [PSYoungGen: 52224K->256K(58880K)] 528073K->476105K(779776K), 0.0112992 secs] [Times: user=0.06 sys=0.00, real=0.01 secs]
2325.749: [GC [PSYoungGen: 52224K->256K(58880K)] 528073K->476105K(779776K), 0.0112992 secs] [Times: user=0.06 sys=0.00, real=0.01 secs]
2325.749: [GC [PSYoungGen: 52224K->256K(58880K)] 528073K->476105K(779776K), 0.0112992 secs] [Times: user=0.06 sys=0.00, real=0.01 secs]
2325.749: [GC [PSYoungGen: 52224K->256K(58880K)] 528073K->476105K(779776K), 0.0112992 secs] [Times: user=0.06 sys=0.00, real=0.01 secs]
2325.749: [GC [PSYoungGen: 52224K->256K(58880K)] 528073K->476105K(779776K), 0.0112992 secs] [Times: user=0.06 sys=0.00, real=0.01 secs]
2325.749: [GC [PSYoungGen: 52224K->256K(58880K)] 528073K->476105K(779776K), 0.0112992 secs] [Times: user=0.06 sys=0.00, real=0.01 secs]
2325.749: [GC [PSYoungGen: 52224K->256K(58880K)] 528073K->476105K(779776K), 0.0112992 secs] [Times: user=0.06 sys=0.00, real=0.01 secs]
2325.749: [GC [PSYoungGen: 52224K->256K(58880K)] 528073K->476105K(779776K), 0.0112992 secs] [Times: user=0.06 sys=0.00, real=0.01 secs]
2325.749: [GC [PSYoungGen: 52224K->256K(58880K)] 528073K->476105K(779776K), 0.0112992 secs] [Times: user=0.06 sys=0.00, real=0.01 secs]
2325.749: [GC [PSYoungGen: 52224K->256K(58880K)] 528073K->476105K(779776K), 0.0112992 secs] [Times: user=0.06 sys=0.00, real=0.01 secs]
2325.749: [GC [PSYoungGen: 52224K->256K(58880K)] 528073K->476105K(779776K), 0.0112992 secs] [Times: user=0.06 sys=0.00, real=0.01 secs]
2325.749: [GC [PSYoungGen: 52224K->256K(58880K)] 528073K->476105K(779776K), 0.0112992 secs] [Times: user=0.06 sys=0.00, real=0.01 secs]
2325.749: [GC [PSYoungGen: 52224K->256K(58880K)] 528073K->476105K(779776K), 0.0112992 secs] [Times: user=0.06 sys=0.00, real=0.01 secs]
2325.749: [GC [PSYoungGen: 52224K->256K(58880K)] 528073K->476105K(779776K), 0.0112992 secs] [Times: user=0.06 sys=0.00, real=0.01 secs]
2325.749: [GC [PSYoungGen: 52224K->256K(58880K)] 528073K->476105K(779776K), 0.0112992 secs] [Times: user=0.06 sys=0.00, real=0.01 secs]
2325.749: [GC [PSYoungGen: 52224K->256K(58880K)] 528073K->476105K(779776K), 0.0112992 secs] [Times: user=0.06 sys=0.00, real=0.01 secs]
2325.749: [GC [PSYoungGen: 52224K->256K(58880K)] 528073K->476105K(779776K), 0.0112992 secs] [Times: user=0.06 sys=0.00, real=0.01 secs]
2325.749: [GC [PSYoungGen: 52224K->256K(58880K)] 528073K->476105K(779776K), 0.0112992 secs] [Times: user=0.06 sys=0.00, real=0.01 secs]
2325.749: [GC [PSYoungGen: 52224K->256K(58880K)] 528073K->476105K(779776K), 0.0112992 secs] [Times: user=0.06 sys=0.00, real=0.01 secs]
2325.749: [GC [PSYoungGen: 52224K->256K(58880K)] 528073K->476105K(779776K), 0.0112992 secs] [Times: user=0.06 sys=0.00, real=0.01 secs]
2325.749: [GC [PSYoungGen: 52224K->256K(58880K)] 528073K->476105K(779776K), 0.0112992 secs] [Times: user=0.06 sys=0.00, real=0.01 secs]
2325.749: [GC [PSYoungGen: 52224K->256K(58880K)] 528073K->476105K(779776K), 0.0112992 secs] [Times: user=0.06 sys=0.00, real=0.01 secs]
2325.749: [GC [PSYoungGen: 52224K->256K(58880K)] 528073K->476105K(779776K), 0.0112992 secs] [Times: user=0.06 sys=0.00, real=0.01 secs]
2325.749: [GC [PSYoungGen: 52224K->256K(58880K)] 528073K->476105K(779776K), 0.0112992 secs] [Times: user=0.06 sys=0.00, real=0.01 secs]
2325.749: [GC [PSYoungGen: 52224K->256K(58880K)] 528073K->476105K(779776K), 0.0112992 secs] [Times: user=0.06 sys=0.00, real=0.01 secs]
2325.749: [GC [PSYoungGen: 52224K->256K(58880K)] 528073K->476105K(779776K), 0.0112992 secs] [Times: user=0.06 sys=0.00, real=0.01 secs]
2325.749: [GC [PSYoungGen: 52224K->256K(58880K)] 528073K->476105K(779776K), 0.0112992 secs] [Times: user=0.06 sys=0.00, real=0.01 secs]
2325.749: [GC [PSYoungGen: 52224K->256K(58880K)] 528073K->476105K(779776K), 0.0112992 secs] [Times: user=0.06 sys=0.00, real=0.01 secs]
2325.749: [GC [PSYoungGen: 52224K->256K(58880K)] 528073K->476105K(779776K), 0.0112992 secs] [Times: user=0.06 sys=0.00, real=0.01 secs]
2325.749: [GC [PSYoungGen: 52224K->256K(58880K)] 528073K->476105K(779776K), 0.0112992 secs] [Times: user=0.06 sys=0.00, real=0.01 secs]
2325.749: [GC [PSYoungGen: 52224K->256K(58880K)] 528073K->476105K(779776K), 0.0112992 secs] [Times: user=0.06 sys=0.00, real=0.01 secs]
2325.749: [GC [PSYoungGen: 52224K->256K(58880K)] 528073K->476105K(779776K), 0.0112992 secs] [Times: user=0.06 sys=0.00, real=0.01 secs]
2325.749: [GC [PSYoungGen: 52224K->256K(58880K)] 528073K->476105K(779776K), 0.0112992 secs] [Times: user=0.06 sys=0.00, real=0.01 secs]
2325.749: [GC [PSYoungGen: 52224K->256K(58880K)] 528073K->476105K(779776K), 0.0112992 secs] [Times: user=0.06 sys=0.00, real=0.01 secs]
2325.749: [GC [PSYoungGen: 52224K->256K(58880K)] 528073K->476105K(779776K), 0.0112992 secs] [Times: user=0.06 sys=0.00, real=0.01 secs]
2325.749: [GC [PSYoungGen: 52224K->256K(58880K)] 528073K->476105K(779776K), 0.0112992 secs] [Times: user=0.06 sys=0.00, real=0.01 secs]
2325.749: [GC [PSYoungGen: 52224K->256K(58880K)] 528073K->476105K(779776K), 0.0112992 secs] [Times: user=0.06 sys=0.00, real=0.01 secs]
2325.749: [GC [PSYoungGen: 52224K->256K(58880K)] 528073K->476105K(779776K), 0.0112992 secs] [Times: user=0.06 sys=0.00, real=0.01 secs]
2325.749: [GC [PSYoungGen: 52224K->256K(58880K)] 528073K->476105K(779776K), 0.0112992 secs] [Times: user=0.06 sys=0.00, real=0.01 secs]
2325.749: [GC [PSYoungGen: 52224K->256K(58880K)] 528073K->476105K(779776K), 0.0112992 secs] [Times: user=0.06 sys=0.00, real=0.01 secs]
2325.749: [GC [PSYoungGen: 52224K->256K(58880K)] 528073K->476105K(779776K), 0.0112992 secs] [Times: user=0.06 sys=0.00, real=0.01 secs]
2325.749: [GC [PSYoungGen: 52224K->256K(58880K)] 528073K->476105K(779776K), 0.0112992 secs] [Times: user=0.06 sys=0.00, real=0.01 secs]
2325.749: [GC [PSYoungGen: 52224K->256K(58880K)] 528073K->476105K(779776K), 0.0112992 secs] [Times: user=0.06 sys=0.00, real=0.01 secs]
2325.749: [GC [PSYoungGen: 52224K->256K(58880K)] 528073K->476105K(779776K), 0.0112992 secs] [Times: user=0.06 sys=0.00, real=0.01 secs]
2325.749: [GC [PSYoungGen: 52224K->256K(58880K)] 528073K->476105K(779776K), 0.0112992 secs] [Times: user=0.06 sys=0.00, real=0.01 secs]
2325.749: [GC [PSYoungGen: 52224K->256K(58880K)] 528073K->476105K(779776K), 0.0112992 secs] [Times: user=0.06 sys=0.00, real=0.01 secs]
2325.749: [GC [PSYoungGen: 52224K->256K(58880K)] 528073K->476105K(779776K), 0.0112992 secs] [Times: user=0.06 sys=0.00, real=0.01 secs]
2325.749: [GC [PSYoungGen: 52224K->256K(58880K)] 528073K->476105K(779776K), 0.0112992 secs] [Times: user=0.06 sys=0.00, real=0.01 secs]
2325.749: [GC [PSYoungGen: 52224K->256K(58880K)] 528073K->476105K(779776K), 0.0112992 secs] [Times: user=0.06 sys=0.00, real=0.01 secs]
2325.749: [GC [PSYoungGen: 52224K->256K(58880K)] 528073K->476105K(779776K), 0.0112992 secs] [Times: user=0.06 sys=0.00, real=0.01 secs]
2325.749: [GC [PSYoungGen: 52224K->256K(58880K)] 528073K->476105K(779776K), 0.0112992 secs] [Times: user=0.06 sys=0.00, real=0.01 secs]
2325.749: [GC [PSYoungGen: 52224K->256K(58880K)] 528073K->476105K(779776K), 0.0112992 secs] [Times: user=0.06 sys=0.00, real=0.01 secs]
2325.749: [GC [PSYoungGen: 52224K->256K(58880K)] 528073K->476105K(779776K), 0.0112992 secs] [Times: user=0.06 sys=0.00, real=0.01 secs]
2325.749: [GC [PSYoungGen: 52224K->256K(58880K)] 528073K->476105K(779776K), 0.0112992 secs] [Times: user=0.06 sys=0.00, real=0.01 secs]
2325.749: [GC [PSYoungGen: 52224K->256K(58880K)] 528073K->476105K(779776K), 0.0112992 secs] [Times: user=0.06 sys=0.00, real=0.01 secs]
2325.749: [GC [PSYoungGen: 52224K->256K(58880K)] 528073K->476105K(779776K), 0.0112992 secs] [Times: user=0.06 sys=0.00, real=0.01 secs]
2325.749: [GC [PSYoungGen: 52224K->256K(58880K)] 528073K->476105K(779776K), 0.0112992 secs] [Times: user=0.06 sys=0.00, real=0.01 secs]
2325.749: [GC [PSYoungGen: 52224K->256K(58880K)] 528073K->476105K(779776K), 0.0112992 secs] [Times: user=0.06 sys=0.00, real=0.01 secs]
2325.749: [GC [PSYoungGen: 52224K->256K(58880K)] 528073K->476105K(779776K), 0.0112992 secs] [Times: user=0.06 sys=0.00, real=0.01 secs]
2325.749: [GC [PSYoungGen: 52224K->256K(58880K)] 528073K->476105K(779776K), 0.0112992 secs] [Times: user=0.06 sys=0.00, real=0.01 secs]
2325.749: [GC [PSYoungGen: 52224K->256K(58880K)] 528073K->476105K(779776K), 0.0112992 secs] [Times: user=0.06 sys=0.00, real=0.01 secs]
2325.749: [GC [PSYoungGen: 52224K->256K(58880K)] 528073K->476105K(779776K), 0.0112992 secs] [Times: user=0.06 sys=0.00, real=0.01 secs]
2325.749: [GC [PSYoungGen: 52224K->256K(58880K)] 528073K->476105K(779776K), 0.0112992 secs] [Times: user=0.06 sys=0.00, real=0.01 secs]
2325.749: [GC [PSYoungGen: 52224K->256K(58880K)] 528073K->476105K(779776K), 0.0112992 secs] [Times: user=0.06 sys=0.00, real=0.01 secs]
2325.749: [GC [PSYoungGen: 52224K->256K(58880K)] 528073K->476105K(779776K), 0.0112992 secs] [Times: user=0.06 sys=0.00, real=0.01 secs]
2325.749: [GC [PSYoungGen: 52224K->256K(58880K)] 528073K->476105K(779776K), 0.0112992 secs] [Times: user=0.06 sys=0.00, real=0.01 secs]
2325.749: [GC [PSYoungGen: 52224K->256K(58880K)] 528073K->476105K(779776K), 0.0112992 secs] [Times: user=0.06 sys=0.00, real=0.01 secs]
2325.749: [GC [PSYoungGen: 52224K->256K(58880K)] 528073K->476105K(779776K), 0.0112992 secs] [Times: user=0.06 sys=0.00, real=0.01 secs]
2325.749: [GC [PSYoungGen: 52224K->256K(58880K)] 528073K->476105K(779776K), 0.0112992 secs] [Times: user=0.06 sys=0.00, real=0.01 secs]
2325.749: [GC [PSYoungGen: 52224K->256K(58880K)] 528073K->476105K(779776K), 0.0112992 secs] [Times: user=0.06 sys=0.00, real=0.01 secs]
2325.749: [GC [PSYoungGen: 52224K->256K(58880K)] 528073K->476105K(779776K), 0.0112992 secs] [Times: user=0.06 sys=0.00, real=0.01 secs]
2325.749: [GC [PSYoungGen: 52224K->256K(58880K)] 528073K->476105K(779776K), 0.0112992 secs] [Times: user=0.06 sys=0.00, real=0.01 secs]
2325.749: [GC [PSYoungGen: 52224K->256K(58880K)] 528073K->476105K(779776K), 0.0112992 secs] [Times: user=0.06 sys=0.00, real=0.01 secs]
2325.749: [GC [PSYoungGen: 52224K->256K(58880K)] 528073K->476105K(779776K), 0.0112992 secs] [Times: user=0.06 sys=0.00, real=0.01 secs]
2325.749: [GC [PSYoungGen: 52224K->256K(58880K)] 528073K->476105K(779776K), 0.0112992 secs] [Times: user=0.06 sys=0.00, real=0.01 secs]
2325.749: [GC [PSYoungGen: 52224K->256K(58880K)] 528073K->476105K(779776K), 0.0112992 secs] [Times: user=0.06 sys=0.00, real=0.01 secs]
2325.749: [GC [PSYoungGen: 52224K->256K(58880K)] 528073K->476105K(779776K), 0.0112992 secs] [Times: user=0.06 sys=0.00, real=0.01 secs]
2325.749: [GC [PSYoungGen: 52224K->256K(58880K)] 528073K->476105K(779776K), 0.0112992 secs] [Times: user=0.06 sys=0.00, real=0.01 secs]
2325.749: [GC [PSYoungGen: 52224K->256K(58880K)] 528073K->476105K(779776K), 0.0112992 secs] [Times: user=0.06 sys=0.00, real=0.01 secs]
2325.749: [GC [PSYoungGen: 52224K->256K(58880K)] 528073K->476105K(779776K), 0.0112992 secs] [Times: user=0.06 sys=0.00, real=0.01 secs]
2325.749: [GC [PSYoungGen: 52224K->256K(58880K)] 528073K->476105K(779776K), 0.0112992 secs] [Times: user=0.06 sys=0.00, real=0.01 secs]
2325.749: [GC [PSYoungGen: 52224K->256K(58880K)] 528073K->476105K(779776K), 0.0112992 secs] [Times: user=0.06 sys=0.00, real=0.01 secs]
2325.749: [GC [PSYoungGen: 52224K->256K(58880K)] 528073K->476105K(779776K), 0.0112992 secs] [Times: user=0.06 sys=0.00, real=0.01 secs]
2325.749: [GC [PSYoungGen: 52224K->256K(58880K)] 528073K->476105K(779776K), 0.0112992 secs] [Times: user=0.06 sys=0.00, real=0.01 secs]
2325.749: [GC [PSYoungGen: 52224K->256K(58880K)] 528073K->476105K(779776K), 0.0112992 secs] [Times: user=0.06 sys=0.00, real=0.01 secs]
2325.749: [GC [PSYoungGen: 52224K->256K(58880K)] 528073K->476105K(779776K), 0.0112992 secs] [Times: user=0.06 sys=0.00, real=0.01 secs]
2325.749: [GC [PSYoungGen: 52224K->256K(58880K)] 528073K->476105K(779776K), 0.0112992 secs] [Times: user=0.06 sys=0.00, real=0.01 secs]
2325.749: [GC [PSYoungGen: 52224K->256K(58880K)] 528073K->476105K(779776K), 0.0112992 secs] [Times: user=0.06 sys=0.00, real=0.01 secs]
2325.749: [GC [PSYoungGen: 52224K->256K(58880K)] 528073K->476105K(779776K), 0.0112992 secs] [Times: user=0.06 sys=0.00, real=0.01 secs]
2325.749: [GC [PSYoungGen: 52224K->256K(58880K)] 528073K->476105K(779776K), 0.0112992 secs] [Times: user=0.06 sys=0.00, real=0.01 secs]
2325.749: [GC [PSYoungGen: 52224K->256K(58880K)] 528073K->476105K(779776K), 0.0112992 secs] [Times: user=0.06 sys=0.00, real=0.01 secs]
2325.749: [GC [PSYoungGen: 52224K->256K(58880K)] 528073K->476105K(779776K), 0.0112992 secs] [Times: user=0.06 sys=0.00, real=0.01 secs]
2325.749: [GC [PSYoungGen: 52224K->256K(58880K)] 528073K->476105K(779776K), 0.0112992 secs] [Times: user=0.06 sys=0.00, real=0.01 secs]
2325.749: [GC [PSYoungGen: 52224K->256K(58880K)] 528073K->476105K(779776K), 0.0112992 secs] [Times: user=0.06 sys=0.00, real=0.01 secs]
2325.749: [GC [PSYoungGen: 52224K->256K(58880K)] 528073K->476105K(779776K), 0.0112992 secs] [Times: user=0.06 sys=0.00, real=0.01 secs]
2325.749: [GC [PSYoungGen: 52224K->256K(58880K)] 528073K->476105K(779776K), 0.0112992 secs] [Times: user=0.06 sys=0.00, real=0.01 secs]
2325.749: [GC [PSYoungGen: 52224K->256K(58880K)] 528073K->476105K(779776K), 0.0112992 secs] [Times: user=0.06 sys=0.00, real=0.01 secs]
2325.749: [GC [PSYoungGen: 52224K->256K(58880K)] 528073K->476105K(779776K), 0.0112992 secs] [Times: user=0.06 sys=0.00, real=0.01 secs]
2325.749: [GC [PSYoungGen: 52224K->256K(58880K)] 528073K->476105K(779776K), 0.0112992 secs] [Times: user=0.06 sys=0.00, real=0.01 secs]
2325.749: [GC [PSYoungGen: 52224K->256K(58880K)] 528073K->476105K(779776K), 0.0112992 secs] [Times: user=0.06 sys=0.00, real=0.01 secs]
2325.749: [GC [PSYoungGen: 52224K->256K(58880K)] 528073K->476105K(779776K), 0.0112992 secs] [Times: user=0.06 sys=0.00, real=0.01 secs]
2325.749: [GC [PSYoungGen: 52224K->256K(58880K)] 528073K->476105K(779776K), 0.0112992 secs] [Times: user=0.06 sys=0.00, real=0.01 secs]
2325.749: [GC [PSYoungGen: 52224K->256K(58880K)] 528073K->476105K(779776K), 0.0112992 secs] [Times: user=0.06 sys=0.00, real=0.01 secs]
2325.749: [GC [PSYoungGen: 52224K->256K(58880K)] 528073K->476105K(779776K), 0.0112992 secs] [Times: user=0.06 sys=0.00, real=0.01 secs]
2325.749: [GC [PSYoungGen: 52224K->256K(58880K)] 528073K->476105K(779776K), 0.0112992 secs] [Times: user=0.06 sys=0.00, real=0.01 secs]
2325.749: [GC [PSYoungGen: 52224K->256K(58880K)] 528073K->476105K(779776K), 0.0112992 secs] [Times: user=0.06 sys=0.00, real=0.01 secs]
2325.749: [GC [PSYoungGen: 52224K->256K(58880K)] 528073K->476105K(779776K), 0.0112992 secs] [Times: user=0.06 sys=0.00, real=0.01 secs]
2325.749: [GC [PSYoungGen: 52224K->256K(58880K)] 528073K->476105K(779776K), 0.0112992 secs] [Times: user=0.06 sys=0.00, real=0.01 secs]
2325.749: [GC [PSYoungGen: 52224K->256K(58880K)] 528073K->476105K(779776K), 0.0112992 secs] [Times: user=0.06 sys=0.00, real=0.01 secs]
2325.749: [GC [PSYoungGen: 52224K->256K(58880K)] 528073K->476105K(779776K), 0.0112992 secs] [Times: user=0.06 sys=0.00, real=0.01 secs]
2325.749: [GC [PSYoungGen: 52224K->256K(58880K)] 528073K->476105K(779776K), 0.0112992 secs] [Times: user=0.06 sys=0.00, real=0.01 secs]
2325.749: [GC [PSYoungGen: 52224K->256K(58880K)] 528073K->476105K(779776K), 0.0112992 secs] [Times: user=0.06 sys=0.00, real=0.01 secs]
2325.749: [GC [PSYoungGen: 52224K->256K(58880K)] 528073K->476105K(779776K), 0.0112992 secs] [Times: user=0.06 sys=0.00, real=0.01 secs]
2325.749: [GC [PSYoungGen: 52224K->256K(58880K)] 528073K->476105K(779776K), 0.0112992 secs] [Times: user=0.06 sys=0.00, real=0.01 secs]
2325.749: [GC [PSYoungGen: 52224K->256K(58880K)] 528073K->476105K(779776K), 0.0112992 secs] [Times: user=0.06 sys=0.00, real=0.01 secs]
2325.749: [GC [PSYoungGen: 52224K->256K(58880K)] 528073K->476105K(779776K), 0.0112992 secs] [Times: user=0.06 sys=0.00, real=0.01 secs]
2325.749: [GC [PSYoungGen: 52224K->256K(58880K)] 528073K->476105K(779776K), 0.0112992 secs] [Times: user=0.06 sys=0.00, real=0.01 secs]
2325.749: [GC [PSYoungGen: 52224K->256K(58880K)] 528073K->476105K(779776K), 0.0112992 secs] [Times: user=0.06 sys=0.00, real=0.01 secs]
2325.749: [GC [PSYoungGen: 52224K->256K(58880K)] 528073K->476105K(779776K), 0.0112992 secs] [Times: user=0.06 sys=0.00, real=0.01 secs]
2325.749: [GC [PSYoungGen: 52224K->256K(58880K)] 528073K->476105K(779776K), 0.0112992 secs] [Times: user=0.06 sys=0.00, real=0.01 secs]
2325.749: [GC [PSYoungGen: 52224K->256K(58880K)] 528073K->476105K(779776K), 0.0112992 secs] [Times: user=0.06 sys=0.00, real=0.01 secs]
2325.749: [GC [PSYoungGen: 52224K->256K(58880K)] 528073K->476105K(779776K), 0.0112992 secs] [Times: user=0.06 sys=0.00, real=0.01 secs]
2325.749: [GC [PSYoungGen: 52224K->256K(58880K)] 528073K->476105K(779776K), 0.0112992 secs] [Times: user=0.06 sys=0.00, real=0.01 secs]
2325.749: [GC [PSYoungGen: 52224K->256K(58880K)] 528073K->476105K(779776K), 0.0112992 secs] [Times: user=0.06 sys=0.00, real=0.01 secs]
2325.749: [GC [PSYoungGen: 52224K->256K(58880K)] 528073K->476105K(779776K), 0.0112992 secs] [Times: user=0.06 sys=0.00, real=0.01 secs]
2325.749: [GC [PSYoungGen: 52224K->256K(58880K)] 528073K->476105K(779776K), 0.0112992 secs] [Times: user=0.06 sys=0.00, real=0.01 secs]
2325.749: [GC [PSYoungGen: 52224K->256K(58880K)] 528073K->476105K(779776K), 0.0112992 secs] [Times: user=0.06 sys=0.00, real=0.01 secs]
2325.749: [GC [PSYoungGen: 52224K->256K(58880K)] 528073K->476105K(779776K), 0.0112992 secs] [Times: user=0.06 sys=0.00, real=0.01 secs]
2325.749: [GC [PSYoungGen: 52224K->256K(58880K)] 528073K->476105K(779776K), 0.0112992 secs] [Times: user=0.06 sys=0.00, real=0.01 secs]
2325.749: [GC [PSYoungGen: 52224K->256K(58880K)] 528073K->476105K(779776K), 0.0112992 secs] [Times: user=0.06 sys=0.00, real=0.01 secs]
2325.749: [GC [PSYoungGen: 52224K->256K(58880K)] 528073K->476105K(779776K), 0.0112992 secs] [Times: user=0.06 sys=0.00, real=0.01 secs]
2325.749: [GC [PSYoungGen: 52224K->256K(58880K)] 528073K->476105K(779776K), 0.0112992 secs] [Times: user=0.06 sys=0.00, real=0.01 secs]
2325.749: [GC [PSYoungGen: 52224K->256K(58880K)] 528073K->476105K(779776K), 0.0112992 secs] [Times: user=0.06 sys=0.00, real=0.01 secs]
2325.749: [GC [PSYoungGen: 52224K->256K(58880K)] 528073K->476105K(779776K), 0.0112992 secs] [Times: user=0.06 sys=0.00, real=0.01 secs]
2325.749: [GC [PSYoungGen: 52224K->256K(58880K)] 528073K->476105K(779776K), 0.0112992 secs] [Times: user=0.06 sys=0.00, real=0.01 secs]
2325.749: [GC [PSYoungGen: 52224K->256K(58880K)] 528073K->476105K(779776K), 0.0112992 secs] [Times: user=0.06 sys=0.00, real=0.01 secs]
2325.749: [GC [PSYoungGen: 52224K->256K(58880K)] 528073K->476105K(779776K), 0.0112992 secs] [Times: user=0.06 sys=0.00, real=0.01 secs]
2325.749: [GC [PSYoungGen: 52224K->256K(58880K)] 528073K->476105K(779776K), 0.0112992 secs] [Times: user=0.06 sys=0.00, real=0.01 secs]
2325.749: [GC [PSYoungGen: 52224K->256K(58880K)] 528073K->476105K(779776K), 0.0112992 secs] [Times: user=0.06 sys=0.00, real=0.01 secs]
2325.749: [GC [PSYoungGen: 52224K->256K(58880K)] 528073K->476105K(779776K), 0.0112992 secs] [Times: user=0.06 sys=0.00, real=0.01 secs]
2325.749: [GC [PSYoungGen: 52224K->256K(58880K)] 528073K->476105K(779776K), 0.0112992 secs] [Times: user=0.06 sys=0.00, real=0.01 secs]
2325.749: [GC [PSYoungGen: 52224K->256K(58880K)] 528073K->476105K(779776K), 0.0112992 secs] [Times: user=0.06 sys=0.00, real=0.01 secs]
2325.749: [GC [PSYoungGen: 52224K->256K(58880K)] 528073K->476105K(779776K), 0.0112992 secs] [Times: user=0.06 sys=0.00, real=0.01 secs]
2325.749: [GC [PSYoungGen: 52224K->256K(58880K)] 528073K->476105K(779776K), 0.0112992 secs] [Times: user=0.06 sys=0.00, real=0.01 secs]
2325.749: [GC [PSYoungGen: 52224K->256K(58880K)] 528073K->476105K(779776K), 0.0112992 secs] [Times: user=0.06 sys=0.00, real=0.01 secs]
2325.749: [GC [PSYoungGen: 52224K->256K(58880K)] 528073K->476105K(779776K), 0.0112992 secs] [Times: user=0.06 sys=0.00, real=0.01 secs]
2325.749: [GC [PSYoungGen: 52224K->256K(58880K)] 528073K->476105K(779776K), 0.0112992 secs] [Times: user=0.06 sys=0.00, real=0.01 secs]
2325.749: [GC [PSYoungGen: 52224K->256K(58880K)] 528073K->476105K(779776K), 0.0112992 secs] [Times: user=0.06 sys=0.00, real=0.01 secs]
2325.749: [GC [PSYoungGen: 52224K->256K(58880K)] 528073K->476105K(779776K), 0.0112992 secs] [Times: user=0.06 sys=0.00, real=0.01 secs]
2325.749: [GC [PSYoungGen: 52224K->256K(58880K)] 528073K->476105K(779776K), 0.0112992 secs] [Times: user=0.06 sys=0.00, real=0.01 secs]
2325.749: [GC [PSYoungGen: 52224K->256K(58880K)] 528073K->476105K(779776K), 0.0112992 secs] [Times: user=0.06 sys=0.00, real=0.01 secs]
2325.749: [GC [PSYoungGen: 52224K->256K(58880K)] 528073K->476105K(779776K), 0.0112992 secs] [Times: user=0.06 sys=0.00, real=0.01 secs]
2325.749: [GC [PSYoungGen: 52224K->256K(58880K)] 528073K->476105K(779776K), 0.0112992 secs] [Times: user=0.06 sys=0.00, real=0.01 secs]
2325.749: [GC [PSYoungGen: 52224K->256K(58880K)] 528073K->476105K(779776K), 0.0112992 secs] [Times: user=0.06 sys=0.00, real=0.01 secs]
2325.749: [GC [PSYoungGen: 52224K->256K(58880K)] 528073K->476105K(779776K), 0.0112992 secs] [Times: user=0.06 sys=0.00, real=0.01 secs]
2325.749: [GC [PSYoungGen: 52224K->256K(58880K)] 528073K->476105K(779776K), 0.0112992 secs] [Times: user=0.06 sys=0.00, real=0.01 secs]
2325.749: [GC [PSYoungGen: 52224K->256K(58880K)] 528073K->476105K(779776K), 0.0112992 secs] [Times: user=0.06 sys=0.00, real=0.01 secs]
2325.749: [GC [PSYoungGen: 52224K->256K(58880K)] 528073K->476105K(779776K), 0.0112992 secs] [Times: user=0.06 sys=0.00, real=0.01 secs]
2325.749: [GC [PSYoungGen: 52224K->256K(58880K)] 528073K->476105K(779776K), 0.0112992 secs] [Times: user=0.06 sys=0.00, real=0.01 secs]
2325.749: [GC [PSYoungGen: 52224K->256K(58880K)] 528073K->476105K(779776K), 0.0112992 secs] [Times: user=0.06 sys=0.00, real=0.01 secs]
2325.749: [GC [PSYoungGen: 52224K->256K(58880K)] 528073K->476105K(779776K), 0.0112992 secs] [Times: user=0.06 sys=0.00, real=0.01 secs]
2325.749: [GC [PSYoungGen: 52224K->256K(58880K)] 528073K->476105K(779776K), 0.0112992 secs] [Times: user=0.06 sys=0.00, real=0.01 secs]
2325.749: [GC [PSYoungGen: 52224K->256K(58880K)] 528073K->476105K(779776K), 0.0112992 secs] [Times: user=0.06 sys=0.00, real=0.01 secs]
2325.749: [GC [PSYoungGen: 52224K->256K(58880K)] 528073K->476105K(779776K), 0.0112992 secs] [Times: user=0.06 sys=0.00, real=0.01 secs]
2325.749: [GC [PSYoungGen: 52224K->256K(58880K)] 528073K->476105K(779776K), 0.0112992 secs] [Times: user=0.06 sys=0.00, real=0.01 secs]
2325.749: [GC [PSYoungGen: 52224K->256K(58880K)] 528073K->476105K(779776K), 0.0112992 secs] [Times: user=0.06 sys=0.00, real=0.01 secs]
2325.749: [GC [PSYoungGen: 52224K->256K(58880K)] 528073K->476105K(779776K), 0.0112992 secs] [Times: user=0.06 sys=0.00, real=0.01 secs]
2325.749: [GC [PSYoungGen: 52224K->256K(58880K)] 528073K->476105K(779776K), 0.0112992 secs] [Times: user=0.06 sys=0.00, real=0.01 secs]
2325.749: [GC [PSYoungGen: 52224K->256K(58880K)] 528073K->476105K(779776K), 0.0112992 secs] [Times: user=0.06 sys=0.00, real=0.01 secs]
2325.749: [GC [PSYoungGen: 52224K->256K(58880K)] 528073K->476105K(779776K), 0.0112992 secs] [Times: user=0.06 sys=0.00, real=0.01 secs]
2325.749: [GC [PSYoungGen: 52224K->256K(58880K)] 528073K->476105K(779776K), 0.0112992 secs] [Times: user=0.06 sys=0.00, real=0.01 secs]
2325.749: [GC [PSYoungGen: 52224K->256K(58880K)] 528073K->476105K(779776K), 0.0112992 secs] [Times: user=0.06 sys=0.00, real=0.01 secs]
2325.749: [GC [PSYoungGen: 52224K->256K(58880K)] 528073K->476105K(779776K), 0.0112992 secs] [Times: user=0.06 sys=0.00, real=0.01 secs]
2325.749: [GC [PSYoungGen: 52224K->256K(58880K)] 528073K->476105K(779776K), 0.0112992 secs] [Times: user=0.06 sys=0.00, real=0.01 secs]
2325.749: [GC [PSYoungGen: 52224K->256K(58880K)] 528073K->476105K(779776K), 0.0112992 secs] [Times: user=0.06 sys=0.00, real=0.01 secs]
2325.749: [GC [PSYoungGen: 52224K->256K(58880K)] 528073K->476105K(779776K), 0.0112992 secs] [Times: user=0.06 sys=0.00, real=0.01 secs]
2325.749: [GC [PSYoungGen: 52224K->256K(58880K)] 528073K->476105K(779776K), 0.0112992 secs] [Times: user=0.06 sys=0.00, real=0.01 secs]
2325.749: [GC [PSYoungGen: 52224K->256K(58880K)] 528073K->476105K(779776K), 0.0112992 secs] [Times: user=0.06 sys=0.00, real=0.01 secs]
2325.749: [GC [PSYoungGen: 52224K->256K(58880K)] 528073K->476105K(779776K), 0.0112992 secs] [Times: user=0.06 sys=0.00, real=0.01 secs]
2325.749: [GC [PSYoungGen: 52224K->256K(58880K)] 528073K->476105K(779776K), 0.0112992 secs] [Times: user=0.06 sys=0.00, real=0.01 secs]
2325.749: [GC [PSYoungGen: 52224K->256K(58880K)] 528073K->476105K(779776K), 0.0112992 secs] [Times: user=0.06 sys=0.00, real=0.01 secs]
2325.749: [GC [PSYoungGen: 52224K->256K(58880K)] 528073K->476105K(779776K), 0.0112992 secs] [Times: user=0.06 sys=0.00, real=0.01 secs]
2325.749: [GC [PSYoungGen: 52224K->256K(58880K)] 528073K->476105K(779776K), 0.0112992 secs] [Times: user=0.06 sys=0.00, real=0.01 secs]
2325.749: [GC [PSYoungGen: 52224K->256K(58880K)] 528073K->476105K(779776K), 0.0112992 secs] [Times: user=0.06 sys=0.00, real=0.01 secs]
2325.749: [GC [PSYoungGen: 52224K->256K(58880K)] 528073K->476105K(779776K), 0.0112992 secs] [Times: user=0.06 sys=0.00, real=0.01 secs]
2325.749: [GC [PSYoungGen: 52224K->256K(58880K)] 528073K->476105K(779776K), 0.0112992 secs] [Times: user=0.06 sys=0.00, real=0.01 secs]
2325.749: [GC [PSYoungGen: 52224K->256K(58880K)] 528073K->476105K(779776K), 0.0112992 secs] [Times: user=0.06 sys=0.00, real=0.01 secs]
2325.749: [GC [PSYoungGen: 52224K->256K(58880K)] 528073K->476105K(779776K), 0.0112992 secs] [Times: user=0.06 sys=0.00, real=0.01 secs]
2325.749: [GC [PSYoungGen: 52224K->256K(58880K)] 528073K->476105K(779776K), 0.0112992 secs] [Times: user=0.06 sys=0.00, real=0.01 secs]
2325.749: [GC [PSYoungGen: 52224K->256K(58880K)] 528073K->476105K(779776K), 0.0112992 secs] [Times: user=0.06 sys=0.00, real=0.01 secs]
2325.749: [GC [PSYoungGen: 52224K->256K(58880K)] 528073K->476105K(779776K), 0.0112992 secs] [Times: user=0.06 sys=0.00, real=0.01 secs]
2325.749: [GC [PSYoungGen: 52224K->256K(58880K)] 528073K->476105K(779776K), 0.0112992 secs] [Times: user=0.06 sys=0.00, real=0.01 secs]
2325.749: [GC [PSYoungGen: 52224K->256K(58880K)] 528073K->476105K(779776K), 0.0112992 secs] [Times: user=0.06 sys=0.00, real=0.01 secs]
2325.749: [GC [PSYoungGen: 52224K->256K(58880K)] 528073K->476105K(779776K), 0.0112992 secs] [Times: user=0.06 sys=0.00, real=0.01 secs]
2325.749: [GC [PSYoungGen: 52224K->256K(58880K)] 528073K->476105K(779776K), 0.0112992 secs] [Times: user=0.06 sys=0.00, real=0.01 secs]
2325.749: [GC [PSYoungGen: 52224K->256K(58880K)] 528073K->476105K(779776K), 0.0112992 secs] [Times: user=0.06 sys=0.00, real=0.01 secs]
2325.749: [GC [PSYoungGen: 52224K->256K(58880K)] 528073K->476105K(779776K), 0.0112992 secs] [Times: user=0.06 sys=0.00, real=0.01 secs]
2325.749: [GC [PSYoungGen: 52224K->256K(58880K)] 528073K->476105K(779776K), 0.0112992 secs] [Times: user=0.06 sys=0.00, real=0.01 secs]
2325.749: [GC [PSYoungGen: 52224K->256K(58880K)] 528073K->476105K(779776K), 0.0112992 secs] [Times: user=0.06 sys=0.00, real=0.01 secs]
2325.749: [GC [PSYoungGen: 52224K->256K(58880K)] 528073K->476105K(779776K), 0.0112992 secs] [Times: user=0.06 sys=0.00, real=0.01 secs]
2325.749: [GC [PSYoungGen: 52224K->256K(58880K)] 528073K->476105K(779776K), 0.0112992 secs] [Times: user=0.06 sys=0.00, real=0.01 secs]
2325.749: [GC [PSYoungGen: 52224K->256K(58880K)] 528073K->476105K(779776K), 0.0112992 secs] [Times: user=0.06 sys=0.00, real=0.01 secs]
2325.749: [GC [PSYoungGen: 52224K->256K(58880K)] 528073K->476105K(779776K), 0.0112992 secs] [Times: user=0.06 sys=0.00, real=0.01 secs]
2325.749: [GC [PSYoungGen: 52224K->256K(58880K)] 528073K->476105K(779776K), 0.0112992 secs] [Times: user=0.06 sys=0.00, real=0.01 secs]
2325.749: [GC [PSYoungGen: 52224K->256K(58880K)] 528073K->476105K(779776K), 0.0112992 secs] [Times: user=0.06 sys=0.00, real=0.01 secs]
2325.749: [GC [PSYoungGen: 52224K->256K(58880K)] 528073K->476105K(779776K), 0.0112992 secs] [Times: user=0.06 sys=0.00, real=0.01 secs]
2325.749: [GC [PSYoungGen: 52224K->256K(58880K)] 528073K->476105K(779776K), 0.0112992 secs] [Times: user=0.06 sys=0.00, real=0.01 secs]
2325.749: [GC [PSYoungGen: 52224K->256K(58880K)] 528073K->476105K(779776K), 0.0112992 secs] [Times: user=0.06 sys=0.00, real=0.01 secs]
2325.749: [GC [PSYoungGen: 52224K->256K(58880K)] 528073K->476105K(779776K), 0.0112992 secs] [Times: user=0.06 sys=0.00, real=0.01 secs]
2325.749: [GC [PSYoungGen: 52224K->256K(58880K)] 528073K->476105K(779776K), 0.0112992 secs] [Times: user=0.06 sys=0.00, real=0.01 secs]
2325.749: [GC [PSYoungGen: 52224K->256K(58880K)] 528073K->476105K(779776K), 0.0112992 secs] [Times: user=0.06 sys=0.00, real=0.01 secs]
2325.749: [GC [PSYoungGen: 52224K->256K(58880K)] 528073K->476105K(779776K), 0.0112992 secs] [Times: user=0.06 sys=0.00, real=0.01 secs]
2325.749: [GC [PSYoungGen: 52224K->256K(58880K)] 528073K->476105K(779776K), 0.0112992 secs] [Times: user=0.06 sys=0.00, real=0.01 secs]
2325.749: [GC [PSYoungGen: 52224K->256K(58880K)] 528073K->476105K(779776K), 0.0112992 secs] [Times: user=0.06 sys=0.00, real=0.01 secs]
2325.749: [GC [PSYoungGen: 52224K->256K(58880K)] 528073K->476105K(779776K), 0.0112992 secs] [Times: user=0.06 sys=0.00, real=0.01 secs]
2325.749: [GC [PSYoungGen: 52224K->256K(58880K)] 528073K->476105K(779776K), 0.0112992 secs] [Times: user=0.06 sys=0.00, real=0.01 secs]
2325.749: [GC [PSYoungGen: 52224K->256K(58880K)] 528073K->476105K(779776K), 0.0112992 secs] [Times: user=0.06 sys=0.00, real=0.01 secs]
2325.749: [GC [PSYoungGen: 52224K->256K(58880K)] 528073K->476105K(779776K), 0.0112992 secs] [Times: user=0.06 sys=0.00, real=0.01 secs]
2325.749: [GC [PSYoungGen: 52224K->256K(58880K)] 528073K->476105K(779776K), 0.0112992 secs] [Times: user=0.06 sys=0.00, real=0.01 secs]
2325.749: [GC [PSYoungGen: 52224K->256K(58880K)] 528073K->476105K(779776K), 0.0112992 secs] [Times: user=0.06 sys=0.00, real=0.01 secs]
2325.749: [GC [PSYoungGen: 52224K->256K(58880K)] 528073K->476105K(779776K), 0.0112992 secs] [Times: user=0.06 sys=0.00, real=0.01 secs]
2325.749: [GC [PSYoungGen: 52224K->256K(58880K)] 528073K->476105K(779776K), 0.0112992 secs] [Times: user=0.06 sys=0.00, real=0.01 secs]
2325.749: [GC [PSYoungGen: 52224K->256K(58880K)] 528073K->476105K(779776K), 0.0112992 secs] [Times: user=0.06 sys=0.00, real=0.01 secs]
2325.749: [GC [PSYoungGen: 52224K->256K(58880K)] 528073K->476105K(779776K), 0.0112992 secs] [Times: user=0.06 sys=0.00, real=0.01 secs]
2325.749: [GC [PSYoungGen: 52224K->256K(58880K)] 528073K->476105K(779776K), 0.0112992 secs] [Times: user=0.06 sys=0.00, real=0.01 secs]
2325.749: [GC [PSYoungGen: 52224K->256K(58880K)] 528073K->476105K(779776K), 0.0112992 secs] [Times: user=0.06 sys=0.00, real=0.01 secs]
2325.749: [GC [PSYoungGen: 52224K->256K(58880K)] 528073K->476105K(779776K), 0.0112992 secs] [Times: user=0.06 sys=0.00, real=0.01 secs]
2325.749: [GC [PSYoungGen: 52224K->256K(58880K)] 528073K->476105K(779776K), 0.0112992 secs] [Times: user=0.06 sys=0.00, real=0.01 secs]
2325.749: [GC [PSYoungGen: 52224K->256K(58880K)] 528073K->476105K(779776K), 0.0112992 secs] [Times: user=0.06 sys=0.00, real=0.01 secs]
2325.749: [GC [PSYoungGen: 52224K->256K(58880K)] 528073K->476105K(779776K), 0.0112992 secs] [Times: user=0.06 sys=0.00, real=0.01 secs]
2325.749: [GC [PSYoungGen: 52224K->256K(58880K)] 528073K->476105K(779776K), 0.0112992 secs] [Times: user=0.06 sys=0.00, real=0.01 secs]
2325.749: [GC [PSYoungGen: 52224K->256K(58880K)] 528073K->476105K(779776K), 0.0112992 secs] [Times: user=0.06 sys=0.00, real=0.01 secs]
2325.749: [GC [PSYoungGen: 52224K->256K(58880K)] 528073K->476105K(779776K), 0.0112992 secs] [Times: user=0.06 sys=0.00, real=0.01 secs]
2325.749: [GC [PSYoungGen: 52224K->256K(58880K)] 528073K->476105K(779776K), 0.0112992 secs] [Times: user=0.06 sys=0.00, real=0.01 secs]
2325.749: [GC [PSYoungGen: 52224K->256K(58880K)] 528073K->476105K(779776K), 0.0112992 secs] [Times: user=0.06 sys=0.00, real=0.01 secs]
2325.749: [GC [PSYoungGen: 52224K->256K(58880K)] 528073K->476105K(779776K), 0.0112992 secs] [Times: user=0.06 sys=0.00, real=0.01 secs]
2325.749: [GC [PSYoungGen: 52224K->256K(58880K)] 528073K->476105K(779776K), 0.0112992 secs] [Times: user=0.06 sys=0.00, real=0.01 secs]
2325.749: [GC [PSYoungGen: 52224K->256K(58880K)] 528073K->476105K(779776K), 0.0112992 secs] [Times: user=0.06 sys=0.00, real=0.01 secs]
2325.749: [GC [PSYoungGen: 52224K->256K(58880K)] 528073K->476105K(779776K), 0.0112992 secs] [Times: user=0.06 sys=0.00, real=0.01 secs]
2325.749: [GC [PSYoungGen: 52224K->256K(58880K)] 528073K->476105K(779776K), 0.0112992 secs] [Times: user=0.06 sys=0.00, real=0.01 secs]
2325.749: [GC [PSYoungGen: 52224K->256K(58880K)] 528073K->476105K(779776K), 0.0112992 secs] [Times: user=0.06 sys=0.00, real=0.01 secs]
2325.749: [GC [PSYoungGen: 52224K->256K(58880K)] 528073K->476105K(779776K), 0.0112992 secs] [Times: user=0.06 sys=0.00, real=0.01 secs]
2325.749: [GC [PSYoungGen: 52224K->256K(58880K)] 528073K->476105K(779776K), 0.0112992 secs] [Times: user=0.06 sys=0.00, real=0.01 secs]
2325.749: [GC [PSYoungGen: 52224K->256K(58880K)] 528073K->476105K(779776K), 0.0112992 secs] [Times: user=0.06 sys=0.00, real=0.01 secs]
2325.749: [GC [PSYoungGen: 52224K->256K(58880K)] 528073K->476105K(779776K), 0.0112992 secs] [Times: user=0.06 sys=0.00, real=0.01 secs]
2325.749: [GC [PSYoungGen: 52224K->256K(58880K)] 528073K->476105K(779776K), 0.0112992 secs] [Times: user=0.06 sys=0.00, real=0.01 secs]
2325.749: [GC [PSYoungGen: 52224K->256K(58880K)] 528073K->476105K(779776K), 0.0112992 secs] [Times: user=0.06 sys=0.00, real=0.01 secs]
2325.749: [GC [PSYoungGen: 52224K->256K(58880K)] 528073K->476105K(779776K), 0.0112992 secs] [Times: user=0.06 sys=0.00, real=0.01 secs]
2325.749: [GC [PSYoungGen: 52224K->256K(58880K)] 528073K->476105K(779776K), 0.0112992 secs] [Times: user=0.06 sys=0.00, real=0.01 secs]
2325.749: [GC [PSYoungGen: 52224K->256K(58880K)] 528073K->476105K(779776K), 0.0112992 secs] [Times: user=0.06 sys=0.00, real=0.01 secs]
2325.749: [GC [PSYoungGen: 52224K->256K(58880K)] 528073K->476105K(779776K), 0.0112992 secs] [Times: user=0.06 sys=0.00, real=0.01 secs]
2325.749: [GC [PSYoungGen: 52224K->256K(58880K)] 528073K->476105K(779776K), 0.0112992 secs] [Times: user=0.06 sys=0.00, real=0.01 secs]
2325.749: [GC [PSYoungGen: 52224K->256K(58880K)] 528073K->476105K(779776K), 0.0112992 secs] [Times: user=0.06 sys=0.00, real=0.01 secs]
2325.749: [GC [PSYoungGen: 52224K->256K(58880K)] 528073K->476105K(779776K), 0.0112992 secs] [Times: user=0.06 sys=0.00, real=0.01 secs]
2325.749: [GC [PSYoungGen: 52224K->256K(58880K)] 528073K->476105K(779776K), 0.0112992 secs] [Times: user=0.06 sys=0.00, real=0.01 secs]
2325.749: [GC [PSYoungGen: 52224K->256K(58880K)] 528073K->476105K(779776K), 0.0112992 secs] [Times: user=0.06 sys=0.00, real=0.01 secs]
2325.749: [GC [PSYoungGen: 52224K->256K(58880K)] 528073K->476105K(779776K), 0.0112992 secs] [Times: user=0.06 sys=0.00, real=0.01 secs]
2325.749: [GC [PSYoungGen: 52224K->256K(58880K)] 528073K->476105K(779776K), 0.0112992 secs] [Times: user=0.06 sys=0.00, real=0.01 secs]
2325.749: [GC [PSYoungGen: 52224K->256K(58880K)] 528073K->476105K(779776K), 0.0112992 secs] [Times: user=0.06 sys=0.00, real=0.01 secs]
2325.749: [GC [PSYoungGen: 52224K->256K(58880K)] 528073K->476105K(779776K), 0.0112992 secs] [Times: user=0.06 sys=0.00, real=0.01 secs]
2325.749: [GC [PSYoungGen: 52224K->256K(58880K)] 528073K->476105K(779776K), 0.0112992 secs] [Times: user=0.06 sys=0.00, real=0.01 secs]
2325.749: [GC [PSYoungGen: 52224K->256K(58880K)] 528073K->476105K(779776K), 0.0112992 secs] [Times: user=0.06 sys=0.00, real=0.01 secs]
2325.749: [GC [PSYoungGen: 52224K->256K(58880K)] 528073K->476105K(779776K), 0.0112992 secs] [Times: user=0.06 sys=0.00, real=0.01 secs]
2325.749: [GC [PSYoungGen: 52224K->256K(58880K)] 528073K->476105K(779776K), 0.0112992 secs] [Times: user=0.06 sys=0.00, real=0.01 secs]
2325.749: [GC [PSYoungGen: 52224K->256K(58880K)] 528073K->476105K(779776K), 0.0112992 secs] [Times: user=0.06 sys=0.00, real=0.01 secs]
2325.749: [GC [PSYoungGen: 52224K->256K(58880K)] 528073K->476105K(779776K), 0.0112992 secs] [Times: user=0.06 sys=0.00, real=0.01 secs]
2325.749: [GC [PSYoungGen: 52224K->256K(58880K)] 528073K->476105K(779776K), 0.0112992 secs] [Times: user=0.06 sys=0.00, real=0.01 secs]
2325.749: [GC [PSYoungGen: 52224K->256K(58880K)] 528073K->476105K(779776K), 0.0112992 secs] [Times: user=0.06 sys=0.00, real=0.01 secs]
2325.749: [GC [PSYoungGen: 52224K->256K(58880K)] 528073K->476105K(779776K), 0.0112992 secs] [Times: user=0.06 sys=0.00, real=0.01 secs]
2325.749: [GC [PSYoungGen: 52224K->256K(58880K)] 528073K->476105K(779776K), 0.0112992 secs] [Times: user=0.06 sys=0.00, real=0.01 secs]
2325.749: [GC [PSYoungGen: 52224K->256K(58880K)] 528073K->476105K(779776K), 0.0112992 secs] [Times: user=0.06 sys=0.00, real=0.01 secs]
2325.749: [GC [PSYoungGen: 52224K->256K(58880K)] 528073K->476105K(779776K), 0.0112992 secs] [Times: user=0.06 sys=0.00, real=0.01 secs]
2325.749: [GC [PSYoungGen: 52224K->256K(58880K)] 528073K->476105K(779776K), 0.0112992 secs] [Times: user=0.06 sys=0.00, real=0.01 secs]
2325.749: [GC [PSYoungGen: 52224K->256K(58880K)] 528073K->476105K(779776K), 0.0112992 secs] [Times: user=0.06 sys=0.00, real=0.01 secs]
2325.749: [GC [PSYoungGen: 52224K->256K(58880K)] 528073K->476105K(779776K), 0.0112992 secs] [Times: user=0.06 sys=0.00, real=0.01 secs]
2325.749: [GC [PSYoungGen: 52224K->256K(58880K)] 528073K->476105K(779776K), 0.0112992 secs] [Times: user=0.06 sys=0.00, real=0.01 secs]
2325.749: [GC [PSYoungGen: 52224K->256K(58880K)] 528073K->476105K(779776K), 0.0112992 secs] [Times: user=0.06 sys=0.00, real=0.01 secs]
2325.749: [GC [PSYoungGen: 52224K->256K(58880K)] 528073K->476105K(779776K), 0.0112992 secs] [Times: user=0.06 sys=0.00, real=0.01 secs]
2325.749: [GC [PSYoungGen: 52224K->256K(58880K)] 528073K->476105K(779776K), 0.0112992 secs] [Times: user=0.06 sys=0.00, real=0.01 secs]
2325.749: [GC [PSYoungGen: 52224K->256K(58880K)] 528073K->476105K(779776K), 0.0112992 secs] [Times: user=0.06 sys=0.00, real=0.01 secs]
2325.749: [GC [PSYoungGen: 52224K->256K(58880K)] 528073K->476105K(779776K), 0.0112992 secs] [Times: user=0.06 sys=0.00, real=0.01 secs]
2325.749: [GC [PSYoungGen: 52224K->256K(58880K)] 528073K->476105K(779776K), 0.0112992 secs] [Times: user=0.06 sys=0.00, real=0.01 secs]
2325.749: [GC [PSYoungGen: 52224K->256K(58880K)] 528073K->476105K(779776K), 0.0112992 secs] [Times: user=0.06 sys=0.00, real=0.01 secs]
2325.749: [GC [PSYoungGen: 52224K->256K(58880K)] 528073K->476105K(779776K), 0.0112992 secs] [Times: user=0.06 sys=0.00, real=0.01 secs]
2325.749: [GC [PSYoungGen: 52224K->256K(58880K)] 528073K->476105K(779776K), 0.0112992 secs] [Times: user=0.06 sys=0.00, real=0.01 secs]
2325.749: [GC [PSYoungGen: 52224K->256K(58880K)] 528073K->476105K(779776K), 0.0112992 secs] [Times: user=0.06 sys=0.00, real=0.01 secs]
2325.749: [GC [PSYoungGen: 52224K->256K(58880K)] 528073K->476105K(779776K), 0.0112992 secs] [Times: user=0.06 sys=0.00, real=0.01 secs]
2325.749: [GC [PSYoungGen: 52224K->256K(58880K)] 528073K->476105K(779776K), 0.0112992 secs] [Times: user=0.06 sys=0.00, real=0.01 secs]
2325.749: [GC [PSYoungGen: 52224K->256K(58880K)] 528073K->476105K(779776K), 0.0112992 secs] [Times: user=0.06 sys=0.00, real=0.01 secs]
2325.749: [GC [PSYoungGen: 52224K->256K(58880K)] 528073K->476105K(779776K), 0.0112992 secs] [Times: user=0.06 sys=0.00, real=0.01 secs]
2325.749: [GC [PSYoungGen: 52224K->256K(58880K)] 528073K->476105K(779776K), 0.0112992 secs] [Times: user=0.06 sys=0.00, real=0.01 secs]
2325.749: [GC [PSYoungGen: 52224K->256K(58880K)] 528073K->476105K(779776K), 0.0112992 secs] [Times: user=0.06 sys=0.00, real=0.01 secs]
2325.749: [GC [PSYoungGen: 52224K->256K(58880K)] 528073K->476105K(779776K), 0.0112992 secs] [Times: user=0.06 sys=0.00, real=0.01 secs]
2325.749: [GC [PSYoungGen: 52224K->256K(58880K)] 528073K->476105K(779776K), 0.0112992 secs] [Times: user=0.06 sys=0.00, real=0.01 secs]
2325.749: [GC [PSYoungGen: 52224K->256K(58880K)] 528073K->476105K(779776K), 0.0112992 secs] [Times: user=0.06 sys=0.00, real=0.01 secs]
2325.749: [GC [PSYoungGen: 52224K->256K(58880K)] 528073K->476105K(779776K), 0.0112992 secs] [Times: user=0.06 sys=0.00, real=0.01 secs]
2325.749: [GC [PSYoungGen: 52224K->256K(58880K)] 528073K->476105K(779776K), 0.0112992 secs] [Times: user=0.06 sys=0.00, real=0.01 secs]
2325.749: [GC [PSYoungGen: 52224K->256K(58880K)] 528073K->476105K(779776K), 0.0112992 secs] [Times: user=0.06 sys=0.00, real=0.01 secs]
2325.749: [GC [PSYoungGen: 52224K->256K(58880K)] 528073K->476105K(779776K), 0.0112992 secs] [Times: user=0.06 sys=0.00, real=0.01 secs]
2325.749: [GC [PSYoungGen: 52224K->256K(58880K)] 528073K->476105K(779776K), 0.0112992 secs] [Times: user=0.06 sys=0.00, real=0.01 secs]
2325.749: [GC [PSYoungGen: 52224K->256K(58880K)] 528073K->476105K(779776K), 0.0112992 secs] [Times: user=0.06 sys=0.00, real=0.01 secs]
2325.749: [GC [PSYoungGen: 52224K->256K(58880K)] 528073K->476105K(779776K), 0.0112992 secs] [Times: user=0.06 sys=0.00, real=0.01 secs]
2325.749: [GC [PSYoungGen: 52224K->256K(58880K)] 528073K->476105K(779776K), 0.0112992 secs] [Times: user=0.06 sys=0.00, real=0.01 secs]
2325.749: [GC [PSYoungGen: 52224K->256K(58880K)] 528073K->476105K(779776K), 0.0112992 secs] [Times: user=0.06 sys=0.00, real=0.01 secs]
2325.749: [GC [PSYoungGen: 52224K->256K(58880K)] 528073K->476105K(779776K), 0.0112992 secs] [Times: user=0.06 sys=0.00, real=0.01 secs]
2325.749: [GC [PSYoungGen: 52224K->256K(58880K)] 528073K->476105K(779776K), 0.0112992 secs] [Times: user=0.06 sys=0.00, real=0.01 secs]
2325.749: [GC [PSYoungGen: 52224K->256K(58880K)] 528073K->476105K(779776K), 0.0112992 secs] [Times: user=0.06 sys=0.00, real=0.01 secs]
2325.749: [GC [PSYoungGen: 52224K->256K(58880K)] 528073K->476105K(779776K), 0.0112992 secs] [Times: user=0.06 sys=0.00, real=0.01 secs]
2325.749: [GC [PSYoungGen: 52224K->256K(58880K)] 528073K->476105K(779776K), 0.0112992 secs] [Times: user=0.06 sys=0.00, real=0.01 secs]
2325.749: [GC [PSYoungGen: 52224K->256K(58880K)] 528073K->476105K(779776K), 0.0112992 secs] [Times: user=0.06 sys=0.00, real=0.01 secs]
2325.749: [GC [PSYoungGen: 52224K->256K(58880K)] 528073K->476105K(779776K), 0.0112992 secs] [Times: user=0.06 sys=0.00, real=0.01 secs]
2325.749: [GC [PSYoungGen: 52224K->256K(58880K)] 528073K->476105K(779776K), 0.0112992 secs] [Times: user=0.06 sys=0.00, real=0.01 secs]
2325.749: [GC [PSYoungGen: 52224K->256K(58880K)] 528073K->476105K(779776K), 0.0112992 secs] [Times: user=0.06 sys=0.00, real=0.01 secs]
2325.749: [GC [PSYoungGen: 52224K->256K(58880K)] 528073K->476105K(779776K), 0.0112992 secs] [Times: user=0.06 sys=0.00, real=0.01 secs]
2325.749: [GC [PSYoungGen: 52224K->256K(58880K)] 528073K->476105K(779776K), 0.0112992 secs] [Times: user=0.06 sys=0.00, real=0.01 secs]
2325.749: [GC [PSYoungGen: 52224K->256K(58880K)] 528073K->476105K(779776K), 0.0112992 secs] [Times: user=0.06 sys=0.00, real=0.01 secs]
2325.749: [GC [PSYoungGen: 52224K->256K(58880K)] 528073K->476105K(779776K), 0.0112992 secs] [Times: user=0.06 sys=0.00, real=0.01 secs]
2325.749: [GC [PSYoungGen: 52224K->256K(58880K)] 528073K->476105K(779776K), 0.0112992 secs] [Times: user=0.06 sys=0.00, real=0.01 secs]
2325.749: [GC [PSYoungGen: 52224K->256K(58880K)] 528073K->476105K(779776K), 0.0112992 secs] [Times: user=0.06 sys=0.00, real=0.01 secs]
2325.749: [GC [PSYoungGen: 52224K->256K(58880K)] 528073K->476105K(779776K), 0.0112992 secs] [Times: user=0.06 sys=0.00, real=0.01 secs]
2325.749: [GC [PSYoungGen: 52224K->256K(58880K)] 528073K->476105K(779776K), 0.0112992 secs] [Times: user=0.06 sys=0.00, real=0.01 secs]
2325.749: [GC [PSYoungGen: 52224K->256K(58880K)] 528073K->476105K(779776K), 0.0112992 secs] [Times: user=0.06 sys=0.00, real=0.01 secs]
2325.749: [GC [PSYoungGen: 52224K->256K(58880K)] 528073K->476105K(779776K), 0.0112992 secs] [Times: user=0.06 sys=0.00, real=0.01 secs]
2325.749: [GC [PSYoungGen: 52224K->256K(58880K)] 528073K->476105K(779776K), 0.0112992 secs] [Times: user=0.06 sys=0.00, real=0.01 secs]
2325.749: [GC [PSYoungGen: 52224K->256K(58880K)] 528073K->476105K(779776K), 0.0112992 secs] [Times: user=0.06 sys=0.00, real=0.01 secs]
2325.749: [GC [PSYoungGen: 52224K->256K(58880K)] 528073K->476105K(779776K), 0.0112992 secs] [Times: user=0.06 sys=0.00, real=0.01 secs]
2325.749: [GC [PSYoungGen: 52224K->256K(58880K)] 528073K->476105K(779776K), 0.0112992 secs] [Times: user=0.06 sys=0.00, real=0.01 secs]
2325.749: [GC [PSYoungGen: 52224K->256K(58880K)] 528073K->476105K(779776K), 0.0112992 secs] [Times: user=0.06 sys=0.00, real=0.01 secs]
2325.749: [GC [PSYoungGen: 52224K->256K(58880K)] 528073K->476105K(779776K), 0.0112992 secs] [Times: user=0.06 sys=0.00, real=0.01 secs]
2325.749: [GC [PSYoungGen: 52224K->256K(58880K)] 528073K->476105K(779776K), 0.0112992 secs] [Times: user=0.06 sys=0.00, real=0.01 secs]
2325.749: [GC [PSYoungGen: 52224K->256K(58880K)] 528073K->476105K(779776K), 0.0112992 secs] [Times: user=0.06 sys=0.00, real=0.01 secs]
2325.749: [GC [PSYoungGen: 52224K->256K(58880K)] 528073K->476105K(779776K), 0.0112992 secs] [Times: user=0.06 sys=0.00, real=0.01 secs]
2325.749: [GC [PSYoungGen: 52224K->256K(58880K)] 528073K->476105K(779776K), 0.0112992 secs] [Times: user=0.06 sys=0.00, real=0.01 secs]
2325.749: [GC [PSYoungGen: 52224K->256K(58880K)] 528073K->476105K(779776K), 0.0112992 secs] [Times: user=0.06 sys=0.00, real=0.01 secs]
2325.749: [GC [PSYoungGen: 52224K->256K(58880K)] 528073K->476105K(779776K), 0.0112992 secs] [Times: user=0.06 sys=0.00, real=0.01 secs]
2325.749: [GC [PSYoungGen: 52224K->256K(58880K)] 528073K->476105K(779776K), 0.0112992 secs] [Times: user=0.06 sys=0.00, real=0.01 secs]
2325.749: [GC [PSYoungGen: 52224K->256K(58880K)] 528073K->476105K(779776K), 0.0112992 secs] [Times: user=0.06 sys=0.00, real=0.01 secs]
2325.749: [GC [PSYoungGen: 52224K->256K(58880K)] 528073K->476105K(779776K), 0.0112992 secs] [Times: user=0.06 sys=0.00, real=0.01 secs]
2325.749: [GC [PSYoungGen: 52224K->256K(58880K)] 528073K->476105K(779776K), 0.0112992 secs] [Times: user=0.06 sys=0.00, real=0.01 secs]
2325.749: [GC [PSYoungGen: 52224K->256K(58880K)] 528073K->476105K(779776K), 0.0112992 secs] [Times: user=0.06 sys=0.00, real=0.01 secs]
2325.749: [GC [PSYoungGen: 52224K->256K(58880K)] 528073K->476105K(779776K), 0.0112992 secs] [Times: user=0.06 sys=0.00, real=0.01 secs]
2325.749: [GC [PSYoungGen: 52224K->256K(58880K)] 528073K->476105K(779776K), 0.0112992 secs] [Times: user=0.06 sys=0.00, real=0.01 secs]
2325.749: [GC [PSYoungGen: 52224K->256K(58880K)] 528073K->476105K(779776K), 0.0112992 secs] [Times: user=0.06 sys=0.00, real=0.01 secs]
2325.749: [GC [PSYoungGen: 52224K->256K(58880K)] 528073K->476105K(779776K), 0.0112992 secs] [Times: user=0.06 sys=0.00, real=0.01 secs]
2325.749: [GC [PSYoungGen: 52224K->256K(58880K)] 528073K->476105K(779776K), 0.0112992 secs] [Times: user=0.06 sys=0.00, real=0.01 secs]
2325.749: [GC [PSYoungGen: 52224K->256K(58880K)] 528073K->476105K(779776K), 0.0112992 secs] [Times: user=0.06 sys=0.00, real=0.01 secs]
2325.749: [GC [PSYoungGen: 52224K->256K(58880K)] 528073K->476105K(779776K), 0.0112992 secs] [Times: user=0.06 sys=0.00, real=0.01 secs]
2325.749: [GC [PSYoungGen: 52224K->256K(58880K)] 528073K->476105K(779776K), 0.0112992 secs] [Times: user=0.06 sys=0.00, real=0.01 secs]
2325.749: [GC [PSYoungGen: 52224K->256K(58880K)] 528073K->476105K(779776K), 0.0112992 secs] [Times: user=0.06 sys=0.00, real=0.01 secs]
2325.749: [GC [PSYoungGen: 52224K->256K(58880K)] 528073K->476105K(779776K), 0.0112992 secs] [Times: user=0.06 sys=0.00, real=0.01 secs]
2325.749: [GC [PSYoungGen: 52224K->256K(58880K)] 528073K->476105K(779776K), 0.0112992 secs] [Times: user=0.06 sys=0.00, real=0.01 secs]
2325.749: [GC [PSYoungGen: 52224K->256K(58880K)] 528073K->476105K(779776K), 0.0112992 secs] [Times: user=0.06 sys=0.00, real=0.01 secs]
2325.749: [GC [PSYoungGen: 52224K->256K(58880K)] 528073K->476105K(779776K), 0.0112992 secs] [Times: user=0.06 sys=0.00, real=0.01 secs]
2325.749: [GC [PSYoungGen: 52224K->256K(58880K)] 528073K->476105K(779776K), 0.0112992 secs] [Times: user=0.06 sys=0.00, real=0.01 secs]
2325.749: [GC [PSYoungGen: 52224K->256K(58880K)] 528073K->476105K(779776K), 0.0112992 secs] [Times: user=0.06 sys=0.00, real=0.01 secs]
2325.749: [GC [PSYoungGen: 52224K->256K(58880K)] 528073K->476105K(779776K), 0.0112992 secs] [Times: user=0.06 sys=0.00, real=0.01 secs]
2325.749: [GC [PSYoungGen: 52224K->256K(58880K)] 528073K->476105K(779776K), 0.0112992 secs] [Times: user=0.06 sys=0.00, real=0.01 secs]
2325.749: [GC [PSYoungGen: 52224K->256K(58880K)] 528073K->476105K(779776K), 0.0112992 secs] [Times: user=0.06 sys=0.00, real=0.01 secs]
2325.749: [GC [PSYoungGen: 52224K->256K(58880K)] 528073K->476105K(779776K), 0.0112992 secs] [Times: user=0.06 sys=0.00, real=0.01 secs]
2325.749: [GC [PSYoungGen: 52224K->256K(58880K)] 528073K->476105K(779776K), 0.0112992 secs] [Times: user=0.06 sys=0.00, real=0.01 secs]
2325.749: [GC [PSYoungGen: 52224K->256K(58880K)] 528073K->476105K(779776K), 0.0112992 secs] [Times: user=0.06 sys=0.00, real=0.01 secs]
2325.749: [GC [PSYoungGen: 52224K->256K(58880K)] 528073K->476105K(779776K), 0.0112992 secs] [Times: user=0.06 sys=0.00, real=0.01 secs]
2325.749: [GC [PSYoungGen: 52224K->256K(58880K)] 528073K->476105K(779776K), 0.0112992 secs] [Times: user=0.06 sys=0.00, real=0.01 secs]
2325.749: [GC [PSYoungGen: 52224K->256K(58880K)] 528073K->476105K(779776K), 0.0112992 secs] [Times: user=0.06 sys=0.00, real=0.01 secs]
2325.749: [GC [PSYoungGen: 52224K->256K(58880K)] 528073K->476105K(779776K), 0.0112992 secs] [Times: user=0.06 sys=0.00, real=0.01 secs]
2325.749: [GC [PSYoungGen: 52224K->256K(58880K)] 528073K->476105K(779776K), 0.0112992 secs] [Times: user=0.06 sys=0.00, real=0.01 secs]
2325.749: [GC [PSYoungGen: 52224K->256K(58880K)] 528073K->476105K(779776K), 0.0112992 secs] [Times: user=0.06 sys=0.00, real=0.01 secs]
2325.749: [GC [PSYoungGen: 52224K->256K(58880K)] 528073K->476105K(779776K), 0.0112992 secs] [Times: user=0.06 sys=0.00, real=0.01 secs]
2325.749: [GC [PSYoungGen: 52224K->256K(58880K)] 528073K->476105K(779776K), 0.0112992 secs] [Times: user=0.06 sys=0.00, real=0.01 secs]
2325.749: [GC [PSYoungGen: 52224K->256K(58880K)] 528073K->476105K(779776K), 0.0112992 secs] [Times: user=0.06 sys=0.00, real=0.01 secs]
2325.749: [GC [PSYoungGen: 52224K->256K(58880K)] 528073K->476105K(779776K), 0.0112992 secs] [Times: user=0.06 sys=0.00, real=0.01 secs]
2325.749: [GC [PSYoungGen: 52224K->256K(58880K)] 528073K->476105K(779776K), 0.0112992 secs] [Times: user=0.06 sys=0.00, real=0.01 secs]
2325.749: [GC [PSYoungGen: 52224K->256K(58880K)] 528073K->476105K(779776K), 0.0112992 secs] [Times: user=0.06 sys=0.00, real=0.01 secs]
2325.749: [GC [PSYoungGen: 52224K->256K(58880K)] 528073K->476105K(779776K), 0.0112992 secs] [Times: user=0.06 sys=0.00, real=0.01 secs]
2325.749: [GC [PSYoungGen: 52224K->256K(58880K)] 528073K->476105K(779776K), 0.0112992 secs] [Times: user=0.06 sys=0.00, real=0.01 secs]
2325.749: [GC [PSYoungGen: 52224K->256K(58880K)] 528073K->476105K(779776K), 0.0112992 secs] [Times: user=0.06 sys=0.00, real=0.01 secs]
2325.749: [GC [PSYoungGen: 52224K->256K(58880K)] 528073K->476105K(779776K), 0.0112992 secs] [Times: user=0.06 sys=0.00, real=0.01 secs]
2325.749: [GC [PSYoungGen: 52224K->256K(58880K)] 528073K->476105K(779776K), 0.0112992 secs] [Times: user=0.06 sys=0.00, real=0.01 secs]
2325.749: [GC [PSYoungGen: 52224K->256K(58880K)] 528073K->476105K(779776K), 0.0112992 secs] [Times: user=0.06 sys=0.00, real=0.01 secs]
2325.749: [GC [PSYoungGen: 52224K->256K(58880K)] 528073K->476105K(779776K), 0.0112992 secs] [Times: user=0.06 sys=0.00, real=0.01 secs]
2325.749: [GC [PSYoungGen: 52224K->256K(58880K)] 528073K->476105K(779776K), 0.0112992 secs] [Times: user=0.06 sys=0.00, real=0.01 secs]
2325.749: [GC [PSYoungGen: 52224K->256K(58880K)] 528073K->476105K(779776K), 0.0112992 secs] [Times: user=0.06 sys=0.00, real=0.01 secs]
2325.749: [GC [PSYoungGen: 52224K->256K(58880K)] 528073K->476105K(779776K), 0.0112992 secs] [Times: user=0.06 sys=0.00, real=0.01 secs]
2325.749: [GC [PSYoungGen: 52224K->256K(58880K)] 528073K->476105K(779776K), 0.0112992 secs] [Times: user=0.06 sys=0.00, real=0.01 secs]
2325.749: [GC [PSYoungGen: 52224K->256K(58880K)] 528073K->476105K(779776K), 0.0112992 secs] [Times: user=0.06 sys=0.00, real=0.01 secs]
2325.749: [GC [PSYoungGen: 52224K->256K(58880K)] 528073K->476105K(779776K), 0.0112992 secs] [Times: user=0.06 sys=0.00, real=0.01 secs]
2325.749: [GC [PSYoungGen: 52224K->256K(58880K)] 528073K->476105K(779776K), 0.0112992 secs] [Times: user=0.06 sys=0.00, real=0.01 secs]
2325.749: [GC [PSYoungGen: 52224K->256K(58880K)] 528073K->476105K(779776K), 0.0112992 secs] [Times: user=0.06 sys=0.00, real=0.01 secs]
2325.749: [GC [PSYoungGen: 52224K->256K(58880K)] 528073K->476105K(779776K), 0.0112992 secs] [Times: user=0.06 sys=0.00, real=0.01 secs]
2325.749: [GC [PSYoungGen: 52224K->256K(58880K)] 528073K->476105K(779776K), 0.0112992 secs] [Times: user=0.06 sys=0.00, real=0.01 secs]
2325.749: [GC [PSYoungGen: 52224K->256K(58880K)] 528073K->476105K(779776K), 0.0112992 secs] [Times: user=0.06 sys=0.00, real=0.01 secs]
2325.749: [GC [PSYoungGen: 52224K->256K(58880K)] 528073K->476105K(779776K), 0.0112992 secs] [Times: user=0.06 sys=0.00, real=0.01 secs]
2325.749: [GC [PSYoungGen: 52224K->256K(58880K)] 528073K->476105K(779776K), 0.0112992 secs] [Times: user=0.06 sys=0.00, real=0.01 secs]
2325.749: [GC [PSYoungGen: 52224K->256K(58880K)] 528073K->476105K(779776K), 0.0112992 secs] [Times: user=0.06 sys=0.00, real=0.01 secs]
2325.749: [GC [PSYoungGen: 52224K->256K(58880K)] 528073K->476105K(779776K), 0.0112992 secs] [Times: user=0.06 sys=0.00, real=0.01 secs]
2325.749: [GC [PSYoungGen: 52224K->256K(58880K)] 528073K->476105K(779776K), 0.0112992 secs] [Times: user=0.06 sys=0.00, real=0.01 secs]
2325.749: [GC [PSYoungGen: 52224K->256K(58880K)] 528073K->476105K(779776K), 0.0112992 secs] [Times: user=0.06 sys=0.00, real=0.01 secs]
2325.749: [GC [PSYoungGen: 52224K->256K(58880K)] 528073K->476105K(779776K), 0.0112992 secs] [Times: user=0.06 sys=0.00, real=0.01 secs]
2325.749: [GC [PSYoungGen: 52224K->256K(58880K)] 528073K->476105K(779776K), 0.0112992 secs] [Times: user=0.06 sys=0.00, real=0.01 secs]
2325.749: [GC [PSYoungGen: 52224K->256K(58880K)] 528073K->476105K(779776K), 0.0112992 secs] [Times: user=0.06 sys=0.00, real=0.01 secs]
2325.749: [GC [PSYoungGen: 52224K->256K(58880K)] 528073K->476105K(779776K), 0.0112992 secs] [Times: user=0.06 sys=0.00, real=0.01 secs]
2325.749: [GC [PSYoungGen: 52224K->256K(58880K)] 528073K->476105K(779776K), 0.0112992 secs] [Times: user=0.06 sys=0.00, real=0.01 secs]
2325.749: [GC [PSYoungGen: 52224K->256K(58880K)] 528073K->476105K(779776K), 0.0112992 secs] [Times: user=0.06 sys=0.00, real=0.01 secs]
2325.749: [GC [PSYoungGen: 52224K->256K(58880K)] 528073K->476105K(779776K), 0.0112992 secs] [Times: user=0.06 sys=0.00, real=0.01 secs]
2325.749: [GC [PSYoungGen: 52224K->256K(58880K)] 528073K->476105K(779776K), 0.0112992 secs] [Times: user=0.06 sys=0.00, real=0.01 secs]
2325.749: [GC [PSYoungGen: 52224K->256K(58880K)] 528073K->476105K(779776K), 0.0112992 secs] [Times: user=0.06 sys=0.00, real=0.01 secs]
2325.749: [GC [PSYoungGen: 52224K->256K(58880K)] 528073K->476105K(779776K), 0.0112992 secs] [Times: user=0.06 sys=0.00, real=0.01 secs]
2325.749: [GC [PSYoungGen: 52224K->256K(58880K)] 528073K->476105K(779776K), 0.0112992 secs] [Times: user=0.06 sys=0.00, real=0.01 secs]
2325.749: [GC [PSYoungGen: 52224K->256K(58880K)] 528073K->476105K(779776K), 0.0112992 secs] [Times: user=0.06 sys=0.00, real=0.01 secs]
2325.749: [GC [PSYoungGen: 52224K->256K(58880K)] 528073K->476105K(779776K), 0.0112992 secs] [Times: user=0.06 sys=0.00, real=0.01 secs]
2325.749: [GC [PSYoungGen: 52224K->256K(58880K)] 528073K->476105K(779776K), 0.0112992 secs] [Times: user=0.06 sys=0.00, real=0.01 secs]
2325.749: [GC [PSYoungGen: 52224K->256K(58880K)] 528073K->476105K(779776K), 0.0112992 secs] [Times: user=0.06 sys=0.00, real=0.01 secs]
2325.749: [GC [PSYoungGen: 52224K->256K(58880K)] 528073K->476105K(779776K), 0.0112992 secs] [Times: user=0.06 sys=0.00, real=0.01 secs]
2325.749: [GC [PSYoungGen: 52224K->256K(58880K)] 528073K->476105K(779776K), 0.0112992 secs] [Times: user=0.06 sys=0.00, real=0.01 secs]
2325.749: [GC [PSYoungGen: 52224K->256K(58880K)] 528073K->476105K(779776K), 0.0112992 secs] [Times: user=0.06 sys=0.00, real=0.01 secs]
2325.749: [GC [PSYoungGen: 52224K->256K(58880K)] 528073K->476105K(779776K), 0.0112992 secs] [Times: user=0.06 sys=0.00, real=0.01 secs]
2325.749: [GC [PSYoungGen: 52224K->256K(58880K)] 528073K->476105K(779776K), 0.0112992 secs] [Times: user=0.06 sys=0.00, real=0.01 secs]
2325.749: [GC [PSYoungGen: 52224K->256K(58880K)] 528073K->476105K(779776K), 0.0112992 secs] [Times: user=0.06 sys=0.00, real=0.01 secs]
2325.749: [GC [PSYoungGen: 52224K->256K(58880K)] 528073K->476105K(779776K), 0.0112992 secs] [Times: user=0.06 sys=0.00, real=0.01 secs]
2325.749: [GC [PSYoungGen: 52224K->256K(58880K)] 528073K->476105K(779776K), 0.0112992 secs] [Times: user=0.06 sys=0.00, real=0.01 secs]
2325.749: [GC [PSYoungGen: 52224K->256K(58880K)] 528073K->476105K(779776K), 0.0112992 secs] [Times: user=0.06 sys=0.00, real=0.01 secs]
2325.749: [GC [PSYoungGen: 52224K->256K(58880K)] 528073K->476105K(779776K), 0.0112992 secs] [Times: user=0.06 sys=0.00, real=0.01 secs]
2325.749: [GC [PSYoungGen: 52224K->256K(58880K)] 528073K->476105K(779776K), 0.0112992 secs] [Times: user=0.06 sys=0.00, real=0.01 secs]
2325.749: [GC [PSYoungGen: 52224K->256K(58880K)] 528073K->476105K(779776K), 0.0112992 secs] [Times: user=0.06 sys=0.00, real=0.01 secs]
2325.749: [GC [PSYoungGen: 52224K->256K(58880K)] 528073K->476105K(779776K), 0.0112992 secs] [Times: user=0.06 sys=0.00, real=0.01 secs]
2325.749: [GC [PSYoungGen: 52224K->256K(58880K)] 528073K->476105K(779776K), 0.0112992 secs] [Times: user=0.06 sys=0.00, real=0.01 secs]
2325.749: [GC [PSYoungGen: 52224K->256K(58880K)] 528073K->476105K(779776K), 0.0112992 secs] [Times: user=0.06 sys=0.00, real=0.01 secs]
2325.749: [GC [PSYoungGen: 52224K->256K(58880K)] 528073K->476105K(779776K), 0.0112992 secs] [Times: user=0.06 sys=0.00, real=0.01 secs]
2325.749: [GC [PSYoungGen: 52224K->256K(58880K)] 528073K->476105K(779776K), 0.0112992 secs] [Times: user=0.06 sys=0.00, real=0.01 secs]
2325.749: [GC [PSYoungGen: 52224K->256K(58880K)] 528073K->476105K(779776K), 0.0112992 secs] [Times: user=0.06 sys=0.00, real=0.01 secs]
2325.749: [GC [PSYoungGen: 52224K->256K(58880K)] 528073K->476105K(779776K), 0.0112992 secs] [Times: user=0.06 sys=0.00, real=0.01 secs]
2325.749: [GC [PSYoungGen: 52224K->256K(58880K)] 528073K->476105K(779776K), 0.0112992 secs] [Times: user=0.06 sys=0.00, real=0.01 secs]
2325.749: [GC [PSYoungGen: 52224K->256K(58880K)] 528073K->476105K(779776K), 0.0112992 secs] [Times: user=0.06 sys=0.00, real=0.01 secs]
2325.749: [GC [PSYoungGen: 52224K->256K(58880K)] 528073K->476105K(779776K), 0.0112992 secs] [Times: user=0.06 sys=0.00, real=0.01 secs]
2325.749: [GC [PSYoungGen: 52224K->256K(58880K)] 528073K->476105K(779776K), 0.0112992 secs] [Times: user=0.06 sys=0.00, real=0.01 secs]
2325.749: [GC [PSYoungGen: 52224K->256K(58880K)] 528073K->476105K(779776K), 0.0112992 secs] [Times: user=0.06 sys=0.00, real=0.01 secs]
2325.749: [GC [PSYoungGen: 52224K->256K(58880K)] 528073K->476105K(779776K), 0.0112992 secs] [Times: user=0.06 sys=0.00, real=0.01 secs]
2325.749: [GC [PSYoungGen: 52224K->256K(58880K)] 528073K->476105K(779776K), 0.0112992 secs] [Times: user=0.06 sys=0.00, real=0.01 secs]
2325.749: [GC [PSYoungGen: 52224K->256K(58880K)] 528073K->476105K(779776K), 0.0112992 secs] [Times: user=0.06 sys=0.00, real=0.01 secs]
2325.749: [GC [PSYoungGen: 52224K->256K(58880K)] 528073K->476105K(779776K), 0.0112992 secs] [Times: user=0.06 sys=0.00, real=0.01 secs]
2325.749: [GC [PSYoungGen: 52224K->256K(58880K)] 528073K->476105K(779776K), 0.0112992 secs] [Times: user=0.06 sys=0.00, real=0.01 secs]
2325.749: [GC [PSYoungGen: 52224K->256K(58880K)] 528073K->476105K(779776K), 0.0112992 secs] [Times: user=0.06 sys=0.00, real=0.01 secs]
2325.749: [GC [PSYoungGen: 52224K->256K(58880K)] 528073K->476105K(779776K), 0.0112992 secs] [Times: user=0.06 sys=0.00, real=0.01 secs]
2325.749: [GC [PSYoungGen: 52224K->256K(58880K)] 528073K->476105K(779776K), 0.0112992 secs] [Times: user=0.06 sys=0.00, real=0.01 secs]
2325.749: [GC [PSYoungGen: 52224K->256K(58880K)] 528073K->476105K(779776K), 0.0112992 secs] [Times: user=0.06 sys=0.00, real=0.01 secs]
2325.749: [GC [PSYoungGen: 52224K->256K(58880K)] 528073K->476105K(779776K), 0.0112992 secs] [Times: user=0.06 sys=0.00, real=0.01 secs]
2325.749: [GC [PSYoungGen: 52224K->256K(58880K)] 528073K->476105K(779776K), 0.0112992 secs] [Times: user=0.06 sys=0.00, real=0.01 secs]
2325.749: [GC [PSYoungGen: 52224K->256K(58880K)] 528073K->476105K(779776K), 0.0112992 secs] [Times: user=0.06 sys=0.00, real=0.01 secs]
2325.749: [GC [PSYoungGen: 52224K->256K(58880K)] 528073K->476105K(779776K), 0.0112992 secs] [Times: user=0.06 sys=0.00, real=0.01 secs]
2325.749: [GC [PSYoungGen: 52224K->256K(58880K)] 528073K->476105K(779776K), 0.0112992 secs] [Times: user=0.06 sys=0.00, real=0.01 secs]
2325.749: [GC [PSYoungGen: 52224K->256K(58880K)] 528073K->476105K(779776K), 0.0112992 secs] [Times: user=0.06 sys=0.00, real=0.01 secs]
2325.749: [GC [PSYoungGen: 52224K->256K(58880K)] 528073K->476105K(779776K), 0.0112992 secs] [Times: user=0.06 sys=0.00, real=0.01 secs]
2325.749: [GC [PSYoungGen: 52224K->256K(58880K)] 528073K->476105K(779776K), 0.0112992 secs] [Times: user=0.06 sys=0.00, real=0.01 secs]
2325.749: [GC [PSYoungGen: 52224K->256K(58880K)] 528073K->476105K(779776K), 0.0112992 secs] [Times: user=0.06 sys=0.00, real=0.01 secs]
2325.749: [GC [PSYoungGen: 52224K->256K(58880K)] 528073K->476105K(779776K), 0.0112992 secs] [Times: user=0.06 sys=0.00, real=0.01 secs]
2325.749: [GC [PSYoungGen: 52224K->256K(58880K)] 528073K->476105K(779776K), 0.0112992 secs] [Times: user=0.06 sys=0.00, real=0.01 secs]
2325.749: [GC [PSYoungGen: 52224K->256K(58880K)] 528073K->476105K(779776K), 0.0112992 secs] [Times: user=0.06 sys=0.00, real=0.01 secs]
2325.749: [GC [PSYoungGen: 52224K->256K(58880K)] 528073K->476105K(779776K), 0.0112992 secs] [Times: user=0.06 sys=0.00, real=0.01 secs]
2325.749: [GC [PSYoungGen: 52224K->256K(58880K)] 528073K->476105K(779776K), 0.0112992 secs] [Times: user=0.06 sys=0.00, real=0.01 secs]
2325.749: [GC [PSYoungGen: 52224K->256K(58880K)] 528073K->476105K(779776K), 0.0112992 secs] [Times: user=0.06 sys=0.00, real=0.01 secs]
2325.749: [GC [PSYoungGen: 52224K->256K(58880K)] 528073K->476105K(779776K), 0.0112992 secs] [Times: user=0.06 sys=0.00, real=0.01 secs]
2325.749: [GC [PSYoungGen: 52224K->256K(58880K)] 528073K->476105K(779776K), 0.0112992 secs] [Times: user=0.06 sys=0.00, real=0.01 secs]
2325.749: [GC [PSYoungGen: 52224K->256K(58880K)] 528073K->476105K(779776K), 0.0112992 secs] [Times: user=0.06 sys=0.00, real=0.01 secs]
2325.749: [GC [PSYoungGen: 52224K->256K(58880K)] 528073K->476105K(779776K), 0.0112992 secs] [Times: user=0.06 sys=0.00, real=0.01 secs]
2325.749: [GC [PSYoungGen: 52224K->256K(58880K)] 528073K->476105K(779776K), 0.0112992 secs] [Times: user=0.06 sys=0.00, real=0.01 secs]
2325.749: [GC [PSYoungGen: 52224K->256K(58880K)] 528073K->476105K(779776K), 0.0112992 secs] [Times: user=0.06 sys=0.00, real=0.01 secs]
2325.749: [GC [PSYoungGen: 52224K->256K(58880K)] 528073K->476105K(779776K), 0.0112992 secs] [Times: user=0.06 sys=0.00, real=0.01 secs]
2325.749: [GC [PSYoungGen: 52224K->256K(58880K)] 528073K->476105K(779776K), 0.0112992 secs] [Times: user=0.06 sys=0.00, real=0.01 secs]
2325.749: [GC [PSYoungGen: 52224K->256K(58880K)] 528073K->476105K(779776K), 0.0112992 secs] [Times: user=0.06 sys=0.00, real=0.01 secs]
2325.749: [GC [PSYoungGen: 52224K->256K(58880K)] 528073K->476105K(779776K), 0.0112992 secs] [Times: user=0.06 sys=0.00, real=0.01 secs]
2325.749: [GC [PSYoungGen: 52224K->256K(58880K)] 528073K->476105K(779776K), 0.0112992 secs] [Times: user=0.06 sys=0.00, real=0.01 secs]
2325.749: [GC [PSYoungGen: 52224K->256K(58880K)] 528073K->476105K(779776K), 0.0112992 secs] [Times: user=0.06 sys=0.00, real=0.01 secs]
2325.749: [GC [PSYoungGen: 52224K->256K(58880K)] 528073K->476105K(779776K), 0.0112992 secs] [Times: user=0.06 sys=0.00, real=0.01 secs]
2325.749: [GC [PSYoungGen: 52224K->256K(58880K)] 528073K->476105K(779776K), 0.0112992 secs] [Times: user=0.06 sys=0.00, real=0.01 secs]
2325.749: [GC [PSYoungGen: 52224K->256K(58880K)] 528073K->476105K(779776K), 0.0112992 secs] [Times: user=0.06 sys=0.00, real=0.01 secs]
2325.749: [GC [PSYoungGen: 52224K->256K(58880K)] 528073K->476105K(779776K), 0.0112992 secs] [Times: user=0.06 sys=0.00, real=0.01 secs]
2325.749: [GC [PSYoungGen: 52224K->256K(58880K)] 528073K->476105K(779776K), 0.0112992 secs] [Times: user=0.06 sys=0.00, real=0.01 secs]
2325.749: [GC [PSYoungGen: 52224K->256K(58880K)] 528073K->476105K(779776K), 0.0112992 secs] [Times: user=0.06 sys=0.00, real=0.01 secs]
2325.749: [GC [PSYoungGen: 52224K->256K(58880K)] 528073K->476105K(779776K), 0.0112992 secs] [Times: user=0.06 sys=0.00, real=0.01 secs]
2325.749: [GC [PSYoungGen: 52224K->256K(58880K)] 528073K->476105K(779776K), 0.0112992 secs] [Times: user=0.06 sys=0.00, real=0.01 secs]
2325.749: [GC [PSYoungGen: 52224K->256K(58880K)] 528073K->476105K(779776K), 0.0112992 secs] [Times: user=0.06 sys=0.00, real=0.01 secs]
2325.749: [GC [PSYoungGen: 52224K->256K(58880K)] 528073K->476105K(779776K), 0.0112992 secs] [Times: user=0.06 sys=0.00, real=0.01 secs]
2325.749: [GC [PSYoungGen: 52224K->256K(58880K)] 528073K->476105K(779776K), 0.0112992 secs] [Times: user=0.06 sys=0.00, real=0.01 secs]
2325.749: [GC [PSYoungGen: 52224K->256K(58880K)] 528073K->476105K(779776K), 0.0112992 secs] [Times: user=0.06 sys=0.00, real=0.01 secs]
2325.749: [GC [PSYoungGen: 52224K->256K(58880K)] 528073K->476105K(779776K), 0.0112992 secs] [Times: user=0.06 sys=0.00, real=0.01 secs]
2325.749: [GC [PSYoungGen: 52224K->256K(58880K)] 528073K->476105K(779776K), 0.0112992 secs] [Times: user=0.06 sys=0.00, real=0.01 secs]
2325.749: [GC [PSYoungGen: 52224K->256K(58880K)] 528073K->476105K(779776K), 0.0112992 secs] [Times: user=0.06 sys=0.00, real=0.01 secs]
2325.749: [GC [PSYoungGen: 52224K->256K(58880K)] 528073K->476105K(779776K), 0.0112992 secs] [Times: user=0.06 sys=0.00, real=0.01 secs]
2325.749: [GC [PSYoungGen: 52224K->256K(58880K)] 528073K->476105K(779776K), 0.0112992 secs] [Times: user=0.06 sys=0.00, real=0.01 secs]
2325.749: [GC [PSYoungGen: 52224K->256K(58880K)] 528073K->476105K(779776K), 0.0112992 secs] [Times: user=0.06 sys=0.00, real=0.01 secs]
2325.749: [GC [PSYoungGen: 52224K->256K(58880K)] 528073K->476105K(779776K), 0.0112992 secs] [Times: user=0.06 sys=0.00, real=0.01 secs]
2325.749: [GC [PSYoungGen: 52224K->256K(58880K)] 528073K->476105K(779776K), 0.0112992 secs] [Times: user=0.06 sys=0.00, real=0.01 secs]
2325.749: [GC [PSYoungGen: 52224K->256K(58880K)] 528073K->476105K(779776K), 0.0112992 secs] [Times: user=0.06 sys=0.00, real=0.01 secs]
2325.749: [GC [PSYoungGen: 52224K->256K(58880K)] 528073K->476105K(779776K), 0.0112992 secs] [Times: user=0.06 sys=0.00, real=0.01 secs]
2325.749: [GC [PSYoungGen: 52224K->256K(58880K)] 528073K->476105K(779776K), 0.0112992 secs] [Times: user=0.06 sys=0.00, real=0.01 secs]
2325.749: [GC [PSYoungGen: 52224K->256K(58880K)] 528073K->476105K(779776K), 0.0112992 secs] [Times: user=0.06 sys=0.00, real=0.01 secs]
2325.749: [GC [PSYoungGen: 52224K->256K(58880K)] 528073K->476105K(779776K), 0.0112992 secs] [Times: user=0.06 sys=0.00, real=0.01 secs]
2325.749: [GC [PSYoungGen: 52224K->256K(58880K)] 528073K->476105K(779776K), 0.0112992 secs] [Times: user=0.06 sys=0.00, real=0.01 secs]
2325.749: [GC [PSYoungGen: 52224K->256K(58880K)] 528073K->476105K(779776K), 0.0112992 secs] [Times: user=0.06 sys=0.00, real=0.01 secs]
2325.749: [GC [PSYoungGen: 52224K->256K(58880K)] 528073K->476105K(779776K), 0.0112992 secs] [Times: user=0.06 sys=0.00, real=0.01 secs]
2325.749: [GC [PSYoungGen: 52224K->256K(58880K)] 528073K->476105K(779776K), 0.0112992 secs] [Times: user=0.06 sys=0.00, real=0.01 secs]
2325.749: [GC [PSYoungGen: 52224K->256K(58880K)] 528073K->476105K(779776K), 0.0112992 secs] [Times: user=0.06 sys=0.00, real=0.01 secs]
2325.749: [GC [PSYoungGen: 52224K->256K(58880K)] 528073K->476105K(779776K), 0.0112992 secs] [Times: user=0.06 sys=0.00, real=0.01 secs]
2325.749: [GC [PSYoungGen: 52224K->256K(58880K)] 528073K->476105K(779776K), 0.0112992 secs] [Times: user=0.06 sys=0.00, real=0.01 secs]
2325.749: [GC [PSYoungGen: 52224K->256K(58880K)] 528073K->476105K(779776K), 0.0112992 secs] [Times: user=0.06 sys=0.00, real=0.01 secs]
2325.749: [GC [PSYoungGen: 52224K->256K(58880K)] 528073K->476105K(779776K), 0.0112992 secs] [Times: user=0.06 sys=0.00, real=0.01 secs]
2325.749: [GC [PSYoungGen: 52224K->256K(58880K)] 528073K->476105K(779776K), 0.0112992 secs] [Times: user=0.06 sys=0.00, real=0.01 secs]
2325.749: [GC [PSYoungGen: 52224K->256K(58880K)] 528073K->476105K(779776K), 0.0112992 secs] [Times: user=0.06 sys=0.00, real=0.01 secs]
2325.749: [GC [PSYoungGen: 52224K->256K(58880K)] 528073K->476105K(779776K), 0.0112992 secs] [Times: user=0.06 sys=0.00, real=0.01 secs]
2325.749: [GC [PSYoungGen: 52224K->256K(58880K)] 528073K->476105K(779776K), 0.0112992 secs] [Times: user=0.06 sys=0.00, real=0.01 secs]
2325.749: [GC [PSYoungGen: 52224K->256K(58880K)] 528073K->476105K(779776K), 0.0112992 secs] [Times: user=0.06 sys=0.00, real=0.01 secs]
2325.749: [GC [PSYoungGen: 52224K->256K(58880K)] 528073K->476105K(779776K), 0.0112992 secs] [Times: user=0.06 sys=0.00, real=0.01 secs]
2325.749: [GC [PSYoungGen: 52224K->256K(58880K)] 528073K->476105K(779776K), 0.0112992 secs] [Times: user=0.06 sys=0.00, real=0.01 secs]
2325.749: [GC [PSYoungGen: 52224K->256K(58880K)] 528073K->476105K(779776K), 0.0112992 secs] [Times: user=0.06 sys=0.00, real=0.01 secs]
2325.749: [GC [PSYoungGen: 52224K->256K(58880K)] 528073K->476105K(779776K), 0.0112992 secs] [Times: user=0.06 sys=0.00, real=0.01 secs]
2325.749: [GC [PSYoungGen: 52224K->256K(58880K)] 528073K->476105K(779776K), 0.0112992 secs] [Times: user=0.06 sys=0.00, real=0.01 secs]
2325.749: [GC [PSYoungGen: 52224K->256K(58880K)] 528073K->476105K(779776K), 0.0112992 secs] [Times: user=0.06 sys=0.00, real=0.01 secs]
2325.749: [GC [PSYoungGen: 52224K->256K(58880K)] 528073K->476105K(779776K), 0.0112992 secs] [Times: user=0.06 sys=0.00, real=0.01 secs]
2325.749: [GC [PSYoungGen: 52224K->256K(58880K)] 528073K->476105K(779776K), 0.0112992 secs] [Times: user=0.06 sys=0.00, real=0.01 secs]
2325.749: [GC [PSYoungGen: 52224K->256K(58880K)] 528073K->476105K(779776K), 0.0112992 secs] [Times: user=0.06 sys=0.00, real=0.01 secs]
2325.749: [GC [PSYoungGen: 52224K->256K(58880K)] 528073K->476105K(779776K), 0.0112992 secs] [Times: user=0.06 sys=0.00, real=0.01 secs]
2325.749: [GC [PSYoungGen: 52224K->256K(58880K)] 528073K->476105K(779776K), 0.0112992 secs] [Times: user=0.06 sys=0.00, real=0.01 secs]
2325.749: [GC [PSYoungGen: 52224K->256K(58880K)] 528073K->476105K(779776K), 0.0112992 secs] [Times: user=0.06 sys=0.00, real=0.01 secs]
2325.749: [GC [PSYoungGen: 52224K->256K(58880K)] 528073K->476105K(779776K), 0.0112992 secs] [Times: user=0.06 sys=0.00, real=0.01 secs]
2325.749: [GC [PSYoungGen: 52224K->256K(58880K)] 528073K->476105K(779776K), 0.0112992 secs] [Times: user=0.06 sys=0.00, real=0.01 secs]
2325.749: [GC [PSYoungGen: 52224K->256K(58880K)] 528073K->476105K(779776K), 0.0112992 secs] [Times: user=0.06 sys=0.00, real=0.01 secs]
2325.749: [GC [PSYoungGen: 52224K->256K(58880K)] 528073K->476105K(779776K), 0.0112992 secs] [Times: user=0.06 sys=0.00, real=0.01 secs]
2325.749: [GC [PSYoungGen: 52224K->256K(58880K)] 528073K->476105K(779776K), 0.0112992 secs] [Times: user=0.06 sys=0.00, real=0.01 secs]
2325.749: [GC [PSYoungGen: 52224K->256K(58880K)] 528073K->476105K(779776K), 0.0112992 secs] [Times: user=0.06 sys=0.00, real=0.01 secs]
2325.749: [GC [PSYoungGen: 52224K->256K(58880K)] 528073K->476105K(779776K), 0.0112992 secs] [Times: user=0.06 sys=0.00, real=0.01 secs]
2325.749: [GC [PSYoungGen: 52224K->256K(58880K)] 528073K->476105K(779776K), 0.0112992 secs] [Times: user=0.06 sys=0.00, real=0.01 secs]
2325.749: [GC [PSYoungGen: 52224K->256K(58880K)] 528073K->476105K(779776K), 0.0112992 secs] [Times: user=0.06 sys=0.00, real=0.01 secs]
2325.749: [GC [PSYoungGen: 52224K->256K(58880K)] 528073K->476105K(779776K), 0.0112992 secs] [Times: user=0.06 sys=0.00, real=0.01 secs]
2325.749: [GC [PSYoungGen: 52224K->256K(58880K)] 528073K->476105K(779776K), 0.0112992 secs] [Times: user=0.06 sys=0.00, real=0.01 secs]
2325.749: [GC [PSYoungGen: 52224K->256K(58880K)] 528073K->476105K(779776K), 0.0112992 secs] [Times: user=0.06 sys=0.00, real=0.01 secs]
2325.749: [GC [PSYoungGen: 52224K->256K(58880K)] 528073K->476105K(779776K), 0.0112992 secs] [Times: user=0.06 sys=0.00, real=0.01 secs]
2325.749: [GC [PSYoungGen: 52224K->256K(58880K)] 528073K->476105K(779776K), 0.0112992 secs] [Times: user=0.06 sys=0.00, real=0.01 secs]
2325.749: [GC [PSYoungGen: 52224K->256K(58880K)] 528073K->476105K(779776K), 0.0112992 secs] [Times: user=0.06 sys=0.00, real=0.01 secs]
2325.749: [GC [PSYoungGen: 52224K->256K(58880K)] 528073K->476105K(779776K), 0.0112992 secs] [Times: user=0.06 sys=0.00, real=0.01 secs]
2325.749: [GC [PSYoungGen: 52224K->256K(58880K)] 528073K->476105K(779776K), 0.0112992 secs] [Times: user=0.06 sys=0.00, real=0.01 secs]
2325.749: [GC [PSYoungGen: 52224K->256K(58880K)] 528073K->476105K(779776K), 0.0112992 secs] [Times: user=0.06 sys=0.00, real=0.01 secs]
2325.749: [GC [PSYoungGen: 52224K->256K(58880K)] 528073K->476105K(779776K), 0.0112992 secs] [Times: user=0.06 sys=0.00, real=0.01 secs]
2325.749: [GC [PSYoungGen: 52224K->256K(58880K)] 528073K->476105K(779776K), 0.0112992 secs] [Times: user=0.06 sys=0.00, real=0.01 secs]
2325.749: [GC [PSYoungGen: 52224K->256K(58880K)] 528073K->476105K(779776K), 0.0112992 secs] [Times: user=0.06 sys=0.00, real=0.01 secs]
2325.749: [GC [PSYoungGen: 52224K->256K(58880K)] 528073K->476105K(779776K), 0.0112992 secs] [Times: user=0.06 sys=0.00, real=0.01 secs]
2325.749: [GC [PSYoungGen: 52224K->256K(58880K)] 528073K->476105K(779776K), 0.0112992 secs] [Times: user=0.06 sys=0.00, real=0.01 secs]
2325.749: [GC [PSYoungGen: 52224K->256K(58880K)] 528073K->476105K(779776K), 0.0112992 secs] [Times: user=0.06 sys=0.00, real=0.01 secs]
2325.749: [GC [PSYoungGen: 52224K->256K(58880K)] 528073K->476105K(779776K), 0.0112992 secs] [Times: user=0.06 sys=0.00, real=0.01 secs]
2325.749: [GC [PSYoungGen: 52224K->256K(58880K)] 528073K->476105K(779776K), 0.0112992 secs] [Times: user=0.06 sys=0.00, real=0.01 secs]
2325.749: [GC [PSYoungGen: 52224K->256K(58880K)] 528073K->476105K(779776K), 0.0112992 secs] [Times: user=0.06 sys=0.00, real=0.01 secs]
2325.749: [GC [PSYoungGen: 52224K->256K(58880K)] 528073K->476105K(779776K), 0.0112992 secs] [Times: user=0.06 sys=0.00, real=0.01 secs]
2325.749: [GC [PSYoungGen: 52224K->256K(58880K)] 528073K->476105K(779776K), 0.0112992 secs] [Times: user=0.06 sys=0.00, real=0.01 secs]
2325.749: [GC [PSYoungGen: 52224K->256K(58880K)] 528073K->476105K(779776K), 0.0112992 secs] [Times: user=0.06 sys=0.00, real=0.01 secs]
2325.749: [GC [PSYoungGen: 52224K->256K(58880K)] 528073K->476105K(779776K), 0.0112992 secs] [Times: user=0.06 sys=0.00, real=0.01 secs]
2325.749: [GC [PSYoungGen: 52224K->256K(58880K)] 528073K->476105K(779776K), 0.0112992 secs] [Times: user=0.06 sys=0.00, real=0.01 secs]
2325.749: [GC [PSYoungGen: 52224K->256K(58880K)] 528073K->476105K(779776K), 0.0112992 secs] [Times: user=0.06 sys=0.00, real=0.01 secs]
2325.749: [GC [PSYoungGen: 52224K->256K(58880K)] 528073K->476105K(779776K), 0.0112992 secs] [Times: user=0.06 sys=0.00, real=0.01 secs]
2325.749: [GC [PSYoungGen: 52224K->256K(58880K)] 528073K->476105K(779776K), 0.0112992 secs] [Times: user=0.06 sys=0.00, real=0.01 secs]
2325.749: [GC [PSYoungGen: 52224K->256K(58880K)] 528073K->476105K(779776K), 0.0112992 secs] [Times: user=0.06 sys=0.00, real=0.01 secs]
2325.749: [GC [PSYoungGen: 52224K->256K(58880K)] 528073K->476105K(779776K), 0.0112992 secs] [Times: user=0.06 sys=0.00, real=0.01 secs]
2325.749: [GC [PSYoungGen: 52224K->256K(58880K)] 528073K->476105K(779776K), 0.0112992 secs] [Times: user=0.06 sys=0.00, real=0.01 secs]
2325.749: [GC [PSYoungGen: 52224K->256K(58880K)] 528073K->476105K(779776K), 0.0112992 secs] [Times: user=0.06 sys=0.00, real=0.01 secs]
2325.749: [GC [PSYoungGen: 52224K->256K(58880K)] 528073K->476105K(779776K), 0.0112992 secs] [Times: user=0.06 sys=0.00, real=0.01 secs]
2325.749: [GC [PSYoungGen: 52224K->256K(58880K)] 528073K->476105K(779776K), 0.0112992 secs] [Times: user=0.06 sys=0.00, real=0.01 secs]
2325.749: [GC [PSYoungGen: 52224K->256K(58880K)] 528073K->476105K(779776K), 0.0112992 secs] [Times: user=0.06 sys=0.00, real=0.01 secs]
2325.749: [GC [PSYoungGen: 52224K->256K(58880K)] 528073K->476105K(779776K), 0.0112992 secs] [Times: user=0.06 sys=0.00, real=0.01 secs]
2325.749: [GC [PSYoungGen: 52224K->256K(58880K)] 528073K->476105K(779776K), 0.0112992 secs] [Times: user=0.06 sys=0.00, real=0.01 secs]
2325.749: [GC [PSYoungGen: 52224K->256K(58880K)] 528073K->476105K(779776K), 0.0112992 secs] [Times: user=0.06 sys=0.00, real=0.01 secs]
2325.749: [GC [PSYoungGen: 52224K->256K(58880K)] 528073K->476105K(779776K), 0.0112992 secs] [Times: user=0.06 sys=0.00, real=0.01 secs]
2325.749: [GC [PSYoungGen: 52224K->256K(58880K)] 528073K->476105K(779776K), 0.0112992 secs] [Times: user=0.06 sys=0.00, real=0.01 secs]
2325.749: [GC [PSYoungGen: 52224K->256K(58880K)] 528073K->476105K(779776K), 0.0112992 secs] [Times: user=0.06 sys=0.00, real=0.01 secs]
2325.749: [GC [PSYoungGen: 52224K->256K(58880K)] 528073K->476105K(779776K), 0.0112992 secs] [Times: user=0.06 sys=0.00, real=0.01 secs]
2325.749: [GC [PSYoungGen: 52224K->256K(58880K)] 528073K->476105K(779776K), 0.0112992 secs] [Times: user=0.06 sys=0.00, real=0.01 secs]
2325.749: [GC [PSYoungGen: 52224K->256K(58880K)] 528073K->476105K(779776K), 0.0112992 secs] [Times: user=0.06 sys=0.00, real=0.01 secs]
2325.749: [GC [PSYoungGen: 52224K->256K(58880K)] 528073K->476105K(779776K), 0.0112992 secs] [Times: user=0.06 sys=0.00, real=0.01 secs]
2325.749: [GC [PSYoungGen: 52224K->256K(58880K)] 528073K->476105K(779776K), 0.0112992 secs] [Times: user=0.06 sys=0.00, real=0.01 secs]
2325.749: [GC [PSYoungGen: 52224K->256K(58880K)] 528073K->476105K(779776K), 0.0112992 secs] [Times: user=0.06 sys=0.00, real=0.01 secs]
2325.749: [GC [PSYoungGen: 52224K->256K(58880K)] 528073K->476105K(779776K), 0.0112992 secs] [Times: user=0.06 sys=0.00, real=0.01 secs]
2325.749: [GC [PSYoungGen: 52224K->256K(58880K)] 528073K->476105K(779776K), 0.0112992 secs] [Times: user=0.06 sys=0.00, real=0.01 secs]
2325.749: [GC [PSYoungGen: 52224K->256K(58880K)] 528073K->476105K(779776K), 0.0112992 secs] [Times: user=0.06 sys=0.00, real=0.01 secs]
2325.749: [GC [PSYoungGen: 52224K->256K(58880K)] 528073K->476105K(779776K), 0.0112992 secs] [Times: user=0.06 sys=0.00, real=0.01 secs]
2325.749: [GC [PSYoungGen: 52224K->256K(58880K)] 528073K->476105K(779776K), 0.0112992 secs] [Times: user=0.06 sys=0.00, real=0.01 secs]
2325.749: [GC [PSYoungGen: 52224K->256K(58880K)] 528073K->476105K(779776K), 0.0112992 secs] [Times: user=0.06 sys=0.00, real=0.01 secs]
2325.749: [GC [PSYoungGen: 52224K->256K(58880K)] 528073K->476105K(779776K), 0.0112992 secs] [Times: user=0.06 sys=0.00, real=0.01 secs]
2325.749: [GC [PSYoungGen: 52224K->256K(58880K)] 528073K->476105K(779776K), 0.0112992 secs] [Times: user=0.06 sys=0.00, real=0.01 secs]
2325.749: [GC [PSYoungGen: 52224K->256K(58880K)] 528073K->476105K(779776K), 0.0112992 secs] [Times: user=0.06 sys=0.00, real=0.01 secs]
2325.749: [GC [PSYoungGen: 52224K->256K(58880K)] 528073K->476105K(779776K), 0.0112992 secs] [Times: user=0.06 sys=0.00, real=0.01 secs]
2325.749: [GC [PSYoungGen: 52224K->256K(58880K)] 528073K->476105K(779776K), 0.0112992 secs] [Times: user=0.06 sys=0.00, real=0.01 secs]
2325.749: [GC [PSYoungGen: 52224K->256K(58880K)] 528073K->476105K(779776K), 0.0112992 secs] [Times: user=0.06 sys=0.00, real=0.01 secs]
2325.749: [GC [PSYoungGen: 52224K->256K(58880K)] 528073K->476105K(779776K), 0.0112992 secs] [Times: user=0.06 sys=0.00, real=0.01 secs]
2325.749: [GC [PSYoungGen: 52224K->256K(58880K)] 528073K->476105K(779776K), 0.0112992 secs] [Times: user=0.06 sys=0.00, real=0.01 secs]
2325.749: [GC [PSYoungGen: 52224K->256K(58880K)] 528073K->476105K(779776K), 0.0112992 secs] [Times: user=0.06 sys=0.00, real=0.01 secs]
2325.749: [GC [PSYoungGen: 52224K->256K(58880K)] 528073K->476105K(779776K), 0.0112992 secs] [Times: user=0.06 sys=0.00, real=0.01 secs]
2325.749: [GC [PSYoungGen: 52224K->256K(58880K)] 528073K->476105K(779776K), 0.0112992 secs] [Times: user=0.06 sys=0.00, real=0.01 secs]
2325.749: [GC [PSYoungGen: 52224K->256K(58880K)] 528073K->476105K(779776K), 0.0112992 secs] [Times: user=0.06 sys=0.00, real=0.01 secs]
2325.749: [GC [PSYoungGen: 52224K->256K(58880K)] 528073K->476105K(779776K), 0.0112992 secs] [Times: user=0.06 sys=0.00, real=0.01 secs]
2325.749: [GC [PSYoungGen: 52224K->256K(58880K)] 528073K->476105K(779776K), 0.0112992 secs] [Times: user=0.06 sys=0.00, real=0.01 secs]
2325.749: [GC [PSYoungGen: 52224K->256K(58880K)] 528073K->476105K(779776K), 0.0112992 secs] [Times: user=0.06 sys=0.00, real=0.01 secs]
2325.749: [GC [PSYoungGen: 52224K->256K(58880K)] 528073K->476105K(779776K), 0.0112992 secs] [Times: user=0.06 sys=0.00, real=0.01 secs]
2325.749: [GC [PSYoungGen: 52224K->256K(58880K)] 528073K->476105K(779776K), 0.0112992 secs] [Times: user=0.06 sys=0.00, real=0.01 secs]
2325.749: [GC [PSYoungGen: 52224K->256K(58880K)] 528073K->476105K(779776K), 0.0112992 secs] [Times: user=0.06 sys=0.00, real=0.01 secs]
2325.749: [GC [PSYoungGen: 52224K->256K(58880K)] 528073K->476105K(779776K), 0.0112992 secs] [Times: user=0.06 sys=0.00, real=0.01 secs]
2325.749: [GC [PSYoungGen: 52224K->256K(58880K)] 528073K->476105K(779776K), 0.0112992 secs] [Times: user=0.06 sys=0.00, real=0.01 secs]
2325.749: [GC [PSYoungGen: 52224K->256K(58880K)] 528073K->476105K(779776K), 0.0112992 secs] [Times: user=0.06 sys=0.00, real=0.01 secs]
2325.749: [GC [PSYoungGen: 52224K->256K(58880K)] 528073K->476105K(779776K), 0.0112992 secs] [Times: user=0.06 sys=0.00, real=0.01 secs]
2325.749: [GC [PSYoungGen: 52224K->256K(58880K)] 528073K->476105K(779776K), 0.0112992 secs] [Times: user=0.06 sys=0.00, real=0.01 secs]
2325.749: [GC [PSYoungGen: 52224K->256K(58880K)] 528073K->476105K(779776K), 0.0112992 secs] [Times: user=0.06 sys=0.00, real=0.01 secs]
2325.749: [GC [PSYoungGen: 52224K->256K(58880K)] 528073K->476105K(779776K), 0.0112992 secs] [Times: user=0.06 sys=0.00, real=0.01 secs]
2325.749: [GC [PSYoungGen: 52224K->256K(58880K)] 528073K->476105K(779776K), 0.0112992 secs] [Times: user=0.06 sys=0.00, real=0.01 secs]
2325.749: [GC [PSYoungGen: 52224K->256K(58880K)] 528073K->476105K(779776K), 0.0112992 secs] [Times: user=0.06 sys=0.00, real=0.01 secs]
2325.749: [GC [PSYoungGen: 52224K->256K(58880K)] 528073K->476105K(779776K), 0.0112992 secs] [Times: user=0.06 sys=0.00, real=0.01 secs]
2325.749: [GC [PSYoungGen: 52224K->256K(58880K)] 528073K->476105K(779776K), 0.0112992 secs] [Times: user=0.06 sys=0.00, real=0.01 secs]
2325.749: [GC [PSYoungGen: 52224K->256K(58880K)] 528073K->476105K(779776K), 0.0112992 secs] [Times: user=0.06 sys=0.00, real=0.01 secs]
2325.749: [GC [PSYoungGen: 52224K->256K(58880K)] 528073K->476105K(779776K), 0.0112992 secs] [Times: user=0.06 sys=0.00, real=0.01 secs]
2325.749: [GC [PSYoungGen: 52224K->256K(58880K)] 528073K->476105K(779776K), 0.0112992 secs] [Times: user=0.06 sys=0.00, real=0.01 secs]
2325.749: [GC [PSYoungGen: 52224K->256K(58880K)] 528073K->476105K(779776K), 0.0112992 secs] [Times: user=0.06 sys=0.00, real=0.01 secs]
2325.749: [GC [PSYoungGen: 52224K->256K(58880K)] 528073K->476105K(779776K), 0.0112992 secs] [Times: user=0.06 sys=0.00, real=0.01 secs]
2325.749: [GC [PSYoungGen: 52224K->256K(58880K)] 528073K->476105K(779776K), 0.0112992 secs] [Times: user=0.06 sys=0.00, real=0.01 secs]
2325.749: [GC [PSYoungGen: 52224K->256K(58880K)] 528073K->476105K(779776K), 0.0112992 secs] [Times: user=0.06 sys=0.00, real=0.01 secs]
2325.749: [GC [PSYoungGen: 52224K->256K(58880K)] 528073K->476105K(779776K), 0.0112992 secs] [Times: user=0.06 sys=0.00, real=0.01 secs]
2325.749: [GC [PSYoungGen: 52224K->256K(58880K)] 528073K->476105K(779776K), 0.0112992 secs] [Times: user=0.06 sys=0.00, real=0.01 secs]
2325.749: [GC [PSYoungGen: 52224K->256K(58880K)] 528073K->476105K(779776K), 0.0112992 secs] [Times: user=0.06 sys=0.00, real=0.01 secs]
2325.749: [GC [PSYoungGen: 52224K->256K(58880K)] 528073K->476105K(779776K), 0.0112992 secs] [Times: user=0.06 sys=0.00, real=0.01 secs]
2325.749: [GC [PSYoungGen: 52224K->256K(58880K)] 528073K->476105K(779776K), 0.0112992 secs] [Times: user=0.06 sys=0.00, real=0.01 secs]
2325.749: [GC [PSYoungGen: 52224K->256K(58880K)] 528073K->476105K(779776K), 0.0112992 secs] [Times: user=0.06 sys=0.00, real=0.01 secs]
2325.749: [GC [PSYoungGen: 52224K->256K(58880K)] 528073K->476105K(779776K), 0.0112992 secs] [Times: user=0.06 sys=0.00, real=0.01 secs]
2325.749: [GC [PSYoungGen: 52224K->256K(58880K)] 528073K->476105K(779776K), 0.0112992 secs] [Times: user=0.06 sys=0.00, real=0.01 secs]
2325.749: [GC [PSYoungGen: 52224K->256K(58880K)] 528073K->476105K(779776K), 0.0112992 secs] [Times: user=0.06 sys=0.00, real=0.01 secs]
2325.749: [GC [PSYoungGen: 52224K->256K(58880K)] 528073K->476105K(779776K), 0.0112992 secs] [Times: user=0.06 sys=0.00, real=0.01 secs]
2325.749: [GC [PSYoungGen: 52224K->256K(58880K)] 528073K->476105K(779776K), 0.0112992 secs] [Times: user=0.06 sys=0.00, real=0.01 secs]
2325.749: [GC [PSYoungGen: 52224K->256K(58880K)] 528073K->476105K(779776K), 0.0112992 secs] [Times: user=0.06 sys=0.00, real=0.01 secs]
2325.749: [GC [PSYoungGen: 52224K->256K(58880K)] 528073K->476105K(779776K), 0.0112992 secs] [Times: user=0.06 sys=0.00, real=0.01 secs]
2325.749: [GC [PSYoungGen: 52224K->256K(58880K)] 528073K->476105K(779776K), 0.0112992 secs] [Times: user=0.06 sys=0.00, real=0.01 secs]
2325.749: [GC [PSYoungGen: 52224K->256K(58880K)] 528073K->476105K(779776K), 0.0112992 secs] [Times: user=0.06 sys=0.00, real=0.01 secs]
2325.749: [GC [PSYoungGen: 52224K->256K(58880K)] 528073K->476105K(779776K), 0.0112992 secs] [Times: user=0.06 sys=0.00, real=0.01 secs]
2325.749: [GC [PSYoungGen: 52224K->256K(58880K)] 528073K->476105K(779776K), 0.0112992 secs] [Times: user=0.06 sys=0.00, real=0.01 secs]
2325.749: [GC [PSYoungGen: 52224K->256K(58880K)] 528073K->476105K(779776K), 0.0112992 secs] [Times: user=0.06 sys=0.00, real=0.01 secs]
2325.749: [GC [PSYoungGen: 52224K->256K(58880K)] 528073K->476105K(779776K), 0.0112992 secs] [Times: user=0.06 sys=0.00, real=0.01 secs]
2325.749: [GC [PSYoungGen: 52224K->256K(58880K)] 528073K->476105K(779776K), 0.0112992 secs] [Times: user=0.06 sys=0.00, real=0.01 secs]
2325.749: [GC [PSYoungGen: 52224K->256K(58880K)] 528073K->476105K(779776K), 0.0112992 secs] [Times: user=0.06 sys=0.00, real=0.01 secs]
2325.749: [GC [PSYoungGen: 52224K->256K(58880K)] 528073K->476105K(779776K), 0.0112992 secs] [Times: user=0.06 sys=0.00, real=0.01 secs]
2325.749: [GC [PSYoungGen: 52224K->256K(58880K)] 528073K->476105K(779776K), 0.0112992 secs] [Times: user=0.06 sys=0.00, real=0.01 secs]
2325.749: [GC [PSYoungGen: 52224K->256K(58880K)] 528073K->476105K(779776K), 0.0112992 secs] [Times: user=0.06 sys=0.00, real=0.01 secs]
2325.749: [GC [PSYoungGen: 52224K->256K(58880K)] 528073K->476105K(779776K), 0.0112992 secs] [Times: user=0.06 sys=0.00, real=0.01 secs]
2325.749: [GC [PSYoungGen: 52224K->256K(58880K)] 528073K->476105K(779776K), 0.0112992 secs] [Times: user=0.06 sys=0.00, real=0.01 secs]
2325.749: [GC [PSYoungGen: 52224K->256K(58880K)] 528073K->476105K(779776K), 0.0112992 secs] [Times: user=0.06 sys=0.00, real=0.01 secs]
2325.749: [GC [PSYoungGen: 52224K->256K(58880K)] 528073K->476105K(779776K), 0.0112992 secs] [Times: user=0.06 sys=0.00, real=0.01 secs]
2325.749: [GC [PSYoungGen: 52224K->256K(58880K)] 528073K->476105K(779776K), 0.0112992 secs] [Times: user=0.06 sys=0.00, real=0.01 secs]
2325.749: [GC [PSYoungGen: 52224K->256K(58880K)] 528073K->476105K(779776K), 0.0112992 secs] [Times: user=0.06 sys=0.00, real=0.01 secs]
2325.749: [GC [PSYoungGen: 52224K->256K(58880K)] 528073K->476105K(779776K), 0.0112992 secs] [Times: user=0.06 sys=0.00, real=0.01 secs]
2325.749: [GC [PSYoungGen: 52224K->256K(58880K)] 528073K->476105K(779776K), 0.0112992 secs] [Times: user=0.06 sys=0.00, real=0.01 secs]
2325.749: [GC [PSYoungGen: 52224K->256K(58880K)] 528073K->476105K(779776K), 0.0112992 secs] [Times: user=0.06 sys=0.00, real=0.01 secs]
2325.749: [GC [PSYoungGen: 52224K->256K(58880K)] 528073K->476105K(779776K), 0.0112992 secs] [Times: user=0.06 sys=0.00, real=0.01 secs]
2325.749: [GC [PSYoungGen: 52224K->256K(58880K)] 528073K->476105K(779776K), 0.0112992 secs] [Times: user=0.06 sys=0.00, real=0.01 secs]
2325.749: [GC [PSYoungGen: 52224K->256K(58880K)] 528073K->476105K(779776K), 0.0112992 secs] [Times: user=0.06 sys=0.00, real=0.01 secs]
2325.749: [GC [PSYoungGen: 52224K->256K(58880K)] 528073K->476105K(779776K), 0.0112992 secs] [Times: user=0.06 sys=0.00, real=0.01 secs]
2325.749: [GC [PSYoungGen: 52224K->256K(58880K)] 528073K->476105K(779776K), 0.0112992 secs] [Times: user=0.06 sys=0.00, real=0.01 secs]
2325.749: [GC [PSYoungGen: 52224K->256K(58880K)] 528073K->476105K(779776K), 0.0112992 secs] [Times: user=0.06 sys=0.00, real=0.01 secs]
2325.749: [GC [PSYoungGen: 52224K->256K(58880K)] 528073K->476105K(779776K), 0.0112992 secs] [Times: user=0.06 sys=0.00, real=0.01 secs]
2325.749: [GC [PSYoungGen: 52224K->256K(58880K)] 528073K->476105K(779776K), 0.0112992 secs] [Times: user=0.06 sys=0.00, real=0.01 secs]
2325.749: [GC [PSYoungGen: 52224K->256K(58880K)] 528073K->476105K(779776K), 0.0112992 secs] [Times: user=0.06 sys=0.00, real=0.01 secs]
2325.749: [GC [PSYoungGen: 52224K->256K(58880K)] 528073K->476105K(779776K), 0.0112992 secs] [Times: user=0.06 sys=0.00, real=0.01 secs]
2325.749: [GC [PSYoungGen: 52224K->256K(58880K)] 528073K->476105K(779776K), 0.0112992 secs] [Times: user=0.06 sys=0.00, real=0.01 secs]
2325.749: [GC [PSYoungGen: 52224K->256K(58880K)] 528073K->476105K(779776K), 0.0112992 secs] [Times: user=0.06 sys=0.00, real=0.01 secs]
2325.749: [GC [PSYoungGen: 52224K->256K(58880K)] 528073K->476105K(779776K), 0.0112992 secs] [Times: user=0.06 sys=0.00, real=0.01 secs]
2325.749: [GC [PSYoungGen: 52224K->256K(58880K)] 528073K->476105K(779776K), 0.0112992 secs] [Times: user=0.06 sys=0.00, real=0.01 secs]
2325.749: [GC [PSYoungGen: 52224K->256K(58880K)] 528073K->476105K(779776K), 0.0112992 secs] [Times: user=0.06 sys=0.00, real=0.01 secs]
2325.749: [GC [PSYoungGen: 52224K->256K(58880K)] 528073K->476105K(779776K), 0.0112992 secs] [Times: user=0.06 sys=0.00, real=0.01 secs]
2325.749: [GC [PSYoungGen: 52224K->256K(58880K)] 528073K->476105K(779776K), 0.0112992 secs] [Times: user=0.06 sys=0.00, real=0.01 secs]
2325.749: [GC [PSYoungGen: 52224K->256K(58880K)] 528073K->476105K(779776K), 0.0112992 secs] [Times: user=0.06 sys=0.00, real=0.01 secs]
2325.749: [GC [PSYoungGen: 52224K->256K(58880K)] 528073K->476105K(779776K), 0.0112992 secs] [Times: user=0.06 sys=0.00, real=0.01 secs]
2325.749: [GC [PSYoungGen: 52224K->256K(58880K)] 528073K->476105K(779776K), 0.0112992 secs] [Times: user=0.06 sys=0.00, real=0.01 secs]
2325.749: [GC [PSYoungGen: 52224K->256K(58880K)] 528073K->476105K(779776K), 0.0112992 secs] [Times: user=0.06 sys=0.00, real=0.01 secs]
2325.749: [GC [PSYoungGen: 52224K->256K(58880K)] 528073K->476105K(779776K), 0.0112992 secs] [Times: user=0.06 sys=0.00, real=0.01 secs]
2325.749: [GC [PSYoungGen: 52224K->256K(58880K)] 528073K->476105K(779776K), 0.0112992 secs] [Times: user=0.06 sys=0.00, real=0.01 secs]
2325.749: [GC [PSYoungGen: 52224K->256K(58880K)] 528073K->476105K(779776K), 0.0112992 secs] [Times: user=0.06 sys=0.00, real=0.01 secs]
2325.749: [GC [PSYoungGen: 52224K->256K(58880K)] 528073K->476105K(779776K), 0.0112992 secs] [Times: user=0.06 sys=0.00, real=0.01 secs]
2325.749: [GC [PSYoungGen: 52224K->256K(58880K)] 528073K->476105K(779776K), 0.0112992 secs] [Times: user=0.06 sys=0.00, real=0.01 secs]
2325.749: [GC [PSYoungGen: 52224K->256K(58880K)] 528073K->476105K(779776K), 0.0112992 secs] [Times: user=0.06 sys=0.00, real=0.01 secs]
2325.749: [GC [PSYoungGen: 52224K->256K(58880K)] 528073K->476105K(779776K), 0.0112992 secs] [Times: user=0.06 sys=0.00, real=0.01 secs]
2325.749: [GC [PSYoungGen: 52224K->256K(58880K)] 528073K->476105K(779776K), 0.0112992 secs] [Times: user=0.06 sys=0.00, real=0.01 secs]
2325.749: [GC [PSYoungGen: 52224K->256K(58880K)] 528073K->476105K(779776K), 0.0112992 secs] [Times: user=0.06 sys=0.00, real=0.01 secs]
2325.749: [GC [PSYoungGen: 52224K->256K(58880K)] 528073K->476105K(779776K), 0.0112992 secs] [Times: user=0.06 sys=0.00, real=0.01 secs]
2325.749: [GC [PSYoungGen: 52224K->256K(58880K)] 528073K->476105K(779776K), 0.0112992 secs] [Times: user=0.06 sys=0.00, real=0.01 secs]
2325.749: [GC [PSYoungGen: 52224K->256K(58880K)] 528073K->476105K(779776K), 0.0112992 secs] [Times: user=0.06 sys=0.00, real=0.01 secs]
2325.749: [GC [PSYoungGen: 52224K->256K(58880K)] 528073K->476105K(779776K), 0.0112992 secs] [Times: user=0.06 sys=0.00, real=0.01 secs]
2325.749: [GC [PSYoungGen: 52224K->256K(58880K)] 528073K->476105K(779776K), 0.0112992 secs] [Times: user=0.06 sys=0.00, real=0.01 secs]
2325.749: [GC [PSYoungGen: 52224K->256K(58880K)] 528073K->476105K(779776K), 0.0112992 secs] [Times: user=0.06 sys=0.00, real=0.01 secs]
2325.749: [GC [PSYoungGen: 52224K->256K(58880K)] 528073K->476105K(779776K), 0.0112992 secs] [Times: user=0.06 sys=0.00, real=0.01 secs]
2325.749: [GC [PSYoungGen: 52224K->256K(58880K)] 528073K->476105K(779776K), 0.0112992 secs] [Times: user=0.06 sys=0.00, real=0.01 secs]
2325.749: [GC [PSYoungGen: 52224K->256K(58880K)] 528073K->476105K(779776K), 0.0112992 secs] [Times: user=0.06 sys=0.00, real=0.01 secs]
2325.749: [GC [PSYoungGen: 52224K->256K(58880K)] 528073K->476105K(779776K), 0.0112992 secs] [Times: user=0.06 sys=0.00, real=0.01 secs]
2325.749: [GC [PSYoungGen: 52224K->256K(58880K)] 528073K->476105K(779776K), 0.0112992 secs] [Times: user=0.06 sys=0.00, real=0.01 secs]
2325.749: [GC [PSYoungGen: 52224K->256K(58880K)] 528073K->476105K(779776K), 0.0112992 secs] [Times: user=0.06 sys=0.00, real=0.01 secs]
2325.749: [GC [PSYoungGen: 52224K->256K(58880K)] 528073K->476105K(779776K), 0.0112992 secs] [Times: user=0.06 sys=0.00, real=0.01 secs]
2325.749: [GC [PSYoungGen: 52224K->256K(58880K)] 528073K->476105K(779776K), 0.0112992 secs] [Times: user=0.06 sys=0.00, real=0.01 secs]
2325.749: [GC [PSYoungGen: 52224K->256K(58880K)] 528073K->476105K(779776K), 0.0112992 secs] [Times: user=0.06 sys=0.00, real=0.01 secs]
2325.749: [GC [PSYoungGen: 52224K->256K(58880K)] 528073K->476105K(779776K), 0.0112992 secs] [Times: user=0.06 sys=0.00, real=0.01 secs]
2325.749: [GC [PSYoungGen: 52224K->256K(58880K)] 528073K->476105K(779776K), 0.0112992 secs] [Times: user=0.06 sys=0.00, real=0.01 secs]
2325.749: [GC [PSYoungGen: 52224K->256K(58880K)] 528073K->476105K(779776K), 0.0112992 secs] [Times: user=0.06 sys=0.00, real=0.01 secs]
2325.749: [GC [PSYoungGen: 52224K->256K(58880K)] 528073K->476105K(779776K), 0.0112992 secs] [Times: user=0.06 sys=0.00, real=0.01 secs]
2325.749: [GC [PSYoungGen: 52224K->256K(58880K)] 528073K->476105K(779776K), 0.0112992 secs] [Times: user=0.06 sys=0.00, real=0.01 secs]
2325.749: [GC [PSYoungGen: 52224K->256K(58880K)] 528073K->476105K(779776K), 0.0112992 secs] [Times: user=0.06 sys=0.00, real=0.01 secs]
2325.749: [GC [PSYoungGen: 52224K->256K(58880K)] 528073K->476105K(779776K), 0.0112992 secs] [Times: user=0.06 sys=0.00, real=0.01 secs]
2325.749: [GC [PSYoungGen: 52224K->256K(58880K)] 528073K->476105K(779776K), 0.0112992 secs] [Times: user=0.06 sys=0.00, real=0.01 secs]
2325.749: [GC [PSYoungGen: 52224K->256K(58880K)] 528073K->476105K(779776K), 0.0112992 secs] [Times: user=0.06 sys=0.00, real=0.01 secs]
2325.749: [GC [PSYoungGen: 52224K->256K(58880K)] 528073K->476105K(779776K), 0.0112992 secs] [Times: user=0.06 sys=0.00, real=0.01 secs]
2325.749: [GC [PSYoungGen: 52224K->256K(58880K)] 528073K->476105K(779776K), 0.0112992 secs] [Times: user=0.06 sys=0.00, real=0.01 secs]
2325.749: [GC [PSYoungGen: 52224K->256K(58880K)] 528073K->476105K(779776K), 0.0112992 secs] [Times: user=0.06 sys=0.00, real=0.01 secs]
2325.749: [GC [PSYoungGen: 52224K->256K(58880K)] 528073K->476105K(779776K), 0.0112992 secs] [Times: user=0.06 sys=0.00, real=0.01 secs]
2325.749: [GC [PSYoungGen: 52224K->256K(58880K)] 528073K->476105K(779776K), 0.0112992 secs] [Times: user=0.06 sys=0.00, real=0.01 secs]
2325.749: [GC [PSYoungGen: 52224K->256K(58880K)] 528073K->476105K(779776K), 0.0112992 secs] [Times: user=0.06 sys=0.00, real=0.01 secs]
2325.749: [GC [PSYoungGen: 52224K->256K(58880K)] 528073K->476105K(779776K), 0.0112992 secs] [Times: user=0.06 sys=0.00, real=0.01 secs]
2325.749: [GC [PSYoungGen: 52224K->256K(58880K)] 528073K->476105K(779776K), 0.0112992 secs] [Times: user=0.06 sys=0.00, real=0.01 secs]
2325.749: [GC [PSYoungGen: 52224K->256K(58880K)] 528073K->476105K(779776K), 0.0112992 secs] [Times: user=0.06 sys=0.00, real=0.01 secs]
2325.749: [GC [PSYoungGen: 52224K->256K(58880K)] 528073K->476105K(779776K), 0.0112992 secs] [Times: user=0.06 sys=0.00, real=0.01 secs]
2325.749: [GC [PSYoungGen: 52224K->256K(58880K)] 528073K->476105K(779776K), 0.0112992 secs] [Times: user=0.06 sys=0.00, real=0.01 secs]
2325.749: [GC [PSYoungGen: 52224K->256K(58880K)] 528073K->476105K(779776K), 0.0112992 secs] [Times: user=0.06 sys=0.00, real=0.01 secs]
2325.749: [GC [PSYoungGen: 52224K->256K(58880K)] 528073K->476105K(779776K), 0.0112992 secs] [Times: user=0.06 sys=0.00, real=0.01 secs]
2325.749: [GC [PSYoungGen: 52224K->256K(58880K)] 528073K->476105K(779776K), 0.0112992 secs] [Times: user=0.06 sys=0.00, real=0.01 secs]
2325.749: [GC [PSYoungGen: 52224K->256K(58880K)] 528073K->476105K(779776K), 0.0112992 secs] [Times: user=0.06 sys=0.00, real=0.01 secs]
2325.749: [GC [PSYoungGen: 52224K->256K(58880K)] 528073K->476105K(779776K), 0.0112992 secs] [Times: user=0.06 sys=0.00, real=0.01 secs]
2325.749: [GC [PSYoungGen: 52224K->256K(58880K)] 528073K->476105K(779776K), 0.0112992 secs] [Times: user=0.06 sys=0.00, real=0.01 secs]
2325.749: [GC [PSYoungGen: 52224K->256K(58880K)] 528073K->476105K(779776K), 0.0112992 secs] [Times: user=0.06 sys=0.00, real=0.01 secs]
2325.749: [GC [PSYoungGen: 52224K->256K(58880K)] 528073K->476105K(779776K), 0.0112992 secs] [Times: user=0.06 sys=0.00, real=0.01 secs]
2325.749: [GC [PSYoungGen: 52224K->256K(58880K)] 528073K->476105K(779776K), 0.0112992 secs] [Times: user=0.06 sys=0.00, real=0.01 secs]
2325.749: [GC [PSYoungGen: 52224K->256K(58880K)] 528073K->476105K(779776K), 0.0112992 secs] [Times: user=0.06 sys=0.00, real=0.01 secs]
2325.749: [GC [PSYoungGen: 52224K->256K(58880K)] 528073K->476105K(779776K), 0.0112992 secs] [Times: user=0.06 sys=0.00, real=0.01 secs]
2325.749: [GC [PSYoungGen: 52224K->256K(58880K)] 528073K->476105K(779776K), 0.0112992 secs] [Times: user=0.06 sys=0.00, real=0.01 secs]
2325.749: [GC [PSYoungGen: 52224K->256K(58880K)] 528073K->476105K(779776K), 0.0112992 secs] [Times: user=0.06 sys=0.00, real=0.01 secs]
2325.749: [GC [PSYoungGen: 52224K->256K(58880K)] 528073K->476105K(779776K), 0.0112992 secs] [Times: user=0.06 sys=0.00, real=0.01 secs]
2325.749: [GC [PSYoungGen: 52224K->256K(58880K)] 528073K->476105K(779776K), 0.0112992 secs] [Times: user=0.06 sys=0.00, real=0.01 secs]
2325.749: [GC [PSYoungGen: 52224K->256K(58880K)] 528073K->476105K(779776K), 0.0112992 secs] [Times: user=0.06 sys=0.00, real=0.01 secs]
2325.749: [GC [PSYoungGen: 52224K->256K(58880K)] 528073K->476105K(779776K), 0.0112992 secs] [Times: user=0.06 sys=0.00, real=0.01 secs]
2325.749: [GC [PSYoungGen: 52224K->256K(58880K)] 528073K->476105K(779776K), 0.0112992 secs] [Times: user=0.06 sys=0.00, real=0.01 secs]
2325.749: [GC [PSYoungGen: 52224K->256K(58880K)] 528073K->476105K(779776K), 0.0112992 secs] [Times: user=0.06 sys=0.00, real=0.01 secs]
2325.749: [GC [PSYoungGen: 52224K->256K(58880K)] 528073K->476105K(779776K), 0.0112992 secs] [Times: user=0.06 sys=0.00, real=0.01 secs]
2325.749: [GC [PSYoungGen: 52224K->256K(58880K)] 528073K->476105K(779776K), 0.0112992 secs] [Times: user=0.06 sys=0.00, real=0.01 secs]
2325.749: [GC [PSYoungGen: 52224K->256K(58880K)] 528073K->476105K(779776K), 0.0112992 secs] [Times: user=0.06 sys=0.00, real=0.01 secs]
2325.749: [GC [PSYoungGen: 52224K->256K(58880K)] 528073K->476105K(779776K), 0.0112992 secs] [Times: user=0.06 sys=0.00, real=0.01 secs]
2325.749: [GC [PSYoungGen: 52224K->256K(58880K)] 528073K->476105K(779776K), 0.0112992 secs] [Times: user=0.06 sys=0.00, real=0.01 secs]
2325.749: [GC [PSYoungGen: 52224K->256K(58880K)] 528073K->476105K(779776K), 0.0112992 secs] [Times: user=0.06 sys=0.00, real=0.01 secs]
2325.749: [GC [PSYoungGen: 52224K->256K(58880K)] 528073K->476105K(779776K), 0.0112992 secs] [Times: user=0.06 sys=0.00, real=0.01 secs]
2325.749: [GC [PSYoungGen: 52224K->256K(58880K)] 528073K->476105K(779776K), 0.0112992 secs] [Times: user=0.06 sys=0.00, real=0.01 secs]
2325.749: [GC [PSYoungGen: 52224K->256K(58880K)] 528073K->476105K(779776K), 0.0112992 secs] [Times: user=0.06 sys=0.00, real=0.01 secs]
2325.749: [GC [PSYoungGen: 52224K->256K(58880K)] 528073K->476105K(779776K), 0.0112992 secs] [Times: user=0.06 sys=0.00, real=0.01 secs]
2325.749: [GC [PSYoungGen: 52224K->256K(58880K)] 528073K->476105K(779776K), 0.0112992 secs] [Times: user=0.06 sys=0.00, real=0.01 secs]
2325.749: [GC [PSYoungGen: 52224K->256K(58880K)] 528073K->476105K(779776K), 0.0112992 secs] [Times: user=0.06 sys=0.00, real=0.01 secs]
2325.749: [GC [PSYoungGen: 52224K->256K(58880K)] 528073K->476105K(779776K), 0.0112992 secs] [Times: user=0.06 sys=0.00, real=0.01 secs]
2325.749: [GC [PSYoungGen: 52224K->256K(58880K)] 528073K->476105K(779776K), 0.0112992 secs] [Times: user=0.06 sys=0.00, real=0.01 secs]
2325.749: [GC [PSYoungGen: 52224K->256K(58880K)] 528073K->476105K(779776K), 0.0112992 secs] [Times: user=0.06 sys=0.00, real=0.01 secs]
2325.749: [GC [PSYoungGen: 52224K->256K(58880K)] 528073K->476105K(779776K), 0.0112992 secs] [Times: user=0.06 sys=0.00, real=0.01 secs]
2325.749: [GC [PSYoungGen: 52224K->256K(58880K)] 528073K->476105K(779776K), 0.0112992 secs] [Times: user=0.06 sys=0.00, real=0.01 secs]
2325.749: [GC [PSYoungGen: 52224K->256K(58880K)] 528073K->476105K(779776K), 0.0112992 secs] [Times: user=0.06 sys=0.00, real=0.01 secs]
2325.749: [GC [PSYoungGen: 52224K->256K(58880K)] 528073K->476105K(779776K), 0.0112992 secs] [Times: user=0.06 sys=0.00, real=0.01 secs]
2325.749: [GC [PSYoungGen: 52224K->256K(58880K)] 528073K->476105K(779776K), 0.0112992 secs] [Times: user=0.06 sys=0.00, real=0.01 secs]
2325.749: [GC [PSYoungGen: 52224K->256K(58880K)] 528073K->476105K(779776K), 0.0112992 secs] [Times: user=0.06 sys=0.00, real=0.01 secs]
2325.749: [GC [PSYoungGen: 52224K->256K(58880K)] 528073K->476105K(779776K), 0.0112992 secs] [Times: user=0.06 sys=0.00, real=0.01 secs]
2325.749: [GC [PSYoungGen: 52224K->256K(58880K)] 528073K->476105K(779776K), 0.0112992 secs] [Times: user=0.06 sys=0.00, real=0.01 secs]
2325.749: [GC [PSYoungGen: 52224K->256K(58880K)] 528073K->476105K(779776K), 0.0112992 secs] [Times: user=0.06 sys=0.00, real=0.01 secs]
2325.749: [GC [PSYoungGen: 52224K->256K(58880K)] 528073K->476105K(779776K), 0.0112992 secs] [Times: user=0.06 sys=0.00, real=0.01 secs]
2325.749: [GC [PSYoungGen: 52224K->256K(58880K)] 528073K->476105K(779776K), 0.0112992 secs] [Times: user=0.06 sys=0.00, real=0.01 secs]
2325.749: [GC [PSYoungGen: 52224K->256K(58880K)] 528073K->476105K(779776K), 0.0112992 secs] [Times: user=0.06 sys=0.00, real=0.01 secs]
2325.749: [GC [PSYoungGen: 52224K->256K(58880K)] 528073K->476105K(779776K), 0.0112992 secs] [Times: user=0.06 sys=0.00, real=0.01 secs]
2325.749: [GC [PSYoungGen: 52224K->256K(58880K)] 528073K->476105K(779776K), 0.0112992 secs] [Times: user=0.06 sys=0.00, real=0.01 secs]
2325.749: [GC [PSYoungGen: 52224K->256K(58880K)] 528073K->476105K(779776K), 0.0112992 secs] [Times: user=0.06 sys=0.00, real=0.01 secs]
2325.749: [GC [PSYoungGen: 52224K->256K(58880K)] 528073K->476105K(779776K), 0.0112992 secs] [Times: user=0.06 sys=0.00, real=0.01 secs]
2325.749: [GC [PSYoungGen: 52224K->256K(58880K)] 528073K->476105K(779776K), 0.0112992 secs] [Times: user=0.06 sys=0.00, real=0.01 secs]
2325.749: [GC [PSYoungGen: 52224K->256K(58880K)] 528073K->476105K(779776K), 0.0112992 secs] [Times: user=0.06 sys=0.00, real=0.01 secs]
2325.749: [GC [PSYoungGen: 52224K->256K(58880K)] 528073K->476105K(779776K), 0.0112992 secs] [Times: user=0.06 sys=0.00, real=0.01 secs]
2325.749: [GC [PSYoungGen: 52224K->256K(58880K)] 528073K->476105K(779776K), 0.0112992 secs] [Times: user=0.06 sys=0.00, real=0.01 secs]
2325.749: [GC [PSYoungGen: 52224K->256K(58880K)] 528073K->476105K(779776K), 0.0112992 secs] [Times: user=0.06 sys=0.00, real=0.01 secs]
2325.749: [GC [PSYoungGen: 52224K->256K(58880K)] 528073K->476105K(779776K), 0.0112992 secs] [Times: user=0.06 sys=0.00, real=0.01 secs]
2325.749: [GC [PSYoungGen: 52224K->256K(58880K)] 528073K->476105K(779776K), 0.0112992 secs] [Times: user=0.06 sys=0.00, real=0.01 secs]
2325.749: [GC [PSYoungGen: 52224K->256K(58880K)] 528073K->476105K(779776K), 0.0112992 secs] [Times: user=0.06 sys=0.00, real=0.01 secs]
2325.749: [GC [PSYoungGen: 52224K->256K(58880K)] 528073K->476105K(779776K), 0.0112992 secs] [Times: user=0.06 sys=0.00, real=0.01 secs]
2325.749: [GC [PSYoungGen: 52224K->256K(58880K)] 528073K->476105K(779776K), 0.0112992 secs] [Times: user=0.06 sys=0.00, real=0.01 secs]
2325.749: [GC [PSYoungGen: 52224K->256K(58880K)] 528073K->476105K(779776K), 0.0112992 secs] [Times: user=0.06 sys=0.00, real=0.01 secs]
2325.749: [GC [PSYoungGen: 52224K->256K(58880K)] 528073K->476105K(779776K), 0.0112992 secs] [Times: user=0.06 sys=0.00, real=0.01 secs]
2325.749: [GC [PSYoungGen: 52224K->256K(58880K)] 528073K->476105K(779776K), 0.0112992 secs] [Times: user=0.06 sys=0.00, real=0.01 secs]
2325.749: [GC [PSYoungGen: 52224K->256K(58880K)] 528073K->476105K(779776K), 0.0112992 secs] [Times: user=0.06 sys=0.00, real=0.01 secs]
2325.749: [GC [PSYoungGen: 52224K->256K(58880K)] 528073K->476105K(779776K), 0.0112992 secs] [Times: user=0.06 sys=0.00, real=0.01 secs]
2325.749: [GC [PSYoungGen: 52224K->256K(58880K)] 528073K->476105K(779776K), 0.0112992 secs] [Times: user=0.06 sys=0.00, real=0.01 secs]
2325.749: [GC [PSYoungGen: 52224K->256K(58880K)] 528073K->476105K(779776K), 0.0112992 secs] [Times: user=0.06 sys=0.00, real=0.01 secs]
2325.749: [GC [PSYoungGen: 52224K->256K(58880K)] 528073K->476105K(779776K), 0.0112992 secs] [Times: user=0.06 sys=0.00, real=0.01 secs]
2325.749: [GC [PSYoungGen: 52224K->256K(58880K)] 528073K->476105K(779776K), 0.0112992 secs] [Times: user=0.06 sys=0.00, real=0.01 secs]
2325.749: [GC [PSYoungGen: 52224K->256K(58880K)] 528073K->476105K(779776K), 0.0112992 secs] [Times: user=0.06 sys=0.00, real=0.01 secs]
2325.749: [GC [PSYoungGen: 52224K->256K(58880K)] 528073K->476105K(779776K), 0.0112992 secs] [Times: user=0.06 sys=0.00, real=0.01 secs]
2325.749: [GC [PSYoungGen: 52224K->256K(58880K)] 528073K->476105K(779776K), 0.0112992 secs] [Times: user=0.06 sys=0.00, real=0.01 secs]
2325.749: [GC [PSYoungGen: 52224K->256K(58880K)] 528073K->476105K(779776K), 0.0112992 secs] [Times: user=0.06 sys=0.00, real=0.01 secs]
2325.749: [GC [PSYoungGen: 52224K->256K(58880K)] 528073K->476105K(779776K), 0.0112992 secs] [Times: user=0.06 sys=0.00, real=0.01 secs]
2325.749: [GC [PSYoungGen: 52224K->256K(58880K)] 528073K->476105K(779776K), 0.0112992 secs] [Times: user=0.06 sys=0.00, real=0.01 secs]
2325.749: [GC [PSYoungGen: 52224K->256K(58880K)] 528073K->476105K(779776K), 0.0112992 secs] [Times: user=0.06 sys=0.00, real=0.01 secs]
2325.749: [GC [PSYoungGen: 52224K->256K(58880K)] 528073K->476105K(779776K), 0.0112992 secs] [Times: user=0.06 sys=0.00, real=0.01 secs]
2325.749: [GC [PSYoungGen: 52224K->256K(58880K)] 528073K->476105K(779776K), 0.0112992 secs] [Times: user=0.06 sys=0.00, real=0.01 secs]
2325.749: [GC [PSYoungGen: 52224K->256K(58880K)] 528073K->476105K(779776K), 0.0112992 secs] [Times: user=0.06 sys=0.00, real=0.01 secs]
2325.749: [GC [PSYoungGen: 52224K->256K(58880K)] 528073K->476105K(779776K), 0.0112992 secs] [Times: user=0.06 sys=0.00, real=0.01 secs]
2325.749: [GC [PSYoungGen: 52224K->256K(58880K)] 528073K->476105K(779776K), 0.0112992 secs] [Times: user=0.06 sys=0.00, real=0.01 secs]
2325.749: [GC [PSYoungGen: 52224K->256K(58880K)] 528073K->476105K(779776K), 0.0112992 secs] [Times: user=0.06 sys=0.00, real=0.01 secs]
2325.749: [GC [PSYoungGen: 52224K->256K(58880K)] 528073K->476105K(779776K), 0.0112992 secs] [Times: user=0.06 sys=0.00, real=0.01 secs]
2325.749: [GC [PSYoungGen: 52224K->256K(58880K)] 528073K->476105K(779776K), 0.0112992 secs] [Times: user=0.06 sys=0.00, real=0.01 secs]
2325.749: [GC [PSYoungGen: 52224K->256K(58880K)] 528073K->476105K(779776K), 0.0112992 secs] [Times: user=0.06 sys=0.00, real=0.01 secs]
2325.749: [GC [PSYoungGen: 52224K->256K(58880K)] 528073K->476105K(779776K), 0.0112992 secs] [Times: user=0.06 sys=0.00, real=0.01 secs]
2325.749: [GC [PSYoungGen: 52224K->256K(58880K)] 528073K->476105K(779776K), 0.0112992 secs] [Times: user=0.06 sys=0.00, real=0.01 secs]
2325.749: [GC [PSYoungGen: 52224K->256K(58880K)] 528073K->476105K(779776K), 0.0112992 secs] [Times: user=0.06 sys=0.00, real=0.01 secs]
2325.749: [GC [PSYoungGen: 52224K->256K(58880K)] 528073K->476105K(779776K), 0.0112992 secs] [Times: user=0.06 sys=0.00, real=0.01 secs]
2325.749: [GC [PSYoungGen: 52224K->256K(58880K)] 528073K->476105K(779776K), 0.0112992 secs] [Times: user=0.06 sys=0.00, real=0.01 secs]
2325.749: [GC [PSYoungGen: 52224K->256K(58880K)] 528073K->476105K(779776K), 0.0112992 secs] [Times: user=0.06 sys=0.00, real=0.01 secs]
2325.749: [GC [PSYoungGen: 52224K->256K(58880K)] 528073K->476105K(779776K), 0.0112992 secs] [Times: user=0.06 sys=0.00, real=0.01 secs]
2325.749: [GC [PSYoungGen: 52224K->256K(58880K)] 528073K->476105K(779776K), 0.0112992 secs] [Times: user=0.06 sys=0.00, real=0.01 secs]
2325.749: [GC [PSYoungGen: 52224K->256K(58880K)] 528073K->476105K(779776K), 0.0112992 secs] [Times: user=0.06 sys=0.00, real=0.01 secs]
2325.749: [GC [PSYoungGen: 52224K->256K(58880K)] 528073K->476105K(779776K), 0.0112992 secs] [Times: user=0.06 sys=0.00, real=0.01 secs]
2325.749: [GC [PSYoungGen: 52224K->256K(58880K)] 528073K->476105K(779776K), 0.0112992 secs] [Times: user=0.06 sys=0.00, real=0.01 secs]
2325.749: [GC [PSYoungGen: 52224K->256K(58880K)] 528073K->476105K(779776K), 0.0112992 secs] [Times: user=0.06 sys=0.00, real=0.01 secs]
2325.749: [GC [PSYoungGen: 52224K->256K(58880K)] 528073K->476105K(779776K), 0.0112992 secs] [Times: user=0.06 sys=0.00, real=0.01 secs]
2325.749: [GC [PSYoungGen: 52224K->256K(58880K)] 528073K->476105K(779776K), 0.0112992 secs] [Times: user=0.06 sys=0.00, real=0.01 secs]
2325.749: [GC [PSYoungGen: 52224K->256K(58880K)] 528073K->476105K(779776K), 0.0112992 secs] [Times: user=0.06 sys=0.00, real=0.01 secs]
2325.749: [GC [PSYoungGen: 52224K->256K(58880K)] 528073K->476105K(779776K), 0.0112992 secs] [Times: user=0.06 sys=0.00, real=0.01 secs]
2325.749: [GC [PSYoungGen: 52224K->256K(58880K)] 528073K->476105K(779776K), 0.0112992 secs] [Times: user=0.06 sys=0.00, real=0.01 secs]
2325.749: [GC [PSYoungGen: 52224K->256K(58880K)] 528073K->476105K(779776K), 0.0112992 secs] [Times: user=0.06 sys=0.00, real=0.01 secs]
2325.749: [GC [PSYoungGen: 52224K->256K(58880K)] 528073K->476105K(779776K), 0.0112992 secs] [Times: user=0.06 sys=0.00, real=0.01 secs]
2325.749: [GC [PSYoungGen: 52224K->256K(58880K)] 528073K->476105K(779776K), 0.0112992 secs] [Times: user=0.06 sys=0.00, real=0.01 secs]
2325.749: [GC [PSYoungGen: 52224K->256K(58880K)] 528073K->476105K(779776K), 0.0112992 secs] [Times: user=0.06 sys=0.00, real=0.01 secs]
2325.749: [GC [PSYoungGen: 52224K->256K(58880K)] 528073K->476105K(779776K), 0.0112992 secs] [Times: user=0.06 sys=0.00, real=0.01 secs]
2325.749: [GC [PSYoungGen: 52224K->256K(58880K)] 528073K->476105K(779776K), 0.0112992 secs] [Times: user=0.06 sys=0.00, real=0.01 secs]
2325.749: [GC [PSYoungGen: 52224K->256K(58880K)] 528073K->476105K(779776K), 0.0112992 secs] [Times: user=0.06 sys=0.00, real=0.01 secs]
2325.749: [GC [PSYoungGen: 52224K->256K(58880K)] 528073K->476105K(779776K), 0.0112992 secs] [Times: user=0.06 sys=0.00, real=0.01 secs]
2325.749: [GC [PSYoungGen: 52224K->256K(58880K)] 528073K->476105K(779776K), 0.0112992 secs] [Times: user=0.06 sys=0.00, real=0.01 secs]
2325.749: [GC [PSYoungGen: 52224K->256K(58880K)] 528073K->476105K(779776K), 0.0112992 secs] [Times: user=0.06 sys=0.00, real=0.01 secs]
2325.749: [GC [PSYoungGen: 52224K->256K(58880K)] 528073K->476105K(779776K), 0.0112992 secs] [Times: user=0.06 sys=0.00, real=0.01 secs]
2325.749: [GC [PSYoungGen: 52224K->256K(58880K)] 528073K->476105K(779776K), 0.0112992 secs] [Times: user=0.06 sys=0.00, real=0.01 secs]
2325.749: [GC [PSYoungGen: 52224K->256K(58880K)] 528073K->476105K(779776K), 0.0112992 secs] [Times: user=0.06 sys=0.00, real=0.01 secs]
2325.749: [GC [PSYoungGen: 52224K->256K(58880K)] 528073K->476105K(779776K), 0.0112992 secs] [Times: user=0.06 sys=0.00, real=0.01 secs]
2325.749: [GC [PSYoungGen: 52224K->256K(58880K)] 528073K->476105K(779776K), 0.0112992 secs] [Times: user=0.06 sys=0.00, real=0.01 secs]
2325.749: [GC [PSYoungGen: 52224K->256K(58880K)] 528073K->476105K(779776K), 0.0112992 secs] [Times: user=0.06 sys=0.00, real=0.01 secs]
2325.749: [GC [PSYoungGen: 52224K->256K(58880K)] 528073K->476105K(779776K), 0.0112992 secs] [Times: user=0.06 sys=0.00, real=0.01 secs]
2325.749: [GC [PSYoungGen: 52224K->256K(58880K)] 528073K->476105K(779776K), 0.0112992 secs] [Times: user=0.06 sys=0.00, real=0.01 secs]
2325.749: [GC [PSYoungGen: 52224K->256K(58880K)] 528073K->476105K(779776K), 0.0112992 secs] [Times: user=0.06 sys=0.00, real=0.01 secs]
2325.749: [GC [PSYoungGen: 52224K->256K(58880K)] 528073K->476105K(779776K), 0.0112992 secs] [Times: user=0.06 sys=0.00, real=0.01 secs]
2325.749: [GC [PSYoungGen: 52224K->256K(58880K)] 528073K->476105K(779776K), 0.0112992 secs] [Times: user=0.06 sys=0.00, real=0.01 secs]
2325.749: [GC [PSYoungGen: 52224K->256K(58880K)] 528073K->476105K(779776K), 0.0112992 secs] [Times: user=0.06 sys=0.00, real=0.01 secs]
2325.749: [GC [PSYoungGen: 52224K->256K(58880K)] 528073K->476105K(779776K), 0.0112992 secs] [Times: user=0.06 sys=0.00, real=0.01 secs]
2325.749: [GC [PSYoungGen: 52224K->256K(58880K)] 528073K->476105K(779776K), 0.0112992 secs] [Times: user=0.06 sys=0.00, real=0.01 secs]
2325.749: [GC [PSYoungGen: 52224K->256K(58880K)] 528073K->476105K(779776K), 0.0112992 secs] [Times: user=0.06 sys=0.00, real=0.01 secs]
2325.749: [GC [PSYoungGen: 52224K->256K(58880K)] 528073K->476105K(779776K), 0.0112992 secs] [Times: user=0.06 sys=0.00, real=0.01 secs]
2325.749: [GC [PSYoungGen: 52224K->256K(58880K)] 528073K->476105K(779776K), 0.0112992 secs] [Times: user=0.06 sys=0.00, real=0.01 secs]
2325.749: [GC [PSYoungGen: 52224K->256K(58880K)] 528073K->476105K(779776K), 0.0112992 secs] [Times: user=0.06 sys=0.00, real=0.01 secs]
2325.749: [GC [PSYoungGen: 52224K->256K(58880K)] 528073K->476105K(779776K), 0.0112992 secs] [Times: user=0.06 sys=0.00, real=0.01 secs]
2325.749: [GC [PSYoungGen: 52224K->256K(58880K)] 528073K->476105K(779776K), 0.0112992 secs] [Times: user=0.06 sys=0.00, real=0.01 secs]
2325.749: [GC [PSYoungGen: 52224K->256K(58880K)] 528073K->476105K(779776K), 0.0112992 secs] [Times: user=0.06 sys=0.00, real=0.01 secs]
2325.749: [GC [PSYoungGen: 52224K->256K(58880K)] 528073K->476105K(779776K), 0.0112992 secs] [Times: user=0.06 sys=0.00, real=0.01 secs]
2325.749: [GC [PSYoungGen: 52224K->256K(58880K)] 528073K->476105K(779776K), 0.0112992 secs] [Times: user=0.06 sys=0.00, real=0.01 secs]
2325.749: [GC [PSYoungGen: 52224K->256K(58880K)] 528073K->476105K(779776K), 0.0112992 secs] [Times: user=0.06 sys=0.00, real=0.01 secs]
2325.749: [GC [PSYoungGen: 52224K->256K(58880K)] 528073K->476105K(779776K), 0.0112992 secs] [Times: user=0.06 sys=0.00, real=0.01 secs]
2325.749: [GC [PSYoungGen: 52224K->256K(58880K)] 528073K->476105K(779776K), 0.0112992 secs] [Times: user=0.06 sys=0.00, real=0.01 secs]
2325.749: [GC [PSYoungGen: 52224K->256K(58880K)] 528073K->476105K(779776K), 0.0112992 secs] [Times: user=0.06 sys=0.00, real=0.01 secs]
2325.749: [GC [PSYoungGen: 52224K->256K(58880K)] 528073K->476105K(779776K), 0.0112992 secs] [Times: user=0.06 sys=0.00, real=0.01 secs]
2325.749: [GC [PSYoungGen: 52224K->256K(58880K)] 528073K->476105K(779776K), 0.0112992 secs] [Times: user=0.06 sys=0.00, real=0.01 secs]
2325.749: [GC [PSYoungGen: 52224K->256K(58880K)] 528073K->476105K(779776K), 0.0112992 secs] [Times: user=0.06 sys=0.00, real=0.01 secs]
2325.749: [GC [PSYoungGen: 52224K->256K(58880K)] 528073K->476105K(779776K), 0.0112992 secs] [Times: user=0.06 sys=0.00, real=0.01 secs]
2325.749: [GC [PSYoungGen: 52224K->256K(58880K)] 528073K->476105K(779776K), 0.0112992 secs] [Times: user=0.06 sys=0.00, real=0.01 secs]
2325.749: [GC [PSYoungGen: 52224K->256K(58880K)] 528073K->476105K(779776K), 0.0112992 secs] [Times: user=0.06 sys=0.00, real=0.01 secs]
2325.749: [GC [PSYoungGen: 52224K->256K(58880K)] 528073K->476105K(779776K), 0.0112992 secs] [Times: user=0.06 sys=0.00, real=0.01 secs]
2325.749: [GC [PSYoungGen: 52224K->256K(58880K)] 528073K->476105K(779776K), 0.0112992 secs] [Times: user=0.06 sys=0.00, real=0.01 secs]
2325.749: [GC [PSYoungGen: 52224K->256K(58880K)] 528073K->476105K(779776K), 0.0112992 secs] [Times: user=0.06 sys=0.00, real=0.01 secs]
2325.749: [GC [PSYoungGen: 52224K->256K(58880K)] 528073K->476105K(779776K), 0.0112992 secs] [Times: user=0.06 sys=0.00, real=0.01 secs]
2325.749: [GC [PSYoungGen: 52224K->256K(58880K)] 528073K->476105K(779776K), 0.0112992 secs] [Times: user=0.06 sys=0.00, real=0.01 secs]
2325.749: [GC [PSYoungGen: 52224K->256K(58880K)] 528073K->476105K(779776K), 0.0112992 secs] [Times: user=0.06 sys=0.00, real=0.01 secs]
2325.749: [GC [PSYoungGen: 52224K->256K(58880K)] 528073K->476105K(779776K), 0.0112992 secs] [Times: user=0.06 sys=0.00, real=0.01 secs]
2325.749: [GC [PSYoungGen: 52224K->256K(58880K)] 528073K->476105K(779776K), 0.0112992 secs] [Times: user=0.06 sys=0.00, real=0.01 secs]
2325.749: [GC [PSYoungGen: 52224K->256K(58880K)] 528073K->476105K(779776K), 0.0112992 secs] [Times: user=0.06 sys=0.00, real=0.01 secs]
2325.749: [GC [PSYoungGen: 52224K->256K(58880K)] 528073K->476105K(779776K), 0.0112992 secs] [Times: user=0.06 sys=0.00, real=0.01 secs]
2325.749: [GC [PSYoungGen: 52224K->256K(58880K)] 528073K->476105K(779776K), 0.0112992 secs] [Times: user=0.06 sys=0.00, real=0.01 secs]
2325.749: [GC [PSYoungGen: 52224K->256K(58880K)] 528073K->476105K(779776K), 0.0112992 secs] [Times: user=0.06 sys=0.00, real=0.01 secs]
2325.749: [GC [PSYoungGen: 52224K->256K(58880K)] 528073K->476105K(779776K), 0.0112992 secs] [Times: user=0.06 sys=0.00, real=0.01 secs]
2325.749: [GC [PSYoungGen: 52224K->256K(58880K)] 528073K->476105K(779776K), 0.0112992 secs] [Times: user=0.06 sys=0.00, real=0.01 secs]
2325.749: [GC [PSYoungGen: 52224K->256K(58880K)] 528073K->476105K(779776K), 0.0112992 secs] [Times: user=0.06 sys=0.00, real=0.01 secs]
2325.749: [GC [PSYoungGen: 52224K->256K(58880K)] 528073K->476105K(779776K), 0.0112992 secs] [Times: user=0.06 sys=0.00, real=0.01 secs]
2325.749: [GC [PSYoungGen: 52224K->256K(58880K)] 528073K->476105K(779776K), 0.0112992 secs] [Times: user=0.06 sys=0.00, real=0.01 secs]
2325.749: [GC [PSYoungGen: 52224K->256K(58880K)] 528073K->476105K(779776K), 0.0112992 secs] [Times: user=0.06 sys=0.00, real=0.01 secs]
2325.749: [GC [PSYoungGen: 52224K->256K(58880K)] 528073K->476105K(779776K), 0.0112992 secs] [Times: user=0.06 sys=0.00, real=0.01 secs]
2325.749: [GC [PSYoungGen: 52224K->256K(58880K)] 528073K->476105K(779776K), 0.0112992 secs] [Times: user=0.06 sys=0.00, real=0.01 secs]
2325.749: [GC [PSYoungGen: 52224K->256K(58880K)] 528073K->476105K(779776K), 0.0112992 secs] [Times: user=0.06 sys=0.00, real=0.01 secs]
2325.749: [GC [PSYoungGen: 52224K->256K(58880K)] 528073K->476105K(779776K), 0.0112992 secs] [Times: user=0.06 sys=0.00, real=0.01 secs]
2325.749: [GC [PSYoungGen: 52224K->256K(58880K)] 528073K->476105K(779776K), 0.0112992 secs] [Times: user=0.06 sys=0.00, real=0.01 secs]
2325.749: [GC [PSYoungGen: 52224K->256K(58880K)] 528073K->476105K(779776K), 0.0112992 secs] [Times: user=0.06 sys=0.00, real=0.01 secs]
2325.749: [GC [PSYoungGen: 52224K->256K(58880K)] 528073K->476105K(779776K), 0.0112992 secs] [Times: user=0.06 sys=0.00, real=0.01 secs]
2325.749: [GC [PSYoungGen: 52224K->256K(58880K)] 528073K->476105K(779776K), 0.0112992 secs] [Times: user=0.06 sys=0.00, real=0.01 secs]
2325.749: [GC [PSYoungGen: 52224K->256K(58880K)] 528073K->476105K(779776K), 0.0112992 secs] [Times: user=0.06 sys=0.00, real=0.01 secs]
2325.749: [GC [PSYoungGen: 52224K->256K(58880K)] 528073K->476105K(779776K), 0.0112992 secs] [Times: user=0.06 sys=0.00, real=0.01 secs]
2325.749: [GC [PSYoungGen: 52224K->256K(58880K)] 528073K->476105K(779776K), 0.0112992 secs] [Times: user=0.06 sys=0.00, real=0.01 secs]
2325.749: [GC [PSYoungGen: 52224K->256K(58880K)] 528073K->476105K(779776K), 0.0112992 secs] [Times: user=0.06 sys=0.00, real=0.01 secs]
2325.749: [GC [PSYoungGen: 52224K->256K(58880K)] 528073K->476105K(779776K), 0.0112992 secs] [Times: user=0.06 sys=0.00, real=0.01 secs]
2325.749: [GC [PSYoungGen: 52224K->256K(58880K)] 528073K->476105K(779776K), 0.0112992 secs] [Times: user=0.06 sys=0.00, real=0.01 secs]
2325.749: [GC [PSYoungGen: 52224K->256K(58880K)] 528073K->476105K(779776K), 0.0112992 secs] [Times: user=0.06 sys=0.00, real=0.01 secs]
2325.749: [GC [PSYoungGen: 52224K->256K(58880K)] 528073K->476105K(779776K), 0.0112992 secs] [Times: user=0.06 sys=0.00, real=0.01 secs]
2325.749: [GC [PSYoungGen: 52224K->256K(58880K)] 528073K->476105K(779776K), 0.0112992 secs] [Times: user=0.06 sys=0.00, real=0.01 secs]
2325.749: [GC [PSYoungGen: 52224K->256K(58880K)] 528073K->476105K(779776K), 0.0112992 secs] [Times: user=0.06 sys=0.00, real=0.01 secs]
2325.749: [GC [PSYoungGen: 52224K->256K(58880K)] 528073K->476105K(779776K), 0.0112992 secs] [Times: user=0.06 sys=0.00, real=0.01 secs]
2325.749: [GC [PSYoungGen: 52224K->256K(58880K)] 528073K->476105K(779776K), 0.0112992 secs] [Times: user=0.06 sys=0.00, real=0.01 secs]
2325.749: [GC [PSYoungGen: 52224K->256K(58880K)] 528073K->476105K(779776K), 0.0112992 secs] [Times: user=0.06 sys=0.00, real=0.01 secs]
2325.749: [GC [PSYoungGen: 52224K->256K(58880K)] 528073K->476105K(779776K), 0.0112992 secs] [Times: user=0.06 sys=0.00, real=0.01 secs]
2325.749: [GC [PSYoungGen: 52224K->256K(58880K)] 528073K->476105K(779776K), 0.0112992 secs] [Times: user=0.06 sys=0.00, real=0.01 secs]
2325.749: [GC [PSYoungGen: 52224K->256K(58880K)] 528073K->476105K(779776K), 0.0112992 secs] [Times: user=0.06 sys=0.00, real=0.01 secs]
2325.749: [GC [PSYoungGen: 52224K->256K(58880K)] 528073K->476105K(779776K), 0.0112992 secs] [Times: user=0.06 sys=0.00, real=0.01 secs]
2325.749: [GC [PSYoungGen: 52224K->256K(58880K)] 528073K->476105K(779776K), 0.0112992 secs] [Times: user=0.06 sys=0.00, real=0.01 secs]
2325.749: [GC [PSYoungGen: 52224K->256K(58880K)] 528073K->476105K(779776K), 0.0112992 secs] [Times: user=0.06 sys=0.00, real=0.01 secs]
2325.749: [GC [PSYoungGen: 52224K->256K(58880K)] 528073K->476105K(779776K), 0.0112992 secs] [Times: user=0.06 sys=0.00, real=0.01 secs]
2325.749: [GC [PSYoungGen: 52224K->256K(58880K)] 528073K->476105K(779776K), 0.0112992 secs] [Times: user=0.06 sys=0.00, real=0.01 secs]
2325.749: [GC [PSYoungGen: 52224K->256K(58880K)] 528073K->476105K(779776K), 0.0112992 secs] [Times: user=0.06 sys=0.00, real=0.01 secs]
2325.749: [GC [PSYoungGen: 52224K->256K(58880K)] 528073K->476105K(779776K), 0.0112992 secs] [Times: user=0.06 sys=0.00, real=0.01 secs]
2325.749: [GC [PSYoungGen: 52224K->256K(58880K)] 528073K->476105K(779776K), 0.0112992 secs] [Times: user=0.06 sys=0.00, real=0.01 secs]
2325.749: [GC [PSYoungGen: 52224K->256K(58880K)] 528073K->476105K(779776K), 0.0112992 secs] [Times: user=0.06 sys=0.00, real=0.01 secs]
2325.749: [GC [PSYoungGen: 52224K->256K(58880K)] 528073K->476105K(779776K), 0.0112992 secs] [Times: user=0.06 sys=0.00, real=0.01 secs]
2325.749: [GC [PSYoungGen: 52224K->256K(58880K)] 528073K->476105K(779776K), 0.0112992 secs] [Times: user=0.06 sys=0.00, real=0.01 secs]
2325.749: [GC [PSYoungGen: 52224K->256K(58880K)] 528073K->476105K(779776K), 0.0112992 secs] [Times: user=0.06 sys=0.00, real=0.01 secs]
2325.749: [GC [PSYoungGen: 52224K->256K(58880K)] 528073K->476105K(779776K), 0.0112992 secs] [Times: user=0.06 sys=0.00, real=0.01 secs]
2325.749: [GC [PSYoungGen: 52224K->256K(58880K)] 528073K->476105K(779776K), 0.0112992 secs] [Times: user=0.06 sys=0.00, real=0.01 secs]
2325.749: [GC [PSYoungGen: 52224K->256K(58880K)] 528073K->476105K(779776K), 0.0112992 secs] [Times: user=0.06 sys=0.00, real=0.01 secs]
2325.749: [GC [PSYoungGen: 52224K->256K(58880K)] 528073K->476105K(779776K), 0.0112992 secs] [Times: user=0.06 sys=0.00, real=0.01 secs]
2325.749: [GC [PSYoungGen: 52224K->256K(58880K)] 528073K->476105K(779776K), 0.0112992 secs] [Times: user=0.06 sys=0.00, real=0.01 secs]
2325.749: [GC [PSYoungGen: 52224K->256K(58880K)] 528073K->476105K(779776K), 0.0112992 secs] [Times: user=0.06 sys=0.00, real=0.01 secs]
2325.749: [GC [PSYoungGen: 52224K->256K(58880K)] 528073K->476105K(779776K), 0.0112992 secs] [Times: user=0.06 sys=0.00, real=0.01 secs]
2325.749: [GC [PSYoungGen: 52224K->256K(58880K)] 528073K->476105K(779776K), 0.0112992 secs] [Times: user=0.06 sys=0.00, real=0.01 secs]
2325.749: [GC [PSYoungGen: 52224K->256K(58880K)] 528073K->476105K(779776K), 0.0112992 secs] [Times: user=0.06 sys=0.00, real=0.01 secs]
2325.749: [GC [PSYoungGen: 52224K->256K(58880K)] 528073K->476105K(779776K), 0.0112992 secs] [Times: user=0.06 sys=0.00, real=0.01 secs]
2325.749: [GC [PSYoungGen: 52224K->256K(58880K)] 528073K->476105K(779776K), 0.0112992 secs] [Times: user=0.06 sys=0.00, real=0.01 secs]
2325.749: [GC [PSYoungGen: 52224K->256K(58880K)] 528073K->476105K(779776K), 0.0112992 secs] [Times: user=0.06 sys=0.00, real=0.01 secs]
2325.749: [GC [PSYoungGen: 52224K->256K(58880K)] 528073K->476105K(779776K), 0.0112992 secs] [Times: user=0.06 sys=0.00, real=0.01 secs]
2325.749: [GC [PSYoungGen: 52224K->256K(58880K)] 528073K->476105K(779776K), 0.0112992 secs] [Times: user=0.06 sys=0.00, real=0.01 secs]
2325.749: [GC [PSYoungGen: 52224K->256K(58880K)] 528073K->476105K(779776K), 0.0112992 secs] [Times: user=0.06 sys=0.00, real=0.01 secs]
2325.749: [GC [PSYoungGen: 52224K->256K(58880K)] 528073K->476105K(779776K), 0.0112992 secs] [Times: user=0.06 sys=0.00, real=0.01 secs]
2325.749: [GC [PSYoungGen: 52224K->256K(58880K)] 528073K->476105K(779776K), 0.0112992 secs] [Times: user=0.06 sys=0.00, real=0.01 secs]
2325.749: [GC [PSYoungGen: 52224K->256K(58880K)] 528073K->476105K(779776K), 0.0112992 secs] [Times: user=0.06 sys=0.00, real=0.01 secs]
2325.749: [GC [PSYoungGen: 52224K->256K(58880K)] 528073K->476105K(779776K), 0.0112992 secs] [Times: user=0.06 sys=0.00, real=0.01 secs]
2325.749: [GC [PSYoungGen: 52224K->256K(58880K)] 528073K->476105K(779776K), 0.0112992 secs] [Times: user=0.06 sys=0.00, real=0.01 secs]
2325.749: [GC [PSYoungGen: 52224K->256K(58880K)] 528073K->476105K(779776K), 0.0112992 secs] [Times: user=0.06 sys=0.00, real=0.01 secs]
2325.749: [GC [PSYoungGen: 52224K->256K(58880K)] 528073K->476105K(779776K), 0.0112992 secs] [Times: user=0.06 sys=0.00, real=0.01 secs]
2325.749: [GC [PSYoungGen: 52224K->256K(58880K)] 528073K->476105K(779776K), 0.0112992 secs] [Times: user=0.06 sys=0.00, real=0.01 secs]
2325.749: [GC [PSYoungGen: 52224K->256K(58880K)] 528073K->476105K(779776K), 0.0112992 secs] [Times: user=0.06 sys=0.00, real=0.01 secs]
2325.749: [GC [PSYoungGen: 52224K->256K(58880K)] 528073K->476105K(779776K), 0.0112992 secs] [Times: user=0.06 sys=0.00, real=0.01 secs]
2325.749: [GC [PSYoungGen: 52224K->256K(58880K)] 528073K->476105K(779776K), 0.0112992 secs] [Times: user=0.06 sys=0.00, real=0.01 secs]
2325.749: [GC [PSYoungGen: 52224K->256K(58880K)] 528073K->476105K(779776K), 0.0112992 secs] [Times: user=0.06 sys=0.00, real=0.01 secs]
2325.749: [GC [PSYoungGen: 52224K->256K(58880K)] 528073K->476105K(779776K), 0.0112992 secs] [Times: user=0.06 sys=0.00, real=0.01 secs]
2325.749: [GC [PSYoungGen: 52224K->256K(58880K)] 528073K->476105K(779776K), 0.0112992 secs] [Times: user=0.06 sys=0.00, real=0.01 secs]
2325.749: [GC [PSYoungGen: 52224K->256K(58880K)] 528073K->476105K(779776K), 0.0112992 secs] [Times: user=0.06 sys=0.00, real=0.01 secs]
2325.749: [GC [PSYoungGen: 52224K->256K(58880K)] 528073K->476105K(779776K), 0.0112992 secs] [Times: user=0.06 sys=0.00, real=0.01 secs]
2325.749: [GC [PSYoungGen: 52224K->256K(58880K)] 528073K->476105K(779776K), 0.0112992 secs] [Times: user=0.06 sys=0.00, real=0.01 secs]
2325.749: [GC [PSYoungGen: 52224K->256K(58880K)] 528073K->476105K(779776K), 0.0112992 secs] [Times: user=0.06 sys=0.00, real=0.01 secs]
2325.749: [GC [PSYoungGen: 52224K->256K(58880K)] 528073K->476105K(779776K), 0.0112992 secs] [Times: user=0.06 sys=0.00, real=0.01 secs]
2325.749: [GC [PSYoungGen: 52224K->256K(58880K)] 528073K->476105K(779776K), 0.0112992 secs] [Times: user=0.06 sys=0.00, real=0.01 secs]
2325.749: [GC [PSYoungGen: 52224K->256K(58880K)] 528073K->476105K(779776K), 0.0112992 secs] [Times: user=0.06 sys=0.00, real=0.01 secs]
2325.749: [GC [PSYoungGen: 52224K->256K(58880K)] 528073K->476105K(779776K), 0.0112992 secs] [Times: user=0.06 sys=0.00, real=0.01 secs]
2325.749: [GC [PSYoungGen: 52224K->256K(58880K)] 528073K->476105K(779776K), 0.0112992 secs] [Times: user=0.06 sys=0.00, real=0.01 secs]
2325.749: [GC [PSYoungGen: 52224K->256K(58880K)] 528073K->476105K(779776K), 0.0112992 secs] [Times: user=0.06 sys=0.00, real=0.01 secs]
2325.749: [GC [PSYoungGen: 52224K->256K(58880K)] 528073K->476105K(779776K), 0.0112992 secs] [Times: user=0.06 sys=0.00, real=0.01 secs]
2325.749: [GC [PSYoungGen: 52224K->256K(58880K)] 528073K->476105K(779776K), 0.0112992 secs] [Times: user=0.06 sys=0.00, real=0.01 secs]
2325.749: [GC [PSYoungGen: 52224K->256K(58880K)] 528073K->476105K(779776K), 0.0112992 secs] [Times: user=0.06 sys=0.00, real=0.01 secs]
2325.749: [GC [PSYoungGen: 52224K->256K(58880K)] 528073K->476105K(779776K), 0.0112992 secs] [Times: user=0.06 sys=0.00, real=0.01 secs]
2325.749: [GC [PSYoungGen: 52224K->256K(58880K)] 528073K->476105K(779776K), 0.0112992 secs] [Times: user=0.06 sys=0.00, real=0.01 secs]
2325.749: [GC [PSYoungGen: 52224K->256K(58880K)] 528073K->476105K(779776K), 0.0112992 secs] [Times: user=0.06 sys=0.00, real=0.01 secs]
2325.749: [GC [PSYoungGen: 52224K->256K(58880K)] 528073K->476105K(779776K), 0.0112992 secs] [Times: user=0.06 sys=0.00, real=0.01 secs]
2325.749: [GC [PSYoungGen: 52224K->256K(58880K)] 528073K->476105K(779776K), 0.0112992 secs] [Times: user=0.06 sys=0.00, real=0.01 secs]
2325.749: [GC [PSYoungGen: 52224K->256K(58880K)] 528073K->476105K(779776K), 0.0112992 secs] [Times: user=0.06 sys=0.00, real=0.01 secs]
2325.749: [GC [PSYoungGen: 52224K->256K(58880K)] 528073K->476105K(779776K), 0.0112992 secs] [Times: user=0.06 sys=0.00, real=0.01 secs]
2325.749: [GC [PSYoungGen: 52224K->256K(58880K)] 528073K->476105K(779776K), 0.0112992 secs] [Times: user=0.06 sys=0.00, real=0.01 secs]
2325.749: [GC [PSYoungGen: 52224K->256K(58880K)] 528073K->476105K(779776K), 0.0112992 secs] [Times: user=0.06 sys=0.00, real=0.01 secs]
2325.749: [GC [PSYoungGen: 52224K->256K(58880K)] 528073K->476105K(779776K), 0.0112992 secs] [Times: user=0.06 sys=0.00, real=0.01 secs]
2325.749: [GC [PSYoungGen: 52224K->256K(58880K)] 528073K->476105K(779776K), 0.0112992 secs] [Times: user=0.06 sys=0.00, real=0.01 secs]
2325.749: [GC [PSYoungGen: 52224K->256K(58880K)] 528073K->476105K(779776K), 0.0112992 secs] [Times: user=0.06 sys=0.00, real=0.01 secs]
2325.749: [GC [PSYoungGen: 52224K->256K(58880K)] 528073K->476105K(779776K), 0.0112992 secs] [Times: user=0.06 sys=0.00, real=0.01 secs]
2325.749: [GC [PSYoungGen: 52224K->256K(58880K)] 528073K->476105K(779776K), 0.0112992 secs] [Times: user=0.06 sys=0.00, real=0.01 secs]
2325.749: [GC [PSYoungGen: 52224K->256K(58880K)] 528073K->476105K(779776K), 0.0112992 secs] [Times: user=0.06 sys=0.00, real=0.01 secs]
2325.749: [GC [PSYoungGen: 52224K->256K(58880K)] 528073K->476105K(779776K), 0.0112992 secs] [Times: user=0.06 sys=0.00, real=0.01 secs]
2325.749: [GC [PSYoungGen: 52224K->256K(58880K)] 528073K->476105K(779776K), 0.0112992 secs] [Times: user=0.06 sys=0.00, real=0.01 secs]
2325.749: [GC [PSYoungGen: 52224K->256K(58880K)] 528073K->476105K(779776K), 0.0112992 secs] [Times: user=0.06 sys=0.00, real=0.01 secs]
2325.749: [GC [PSYoungGen: 52224K->256K(58880K)] 528073K->476105K(779776K), 0.0112992 secs] [Times: user=0.06 sys=0.00, real=0.01 secs]
2325.749: [GC [PSYoungGen: 52224K->256K(58880K)] 528073K->476105K(779776K), 0.0112992 secs] [Times: user=0.06 sys=0.00, real=0.01 secs]
2325.749: [GC [PSYoungGen: 52224K->256K(58880K)] 528073K->476105K(779776K), 0.0112992 secs] [Times: user=0.06 sys=0.00, real=0.01 secs]
2325.749: [GC [PSYoungGen: 52224K->256K(58880K)] 528073K->476105K(779776K), 0.0112992 secs] [Times: user=0.06 sys=0.00, real=0.01 secs]
2325.749: [GC [PSYoungGen: 52224K->256K(58880K)] 528073K->476105K(779776K), 0.0112992 secs] [Times: user=0.06 sys=0.00, real=0.01 secs]
2325.749: [GC [PSYoungGen: 52224K->256K(58880K)] 528073K->476105K(779776K), 0.0112992 secs] [Times: user=0.06 sys=0.00, real=0.01 secs]
2325.749: [GC [PSYoungGen: 52224K->256K(58880K)] 528073K->476105K(779776K), 0.0112992 secs] [Times: user=0.06 sys=0.00, real=0.01 secs]
2325.749: [GC [PSYoungGen: 52224K->256K(58880K)] 528073K->476105K(779776K), 0.0112992 secs] [Times: user=0.06 sys=0.00, real=0.01 secs]
2325.749: [GC [PSYoungGen: 52224K->256K(58880K)] 528073K->476105K(779776K), 0.0112992 secs] [Times: user=0.06 sys=0.00, real=0.01 secs]
2325.749: [GC [PSYoungGen: 52224K->256K(58880K)] 528073K->476105K(779776K), 0.0112992 secs] [Times: user=0.06 sys=0.00, real=0.01 secs]
2325.749: [GC [PSYoungGen: 52224K->256K(58880K)] 528073K->476105K(779776K), 0.0112992 secs] [Times: user=0.06 sys=0.00, real=0.01 secs]
2325.749: [GC [PSYoungGen: 52224K->256K(58880K)] 528073K->476105K(779776K), 0.0112992 secs] [Times: user=0.06 sys=0.00, real=0.01 secs]
2325.749: [GC [PSYoungGen: 52224K->256K(58880K)] 528073K->476105K(779776K), 0.0112992 secs] [Times: user=0.06 sys=0.00, real=0.01 secs]
2325.749: [GC [PSYoungGen: 52224K->256K(58880K)] 528073K->476105K(779776K), 0.0112992 secs] [Times: user=0.06 sys=0.00, real=0.01 secs]
2325.749: [GC [PSYoungGen: 52224K->256K(58880K)] 528073K->476105K(779776K), 0.0112992 secs] [Times: user=0.06 sys=0.00, real=0.01 secs]
2325.749: [GC [PSYoungGen: 52224K->256K(58880K)] 528073K->476105K(779776K), 0.0112992 secs] [Times: user=0.06 sys=0.00, real=0.01 secs]
2325.749: [GC [PSYoungGen: 52224K->256K(58880K)] 528073K->476105K(779776K), 0.0112992 secs] [Times: user=0.06 sys=0.00, real=0.01 secs]
2325.749: [GC [PSYoungGen: 52224K->256K(58880K)] 528073K->476105K(779776K), 0.0112992 secs] [Times: user=0.06 sys=0.00, real=0.01 secs]
2325.749: [GC [PSYoungGen: 52224K->256K(58880K)] 528073K->476105K(779776K), 0.0112992 secs] [Times: user=0.06 sys=0.00, real=0.01 secs]
2325.749: [GC [PSYoungGen: 52224K->256K(58880K)] 528073K->476105K(779776K), 0.0112992 secs] [Times: user=0.06 sys=0.00, real=0.01 secs]
2325.749: [GC [PSYoungGen: 52224K->256K(58880K)] 528073K->476105K(779776K), 0.0112992 secs] [Times: user=0.06 sys=0.00, real=0.01 secs]
2325.749: [GC [PSYoungGen: 52224K->256K(58880K)] 528073K->476105K(779776K), 0.0112992 secs] [Times: user=0.06 sys=0.00, real=0.01 secs]
2325.749: [GC [PSYoungGen: 52224K->256K(58880K)] 528073K->476105K(779776K), 0.0112992 secs] [Times: user=0.06 sys=0.00, real=0.01 secs]
2325.749: [GC [PSYoungGen: 52224K->256K(58880K)] 528073K->476105K(779776K), 0.0112992 secs] [Times: user=0.06 sys=0.00, real=0.01 secs]
2325.749: [GC [PSYoungGen: 52224K->256K(58880K)] 528073K->476105K(779776K), 0.0112992 secs] [Times: user=0.06 sys=0.00, real=0.01 secs]
2325.749: [GC [PSYoungGen: 52224K->256K(58880K)] 528073K->476105K(779776K), 0.0112992 secs] [Times: user=0.06 sys=0.00, real=0.01 secs]
2325.749: [GC [PSYoungGen: 52224K->256K(58880K)] 528073K->476105K(779776K), 0.0112992 secs] [Times: user=0.06 sys=0.00, real=0.01 secs]
2325.749: [GC [PSYoungGen: 52224K->256K(58880K)] 528073K->476105K(779776K), 0.0112992 secs] [Times: user=0.06 sys=0.00, real=0.01 secs]
2325.749: [GC [PSYoungGen: 52224K->256K(58880K)] 528073K->476105K(779776K), 0.0112992 secs] [Times: user=0.06 sys=0.00, real=0.01 secs]
2325.749: [GC [PSYoungGen: 52224K->256K(58880K)] 528073K->476105K(779776K), 0.0112992 secs] [Times: user=0.06 sys=0.00, real=0.01 secs]
2325.749: [GC [PSYoungGen: 52224K->256K(58880K)] 528073K->476105K(779776K), 0.0112992 secs] [Times: user=0.06 sys=0.00, real=0.01 secs]
2325.749: [GC [PSYoungGen: 52224K->256K(58880K)] 528073K->476105K(779776K), 0.0112992 secs] [Times: user=0.06 sys=0.00, real=0.01 secs]
2325.749: [GC [PSYoungGen: 52224K->256K(58880K)] 528073K->476105K(779776K), 0.0112992 secs] [Times: user=0.06 sys=0.00, real=0.01 secs]
2325.749: [GC [PSYoungGen: 52224K->256K(58880K)] 528073K->476105K(779776K), 0.0112992 secs] [Times: user=0.06 sys=0.00, real=0.01 secs]
2325.749: [GC [PSYoungGen: 52224K->256K(58880K)] 528073K->476105K(779776K), 0.0112992 secs] [Times: user=0.06 sys=0.00, real=0.01 secs]
2325.749: [GC [PSYoungGen: 52224K->256K(58880K)] 528073K->476105K(779776K), 0.0112992 secs] [Times: user=0.06 sys=0.00, real=0.01 secs]
2325.749: [GC [PSYoungGen: 52224K->256K(58880K)] 528073K->476105K(779776K), 0.0112992 secs] [Times: user=0.06 sys=0.00, real=0.01 secs]
2325.749: [GC [PSYoungGen: 52224K->256K(58880K)] 528073K->476105K(779776K), 0.0112992 secs] [Times: user=0.06 sys=0.00, real=0.01 secs]
2325.749: [GC [PSYoungGen: 52224K->256K(58880K)] 528073K->476105K(779776K), 0.0112992 secs] [Times: user=0.06 sys=0.00, real=0.01 secs]
2325.749: [GC [PSYoungGen: 52224K->256K(58880K)] 528073K->476105K(779776K), 0.0112992 secs] [Times: user=0.06 sys=0.00, real=0.01 secs]
2325.749: [GC [PSYoungGen: 52224K->256K(58880K)] 528073K->476105K(779776K), 0.0112992 secs] [Times: user=0.06 sys=0.00, real=0.01 secs]
2325.749: [GC [PSYoungGen: 52224K->256K(58880K)] 528073K->476105K(779776K), 0.0112992 secs] [Times: user=0.06 sys=0.00, real=0.01 secs]
2325.749: [GC [PSYoungGen: 52224K->256K(58880K)] 528073K->476105K(779776K), 0.0112992 secs] [Times: user=0.06 sys=0.00, real=0.01 secs]
2325.749: [GC [PSYoungGen: 52224K->256K(58880K)] 528073K->476105K(779776K), 0.0112992 secs] [Times: user=0.06 sys=0.00, real=0.01 secs]
2325.749: [GC [PSYoungGen: 52224K->256K(58880K)] 528073K->476105K(779776K), 0.0112992 secs] [Times: user=0.06 sys=0.00, real=0.01 secs]
2325.749: [GC [PSYoungGen: 52224K->256K(58880K)] 528073K->476105K(779776K), 0.0112992 secs] [Times: user=0.06 sys=0.00, real=0.01 secs]
2325.749: [GC [PSYoungGen: 52224K->256K(58880K)] 528073K->476105K(779776K), 0.0112992 secs] [Times: user=0.06 sys=0.00, real=0.01 secs]
2325.749: [GC [PSYoungGen: 52224K->256K(58880K)] 528073K->476105K(779776K), 0.0112992 secs] [Times: user=0.06 sys=0.00, real=0.01 secs]
2325.749: [GC [PSYoungGen: 52224K->256K(58880K)] 528073K->476105K(779776K), 0.0112992 secs] [Times: user=0.06 sys=0.00, real=0.01 secs]
2325.749: [GC [PSYoungGen: 52224K->256K(58880K)] 528073K->476105K(779776K), 0.0112992 secs] [Times: user=0.06 sys=0.00, real=0.01 secs]
2325.749: [GC [PSYoungGen: 52224K->256K(58880K)] 528073K->476105K(779776K), 0.0112992 secs] [Times: user=0.06 sys=0.00, real=0.01 secs]
2325.749: [GC [PSYoungGen: 52224K->256K(58880K)] 528073K->476105K(779776K), 0.0112992 secs] [Times: user=0.06 sys=0.00, real=0.01 secs]
2325.749: [GC [PSYoungGen: 52224K->256K(58880K)] 528073K->476105K(779776K), 0.0112992 secs] [Times: user=0.06 sys=0.00, real=0.01 secs]
2325.749: [GC [PSYoungGen: 52224K->256K(58880K)] 528073K->476105K(779776K), 0.0112992 secs] [Times: user=0.06 sys=0.00, real=0.01 secs]
2325.749: [GC [PSYoungGen: 52224K->256K(58880K)] 528073K->476105K(779776K), 0.0112992 secs] [Times: user=0.06 sys=0.00, real=0.01 secs]
2325.749: [GC [PSYoungGen: 52224K->256K(58880K)] 528073K->476105K(779776K), 0.0112992 secs] [Times: user=0.06 sys=0.00, real=0.01 secs]
2325.749: [GC [PSYoungGen: 52224K->256K(58880K)] 528073K->476105K(779776K), 0.0112992 secs] [Times: user=0.06 sys=0.00, real=0.01 secs]
2325.749: [GC [PSYoungGen: 52224K->256K(58880K)] 528073K->476105K(779776K), 0.0112992 secs] [Times: user=0.06 sys=0.00, real=0.01 secs]
2325.749: [GC [PSYoungGen: 52224K->256K(58880K)] 528073K->476105K(779776K), 0.0112992 secs] [Times: user=0.06 sys=0.00, real=0.01 secs]
2325.749: [GC [PSYoungGen: 52224K->256K(58880K)] 528073K->476105K(779776K), 0.0112992 secs] [Times: user=0.06 sys=0.00, real=0.01 secs]
2325.749: [GC [PSYoungGen: 52224K->256K(58880K)] 528073K->476105K(779776K), 0.0112992 secs] [Times: user=0.06 sys=0.00, real=0.01 secs]
2325.749: [GC [PSYoungGen: 52224K->256K(58880K)] 528073K->476105K(779776K), 0.0112992 secs] [Times: user=0.06 sys=0.00, real=0.01 secs]
2325.749: [GC [PSYoungGen: 52224K->256K(58880K)] 528073K->476105K(779776K), 0.0112992 secs] [Times: user=0.06 sys=0.00, real=0.01 secs]
2325.749: [GC [PSYoungGen: 52224K->256K(58880K)] 528073K->476105K(779776K), 0.0112992 secs] [Times: user=0.06 sys=0.00, real=0.01 secs]
2325.749: [GC [PSYoungGen: 52224K->256K(58880K)] 528073K->476105K(779776K), 0.0112992 secs] [Times: user=0.06 sys=0.00, real=0.01 secs]
2325.749: [GC [PSYoungGen: 52224K->256K(58880K)] 528073K->476105K(779776K), 0.0112992 secs] [Times: user=0.06 sys=0.00, real=0.01 secs]
2325.749: [GC [PSYoungGen: 52224K->256K(58880K)] 528073K->476105K(779776K), 0.0112992 secs] [Times: user=0.06 sys=0.00, real=0.01 secs]
2325.749: [GC [PSYoungGen: 52224K->256K(58880K)] 528073K->476105K(779776K), 0.0112992 secs] [Times: user=0.06 sys=0.00, real=0.01 secs]
2325.749: [GC [PSYoungGen: 52224K->256K(58880K)] 528073K->476105K(779776K), 0.0112992 secs] [Times: user=0.06 sys=0.00, real=0.01 secs]
2325.749: [GC [PSYoungGen: 52224K->256K(58880K)] 528073K->476105K(779776K), 0.0112992 secs] [Times: user=0.06 sys=0.00, real=0.01 secs]
2325.749: [GC [PSYoungGen: 52224K->256K(58880K)] 528073K->476105K(779776K), 0.0112992 secs] [Times: user=0.06 sys=0.00, real=0.01 secs]
2325.749: [GC [PSYoungGen: 52224K->256K(58880K)] 528073K->476105K(779776K), 0.0112992 secs] [Times: user=0.06 sys=0.00, real=0.01 secs]
2325.749: [GC [PSYoungGen: 52224K->256K(58880K)] 528073K->476105K(779776K), 0.0112992 secs] [Times: user=0.06 sys=0.00, real=0.01 secs]
2325.749: [GC [PSYoungGen: 52224K->256K(58880K)] 528073K->476105K(779776K), 0.0112992 secs] [Times: user=0.06 sys=0.00, real=0.01 secs]
2325.749: [GC [PSYoungGen: 52224K->256K(58880K)] 528073K->476105K(779776K), 0.0112992 secs] [Times: user=0.06 sys=0.00, real=0.01 secs]
2325.749: [GC [PSYoungGen: 52224K->256K(58880K)] 528073K->476105K(779776K), 0.0112992 secs] [Times: user=0.06 sys=0.00, real=0.01 secs]
2325.749: [GC [PSYoungGen: 52224K->256K(58880K)] 528073K->476105K(779776K), 0.0112992 secs] [Times: user=0.06 sys=0.00, real=0.01 secs]
2325.749: [GC [PSYoungGen: 52224K->256K(58880K)] 528073K->476105K(779776K), 0.0112992 secs] [Times: user=0.06 sys=0.00, real=0.01 secs]
2325.749: [GC [PSYoungGen: 52224K->256K(58880K)] 528073K->476105K(779776K), 0.0112992 secs] [Times: user=0.06 sys=0.00, real=0.01 secs]
2325.749: [GC [PSYoungGen: 52224K->256K(58880K)] 528073K->476105K(779776K), 0.0112992 secs] [Times: user=0.06 sys=0.00, real=0.01 secs]
2325.749: [GC [PSYoungGen: 52224K->256K(58880K)] 528073K->476105K(779776K), 0.0112992 secs] [Times: user=0.06 sys=0.00, real=0.01 secs]
2325.749: [GC [PSYoungGen: 52224K->256K(58880K)] 528073K->476105K(779776K), 0.0112992 secs] [Times: user=0.06 sys=0.00, real=0.01 secs]
2325.749: [GC [PSYoungGen: 52224K->256K(58880K)] 528073K->476105K(779776K), 0.0112992 secs] [Times: user=0.06 sys=0.00, real=0.01 secs]
2325.749: [GC [PSYoungGen: 52224K->256K(58880K)] 528073K->476105K(779776K), 0.0112992 secs] [Times: user=0.06 sys=0.00, real=0.01 secs]
2325.749: [GC [PSYoungGen: 52224K->256K(58880K)] 528073K->476105K(779776K), 0.0112992 secs] [Times: user=0.06 sys=0.00, real=0.01 secs]
2325.749: [GC [PSYoungGen: 52224K->256K(58880K)] 528073K->476105K(779776K), 0.0112992 secs] [Times: user=0.06 sys=0.00, real=0.01 secs]
2325.749: [GC [PSYoungGen: 52224K->256K(58880K)] 528073K->476105K(779776K), 0.0112992 secs] [Times: user=0.06 sys=0.00, real=0.01 secs]
2325.749: [GC [PSYoungGen: 52224K->256K(58880K)] 528073K->476105K(779776K), 0.0112992 secs] [Times: user=0.06 sys=0.00, real=0.01 secs]
2325.749: [GC [PSYoungGen: 52224K->256K(58880K)] 528073K->476105K(779776K), 0.0112992 secs] [Times: user=0.06 sys=0.00, real=0.01 secs]
2325.749: [GC [PSYoungGen: 52224K->256K(58880K)] 528073K->476105K(779776K), 0.0112992 secs] [Times: user=0.06 sys=0.00, real=0.01 secs]
2325.749: [GC [PSYoungGen: 52224K->256K(58880K)] 528073K->476105K(779776K), 0.0112992 secs] [Times: user=0.06 sys=0.00, real=0.01 secs]
2325.749: [GC [PSYoungGen: 52224K->256K(58880K)] 528073K->476105K(779776K), 0.0112992 secs] [Times: user=0.06 sys=0.00, real=0.01 secs]
2325.749: [GC [PSYoungGen: 52224K->256K(58880K)] 528073K->476105K(779776K), 0.0112992 secs] [Times: user=0.06 sys=0.00, real=0.01 secs]
2325.749: [GC [PSYoungGen: 52224K->256K(58880K)] 528073K->476105K(779776K), 0.0112992 secs] [Times: user=0.06 sys=0.00, real=0.01 secs]
2325.749: [GC [PSYoungGen: 52224K->256K(58880K)] 528073K->476105K(779776K), 0.0112992 secs] [Times: user=0.06 sys=0.00, real=0.01 secs]
2325.749: [GC [PSYoungGen: 52224K->256K(58880K)] 528073K->476105K(779776K), 0.0112992 secs] [Times: user=0.06 sys=0.00, real=0.01 secs]
2325.749: [GC [PSYoungGen: 52224K->256K(58880K)] 528073K->476105K(779776K), 0.0112992 secs] [Times: user=0.06 sys=0.00, real=0.01 secs]
2325.749: [GC [PSYoungGen: 52224K->256K(58880K)] 528073K->476105K(779776K), 0.0112992 secs] [Times: user=0.06 sys=0.00, real=0.01 secs]
2325.749: [GC [PSYoungGen: 52224K->256K(58880K)] 528073K->476105K(779776K), 0.0112992 secs] [Times: user=0.06 sys=0.00, real=0.01 secs]
2325.749: [GC [PSYoungGen: 52224K->256K(58880K)] 528073K->476105K(779776K), 0.0112992 secs] [Times: user=0.06 sys=0.00, real=0.01 secs]
2325.749: [GC [PSYoungGen: 52224K->256K(58880K)] 528073K->476105K(779776K), 0.0112992 secs] [Times: user=0.06 sys=0.00, real=0.01 secs]
2325.749: [GC [PSYoungGen: 52224K->256K(58880K)] 528073K->476105K(779776K), 0.0112992 secs] [Times: user=0.06 sys=0.00, real=0.01 secs]
2325.749: [GC [PSYoungGen: 52224K->256K(58880K)] 528073K->476105K(779776K), 0.0112992 secs] [Times: user=0.06 sys=0.00, real=0.01 secs]
2325.749: [GC [PSYoungGen: 52224K->256K(58880K)] 528073K->476105K(779776K), 0.0112992 secs] [Times: user=0.06 sys=0.00, real=0.01 secs]
2325.749: [GC [PSYoungGen: 52224K->256K(58880K)] 528073K->476105K(779776K), 0.0112992 secs] [Times: user=0.06 sys=0.00, real=0.01 secs]
2325.749: [GC [PSYoungGen: 52224K->256K(58880K)] 528073K->476105K(779776K), 0.0112992 secs] [Times: user=0.06 sys=0.00, real=0.01 secs]
2325.749: [GC [PSYoungGen: 52224K->256K(58880K)] 528073K->476105K(779776K), 0.0112992 secs] [Times: user=0.06 sys=0.00, real=0.01 secs]
2325.749: [GC [PSYoungGen: 52224K->256K(58880K)] 528073K->476105K(779776K), 0.0112992 secs] [Times: user=0.06 sys=0.00, real=0.01 secs]
2325.749: [GC [PSYoungGen: 52224K->256K(58880K)] 528073K->476105K(779776K), 0.0112992 secs] [Times: user=0.06 sys=0.00, real=0.01 secs]
2325.749: [GC [PSYoungGen: 52224K->256K(58880K)] 528073K->476105K(779776K), 0.0112992 secs] [Times: user=0.06 sys=0.00, real=0.01 secs]
2325.749: [GC [PSYoungGen: 52224K->256K(58880K)] 528073K->476105K(779776K), 0.0112992 secs] [Times: user=0.06 sys=0.00, real=0.01 secs]
2325.749: [GC [PSYoungGen: 52224K->256K(58880K)] 528073K->476105K(779776K), 0.0112992 secs] [Times: user=0.06 sys=0.00, real=0.01 secs]
2325.749: [GC [PSYoungGen: 52224K->256K(58880K)] 528073K->476105K(779776K), 0.0112992 secs] [Times: user=0.06 sys=0.00, real=0.01 secs]
2325.749: [GC [PSYoungGen: 52224K->256K(58880K)] 528073K->476105K(779776K), 0.0112992 secs] [Times: user=0.06 sys=0.00, real=0.01 secs]
2325.749: [GC [PSYoungGen: 52224K->256K(58880K)] 528073K->476105K(779776K), 0.0112992 secs] [Times: user=0.06 sys=0.00, real=0.01 secs]
2325.749: [GC [PSYoungGen: 52224K->256K(58880K)] 528073K->476105K(779776K), 0.0112992 secs] [Times: user=0.06 sys=0.00, real=0.01 secs]
2325.749: [GC [PSYoungGen: 52224K->256K(58880K)] 528073K->476105K(779776K), 0.0112992 secs] [Times: user=0.06 sys=0.00, real=0.01 secs]
2325.749: [GC [PSYoungGen: 52224K->256K(58880K)] 528073K->476105K(779776K), 0.0112992 secs] [Times: user=0.06 sys=0.00, real=0.01 secs]
2325.749: [GC [PSYoungGen: 52224K->256K(58880K)] 528073K->476105K(779776K), 0.0112992 secs] [Times: user=0.06 sys=0.00, real=0.01 secs]
2325.749: [GC [PSYoungGen: 52224K->256K(58880K)] 528073K->476105K(779776K), 0.0112992 secs] [Times: user=0.06 sys=0.00, real=0.01 secs]
2325.749: [GC [PSYoungGen: 52224K->256K(58880K)] 528073K->476105K(779776K), 0.0112992 secs] [Times: user=0.06 sys=0.00, real=0.01 secs]
2325.749: [GC [PSYoungGen: 52224K->256K(58880K)] 528073K->476105K(779776K), 0.0112992 secs] [Times: user=0.06 sys=0.00, real=0.01 secs]
2325.749: [GC [PSYoungGen: 52224K->256K(58880K)] 528073K->476105K(779776K), 0.0112992 secs] [Times: user=0.06 sys=0.00, real=0.01 secs]
2325.749: [GC [PSYoungGen: 52224K->256K(58880K)] 528073K->476105K(779776K), 0.0112992 secs] [Times: user=0.06 sys=0.00, real=0.01 secs]
2325.749: [GC [PSYoungGen: 52224K->256K(58880K)] 528073K->476105K(779776K), 0.0112992 secs] [Times: user=0.06 sys=0.00, real=0.01 secs]
2325.749: [GC [PSYoungGen: 52224K->256K(58880K)] 528073K->476105K(779776K), 0.0112992 secs] [Times: user=0.06 sys=0.00, real=0.01 secs]
2325.749: [GC [PSYoungGen: 52224K->256K(58880K)] 528073K->476105K(779776K), 0.0112992 secs] [Times: user=0.06 sys=0.00, real=0.01 secs]
2325.749: [GC [PSYoungGen: 52224K->256K(58880K)] 528073K->476105K(779776K), 0.0112992 secs] [Times: user=0.06 sys=0.00, real=0.01 secs]
2325.749: [GC [PSYoungGen: 52224K->256K(58880K)] 528073K->476105K(779776K), 0.0112992 secs] [Times: user=0.06 sys=0.00, real=0.01 secs]
2325.749: [GC [PSYoungGen: 52224K->256K(58880K)] 528073K->476105K(779776K), 0.0112992 secs] [Times: user=0.06 sys=0.00, real=0.01 secs]
2325.749: [GC [PSYoungGen: 52224K->256K(58880K)] 528073K->476105K(779776K), 0.0112992 secs] [Times: user=0.06 sys=0.00, real=0.01 secs]
2325.749: [GC [PSYoungGen: 52224K->256K(58880K)] 528073K->476105K(779776K), 0.0112992 secs] [Times: user=0.06 sys=0.00, real=0.01 secs]
2325.749: [GC [PSYoungGen: 52224K->256K(58880K)] 528073K->476105K(779776K), 0.0112992 secs] [Times: user=0.06 sys=0.00, real=0.01 secs]
2325.749: [GC [PSYoungGen: 52224K->256K(58880K)] 528073K->476105K(779776K), 0.0112992 secs] [Times: user=0.06 sys=0.00, real=0.01 secs]
2325.749: [GC [PSYoungGen: 52224K->256K(58880K)] 528073K->476105K(779776K), 0.0112992 secs] [Times: user=0.06 sys=0.00, real=0.01 secs]
2325.749: [GC [PSYoungGen: 52224K->256K(58880K)] 528073K->476105K(779776K), 0.0112992 secs] [Times: user=0.06 sys=0.00, real=0.01 secs]
2325.749: [GC [PSYoungGen: 52224K->256K(58880K)] 528073K->476105K(779776K), 0.0112992 secs] [Times: user=0.06 sys=0.00, real=0.01 secs]
2325.749: [GC [PSYoungGen: 52224K->256K(58880K)] 528073K->476105K(779776K), 0.0112992 secs] [Times: user=0.06 sys=0.00, real=0.01 secs]
2325.749: [GC [PSYoungGen: 52224K->256K(58880K)] 528073K->476105K(779776K), 0.0112992 secs] [Times: user=0.06 sys=0.00, real=0.01 secs]
2325.749: [GC [PSYoungGen: 52224K->256K(58880K)] 528073K->476105K(779776K), 0.0112992 secs] [Times: user=0.06 sys=0.00, real=0.01 secs]
2325.749: [GC [PSYoungGen: 52224K->256K(58880K)] 528073K->476105K(779776K), 0.0112992 secs] [Times: user=0.06 sys=0.00, real=0.01 secs]
2325.749: [GC [PSYoungGen: 52224K->256K(58880K)] 528073K->476105K(779776K), 0.0112992 secs] [Times: user=0.06 sys=0.00, real=0.01 secs]
2325.749: [GC [PSYoungGen: 52224K->256K(58880K)] 528073K->476105K(779776K), 0.0112992 secs] [Times: user=0.06 sys=0.00, real=0.01 secs]
2325.749: [GC [PSYoungGen: 52224K->256K(58880K)] 528073K->476105K(779776K), 0.0112992 secs] [Times: user=0.06 sys=0.00, real=0.01 secs]
2325.749: [GC [PSYoungGen: 52224K->256K(58880K)] 528073K->476105K(779776K), 0.0112992 secs] [Times: user=0.06 sys=0.00, real=0.01 secs]
2325.749: [GC [PSYoungGen: 52224K->256K(58880K)] 528073K->476105K(779776K), 0.0112992 secs] [Times: user=0.06 sys=0.00, real=0.01 secs]
2325.749: [GC [PSYoungGen: 52224K->256K(58880K)] 528073K->476105K(779776K), 0.0112992 secs] [Times: user=0.06 sys=0.00, real=0.01 secs]
2325.749: [GC [PSYoungGen: 52224K->256K(58880K)] 528073K->476105K(779776K), 0.0112992 secs] [Times: user=0.06 sys=0.00, real=0.01 secs]
2325.749: [GC [PSYoungGen: 52224K->256K(58880K)] 528073K->476105K(779776K), 0.0112992 secs] [Times: user=0.06 sys=0.00, real=0.01 secs]
2325.749: [GC [PSYoungGen: 52224K->256K(58880K)] 528073K->476105K(779776K), 0.0112992 secs] [Times: user=0.06 sys=0.00, real=0.01 secs]
2325.749: [GC [PSYoungGen: 52224K->256K(58880K)] 528073K->476105K(779776K), 0.0112992 secs] [Times: user=0.06 sys=0.00, real=0.01 secs]
2325.749: [GC [PSYoungGen: 52224K->256K(58880K)] 528073K->476105K(779776K), 0.0112992 secs] [Times: user=0.06 sys=0.00, real=0.01 secs]
2325.749: [GC [PSYoungGen: 52224K->256K(58880K)] 528073K->476105K(779776K), 0.0112992 secs] [Times: user=0.06 sys=0.00, real=0.01 secs]
2325.749: [GC [PSYoungGen: 52224K->256K(58880K)] 528073K->476105K(779776K), 0.0112992 secs] [Times: user=0.06 sys=0.00, real=0.01 secs]
2325.749: [GC [PSYoungGen: 52224K->256K(58880K)] 528073K->476105K(779776K), 0.0112992 secs] [Times: user=0.06 sys=0.00, real=0.01 secs]
2325.749: [GC [PSYoungGen: 52224K->256K(58880K)] 528073K->476105K(779776K), 0.0112992 secs] [Times: user=0.06 sys=0.00, real=0.01 secs]
2325.749: [GC [PSYoungGen: 52224K->256K(58880K)] 528073K->476105K(779776K), 0.0112992 secs] [Times: user=0.06 sys=0.00, real=0.01 secs]
2325.749: [GC [PSYoungGen: 52224K->256K(58880K)] 528073K->476105K(779776K), 0.0112992 secs] [Times: user=0.06 sys=0.00, real=0.01 secs]
2325.749: [GC [PSYoungGen: 52224K->256K(58880K)] 528073K->476105K(779776K), 0.0112992 secs] [Times: user=0.06 sys=0.00, real=0.01 secs]
2325.749: [GC [PSYoungGen: 52224K->256K(58880K)] 528073K->476105K(779776K), 0.0112992 secs] [Times: user=0.06 sys=0.00, real=0.01 secs]
2325.749: [GC [PSYoungGen: 52224K->256K(58880K)] 528073K->476105K(779776K), 0.0112992 secs] [Times: user=0.06 sys=0.00, real=0.01 secs]
2325.749: [GC [PSYoungGen: 52224K->256K(58880K)] 528073K->476105K(779776K), 0.0112992 secs] [Times: user=0.06 sys=0.00, real=0.01 secs]
2325.749: [GC [PSYoungGen: 52224K->256K(58880K)] 528073K->476105K(779776K), 0.0112992 secs] [Times: user=0.06 sys=0.00, real=0.01 secs]
2325.749: [GC [PSYoungGen: 52224K->256K(58880K)] 528073K->476105K(779776K), 0.0112992 secs] [Times: user=0.06 sys=0.00, real=0.01 secs]
2325.749: [GC [PSYoungGen: 52224K->256K(58880K)] 528073K->476105K(779776K), 0.0112992 secs] [Times: user=0.06 sys=0.00, real=0.01 secs]
2325.749: [GC [PSYoungGen: 52224K->256K(58880K)] 528073K->476105K(779776K), 0.0112992 secs] [Times: user=0.06 sys=0.00, real=0.01 secs]
2325.749: [GC [PSYoungGen: 52224K->256K(58880K)] 528073K->476105K(779776K), 0.0112992 secs] [Times: user=0.06 sys=0.00, real=0.01 secs]
2325.749: [GC [PSYoungGen: 52224K->256K(58880K)] 528073K->476105K(779776K), 0.0112992 secs] [Times: user=0.06 sys=0.00, real=0.01 secs]
2325.749: [GC [PSYoungGen: 52224K->256K(58880K)] 528073K->476105K(779776K), 0.0112992 secs] [Times: user=0.06 sys=0.00, real=0.01 secs]
2325.749: [GC [PSYoungGen: 52224K->256K(58880K)] 528073K->476105K(779776K), 0.0112992 secs] [Times: user=0.06 sys=0.00, real=0.01 secs]
2325.749: [GC [PSYoungGen: 52224K->256K(58880K)] 528073K->476105K(779776K), 0.0112992 secs] [Times: user=0.06 sys=0.00, real=0.01 secs]
2325.749: [GC [PSYoungGen: 52224K->256K(58880K)] 528073K->476105K(779776K), 0.0112992 secs] [Times: user=0.06 sys=0.00, real=0.01 secs]
2325.749: [GC [PSYoungGen: 52224K->256K(58880K)] 528073K->476105K(779776K), 0.0112992 secs] [Times: user=0.06 sys=0.00, real=0.01 secs]
2325.749: [GC [PSYoungGen: 52224K->256K(58880K)] 528073K->476105K(779776K), 0.0112992 secs] [Times: user=0.06 sys=0.00, real=0.01 secs]
2325.749: [GC [PSYoungGen: 52224K->256K(58880K)] 528073K->476105K(779776K), 0.0112992 secs] [Times: user=0.06 sys=0.00, real=0.01 secs]
2325.749: [GC [PSYoungGen: 52224K->256K(58880K)] 528073K->476105K(779776K), 0.0112992 secs] [Times: user=0.06 sys=0.00, real=0.01 secs]
2325.749: [GC [PSYoungGen: 52224K->256K(58880K)] 528073K->476105K(779776K), 0.0112992 secs] [Times: user=0.06 sys=0.00, real=0.01 secs]
2325.749: [GC [PSYoungGen: 52224K->256K(58880K)] 528073K->476105K(779776K), 0.0112992 secs] [Times: user=0.06 sys=0.00, real=0.01 secs]
2325.749: [GC [PSYoungGen: 52224K->256K(58880K)] 528073K->476105K(779776K), 0.0112992 secs] [Times: user=0.06 sys=0.00, real=0.01 secs]
2325.749: [GC [PSYoungGen: 52224K->256K(58880K)] 528073K->476105K(779776K), 0.0112992 secs] [Times: user=0.06 sys=0.00, real=0.01 secs]
2325.749: [GC [PSYoungGen: 52224K->256K(58880K)] 528073K->476105K(779776K), 0.0112992 secs] [Times: user=0.06 sys=0.00, real=0.01 secs]
2325.749: [GC [PSYoungGen: 52224K->256K(58880K)] 528073K->476105K(779776K), 0.0112992 secs] [Times: user=0.06 sys=0.00, real=0.01 secs]
2325.749: [GC [PSYoungGen: 52224K->256K(58880K)] 528073K->476105K(779776K), 0.0112992 secs] [Times: user=0.06 sys=0.00, real=0.01 secs]
2325.749: [GC [PSYoungGen: 52224K->256K(58880K)] 528073K->476105K(779776K), 0.0112992 secs] [Times: user=0.06 sys=0.00, real=0.01 secs]
2325.749: [GC [PSYoungGen: 52224K->256K(58880K)] 528073K->476105K(779776K), 0.0112992 secs] [Times: user=0.06 sys=0.00, real=0.01 secs]
2325.749: [GC [PSYoungGen: 52224K->256K(58880K)] 528073K->476105K(779776K), 0.0112992 secs] [Times: user=0.06 sys=0.00, real=0.01 secs]
2325.749: [GC [PSYoungGen: 52224K->256K(58880K)] 528073K->476105K(779776K), 0.0112992 secs] [Times: user=0.06 sys=0.00, real=0.01 secs]
2325.749: [GC [PSYoungGen: 52224K->256K(58880K)] 528073K->476105K(779776K), 0.0112992 secs] [Times: user=0.06 sys=0.00, real=0.01 secs]
2325.749: [GC [PSYoungGen: 52224K->256K(58880K)] 528073K->476105K(779776K), 0.0112992 secs] [Times: user=0.06 sys=0.00, real=0.01 secs]
2325.749: [GC [PSYoungGen: 52224K->256K(58880K)] 528073K->476105K(779776K), 0.0112992 secs] [Times: user=0.06 sys=0.00, real=0.01 secs]
2325.749: [GC [PSYoungGen: 52224K->256K(58880K)] 528073K->476105K(779776K), 0.0112992 secs] [Times: user=0.06 sys=0.00, real=0.01 secs]
2325.749: [GC [PSYoungGen: 52224K->256K(58880K)] 528073K->476105K(779776K), 0.0112992 secs] [Times: user=0.06 sys=0.00, real=0.01 secs]
2325.749: [GC [PSYoungGen: 52224K->256K(58880K)] 528073K->476105K(779776K), 0.0112992 secs] [Times: user=0.06 sys=0.00, real=0.01 secs]
2325.749: [GC [PSYoungGen: 52224K->256K(58880K)] 528073K->476105K(779776K), 0.0112992 secs] [Times: user=0.06 sys=0.00, real=0.01 secs]
2325.749: [GC [PSYoungGen: 52224K->256K(58880K)] 528073K->476105K(779776K), 0.0112992 secs] [Times: user=0.06 sys=0.00, real=0.01 secs]
2325.749: [GC [PSYoungGen: 52224K->256K(58880K)] 528073K->476105K(779776K), 0.0112992 secs] [Times: user=0.06 sys=0.00, real=0.01 secs]
2325.749: [GC [PSYoungGen: 52224K->256K(58880K)] 528073K->476105K(779776K), 0.0112992 secs] [Times: user=0.06 sys=0.00, real=0.01 secs]
2325.749: [GC [PSYoungGen: 52224K->256K(58880K)] 528073K->476105K(779776K), 0.0112992 secs] [Times: user=0.06 sys=0.00, real=0.01 secs]
2325.749: [GC [PSYoungGen: 52224K->256K(58880K)] 528073K->476105K(779776K), 0.0112992 secs] [Times: user=0.06 sys=0.00, real=0.01 secs]
2325.749: [GC [PSYoungGen: 52224K->256K(58880K)] 528073K->476105K(779776K), 0.0112992 secs] [Times: user=0.06 sys=0.00, real=0.01 secs]
2325.749: [GC [PSYoungGen: 52224K->256K(58880K)] 528073K->476105K(779776K), 0.0112992 secs] [Times: user=0.06 sys=0.00, real=0.01 secs]
2325.749: [GC [PSYoungGen: 52224K->256K(58880K)] 528073K->476105K(779776K), 0.0112992 secs] [Times: user=0.06 sys=0.00, real=0.01 secs]
2325.749: [GC [PSYoungGen: 52224K->256K(58880K)] 528073K->476105K(779776K), 0.0112992 secs] [Times: user=0.06 sys=0.00, real=0.01 secs]
2325.749: [GC [PSYoungGen: 52224K->256K(58880K)] 528073K->476105K(779776K), 0.0112992 secs] [Times: user=0.06 sys=0.00, real=0.01 secs]
2325.749: [GC [PSYoungGen: 52224K->256K(58880K)] 528073K->476105K(779776K), 0.0112992 secs] [Times: user=0.06 sys=0.00, real=0.01 secs]
2325.749: [GC [PSYoungGen: 52224K->256K(58880K)] 528073K->476105K(779776K), 0.0112992 secs] [Times: user=0.06 sys=0.00, real=0.01 secs]
2325.749: [GC [PSYoungGen: 52224K->256K(58880K)] 528073K->476105K(779776K), 0.0112992 secs] [Times: user=0.06 sys=0.00, real=0.01 secs]
2325.749: [GC [PSYoungGen: 52224K->256K(58880K)] 528073K->476105K(779776K), 0.0112992 secs] [Times: user=0.06 sys=0.00, real=0.01 secs]
2325.749: [GC [PSYoungGen: 52224K->256K(58880K)] 528073K->476105K(779776K), 0.0112992 secs] [Times: user=0.06 sys=0.00, real=0.01 secs]
2325.749: [GC [PSYoungGen: 52224K->256K(58880K)] 528073K->476105K(779776K), 0.0112992 secs] [Times: user=0.06 sys=0.00, real=0.01 secs]
2325.749: [GC [PSYoungGen: 52224K->256K(58880K)] 528073K->476105K(779776K), 0.0112992 secs] [Times: user=0.06 sys=0.00, real=0.01 secs]
2325.749: [GC [PSYoungGen: 52224K->256K(58880K)] 528073K->476105K(779776K), 0.0112992 secs] [Times: user=0.06 sys=0.00, real=0.01 secs]
2325.749: [GC [PSYoungGen: 52224K->256K(58880K)] 528073K->476105K(779776K), 0.0112992 secs] [Times: user=0.06 sys=0.00, real=0.01 secs]
2325.749: [GC [PSYoungGen: 52224K->256K(58880K)] 528073K->476105K(779776K), 0.0112992 secs] [Times: user=0.06 sys=0.00, real=0.01 secs]
2325.749: [GC [PSYoungGen: 52224K->256K(58880K)] 528073K->476105K(779776K), 0.0112992 secs] [Times: user=0.06 sys=0.00, real=0.01 secs]
2325.749: [GC [PSYoungGen: 52224K->256K(58880K)] 528073K->476105K(779776K), 0.0112992 secs] [Times: user=0.06 sys=0.00, real=0.01 secs]
2325.749: [GC [PSYoungGen: 52224K->256K(58880K)] 528073K->476105K(779776K), 0.0112992 secs] [Times: user=0.06 sys=0.00, real=0.01 secs]
2325.749: [GC [PSYoungGen: 52224K->256K(58880K)] 528073K->476105K(779776K), 0.0112992 secs] [Times: user=0.06 sys=0.00, real=0.01 secs]
2325.749: [GC [PSYoungGen: 52224K->256K(58880K)] 528073K->476105K(779776K), 0.0112992 secs] [Times: user=0.06 sys=0.00, real=0.01 secs]
2325.749: [GC [PSYoungGen: 52224K->256K(58880K)] 528073K->476105K(779776K), 0.0112992 secs] [Times: user=0.06 sys=0.00, real=0.01 secs]
2325.749: [GC [PSYoungGen: 52224K->256K(58880K)] 528073K->476105K(779776K), 0.0112992 secs] [Times: user=0.06 sys=0.00, real=0.01 secs]
2325.749: [GC [PSYoungGen: 52224K->256K(58880K)] 528073K->476105K(779776K), 0.0112992 secs] [Times: user=0.06 sys=0.00, real=0.01 secs]
2325.749: [GC [PSYoungGen: 52224K->256K(58880K)] 528073K->476105K(779776K), 0.0112992 secs] [Times: user=0.06 sys=0.00, real=0.01 secs]
2325.749: [GC [PSYoungGen: 52224K->256K(58880K)] 528073K->476105K(779776K), 0.0112992 secs] [Times: user=0.06 sys=0.00, real=0.01 secs]
2325.749: [GC [PSYoungGen: 52224K->256K(58880K)] 528073K->476105K(779776K), 0.0112992 secs] [Times: user=0.06 sys=0.00, real=0.01 secs]
2325.749: [GC [PSYoungGen: 52224K->256K(58880K)] 528073K->476105K(779776K), 0.0112992 secs] [Times: user=0.06 sys=0.00, real=0.01 secs]
2325.749: [GC [PSYoungGen: 52224K->256K(58880K)] 528073K->476105K(779776K), 0.0112992 secs] [Times: user=0.06 sys=0.00, real=0.01 secs]
2325.749: [GC [PSYoungGen: 52224K->256K(58880K)] 528073K->476105K(779776K), 0.0112992 secs] [Times: user=0.06 sys=0.00, real=0.01 secs]
2325.749: [GC [PSYoungGen: 52224K->256K(58880K)] 528073K->476105K(779776K), 0.0112992 secs] [Times: user=0.06 sys=0.00, real=0.01 secs]
2325.749: [GC [PSYoungGen: 52224K->256K(58880K)] 528073K->476105K(779776K), 0.0112992 secs] [Times: user=0.06 sys=0.00, real=0.01 secs]
2325.749: [GC [PSYoungGen: 52224K->256K(58880K)] 528073K->476105K(779776K), 0.0112992 secs] [Times: user=0.06 sys=0.00, real=0.01 secs]
2325.749: [GC [PSYoungGen: 52224K->256K(58880K)] 528073K->476105K(779776K), 0.0112992 secs] [Times: user=0.06 sys=0.00, real=0.01 secs]
2325.749: [GC [PSYoungGen: 52224K->256K(58880K)] 528073K->476105K(779776K), 0.0112992 secs] [Times: user=0.06 sys=0.00, real=0.01 secs]
2325.749: [GC [PSYoungGen: 52224K->256K(58880K)] 528073K->476105K(779776K), 0.0112992 secs] [Times: user=0.06 sys=0.00, real=0.01 secs]
2325.749: [GC [PSYoungGen: 52224K->256K(58880K)] 528073K->476105K(779776K), 0.0112992 secs] [Times: user=0.06 sys=0.00, real=0.01 secs]
2325.749: [GC [PSYoungGen: 52224K->256K(58880K)] 528073K->476105K(779776K), 0.0112992 secs] [Times: user=0.06 sys=0.00, real=0.01 secs]
2325.749: [GC [PSYoungGen: 52224K->256K(58880K)] 528073K->476105K(779776K), 0.0112992 secs] [Times: user=0.06 sys=0.00, real=0.01 secs]
2325.749: [GC [PSYoungGen: 52224K->256K(58880K)] 528073K->476105K(779776K), 0.0112992 secs] [Times: user=0.06 sys=0.00, real=0.01 secs]
2325.749: [GC [PSYoungGen: 52224K->256K(58880K)] 528073K->476105K(779776K), 0.0112992 secs] [Times: user=0.06 sys=0.00, real=0.01 secs]
2325.749: [GC [PSYoungGen: 52224K->256K(58880K)] 528073K->476105K(779776K), 0.0112992 secs] [Times: user=0.06 sys=0.00, real=0.01 secs]
2325.749: [GC [PSYoungGen: 52224K->256K(58880K)] 528073K->476105K(779776K), 0.0112992 secs] [Times: user=0.06 sys=0.00, real=0.01 secs]
2325.749: [GC [PSYoungGen: 52224K->256K(58880K)] 528073K->476105K(779776K), 0.0112992 secs] [Times: user=0.06 sys=0.00, real=0.01 secs]
2325.749: [GC [PSYoungGen: 52224K->256K(58880K)] 528073K->476105K(779776K), 0.0112992 secs] [Times: user=0.06 sys=0.00, real=0.01 secs]
2325.749: [GC [PSYoungGen: 52224K->256K(58880K)] 528073K->476105K(779776K), 0.0112992 secs] [Times: user=0.06 sys=0.00, real=0.01 secs]
2325.749: [GC [PSYoungGen: 52224K->256K(58880K)] 528073K->476105K(779776K), 0.0112992 secs] [Times: user=0.06 sys=0.00, real=0.01 secs]
2325.749: [GC [PSYoungGen: 52224K->256K(58880K)] 528073K->476105K(779776K), 0.0112992 secs] [Times: user=0.06 sys=0.00, real=0.01 secs]
2325.749: [GC [PSYoungGen: 52224K->256K(58880K)] 528073K->476105K(779776K), 0.0112992 secs] [Times: user=0.06 sys=0.00, real=0.01 secs]
2325.749: [GC [PSYoungGen: 52224K->256K(58880K)] 528073K->476105K(779776K), 0.0112992 secs] [Times: user=0.06 sys=0.00, real=0.01 secs]
2325.749: [GC [PSYoungGen: 52224K->256K(58880K)] 528073K->476105K(779776K), 0.0112992 secs] [Times: user=0.06 sys=0.00, real=0.01 secs]
2325.749: [GC [PSYoungGen: 52224K->256K(58880K)] 528073K->476105K(779776K), 0.0112992 secs] [Times: user=0.06 sys=0.00, real=0.01 secs]
2325.749: [GC [PSYoungGen: 52224K->256K(58880K)] 528073K->476105K(779776K), 0.0112992 secs] [Times: user=0.06 sys=0.00, real=0.01 secs]
2325.749: [GC [PSYoungGen: 52224K->256K(58880K)] 528073K->476105K(779776K), 0.0112992 secs] [Times: user=0.06 sys=0.00, real=0.01 secs]
2325.749: [GC [PSYoungGen: 52224K->256K(58880K)] 528073K->476105K(779776K), 0.0112992 secs] [Times: user=0.06 sys=0.00, real=0.01 secs]
2325.749: [GC [PSYoungGen: 52224K->256K(58880K)] 528073K->476105K(779776K), 0.0112992 secs] [Times: user=0.06 sys=0.00, real=0.01 secs]
2325.749: [GC [PSYoungGen: 52224K->256K(58880K)] 528073K->476105K(779776K), 0.0112992 secs] [Times: user=0.06 sys=0.00, real=0.01 secs]
2325.749: [GC [PSYoungGen: 52224K->256K(58880K)] 528073K->476105K(779776K), 0.0112992 secs] [Times: user=0.06 sys=0.00, real=0.01 secs]
2325.749: [GC [PSYoungGen: 52224K->256K(58880K)] 528073K->476105K(779776K), 0.0112992 secs] [Times: user=0.06 sys=0.00, real=0.01 secs]
2325.749: [GC [PSYoungGen: 52224K->256K(58880K)] 528073K->476105K(779776K), 0.0112992 secs] [Times: user=0.06 sys=0.00, real=0.01 secs]
2325.749: [GC [PSYoungGen: 52224K->256K(58880K)] 528073K->476105K(779776K), 0.0112992 secs] [Times: user=0.06 sys=0.00, real=0.01 secs]
2325.749: [GC [PSYoungGen: 52224K->256K(58880K)] 528073K->476105K(779776K), 0.0112992 secs] [Times: user=0.06 sys=0.00, real=0.01 secs]
2325.749: [GC [PSYoungGen: 52224K->256K(58880K)] 528073K->476105K(779776K), 0.0112992 secs] [Times: user=0.06 sys=0.00, real=0.01 secs]
2325.749: [GC [PSYoungGen: 52224K->256K(58880K)] 528073K->476105K(779776K), 0.0112992 secs] [Times: user=0.06 sys=0.00, real=0.01 secs]
2325.749: [GC [PSYoungGen: 52224K->256K(58880K)] 528073K->476105K(779776K), 0.0112992 secs] [Times: user=0.06 sys=0.00, real=0.01 secs]
2325.749: [GC [PSYoungGen: 52224K->256K(58880K)] 528073K->476105K(779776K), 0.0112992 secs] [Times: user=0.06 sys=0.00, real=0.01 secs]
2325.749: [GC [PSYoungGen: 52224K->256K(58880K)] 528073K->476105K(779776K), 0.0112992 secs] [Times: user=0.06 sys=0.00, real=0.01 secs]
2325.749: [GC [PSYoungGen: 52224K->256K(58880K)] 528073K->476105K(779776K), 0.0112992 secs] [Times: user=0.06 sys=0.00, real=0.01 secs]
2325.749: [GC [PSYoungGen: 52224K->256K(58880K)] 528073K->476105K(779776K), 0.0112992 secs] [Times: user=0.06 sys=0.00, real=0.01 secs]
2325.749: [GC [PSYoungGen: 52224K->256K(58880K)] 528073K->476105K(779776K), 0.0112992 secs] [Times: user=0.06 sys=0.00, real=0.01 secs]
2325.749: [GC [PSYoungGen: 52224K->256K(58880K)] 528073K->476105K(779776K), 0.0112992 secs] [Times: user=0.06 sys=0.00, real=0.01 secs]
2325.749: [GC [PSYoungGen: 52224K->256K(58880K)] 528073K->476105K(779776K), 0.0112992 secs] [Times: user=0.06 sys=0.00, real=0.01 secs]
2325.749: [GC [PSYoungGen: 52224K->256K(58880K)] 528073K->476105K(779776K), 0.0112992 secs] [Times: user=0.06 sys=0.00, real=0.01 secs]
2325.749: [GC [PSYoungGen: 52224K->256K(58880K)] 528073K->476105K(779776K), 0.0112992 secs] [Times: user=0.06 sys=0.00, real=0.01 secs]
2325.749: [GC [PSYoungGen: 52224K->256K(58880K)] 528073K->476105K(779776K), 0.0112992 secs] [Times: user=0.06 sys=0.00, real=0.01 secs]
2325.749: [GC [PSYoungGen: 52224K->256K(58880K)] 528073K->476105K(779776K), 0.0112992 secs] [Times: user=0.06 sys=0.00, real=0.01 secs]
2325.749: [GC [PSYoungGen: 52224K->256K(58880K)] 528073K->476105K(779776K), 0.0112992 secs] [Times: user=0.06 sys=0.00, real=0.01 secs]
2325.749: [GC [PSYoungGen: 52224K->256K(58880K)] 528073K->476105K(779776K), 0.0112992 secs] [Times: user=0.06 sys=0.00, real=0.01 secs]
2325.749: [GC [PSYoungGen: 52224K->256K(58880K)] 528073K->476105K(779776K), 0.0112992 secs] [Times: user=0.06 sys=0.00, real=0.01 secs]
2325.749: [GC [PSYoungGen: 52224K->256K(58880K)] 528073K->476105K(779776K), 0.0112992 secs] [Times: user=0.06 sys=0.00, real=0.01 secs]
2325.749: [GC [PSYoungGen: 52224K->256K(58880K)] 528073K->476105K(779776K), 0.0112992 secs] [Times: user=0.06 sys=0.00, real=0.01 secs]
2325.749: [GC [PSYoungGen: 52224K->256K(58880K)] 528073K->476105K(779776K), 0.0112992 secs] [Times: user=0.06 sys=0.00, real=0.01 secs]
2325.749: [GC [PSYoungGen: 52224K->256K(58880K)] 528073K->476105K(779776K), 0.0112992 secs] [Times: user=0.06 sys=0.00, real=0.01 secs]
2325.749: [GC [PSYoungGen: 52224K->256K(58880K)] 528073K->476105K(779776K), 0.0112992 secs] [Times: user=0.06 sys=0.00, real=0.01 secs]
2325.749: [GC [PSYoungGen: 52224K->256K(58880K)] 528073K->476105K(779776K), 0.0112992 secs] [Times: user=0.06 sys=0.00, real=0.01 secs]
2325.749: [GC [PSYoungGen: 52224K->256K(58880K)] 528073K->476105K(779776K), 0.0112992 secs] [Times: user=0.06 sys=0.00, real=0.01 secs]
2325.749: [GC [PSYoungGen: 52224K->256K(58880K)] 528073K->476105K(779776K), 0.0112992 secs] [Times: user=0.06 sys=0.00, real=0.01 secs]
2325.749: [GC [PSYoungGen: 52224K->256K(58880K)] 528073K->476105K(779776K), 0.0112992 secs] [Times: user=0.06 sys=0.00, real=0.01 secs]
2325.749: [GC [PSYoungGen: 52224K->256K(58880K)] 528073K->476105K(779776K), 0.0112992 secs] [Times: user=0.06 sys=0.00, real=0.01 secs]
2325.749: [GC [PSYoungGen: 52224K->256K(58880K)] 528073K->476105K(779776K), 0.0112992 secs] [Times: user=0.06 sys=0.00, real=0.01 secs]
2325.749: [GC [PSYoungGen: 52224K->256K(58880K)] 528073K->476105K(779776K), 0.0112992 secs] [Times: user=0.06 sys=0.00, real=0.01 secs]
2325.749: [GC [PSYoungGen: 52224K->256K(58880K)] 528073K->476105K(779776K), 0.0112992 secs] [Times: user=0.06 sys=0.00, real=0.01 secs]
2325.749: [GC [PSYoungGen: 52224K->256K(58880K)] 528073K->476105K(779776K), 0.0112992 secs] [Times: user=0.06 sys=0.00, real=0.01 secs]
2325.749: [GC [PSYoungGen: 52224K->256K(58880K)] 528073K->476105K(779776K), 0.0112992 secs] [Times: user=0.06 sys=0.00, real=0.01 secs]
2325.749: [GC [PSYoungGen: 52224K->256K(58880K)] 528073K->476105K(779776K), 0.0112992 secs] [Times: user=0.06 sys=0.00, real=0.01 secs]
2325.749: [GC [PSYoungGen: 52224K->256K(58880K)] 528073K->476105K(779776K), 0.0112992 secs] [Times: user=0.06 sys=0.00, real=0.01 secs]
2325.749: [GC [PSYoungGen: 52224K->256K(58880K)] 528073K->476105K(779776K), 0.0112992 secs] [Times: user=0.06 sys=0.00, real=0.01 secs]
2325.749: [GC [PSYoungGen: 52224K->256K(58880K)] 528073K->476105K(779776K), 0.0112992 secs] [Times: user=0.06 sys=0.00, real=0.01 secs]
2325.749: [GC [PSYoungGen: 52224K->256K(58880K)] 528073K->476105K(779776K), 0.0112992 secs] [Times: user=0.06 sys=0.00, real=0.01 secs]
2325.749: [GC [PSYoungGen: 52224K->256K(58880K)] 528073K->476105K(779776K), 0.0112992 secs] [Times: user=0.06 sys=0.00, real=0.01 secs]
2325.749: [GC [PSYoungGen: 52224K->256K(58880K)] 528073K->476105K(779776K), 0.0112992 secs] [Times: user=0.06 sys=0.00, real=0.01 secs]
2325.749: [GC [PSYoungGen: 52224K->256K(58880K)] 528073K->476105K(779776K), 0.0112992 secs] [Times: user=0.06 sys=0.00, real=0.01 secs]
2325.749: [GC [PSYoungGen: 52224K->256K(58880K)] 528073K->476105K(779776K), 0.0112992 secs] [Times: user=0.06 sys=0.00, real=0.01 secs]
2325.749: [GC [PSYoungGen: 52224K->256K(58880K)] 528073K->476105K(779776K), 0.0112992 secs] [Times: user=0.06 sys=0.00, real=0.01 secs]
2325.749: [GC [PSYoungGen: 52224K->256K(58880K)] 528073K->476105K(779776K), 0.0112992 secs] [Times: user=0.06 sys=0.00, real=0.01 secs]
2325.749: [GC [PSYoungGen: 52224K->256K(58880K)] 528073K->476105K(779776K), 0.0112992 secs] [Times: user=0.06 sys=0.00, real=0.01 secs]
2325.749: [GC [PSYoungGen: 52224K->256K(58880K)] 528073K->476105K(779776K), 0.0112992 secs] [Times: user=0.06 sys=0.00, real=0.01 secs]
2325.749: [GC [PSYoungGen: 52224K->256K(58880K)] 528073K->476105K(779776K), 0.0112992 secs] [Times: user=0.06 sys=0.00, real=0.01 secs]
2325.749: [GC [PSYoungGen: 52224K->256K(58880K)] 528073K->476105K(779776K), 0.0112992 secs] [Times: user=0.06 sys=0.00, real=0.01 secs]
2325.749: [GC [PSYoungGen: 52224K->256K(58880K)] 528073K->476105K(779776K), 0.0112992 secs] [Times: user=0.06 sys=0.00, real=0.01 secs]
2325.749: [GC [PSYoungGen: 52224K->256K(58880K)] 528073K->476105K(779776K), 0.0112992 secs] [Times: user=0.06 sys=0.00, real=0.01 secs]
2325.749: [GC [PSYoungGen: 52224K->256K(58880K)] 528073K->476105K(779776K), 0.0112992 secs] [Times: user=0.06 sys=0.00, real=0.01 secs]
2325.749: [GC [PSYoungGen: 52224K->256K(58880K)] 528073K->476105K(779776K), 0.0112992 secs] [Times: user=0.06 sys=0.00, real=0.01 secs]
2325.749: [GC [PSYoungGen: 52224K->256K(58880K)] 528073K->476105K(779776K), 0.0112992 secs] [Times: user=0.06 sys=0.00, real=0.01 secs]
2325.749: [GC [PSYoungGen: 52224K->256K(58880K)] 528073K->476105K(779776K), 0.0112992 secs] [Times: user=0.06 sys=0.00, real=0.01 secs]
2325.749: [GC [PSYoungGen: 52224K->256K(58880K)] 528073K->476105K(779776K), 0.0112992 secs] [Times: user=0.06 sys=0.00, real=0.01 secs]
2325.749: [GC [PSYoungGen: 52224K->256K(58880K)] 528073K->476105K(779776K), 0.0112992 secs] [Times: user=0.06 sys=0.00, real=0.01 secs]
2325.749: [GC [PSYoungGen: 52224K->256K(58880K)] 528073K->476105K(779776K), 0.0112992 secs] [Times: user=0.06 sys=0.00, real=0.01 secs]
2325.749: [GC [PSYoungGen: 52224K->256K(58880K)] 528073K->476105K(779776K), 0.0112992 secs] [Times: user=0.06 sys=0.00, real=0.01 secs]
2325.749: [GC [PSYoungGen: 52224K->256K(58880K)] 528073K->476105K(779776K), 0.0112992 secs] [Times: user=0.06 sys=0.00, real=0.01 secs]
2325.749: [GC [PSYoungGen: 52224K->256K(58880K)] 528073K->476105K(779776K), 0.0112992 secs] [Times: user=0.06 sys=0.00, real=0.01 secs]
2325.749: [GC [PSYoungGen: 52224K->256K(58880K)] 528073K->476105K(779776K), 0.0112992 secs] [Times: user=0.06 sys=0.00, real=0.01 secs]
2325.749: [GC [PSYoungGen: 52224K->256K(58880K)] 528073K->476105K(779776K), 0.0112992 secs] [Times: user=0.06 sys=0.00, real=0.01 secs]
2325.749: [GC [PSYoungGen: 52224K->256K(58880K)] 528073K->476105K(779776K), 0.0112992 secs] [Times: user=0.06 sys=0.00, real=0.01 secs]
2325.749: [GC [PSYoungGen: 52224K->256K(58880K)] 528073K->476105K(779776K), 0.0112992 secs] [Times: user=0.06 sys=0.00, real=0.01 secs]
2325.749: [GC [PSYoungGen: 52224K->256K(58880K)] 528073K->476105K(779776K), 0.0112992 secs] [Times: user=0.06 sys=0.00, real=0.01 secs]
2325.749: [GC [PSYoungGen: 52224K->256K(58880K)] 528073K->476105K(779776K), 0.0112992 secs] [Times: user=0.06 sys=0.00, real=0.01 secs]
2325.749: [GC [PSYoungGen: 52224K->256K(58880K)] 528073K->476105K(779776K), 0.0112992 secs] [Times: user=0.06 sys=0.00, real=0.01 secs]
2325.749: [GC [PSYoungGen: 52224K->256K(58880K)] 528073K->476105K(779776K), 0.0112992 secs] [Times: user=0.06 sys=0.00, real=0.01 secs]
2325.749: [GC [PSYoungGen: 52224K->256K(58880K)] 528073K->476105K(779776K), 0.0112992 secs] [Times: user=0.06 sys=0.00, real=0.01 secs]
2325.749: [GC [PSYoungGen: 52224K->256K(58880K)] 528073K->476105K(779776K), 0.0112992 secs] [Times: user=0.06 sys=0.00, real=0.01 secs]
2325.749: [GC [PSYoungGen: 52224K->256K(58880K)] 528073K->476105K(779776K), 0.0112992 secs] [Times: user=0.06 sys=0.00, real=0.01 secs]
2325.749: [GC [PSYoungGen: 52224K->256K(58880K)] 528073K->476105K(779776K), 0.0112992 secs] [Times: user=0.06 sys=0.00, real=0.01 secs]
2325.749: [GC [PSYoungGen: 52224K->256K(58880K)] 528073K->476105K(779776K), 0.0112992 secs] [Times: user=0.06 sys=0.00, real=0.01 secs]
2325.749: [GC [PSYoungGen: 52224K->256K(58880K)] 528073K->476105K(779776K), 0.0112992 secs] [Times: user=0.06 sys=0.00, real=0.01 secs]
2325.749: [GC [PSYoungGen: 52224K->256K(58880K)] 528073K->476105K(779776K), 0.0112992 secs] [Times: user=0.06 sys=0.00, real=0.01 secs]
2325.749: [GC [PSYoungGen: 52224K->256K(58880K)] 528073K->476105K(779776K), 0.0112992 secs] [Times: user=0.06 sys=0.00, real=0.01 secs]
2325.749: [GC [PSYoungGen: 52224K->256K(58880K)] 528073K->476105K(779776K), 0.0112992 secs] [Times: user=0.06 sys=0.00, real=0.01 secs]
2325.749: [GC [PSYoungGen: 52224K->256K(58880K)] 528073K->476105K(779776K), 0.0112992 secs] [Times: user=0.06 sys=0.00, real=0.01 secs]
2325.749: [GC [PSYoungGen: 52224K->256K(58880K)] 528073K->476105K(779776K), 0.0112992 secs] [Times: user=0.06 sys=0.00, real=0.01 secs]
2325.749: [GC [PSYoungGen: 52224K->256K(58880K)] 528073K->476105K(779776K), 0.0112992 secs] [Times: user=0.06 sys=0.00, real=0.01 secs]
2325.749: [GC [PSYoungGen: 52224K->256K(58880K)] 528073K->476105K(779776K), 0.0112992 secs] [Times: user=0.06 sys=0.00, real=0.01 secs]
2325.749: [GC [PSYoungGen: 52224K->256K(58880K)] 528073K->476105K(779776K), 0.0112992 secs] [Times: user=0.06 sys=0.00, real=0.01 secs]
2325.749: [GC [PSYoungGen: 52224K->256K(58880K)] 528073K->476105K(779776K), 0.0112992 secs] [Times: user=0.06 sys=0.00, real=0.01 secs]
2325.749: [GC [PSYoungGen: 52224K->256K(58880K)] 528073K->476105K(779776K), 0.0112992 secs] [Times: user=0.06 sys=0.00, real=0.01 secs]
2325.749: [GC [PSYoungGen: 52224K->256K(58880K)] 528073K->476105K(779776K), 0.0112992 secs] [Times: user=0.06 sys=0.00, real=0.01 secs]
2325.749: [GC [PSYoungGen: 52224K->256K(58880K)] 528073K->476105K(779776K), 0.0112992 secs] [Times: user=0.06 sys=0.00, real=0.01 secs]
2325.749: [GC [PSYoungGen: 52224K->256K(58880K)] 528073K->476105K(779776K), 0.0112992 secs] [Times: user=0.06 sys=0.00, real=0.01 secs]
2325.749: [GC [PSYoungGen: 52224K->256K(58880K)] 528073K->476105K(779776K), 0.0112992 secs] [Times: user=0.06 sys=0.00, real=0.01 secs]
2325.749: [GC [PSYoungGen: 52224K->256K(58880K)] 528073K->476105K(779776K), 0.0112992 secs] [Times: user=0.06 sys=0.00, real=0.01 secs]
2325.749: [GC [PSYoungGen: 52224K->256K(58880K)] 528073K->476105K(779776K), 0.0112992 secs] [Times: user=0.06 sys=0.00, real=0.01 secs]
2325.749: [GC [PSYoungGen: 52224K->256K(58880K)] 528073K->476105K(779776K), 0.0112992 secs] [Times: user=0.06 sys=0.00, real=0.01 secs]
2325.749: [GC [PSYoungGen: 52224K->256K(58880K)] 528073K->476105K(779776K), 0.0112992 secs] [Times: user=0.06 sys=0.00, real=0.01 secs]
2325.749: [GC [PSYoungGen: 52224K->256K(58880K)] 528073K->476105K(779776K), 0.0112992 secs] [Times: user=0.06 sys=0.00, real=0.01 secs]
2325.749: [GC [PSYoungGen: 52224K->256K(58880K)] 528073K->476105K(779776K), 0.0112992 secs] [Times: user=0.06 sys=0.00, real=0.01 secs]
2325.749: [GC [PSYoungGen: 52224K->256K(58880K)] 528073K->476105K(779776K), 0.0112992 secs] [Times: user=0.06 sys=0.00, real=0.01 secs]
2325.749: [GC [PSYoungGen: 52224K->256K(58880K)] 528073K->476105K(779776K), 0.0112992 secs] [Times: user=0.06 sys=0.00, real=0.01 secs]
2325.749: [GC [PSYoungGen: 52224K->256K(58880K)] 528073K->476105K(779776K), 0.0112992 secs] [Times: user=0.06 sys=0.00, real=0.01 secs]
2325.749: [GC [PSYoungGen: 52224K->256K(58880K)] 528073K->476105K(779776K), 0.0112992 secs] [Times: user=0.06 sys=0.00, real=0.01 secs]
2325.749: [GC [PSYoungGen: 52224K->256K(58880K)] 528073K->476105K(779776K), 0.0112992 secs] [Times: user=0.06 sys=0.00, real=0.01 secs]
2325.749: [GC [PSYoungGen: 52224K->256K(58880K)] 528073K->476105K(779776K), 0.0112992 secs] [Times: user=0.06 sys=0.00, real=0.01 secs]
2325.749: [GC [PSYoungGen: 52224K->256K(58880K)] 528073K->476105K(779776K), 0.0112992 secs] [Times: user=0.06 sys=0.00, real=0.01 secs]
2325.749: [GC [PSYoungGen: 52224K->256K(58880K)] 528073K->476105K(779776K), 0.0112992 secs] [Times: user=0.06 sys=0.00, real=0.01 secs]
2325.749: [GC [PSYoungGen: 52224K->256K(58880K)] 528073K->476105K(779776K), 0.0112992 secs] [Times: user=0.06 sys=0.00, real=0.01 secs]
2325.749: [GC [PSYoungGen: 52224K->256K(58880K)] 528073K->476105K(779776K), 0.0112992 secs] [Times: user=0.06 sys=0.00, real=0.01 secs]
2325.749: [GC [PSYoungGen: 52224K->256K(58880K)] 528073K->476105K(779776K), 0.0112992 secs] [Times: user=0.06 sys=0.00, real=0.01 secs]
2325.749: [GC [PSYoungGen: 52224K->256K(58880K)] 528073K->476105K(779776K), 0.0112992 secs] [Times: user=0.06 sys=0.00, real=0.01 secs]
2325.749: [GC [PSYoungGen: 52224K->256K(58880K)] 528073K->476105K(779776K), 0.0112992 secs] [Times: user=0.06 sys=0.00, real=0.01 secs]
2325.749: [GC [PSYoungGen: 52224K->256K(58880K)] 528073K->476105K(779776K), 0.0112992 secs] [Times: user=0.06 sys=0.00, real=0.01 secs]
2325.749: [GC [PSYoungGen: 52224K->256K(58880K)] 528073K->476105K(779776K), 0.0112992 secs] [Times: user=0.06 sys=0.00, real=0.01 secs]
2325.749: [GC [PSYoungGen: 52224K->256K(58880K)] 528073K->476105K(779776K), 0.0112992 secs] [Times: user=0.06 sys=0.00, real=0.01 secs]
2325.749: [GC [PSYoungGen: 52224K->256K(58880K)] 528073K->476105K(779776K), 0.0112992 secs] [Times: user=0.06 sys=0.00, real=0.01 secs]
2325.749: [GC [PSYoungGen: 52224K->256K(58880K)] 528073K->476105K(779776K), 0.0112992 secs] [Times: user=0.06 sys=0.00, real=0.01 secs]
2325.749: [GC [PSYoungGen: 52224K->256K(58880K)] 528073K->476105K(779776K), 0.0112992 secs] [Times: user=0.06 sys=0.00, real=0.01 secs]
2325.749: [GC [PSYoungGen: 52224K->256K(58880K)] 528073K->476105K(779776K), 0.0112992 secs] [Times: user=0.06 sys=0.00, real=0.01 secs]
2325.749: [GC [PSYoungGen: 52224K->256K(58880K)] 528073K->476105K(779776K), 0.0112992 secs] [Times: user=0.06 sys=0.00, real=0.01 secs]
2325.749: [GC [PSYoungGen: 52224K->256K(58880K)] 528073K->476105K(779776K), 0.0112992 secs] [Times: user=0.06 sys=0.00, real=0.01 secs]
2325.749: [GC [PSYoungGen: 52224K->256K(58880K)] 528073K->476105K(779776K), 0.0112992 secs] [Times: user=0.06 sys=0.00, real=0.01 secs]
2325.749: [GC [PSYoungGen: 52224K->256K(58880K)] 528073K->476105K(779776K), 0.0112992 secs] [Times: user=0.06 sys=0.00, real=0.01 secs]
2325.749: [GC [PSYoungGen: 52224K->256K(58880K)] 528073K->476105K(779776K), 0.0112992 secs] [Times: user=0.06 sys=0.00, real=0.01 secs]
2325.749: [GC [PSYoungGen: 52224K->256K(58880K)] 528073K->476105K(779776K), 0.0112992 secs] [Times: user=0.06 sys=0.00, real=0.01 secs]
2325.749: [GC [PSYoungGen: 52224K->256K(58880K)] 528073K->476105K(779776K), 0.0112992 secs] [Times: user=0.06 sys=0.00, real=0.01 secs]
2325.749: [GC [PSYoungGen: 52224K->256K(58880K)] 528073K->476105K(779776K), 0.0112992 secs] [Times: user=0.06 sys=0.00, real=0.01 secs]
2325.749: [GC [PSYoungGen: 52224K->256K(58880K)] 528073K->476105K(779776K), 0.0112992 secs] [Times: user=0.06 sys=0.00, real=0.01 secs]
2325.749: [GC [PSYoungGen: 52224K->256K(58880K)] 528073K->476105K(779776K), 0.0112992 secs] [Times: user=0.06 sys=0.00, real=0.01 secs]
2325.749: [GC [PSYoungGen: 52224K->256K(58880K)] 528073K->476105K(779776K), 0.0112992 secs] [Times: user=0.06 sys=0.00, real=0.01 secs]
2325.749: [GC [PSYoungGen: 52224K->256K(58880K)] 528073K->476105K(779776K), 0.0112992 secs] [Times: user=0.06 sys=0.00, real=0.01 secs]
2325.749: [GC [PSYoungGen: 52224K->256K(58880K)] 528073K->476105K(779776K), 0.0112992 secs] [Times: user=0.06 sys=0.00, real=0.01 secs]
2325.749: [GC [PSYoungGen: 52224K->256K(58880K)] 528073K->476105K(779776K), 0.0112992 secs] [Times: user=0.06 sys=0.00, real=0.01 secs]
2325.749: [GC [PSYoungGen: 52224K->256K(58880K)] 528073K->476105K(779776K), 0.0112992 secs] [Times: user=0.06 sys=0.00, real=0.01 secs]
2325.749: [GC [PSYoungGen: 52224K->256K(58880K)] 528073K->476105K(779776K), 0.0112992 secs] [Times: user=0.06 sys=0.00, real=0.01 secs]
2325.749: [GC [PSYoungGen: 52224K->256K(58880K)] 528073K->476105K(779776K), 0.0112992 secs] [Times: user=0.06 sys=0.00, real=0.01 secs]
2325.749: [GC [PSYoungGen: 52224K->256K(58880K)] 528073K->476105K(779776K), 0.0112992 secs] [Times: user=0.06 sys=0.00, real=0.01 secs]
2325.749: [GC [PSYoungGen: 52224K->256K(58880K)] 528073K->476105K(779776K), 0.0112992 secs] [Times: user=0.06 sys=0.00, real=0.01 secs]
2325.749: [GC [PSYoungGen: 52224K->256K(58880K)] 528073K->476105K(779776K), 0.0112992 secs] [Times: user=0.06 sys=0.00, real=0.01 secs]
2325.749: [GC [PSYoungGen: 52224K->256K(58880K)] 528073K->476105K(779776K), 0.0112992 secs] [Times: user=0.06 sys=0.00, real=0.01 secs]
2325.749: [GC [PSYoungGen: 52224K->256K(58880K)] 528073K->476105K(779776K), 0.0112992 secs] [Times: user=0.06 sys=0.00, real=0.01 secs]
2325.749: [GC [PSYoungGen: 52224K->256K(58880K)] 528073K->476105K(779776K), 0.0112992 secs] [Times: user=0.06 sys=0.00, real=0.01 secs]
2325.749: [GC [PSYoungGen: 52224K->256K(58880K)] 528073K->476105K(779776K), 0.0112992 secs] [Times: user=0.06 sys=0.00, real=0.01 secs]
2325.749: [GC [PSYoungGen: 52224K->256K(58880K)] 528073K->476105K(779776K), 0.0112992 secs] [Times: user=0.06 sys=0.00, real=0.01 secs]
2325.749: [GC [PSYoungGen: 52224K->256K(58880K)] 528073K->476105K(779776K), 0.0112992 secs] [Times: user=0.06 sys=0.00, real=0.01 secs]
2325.749: [GC [PSYoungGen: 52224K->256K(58880K)] 528073K->476105K(779776K), 0.0112992 secs] [Times: user=0.06 sys=0.00, real=0.01 secs]
2325.749: [GC [PSYoungGen: 52224K->256K(58880K)] 528073K->476105K(779776K), 0.0112992 secs] [Times: user=0.06 sys=0.00, real=0.01 secs]
2325.749: [GC [PSYoungGen: 52224K->256K(58880K)] 528073K->476105K(779776K), 0.0112992 secs] [Times: user=0.06 sys=0.00, real=0.01 secs]
2325.749: [GC [PSYoungGen: 52224K->256K(58880K)] 528073K->476105K(779776K), 0.0112992 secs] [Times: user=0.06 sys=0.00, real=0.01 secs]
2325.749: [GC [PSYoungGen: 52224K->256K(58880K)] 528073K->476105K(779776K), 0.0112992 secs] [Times: user=0.06 sys=0.00, real=0.01 secs]
2325.749: [GC [PSYoungGen: 52224K->256K(58880K)] 528073K->476105K(779776K), 0.0112992 secs] [Times: user=0.06 sys=0.00, real=0.01 secs]
2325.749: [GC [PSYoungGen: 52224K->256K(58880K)] 528073K->476105K(779776K), 0.0112992 secs] [Times: user=0.06 sys=0.00, real=0.01 secs]
2325.749: [GC [PSYoungGen: 52224K->256K(58880K)] 528073K->476105K(779776K), 0.0112992 secs] [Times: user=0.06 sys=0.00, real=0.01 secs]
2325.749: [GC [PSYoungGen: 52224K->256K(58880K)] 528073K->476105K(779776K), 0.0112992 secs] [Times: user=0.06 sys=0.00, real=0.01 secs]
2325.749: [GC [PSYoungGen: 52224K->256K(58880K)] 528073K->476105K(779776K), 0.0112992 secs] [Times: user=0.06 sys=0.00, real=0.01 secs]
2325.749: [GC [PSYoungGen: 52224K->256K(58880K)] 528073K->476105K(779776K), 0.0112992 secs] [Times: user=0.06 sys=0.00, real=0.01 secs]
2325.749: [GC [PSYoungGen: 52224K->256K(58880K)] 528073K->476105K(779776K), 0.0112992 secs] [Times: user=0.06 sys=0.00, real=0.01 secs]
2325.749: [GC [PSYoungGen: 52224K->256K(58880K)] 528073K->476105K(779776K), 0.0112992 secs] [Times: user=0.06 sys=0.00, real=0.01 secs]
2325.749: [GC [PSYoungGen: 52224K->256K(58880K)] 528073K->476105K(779776K), 0.0112992 secs] [Times: user=0.06 sys=0.00, real=0.01 secs]
2325.749: [GC [PSYoungGen: 52224K->256K(58880K)] 528073K->476105K(779776K), 0.0112992 secs] [Times: user=0.06 sys=0.00, real=0.01 secs]
2325.749: [GC [PSYoungGen: 52224K->256K(58880K)] 528073K->476105K(779776K), 0.0112992 secs] [Times: user=0.06 sys=0.00, real=0.01 secs]
2325.749: [GC [PSYoungGen: 52224K->256K(58880K)] 528073K->476105K(779776K), 0.0112992 secs] [Times: user=0.06 sys=0.00, real=0.01 secs]
2325.749: [GC [PSYoungGen: 52224K->256K(58880K)] 528073K->476105K(779776K), 0.0112992 secs] [Times: user=0.06 sys=0.00, real=0.01 secs]
2325.749: [GC [PSYoungGen: 52224K->256K(58880K)] 528073K->476105K(779776K), 0.0112992 secs] [Times: user=0.06 sys=0.00, real=0.01 secs]
2325.749: [GC [PSYoungGen: 52224K->256K(58880K)] 528073K->476105K(779776K), 0.0112992 secs] [Times: user=0.06 sys=0.00, real=0.01 secs]
2325.749: [GC [PSYoungGen: 52224K->256K(58880K)] 528073K->476105K(779776K), 0.0112992 secs] [Times: user=0.06 sys=0.00, real=0.01 secs]
2325.749: [GC [PSYoungGen: 52224K->256K(58880K)] 528073K->476105K(779776K), 0.0112992 secs] [Times: user=0.06 sys=0.00, real=0.01 secs]
2325.749: [GC [PSYoungGen: 52224K->256K(58880K)] 528073K->476105K(779776K), 0.0112992 secs] [Times: user=0.06 sys=0.00, real=0.01 secs]
2325.749: [GC [PSYoungGen: 52224K->256K(58880K)] 528073K->476105K(779776K), 0.0112992 secs] [Times: user=0.06 sys=0.00, real=0.01 secs]
2325.749: [GC [PSYoungGen: 52224K->256K(58880K)] 528073K->476105K(779776K), 0.0112992 secs] [Times: user=0.06 sys=0.00, real=0.01 secs]
2325.749: [GC [PSYoungGen: 52224K->256K(58880K)] 528073K->476105K(779776K), 0.0112992 secs] [Times: user=0.06 sys=0.00, real=0.01 secs]
2325.749: [GC [PSYoungGen: 52224K->256K(58880K)] 528073K->476105K(779776K), 0.0112992 secs] [Times: user=0.06 sys=0.00, real=0.01 secs]
2325.749: [GC [PSYoungGen: 52224K->256K(58880K)] 528073K->476105K(779776K), 0.0112992 secs] [Times: user=0.06 sys=0.00, real=0.01 secs]
2325.749: [GC [PSYoungGen: 52224K->256K(58880K)] 528073K->476105K(779776K), 0.0112992 secs] [Times: user=0.06 sys=0.00, real=0.01 secs]
2325.749: [GC [PSYoungGen: 52224K->256K(58880K)] 528073K->476105K(779776K), 0.0112992 secs] [Times: user=0.06 sys=0.00, real=0.01 secs]
2325.749: [GC [PSYoungGen: 52224K->256K(58880K)] 528073K->476105K(779776K), 0.0112992 secs] [Times: user=0.06 sys=0.00, real=0.01 secs]
2325.749: [GC [PSYoungGen: 52224K->256K(58880K)] 528073K->476105K(779776K), 0.0112992 secs] [Times: user=0.06 sys=0.00, real=0.01 secs]
2325.749: [GC [PSYoungGen: 52224K->256K(58880K)] 528073K->476105K(779776K), 0.0112992 secs] [Times: user=0.06 sys=0.00, real=0.01 secs]
2325.749: [GC [PSYoungGen: 52224K->256K(58880K)] 528073K->476105K(779776K), 0.0112992 secs] [Times: user=0.06 sys=0.00, real=0.01 secs]
2325.749: [GC [PSYoungGen: 52224K->256K(58880K)] 528073K->476105K(779776K), 0.0112992 secs] [Times: user=0.06 sys=0.00, real=0.01 secs]
2325.749: [GC [PSYoungGen: 52224K->256K(58880K)] 528073K->476105K(779776K), 0.0112992 secs] [Times: user=0.06 sys=0.00, real=0.01 secs]
2325.749: [GC [PSYoungGen: 52224K->256K(58880K)] 528073K->476105K(779776K), 0.0112992 secs] [Times: user=0.06 sys=0.00, real=0.01 secs]
2325.749: [GC [PSYoungGen: 52224K->256K(58880K)] 528073K->476105K(779776K), 0.0112992 secs] [Times: user=0.06 sys=0.00, real=0.01 secs]
2325.749: [GC [PSYoungGen: 52224K->256K(58880K)] 528073K->476105K(779776K), 0.0112992 secs] [Times: user=0.06 sys=0.00, real=0.01 secs]
2325.749: [GC [PSYoungGen: 52224K->256K(58880K)] 528073K->476105K(779776K), 0.0112992 secs] [Times: user=0.06 sys=0.00, real=0.01 secs]
2325.749: [GC [PSYoungGen: 52224K->256K(58880K)] 528073K->476105K(779776K), 0.0112992 secs] [Times: user=0.06 sys=0.00, real=0.01 secs]
2325.749: [GC [PSYoungGen: 52224K->256K(58880K)] 528073K->476105K(779776K), 0.0112992 secs] [Times: user=0.06 sys=0.00, real=0.01 secs]
2325.749: [GC [PSYoungGen: 52224K->256K(58880K)] 528073K->476105K(779776K), 0.0112992 secs] [Times: user=0.06 sys=0.00, real=0.01 secs]
2325.749: [GC [PSYoungGen: 52224K->256K(58880K)] 528073K->476105K(779776K), 0.0112992 secs] [Times: user=0.06 sys=0.00, real=0.01 secs]
2325.749: [GC [PSYoungGen: 52224K->256K(58880K)] 528073K->476105K(779776K), 0.0112992 secs] [Times: user=0.06 sys=0.00, real=0.01 secs]
2325.749: [GC [PSYoungGen: 52224K->256K(58880K)] 528073K->476105K(779776K), 0.0112992 secs] [Times: user=0.06 sys=0.00, real=0.01 secs]
2325.749: [GC [PSYoungGen: 52224K->256K(58880K)] 528073K->476105K(779776K), 0.0112992 secs] [Times: user=0.06 sys=0.00, real=0.01 secs]
2325.749: [GC [PSYoungGen: 52224K->256K(58880K)] 528073K->476105K(779776K), 0.0112992 secs] [Times: user=0.06 sys=0.00, real=0.01 secs]
2325.749: [GC [PSYoungGen: 52224K->256K(58880K)] 528073K->476105K(779776K), 0.0112992 secs] [Times: user=0.06 sys=0.00, real=0.01 secs]
2325.749: [GC [PSYoungGen: 52224K->256K(58880K)] 528073K->476105K(779776K), 0.0112992 secs] [Times: user=0.06 sys=0.00, real=0.01 secs]
2325.749: [GC [PSYoungGen: 52224K->256K(58880K)] 528073K->476105K(779776K), 0.0112992 secs] [Times: user=0.06 sys=0.00, real=0.01 secs]
2325.749: [GC [PSYoungGen: 52224K->256K(58880K)] 528073K->476105K(779776K), 0.0112992 secs] [Times: user=0.06 sys=0.00, real=0.01 secs]
2325.749: [GC [PSYoungGen: 52224K->256K(58880K)] 528073K->476105K(779776K), 0.0112992 secs] [Times: user=0.06 sys=0.00, real=0.01 secs]
2325.749: [GC [PSYoungGen: 52224K->256K(58880K)] 528073K->476105K(779776K), 0.0112992 secs] [Times: user=0.06 sys=0.00, real=0.01 secs]
2325.749: [GC [PSYoungGen: 52224K->256K(58880K)] 528073K->476105K(779776K), 0.0112992 secs] [Times: user=0.06 sys=0.00, real=0.01 secs]
2325.749: [GC [PSYoungGen: 52224K->256K(58880K)] 528073K->476105K(779776K), 0.0112992 secs] [Times: user=0.06 sys=0.00, real=0.01 secs]
2325.749: [GC [PSYoungGen: 52224K->256K(58880K)] 528073K->476105K(779776K), 0.0112992 secs] [Times: user=0.06 sys=0.00, real=0.01 secs]
2325.749: [GC [PSYoungGen: 52224K->256K(58880K)] 528073K->476105K(779776K), 0.0112992 secs] [Times: user=0.06 sys=0.00, real=0.01 secs]
2325.749: [GC [PSYoungGen: 52224K->256K(58880K)] 528073K->476105K(779776K), 0.0112992 secs] [Times: user=0.06 sys=0.00, real=0.01 secs]
2325.749: [GC [PSYoungGen: 52224K->256K(58880K)] 528073K->476105K(779776K), 0.0112992 secs] [Times: user=0.06 sys=0.00, real=0.01 secs]
2325.749: [GC [PSYoungGen: 52224K->256K(58880K)] 528073K->476105K(779776K), 0.0112992 secs] [Times: user=0.06 sys=0.00, real=0.01 secs]
2325.749: [GC [PSYoungGen: 52224K->256K(58880K)] 528073K->476105K(779776K), 0.0112992 secs] [Times: user=0.06 sys=0.00, real=0.01 secs]
2325.749: [GC [PSYoungGen: 52224K->256K(58880K)] 528073K->476105K(779776K), 0.0112992 secs] [Times: user=0.06 sys=0.00, real=0.01 secs]
2325.749: [GC [PSYoungGen: 52224K->256K(58880K)] 528073K->476105K(779776K), 0.0112992 secs] [Times: user=0.06 sys=0.00, real=0.01 secs]
2325.749: [GC [PSYoungGen: 52224K->256K(58880K)] 528073K->476105K(779776K), 0.0112992 secs] [Times: user=0.06 sys=0.00, real=0.01 secs]
2325.749: [GC [PSYoungGen: 52224K->256K(58880K)] 528073K->476105K(779776K), 0.0112992 secs] [Times: user=0.06 sys=0.00, real=0.01 secs]
2325.749: [GC [PSYoungGen: 52224K->256K(58880K)] 528073K->476105K(779776K), 0.0112992 secs] [Times: user=0.06 sys=0.00, real=0.01 secs]
2325.749: [GC [PSYoungGen: 52224K->256K(58880K)] 528073K->476105K(779776K), 0.0112992 secs] [Times: user=0.06 sys=0.00, real=0.01 secs]
2325.749: [GC [PSYoungGen: 52224K->256K(58880K)] 528073K->476105K(779776K), 0.0112992 secs] [Times: user=0.06 sys=0.00, real=0.01 secs]
2325.749: [GC [PSYoungGen: 52224K->256K(58880K)] 528073K->476105K(779776K), 0.0112992 secs] [Times: user=0.06 sys=0.00, real=0.01 secs]
2325.749: [GC [PSYoungGen: 52224K->256K(58880K)] 528073K->476105K(779776K), 0.0112992 secs] [Times: user=0.06 sys=0.00, real=0.01 secs]
2325.749: [GC [PSYoungGen: 52224K->256K(58880K)] 528073K->476105K(779776K), 0.0112992 secs] [Times: user=0.06 sys=0.00, real=0.01 secs]
2325.749: [GC [PSYoungGen: 52224K->256K(58880K)] 528073K->476105K(779776K), 0.0112992 secs] [Times: user=0.06 sys=0.00, real=0.01 secs]
2325.749: [GC [PSYoungGen: 52224K->256K(58880K)] 528073K->476105K(779776K), 0.0112992 secs] [Times: user=0.06 sys=0.00, real=0.01 secs]
2325.749: [GC [PSYoungGen: 52224K->256K(58880K)] 528073K->476105K(779776K), 0.0112992 secs] [Times: user=0.06 sys=0.00, real=0.01 secs]
2325.749: [GC [PSYoungGen: 52224K->256K(58880K)] 528073K->476105K(779776K), 0.0112992 secs] [Times: user=0.06 sys=0.00, real=0.01 secs]
2325.749: [GC [PSYoungGen: 52224K->256K(58880K)] 528073K->476105K(779776K), 0.0112992 secs] [Times: user=0.06 sys=0.00, real=0.01 secs]
2325.749: [GC [PSYoungGen: 52224K->256K(58880K)] 528073K->476105K(779776K), 0.0112992 secs] [Times: user=0.06 sys=0.00, real=0.01 secs]
2325.749: [GC [PSYoungGen: 52224K->256K(58880K)] 528073K->476105K(779776K), 0.0112992 secs] [Times: user=0.06 sys=0.00, real=0.01 secs]
2325.749: [GC [PSYoungGen: 52224K->256K(58880K)] 528073K->476105K(779776K), 0.0112992 secs] [Times: user=0.06 sys=0.00, real=0.01 secs]
2325.749: [GC [PSYoungGen: 52224K->256K(58880K)] 528073K->476105K(779776K), 0.0112992 secs] [Times: user=0.06 sys=0.00, real=0.01 secs]
2325.749: [GC [PSYoungGen: 52224K->256K(58880K)] 528073K->476105K(779776K), 0.0112992 secs] [Times: user=0.06 sys=0.00, real=0.01 secs]
2325.749: [GC [PSYoungGen: 52224K->256K(58880K)] 528073K->476105K(779776K), 0.0112992 secs] [Times: user=0.06 sys=0.00, real=0.01 secs]
2325.749: [GC [PSYoungGen: 52224K->256K(58880K)] 528073K->476105K(779776K), 0.0112992 secs] [Times: user=0.06 sys=0.00, real=0.01 secs]
2325.749: [GC [PSYoungGen: 52224K->256K(58880K)] 528073K->476105K(779776K), 0.0112992 secs] [Times: user=0.06 sys=0.00, real=0.01 secs]
2325.749: [GC [PSYoungGen: 52224K->256K(58880K)] 528073K->476105K(779776K), 0.0112992 secs] [Times: user=0.06 sys=0.00, real=0.01 secs]
2325.749: [GC [PSYoungGen: 52224K->256K(58880K)] 528073K->476105K(779776K), 0.0112992 secs] [Times: user=0.06 sys=0.00, real=0.01 secs]
2325.749: [GC [PSYoungGen: 52224K->256K(58880K)] 528073K->476105K(779776K), 0.0112992 secs] [Times: user=0.06 sys=0.00, real=0.01 secs]
2325.749: [GC [PSYoungGen: 52224K->256K(58880K)] 528073K->476105K(779776K), 0.0112992 secs] [Times: user=0.06 sys=0.00, real=0.01 secs]
2325.749: [GC [PSYoungGen: 52224K->256K(58880K)] 528073K->476105K(779776K), 0.0112992 secs] [Times: user=0.06 sys=0.00, real=0.01 secs]
2325.749: [GC [PSYoungGen: 52224K->256K(58880K)] 528073K->476105K(779776K), 0.0112992 secs] [Times: user=0.06 sys=0.00, real=0.01 secs]
2325.749: [GC [PSYoungGen: 52224K->256K(58880K)] 528073K->476105K(779776K), 0.0112992 secs] [Times: user=0.06 sys=0.00, real=0.01 secs]
2325.749: [GC [PSYoungGen: 52224K->256K(58880K)] 528073K->476105K(779776K), 0.0112992 secs] [Times: user=0.06 sys=0.00, real=0.01 secs]
2325.749: [GC [PSYoungGen: 52224K->256K(58880K)] 528073K->476105K(779776K), 0.0112992 secs] [Times: user=0.06 sys=0.00, real=0.01 secs]
2325.749: [GC [PSYoungGen: 52224K->256K(58880K)] 528073K->476105K(779776K), 0.0112992 secs] [Times: user=0.06 sys=0.00, real=0.01 secs]
2325.749: [GC [PSYoungGen: 52224K->256K(58880K)] 528073K->476105K(779776K), 0.0112992 secs] [Times: user=0.06 sys=0.00, real=0.01 secs]
2325.749: [GC [PSYoungGen: 52224K->256K(58880K)] 528073K->476105K(779776K), 0.0112992 secs] [Times: user=0.06 sys=0.00, real=0.01 secs]
2325.749: [GC [PSYoungGen: 52224K->256K(58880K)] 528073K->476105K(779776K), 0.0112992 secs] [Times: user=0.06 sys=0.00, real=0.01 secs]
2325.749: [GC [PSYoungGen: 52224K->256K(58880K)] 528073K->476105K(779776K), 0.0112992 secs] [Times: user=0.06 sys=0.00, real=0.01 secs]
2325.749: [GC [PSYoungGen: 52224K->256K(58880K)] 528073K->476105K(779776K), 0.0112992 secs] [Times: user=0.06 sys=0.00, real=0.01 secs]
2325.749: [GC [PSYoungGen: 52224K->256K(58880K)] 528073K->476105K(779776K), 0.0112992 secs] [Times: user=0.06 sys=0.00, real=0.01 secs]
2325.749: [GC [PSYoungGen: 52224K->256K(58880K)] 528073K->476105K(779776K), 0.0112992 secs] [Times: user=0.06 sys=0.00, real=0.01 secs]
2325.749: [GC [PSYoungGen: 52224K->256K(58880K)] 528073K->476105K(779776K), 0.0112992 secs] [Times: user=0.06 sys=0.00, real=0.01 secs]
2325.749: [GC [PSYoungGen: 52224K->256K(58880K)] 528073K->476105K(779776K), 0.0112992 secs] [Times: user=0.06 sys=0.00, real=0.01 secs]
2325.749: [GC [PSYoungGen: 52224K->256K(58880K)] 528073K->476105K(779776K), 0.0112992 secs] [Times: user=0.06 sys=0.00, real=0.01 secs]
2325.749: [GC [PSYoungGen: 52224K->256K(58880K)] 528073K->476105K(779776K), 0.0112992 secs] [Times: user=0.06 sys=0.00, real=0.01 secs]
2325.749: [GC [PSYoungGen: 52224K->256K(58880K)] 528073K->476105K(779776K), 0.0112992 secs] [Times: user=0.06 sys=0.00, real=0.01 secs]
2325.749: [GC [PSYoungGen: 52224K->256K(58880K)] 528073K->476105K(779776K), 0.0112992 secs] [Times: user=0.06 sys=0.00, real=0.01 secs]
2325.749: [GC [PSYoungGen: 52224K->256K(58880K)] 528073K->476105K(779776K), 0.0112992 secs] [Times: user=0.06 sys=0.00, real=0.01 secs]
2325.749: [GC [PSYoungGen: 52224K->256K(58880K)] 528073K->476105K(779776K), 0.0112992 secs] [Times: user=0.06 sys=0.00, real=0.01 secs]
2325.749: [GC [PSYoungGen: 52224K->256K(58880K)] 528073K->476105K(779776K), 0.0112992 secs] [Times: user=0.06 sys=0.00, real=0.01 secs]
2325.749: [GC [PSYoungGen: 52224K->256K(58880K)] 528073K->476105K(779776K), 0.0112992 secs] [Times: user=0.06 sys=0.00, real=0.01 secs]
2325.749: [GC [PSYoungGen: 52224K->256K(58880K)] 528073K->476105K(779776K), 0.0112992 secs] [Times: user=0.06 sys=0.00, real=0.01 secs]
2325.749: [GC [PSYoungGen: 52224K->256K(58880K)] 528073K->476105K(779776K), 0.0112992 secs] [Times: user=0.06 sys=0.00, real=0.01 secs]
2325.749: [GC [PSYoungGen: 52224K->256K(58880K)] 528073K->476105K(779776K), 0.0112992 secs] [Times: user=0.06 sys=0.00, real=0.01 secs]
2325.749: [GC [PSYoungGen: 52224K->256K(58880K)] 528073K->476105K(779776K), 0.0112992 secs] [Times: user=0.06 sys=0.00, real=0.01 secs]
2325.749: [GC [PSYoungGen: 52224K->256K(58880K)] 528073K->476105K(779776K), 0.0112992 secs] [Times: user=0.06 sys=0.00, real=0.01 secs]
2325.749: [GC [PSYoungGen: 52224K->256K(58880K)] 528073K->476105K(779776K), 0.0112992 secs] [Times: user=0.06 sys=0.00, real=0.01 secs]
2325.749: [GC [PSYoungGen: 52224K->256K(58880K)] 528073K->476105K(779776K), 0.0112992 secs] [Times: user=0.06 sys=0.00, real=0.01 secs]
2325.749: [GC [PSYoungGen: 52224K->256K(58880K)] 528073K->476105K(779776K), 0.0112992 secs] [Times: user=0.06 sys=0.00, real=0.01 secs]
2325.749: [GC [PSYoungGen: 52224K->256K(58880K)] 528073K->476105K(779776K), 0.0112992 secs] [Times: user=0.06 sys=0.00, real=0.01 secs]
2325.749: [GC [PSYoungGen: 52224K->256K(58880K)] 528073K->476105K(779776K), 0.0112992 secs] [Times: user=0.06 sys=0.00, real=0.01 secs]
2325.749: [GC [PSYoungGen: 52224K->256K(58880K)] 528073K->476105K(779776K), 0.0112992 secs] [Times: user=0.06 sys=0.00, real=0.01 secs]
2325.749: [GC [PSYoungGen: 52224K->256K(58880K)] 528073K->476105K(779776K), 0.0112992 secs] [Times: user=0.06 sys=0.00, real=0.01 secs]
2325.749: [GC [PSYoungGen: 52224K->256K(58880K)] 528073K->476105K(779776K), 0.0112992 secs] [Times: user=0.06 sys=0.00, real=0.01 secs]
2325.749: [GC [PSYoungGen: 52224K->256K(58880K)] 528073K->476105K(779776K), 0.0112992 secs] [Times: user=0.06 sys=0.00, real=0.01 secs]
2325.749: [GC [PSYoungGen: 52224K->256K(58880K)] 528073K->476105K(779776K), 0.0112992 secs] [Times: user=0.06 sys=0.00, real=0.01 secs]
2325.749: [GC [PSYoungGen: 52224K->256K(58880K)] 528073K->476105K(779776K), 0.0112992 secs] [Times: user=0.06 sys=0.00, real=0.01 secs]
2325.749: [GC [PSYoungGen: 52224K->256K(58880K)] 528073K->476105K(779776K), 0.0112992 secs] [Times: user=0.06 sys=0.00, real=0.01 secs]
2325.749: [GC [PSYoungGen: 52224K->256K(58880K)] 528073K->476105K(779776K), 0.0112992 secs] [Times: user=0.06 sys=0.00, real=0.01 secs]
2325.749: [GC [PSYoungGen: 52224K->256K(58880K)] 528073K->476105K(779776K), 0.0112992 secs] [Times: user=0.06 sys=0.00, real=0.01 secs]
2325.749: [GC [PSYoungGen: 52224K->256K(58880K)] 528073K->476105K(779776K), 0.0112992 secs] [Times: user=0.06 sys=0.00, real=0.01 secs]
2325.749: [GC [PSYoungGen: 52224K->256K(58880K)] 528073K->476105K(779776K), 0.0112992 secs] [Times: user=0.06 sys=0.00, real=0.01 secs]
2325.749: [GC [PSYoungGen: 52224K->256K(58880K)] 528073K->476105K(779776K), 0.0112992 secs] [Times: user=0.06 sys=0.00, real=0.01 secs]
2325.749: [GC [PSYoungGen: 52224K->256K(58880K)] 528073K->476105K(779776K), 0.0112992 secs] [Times: user=0.06 sys=0.00, real=0.01 secs]
2325.749: [GC [PSYoungGen: 52224K->256K(58880K)] 528073K->476105K(779776K), 0.0112992 secs] [Times: user=0.06 sys=0.00, real=0.01 secs]
2325.749: [GC [PSYoungGen: 52224K->256K(58880K)] 528073K->476105K(779776K), 0.0112992 secs] [Times: user=0.06 sys=0.00, real=0.01 secs]
2325.749: [GC [PSYoungGen: 52224K->256K(58880K)] 528073K->476105K(779776K), 0.0112992 secs] [Times: user=0.06 sys=0.00, real=0.01 secs]
2325.749: [GC [PSYoungGen: 52224K->256K(58880K)] 528073K->476105K(779776K), 0.0112992 secs] [Times: user=0.06 sys=0.00, real=0.01 secs]
2325.749: [GC [PSYoungGen: 52224K->256K(58880K)] 528073K->476105K(779776K), 0.0112992 secs] [Times: user=0.06 sys=0.00, real=0.01 secs]
2325.749: [GC [PSYoungGen: 52224K->256K(58880K)] 528073K->476105K(779776K), 0.0112992 secs] [Times: user=0.06 sys=0.00, real=0.01 secs]
2325.749: [GC [PSYoungGen: 52224K->256K(58880K)] 528073K->476105K(779776K), 0.0112992 secs] [Times: user=0.06 sys=0.00, real=0.01 secs]
2325.749: [GC [PSYoungGen: 52224K->256K(58880K)] 528073K->476105K(779776K), 0.0112992 secs] [Times: user=0.06 sys=0.00, real=0.01 secs]
2325.749: [GC [PSYoungGen: 52224K->256K(58880K)] 528073K->476105K(779776K), 0.0112992 secs] [Times: user=0.06 sys=0.00, real=0.01 secs]
2325.749: [GC [PSYoungGen: 52224K->256K(58880K)] 528073K->476105K(779776K), 0.0112992 secs] [Times: user=0.06 sys=0.00, real=0.01 secs]
2325.749: [GC [PSYoungGen: 52224K->256K(58880K)] 528073K->476105K(779776K), 0.0112992 secs] [Times: user=0.06 sys=0.00, real=0.01 secs]
2325.749: [GC [PSYoungGen: 52224K->256K(58880K)] 528073K->476105K(779776K), 0.0112992 secs] [Times: user=0.06 sys=0.00, real=0.01 secs]
2325.749: [GC [PSYoungGen: 52224K->256K(58880K)] 528073K->476105K(779776K), 0.0112992 secs] [Times: user=0.06 sys=0.00, real=0.01 secs]
2325.749: [GC [PSYoungGen: 52224K->256K(58880K)] 528073K->476105K(779776K), 0.0112992 secs] [Times: user=0.06 sys=0.00, real=0.01 secs]
2325.749: [GC [PSYoungGen: 52224K->256K(58880K)] 528073K->476105K(779776K), 0.0112992 secs] [Times: user=0.06 sys=0.00, real=0.01 secs]
2325.749: [GC [PSYoungGen: 52224K->256K(58880K)] 528073K->476105K(779776K), 0.0112992 secs] [Times: user=0.06 sys=0.00, real=0.01 secs]
2325.749: [GC [PSYoungGen: 52224K->256K(58880K)] 528073K->476105K(779776K), 0.0112992 secs] [Times: user=0.06 sys=0.00, real=0.01 secs]
2325.749: [GC [PSYoungGen: 52224K->256K(58880K)] 528073K->476105K(779776K), 0.0112992 secs] [Times: user=0.06 sys=0.00, real=0.01 secs]
2325.749: [GC [PSYoungGen: 52224K->256K(58880K)] 528073K->476105K(779776K), 0.0112992 secs] [Times: user=0.06 sys=0.00, real=0.01 secs]
2325.749: [GC [PSYoungGen: 52224K->256K(58880K)] 528073K->476105K(779776K), 0.0112992 secs] [Times: user=0.06 sys=0.00, real=0.01 secs]
2325.749: [GC [PSYoungGen: 52224K->256K(58880K)] 528073K->476105K(779776K), 0.0112992 secs] [Times: user=0.06 sys=0.00, real=0.01 secs]
2325.749: [GC [PSYoungGen: 52224K->256K(58880K)] 528073K->476105K(779776K), 0.0112992 secs] [Times: user=0.06 sys=0.00, real=0.01 secs]
2325.749: [GC [PSYoungGen: 52224K->256K(58880K)] 528073K->476105K(779776K), 0.0112992 secs] [Times: user=0.06 sys=0.00, real=0.01 secs]
2325.749: [GC [PSYoungGen: 52224K->256K(58880K)] 528073K->476105K(779776K), 0.0112992 secs] [Times: user=0.06 sys=0.00, real=0.01 secs]
2325.749: [GC [PSYoungGen: 52224K->256K(58880K)] 528073K->476105K(779776K), 0.0112992 secs] [Times: user=0.06 sys=0.00, real=0.01 secs]
2325.749: [GC [PSYoungGen: 52224K->256K(58880K)] 528073K->476105K(779776K), 0.0112992 secs] [Times: user=0.06 sys=0.00, real=0.01 secs]
2325.749: [GC [PSYoungGen: 52224K->256K(58880K)] 528073K->476105K(779776K), 0.0112992 secs] [Times: user=0.06 sys=0.00, real=0.01 secs]
2325.749: [GC [PSYoungGen: 52224K->256K(58880K)] 528073K->476105K(779776K), 0.0112992 secs] [Times: user=0.06 sys=0.00, real=0.01 secs]
2325.749: [GC [PSYoungGen: 52224K->256K(58880K)] 528073K->476105K(779776K), 0.0112992 secs] [Times: user=0.06 sys=0.00, real=0.01 secs]
2325.749: [GC [PSYoungGen: 52224K->256K(58880K)] 528073K->476105K(779776K), 0.0112992 secs] [Times: user=0.06 sys=0.00, real=0.01 secs]
2325.749: [GC [PSYoungGen: 52224K->256K(58880K)] 528073K->476105K(779776K), 0.0112992 secs] [Times: user=0.06 sys=0.00, real=0.01 secs]
2325.749: [GC [PSYoungGen: 52224K->256K(58880K)] 528073K->476105K(779776K), 0.0112992 secs] [Times: user=0.06 sys=0.00, real=0.01 secs]
2325.749: [GC [PSYoungGen: 52224K->256K(58880K)] 528073K->476105K(779776K), 0.0112992 secs] [Times: user=0.06 sys=0.00, real=0.01 secs]
2325.749: [GC [PSYoungGen: 52224K->256K(58880K)] 528073K->476105K(779776K), 0.0112992 secs] [Times: user=0.06 sys=0.00, real=0.01 secs]
2325.749: [GC [PSYoungGen: 52224K->256K(58880K)] 528073K->476105K(779776K), 0.0112992 secs] [Times: user=0.06 sys=0.00, real=0.01 secs]
2325.749: [GC [PSYoungGen: 52224K->256K(58880K)] 528073K->476105K(779776K), 0.0112992 secs] [Times: user=0.06 sys=0.00, real=0.01 secs]
2325.749: [GC [PSYoungGen: 52224K->256K(58880K)] 528073K->476105K(779776K), 0.0112992 secs] [Times: user=0.06 sys=0.00, real=0.01 secs]
2325.749: [GC [PSYoungGen: 52224K->256K(58880K)] 528073K->476105K(779776K), 0.0112992 secs] [Times: user=0.06 sys=0.00, real=0.01 secs]
2325.749: [GC [PSYoungGen: 52224K->256K(58880K)] 528073K->476105K(779776K), 0.0112992 secs] [Times: user=0.06 sys=0.00, real=0.01 secs]
2325.749: [GC [PSYoungGen: 52224K->256K(58880K)] 528073K->476105K(779776K), 0.0112992 secs] [Times: user=0.06 sys=0.00, real=0.01 secs]
2325.749: [GC [PSYoungGen: 52224K->256K(58880K)] 528073K->476105K(779776K), 0.0112992 secs] [Times: user=0.06 sys=0.00, real=0.01 secs]
2325.749: [GC [PSYoungGen: 52224K->256K(58880K)] 528073K->476105K(779776K), 0.0112992 secs] [Times: user=0.06 sys=0.00, real=0.01 secs]
2325.749: [GC [PSYoungGen: 52224K->256K(58880K)] 528073K->476105K(779776K), 0.0112992 secs] [Times: user=0.06 sys=0.00, real=0.01 secs]
2325.749: [GC [PSYoungGen: 52224K->256K(58880K)] 528073K->476105K(779776K), 0.0112992 secs] [Times: user=0.06 sys=0.00, real=0.01 secs]
2325.749: [GC [PSYoungGen: 52224K->256K(58880K)] 528073K->476105K(779776K), 0.0112992 secs] [Times: user=0.06 sys=0.00, real=0.01 secs]
2325.749: [GC [PSYoungGen: 52224K->256K(58880K)] 528073K->476105K(779776K), 0.0112992 secs] [Times: user=0.06 sys=0.00, real=0.01 secs]
2325.749: [GC [PSYoungGen: 52224K->256K(58880K)] 528073K->476105K(779776K), 0.0112992 secs] [Times: user=0.06 sys=0.00, real=0.01 secs]
2325.749: [GC [PSYoungGen: 52224K->256K(58880K)] 528073K->476105K(779776K), 0.0112992 secs] [Times: user=0.06 sys=0.00, real=0.01 secs]
2325.749: [GC [PSYoungGen: 52224K->256K(58880K)] 528073K->476105K(779776K), 0.0112992 secs] [Times: user=0.06 sys=0.00, real=0.01 secs]
2325.749: [GC [PSYoungGen: 52224K->256K(58880K)] 528073K->476105K(779776K), 0.0112992 secs] [Times: user=0.06 sys=0.00, real=0.01 secs]
2325.749: [GC [PSYoungGen: 52224K->256K(58880K)] 528073K->476105K(779776K), 0.0112992 secs] [Times: user=0.06 sys=0.00, real=0.01 secs]
2325.749: [GC [PSYoungGen: 52224K->256K(58880K)] 528073K->476105K(779776K), 0.0112992 secs] [Times: user=0.06 sys=0.00, real=0.01 secs]
2325.749: [GC [PSYoungGen: 52224K->256K(58880K)] 528073K->476105K(779776K), 0.0112992 secs] [Times: user=0.06 sys=0.00, real=0.01 secs]
2325.749: [GC [PSYoungGen: 52224K->256K(58880K)] 528073K->476105K(779776K), 0.0112992 secs] [Times: user=0.06 sys=0.00, real=0.01 secs]
2325.749: [GC [PSYoungGen: 52224K->256K(58880K)] 528073K->476105K(779776K), 0.0112992 secs] [Times: user=0.06 sys=0.00, real=0.01 secs]
2325.749: [GC [PSYoungGen: 52224K->256K(58880K)] 528073K->476105K(779776K), 0.0112992 secs] [Times: user=0.06 sys=0.00, real=0.01 secs]
2325.749: [GC [PSYoungGen: 52224K->256K(58880K)] 528073K->476105K(779776K), 0.0112992 secs] [Times: user=0.06 sys=0.00, real=0.01 secs]
2325.749: [GC [PSYoungGen: 52224K->256K(58880K)] 528073K->476105K(779776K), 0.0112992 secs] [Times: user=0.06 sys=0.00, real=0.01 secs]
2325.749: [GC [PSYoungGen: 52224K->256K(58880K)] 528073K->476105K(779776K), 0.0112992 secs] [Times: user=0.06 sys=0.00, real=0.01 secs]
2325.749: [GC [PSYoungGen: 52224K->256K(58880K)] 528073K->476105K(779776K), 0.0112992 secs] [Times: user=0.06 sys=0.00, real=0.01 secs]
2325.749: [GC [PSYoungGen: 52224K->256K(58880K)] 528073K->476105K(779776K), 0.0112992 secs] [Times: user=0.06 sys=0.00, real=0.01 secs]
2325.749: [GC [PSYoungGen: 52224K->256K(58880K)] 528073K->476105K(779776K), 0.0112992 secs] [Times: user=0.06 sys=0.00, real=0.01 secs]
2325.749: [GC [PSYoungGen: 52224K->256K(58880K)] 528073K->476105K(779776K), 0.0112992 secs] [Times: user=0.06 sys=0.00, real=0.01 secs]
2325.749: [GC [PSYoungGen: 52224K->256K(58880K)] 528073K->476105K(779776K), 0.0112992 secs] [Times: user=0.06 sys=0.00, real=0.01 secs]
2325.749: [GC [PSYoungGen: 52224K->256K(58880K)] 528073K->476105K(779776K), 0.0112992 secs] [Times: user=0.06 sys=0.00, real=0.01 secs]
2325.749: [GC [PSYoungGen: 52224K->256K(58880K)] 528073K->476105K(779776K), 0.0112992 secs] [Times: user=0.06 sys=0.00, real=0.01 secs]
2325.749: [GC [PSYoungGen: 52224K->256K(58880K)] 528073K->476105K(779776K), 0.0112992 secs] [Times: user=0.06 sys=0.00, real=0.01 secs]
2325.749: [GC [PSYoungGen: 52224K->256K(58880K)] 528073K->476105K(779776K), 0.0112992 secs] [Times: user=0.06 sys=0.00, real=0.01 secs]
2325.749: [GC [PSYoungGen: 52224K->256K(58880K)] 528073K->476105K(779776K), 0.0112992 secs] [Times: user=0.06 sys=0.00, real=0.01 secs]
2325.749: [GC [PSYoungGen: 52224K->256K(58880K)] 528073K->476105K(779776K), 0.0112992 secs] [Times: user=0.06 sys=0.00, real=0.01 secs]
2325.749: [GC [PSYoungGen: 52224K->256K(58880K)] 528073K->476105K(779776K), 0.0112992 secs] [Times: user=0.06 sys=0.00, real=0.01 secs]
2325.749: [GC [PSYoungGen: 52224K->256K(58880K)] 528073K->476105K(779776K), 0.0112992 secs] [Times: user=0.06 sys=0.00, real=0.01 secs]
2325.749: [GC [PSYoungGen: 52224K->256K(58880K)] 528073K->476105K(779776K), 0.0112992 secs] [Times: user=0.06 sys=0.00, real=0.01 secs]
2325.749: [GC [PSYoungGen: 52224K->256K(58880K)] 528073K->476105K(779776K), 0.0112992 secs] [Times: user=0.06 sys=0.00, real=0.01 secs]
2325.749: [GC [PSYoungGen: 52224K->256K(58880K)] 528073K->476105K(779776K), 0.0112992 secs] [Times: user=0.06 sys=0.00, real=0.01 secs]
2325.749: [GC [PSYoungGen: 52224K->256K(58880K)] 528073K->476105K(779776K), 0.0112992 secs] [Times: user=0.06 sys=0.00, real=0.01 secs]
2325.749: [GC [PSYoungGen: 52224K->256K(58880K)] 528073K->476105K(779776K), 0.0112992 secs] [Times: user=0.06 sys=0.00, real=0.01 secs]
2325.749: [GC [PSYoungGen: 52224K->256K(58880K)] 528073K->476105K(779776K), 0.0112992 secs] [Times: user=0.06 sys=0.00, real=0.01 secs]
2325.749: [GC [PSYoungGen: 52224K->256K(58880K)] 528073K->476105K(779776K), 0.0112992 secs] [Times: user=0.06 sys=0.00, real=0.01 secs]
2325.749: [GC [PSYoungGen: 52224K->256K(58880K)] 528073K->476105K(779776K), 0.0112992 secs] [Times: user=0.06 sys=0.00, real=0.01 secs]
2325.749: [GC [PSYoungGen: 52224K->256K(58880K)] 528073K->476105K(779776K), 0.0112992 secs] [Times: user=0.06 sys=0.00, real=0.01 secs]
2325.749: [GC [PSYoungGen: 52224K->256K(58880K)] 528073K->476105K(779776K), 0.0112992 secs] [Times: user=0.06 sys=0.00, real=0.01 secs]
2325.749: [GC [PSYoungGen: 52224K->256K(58880K)] 528073K->476105K(779776K), 0.0112992 secs] [Times: user=0.06 sys=0.00, real=0.01 secs]
2325.749: [GC [PSYoungGen: 52224K->256K(58880K)] 528073K->476105K(779776K), 0.0112992 secs] [Times: user=0.06 sys=0.00, real=0.01 secs]
2325.749: [GC [PSYoungGen: 52224K->256K(58880K)] 528073K->476105K(779776K), 0.0112992 secs] [Times: user=0.06 sys=0.00, real=0.01 secs]
2325.749: [GC [PSYoungGen: 52224K->256K(58880K)] 528073K->476105K(779776K), 0.0112992 secs] [Times: user=0.06 sys=0.00, real=0.01 secs]
2325.749: [GC [PSYoungGen: 52224K->256K(58880K)] 528073K->476105K(779776K), 0.0112992 secs] [Times: user=0.06 sys=0.00, real=0.01 secs]
2325.749: [GC [PSYoungGen: 52224K->256K(58880K)] 528073K->476105K(779776K), 0.0112992 secs] [Times: user=0.06 sys=0.00, real=0.01 secs]
2325.749: [GC [PSYoungGen: 52224K->256K(58880K)] 528073K->476105K(779776K), 0.0112992 secs] [Times: user=0.06 sys=0.00, real=0.01 secs]
2325.749: [GC [PSYoungGen: 52224K->256K(58880K)] 528073K->476105K(779776K), 0.0112992 secs] [Times: user=0.06 sys=0.00, real=0.01 secs]
2325.749: [GC [PSYoungGen: 52224K->256K(58880K)] 528073K->476105K(779776K), 0.0112992 secs] [Times: user=0.06 sys=0.00, real=0.01 secs]
2325.749: [GC [PSYoungGen: 52224K->256K(58880K)] 528073K->476105K(779776K), 0.0112992 secs] [Times: user=0.06 sys=0.00, real=0.01 secs]
2325.749: [GC [PSYoungGen: 52224K->256K(58880K)] 528073K->476105K(779776K), 0.0112992 secs] [Times: user=0.06 sys=0.00, real=0.01 secs]
2325.749: [GC [PSYoungGen: 52224K->256K(58880K)] 528073K->476105K(779776K), 0.0112992 secs] [Times: user=0.06 sys=0.00, real=0.01 secs]
2325.749: [GC [PSYoungGen: 52224K->256K(58880K)] 528073K->476105K(779776K), 0.0112992 secs] [Times: user=0.06 sys=0.00, real=0.01 secs]
2325.749: [GC [PSYoungGen: 52224K->256K(58880K)] 528073K->476105K(779776K), 0.0112992 secs] [Times: user=0.06 sys=0.00, real=0.01 secs]
2325.749: [GC [PSYoungGen: 52224K->256K(58880K)] 528073K->476105K(779776K), 0.0112992 secs] [Times: user=0.06 sys=0.00, real=0.01 secs]
2325.749: [GC [PSYoungGen: 52224K->256K(58880K)] 528073K->476105K(779776K), 0.0112992 secs] [Times: user=0.06 sys=0.00, real=0.01 secs]
2325.749: [GC [PSYoungGen: 52224K->256K(58880K)] 528073K->476105K(779776K), 0.0112992 secs] [Times: user=0.06 sys=0.00, real=0.01 secs]
2325.749: [GC [PSYoungGen: 52224K->256K(58880K)] 528073K->476105K(779776K), 0.0112992 secs] [Times: user=0.06 sys=0.00, real=0.01 secs]
2325.749: [GC [PSYoungGen: 52224K->256K(58880K)] 528073K->476105K(779776K), 0.0112992 secs] [Times: user=0.06 sys=0.00, real=0.01 secs]
2325.749: [GC [PSYoungGen: 52224K->256K(58880K)] 528073K->476105K(779776K), 0.0112992 secs] [Times: user=0.06 sys=0.00, real=0.01 secs]
2325.749: [GC [PSYoungGen: 52224K->256K(58880K)] 528073K->476105K(779776K), 0.0112992 secs] [Times: user=0.06 sys=0.00, real=0.01 secs]
2325.749: [GC [PSYoungGen: 52224K->256K(58880K)] 528073K->476105K(779776K), 0.0112992 secs] [Times: user=0.06 sys=0.00, real=0.01 secs]
2325.749: [GC [PSYoungGen: 52224K->256K(58880K)] 528073K->476105K(779776K), 0.0112992 secs] [Times: user=0.06 sys=0.00, real=0.01 secs]
2325.749: [GC [PSYoungGen: 52224K->256K(58880K)] 528073K->476105K(779776K), 0.0112992 secs] [Times: user=0.06 sys=0.00, real=0.01 secs]
2325.749: [GC [PSYoungGen: 52224K->256K(58880K)] 528073K->476105K(779776K), 0.0112992 secs] [Times: user=0.06 sys=0.00, real=0.01 secs]
2325.749: [GC [PSYoungGen: 52224K->256K(58880K)] 528073K->476105K(779776K), 0.0112992 secs] [Times: user=0.06 sys=0.00, real=0.01 secs]
2325.749: [GC [PSYoungGen: 52224K->256K(58880K)] 528073K->476105K(779776K), 0.0112992 secs] [Times: user=0.06 sys=0.00, real=0.01 secs]
2325.749: [GC [PSYoungGen: 52224K->256K(58880K)] 528073K->476105K(779776K), 0.0112992 secs] [Times: user=0.06 sys=0.00, real=0.01 secs]
2325.749: [GC [PSYoungGen: 52224K->256K(58880K)] 528073K->476105K(779776K), 0.0112992 secs] [Times: user=0.06 sys=0.00, real=0.01 secs]
2325.749: [GC [PSYoungGen: 52224K->256K(58880K)] 528073K->476105K(779776K), 0.0112992 secs] [Times: user=0.06 sys=0.00, real=0.01 secs]
2325.749: [GC [PSYoungGen: 52224K->256K(58880K)] 528073K->476105K(779776K), 0.0112992 secs] [Times: user=0.06 sys=0.00, real=0.01 secs]
2325.749: [GC [PSYoungGen: 52224K->256K(58880K)] 528073K->476105K(779776K), 0.0112992 secs] [Times: user=0.06 sys=0.00, real=0.01 secs]
2325.749: [GC [PSYoungGen: 52224K->256K(58880K)] 528073K->476105K(779776K), 0.0112992 secs] [Times: user=0.06 sys=0.00, real=0.01 secs]
2325.749: [GC [PSYoungGen: 52224K->256K(58880K)] 528073K->476105K(779776K), 0.0112992 secs] [Times: user=0.06 sys=0.00, real=0.01 secs]
2325.749: [GC [PSYoungGen: 52224K->256K(58880K)] 528073K->476105K(779776K), 0.0112992 secs] [Times: user=0.06 sys=0.00, real=0.01 secs]
2325.749: [GC [PSYoungGen: 52224K->256K(58880K)] 528073K->476105K(779776K), 0.0112992 secs] [Times: user=0.06 sys=0.00, real=0.01 secs]
2325.749: [GC [PSYoungGen: 52224K->256K(58880K)] 528073K->476105K(779776K), 0.0112992 secs] [Times: user=0.06 sys=0.00, real=0.01 secs]
2325.749: [GC [PSYoungGen: 52224K->256K(58880K)] 528073K->476105K(779776K), 0.0112992 secs] [Times: user=0.06 sys=0.00, real=0.01 secs]
2325.749: [GC [PSYoungGen: 52224K->256K(58880K)] 528073K->476105K(779776K), 0.0112992 secs] [Times: user=0.06 sys=0.00, real=0.01 secs]
2325.749: [GC [PSYoungGen: 52224K->256K(58880K)] 528073K->476105K(779776K), 0.0112992 secs] [Times: user=0.06 sys=0.00, real=0.01 secs]
2325.749: [GC [PSYoungGen: 52224K->256K(58880K)] 528073K->476105K(779776K), 0.0112992 secs] [Times: user=0.06 sys=0.00, real=0.01 secs]
2325.749: [GC [PSYoungGen: 52224K->256K(58880K)] 528073K->476105K(779776K), 0.0112992 secs] [Times: user=0.06 sys=0.00, real=0.01 secs]
2325.749: [GC [PSYoungGen: 52224K->256K(58880K)] 528073K->476105K(779776K), 0.0112992 secs] [Times: user=0.06 sys=0.00, real=0.01 secs]
2325.749: [GC [PSYoungGen: 52224K->256K(58880K)] 528073K->476105K(779776K), 0.0112992 secs] [Times: user=0.06 sys=0.00, real=0.01 secs]
2325.749: [GC [PSYoungGen: 52224K->256K(58880K)] 528073K->476105K(779776K), 0.0112992 secs] [Times: user=0.06 sys=0.00, real=0.01 secs]
2325.749: [GC [PSYoungGen: 52224K->256K(58880K)] 528073K->476105K(779776K), 0.0112992 secs] [Times: user=0.06 sys=0.00, real=0.01 secs]
2325.749: [GC [PSYoungGen: 52224K->256K(58880K)] 528073K->476105K(779776K), 0.0112992 secs] [Times: user=0.06 sys=0.00, real=0.01 secs]
2325.749: [GC [PSYoungGen: 52224K->256K(58880K)] 528073K->476105K(779776K), 0.0112992 secs] [Times: user=0.06 sys=0.00, real=0.01 secs]
2325.749: [GC [PSYoungGen: 52224K->256K(58880K)] 528073K->476105K(779776K), 0.0112992 secs] [Times: user=0.06 sys=0.00, real=0.01 secs]
2325.749: [GC [PSYoungGen: 52224K->256K(58880K)] 528073K->476105K(779776K), 0.0112992 secs] [Times: user=0.06 sys=0.00, real=0.01 secs]
2325.749: [GC [PSYoungGen: 52224K->256K(58880K)] 528073K->476105K(779776K), 0.0112992 secs] [Times: user=0.06 sys=0.00, real=0.01 secs]
2325.749: [GC [PSYoungGen: 52224K->256K(58880K)] 528073K->476105K(779776K), 0.0112992 secs] [Times: user=0.06 sys=0.00, real=0.01 secs]
2325.749: [GC [PSYoungGen: 52224K->256K(58880K)] 528073K->476105K(779776K), 0.0112992 secs] [Times: user=0.06 sys=0.00, real=0.01 secs]
2325.749: [GC [PSYoungGen: 52224K->256K(58880K)] 528073K->476105K(779776K), 0.0112992 secs] [Times: user=0.06 sys=0.00, real=0.01 secs]
2325.749: [GC [PSYoungGen: 52224K->256K(58880K)] 528073K->476105K(779776K), 0.0112992 secs] [Times: user=0.06 sys=0.00, real=0.01 secs]
2325.749: [GC [PSYoungGen: 52224K->256K(58880K)] 528073K->476105K(779776K), 0.0112992 secs] [Times: user=0.06 sys=0.00, real=0.01 secs]
2325.749: [GC [PSYoungGen: 52224K->256K(58880K)] 528073K->476105K(779776K), 0.0112992 secs] [Times: user=0.06 sys=0.00, real=0.01 secs]
2325.749: [GC [PSYoungGen: 52224K->256K(58880K)] 528073K->476105K(779776K), 0.0112992 secs] [Times: user=0.06 sys=0.00, real=0.01 secs]
2325.749: [GC [PSYoungGen: 52224K->256K(58880K)] 528073K->476105K(779776K), 0.0112992 secs] [Times: user=0.06 sys=0.00, real=0.01 secs]
2325.749: [GC [PSYoungGen: 52224K->256K(58880K)] 528073K->476105K(779776K), 0.0112992 secs] [Times: user=0.06 sys=0.00, real=0.01 secs]
2325.749: [GC [PSYoungGen: 52224K->256K(58880K)] 528073K->476105K(779776K), 0.0112992 secs] [Times: user=0.06 sys=0.00, real=0.01 secs]
2325.749: [GC [PSYoungGen: 52224K->256K(58880K)] 528073K->476105K(779776K), 0.0112992 secs] [Times: user=0.06 sys=0.00, real=0.01 secs]
2325.749: [GC [PSYoungGen: 52224K->256K(58880K)] 528073K->476105K(779776K), 0.0112992 secs] [Times: user=0.06 sys=0.00, real=0.01 secs]
2325.749: [GC [PSYoungGen: 52224K->256K(58880K)] 528073K->476105K(779776K), 0.0112992 secs] [Times: user=0.06 sys=0.00, real=0.01 secs]
2325.749: [GC [PSYoungGen: 52224K->256K(58880K)] 528073K->476105K(779776K), 0.0112992 secs] [Times: user=0.06 sys=0.00, real=0.01 secs]
2325.749: [GC [PSYoungGen: 52224K->256K(58880K)] 528073K->476105K(779776K), 0.0112992 secs] [Times: user=0.06 sys=0.00, real=0.01 secs]
2325.749: [GC [PSYoungGen: 52224K->256K(58880K)] 528073K->476105K(779776K), 0.0112992 secs] [Times: user=0.06 sys=0.00, real=0.01 secs]
2325.749: [GC [PSYoungGen: 52224K->256K(58880K)] 528073K->476105K(779776K), 0.0112992 secs] [Times: user=0.06 sys=0.00, real=0.01 secs]
2325.749: [GC [PSYoungGen: 52224K->256K(58880K)] 528073K->476105K(779776K), 0.0112992 secs] [Times: user=0.06 sys=0.00, real=0.01 secs]
2325.749: [GC [PSYoungGen: 52224K->256K(58880K)] 528073K->476105K(779776K), 0.0112992 secs] [Times: user=0.06 sys=0.00, real=0.01 secs]
2325.749: [GC [PSYoungGen: 52224K->256K(58880K)] 528073K->476105K(779776K), 0.0112992 secs] [Times: user=0.06 sys=0.00, real=0.01 secs]
2325.749: [GC [PSYoungGen: 52224K->256K(58880K)] 528073K->476105K(779776K), 0.0112992 secs] [Times: user=0.06 sys=0.00, real=0.01 secs]
2325.749: [GC [PSYoungGen: 52224K->256K(58880K)] 528073K->476105K(779776K), 0.0112992 secs] [Times: user=0.06 sys=0.00, real=0.01 secs]
2325.749: [GC [PSYoungGen: 52224K->256K(58880K)] 528073K->476105K(779776K), 0.0112992 secs] [Times: user=0.06 sys=0.00, real=0.01 secs]
2325.749: [GC [PSYoungGen: 52224K->256K(58880K)] 528073K->476105K(779776K), 0.0112992 secs] [Times: user=0.06 sys=0.00, real=0.01 secs]
2325.749: [GC [PSYoungGen: 52224K->256K(58880K)] 528073K->476105K(779776K), 0.0112992 secs] [Times: user=0.06 sys=0.00, real=0.01 secs]
2325.749: [GC [PSYoungGen: 52224K->256K(58880K)] 528073K->476105K(779776K), 0.0112992 secs] [Times: user=0.06 sys=0.00, real=0.01 secs]
2325.749: [GC [PSYoungGen: 52224K->256K(58880K)] 528073K->476105K(779776K), 0.0112992 secs] [Times: user=0.06 sys=0.00, real=0.01 secs]
2325.749: [GC [PSYoungGen: 52224K->256K(58880K)] 528073K->476105K(779776K), 0.0112992 secs] [Times: user=0.06 sys=0.00, real=0.01 secs]
2325.749: [GC [PSYoungGen: 52224K->256K(58880K)] 528073K->476105K(779776K), 0.0112992 secs] [Times: user=0.06 sys=0.00, real=0.01 secs]
2325.749: [GC [PSYoungGen: 52224K->256K(58880K)] 528073K->476105K(779776K), 0.0112992 secs] [Times: user=0.06 sys=0.00, real=0.01 secs]
2325.749: [GC [PSYoungGen: 52224K->256K(58880K)] 528073K->476105K(779776K), 0.0112992 secs] [Times: user=0.06 sys=0.00, real=0.01 secs]
2325.749: [GC [PSYoungGen: 52224K->256K(58880K)] 528073K->476105K(779776K), 0.0112992 secs] [Times: user=0.06 sys=0.00, real=0.01 secs]
2325.749: [GC [PSYoungGen: 52224K->256K(58880K)] 528073K->476105K(779776K), 0.0112992 secs] [Times: user=0.06 sys=0.00, real=0.01 secs]
2325.749: [GC [PSYoungGen: 52224K->256K(58880K)] 528073K->476105K(779776K), 0.0112992 secs] [Times: user=0.06 sys=0.00, real=0.01 secs]
2325.749: [GC [PSYoungGen: 52224K->256K(58880K)] 528073K->476105K(779776K), 0.0112992 secs] [Times: user=0.06 sys=0.00, real=0.01 secs]
2325.749: [GC [PSYoungGen: 52224K->256K(58880K)] 528073K->476105K(779776K), 0.0112992 secs] [Times: user=0.06 sys=0.00, real=0.01 secs]
2325.749: [GC [PSYoungGen: 52224K->256K(58880K)] 528073K->476105K(779776K), 0.0112992 secs] [Times: user=0.06 sys=0.00, real=0.01 secs]
2325.749: [GC [PSYoungGen: 52224K->256K(58880K)] 528073K->476105K(779776K), 0.0112992 secs] [Times: user=0.06 sys=0.00, real=0.01 secs]
2325.749: [GC [PSYoungGen: 52224K->256K(58880K)] 528073K->476105K(779776K), 0.0112992 secs] [Times: user=0.06 sys=0.00, real=0.01 secs]
2325.749: [GC [PSYoungGen: 52224K->256K(58880K)] 528073K->476105K(779776K), 0.0112992 secs] [Times: user=0.06 sys=0.00, real=0.01 secs]
2325.749: [GC [PSYoungGen: 52224K->256K(58880K)] 528073K->476105K(779776K), 0.0112992 secs] [Times: user=0.06 sys=0.00, real=0.01 secs]
2325.749: [GC [PSYoungGen: 52224K->256K(58880K)] 528073K->476105K(779776K), 0.0112992 secs] [Times: user=0.06 sys=0.00, real=0.01 secs]
2325.749: [GC [PSYoungGen: 52224K->256K(58880K)] 528073K->476105K(779776K), 0.0112992 secs] [Times: user=0.06 sys=0.00, real=0.01 secs]
2325.749: [GC [PSYoungGen: 52224K->256K(58880K)] 528073K->476105K(779776K), 0.0112992 secs] [Times: user=0.06 sys=0.00, real=0.01 secs]
2325.749: [GC [PSYoungGen: 52224K->256K(58880K)] 528073K->476105K(779776K), 0.0112992 secs] [Times: user=0.06 sys=0.00, real=0.01 secs]
2325.749: [GC [PSYoungGen: 52224K->256K(58880K)] 528073K->476105K(779776K), 0.0112992 secs] [Times: user=0.06 sys=0.00, real=0.01 secs]
2325.749: [GC [PSYoungGen: 52224K->256K(58880K)] 528073K->476105K(779776K), 0.0112992 secs] [Times: user=0.06 sys=0.00, real=0.01 secs]
2325.749: [GC [PSYoungGen: 52224K->256K(58880K)] 528073K->476105K(779776K), 0.0112992 secs] [Times: user=0.06 sys=0.00, real=0.01 secs]
2325.749: [GC [PSYoungGen: 52224K->256K(58880K)] 528073K->476105K(779776K), 0.0112992 secs] [Times: user=0.06 sys=0.00, real=0.01 secs]
2325.749: [GC [PSYoungGen: 52224K->256K(58880K)] 528073K->476105K(779776K), 0.0112992 secs] [Times: user=0.06 sys=0.00, real=0.01 secs]
2325.749: [GC [PSYoungGen: 52224K->256K(58880K)] 528073K->476105K(779776K), 0.0112992 secs] [Times: user=0.06 sys=0.00, real=0.01 secs]
2325.749: [GC [PSYoungGen: 52224K->256K(58880K)] 528073K->476105K(779776K), 0.0112992 secs] [Times: user=0.06 sys=0.00, real=0.01 secs]
2325.749: [GC [PSYoungGen: 52224K->256K(58880K)] 528073K->476105K(779776K), 0.0112992 secs] [Times: user=0.06 sys=0.00, real=0.01 secs]
2325.749: [GC [PSYoungGen: 52224K->256K(58880K)] 528073K->476105K(779776K), 0.0112992 secs] [Times: user=0.06 sys=0.00, real=0.01 secs]
2325.749: [GC [PSYoungGen: 52224K->256K(58880K)] 528073K->476105K(779776K), 0.0112992 secs] [Times: user=0.06 sys=0.00, real=0.01 secs]
2325.749: [GC [PSYoungGen: 52224K->256K(58880K)] 528073K->476105K(779776K), 0.0112992 secs] [Times: user=0.06 sys=0.00, real=0.01 secs]
2325.749: [GC [PSYoungGen: 52224K->256K(58880K)] 528073K->476105K(779776K), 0.0112992 secs] [Times: user=0.06 sys=0.00, real=0.01 secs]
2325.749: [GC [PSYoungGen: 52224K->256K(58880K)] 528073K->476105K(779776K), 0.0112992 secs] [Times: user=0.06 sys=0.00, real=0.01 secs]
2325.749: [GC [PSYoungGen: 52224K->256K(58880K)] 528073K->476105K(779776K), 0.0112992 secs] [Times: user=0.06 sys=0.00, real=0.01 secs]
2325.749: [GC [PSYoungGen: 52224K->256K(58880K)] 528073K->476105K(779776K), 0.0112992 secs] [Times: user=0.06 sys=0.00, real=0.01 secs]
2325.749: [GC [PSYoungGen: 52224K->256K(58880K)] 528073K->476105K(779776K), 0.0112992 secs] [Times: user=0.06 sys=0.00, real=0.01 secs]
2325.749: [GC [PSYoungGen: 52224K->256K(58880K)] 528073K->476105K(779776K), 0.0112992 secs] [Times: user=0.06 sys=0.00, real=0.01 secs]
2325.749: [GC [PSYoungGen: 52224K->256K(58880K)] 528073K->476105K(779776K), 0.0112992 secs] [Times: user=0.06 sys=0.00, real=0.01 secs]
2325.749: [GC [PSYoungGen: 52224K->256K(58880K)] 528073K->476105K(779776K), 0.0112992 secs] [Times: user=0.06 sys=0.00, real=0.01 secs]
2325.749: [GC [PSYoungGen: 52224K->256K(58880K)] 528073K->476105K(779776K), 0.0112992 secs] [Times: user=0.06 sys=0.00, real=0.01 secs]
2325.749: [GC [PSYoungGen: 52224K->256K(58880K)] 528073K->476105K(779776K), 0.0112992 secs] [Times: user=0.06 sys=0.00, real=0.01 secs]
2325.749: [GC [PSYoungGen: 52224K->256K(58880K)] 528073K->476105K(779776K), 0.0112992 secs] [Times: user=0.06 sys=0.00, real=0.01 secs]
2325.749: [GC [PSYoungGen: 52224K->256K(58880K)] 528073K->476105K(779776K), 0.0112992 secs] [Times: user=0.06 sys=0.00, real=0.01 secs]
2325.749: [GC [PSYoungGen: 52224K->256K(58880K)] 528073K->476105K(779776K), 0.0112992 secs] [Times: user=0.06 sys=0.00, real=0.01 secs]
2325.749: [GC [PSYoungGen: 52224K->256K(58880K)] 528073K->476105K(779776K), 0.0112992 secs] [Times: user=0.06 sys=0.00, real=0.01 secs]
2325.749: [GC [PSYoungGen: 52224K->256K(58880K)] 528073K->476105K(779776K), 0.0112992 secs] [Times: user=0.06 sys=0.00, real=0.01 secs]
2325.749: [GC [PSYoungGen: 52224K->256K(58880K)] 528073K->476105K(779776K), 0.0112992 secs] [Times: user=0.06 sys=0.00, real=0.01 secs]
2325.749: [GC [PSYoungGen: 52224K->256K(58880K)] 528073K->476105K(779776K), 0.0112992 secs] [Times: user=0.06 sys=0.00, real=0.01 secs]
2325.749: [GC [PSYoungGen: 52224K->256K(58880K)] 528073K->476105K(779776K), 0.0112992 secs] [Times: user=0.06 sys=0.00, real=0.01 secs]
2325.749: [GC [PSYoungGen: 52224K->256K(58880K)] 528073K->476105K(779776K), 0.0112992 secs] [Times: user=0.06 sys=0.00, real=0.01 secs]
2325.749: [GC [PSYoungGen: 52224K->256K(58880K)] 528073K->476105K(779776K), 0.0112992 secs] [Times: user=0.06 sys=0.00, real=0.01 secs]
2325.749: [GC [PSYoungGen: 52224K->256K(58880K)] 528073K->476105K(779776K), 0.0112992 secs] [Times: user=0.06 sys=0.00, real=0.01 secs]
2325.749: [GC [PSYoungGen: 52224K->256K(58880K)] 528073K->476105K(779776K), 0.0112992 secs] [Times: user=0.06 sys=0.00, real=0.01 secs]
2325.749: [GC [PSYoungGen: 52224K->256K(58880K)] 528073K->476105K(779776K), 0.0112992 secs] [Times: user=0.06 sys=0.00, real=0.01 secs]
2325.749: [GC [PSYoungGen: 52224K->256K(58880K)] 528073K->476105K(779776K), 0.0112992 secs] [Times: user=0.06 sys=0.00, real=0.01 secs]
2325.749: [GC [PSYoungGen: 52224K->256K(58880K)] 528073K->476105K(779776K), 0.0112992 secs] [Times: user=0.06 sys=0.00, real=0.01 secs]
2325.749: [GC [PSYoungGen: 52224K->256K(58880K)] 528073K->476105K(779776K), 0.0112992 secs] [Times: user=0.06 sys=0.00, real=0.01 secs]
2325.749: [GC [PSYoungGen: 52224K->256K(58880K)] 528073K->476105K(779776K), 0.0112992 secs] [Times: user=0.06 sys=0.00, real=0.01 secs]
2325.749: [GC [PSYoungGen: 52224K->256K(58880K)] 528073K->476105K(779776K), 0.0112992 secs] [Times: user=0.06 sys=0.00, real=0.01 secs]
2325.749: [GC [PSYoungGen: 52224K->256K(58880K)] 528073K->476105K(779776K), 0.0112992 secs] [Times: user=0.06 sys=0.00, real=0.01 secs]
2325.749: [GC [PSYoungGen: 52224K->256K(58880K)] 528073K->476105K(779776K), 0.0112992 secs] [Times: user=0.06 sys=0.00, real=0.01 secs]
2325.749: [GC [PSYoungGen: 52224K->256K(58880K)] 528073K->476105K(779776K), 0.0112992 secs] [Times: user=0.06 sys=0.00, real=0.01 secs]
2325.749: [GC [PSYoungGen: 52224K->256K(58880K)] 528073K->476105K(779776K), 0.0112992 secs] [Times: user=0.06 sys=0.00, real=0.01 secs]
2325.749: [GC [PSYoungGen: 52224K->256K(58880K)] 528073K->476105K(779776K), 0.0112992 secs] [Times: user=0.06 sys=0.00, real=0.01 secs]
2325.749: [GC [PSYoungGen: 52224K->256K(58880K)] 528073K->476105K(779776K), 0.0112992 secs] [Times: user=0.06 sys=0.00, real=0.01 secs]
2325.749: [GC [PSYoungGen: 52224K->256K(58880K)] 528073K->476105K(779776K), 0.0112992 secs] [Times: user=0.06 sys=0.00, real=0.01 secs]
2325.749: [GC [PSYoungGen: 52224K->256K(58880K)] 528073K->476105K(779776K), 0.0112992 secs] [Times: user=0.06 sys=0.00, real=0.01 secs]
2325.749: [GC [PSYoungGen: 52224K->256K(58880K)] 528073K->476105K(779776K), 0.0112992 secs] [Times: user=0.06 sys=0.00, real=0.01 secs]
2325.749: [GC [PSYoungGen: 52224K->256K(58880K)] 528073K->476105K(779776K), 0.0112992 secs] [Times: user=0.06 sys=0.00, real=0.01 secs]
2325.749: [GC [PSYoungGen: 52224K->256K(58880K)] 528073K->476105K(779776K), 0.0112992 secs] [Times: user=0.06 sys=0.00, real=0.01 secs]
2325.749: [GC [PSYoungGen: 52224K->256K(58880K)] 528073K->476105K(779776K), 0.0112992 secs] [Times: user=0.06 sys=0.00, real=0.01 secs]
2325.749: [GC [PSYoungGen: 52224K->256K(58880K)] 528073K->476105K(779776K), 0.0112992 secs] [Times: user=0.06 sys=0.00, real=0.01 secs]
2325.749: [GC [PSYoungGen: 52224K->256K(58880K)] 528073K->476105K(779776K), 0.0112992 secs] [Times: user=0.06 sys=0.00, real=0.01 secs]
2325.749: [GC [PSYoungGen: 52224K->256K(58880K)] 528073K->476105K(779776K), 0.0112992 secs] [Times: user=0.06 sys=0.00, real=0.01 secs]
2325.749: [GC [PSYoungGen: 52224K->256K(58880K)] 528073K->476105K(779776K), 0.0112992 secs] [Times: user=0.06 sys=0.00, real=0.01 secs]
2325.749: [GC [PSYoungGen: 52224K->256K(58880K)] 528073K->476105K(779776K), 0.0112992 secs] [Times: user=0.06 sys=0.00, real=0.01 secs]
2325.749: [GC [PSYoungGen: 52224K->256K(58880K)] 528073K->476105K(779776K), 0.0112992 secs] [Times: user=0.06 sys=0.00, real=0.01 secs]
2325.749: [GC [PSYoungGen: 52224K->256K(58880K)] 528073K->476105K(779776K), 0.0112992 secs] [Times: user=0.06 sys=0.00, real=0.01 secs]
2325.749: [GC [PSYoungGen: 52224K->256K(58880K)] 528073K->476105K(779776K), 0.0112992 secs] [Times: user=0.06 sys=0.00, real=0.01 secs]
2325.749: [GC [PSYoungGen: 52224K->256K(58880K)] 528073K->476105K(779776K), 0.0112992 secs] [Times: user=0.06 sys=0.00, real=0.01 secs]
2325.749: [GC [PSYoungGen: 52224K->256K(58880K)] 528073K->476105K(779776K), 0.0112992 secs] [Times: user=0.06 sys=0.00, real=0.01 secs]
2325.749: [GC [PSYoungGen: 52224K->256K(58880K)] 528073K->476105K(779776K), 0.0112992 secs] [Times: user=0.06 sys=0.00, real=0.01 secs]
2325.749: [GC [PSYoungGen: 52224K->256K(58880K)] 528073K->476105K(779776K), 0.0112992 secs] [Times: user=0.06 sys=0.00, real=0.01 secs]
2325.749: [GC [PSYoungGen: 52224K->256K(58880K)] 528073K->476105K(779776K), 0.0112992 secs] [Times: user=0.06 sys=0.00, real=0.01 secs]
2325.749: [GC [PSYoungGen: 52224K->256K(58880K)] 528073K->476105K(779776K), 0.0112992 secs] [Times: user=0.06 sys=0.00, real=0.01 secs]
2325.749: [GC [PSYoungGen: 52224K->256K(58880K)] 528073K->476105K(779776K), 0.0112992 secs] [Times: user=0.06 sys=0.00, real=0.01 secs]
2325.749: [GC [PSYoungGen: 52224K->256K(58880K)] 528073K->476105K(779776K), 0.0112992 secs] [Times: user=0.06 sys=0.00, real=0.01 secs]
2325.749: [GC [PSYoungGen: 52224K->256K(58880K)] 528073K->476105K(779776K), 0.0112992 secs] [Times: user=0.06 sys=0.00, real=0.01 secs]
2325.749: [GC [PSYoungGen: 52224K->256K(58880K)] 528073K->476105K(779776K), 0.0112992 secs] [Times: user=0.06 sys=0.00, real=0.01 secs]
2325.749: [GC [PSYoungGen: 52224K->256K(58880K)] 528073K->476105K(779776K), 0.0112992 secs] [Times: user=0.06 sys=0.00, real=0.01 secs]
2325.749: [GC [PSYoungGen: 52224K->256K(58880K)] 528073K->476105K(779776K), 0.0112992 secs] [Times: user=0.06 sys=0.00, real=0.01 secs]
2325.749: [GC [PSYoungGen: 52224K->256K(58880K)] 528073K->476105K(779776K), 0.0112992 secs] [Times: user=0.06 sys=0.00, real=0.01 secs]
2325.749: [GC [PSYoungGen: 52224K->256K(58880K)] 528073K->476105K(779776K), 0.0112992 secs] [Times: user=0.06 sys=0.00, real=0.01 secs]
2325.749: [GC [PSYoungGen: 52224K->256K(58880K)] 528073K->476105K(779776K), 0.0112992 secs] [Times: user=0.06 sys=0.00, real=0.01 secs]
2325.749: [GC [PSYoungGen: 52224K->256K(58880K)] 528073K->476105K(779776K), 0.0112992 secs] [Times: user=0.06 sys=0.00, real=0.01 secs]
2325.749: [GC [PSYoungGen: 52224K->256K(58880K)] 528073K->476105K(779776K), 0.0112992 secs] [Times: user=0.06 sys=0.00, real=0.01 secs]
2325.749: [GC [PSYoungGen: 52224K->256K(58880K)] 528073K->476105K(779776K), 0.0112992 secs] [Times: user=0.06 sys=0.00, real=0.01 secs]
2325.749: [GC [PSYoungGen: 52224K->256K(58880K)] 528073K->476105K(779776K), 0.0112992 secs] [Times: user=0.06 sys=0.00, real=0.01 secs]
2325.749: [GC [PSYoungGen: 52224K->256K(58880K)] 528073K->476105K(779776K), 0.0112992 secs] [Times: user=0.06 sys=0.00, real=0.01 secs]
2325.749: [GC [PSYoungGen: 52224K->256K(58880K)] 528073K->476105K(779776K), 0.0112992 secs] [Times: user=0.06 sys=0.00, real=0.01 secs]
2325.749: [GC [PSYoungGen: 52224K->256K(58880K)] 528073K->476105K(779776K), 0.0112992 secs] [Times: user=0.06 sys=0.00, real=0.01 secs]
2325.749: [GC [PSYoungGen: 52224K->256K(58880K)] 528073K->476105K(779776K), 0.0112992 secs] [Times: user=0.06 sys=0.00, real=0.01 secs]
2325.749: [GC [PSYoungGen: 52224K->256K(58880K)] 528073K->476105K(779776K), 0.0112992 secs] [Times: user=0.06 sys=0.00, real=0.01 secs]
2325.749: [GC [PSYoungGen: 52224K->256K(58880K)] 528073K->476105K(779776K), 0.0112992 secs] [Times: user=0.06 sys=0.00, real=0.01 secs]
2325.749: [GC [PSYoungGen: 52224K->256K(58880K)] 528073K->476105K(779776K), 0.0112992 secs] [Times: user=0.06 sys=0.00, real=0.01 secs]
2325.749: [GC [PSYoungGen: 52224K->256K(58880K)] 528073K->476105K(779776K), 0.0112992 secs] [Times: user=0.06 sys=0.00, real=0.01 secs]
2325.749: [GC [PSYoungGen: 52224K->256K(58880K)] 528073K->476105K(779776K), 0.0112992 secs] [Times: user=0.06 sys=0.00, real=0.01 secs]
2325.749: [GC [PSYoungGen: 52224K->256K(58880K)] 528073K->476105K(779776K), 0.0112992 secs] [Times: user=0.06 sys=0.00, real=0.01 secs]
2325.749: [GC [PSYoungGen: 52224K->256K(58880K)] 528073K->476105K(779776K), 0.0112992 secs] [Times: user=0.06 sys=0.00, real=0.01 secs]
2325.749: [GC [PSYoungGen: 52224K->256K(58880K)] 528073K->476105K(779776K), 0.0112992 secs] [Times: user=0.06 sys=0.00, real=0.01 secs]
2325.749: [GC [PSYoungGen: 52224K->256K(58880K)] 528073K->476105K(779776K), 0.0112992 secs] [Times: user=0.06 sys=0.00, real=0.01 secs]
2325.749: [GC [PSYoungGen: 52224K->256K(58880K)] 528073K->476105K(779776K), 0.0112992 secs] [Times: user=0.06 sys=0.00, real=0.01 secs]
2325.749: [GC [PSYoungGen: 52224K->256K(58880K)] 528073K->476105K(779776K), 0.0112992 secs] [Times: user=0.06 sys=0.00, real=0.01 secs]
2325.749: [GC [PSYoungGen: 52224K->256K(58880K)] 528073K->476105K(779776K), 0.0112992 secs] [Times: user=0.06 sys=0.00, real=0.01 secs]
2325.749: [GC [PSYoungGen: 52224K->256K(58880K)] 528073K->476105K(779776K), 0.0112992 secs] [Times: user=0.06 sys=0.00, real=0.01 secs]
2325.749: [GC [PSYoungGen: 52224K->256K(58880K)] 528073K->476105K(779776K), 0.0112992 secs] [Times: user=0.06 sys=0.00, real=0.01 secs]
2325.749: [GC [PSYoungGen: 52224K->256K(58880K)] 528073K->476105K(779776K), 0.0112992 secs] [Times: user=0.06 sys=0.00, real=0.01 secs]
2325.749: [GC [PSYoungGen: 52224K->256K(58880K)] 528073K->476105K(779776K), 0.0112992 secs] [Times: user=0.06 sys=0.00, real=0.01 secs]
2325.749: [GC [PSYoungGen: 52224K->256K(58880K)] 528073K->476105K(779776K), 0.0112992 secs] [Times: user=0.06 sys=0.00, real=0.01 secs]
2325.749: [GC [PSYoungGen: 52224K->256K(58880K)] 528073K->476105K(779776K), 0.0112992 secs] [Times: user=0.06 sys=0.00, real=0.01 secs]
2325.749: [GC [PSYoungGen: 52224K->256K(58880K)] 528073K->476105K(779776K), 0.0112992 secs] [Times: user=0.06 sys=0.00, real=0.01 secs]
2325.749: [GC [PSYoungGen: 52224K->256K(58880K)] 528073K->476105K(779776K), 0.0112992 secs] [Times: user=0.06 sys=0.00, real=0.01 secs]
2325.749: [GC [PSYoungGen: 52224K->256K(58880K)] 528073K->476105K(779776K), 0.0112992 secs] [Times: user=0.06 sys=0.00, real=0.01 secs]
2325.749: [GC [PSYoungGen: 52224K->256K(58880K)] 528073K->476105K(779776K), 0.0112992 secs] [Times: user=0.06 sys=0.00, real=0.01 secs]
2325.749: [GC [PSYoungGen: 52224K->256K(58880K)] 528073K->476105K(779776K), 0.0112992 secs] [Times: user=0.06 sys=0.00, real=0.01 secs]
2325.749: [GC [PSYoungGen: 52224K->256K(58880K)] 528073K->476105K(779776K), 0.0112992 secs] [Times: user=0.06 sys=0.00, real=0.01 secs]
2325.749: [GC [PSYoungGen: 52224K->256K(58880K)] 528073K->476105K(779776K), 0.0112992 secs] [Times: user=0.06 sys=0.00, real=0.01 secs]
2325.749: [GC [PSYoungGen: 52224K->256K(58880K)] 528073K->476105K(779776K), 0.0112992 secs] [Times: user=0.06 sys=0.00, real=0.01 secs]
2325.749: [GC [PSYoungGen: 52224K->256K(58880K)] 528073K->476105K(779776K), 0.0112992 secs] [Times: user=0.06 sys=0.00, real=0.01 secs]
2325.749: [GC [PSYoungGen: 52224K->256K(58880K)] 528073K->476105K(779776K), 0.0112992 secs] [Times: user=0.06 sys=0.00, real=0.01 secs]
2325.749: [GC [PSYoungGen: 52224K->256K(58880K)] 528073K->476105K(779776K), 0.0112992 secs] [Times: user=0.06 sys=0.00, real=0.01 secs]
2325.749: [GC [PSYoungGen: 52224K->256K(58880K)] 528073K->476105K(779776K), 0.0112992 secs] [Times: user=0.06 sys=0.00, real=0.01 secs]
2325.749: [GC [PSYoungGen: 52224K->256K(58880K)] 528073K->476105K(779776K), 0.0112992 secs] [Times: user=0.06 sys=0.00, real=0.01 secs]
2325.749: [GC [PSYoungGen: 52224K->256K(58880K)] 528073K->476105K(779776K), 0.0112992 secs] [Times: user=0.06 sys=0.00, real=0.01 secs]
2325.749: [GC [PSYoungGen: 52224K->256K(58880K)] 528073K->476105K(779776K), 0.0112992 secs] [Times: user=0.06 sys=0.00, real=0.01 secs]
2325.749: [GC [PSYoungGen: 52224K->256K(58880K)] 528073K->476105K(779776K), 0.0112992 secs] [Times: user=0.06 sys=0.00, real=0.01 secs]
2325.749: [GC [PSYoungGen: 52224K->256K(58880K)] 528073K->476105K(779776K), 0.0112992 secs] [Times: user=0.06 sys=0.00, real=0.01 secs]
2325.749: [GC [PSYoungGen: 52224K->256K(58880K)] 528073K->476105K(779776K), 0.0112992 secs] [Times: user=0.06 sys=0.00, real=0.01 secs]
2325.749: [GC [PSYoungGen: 52224K->256K(58880K)] 528073K->476105K(779776K), 0.0112992 secs] [Times: user=0.06 sys=0.00, real=0.01 secs]
2325.749: [GC [PSYoungGen: 52224K->256K(58880K)] 528073K->476105K(779776K), 0.0112992 secs] [Times: user=0.06 sys=0.00, real=0.01 secs]
2325.749: [GC [PSYoungGen: 52224K->256K(58880K)] 528073K->476105K(779776K), 0.0112992 secs] [Times: user=0.06 sys=0.00, real=0.01 secs]
2325.749: [GC [PSYoungGen: 52224K->256K(58880K)] 528073K->476105K(779776K), 0.0112992 secs] [Times: user=0.06 sys=0.00, real=0.01 secs]
2325.749: [GC [PSYoungGen: 52224K->256K(58880K)] 528073K->476105K(779776K), 0.0112992 secs] [Times: user=0.06 sys=0.00, real=0.01 secs]
2325.749: [GC [PSYoungGen: 52224K->256K(58880K)] 528073K->476105K(779776K), 0.0112992 secs] [Times: user=0.06 sys=0.00, real=0.01 secs]
2325.749: [GC [PSYoungGen: 52224K->256K(58880K)] 528073K->476105K(779776K), 0.0112992 secs] [Times: user=0.06 sys=0.00, real=0.01 secs]
2325.749: [GC [PSYoungGen: 52224K->256K(58880K)] 528073K->476105K(779776K), 0.0112992 secs] [Times: user=0.06 sys=0.00, real=0.01 secs]
2325.749: [GC [PSYoungGen: 52224K->256K(58880K)] 528073K->476105K(779776K), 0.0112992 secs] [Times: user=0.06 sys=0.00, real=0.01 secs]
2325.749: [GC [PSYoungGen: 52224K->256K(58880K)] 528073K->476105K(779776K), 0.0112992 secs] [Times: user=0.06 sys=0.00, real=0.01 secs]
2325.749: [GC [PSYoungGen: 52224K->256K(58880K)] 528073K->476105K(779776K), 0.0112992 secs] [Times: user=0.06 sys=0.00, real=0.01 secs]
2325.749: [GC [PSYoungGen: 52224K->256K(58880K)] 528073K->476105K(779776K), 0.0112992 secs] [Times: user=0.06 sys=0.00, real=0.01 secs]
2325.749: [GC [PSYoungGen: 52224K->256K(58880K)] 528073K->476105K(779776K), 0.0112992 secs] [Times: user=0.06 sys=0.00, real=0.01 secs]
2325.749: [GC [PSYoungGen: 52224K->256K(58880K)] 528073K->476105K(779776K), 0.0112992 secs] [Times: user=0.06 sys=0.00, real=0.01 secs]
2325.749: [GC [PSYoungGen: 52224K->256K(58880K)] 528073K->476105K(779776K), 0.0112992 secs] [Times: user=0.06 sys=0.00, real=0.01 secs]
2325.749: [GC [PSYoungGen: 52224K->256K(58880K)] 528073K->476105K(779776K), 0.0112992 secs] [Times: user=0.06 sys=0.00, real=0.01 secs]
2325.749: [GC [PSYoungGen: 52224K->256K(58880K)] 528073K->476105K(779776K), 0.0112992 secs] [Times: user=0.06 sys=0.00, real=0.01 secs]
2325.749: [GC [PSYoungGen: 52224K->256K(58880K)] 528073K->476105K(779776K), 0.0112992 secs] [Times: user=0.06 sys=0.00, real=0.01 secs]
2325.749: [GC [PSYoungGen: 52224K->256K(58880K)] 528073K->476105K(779776K), 0.0112992 secs] [Times: user=0.06 sys=0.00, real=0.01 secs]
2325.749: [GC [PSYoungGen: 52224K->256K(58880K)] 528073K->476105K(779776K), 0.0112992 secs] [Times: user=0.06 sys=0.00, real=0.01 secs]
2325.749: [GC [PSYoungGen: 52224K->256K(58880K)] 528073K->476105K(779776K), 0.0112992 secs] [Times: user=0.06 sys=0.00, real=0.01 secs]
2325.749: [GC [PSYoungGen: 52224K->256K(58880K)] 528073K->476105K(779776K), 0.0112992 secs] [Times: user=0.06 sys=0.00, real=0.01 secs]
2325.749: [GC [PSYoungGen: 52224K->256K(58880K)] 528073K->476105K(779776K), 0.0112992 secs] [Times: user=0.06 sys=0.00, real=0.01 secs]
2325.749: [GC [PSYoungGen: 52224K->256K(58880K)] 528073K->476105K(779776K), 0.0112992 secs] [Times: user=0.06 sys=0.00, real=0.01 secs]
2325.749: [GC [PSYoungGen: 52224K->256K(58880K)] 528073K->476105K(779776K), 0.0112992 secs] [Times: user=0.06 sys=0.00, real=0.01 secs]
2325.749: [GC [PSYoungGen: 52224K->256K(58880K)] 528073K->476105K(779776K), 0.0112992 secs] [Times: user=0.06 sys=0.00, real=0.01 secs]
2325.749: [GC [PSYoungGen: 52224K->256K(58880K)] 528073K->476105K(779776K), 0.0112992 secs] [Times: user=0.06 sys=0.00, real=0.01 secs]
2325.749: [GC [PSYoungGen: 52224K->256K(58880K)] 528073K->476105K(779776K), 0.0112992 secs] [Times: user=0.06 sys=0.00, real=0.01 secs]
2325.749: [GC [PSYoungGen: 52224K->256K(58880K)] 528073K->476105K(779776K), 0.0112992 secs] [Times: user=0.06 sys=0.00, real=0.01 secs]
2325.749: [GC [PSYoungGen: 52224K->256K(58880K)] 528073K->476105K(779776K), 0.0112992 secs] [Times: user=0.06 sys=0.00, real=0.01 secs]
2325.749: [GC [PSYoungGen: 52224K->256K(58880K)] 528073K->476105K(779776K), 0.0112992 secs] [Times: user=0.06 sys=0.00, real=0.01 secs]
2325.749: [GC [PSYoungGen: 52224K->256K(58880K)] 528073K->476105K(779776K), 0.0112992 secs] [Times: user=0.06 sys=0.00, real=0.01 secs]
2325.749: [GC [PSYoungGen: 52224K->256K(58880K)] 528073K->476105K(779776K), 0.0112992 secs] [Times: user=0.06 sys=0.00, real=0.01 secs]
2325.749: [GC [PSYoungGen: 52224K->256K(58880K)] 528073K->476105K(779776K), 0.0112992 secs] [Times: user=0.06 sys=0.00, real=0.01 secs]
2325.749: [GC [PSYoungGen: 52224K->256K(58880K)] 528073K->476105K(779776K), 0.0112992 secs] [Times: user=0.06 sys=0.00, real=0.01 secs]
2325.749: [GC [PSYoungGen: 52224K->256K(58880K)] 528073K->476105K(779776K), 0.0112992 secs] [Times: user=0.06 sys=0.00, real=0.01 secs]
2325.749: [GC [PSYoungGen: 52224K->256K(58880K)] 528073K->476105K(779776K), 0.0112992 secs] [Times: user=0.06 sys=0.00, real=0.01 secs]
2325.749: [GC [PSYoungGen: 52224K->256K(58880K)] 528073K->476105K(779776K), 0.0112992 secs] [Times: user=0.06 sys=0.00, real=0.01 secs]
2325.749: [GC [PSYoungGen: 52224K->256K(58880K)] 528073K->476105K(779776K), 0.0112992 secs] [Times: user=0.06 sys=0.00, real=0.01 secs]
2325.749: [GC [PSYoungGen: 52224K->256K(58880K)] 528073K->476105K(779776K), 0.0112992 secs] [Times: user=0.06 sys=0.00, real=0.01 secs]
2325.749: [GC [PSYoungGen: 52224K->256K(58880K)] 528073K->476105K(779776K), 0.0112992 secs] [Times: user=0.06 sys=0.00, real=0.01 secs]
2325.749: [GC [PSYoungGen: 52224K->256K(58880K)] 528073K->476105K(779776K), 0.0112992 secs] [Times: user=0.06 sys=0.00, real=0.01 secs]
2325.749: [GC [PSYoungGen: 52224K->256K(58880K)] 528073K->476105K(779776K), 0.0112992 secs] [Times: user=0.06 sys=0.00, real=0.01 secs]
2325.749: [GC [PSYoungGen: 52224K->256K(58880K)] 528073K->476105K(779776K), 0.0112992 secs] [Times: user=0.06 sys=0.00, real=0.01 secs]
2325.749: [GC [PSYoungGen: 52224K->256K(58880K)] 528073K->476105K(779776K), 0.0112992 secs] [Times: user=0.06 sys=0.00, real=0.01 secs]
2325.749: [GC [PSYoungGen: 52224K->256K(58880K)] 528073K->476105K(779776K), 0.0112992 secs] [Times: user=0.06 sys=0.00, real=0.01 secs]
2325.749: [GC [PSYoungGen: 52224K->256K(58880K)] 528073K->476105K(779776K), 0.0112992 secs] [Times: user=0.06 sys=0.00, real=0.01 secs]
2325.749: [GC [PSYoungGen: 52224K->256K(58880K)] 528073K->476105K(779776K), 0.0112992 secs] [Times: user=0.06 sys=0.00, real=0.01 secs]
2325.749: [GC [PSYoungGen: 52224K->256K(58880K)] 528073K->476105K(779776K), 0.0112992 secs] [Times: user=0.06 sys=0.00, real=0.01 secs]
2325.749: [GC [PSYoungGen: 52224K->256K(58880K)] 528073K->476105K(779776K), 0.0112992 secs] [Times: user=0.06 sys=0.00, real=0.01 secs]
2325.749: [GC [PSYoungGen: 52224K->256K(58880K)] 528073K->476105K(779776K), 0.0112992 secs] [Times: user=0.06 sys=0.00, real=0.01 secs]
2325.749: [GC [PSYoungGen: 52224K->256K(58880K)] 528073K->476105K(779776K), 0.0112992 secs] [Times: user=0.06 sys=0.00, real=0.01 secs]
2325.749: [GC [PSYoungGen: 52224K->256K(58880K)] 528073K->476105K(779776K), 0.0112992 secs] [Times: user=0.06 sys=0.00, real=0.01 secs]
2325.749: [GC [PSYoungGen: 52224K->256K(58880K)] 528073K->476105K(779776K), 0.0112992 secs] [Times: user=0.06 sys=0.00, real=0.01 secs]
2325.749: [GC [PSYoungGen: 52224K->256K(58880K)] 528073K->476105K(779776K), 0.0112992 secs] [Times: user=0.06 sys=0.00, real=0.01 secs]
2325.749: [GC [PSYoungGen: 52224K->256K(58880K)] 528073K->476105K(779776K), 0.0112992 secs] [Times: user=0.06 sys=0.00, real=0.01 secs]
2325.749: [GC [PSYoungGen: 52224K->256K(58880K)] 528073K->476105K(779776K), 0.0112992 secs] [Times: user=0.06 sys=0.00, real=0.01 secs]
2325.749: [GC [PSYoungGen: 52224K->256K(58880K)] 528073K->476105K(779776K), 0.0112992 secs] [Times: user=0.06 sys=0.00, real=0.01 secs]
2325.749: [GC [PSYoungGen: 52224K->256K(58880K)] 528073K->476105K(779776K), 0.0112992 secs] [Times: user=0.06 sys=0.00, real=0.01 secs]
2325.749: [GC [PSYoungGen: 52224K->256K(58880K)] 528073K->476105K(779776K), 0.0112992 secs] [Times: user=0.06 sys=0.00, real=0.01 secs]
2325.749: [GC [PSYoungGen: 52224K->256K(58880K)] 528073K->476105K(779776K), 0.0112992 secs] [Times: user=0.06 sys=0.00, real=0.01 secs]
2325.749: [GC [PSYoungGen: 52224K->256K(58880K)] 528073K->476105K(779776K), 0.0112992 secs] [Times: user=0.06 sys=0.00, real=0.01 secs]
2325.749: [GC [PSYoungGen: 52224K->256K(58880K)] 528073K->476105K(779776K), 0.0112992 secs] [Times: user=0.06 sys=0.00, real=0.01 secs]
2325.749: [GC [PSYoungGen: 52224K->256K(58880K)] 528073K->476105K(779776K), 0.0112992 secs] [Times: user=0.06 sys=0.00, real=0.01 secs]
2325.749: [GC [PSYoungGen: 52224K->256K(58880K)] 528073K->476105K(779776K), 0.0112992 secs] [Times: user=0.06 sys=0.00, real=0.01 secs]
2325.749: [GC [PSYoungGen: 52224K->256K(58880K)] 528073K->476105K(779776K), 0.0112992 secs] [Times: user=0.06 sys=0.00, real=0.01 secs]
2325.749: [GC [PSYoungGen: 52224K->256K(58880K)] 528073K->476105K(779776K), 0.0112992 secs] [Times: user=0.06 sys=0.00, real=0.01 secs]
2325.749: [GC [PSYoungGen: 52224K->256K(58880K)] 528073K->476105K(779776K), 0.0112992 secs] [Times: user=0.06 sys=0.00, real=0.01 secs]
2325.749: [GC [PSYoungGen: 52224K->256K(58880K)] 528073K->476105K(779776K), 0.0112992 secs] [Times: user=0.06 sys=0.00, real=0.01 secs]
2325.749: [GC [PSYoungGen: 52224K->256K(58880K)] 528073K->476105K(779776K), 0.0112992 secs] [Times: user=0.06 sys=0.00, real=0.01 secs]
2325.749: [GC [PSYoungGen: 52224K->256K(58880K)] 528073K->476105K(779776K), 0.0112992 secs] [Times: user=0.06 sys=0.00, real=0.01 secs]
2325.749: [GC [PSYoungGen: 52224K->256K(58880K)] 528073K->476105K(779776K), 0.0112992 secs] [Times: user=0.06 sys=0.00, real=0.01 secs]
2325.749: [GC [PSYoungGen: 52224K->256K(58880K)] 528073K->476105K(779776K), 0.0112992 secs] [Times: user=0.06 sys=0.00, real=0.01 secs]
2325.749: [GC [PSYoungGen: 52224K->256K(58880K)] 528073K->476105K(779776K), 0.0112992 secs] [Times: user=0.06 sys=0.00, real=0.01 secs]
2325.749: [GC [PSYoungGen: 52224K->256K(58880K)] 528073K->476105K(779776K), 0.0112992 secs] [Times: user=0.06 sys=0.00, real=0.01 secs]
2325.749: [GC [PSYoungGen: 52224K->256K(58880K)] 528073K->476105K(779776K), 0.0112992 secs] [Times: user=0.06 sys=0.00, real=0.01 secs]
2325.749: [GC [PSYoungGen: 52224K->256K(58880K)] 528073K->476105K(779776K), 0.0112992 secs] [Times: user=0.06 sys=0.00, real=0.01 secs]
2325.749: [GC [PSYoungGen: 52224K->256K(58880K)] 528073K->476105K(779776K), 0.0112992 secs] [Times: user=0.06 sys=0.00, real=0.01 secs]
2325.749: [GC [PSYoungGen: 52224K->256K(58880K)] 528073K->476105K(779776K), 0.0112992 secs] [Times: user=0.06 sys=0.00, real=0.01 secs]
2325.749: [GC [PSYoungGen: 52224K->256K(58880K)] 528073K->476105K(779776K), 0.0112992 secs] [Times: user=0.06 sys=0.00, real=0.01 secs]
2325.749: [GC [PSYoungGen: 52224K->256K(58880K)] 528073K->476105K(779776K), 0.0112992 secs] [Times: user=0.06 sys=0.00, real=0.01 secs]
2325.749: [GC [PSYoungGen: 52224K->256K(58880K)] 528073K->476105K(779776K), 0.0112992 secs] [Times: user=0.06 sys=0.00, real=0.01 secs]
2325.749: [GC [PSYoungGen: 52224K->256K(58880K)] 528073K->476105K(779776K), 0.0112992 secs] [Times: user=0.06 sys=0.00, real=0.01 secs]
2325.749: [GC [PSYoungGen: 52224K->256K(58880K)] 528073K->476105K(779776K), 0.0112992 secs] [Times: user=0.06 sys=0.00, real=0.01 secs]
2325.749: [GC [PSYoungGen: 52224K->256K(58880K)] 528073K->476105K(779776K), 0.0112992 secs] [Times: user=0.06 sys=0.00, real=0.01 secs]
2325.749: [GC [PSYoungGen: 52224K->256K(58880K)] 528073K->476105K(779776K), 0.0112992 secs] [Times: user=0.06 sys=0.00, real=0.01 secs]
2325.749: [GC [PSYoungGen: 52224K->256K(58880K)] 528073K->476105K(779776K), 0.0112992 secs] [Times: user=0.06 sys=0.00, real=0.01 secs]
2325.749: [GC [PSYoungGen: 52224K->256K(58880K)] 528073K->476105K(779776K), 0.0112992 secs] [Times: user=0.06 sys=0.00, real=0.01 secs]
2325.749: [GC [PSYoungGen: 52224K->256K(58880K)] 528073K->476105K(779776K), 0.0112992 secs] [Times: user=0.06 sys=0.00, real=0.01 secs]
2325.749: [GC [PSYoungGen: 52224K->256K(58880K)] 528073K->476105K(779776K), 0.0112992 secs] [Times: user=0.06 sys=0.00, real=0.01 secs]
2325.749: [GC [PSYoungGen: 52224K->256K(58880K)] 528073K->476105K(779776K), 0.0112992 secs] [Times: user=0.06 sys=0.00, real=0.01 secs]
2325.749: [GC [PSYoungGen: 52224K->256K(58880K)] 528073K->476105K(779776K), 0.0112992 secs] [Times: user=0.06 sys=0.00, real=0.01 secs]
2325.749: [GC [PSYoungGen: 52224K->256K(58880K)] 528073K->476105K(779776K), 0.0112992 secs] [Times: user=0.06 sys=0.00, real=0.01 secs]
2325.749: [GC [PSYoungGen: 52224K->256K(58880K)] 528073K->476105K(779776K), 0.0112992 secs] [Times: user=0.06 sys=0.00, real=0.01 secs]
2325.749: [GC [PSYoungGen: 52224K->256K(58880K)] 528073K->476105K(779776K), 0.0112992 secs] [Times: user=0.06 sys=0.00, real=0.01 secs]
2325.749: [GC [PSYoungGen: 52224K->256K(58880K)] 528073K->476105K(779776K), 0.0112992 secs] [Times: user=0.06 sys=0.00, real=0.01 secs]
2325.749: [GC [PSYoungGen: 52224K->256K(58880K)] 528073K->476105K(779776K), 0.0112992 secs] [Times: user=0.06 sys=0.00, real=0.01 secs]
2325.749: [GC [PSYoungGen: 52224K->256K(58880K)] 528073K->476105K(779776K), 0.0112992 secs] [Times: user=0.06 sys=0.00, real=0.01 secs]
2325.749: [GC [PSYoungGen: 52224K->256K(58880K)] 528073K->476105K(779776K), 0.0112992 secs] [Times: user=0.06 sys=0.00, real=0.01 secs]
2325.749: [GC [PSYoungGen: 52224K->256K(58880K)] 528073K->476105K(779776K), 0.0112992 secs] [Times: user=0.06 sys=0.00, real=0.01 secs]
2325.749: [GC [PSYoungGen: 52224K->256K(58880K)] 528073K->476105K(779776K), 0.0112992 secs] [Times: user=0.06 sys=0.00, real=0.01 secs]
2325.749: [GC [PSYoungGen: 52224K->256K(58880K)] 528073K->476105K(779776K), 0.0112992 secs] [Times: user=0.06 sys=0.00, real=0.01 secs]
2325.749: [GC [PSYoungGen: 52224K->256K(58880K)] 528073K->476105K(779776K), 0.0112992 secs] [Times: user=0.06 sys=0.00, real=0.01 secs]
2325.749: [GC [PSYoungGen: 52224K->256K(58880K)] 528073K->476105K(779776K), 0.0112992 secs] [Times: user=0.06 sys=0.00, real=0.01 secs]
2325.749: [GC [PSYoungGen: 52224K->256K(58880K)] 528073K->476105K(779776K), 0.0112992 secs] [Times: user=0.06 sys=0.00, real=0.01 secs]
2325.749: [GC [PSYoungGen: 52224K->256K(58880K)] 528073K->476105K(779776K), 0.0112992 secs] [Times: user=0.06 sys=0.00, real=0.01 secs]
2325.749: [GC [PSYoungGen: 52224K->256K(58880K)] 528073K->476105K(779776K), 0.0112992 secs] [Times: user=0.06 sys=0.00, real=0.01 secs]
2325.749: [GC [PSYoungGen: 52224K->256K(58880K)] 528073K->476105K(779776K), 0.0112992 secs] [Times: user=0.06 sys=0.00, real=0.01 secs]
2325.749: [GC [PSYoungGen: 52224K->256K(58880K)] 528073K->476105K(779776K), 0.0112992 secs] [Times: user=0.06 sys=0.00, real=0.01 secs]
2325.749: [GC [PSYoungGen: 52224K->256K(58880K)] 528073K->476105K(779776K), 0.0112992 secs] [Times: user=0.06 sys=0.00, real=0.01 secs]
2325.749: [GC [PSYoungGen: 52224K->256K(58880K)] 528073K->476105K(779776K), 0.0112992 secs] [Times: user=0.06 sys=0.00, real=0.01 secs]
2325.749: [GC [PSYoungGen: 52224K->256K(58880K)] 528073K->476105K(779776K), 0.0112992 secs] [Times: user=0.06 sys=0.00, real=0.01 secs]
2325.749: [GC [PSYoungGen: 52224K->256K(58880K)] 528073K->476105K(779776K), 0.0112992 secs] [Times: user=0.06 sys=0.00, real=0.01 secs]
2325.749: [GC [PSYoungGen: 52224K->256K(58880K)] 528073K->476105K(779776K), 0.0112992 secs] [Times: user=0.06 sys=0.00, real=0.01 secs]
2325.749: [GC [PSYoungGen: 52224K->256K(58880K)] 528073K->476105K(779776K), 0.0112992 secs] [Times: user=0.06 sys=0.00, real=0.01 secs]
2325.749: [GC [PSYoungGen: 52224K->256K(58880K)] 528073K->476105K(779776K), 0.0112992 secs] [Times: user=0.06 sys=0.00, real=0.01 secs]
2325.749: [GC [PSYoungGen: 52224K->256K(58880K)] 528073K->476105K(779776K), 0.0112992 secs] [Times: user=0.06 sys=0.00, real=0.01 secs]
2325.749: [GC [PSYoungGen: 52224K->256K(58880K)] 528073K->476105K(779776K), 0.0112992 secs] [Times: user=0.06 sys=0.00, real=0.01 secs]
2325.749: [GC [PSYoungGen: 52224K->256K(58880K)] 528073K->476105K(779776K), 0.0112992 secs] [Times: user=0.06 sys=0.00, real=0.01 secs]
2325.749: [GC [PSYoungGen: 52224K->256K(58880K)] 528073K->476105K(779776K), 0.0112992 secs] [Times: user=0.06 sys=0.00, real=0.01 secs]
2325.749: [GC [PSYoungGen: 52224K->256K(58880K)] 528073K->476105K(779776K), 0.0112992 secs] [Times: user=0.06 sys=0.00, real=0.01 secs]
2325.749: [GC [PSYoungGen: 52224K->256K(58880K)] 528073K->476105K(779776K), 0.0112992 secs] [Times: user=0.06 sys=0.00, real=0.01 secs]
2325.749: [GC [PSYoungGen: 52224K->256K(58880K)] 528073K->476105K(779776K), 0.0112992 secs] [Times: user=0.06 sys=0.00, real=0.01 secs]
2325.749: [GC [PSYoungGen: 52224K->256K(58880K)] 528073K->476105K(779776K), 0.0112992 secs] [Times: user=0.06 sys=0.00, real=0.01 secs]
2325.749: [GC [PSYoungGen: 52224K->256K(58880K)] 528073K->476105K(779776K), 0.0112992 secs] [Times: user=0.06 sys=0.00, real=0.01 secs]
2325.749: [GC [PSYoungGen: 52224K->256K(58880K)] 528073K->476105K(779776K), 0.0112992 secs] [Times: user=0.06 sys=0.00, real=0.01 secs]
2325.749: [GC [PSYoungGen: 52224K->256K(58880K)] 528073K->476105K(779776K), 0.0112992 secs] [Times: user=0.06 sys=0.00, real=0.01 secs]
2325.749: [GC [PSYoungGen: 52224K->256K(58880K)] 528073K->476105K(779776K), 0.0112992 secs] [Times: user=0.06 sys=0.00, real=0.01 secs]
2325.749: [GC [PSYoungGen: 52224K->256K(58880K)] 528073K->476105K(779776K), 0.0112992 secs] [Times: user=0.06 sys=0.00, real=0.01 secs]
2325.749: [GC [PSYoungGen: 52224K->256K(58880K)] 528073K->476105K(779776K), 0.0112992 secs] [Times: user=0.06 sys=0.00, real=0.01 secs]
2325.749: [GC [PSYoungGen: 52224K->256K(58880K)] 528073K->476105K(779776K), 0.0112992 secs] [Times: user=0.06 sys=0.00, real=0.01 secs]
2325.749: [GC [PSYoungGen: 52224K->256K(58880K)] 528073K->476105K(779776K), 0.0112992 secs] [Times: user=0.06 sys=0.00, real=0.01 secs]
2325.749: [GC [PSYoungGen: 52224K->256K(58880K)] 528073K->476105K(779776K), 0.0112992 secs] [Times: user=0.06 sys=0.00, real=0.01 secs]
2325.749: [GC [PSYoungGen: 52224K->256K(58880K)] 528073K->476105K(779776K), 0.0112992 secs] [Times: user=0.06 sys=0.00, real=0.01 secs]
2325.749: [GC [PSYoungGen: 52224K->256K(58880K)] 528073K->476105K(779776K), 0.0112992 secs] [Times: user=0.06 sys=0.00, real=0.01 secs]
2325.749: [GC [PSYoungGen: 52224K->256K(58880K)] 528073K->476105K(779776K), 0.0112992 secs] [Times: user=0.06 sys=0.00, real=0.01 secs]
2325.749: [GC [PSYoungGen: 52224K->256K(58880K)] 528073K->476105K(779776K), 0.0112992 secs] [Times: user=0.06 sys=0.00, real=0.01 secs]
2325.749: [GC [PSYoungGen: 52224K->256K(58880K)] 528073K->476105K(779776K), 0.0112992 secs] [Times: user=0.06 sys=0.00, real=0.01 secs]
2325.749: [GC [PSYoungGen: 52224K->256K(58880K)] 528073K->476105K(779776K), 0.0112992 secs] [Times: user=0.06 sys=0.00, real=0.01 secs]
2325.749: [GC [PSYoungGen: 52224K->256K(58880K)] 528073K->476105K(779776K), 0.0112992 secs] [Times: user=0.06 sys=0.00, real=0.01 secs]
2325.749: [GC [PSYoungGen: 52224K->256K(58880K)] 528073K->476105K(779776K), 0.0112992 secs] [Times: user=0.06 sys=0.00, real=0.01 secs]
2325.749: [GC [PSYoungGen: 52224K->256K(58880K)] 528073K->476105K(779776K), 0.0112992 secs] [Times: user=0.06 sys=0.00, real=0.01 secs]
2325.749: [GC [PSYoungGen: 52224K->256K(58880K)] 528073K->476105K(779776K), 0.0112992 secs] [Times: user=0.06 sys=0.00, real=0.01 secs]
2325.749: [GC [PSYoungGen: 52224K->256K(58880K)] 528073K->476105K(779776K), 0.0112992 secs] [Times: user=0.06 sys=0.00, real=0.01 secs]
2325.749: [GC [PSYoungGen: 52224K->256K(58880K)] 528073K->476105K(779776K), 0.0112992 secs] [Times: user=0.06 sys=0.00, real=0.01 secs]
2325.749: [GC [PSYoungGen: 52224K->256K(58880K)] 528073K->476105K(779776K), 0.0112992 secs] [Times: user=0.06 sys=0.00, real=0.01 secs]
2325.749: [GC [PSYoungGen: 52224K->256K(58880K)] 528073K->476105K(779776K), 0.0112992 secs] [Times: user=0.06 sys=0.00, real=0.01 secs]
2325.749: [GC [PSYoungGen: 52224K->256K(58880K)] 528073K->476105K(779776K), 0.0112992 secs] [Times: user=0.06 sys=0.00, real=0.01 secs]
2325.749: [GC [PSYoungGen: 52224K->256K(58880K)] 528073K->476105K(779776K), 0.0112992 secs] [Times: user=0.06 sys=0.00, real=0.01 secs]
2325.749: [GC [PSYoungGen: 52224K->256K(58880K)] 528073K->476105K(779776K), 0.0112992 secs] [Times: user=0.06 sys=0.00, real=0.01 secs]
2325.749: [GC [PSYoungGen: 52224K->256K(58880K)] 528073K->476105K(779776K), 0.0112992 secs] [Times: user=0.06 sys=0.00, real=0.01 secs]
2325.749: [GC [PSYoungGen: 52224K->256K(58880K)] 528073K->476105K(779776K), 0.0112992 secs] [Times: user=0.06 sys=0.00, real=0.01 secs]
2325.749: [GC [PSYoungGen: 52224K->256K(58880K)] 528073K->476105K(779776K), 0.0112992 secs] [Times: user=0.06 sys=0.00, real=0.01 secs]
2325.749: [GC [PSYoungGen: 52224K->256K(58880K)] 528073K->476105K(779776K), 0.0112992 secs] [Times: user=0.06 sys=0.00, real=0.01 secs]
2325.749: [GC [PSYoungGen: 52224K->256K(58880K)] 528073K->476105K(779776K), 0.0112992 secs] [Times: user=0.06 sys=0.00, real=0.01 secs]
2325.749: [GC [PSYoungGen: 52224K->256K(58880K)] 528073K->476105K(779776K), 0.0112992 secs] [Times: user=0.06 sys=0.00, real=0.01 secs]
2325.749: [GC [PSYoungGen: 52224K->256K(58880K)] 528073K->476105K(779776K), 0.0112992 secs] [Times: user=0.06 sys=0.00, real=0.01 secs]
2325.749: [GC [PSYoungGen: 52224K->256K(58880K)] 528073K->476105K(779776K), 0.0112992 secs] [Times: user=0.06 sys=0.00, real=0.01 secs]
2325.749: [GC [PSYoungGen: 52224K->256K(58880K)] 528073K->476105K(779776K), 0.0112992 secs] [Times: user=0.06 sys=0.00, real=0.01 secs]
2325.749: [GC [PSYoungGen: 52224K->256K(58880K)] 528073K->476105K(779776K), 0.0112992 secs] [Times: user=0.06 sys=0.00, real=0.01 secs]
2325.749: [GC [PSYoungGen: 52224K->256K(58880K)] 528073K->476105K(779776K), 0.0112992 secs] [Times: user=0.06 sys=0.00, real=0.01 secs]
2325.749: [GC [PSYoungGen: 52224K->256K(58880K)] 528073K->476105K(779776K), 0.0112992 secs] [Times: user=0.06 sys=0.00, real=0.01 secs]
2325.749: [GC [PSYoungGen: 52224K->256K(58880K)] 528073K->476105K(779776K), 0.0112992 secs] [Times: user=0.06 sys=0.00, real=0.01 secs]
2325.749: [GC [PSYoungGen: 52224K->256K(58880K)] 528073K->476105K(779776K), 0.0112992 secs] [Times: user=0.06 sys=0.00, real=0.01 secs]
2325.749: [GC [PSYoungGen: 52224K->256K(58880K)] 528073K->476105K(779776K), 0.0112992 secs] [Times: user=0.06 sys=0.00, real=0.01 secs]
2325.749: [GC [PSYoungGen: 52224K->256K(58880K)] 528073K->476105K(779776K), 0.0112992 secs] [Times: user=0.06 sys=0.00, real=0.01 secs]
2325.749: [GC [PSYoungGen: 52224K->256K(58880K)] 528073K->476105K(779776K), 0.0112992 secs] [Times: user=0.06 sys=0.00, real=0.01 secs]
2325.749: [GC [PSYoungGen: 52224K->256K(58880K)] 528073K->476105K(779776K), 0.0112992 secs] [Times: user=0.06 sys=0.00, real=0.01 secs]
2325.749: [GC [PSYoungGen: 52224K->256K(58880K)] 528073K->476105K(779776K), 0.0112992 secs] [Times: user=0.06 sys=0.00, real=0.01 secs]
2325.749: [GC [PSYoungGen: 52224K->256K(58880K)] 528073K->476105K(779776K), 0.0112992 secs] [Times: user=0.06 sys=0.00, real=0.01 secs]
2325.749: [GC [PSYoungGen: 52224K->256K(58880K)] 528073K->476105K(779776K), 0.0112992 secs] [Times: user=0.06 sys=0.00, real=0.01 secs]
2325.749: [GC [PSYoungGen: 52224K->256K(58880K)] 528073K->476105K(779776K), 0.0112992 secs] [Times: user=0.06 sys=0.00, real=0.01 secs]
2325.749: [GC [PSYoungGen: 52224K->256K(58880K)] 528073K->476105K(779776K), 0.0112992 secs] [Times: user=0.06 sys=0.00, real=0.01 secs]
2325.749: [GC [PSYoungGen: 52224K->256K(58880K)] 528073K->476105K(779776K), 0.0112992 secs] [Times: user=0.06 sys=0.00, real=0.01 secs]
2325.749: [GC [PSYoungGen: 52224K->256K(58880K)] 528073K->476105K(779776K), 0.0112992 secs] [Times: user=0.06 sys=0.00, real=0.01 secs]
2325.749: [GC [PSYoungGen: 52224K->256K(58880K)] 528073K->476105K(779776K), 0.0112992 secs] [Times: user=0.06 sys=0.00, real=0.01 secs]
2325.749: [GC [PSYoungGen: 52224K->256K(58880K)] 528073K->476105K(779776K), 0.0112992 secs] [Times: user=0.06 sys=0.00, real=0.01 secs]
2325.749: [GC [PSYoungGen: 52224K->256K(58880K)] 528073K->476105K(779776K), 0.0112992 secs] [Times: user=0.06 sys=0.00, real=0.01 secs]
2325.749: [GC [PSYoungGen: 52224K->256K(58880K)] 528073K->476105K(779776K), 0.0112992 secs] [Times: user=0.06 sys=0.00, real=0.01 secs]
2325.749: [GC [PSYoungGen: 52224K->256K(58880K)] 528073K->476105K(779776K), 0.0112992 secs] [Times: user=0.06 sys=0.00, real=0.01 secs]
2325.749: [GC [PSYoungGen: 52224K->256K(58880K)] 528073K->476105K(779776K), 0.0112992 secs] [Times: user=0.06 sys=0.00, real=0.01 secs]
2325.749: [GC [PSYoungGen: 52224K->256K(58880K)] 528073K->476105K(779776K), 0.0112992 secs] [Times: user=0.06 sys=0.00, real=0.01 secs]
2325.749: [GC [PSYoungGen: 52224K->256K(58880K)] 528073K->476105K(779776K), 0.0112992 secs] [Times: user=0.06 sys=0.00, real=0.01 secs]
2325.749: [GC [PSYoungGen: 52224K->256K(58880K)] 528073K->476105K(779776K), 0.0112992 secs] [Times: user=0.06 sys=0.00, real=0.01 secs]
2325.749: [GC [PSYoungGen: 52224K->256K(58880K)] 528073K->476105K(779776K), 0.0112992 secs] [Times: user=0.06 sys=0.00, real=0.01 secs]
2325.749: [GC [PSYoungGen: 52224K->256K(58880K)] 528073K->476105K(779776K), 0.0112992 secs] [Times: user=0.06 sys=0.00, real=0.01 secs]
2325.749: [GC [PSYoungGen: 52224K->256K(58880K)] 528073K->476105K(779776K), 0.0112992 secs] [Times: user=0.06 sys=0.00, real=0.01 secs]
2325.749: [GC [PSYoungGen: 52224K->256K(58880K)] 528073K->476105K(779776K), 0.0112992 secs] [Times: user=0.06 sys=0.00, real=0.01 secs]
2325.749: [GC [PSYoungGen: 52224K->256K(58880K)] 528073K->476105K(779776K), 0.0112992 secs] [Times: user=0.06 sys=0.00, real=0.01 secs]
2325.749: [GC [PSYoungGen: 52224K->256K(58880K)] 528073K->476105K(779776K), 0.0112992 secs] [Times: user=0.06 sys=0.00, real=0.01 secs]
2325.749: [GC [PSYoungGen: 52224K->256K(58880K)] 528073K->476105K(779776K), 0.0112992 secs] [Times: user=0.06 sys=0.00, real=0.01 secs]
2325.749: [GC [PSYoungGen: 52224K->256K(58880K)] 528073K->476105K(779776K), 0.0112992 secs] [Times: user=0.06 sys=0.00, real=0.01 secs]
2325.749: [GC [PSYoungGen: 52224K->256K(58880K)] 528073K->476105K(779776K), 0.0112992 secs] [Times: user=0.06 sys=0.00, real=0.01 secs]
2325.749: [GC [PSYoungGen: 52224K->256K(58880K)] 528073K->476105K(779776K), 0.0112992 secs] [Times: user=0.06 sys=0.00, real=0.01 secs]
2325.749: [GC [PSYoungGen: 52224K->256K(58880K)] 528073K->476105K(779776K), 0.0112992 secs] [Times: user=0.06 sys=0.00, real=0.01 secs]
2325.749: [GC [PSYoungGen: 52224K->256K(58880K)] 528073K->476105K(779776K), 0.0112992 secs] [Times: user=0.06 sys=0.00, real=0.01 secs]
2325.749: [GC [PSYoungGen: 52224K->256K(58880K)] 528073K->476105K(779776K), 0.0112992 secs] [Times: user=0.06 sys=0.00, real=0.01 secs]
2325.749: [GC [PSYoungGen: 52224K->256K(58880K)] 528073K->476105K(779776K), 0.0112992 secs] [Times: user=0.06 sys=0.00, real=0.01 secs]
2325.749: [GC [PSYoungGen: 52224K->256K(58880K)] 528073K->476105K(779776K), 0.0112992 secs] [Times: user=0.06 sys=0.00, real=0.01 secs]
2325.749: [GC [PSYoungGen: 52224K->256K(58880K)] 528073K->476105K(779776K), 0.0112992 secs] [Times: user=0.06 sys=0.00, real=0.01 secs]
2325.749: [GC [PSYoungGen: 52224K->256K(58880K)] 528073K->476105K(779776K), 0.0112992 secs] [Times: user=0.06 sys=0.00, real=0.01 secs]
2325.749: [GC [PSYoungGen: 52224K->256K(58880K)] 528073K->476105K(779776K), 0.0112992 secs] [Times: user=0.06 sys=0.00, real=0.01 secs]
2325.749: [GC [PSYoungGen: 52224K->256K(58880K)] 528073K->476105K(779776K), 0.0112992 secs] [Times: user=0.06 sys=0.00, real=0.01 secs]
2325.749: [GC [PSYoungGen: 52224K->256K(58880K)] 528073K->476105K(779776K), 0.0112992 secs] [Times: user=0.06 sys=0.00, real=0.01 secs]
2325.749: [GC [PSYoungGen: 52224K->256K(58880K)] 528073K->476105K(779776K), 0.0112992 secs] [Times: user=0.06 sys=0.00, real=0.01 secs]
2325.749: [GC [PSYoungGen: 52224K->256K(58880K)] 528073K->476105K(779776K), 0.0112992 secs] [Times: user=0.06 sys=0.00, real=0.01 secs]
2325.749: [GC [PSYoungGen: 52224K->256K(58880K)] 528073K->476105K(779776K), 0.0112992 secs] [Times: user=0.06 sys=0.00, real=0.01 secs]
2325.749: [GC [PSYoungGen: 52224K->256K(58880K)] 528073K->476105K(779776K), 0.0112992 secs] [Times: user=0.06 sys=0.00, real=0.01 secs]
2325.749: [GC [PSYoungGen: 52224K->256K(58880K)] 528073K->476105K(779776K), 0.0112992 secs] [Times: user=0.06 sys=0.00, real=0.01 secs]
2325.749: [GC [PSYoungGen: 52224K->256K(58880K)] 528073K->476105K(779776K), 0.0112992 secs] [Times: user=0.06 sys=0.00, real=0.01 secs]
2325.749: [GC [PSYoungGen: 52224K->256K(58880K)] 528073K->476105K(779776K), 0.0112992 secs] [Times: user=0.06 sys=0.00, real=0.01 secs]
2325.749: [GC [PSYoungGen: 52224K->256K(58880K)] 528073K->476105K(779776K), 0.0112992 secs] [Times: user=0.06 sys=0.00, real=0.01 secs]
2325.749: [GC [PSYoungGen: 52224K->256K(58880K)] 528073K->476105K(779776K), 0.0112992 secs] [Times: user=0.06 sys=0.00, real=0.01 secs]
2325.749: [GC [PSYoungGen: 52224K->256K(58880K)] 528073K->476105K(779776K), 0.0112992 secs] [Times: user=0.06 sys=0.00, real=0.01 secs]
2325.749: [GC [PSYoungGen: 52224K->256K(58880K)] 528073K->476105K(779776K), 0.0112992 secs] [Times: user=0.06 sys=0.00, real=0.01 secs]
2325.749: [GC [PSYoungGen: 52224K->256K(58880K)] 528073K->476105K(779776K), 0.0112992 secs] [Times: user=0.06 sys=0.00, real=0.01 secs]
2325.749: [GC [PSYoungGen: 52224K->256K(58880K)] 528073K->476105K(779776K), 0.0112992 secs] [Times: user=0.06 sys=0.00, real=0.01 secs]
2325.749: [GC [PSYoungGen: 52224K->256K(58880K)] 528073K->476105K(779776K), 0.0112992 secs] [Times: user=0.06 sys=0.00, real=0.01 secs]
2325.749: [GC [PSYoungGen: 52224K->256K(58880K)] 528073K->476105K(779776K), 0.0112992 secs] [Times: user=0.06 sys=0.00, real=0.01 secs]
2325.749: [GC [PSYoungGen: 52224K->256K(58880K)] 528073K->476105K(779776K), 0.0112992 secs] [Times: user=0.06 sys=0.00, real=0.01 secs]
2325.749: [GC [PSYoungGen: 52224K->256K(58880K)] 528073K->476105K(779776K), 0.0112992 secs] [Times: user=0.06 sys=0.00, real=0.01 secs]
2325.749: [GC [PSYoungGen: 52224K->256K(58880K)] 528073K->476105K(779776K), 0.0112992 secs] [Times: user=0.06 sys=0.00, real=0.01 secs]
2325.749: [GC [PSYoungGen: 52224K->256K(58880K)] 528073K->476105K(779776K), 0.0112992 secs] [Times: user=0.06 sys=0.00, real=0.01 secs]
2325.749: [GC [PSYoungGen: 52224K->256K(58880K)] 528073K->476105K(779776K), 0.0112992 secs] [Times: user=0.06 sys=0.00, real=0.01 secs]
2325.749: [GC [PSYoungGen: 52224K->256K(58880K)] 528073K->476105K(779776K), 0.0112992 secs] [Times: user=0.06 sys=0.00, real=0.01 secs]
2325.749: [GC [PSYoungGen: 52224K->256K(58880K)] 528073K->476105K(779776K), 0.0112992 secs] [Times: user=0.06 sys=0.00, real=0.01 secs]
2325.749: [GC [PSYoungGen: 52224K->256K(58880K)] 528073K->476105K(779776K), 0.0112992 secs] [Times: user=0.06 sys=0.00, real=0.01 secs]
2325.749: [GC [PSYoungGen: 52224K->256K(58880K)] 528073K->476105K(779776K), 0.0112992 secs] [Times: user=0.06 sys=0.00, real=0.01 secs]
2325.749: [GC [PSYoungGen: 52224K->256K(58880K)] 528073K->476105K(779776K), 0.0112992 secs] [Times: user=0.06 sys=0.00, real=0.01 secs]
2325.749: [GC [PSYoungGen: 52224K->256K(58880K)] 528073K->476105K(779776K), 0.0112992 secs] [Times: user=0.06 sys=0.00, real=0.01 secs]
2325.749: [GC [PSYoungGen: 52224K->256K(58880K)] 528073K->476105K(779776K), 0.0112992 secs] [Times: user=0.06 sys=0.00, real=0.01 secs]
2325.749: [GC [PSYoungGen: 52224K->256K(58880K)] 528073K->476105K(779776K), 0.0112992 secs] [Times: user=0.06 sys=0.00, real=0.01 secs]
2325.749: [GC [PSYoungGen: 52224K->256K(58880K)] 528073K->476105K(779776K), 0.0112992 secs] [Times: user=0.06 sys=0.00, real=0.01 secs]
2325.749: [GC [PSYoungGen: 52224K->256K(58880K)] 528073K->476105K(779776K), 0.0112992 secs] [Times: user=0.06 sys=0.00, real=0.01 secs]
2325.749: [GC [PSYoungGen: 52224K->256K(58880K)] 528073K->476105K(779776K), 0.0112992 secs] [Times: user=0.06 sys=0.00, real=0.01 secs]
2325.749: [GC [PSYoungGen: 52224K->256K(58880K)] 528073K->476105K(779776K), 0.0112992 secs] [Times: user=0.06 sys=0.00, real=0.01 secs]
2325.749: [GC [PSYoungGen: 52224K->256K(58880K)] 528073K->476105K(779776K), 0.0112992 secs] [Times: user=0.06 sys=0.00, real=0.01 secs]
2325.749: [GC [PSYoungGen: 52224K->256K(58880K)] 528073K->476105K(779776K), 0.0112992 secs] [Times: user=0.06 sys=0.00, real=0.01 secs]
2325.749: [GC [PSYoungGen: 52224K->256K(58880K)] 528073K->476105K(779776K), 0.0112992 secs] [Times: user=0.06 sys=0.00, real=0.01 secs]
2325.749: [GC [PSYoungGen: 52224K->256K(58880K)] 528073K->476105K(779776K), 0.0112992 secs] [Times: user=0.06 sys=0.00, real=0.01 secs]
2325.749: [GC [PSYoungGen: 52224K->256K(58880K)] 528073K->476105K(779776K), 0.0112992 secs] [Times: user=0.06 sys=0.00, real=0.01 secs]
2325.749: [GC [PSYoungGen: 52224K->256K(58880K)] 528073K->476105K(779776K), 0.0112992 secs] [Times: user=0.06 sys=0.00, real=0.01 secs]
2325.749: [GC [PSYoungGen: 52224K->256K(58880K)] 528073K->476105K(779776K), 0.0112992 secs] [Times: user=0.06 sys=0.00, real=0.01 secs]
2325.749: [GC [PSYoungGen: 52224K->256K(58880K)] 528073K->476105K(779776K), 0.0112992 secs] [Times: user=0.06 sys=0.00, real=0.01 secs]
2325.749: [GC [PSYoungGen: 52224K->256K(58880K)] 528073K->476105K(779776K), 0.0112992 secs] [Times: user=0.06 sys=0.00, real=0.01 secs]
2325.749: [GC [PSYoungGen: 52224K->256K(58880K)] 528073K->476105K(779776K), 0.0112992 secs] [Times: user=0.06 sys=0.00, real=0.01 secs]
2325.749: [GC [PSYoungGen: 52224K->256K(58880K)] 528073K->476105K(779776K), 0.0112992 secs] [Times: user=0.06 sys=0.00, real=0.01 secs]
2325.749: [GC [PSYoungGen: 52224K->256K(58880K)] 528073K->476105K(779776K), 0.0112992 secs] [Times: user=0.06 sys=0.00, real=0.01 secs]
2325.749: [GC [PSYoungGen: 52224K->256K(58880K)] 528073K->476105K(779776K), 0.0112992 secs] [Times: user=0.06 sys=0.00, real=0.01 secs]
2325.749: [GC [PSYoungGen: 52224K->256K(58880K)] 528073K->476105K(779776K), 0.0112992 secs] [Times: user=0.06 sys=0.00, real=0.01 secs]
2325.749: [GC [PSYoungGen: 52224K->256K(58880K)] 528073K->476105K(779776K), 0.0112992 secs] [Times: user=0.06 sys=0.00, real=0.01 secs]
2325.749: [GC [PSYoungGen: 52224K->256K(58880K)] 528073K->476105K(779776K), 0.0112992 secs] [Times: user=0.06 sys=0.00, real=0.01 secs]
2325.749: [GC [PSYoungGen: 52224K->256K(58880K)] 528073K->476105K(779776K), 0.0112992 secs] [Times: user=0.06 sys=0.00, real=0.01 secs]
2325.749: [GC [PSYoungGen: 52224K->256K(58880K)] 528073K->476105K(779776K), 0.0112992 secs] [Times: user=0.06 sys=0.00, real=0.01 secs]
2325.749: [GC [PSYoungGen: 52224K->256K(58880K)] 528073K->476105K(779776K), 0.0112992 secs] [Times: user=0.06 sys=0.00, real=0.01 secs]
2325.749: [GC [PSYoungGen: 52224K->256K(58880K)] 528073K->476105K(779776K), 0.0112992 secs] [Times: user=0.06 sys=0.00, real=0.01 secs]
2325.749: [GC [PSYoungGen: 52224K->256K(58880K)] 528073K->476105K(779776K), 0.0112992 secs] [Times: user=0.06 sys=0.00, real=0.01 secs]
2325.749: [GC [PSYoungGen: 52224K->256K(58880K)] 528073K->476105K(779776K), 0.0112992 secs] [Times: user=0.06 sys=0.00, real=0.01 secs]
2325.749: [GC [PSYoungGen: 52224K->256K(58880K)] 528073K->476105K(779776K), 0.0112992 secs] [Times: user=0.06 sys=0.00, real=0.01 secs]
2325.749: [GC [PSYoungGen: 52224K->256K(58880K)] 528073K->476105K(779776K), 0.0112992 secs] [Times: user=0.06 sys=0.00, real=0.01 secs]
2325.749: [GC [PSYoungGen: 52224K->256K(58880K)] 528073K->476105K(779776K), 0.0112992 secs] [Times: user=0.06 sys=0.00, real=0.01 secs]
2325.749: [GC [PSYoungGen: 52224K->256K(58880K)] 528073K->476105K(779776K), 0.0112992 secs] [Times: user=0.06 sys=0.00, real=0.01 secs]
2325.749: [GC [PSYoungGen: 52224K->256K(58880K)] 528073K->476105K(779776K), 0.0112992 secs] [Times: user=0.06 sys=0.00, real=0.01 secs]
2325.749: [GC [PSYoungGen: 52224K->256K(58880K)] 528073K->476105K(779776K), 0.0112992 secs] [Times: user=0.06 sys=0.00, real=0.01 secs]
2325.749: [GC [PSYoungGen: 52224K->256K(58880K)] 528073K->476105K(779776K), 0.0112992 secs] [Times: user=0.06 sys=0.00, real=0.01 secs]
2325.749: [GC [PSYoungGen: 52224K->256K(58880K)] 528073K->476105K(779776K), 0.0112992 secs] [Times: user=0.06 sys=0.00, real=0.01 secs]
2325.749: [GC [PSYoungGen: 52224K->256K(58880K)] 528073K->476105K(779776K), 0.0112992 secs] [Times: user=0.06 sys=0.00, real=0.01 secs]
2325.749: [GC [PSYoungGen: 52224K->256K(58880K)] 528073K->476105K(779776K), 0.0112992 secs] [Times: user=0.06 sys=0.00, real=0.01 secs]
2325.749: [GC [PSYoungGen: 52224K->256K(58880K)] 528073K->476105K(779776K), 0.0112992 secs] [Times: user=0.06 sys=0.00, real=0.01 secs]
2325.749: [GC [PSYoungGen: 52224K->256K(58880K)] 528073K->476105K(779776K), 0.0112992 secs] [Times: user=0.06 sys=0.00, real=0.01 secs]
2325.749: [GC [PSYoungGen: 52224K->256K(58880K)] 528073K->476105K(779776K), 0.0112992 secs] [Times: user=0.06 sys=0.00, real=0.01 secs]
2325.749: [GC [PSYoungGen: 52224K->256K(58880K)] 528073K->476105K(779776K), 0.0112992 secs] [Times: user=0.06 sys=0.00, real=0.01 secs]
2325.749: [GC [PSYoungGen: 52224K->256K(58880K)] 528073K->476105K(779776K), 0.0112992 secs] [Times: user=0.06 sys=0.00, real=0.01 secs]
2325.749: [GC [PSYoungGen: 52224K->256K(58880K)] 528073K->476105K(779776K), 0.0112992 secs] [Times: user=0.06 sys=0.00, real=0.01 secs]
2325.749: [GC [PSYoungGen: 52224K->256K(58880K)] 528073K->476105K(779776K), 0.0112992 secs] [Times: user=0.06 sys=0.00, real=0.01 secs]
2325.749: [GC [PSYoungGen: 52224K->256K(58880K)] 528073K->476105K(779776K), 0.0112992 secs] [Times: user=0.06 sys=0.00, real=0.01 secs]
2325.749: [GC [PSYoungGen: 52224K->256K(58880K)] 528073K->476105K(779776K), 0.0112992 secs] [Times: user=0.06 sys=0.00, real=0.01 secs]
2325.749: [GC [PSYoungGen: 52224K->256K(58880K)] 528073K->476105K(779776K), 0.0112992 secs] [Times: user=0.06 sys=0.00, real=0.01 secs]
2325.749: [GC [PSYoungGen: 52224K->256K(58880K)] 528073K->476105K(779776K), 0.0112992 secs] [Times: user=0.06 sys=0.00, real=0.01 secs]
2325.749: [GC [PSYoungGen: 52224K->256K(58880K)] 528073K->476105K(779776K), 0.0112992 secs] [Times: user=0.06 sys=0.00, real=0.01 secs]
2325.749: [GC [PSYoungGen: 52224K->256K(58880K)] 528073K->476105K(779776K), 0.0112992 secs] [Times: user=0.06 sys=0.00, real=0.01 secs]
2325.749: [GC [PSYoungGen: 52224K->256K(58880K)] 528073K->476105K(779776K), 0.0112992 secs] [Times: user=0.06 sys=0.00, real=0.01 secs]
2325.749: [GC [PSYoungGen: 52224K->256K(58880K)] 528073K->476105K(779776K), 0.0112992 secs] [Times: user=0.06 sys=0.00, real=0.01 secs]
2325.749: [GC [PSYoungGen: 52224K->256K(58880K)] 528073K->476105K(779776K), 0.0112992 secs] [Times: user=0.06 sys=0.00, real=0.01 secs]
2325.749: [GC [PSYoungGen: 52224K->256K(58880K)] 528073K->476105K(779776K), 0.0112992 secs] [Times: user=0.06 sys=0.00, real=0.01 secs]
2325.749: [GC [PSYoungGen: 52224K->256K(58880K)] 528073K->476105K(779776K), 0.0112992 secs] [Times: user=0.06 sys=0.00, real=0.01 secs]
2325.749: [GC [PSYoungGen: 52224K->256K(58880K)] 528073K->476105K(779776K), 0.0112992 secs] [Times: user=0.06 sys=0.00, real=0.01 secs]
2325.749: [GC [PSYoungGen: 52224K->256K(58880K)] 528073K->476105K(779776K), 0.0112992 secs] [Times: user=0.06 sys=0.00, real=0.01 secs]
2325.749: [GC [PSYoungGen: 52224K->256K(58880K)] 528073K->476105K(779776K), 0.0112992 secs] [Times: user=0.06 sys=0.00, real=0.01 secs]
2325.749: [GC [PSYoungGen: 52224K->256K(58880K)] 528073K->476105K(779776K), 0.0112992 secs] [Times: user=0.06 sys=0.00, real=0.01 secs]
2325.749: [GC [PSYoungGen: 52224K->256K(58880K)] 528073K->476105K(779776K), 0.0112992 secs] [Times: user=0.06 sys=0.00, real=0.01 secs]
2325.749: [GC [PSYoungGen: 52224K->256K(58880K)] 528073K->476105K(779776K), 0.0112992 secs] [Times: user=0.06 sys=0.00, real=0.01 secs]
2325.749: [GC [PSYoungGen: 52224K->256K(58880K)] 528073K->476105K(779776K), 0.0112992 secs] [Times: user=0.06 sys=0.00, real=0.01 secs]
2325.749: [GC [PSYoungGen: 52224K->256K(58880K)] 528073K->476105K(779776K), 0.0112992 secs] [Times: user=0.06 sys=0.00, real=0.01 secs]
2325.749: [GC [PSYoungGen: 52224K->256K(58880K)] 528073K->476105K(779776K), 0.0112992 secs] [Times: user=0.06 sys=0.00, real=0.01 secs]
2325.749: [GC [PSYoungGen: 52224K->256K(58880K)] 528073K->476105K(779776K), 0.0112992 secs] [Times: user=0.06 sys=0.00, real=0.01 secs]
2325.749: [GC [PSYoungGen: 52224K->256K(58880K)] 528073K->476105K(779776K), 0.0112992 secs] [Times: user=0.06 sys=0.00, real=0.01 secs]
2325.749: [GC [PSYoungGen: 52224K->256K(58880K)] 528073K->476105K(779776K), 0.0112992 secs] [Times: user=0.06 sys=0.00, real=0.01 secs]
2325.749: [GC [PSYoungGen: 52224K->256K(58880K)] 528073K->476105K(779776K), 0.0112992 secs] [Times: user=0.06 sys=0.00, real=0.01 secs]
2325.749: [GC [PSYoungGen: 52224K->256K(58880K)] 528073K->476105K(779776K), 0.0112992 secs] [Times: user=0.06 sys=0.00, real=0.01 secs]
2325.749: [GC [PSYoungGen: 52224K->256K(58880K)] 528073K->476105K(779776K), 0.0112992 secs] [Times: user=0.06 sys=0.00, real=0.01 secs]
2325.749: [GC [PSYoungGen: 52224K->256K(58880K)] 528073K->476105K(779776K), 0.0112992 secs] [Times: user=0.06 sys=0.00, real=0.01 secs]
2325.749: [GC [PSYoungGen: 52224K->256K(58880K)] 528073K->476105K(779776K), 0.0112992 secs] [Times: user=0.06 sys=0.00, real=0.01 secs]
2325.749: [GC [PSYoungGen: 52224K->256K(58880K)] 528073K->476105K(779776K), 0.0112992 secs] [Times: user=0.06 sys=0.00, real=0.01 secs]
2325.749: [GC [PSYoungGen: 52224K->256K(58880K)] 528073K->476105K(779776K), 0.0112992 secs] [Times: user=0.06 sys=0.00, real=0.01 secs]
2325.749: [GC [PSYoungGen: 52224K->256K(58880K)] 528073K->476105K(779776K), 0.0112992 secs] [Times: user=0.06 sys=0.00, real=0.01 secs]
2325.749: [GC [PSYoungGen: 52224K->256K(58880K)] 528073K->476105K(779776K), 0.0112992 secs] [Times: user=0.06 sys=0.00, real=0.01 secs]
2325.749: [GC [PSYoungGen: 52224K->256K(58880K)] 528073K->476105K(779776K), 0.0112992 secs] [Times: user=0.06 sys=0.00, real=0.01 secs]
2325.749: [GC [PSYoungGen: 52224K->256K(58880K)] 528073K->476105K(779776K), 0.0112992 secs] [Times: user=0.06 sys=0.00, real=0.01 secs]
2325.749: [GC [PSYoungGen: 52224K->256K(58880K)] 528073K->476105K(779776K), 0.0112992 secs] [Times: user=0.06 sys=0.00, real=0.01 secs]
2325.749: [GC [PSYoungGen: 52224K->256K(58880K)] 528073K->476105K(779776K), 0.0112992 secs] [Times: user=0.06 sys=0.00, real=0.01 secs]
2325.749: [GC [PSYoungGen: 52224K->256K(58880K)] 528073K->476105K(779776K), 0.0112992 secs] [Times: user=0.06 sys=0.00, real=0.01 secs]
2325.749: [GC [PSYoungGen: 52224K->256K(58880K)] 528073K->476105K(779776K), 0.0112992 secs] [Times: user=0.06 sys=0.00, real=0.01 secs]
2325.749: [GC [PSYoungGen: 52224K->256K(58880K)] 528073K->476105K(779776K), 0.0112992 secs] [Times: user=0.06 sys=0.00, real=0.01 secs]
2325.749: [GC [PSYoungGen: 52224K->256K(58880K)] 528073K->476105K(779776K), 0.0112992 secs] [Times: user=0.06 sys=0.00, real=0.01 secs]
2325.749: [GC [PSYoungGen: 52224K->256K(58880K)] 528073K->476105K(779776K), 0.0112992 secs] [Times: user=0.06 sys=0.00, real=0.01 secs]
2325.749: [GC [PSYoungGen: 52224K->256K(58880K)] 528073K->476105K(779776K), 0.0112992 secs] [Times: user=0.06 sys=0.00, real=0.01 secs]
2325.749: [GC [PSYoungGen: 52224K->256K(58880K)] 528073K->476105K(779776K), 0.0112992 secs] [Times: user=0.06 sys=0.00, real=0.01 secs]
2325.749: [GC [PSYoungGen: 52224K->256K(58880K)] 528073K->476105K(779776K), 0.0112992 secs] [Times: user=0.06 sys=0.00, real=0.01 secs]
2325.749: [GC [PSYoungGen: 52224K->256K(58880K)] 528073K->476105K(779776K), 0.0112992 secs] [Times: user=0.06 sys=0.00, real=0.01 secs]
2325.749: [GC [PSYoungGen: 52224K->256K(58880K)] 528073K->476105K(779776K), 0.0112992 secs] [Times: user=0.06 sys=0.00, real=0.01 secs]
2325.749: [GC [PSYoungGen: 52224K->256K(58880K)] 528073K->476105K(779776K), 0.0112992 secs] [Times: user=0.06 sys=0.00, real=0.01 secs]
2325.749: [GC [PSYoungGen: 52224K->256K(58880K)] 528073K->476105K(779776K), 0.0112992 secs] [Times: user=0.06 sys=0.00, real=0.01 secs]
2325.749: [GC [PSYoungGen: 52224K->256K(58880K)] 528073K->476105K(779776K), 0.0112992 secs] [Times: user=0.06 sys=0.00, real=0.01 secs]
2325.749: [GC [PSYoungGen: 52224K->256K(58880K)] 528073K->476105K(779776K), 0.0112992 secs] [Times: user=0.06 sys=0.00, real=0.01 secs]
2325.749: [GC [PSYoungGen: 52224K->256K(58880K)] 528073K->476105K(779776K), 0.0112992 secs] [Times: user=0.06 sys=0.00, real=0.01 secs]
2325.749: [GC [PSYoungGen: 52224K->256K(58880K)] 528073K->476105K(779776K), 0.0112992 secs] [Times: user=0.06 sys=0.00, real=0.01 secs]
2325.749: [GC [PSYoungGen: 52224K->256K(58880K)] 528073K->476105K(779776K), 0.0112992 secs] [Times: user=0.06 sys=0.00, real=0.01 secs]
2325.749: [GC [PSYoungGen: 52224K->256K(58880K)] 528073K->476105K(779776K), 0.0112992 secs] [Times: user=0.06 sys=0.00, real=0.01 secs]
2325.749: [GC [PSYoungGen: 52224K->256K(58880K)] 528073K->476105K(779776K), 0.0112992 secs] [Times: user=0.06 sys=0.00, real=0.01 secs]
2325.749: [GC [PSYoungGen: 52224K->256K(58880K)] 528073K->476105K(779776K), 0.0112992 secs] [Times: user=0.06 sys=0.00, real=0.01 secs]
2325.749: [GC [PSYoungGen: 52224K->256K(58880K)] 528073K->476105K(779776K), 0.0112992 secs] [Times: user=0.06 sys=0.00, real=0.01 secs]
2325.749: [GC [PSYoungGen: 52224K->256K(58880K)] 528073K->476105K(779776K), 0.0112992 secs] [Times: user=0.06 sys=0.00, real=0.01 secs]
2325.749: [GC [PSYoungGen: 52224K->256K(58880K)] 528073K->476105K(779776K), 0.0112992 secs] [Times: user=0.06 sys=0.00, real=0.01 secs]
2325.749: [GC [PSYoungGen: 52224K->256K(58880K)] 528073K->476105K(779776K), 0.0112992 secs] [Times: user=0.06 sys=0.00, real=0.01 secs]
2325.749: [GC [PSYoungGen: 52224K->256K(58880K)] 528073K->476105K(779776K), 0.0112992 secs] [Times: user=0.06 sys=0.00, real=0.01 secs]
2325.749: [GC [PSYoungGen: 52224K->256K(58880K)] 528073K->476105K(779776K), 0.0112992 secs] [Times: user=0.06 sys=0.00, real=0.01 secs]
2325.749: [GC [PSYoungGen: 52224K->256K(58880K)] 528073K->476105K(779776K), 0.0112992 secs] [Times: user=0.06 sys=0.00, real=0.01 secs]
2325.749: [GC [PSYoungGen: 52224K->256K(58880K)] 528073K->476105K(779776K), 0.0112992 secs] [Times: user=0.06 sys=0.00, real=0.01 secs]
2325.749: [GC [PSYoungGen: 52224K->256K(58880K)] 528073K->476105K(779776K), 0.0112992 secs] [Times: user=0.06 sys=0.00, real=0.01 secs]
2325.749: [GC [PSYoungGen: 52224K->256K(58880K)] 528073K->476105K(779776K), 0.0112992 secs] [Times: user=0.06 sys=0.00, real=0.01 secs]
2325.749: [GC [PSYoungGen: 52224K->256K(58880K)] 528073K->476105K(779776K), 0.0112992 secs] [Times: user=0.06 sys=0.00, real=0.01 secs]
2325.749: [GC [PSYoungGen: 52224K->256K(58880K)] 528073K->476105K(779776K), 0.0112992 secs] [Times: user=0.06 sys=0.00, real=0.01 secs]
2325.749: [GC [PSYoungGen: 52224K->256K(58880K)] 528073K->476105K(779776K), 0.0112992 secs] [Times: user=0.06 sys=0.00, real=0.01 secs]
2325.749: [GC [PSYoungGen: 52224K->256K(58880K)] 528073K->476105K(779776K), 0.0112992 secs] [Times: user=0.06 sys=0.00, real=0.01 secs]
2325.749: [GC [PSYoungGen: 52224K->256K(58880K)] 528073K->476105K(779776K), 0.0112992 secs] [Times: user=0.06 sys=0.00, real=0.01 secs]
2325.749: [GC [PSYoungGen: 52224K->256K(58880K)] 528073K->476105K(779776K), 0.0112992 secs] [Times: user=0.06 sys=0.00, real=0.01 secs]
2325.749: [GC [PSYoungGen: 52224K->256K(58880K)] 528073K->476105K(779776K), 0.0112992 secs] [Times: user=0.06 sys=0.00, real=0.01 secs]
2325.749: [GC [PSYoungGen: 52224K->256K(58880K)] 528073K->476105K(779776K), 0.0112992 secs] [Times: user=0.06 sys=0.00, real=0.01 secs]
2325.749: [GC [PSYoungGen: 52224K->256K(58880K)] 528073K->476105K(779776K), 0.0112992 secs] [Times: user=0.06 sys=0.00, real=0.01 secs]
2325.749: [GC [PSYoungGen: 52224K->256K(58880K)] 528073K->476105K(779776K), 0.0112992 secs] [Times: user=0.06 sys=0.00, real=0.01 secs]
2325.749: [GC [PSYoungGen: 52224K->256K(58880K)] 528073K->476105K(779776K), 0.0112992 secs] [Times: user=0.06 sys=0.00, real=0.01 secs]
2325.749: [GC [PSYoungGen: 52224K->256K(58880K)] 528073K->476105K(779776K), 0.0112992 secs] [Times: user=0.06 sys=0.00, real=0.01 secs]
2325.749: [GC [PSYoungGen: 52224K->256K(58880K)] 528073K->476105K(779776K), 0.0112992 secs] [Times: user=0.06 sys=0.00, real=0.01 secs]
2325.749: [GC [PSYoungGen: 52224K->256K(58880K)] 528073K->476105K(779776K), 0.0112992 secs] [Times: user=0.06 sys=0.00, real=0.01 secs]
2325.749: [GC [PSYoungGen: 52224K->256K(58880K)] 528073K->476105K(779776K), 0.0112992 secs] [Times: user=0.06 sys=0.00, real=0.01 secs]
2325.749: [GC [PSYoungGen: 52224K->256K(58880K)] 528073K->476105K(779776K), 0.0112992 secs] [Times: user=0.06 sys=0.00, real=0.01 secs]
2325.749: [GC [PSYoungGen: 52224K->256K(58880K)] 528073K->476105K(779776K), 0.0112992 secs] [Times: user=0.06 sys=0.00, real=0.01 secs]
2325.749: [GC [PSYoungGen: 52224K->256K(58880K)] 528073K->476105K(779776K), 0.0112992 secs] [Times: user=0.06 sys=0.00, real=0.01 secs]
2325.749: [GC [PSYoungGen: 52224K->256K(58880K)] 528073K->476105K(779776K), 0.0112992 secs] [Times: user=0.06 sys=0.00, real=0.01 secs]
2325.749: [GC [PSYoungGen: 52224K->256K(58880K)] 528073K->476105K(779776K), 0.0112992 secs] [Times: user=0.06 sys=0.00, real=0.01 secs]
2325.749: [GC [PSYoungGen: 52224K->256K(58880K)] 528073K->476105K(779776K), 0.0112992 secs] [Times: user=0.06 sys=0.00, real=0.01 secs]
2325.749: [GC [PSYoungGen: 52224K->256K(58880K)] 528073K->476105K(779776K), 0.0112992 secs] [Times: user=0.06 sys=0.00, real=0.01 secs]
2325.749: [GC [PSYoungGen: 52224K->256K(58880K)] 528073K->476105K(779776K), 0.0112992 secs] [Times: user=0.06 sys=0.00, real=0.01 secs]
2325.749: [GC [PSYoungGen: 52224K->256K(58880K)] 528073K->476105K(779776K), 0.0112992 secs] [Times: user=0.06 sys=0.00, real=0.01 secs]
2325.749: [GC [PSYoungGen: 52224K->256K(58880K)] 528073K->476105K(779776K), 0.0112992 secs] [Times: user=0.06 sys=0.00, real=0.01 secs]
2325.749: [GC [PSYoungGen: 52224K->256K(58880K)] 528073K->476105K(779776K), 0.0112992 secs] [Times: user=0.06 sys=0.00, real=0.01 secs]
2325.749: [GC [PSYoungGen: 52224K->256K(58880K)] 528073K->476105K(779776K), 0.0112992 secs] [Times: user=0.06 sys=0.00, real=0.01 secs]
2325.749: [GC [PSYoungGen: 52224K->256K(58880K)] 528073K->476105K(779776K), 0.0112992 secs] [Times: user=0.06 sys=0.00, real=0.01 secs]
2325.749: [GC [PSYoungGen: 52224K->256K(58880K)] 528073K->476105K(779776K), 0.0112992 secs] [Times: user=0.06 sys=0.00, real=0.01 secs]
2325.749: [GC [PSYoungGen: 52224K->256K(58880K)] 528073K->476105K(779776K), 0.0112992 secs] [Times: user=0.06 sys=0.00, real=0.01 secs]
2325.749: [GC [PSYoungGen: 52224K->256K(58880K)] 528073K->476105K(779776K), 0.0112992 secs] [Times: user=0.06 sys=0.00, real=0.01 secs]
2325.749: [GC [PSYoungGen: 52224K->256K(58880K)] 528073K->476105K(779776K), 0.0112992 secs] [Times: user=0.06 sys=0.00, real=0.01 secs]
2325.749: [GC [PSYoungGen: 52224K->256K(58880K)] 528073K->476105K(779776K), 0.0112992 secs] [Times: user=0.06 sys=0.00, real=0.01 secs]
2325.749: [GC [PSYoungGen: 52224K->256K(58880K)] 528073K->476105K(779776K), 0.0112992 secs] [Times: user=0.06 sys=0.00, real=0.01 secs]
2325.749: [GC [PSYoungGen: 52224K->256K(58880K)] 528073K->476105K(779776K), 0.0112992 secs] [Times: user=0.06 sys=0.00, real=0.01 secs]
2325.749: [GC [PSYoungGen: 52224K->256K(58880K)] 528073K->476105K(779776K), 0.0112992 secs] [Times: user=0.06 sys=0.00, real=0.01 secs]
2325.749: [GC [PSYoungGen: 52224K->256K(58880K)] 528073K->476105K(779776K), 0.0112992 secs] [Times: user=0.06 sys=0.00, real=0.01 secs]
2325.749: [GC [PSYoungGen: 52224K->256K(58880K)] 528073K->476105K(779776K), 0.0112992 secs] [Times: user=0.06 sys=0.00, real=0.01 secs]
2325.749: [GC [PSYoungGen: 52224K->256K(58880K)] 528073K->476105K(779776K), 0.0112992 secs] [Times: user=0.06 sys=0.00, real=0.01 secs]
2325.749: [GC [PSYoungGen: 52224K->256K(58880K)] 528073K->476105K(779776K), 0.0112992 secs] [Times: user=0.06 sys=0.00, real=0.01 secs]
2325.749: [GC [PSYoungGen: 52224K->256K(58880K)] 528073K->476105K(779776K), 0.0112992 secs] [Times: user=0.06 sys=0.00, real=0.01 secs]
2325.749: [GC [PSYoungGen: 52224K->256K(58880K)] 528073K->476105K(779776K), 0.0112992 secs] [Times: user=0.06 sys=0.00, real=0.01 secs]
2325.749: [GC [PSYoungGen: 52224K->256K(58880K)] 528073K->476105K(779776K), 0.0112992 secs] [Times: user=0.06 sys=0.00, real=0.01 secs]
2325.749: [GC [PSYoungGen: 52224K->256K(58880K)] 528073K->476105K(779776K), 0.0112992 secs] [Times: user=0.06 sys=0.00, real=0.01 secs]
2325.749: [GC [PSYoungGen: 52224K->256K(58880K)] 528073K->476105K(779776K), 0.0112992 secs] [Times: user=0.06 sys=0.00, real=0.01 secs]
2325.749: [GC [PSYoungGen: 52224K->256K(58880K)] 528073K->476105K(779776K), 0.0112992 secs] [Times: user=0.06 sys=0.00, real=0.01 secs]
2325.749: [GC [PSYoungGen: 52224K->256K(58880K)] 528073K->476105K(779776K), 0.0112992 secs] [Times: user=0.06 sys=0.00, real=0.01 secs]
2325.749: [GC [PSYoungGen: 52224K->256K(58880K)] 528073K->476105K(779776K), 0.0112992 secs] [Times: user=0.06 sys=0.00, real=0.01 secs]
2325.749: [GC [PSYoungGen: 52224K->256K(58880K)] 528073K->476105K(779776K), 0.0112992 secs] [Times: user=0.06 sys=0.00, real=0.01 secs]
2325.749: [GC [PSYoungGen: 52224K->256K(58880K)] 528073K->476105K(779776K), 0.0112992 secs] [Times: user=0.06 sys=0.00, real=0.01 secs]
2325.749: [GC [PSYoungGen: 52224K->256K(58880K)] 528073K->476105K(779776K), 0.0112992 secs] [Times: user=0.06 sys=0.00, real=0.01 secs]
2325.749: [GC [PSYoungGen: 52224K->256K(58880K)] 528073K->476105K(779776K), 0.0112992 secs] [Times: user=0.06 sys=0.00, real=0.01 secs]
2325.749: [GC [PSYoungGen: 52224K->256K(58880K)] 528073K->476105K(779776K), 0.0112992 secs] [Times: user=0.06 sys=0.00, real=0.01 secs]
2325.749: [GC [PSYoungGen: 52224K->256K(58880K)] 528073K->476105K(779776K), 0.0112992 secs] [Times: user=0.06 sys=0.00, real=0.01 secs]
2325.749: [GC [PSYoungGen: 52224K->256K(58880K)] 528073K->476105K(779776K), 0.0112992 secs] [Times: user=0.06 sys=0.00, real=0.01 secs]
2325.749: [GC [PSYoungGen: 52224K->256K(58880K)] 528073K->476105K(779776K), 0.0112992 secs] [Times: user=0.06 sys=0.00, real=0.01 secs]
2325.749: [GC [PSYoungGen: 52224K->256K(58880K)] 528073K->476105K(779776K), 0.0112992 secs] [Times: user=0.06 sys=0.00, real=0.01 secs]
2325.749: [GC [PSYoungGen: 52224K->256K(58880K)] 528073K->476105K(779776K), 0.0112992 secs] [Times: user=0.06 sys=0.00, real=0.01 secs]
2325.749: [GC [PSYoungGen: 52224K->256K(58880K)] 528073K->476105K(779776K), 0.0112992 secs] [Times: user=0.06 sys=0.00, real=0.01 secs]
2325.749: [GC [PSYoungGen: 52224K->256K(58880K)] 528073K->476105K(779776K), 0.0112992 secs] [Times: user=0.06 sys=0.00, real=0.01 secs]
2325.749: [GC [PSYoungGen: 52224K->256K(58880K)] 528073K->476105K(779776K), 0.0112992 secs] [Times: user=0.06 sys=0.00, real=0.01 secs]
2325.749: [GC [PSYoungGen: 52224K->256K(58880K)] 528073K->476105K(779776K), 0.0112992 secs] [Times: user=0.06 sys=0.00, real=0.01 secs]
2325.749: [GC [PSYoungGen: 52224K->256K(58880K)] 528073K->476105K(779776K), 0.0112992 secs] [Times: user=0.06 sys=0.00, real=0.01 secs]
2325.749: [GC [PSYoungGen: 52224K->256K(58880K)] 528073K->476105K(779776K), 0.0112992 secs] [Times: user=0.06 sys=0.00, real=0.01 secs]
2325.749: [GC [PSYoungGen: 52224K->256K(58880K)] 528073K->476105K(779776K), 0.0112992 secs] [Times: user=0.06 sys=0.00, real=0.01 secs]
2325.749: [GC [PSYoungGen: 52224K->256K(58880K)] 528073K->476105K(779776K), 0.0112992 secs] [Times: user=0.06 sys=0.00, real=0.01 secs]
2325.749: [GC [PSYoungGen: 52224K->256K(58880K)] 528073K->476105K(779776K), 0.0112992 secs] [Times: user=0.06 sys=0.00, real=0.01 secs]
2325.749: [GC [PSYoungGen: 52224K->256K(58880K)] 528073K->476105K(779776K), 0.0112992 secs] [Times: user=0.06 sys=0.00, real=0.01 secs]
2325.749: [GC [PSYoungGen: 52224K->256K(58880K)] 528073K->476105K(779776K), 0.0112992 secs] [Times: user=0.06 sys=0.00, real=0.01 secs]
2325.749: [GC [PSYoungGen: 52224K->256K(58880K)] 528073K->476105K(779776K), 0.0112992 secs] [Times: user=0.06 sys=0.00, real=0.01 secs]
2325.749: [GC [PSYoungGen: 52224K->256K(58880K)] 528073K->476105K(779776K), 0.0112992 secs] [Times: user=0.06 sys=0.00, real=0.01 secs]
2325.749: [GC [PSYoungGen: 52224K->256K(58880K)] 528073K->476105K(779776K), 0.0112992 secs] [Times: user=0.06 sys=0.00, real=0.01 secs]
2325.749: [GC [PSYoungGen: 52224K->256K(58880K)] 528073K->476105K(779776K), 0.0112992 secs] [Times: user=0.06 sys=0.00, real=0.01 secs]
2325.749: [GC [PSYoungGen: 52224K->256K(58880K)] 528073K->476105K(779776K), 0.0112992 secs] [Times: user=0.06 sys=0.00, real=0.01 secs]
2325.749: [GC [PSYoungGen: 52224K->256K(58880K)] 528073K->476105K(779776K), 0.0112992 secs] [Times: user=0.06 sys=0.00, real=0.01 secs]
2325.749: [GC [PSYoungGen: 52224K->256K(58880K)] 528073K->476105K(779776K), 0.0112992 secs] [Times: user=0.06 sys=0.00, real=0.01 secs]
2325.749: [GC [PSYoungGen: 52224K->256K(58880K)] 528073K->476105K(779776K), 0.0112992 secs] [Times: user=0.06 sys=0.00, real=0.01 secs]
2325.749: [GC [PSYoungGen: 52224K->256K(58880K)] 528073K->476105K(779776K), 0.0112992 secs] [Times: user=0.06 sys=0.00, real=0.01 secs]
2325.749: [GC [PSYoungGen: 52224K->256K(58880K)] 528073K->476105K(779776K), 0.0112992 secs] [Times: user=0.06 sys=0.00, real=0.01 secs]
2325.749: [GC [PSYoungGen: 52224K->256K(58880K)] 528073K->476105K(779776K), 0.0112992 secs] [Times: user=0.06 sys=0.00, real=0.01 secs]
2325.749: [GC [PSYoungGen: 52224K->256K(58880K)] 528073K->476105K(779776K), 0.0112992 secs] [Times: user=0.06 sys=0.00, real=0.01 secs]
2325.749: [GC [PSYoungGen: 52224K->256K(58880K)] 528073K->476105K(779776K), 0.0112992 secs] [Times: user=0.06 sys=0.00, real=0.01 secs]
2325.749: [GC [PSYoungGen: 52224K->256K(58880K)] 528073K->476105K(779776K), 0.0112992 secs] [Times: user=0.06 sys=0.00, real=0.01 secs]
2325.749: [GC [PSYoungGen: 52224K->256K(58880K)] 528073K->476105K(779776K), 0.0112992 secs] [Times: user=0.06 sys=0.00, real=0.01 secs]
2325.749: [GC [PSYoungGen: 52224K->256K(58880K)] 528073K->476105K(779776K), 0.0112992 secs] [Times: user=0.06 sys=0.00, real=0.01 secs]
2325.749: [GC [PSYoungGen: 52224K->256K(58880K)] 528073K->476105K(779776K), 0.0112992 secs] [Times: user=0.06 sys=0.00, real=0.01 secs]
2325.749: [GC [PSYoungGen: 52224K->256K(58880K)] 528073K->476105K(779776K), 0.0112992 secs] [Times: user=0.06 sys=0.00, real=0.01 secs]
2325.749: [GC [PSYoungGen: 52224K->256K(58880K)] 528073K->476105K(779776K), 0.0112992 secs] [Times: user=0.06 sys=0.00, real=0.01 secs]
2325.749: [GC [PSYoungGen: 52224K->256K(58880K)] 528073K->476105K(779776K), 0.0112992 secs] [Times: user=0.06 sys=0.00, real=0.01 secs]
2325.749: [GC [PSYoungGen: 52224K->256K(58880K)] 528073K->476105K(779776K), 0.0112992 secs] [Times: user=0.06 sys=0.00, real=0.01 secs]
2325.749: [GC [PSYoungGen: 52224K->256K(58880K)] 528073K->476105K(779776K), 0.0112992 secs] [Times: user=0.06 sys=0.00, real=0.01 secs]
2325.749: [GC [PSYoungGen: 52224K->256K(58880K)] 528073K->476105K(779776K), 0.0112992 secs] [Times: user=0.06 sys=0.00, real=0.01 secs]
2325.749: [GC [PSYoungGen: 52224K->256K(58880K)] 528073K->476105K(779776K), 0.0112992 secs] [Times: user=0.06 sys=0.00, real=0.01 secs]
2325.749: [GC [PSYoungGen: 52224K->256K(58880K)] 528073K->476105K(779776K), 0.0112992 secs] [Times: user=0.06 sys=0.00, real=0.01 secs]
2325.749: [GC [PSYoungGen: 52224K->256K(58880K)] 528073K->476105K(779776K), 0.0112992 secs] [Times: user=0.06 sys=0.00, real=0.01 secs]
2325.749: [GC [PSYoungGen: 52224K->256K(58880K)] 528073K->476105K(779776K), 0.0112992 secs] [Times: user=0.06 sys=0.00, real=0.01 secs]
2325.749: [GC [PSYoungGen: 52224K->256K(58880K)] 528073K->476105K(779776K), 0.0112992 secs] [Times: user=0.06 sys=0.00, real=0.01 secs]
2325.749: [GC [PSYoungGen: 52224K->256K(58880K)] 528073K->476105K(779776K), 0.0112992 secs] [Times: user=0.06 sys=0.00, real=0.01 secs]
2325.749: [GC [PSYoungGen: 52224K->256K(58880K)] 528073K->476105K(779776K), 0.0112992 secs] [Times: user=0.06 sys=0.00, real=0.01 secs]
2325.749: [GC [PSYoungGen: 52224K->256K(58880K)] 528073K->476105K(779776K), 0.0112992 secs] [Times: user=0.06 sys=0.00, real=0.01 secs]
2325.749: [GC [PSYoungGen: 52224K->256K(58880K)] 528073K->476105K(779776K), 0.0112992 secs] [Times: user=0.06 sys=0.00, real=0.01 secs]
2325.749: [GC [PSYoungGen: 52224K->256K(58880K)] 528073K->476105K(779776K), 0.0112992 secs] [Times: user=0.06 sys=0.00, real=0.01 secs]
2325.749: [GC [PSYoungGen: 52224K->256K(58880K)] 528073K->476105K(779776K), 0.0112992 secs] [Times: user=0.06 sys=0.00, real=0.01 secs]
2325.749: [GC [PSYoungGen: 52224K->256K(58880K)] 528073K->476105K(779776K), 0.0112992 secs] [Times: user=0.06 sys=0.00, real=0.01 secs]
2325.749: [GC [PSYoungGen: 52224K->256K(58880K)] 528073K->476105K(779776K), 0.0112992 secs] [Times: user=0.06 sys=0.00, real=0.01 secs]
2325.749: [GC [PSYoungGen: 52224K->256K(58880K)] 528073K->476105K(779776K), 0.0112992 secs] [Times: user=0.06 sys=0.00, real=0.01 secs]
2325.749: [GC [PSYoungGen: 52224K->256K(58880K)] 528073K->476105K(779776K), 0.0112992 secs] [Times: user=0.06 sys=0.00, real=0.01 secs]
2325.749: [GC [PSYoungGen: 52224K->256K(58880K)] 528073K->476105K(779776K), 0.0112992 secs] [Times: user=0.06 sys=0.00, real=0.01 secs]
2325.749: [GC [PSYoungGen: 52224K->256K(58880K)] 528073K->476105K(779776K), 0.0112992 secs] [Times: user=0.06 sys=0.00, real=0.01 secs]
2325.749: [GC [PSYoungGen: 52224K->256K(58880K)] 528073K->476105K(779776K), 0.0112992 secs] [Times: user=0.06 sys=0.00, real=0.01 secs]
2325.749: [GC [PSYoungGen: 52224K->256K(58880K)] 528073K->476105K(779776K), 0.0112992 secs] [Times: user=0.06 sys=0.00, real=0.01 secs]
2325.749: [GC [PSYoungGen: 52224K->256K(58880K)] 528073K->476105K(779776K), 0.0112992 secs] [Times: user=0.06 sys=0.00, real=0.01 secs]
2325.749: [GC [PSYoungGen: 52224K->256K(58880K)] 528073K->476105K(779776K), 0.0112992 secs] [Times: user=0.06 sys=0.00, real=0.01 secs]
2325.749: [GC [PSYoungGen: 52224K->256K(58880K)] 528073K->476105K(779776K), 0.0112992 secs] [Times: user=0.06 sys=0.00, real=0.01 secs]
2325.749: [GC [PSYoungGen: 52224K->256K(58880K)] 528073K->476105K(779776K), 0.0112992 secs] [Times: user=0.06 sys=0.00, real=0.01 secs]
2325.749: [GC [PSYoungGen: 52224K->256K(58880K)] 528073K->476105K(779776K), 0.0112992 secs] [Times: user=0.06 sys=0.00, real=0.01 secs]
2325.749: [GC [PSYoungGen: 52224K->256K(58880K)] 528073K->476105K(779776K), 0.0112992 secs] [Times: user=0.06 sys=0.00, real=0.01 secs]
2325.749: [GC [PSYoungGen: 52224K->256K(58880K)] 528073K->476105K(779776K), 0.0112992 secs] [Times: user=0.06 sys=0.00, real=0.01 secs]
2325.749: [GC [PSYoungGen: 52224K->256K(58880K)] 528073K->476105K(779776K), 0.0112992 secs] [Times: user=0.06 sys=0.00, real=0.01 secs]
2325.749: [GC [PSYoungGen: 52224K->256K(58880K)] 528073K->476105K(779776K), 0.0112992 secs] [Times: user=0.06 sys=0.00, real=0.01 secs]
2325.749: [GC [PSYoungGen: 52224K->256K(58880K)] 528073K->476105K(779776K), 0.0112992 secs] [Times: user=0.06 sys=0.00, real=0.01 secs]
2325.749: [GC [PSYoungGen: 52224K->256K(58880K)] 528073K->476105K(779776K), 0.0112992 secs] [Times: user=0.06 sys=0.00, real=0.01 secs]
2325.749: [GC [PSYoungGen: 52224K->256K(58880K)] 528073K->476105K(779776K), 0.0112992 secs] [Times: user=0.06 sys=0.00, real=0.01 secs]
2325.749: [GC [PSYoungGen: 52224K->256K(58880K)] 528073K->476105K(779776K), 0.0112992 secs] [Times: user=0.06 sys=0.00, real=0.01 secs]
2325.749: [GC [PSYoungGen: 52224K->256K(58880K)] 528073K->476105K(779776K), 0.0112992 secs] [Times: user=0.06 sys=0.00, real=0.01 secs]
2325.749: [GC [PSYoungGen: 52224K->256K(58880K)] 528073K->476105K(779776K), 0.0112992 secs] [Times: user=0.06 sys=0.00, real=0.01 secs]
2325.749: [GC [PSYoungGen: 52224K->256K(58880K)] 528073K->476105K(779776K), 0.0112992 secs] [Times: user=0.06 sys=0.00, real=0.01 secs]
2325.749: [GC [PSYoungGen: 52224K->256K(58880K)] 528073K->476105K(779776K), 0.0112992 secs] [Times: user=0.06 sys=0.00, real=0.01 secs]
2325.749: [GC [PSYoungGen: 52224K->256K(58880K)] 528073K->476105K(779776K), 0.0112992 secs] [Times: user=0.06 sys=0.00, real=0.01 secs]
2325.749: [GC [PSYoungGen: 52224K->256K(58880K)] 528073K->476105K(779776K), 0.0112992 secs] [Times: user=0.06 sys=0.00, real=0.01 secs]
2325.749: [GC [PSYoungGen: 52224K->256K(58880K)] 528073K->476105K(779776K), 0.0112992 secs] [Times: user=0.06 sys=0.00, real=0.01 secs]
2325.749: [GC [PSYoungGen: 52224K->256K(58880K)] 528073K->476105K(779776K), 0.0112992 secs] [Times: user=0.06 sys=0.00, real=0.01 secs]
2325.749: [GC [PSYoungGen: 52224K->256K(58880K)] 528073K->476105K(779776K), 0.0112992 secs] [Times: user=0.06 sys=0.00, real=0.01 secs]
2325.749: [GC [PSYoungGen: 52224K->256K(58880K)] 528073K->476105K(779776K), 0.0112992 secs] [Times: user=0.06 sys=0.00, real=0.01 secs]
2325.749: [GC [PSYoungGen: 52224K->256K(58880K)] 528073K->476105K(779776K), 0.0112992 secs] [Times: user=0.06 sys=0.00, real=0.01 secs]
2325.749: [GC [PSYoungGen: 52224K->256K(58880K)] 528073K->476105K(779776K), 0.0112992 secs] [Times: user=0.06 sys=0.00, real=0.01 secs]
2325.749: [GC [PSYoungGen: 52224K->256K(58880K)] 528073K->476105K(779776K), 0.0112992 secs] [Times: user=0.06 sys=0.00, real=0.01 secs]
2325.749: [GC [PSYoungGen: 52224K->256K(58880K)] 528073K->476105K(779776K), 0.0112992 secs] [Times: user=0.06 sys=0.00, real=0.01 secs]
2325.749: [GC [PSYoungGen: 52224K->256K(58880K)] 528073K->476105K(779776K), 0.0112992 secs] [Times: user=0.06 sys=0.00, real=0.01 secs]
2325.749: [GC [PSYoungGen: 52224K->256K(58880K)] 528073K->476105K(779776K), 0.0112992 secs] [Times: user=0.06 sys=0.00, real=0.01 secs]
2325.749: [GC [PSYoungGen: 52224K->256K(58880K)] 528073K->476105K(779776K), 0.0112992 secs] [Times: user=0.06 sys=0.00, real=0.01 secs]
2325.749: [GC [PSYoungGen: 52224K->256K(58880K)] 528073K->476105K(779776K), 0.0112992 secs] [Times: user=0.06 sys=0.00, real=0.01 secs]
2325.749: [GC [PSYoungGen: 52224K->256K(58880K)] 528073K->476105K(779776K), 0.0112992 secs] [Times: user=0.06 sys=0.00, real=0.01 secs]
2325.749: [GC [PSYoungGen: 52224K->256K(58880K)] 528073K->476105K(779776K), 0.0112992 secs] [Times: user=0.06 sys=0.00, real=0.01 secs]
2325.749: [GC [PSYoungGen: 52224K->256K(58880K)] 528073K->476105K(779776K), 0.0112992 secs] [Times: user=0.06 sys=0.00, real=0.01 secs]
2325.749: [GC [PSYoungGen: 52224K->256K(58880K)] 528073K->476105K(779776K), 0.0112992 secs] [Times: user=0.06 sys=0.00, real=0.01 secs]
2325.749: [GC [PSYoungGen: 52224K->256K(58880K)] 528073K->476105K(779776K), 0.0112992 secs] [Times: user=0.06 sys=0.00, real=0.01 secs]
2325.749: [GC [PSYoungGen: 52224K->256K(58880K)] 528073K->476105K(779776K), 0.0112992 secs] [Times: user=0.06 sys=0.00, real=0.01 secs]
2325.749: [GC [PSYoungGen: 52224K->256K(58880K)] 528073K->476105K(779776K), 0.0112992 secs] [Times: user=0.06 sys=0.00, real=0.01 secs]
2325.749: [GC [PSYoungGen: 52224K->256K(58880K)] 528073K->476105K(779776K), 0.0112992 secs] [Times: user=0.06 sys=0.00, real=0.01 secs]
2325.749: [GC [PSYoungGen: 52224K->256K(58880K)] 528073K->476105K(779776K), 0.0112992 secs] [Times: user=0.06 sys=0.00, real=0.01 secs]
2325.749: [GC [PSYoungGen: 52224K->256K(58880K)] 528073K->476105K(779776K), 0.0112992 secs] [Times: user=0.06 sys=0.00, real=0.01 secs]
2325.749: [GC [PSYoungGen: 52224K->256K(58880K)] 528073K->476105K(779776K), 0.0112992 secs] [Times: user=0.06 sys=0.00, real=0.01 secs]
2325.749: [GC [PSYoungGen: 52224K->256K(58880K)] 528073K->476105K(779776K), 0.0112992 secs] [Times: user=0.06 sys=0.00, real=0.01 secs]
2325.749: [GC [PSYoungGen: 52224K->256K(58880K)] 528073K->476105K(779776K), 0.0112992 secs] [Times: user=0.06 sys=0.00, real=0.01 secs]
2325.749: [GC [PSYoungGen: 52224K->256K(58880K)] 528073K->476105K(779776K), 0.0112992 secs] [Times: user=0.06 sys=0.00, real=0.01 secs]
2325.749: [GC [PSYoungGen: 52224K->256K(58880K)] 528073K->476105K(779776K), 0.0112992 secs] [Times: user=0.06 sys=0.00, real=0.01 secs]
2325.749: [GC [PSYoungGen: 52224K->256K(58880K)] 528073K->476105K(779776K), 0.0112992 secs] [Times: user=0.06 sys=0.00, real=0.01 secs]
2325.749: [GC [PSYoungGen: 52224K->256K(58880K)] 528073K->476105K(779776K), 0.0112992 secs] [Times: user=0.06 sys=0.00, real=0.01 secs]
2325.749: [GC [PSYoungGen: 52224K->256K(58880K)] 528073K->476105K(779776K), 0.0112992 secs] [Times: user=0.06 sys=0.00, real=0.01 secs]
2325.749: [GC [PSYoungGen: 52224K->256K(58880K)] 528073K->476105K(779776K), 0.0112992 secs] [Times: user=0.06 sys=0.00, real=0.01 secs]
2325.749: [GC [PSYoungGen: 52224K->256K(58880K)] 528073K->476105K(779776K), 0.0112992 secs] [Times: user=0.06 sys=0.00, real=0.01 secs]
2325.749: [GC [PSYoungGen: 52224K->256K(58880K)] 528073K->476105K(779776K), 0.0112992 secs] [Times: user=0.06 sys=0.00, real=0.01 secs]
2325.749: [GC [PSYoungGen: 52224K->256K(58880K)] 528073K->476105K(779776K), 0.0112992 secs] [Times: user=0.06 sys=0.00, real=0.01 secs]
2325.749: [GC [PSYoungGen: 52224K->256K(58880K)] 528073K->476105K(779776K), 0.0112992 secs] [Times: user=0.06 sys=0.00, real=0.01 secs]
2325.749: [GC [PSYoungGen: 52224K->256K(58880K)] 528073K->476105K(779776K), 0.0112992 secs] [Times: user=0.06 sys=0.00, real=0.01 secs]
2325.749: [GC [PSYoungGen: 52224K->256K(58880K)] 528073K->476105K(779776K), 0.0112992 secs] [Times: user=0.06 sys=0.00, real=0.01 secs]
2325.749: [GC [PSYoungGen: 52224K->256K(58880K)] 528073K->476105K(779776K), 0.0112992 secs] [Times: user=0.06 sys=0.00, real=0.01 secs]
2325.749: [GC [PSYoungGen: 52224K->256K(58880K)] 528073K->476105K(779776K), 0.0112992 secs] [Times: user=0.06 sys=0.00, real=0.01 secs]
2325.749: [GC [PSYoungGen: 52224K->256K(58880K)] 528073K->476105K(779776K), 0.0112992 secs] [Times: user=0.06 sys=0.00, real=0.01 secs]
2325.749: [GC [PSYoungGen: 52224K->256K(58880K)] 528073K->476105K(779776K), 0.0112992 secs] [Times: user=0.06 sys=0.00, real=0.01 secs]
2325.749: [GC [PSYoungGen: 52224K->256K(58880K)] 528073K->476105K(779776K), 0.0112992 secs] [Times: user=0.06 sys=0.00, real=0.01 secs]
2325.749: [GC [PSYoungGen: 52224K->256K(58880K)] 528073K->476105K(779776K), 0.0112992 secs] [Times: user=0.06 sys=0.00, real=0.01 secs]
2325.749: [GC [PSYoungGen: 52224K->256K(58880K)] 528073K->476105K(779776K), 0.0112992 secs] [Times: user=0.06 sys=0.00, real=0.01 secs]
2325.749: [GC [PSYoungGen: 52224K->256K(58880K)] 528073K->476105K(779776K), 0.0112992 secs] [Times: user=0.06 sys=0.00, real=0.01 secs]
2325.749: [GC [PSYoungGen: 52224K->256K(58880K)] 528073K->476105K(779776K), 0.0112992 secs] [Times: user=0.06 sys=0.00, real=0.01 secs]
2325.749: [GC [PSYoungGen: 52224K->256K(58880K)] 528073K->476105K(779776K), 0.0112992 secs] [Times: user=0.06 sys=0.00, real=0.01 secs]
2325.749: [GC [PSYoungGen: 52224K->256K(58880K)] 528073K->476105K(779776K), 0.0112992 secs] [Times: user=0.06 sys=0.00, real=0.01 secs]
2325.749: [GC [PSYoungGen: 52224K->256K(58880K)] 528073K->476105K(779776K), 0.0112992 secs] [Times: user=0.06 sys=0.00, real=0.01 secs]
2325.749: [GC [PSYoungGen: 52224K->256K(58880K)] 528073K->476105K(779776K), 0.0112992 secs] [Times: user=0.06 sys=0.00, real=0.01 secs]
2325.749: [GC [PSYoungGen: 52224K->256K(58880K)] 528073K->476105K(779776K), 0.0112992 secs] [Times: user=0.06 sys=0.00, real=0.01 secs]
2325.749: [GC [PSYoungGen: 52224K->256K(58880K)] 528073K->476105K(779776K), 0.0112992 secs] [Times: user=0.06 sys=0.00, real=0.01 secs]
2325.749: [GC [PSYoungGen: 52224K->256K(58880K)] 528073K->476105K(779776K), 0.0112992 secs] [Times: user=0.06 sys=0.00, real=0.01 secs]
2325.749: [GC [PSYoungGen: 52224K->256K(58880K)] 528073K->476105K(779776K), 0.0112992 secs] [Times: user=0.06 sys=0.00, real=0.01 secs]
2325.749: [GC [PSYoungGen: 52224K->256K(58880K)] 528073K->476105K(779776K), 0.0112992 secs] [Times: user=0.06 sys=0.00, real=0.01 secs]
2325.749: [GC [PSYoungGen: 52224K->256K(58880K)] 528073K->476105K(779776K), 0.0112992 secs] [Times: user=0.06 sys=0.00, real=0.01 secs]
2325.749: [GC [PSYoungGen: 52224K->256K(58880K)] 528073K->476105K(779776K), 0.0112992 secs] [Times: user=0.06 sys=0.00, real=0.01 secs]
2325.749: [GC [PSYoungGen: 52224K->256K(58880K)] 528073K->476105K(779776K), 0.0112992 secs] [Times: user=0.06 sys=0.00, real=0.01 secs]
2325.749: [GC [PSYoungGen: 52224K->256K(58880K)] 528073K->476105K(779776K), 0.0112992 secs] [Times: user=0.06 sys=0.00, real=0.01 secs]
2325.749: [GC [PSYoungGen: 52224K->256K(58880K)] 528073K->476105K(779776K), 0.0112992 secs] [Times: user=0.06 sys=0.00, real=0.01 secs]
2325.749: [GC [PSYoungGen: 52224K->256K(58880K)] 528073K->476105K(779776K), 0.0112992 secs] [Times: user=0.06 sys=0.00, real=0.01 secs]
2325.749: [GC [PSYoungGen: 52224K->256K(58880K)] 528073K->476105K(779776K), 0.0112992 secs] [Times: user=0.06 sys=0.00, real=0.01 secs]
2325.749: [GC [PSYoungGen: 52224K->256K(58880K)] 528073K->476105K(779776K), 0.0112992 secs] [Times: user=0.06 sys=0.00, real=0.01 secs]
2325.749: [GC [PSYoungGen: 52224K->256K(58880K)] 528073K->476105K(779776K), 0.0112992 secs] [Times: user=0.06 sys=0.00, real=0.01 secs]
2325.749: [GC [PSYoungGen: 52224K->256K(58880K)] 528073K->476105K(779776K), 0.0112992 secs] [Times: user=0.06 sys=0.00, real=0.01 secs]
2325.749: [GC [PSYoungGen: 52224K->256K(58880K)] 528073K->476105K(779776K), 0.0112992 secs] [Times: user=0.06 sys=0.00, real=0.01 secs]
2325.749: [GC [PSYoungGen: 52224K->256K(58880K)] 528073K->476105K(779776K), 0.0112992 secs] [Times: user=0.06 sys=0.00, real=0.01 secs]
2325.749: [GC [PSYoungGen: 52224K->256K(58880K)] 528073K->476105K(779776K), 0.0112992 secs] [Times: user=0.06 sys=0.00, real=0.01 secs]
2325.749: [GC [PSYoungGen: 52224K->256K(58880K)] 528073K->476105K(779776K), 0.0112992 secs] [Times: user=0.06 sys=0.00, real=0.01 secs]
2325.749: [GC [PSYoungGen: 52224K->256K(58880K)] 528073K->476105K(779776K), 0.0112992 secs] [Times: user=0.06 sys=0.00, real=0.01 secs]
2325.749: [GC [PSYoungGen: 52224K->256K(58880K)] 528073K->476105K(779776K), 0.0112992 secs] [Times: user=0.06 sys=0.00, real=0.01 secs]
2325.749: [GC [PSYoungGen: 52224K->256K(58880K)] 528073K->476105K(779776K), 0.0112992 secs] [Times: user=0.06 sys=0.00, real=0.01 secs]
2325.749: [GC [PSYoungGen: 52224K->256K(58880K)] 528073K->476105K(779776K), 0.0112992 secs] [Times: user=0.06 sys=0.00, real=0.01 secs]
2325.749: [GC [PSYoungGen: 52224K->256K(58880K)] 528073K->476105K(779776K), 0.0112992 secs] [Times: user=0.06 sys=0.00, real=0.01 secs]
2325.749: [GC [PSYoungGen: 52224K->256K(58880K)] 528073K->476105K(779776K), 0.0112992 secs] [Times: user=0.06 sys=0.00, real=0.01 secs]
2325.749: [GC [PSYoungGen: 52224K->256K(58880K)] 528073K->476105K(779776K), 0.0112992 secs] [Times: user=0.06 sys=0.00, real=0.01 secs]
2325.749: [GC [PSYoungGen: 52224K->256K(58880K)] 528073K->476105K(779776K), 0.0112992 secs] [Times: user=0.06 sys=0.00, real=0.01 secs]
2325.749: [GC [PSYoungGen: 52224K->256K(58880K)] 528073K->476105K(779776K), 0.0112992 secs] [Times: user=0.06 sys=0.00, real=0.01 secs]
2325.749: [GC [PSYoungGen: 52224K->256K(58880K)] 528073K->476105K(779776K), 0.0112992 secs] [Times: user=0.06 sys=0.00, real=0.01 secs]
2325.749: [GC [PSYoungGen: 52224K->256K(58880K)] 528073K->476105K(779776K), 0.0112992 secs] [Times: user=0.06 sys=0.00, real=0.01 secs]
2325.749: [GC [PSYoungGen: 52224K->256K(58880K)] 528073K->476105K(779776K), 0.0112992 secs] [Times: user=0.06 sys=0.00, real=0.01 secs]
2325.749: [GC [PSYoungGen: 52224K->256K(58880K)] 528073K->476105K(779776K), 0.0112992 secs] [Times: user=0.06 sys=0.00, real=0.01 secs]
2325.749: [GC [PSYoungGen: 52224K->256K(58880K)] 528073K->476105K(779776K), 0.0112992 secs] [Times: user=0.06 sys=0.00, real=0.01 secs]
2325.749: [GC [PSYoungGen: 52224K->256K(58880K)] 528073K->476105K(779776K), 0.0112992 secs] [Times: user=0.06 sys=0.00, real=0.01 secs]
2325.749: [GC [PSYoungGen: 52224K->256K(58880K)] 528073K->476105K(779776K), 0.0112992 secs] [Times: user=0.06 sys=0.00, real=0.01 secs]
2325.749: [GC [PSYoungGen: 52224K->256K(58880K)] 528073K->476105K(779776K), 0.0112992 secs] [Times: user=0.06 sys=0.00, real=0.01 secs]
2325.749: [GC [PSYoungGen: 52224K->256K(58880K)] 528073K->476105K(779776K), 0.0112992 secs] [Times: user=0.06 sys=0.00, real=0.01 secs]
2325.749: [GC [PSYoungGen: 52224K->256K(58880K)] 528073K->476105K(779776K), 0.0112992 secs] [Times: user=0.06 sys=0.00, real=0.01 secs]
2325.749: [GC [PSYoungGen: 52224K->256K(58880K)] 528073K->476105K(779776K), 0.0112992 secs] [Times: user=0.06 sys=0.00, real=0.01 secs]
2325.749: [GC [PSYoungGen: 52224K->256K(58880K)] 528073K->476105K(779776K), 0.0112992 secs] [Times: user=0.06 sys=0.00, real=0.01 secs]
2325.749: [GC [PSYoungGen: 52224K->256K(58880K)] 528073K->476105K(779776K), 0.0112992 secs] [Times: user=0.06 sys=0.00, real=0.01 secs]
2325.749: [GC [PSYoungGen: 52224K->256K(58880K)] 528073K->476105K(779776K), 0.0112992 secs] [Times: user=0.06 sys=0.00, real=0.01 secs]
2325.749: [GC [PSYoungGen: 52224K->256K(58880K)] 528073K->476105K(779776K), 0.0112992 secs] [Times: user=0.06 sys=0.00, real=0.01 secs]
2325.749: [GC [PSYoungGen: 52224K->256K(58880K)] 528073K->476105K(779776K), 0.0112992 secs] [Times: user=0.06 sys=0.00, real=0.01 secs]
2325.749: [GC [PSYoungGen: 52224K->256K(58880K)] 528073K->476105K(779776K), 0.0112992 secs] [Times: user=0.06 sys=0.00, real=0.01 secs]
2325.749: [GC [PSYoungGen: 52224K->256K(58880K)] 528073K->476105K(779776K), 0.0112992 secs] [Times: user=0.06 sys=0.00, real=0.01 secs]
2325.749: [GC [PSYoungGen: 52224K->256K(58880K)] 528073K->476105K(779776K), 0.0112992 secs] [Times: user=0.06 sys=0.00, real=0.01 secs]
2325.749: [GC [PSYoungGen: 52224K->256K(58880K)] 528073K->476105K(779776K), 0.0112992 secs] [Times: user=0.06 sys=0.00, real=0.01 secs]
2325.749: [GC [PSYoungGen: 52224K->256K(58880K)] 528073K->476105K(779776K), 0.0112992 secs] [Times: user=0.06 sys=0.00, real=0.01 secs]
2325.749: [GC [PSYoungGen: 52224K->256K(58880K)] 528073K->476105K(779776K), 0.0112992 secs] [Times: user=0.06 sys=0.00, real=0.01 secs]
2325.749: [GC [PSYoungGen: 52224K->256K(58880K)] 528073K->476105K(779776K), 0.0112992 secs] [Times: user=0.06 sys=0.00, real=0.01 secs]
2325.749: [GC [PSYoungGen: 52224K->256K(58880K)] 528073K->476105K(779776K), 0.0112992 secs] [Times: user=0.06 sys=0.00, real=0.01 secs]
2325.749: [GC [PSYoungGen: 52224K->256K(58880K)] 528073K->476105K(779776K), 0.0112992 secs] [Times: user=0.06 sys=0.00, real=0.01 secs]
2325.749: [GC [PSYoungGen: 52224K->256K(58880K)] 528073K->476105K(779776K), 0.0112992 secs] [Times: user=0.06 sys=0.00, real=0.01 secs]
2325.749: [GC [PSYoungGen: 52224K->256K(58880K)] 528073K->476105K(779776K), 0.0112992 secs] [Times: user=0.06 sys=0.00, real=0.01 secs]
2325.749: [GC [PSYoungGen: 52224K->256K(58880K)] 528073K->476105K(779776K), 0.0112992 secs] [Times: user=0.06 sys=0.00, real=0.01 secs]
2325.749: [GC [PSYoungGen: 52224K->256K(58880K)] 528073K->476105K(779776K), 0.0112992 secs] [Times: user=0.06 sys=0.00, real=0.01 secs]
2325.749: [GC [PSYoungGen: 52224K->256K(58880K)] 528073K->476105K(779776K), 0.0112992 secs] [Times: user=0.06 sys=0.00, real=0.01 secs]
2325.749: [GC [PSYoungGen: 52224K->256K(58880K)] 528073K->476105K(779776K), 0.0112992 secs] [Times: user=0.06 sys=0.00, real=0.01 secs]
2325.749: [GC [PSYoungGen: 52224K->256K(58880K)] 528073K->476105K(779776K), 0.0112992 secs] [Times: user=0.06 sys=0.00, real=0.01 secs]
2325.749: [GC [PSYoungGen: 52224K->256K(58880K)] 528073K->476105K(779776K), 0.0112992 secs] [Times: user=0.06 sys=0.00, real=0.01 secs]
2325.749: [GC [PSYoungGen: 52224K->256K(58880K)] 528073K->476105K(779776K), 0.0112992 secs] [Times: user=0.06 sys=0.00, real=0.01 secs]
2325.749: [GC [PSYoungGen: 52224K->256K(58880K)] 528073K->476105K(779776K), 0.0112992 secs] [Times: user=0.06 sys=0.00, real=0.01 secs]
2325.749: [GC [PSYoungGen: 52224K->256K(58880K)] 528073K->476105K(779776K), 0.0112992 secs] [Times: user=0.06 sys=0.00, real=0.01 secs]
2325.749: [GC [PSYoungGen: 52224K->256K(58880K)] 528073K->476105K(779776K), 0.0112992 secs] [Times: user=0.06 sys=0.00, real=0.01 secs]
2325.749: [GC [PSYoungGen: 52224K->256K(58880K)] 528073K->476105K(779776K), 0.0112992 secs] [Times: user=0.06 sys=0.00, real=0.01 secs]
2325.749: [GC [PSYoungGen: 52224K->256K(58880K)] 528073K->476105K(779776K), 0.0112992 secs] [Times: user=0.06 sys=0.00, real=0.01 secs]
2325.749: [GC [PSYoungGen: 52224K->256K(58880K)] 528073K->476105K(779776K), 0.0112992 secs] [Times: user=0.06 sys=0.00, real=0.01 secs]
2325.749: [GC [PSYoungGen: 52224K->256K(58880K)] 528073K->476105K(779776K), 0.0112992 secs] [Times: user=0.06 sys=0.00, real=0.01 secs]
2325.749: [GC [PSYoungGen: 52224K->256K(58880K)] 528073K->476105K(779776K), 0.0112992 secs] [Times: user=0.06 sys=0.00, real=0.01 secs]
2325.749: [GC [PSYoungGen: 52224K->256K(58880K)] 528073K->476105K(779776K), 0.0112992 secs] [Times: user=0.06 sys=0.00, real=0.01 secs]
2325.749: [GC [PSYoungGen: 52224K->256K(58880K)] 528073K->476105K(779776K), 0.0112992 secs] [Times: user=0.06 sys=0.00, real=0.01 secs]
2325.749: [GC [PSYoungGen: 52224K->256K(58880K)] 528073K->476105K(779776K), 0.0112992 secs] [Times: user=0.06 sys=0.00, real=0.01 secs]
2325.749: [GC [PSYoungGen: 52224K->256K(58880K)] 528073K->476105K(779776K), 0.0112992 secs] [Times: user=0.06 sys=0.00, real=0.01 secs]
2325.749: [GC [PSYoungGen: 52224K->256K(58880K)] 528073K->476105K(779776K), 0.0112992 secs] [Times: user=0.06 sys=0.00, real=0.01 secs]
2325.749: [GC [PSYoungGen: 52224K->256K(58880K)] 528073K->476105K(779776K), 0.0112992 secs] [Times: user=0.06 sys=0.00, real=0.01 secs]
2325.749: [GC [PSYoungGen: 52224K->256K(58880K)] 528073K->476105K(779776K), 0.0112992 secs] [Times: user=0.06 sys=0.00, real=0.01 secs]
2325.749: [GC [PSYoungGen: 52224K->256K(58880K)] 528073K->476105K(779776K), 0.0112992 secs] [Times: user=0.06 sys=0.00, real=0.01 secs]
2325.749: [GC [PSYoungGen: 52224K->256K(58880K)] 528073K->476105K(779776K), 0.0112992 secs] [Times: user=0.06 sys=0.00, real=0.01 secs]
2325.749: [GC [PSYoungGen: 52224K->256K(58880K)] 528073K->476105K(779776K), 0.0112992 secs] [Times: user=0.06 sys=0.00, real=0.01 secs]
2325.749: [GC [PSYoungGen: 52224K->256K(58880K)] 528073K->476105K(779776K), 0.0112992 secs] [Times: user=0.06 sys=0.00, real=0.01 secs]
2325.749: [GC [PSYoungGen: 52224K->256K(58880K)] 528073K->476105K(779776K), 0.0112992 secs] [Times: user=0.06 sys=0.00, real=0.01 secs]
2325.749: [GC [PSYoungGen: 52224K->256K(58880K)] 528073K->476105K(779776K), 0.0112992 secs] [Times: user=0.06 sys=0.00, real=0.01 secs]
2325.749: [GC [PSYoungGen: 52224K->256K(58880K)] 528073K->476105K(779776K), 0.0112992 secs] [Times: user=0.06 sys=0.00, real=0.01 secs]
2325.749: [GC [PSYoungGen: 52224K->256K(58880K)] 528073K->476105K(779776K), 0.0112992 secs] [Times: user=0.06 sys=0.00, real=0.01 secs]
2325.749: [GC [PSYoungGen: 52224K->256K(58880K)] 528073K->476105K(779776K), 0.0112992 secs] [Times: user=0.06 sys=0.00, real=0.01 secs]
2325.749: [GC [PSYoungGen: 52224K->256K(58880K)] 528073K->476105K(779776K), 0.0112992 secs] [Times: user=0.06 sys=0.00, real=0.01 secs]
2325.749: [GC [PSYoungGen: 52224K->256K(58880K)] 528073K->476105K(779776K), 0.0112992 secs] [Times: user=0.06 sys=0.00, real=0.01 secs]
2325.749: [GC [PSYoungGen: 52224K->256K(58880K)] 528073K->476105K(779776K), 0.0112992 secs] [Times: user=0.06 sys=0.00, real=0.01 secs]
2325.749: [GC [PSYoungGen: 52224K->256K(58880K)] 528073K->476105K(779776K), 0.0112992 secs] [Times: user=0.06 sys=0.00, real=0.01 secs]
2325.749: [GC [PSYoungGen: 52224K->256K(58880K)] 528073K->476105K(779776K), 0.0112992 secs] [Times: user=0.06 sys=0.00, real=0.01 secs]
2325.749: [GC [PSYoungGen: 52224K->256K(58880K)] 528073K->476105K(779776K), 0.0112992 secs] [Times: user=0.06 sys=0.00, real=0.01 secs]
2325.749: [GC [PSYoungGen: 52224K->256K(58880K)] 528073K->476105K(779776K), 0.0112992 secs] [Times: user=0.06 sys=0.00, real=0.01 secs]
2325.749: [GC [PSYoungGen: 52224K->256K(58880K)] 528073K->476105K(779776K), 0.0112992 secs] [Times: user=0.06 sys=0.00, real=0.01 secs]
2325.749: [GC [PSYoungGen: 52224K->256K(58880K)] 528073K->476105K(779776K), 0.0112992 secs] [Times: user=0.06 sys=0.00, real=0.01 secs]
2325.749: [GC [PSYoungGen: 52224K->256K(58880K)] 528073K->476105K(779776K), 0.0112992 secs] [Times: user=0.06 sys=0.00, real=0.01 secs]
2325.749: [GC [PSYoungGen: 52224K->256K(58880K)] 528073K->476105K(779776K), 0.0112992 secs] [Times: user=0.06 sys=0.00, real=0.01 secs]
2325.749: [GC [PSYoungGen: 52224K->256K(58880K)] 528073K->476105K(779776K), 0.0112992 secs] [Times: user=0.06 sys=0.00, real=0.01 secs]
2325.749: [GC [PSYoungGen: 52224K->256K(58880K)] 528073K->476105K(779776K), 0.0112992 secs] [Times: user=0.06 sys=0.00, real=0.01 secs]
2325.749: [GC [PSYoungGen: 52224K->256K(58880K)] 528073K->476105K(779776K), 0.0112992 secs] [Times: user=0.06 sys=0.00, real=0.01 secs]
2325.749: [GC [PSYoungGen: 52224K->256K(58880K)] 528073K->476105K(779776K), 0.0112992 secs] [Times: user=0.06 sys=0.00, real=0.01 secs]
2325.749: [GC [PSYoungGen: 52224K->256K(58880K)] 528073K->476105K(779776K), 0.0112992 secs] [Times: user=0.06 sys=0.00, real=0.01 secs]
2325.749: [GC [PSYoungGen: 52224K->256K(58880K)] 528073K->476105K(779776K), 0.0112992 secs] [Times: user=0.06 sys=0.00, real=0.01 secs]
2325.749: [GC [PSYoungGen: 52224K->256K(58880K)] 528073K->476105K(779776K), 0.0112992 secs] [Times: user=0.06 sys=0.00, real=0.01 secs]
2325.749: [GC [PSYoungGen: 52224K->256K(58880K)] 528073K->476105K(779776K), 0.0112992 secs] [Times: user=0.06 sys=0.00, real=0.01 secs]
2325.749: [GC [PSYoungGen: 52224K->256K(58880K)] 528073K->476105K(779776K), 0.0112992 secs] [Times: user=0.06 sys=0.00, real=0.01 secs]
2325.749: [GC [PSYoungGen: 52224K->256K(58880K)] 528073K->476105K(779776K), 0.0112992 secs] [Times: user=0.06 sys=0.00, real=0.01 secs]
2325.749: [GC [PSYoungGen: 52224K->256K(58880K)] 528073K->476105K(779776K), 0.0112992 secs] [Times: user=0.06 sys=0.00, real=0.01 secs]
2325.749: [GC [PSYoungGen: 52224K->256K(58880K)] 528073K->476105K(779776K), 0.0112992 secs] [Times: user=0.06 sys=0.00, real=0.01 secs]
2325.749: [GC [PSYoungGen: 52224K->256K(58880K)] 528073K->476105K(779776K), 0.0112992 secs] [Times: user=0.06 sys=0.00, real=0.01 secs]
2325.749: [GC [PSYoungGen: 52224K->256K(58880K)] 528073K->476105K(779776K), 0.0112992 secs] [Times: user=0.06 sys=0.00, real=0.01 secs]
2325.749: [GC [PSYoungGen: 52224K->256K(58880K)] 528073K->476105K(779776K), 0.0112992 secs] [Times: user=0.06 sys=0.00, real=0.01 secs]
2325.749: [GC [PSYoungGen: 52224K->256K(58880K)] 528073K->476105K(779776K), 0.0112992 secs] [Times: user=0.06 sys=0.00, real=0.01 secs]
2325.749: [GC [PSYoungGen: 52224K->256K(58880K)] 528073K->476105K(779776K), 0.0112992 secs] [Times: user=0.06 sys=0.00, real=0.01 secs]
2325.749: [GC [PSYoungGen: 52224K->256K(58880K)] 528073K->476105K(779776K), 0.0112992 secs] [Times: user=0.06 sys=0.00, real=0.01 secs]
2325.749: [GC [PSYoungGen: 52224K->256K(58880K)] 528073K->476105K(779776K), 0.0112992 secs] [Times: user=0.06 sys=0.00, real=0.01 secs]
2325.749: [GC [PSYoungGen: 52224K->256K(58880K)] 528073K->476105K(779776K), 0.0112992 secs] [Times: user=0.06 sys=0.00, real=0.01 secs]
2325.749: [GC [PSYoungGen: 52224K->256K(58880K)] 528073K->476105K(779776K), 0.0112992 secs] [Times: user=0.06 sys=0.00, real=0.01 secs]
2325.749: [GC [PSYoungGen: 52224K->256K(58880K)] 528073K->476105K(779776K), 0.0112992 secs] [Times: user=0.06 sys=0.00, real=0.01 secs]
2325.749: [GC [PSYoungGen: 52224K->256K(58880K)] 528073K->476105K(779776K), 0.0112992 secs] [Times: user=0.06 sys=0.00, real=0.01 secs]
2325.749: [GC [PSYoungGen: 52224K->256K(58880K)] 528073K->476105K(779776K), 0.0112992 secs] [Times: user=0.06 sys=0.00, real=0.01 secs]
2325.749: [GC [PSYoungGen: 52224K->256K(58880K)] 528073K->476105K(779776K), 0.0112992 secs] [Times: user=0.06 sys=0.00, real=0.01 secs]
2325.749: [GC [PSYoungGen: 52224K->256K(58880K)] 528073K->476105K(779776K), 0.0112992 secs] [Times: user=0.06 sys=0.00, real=0.01 secs]
2325.749: [GC [PSYoungGen: 52224K->256K(58880K)] 528073K->476105K(779776K), 0.0112992 secs] [Times: user=0.06 sys=0.00, real=0.01 secs]
2325.749: [GC [PSYoungGen: 52224K->256K(58880K)] 528073K->476105K(779776K), 0.0112992 secs] [Times: user=0.06 sys=0.00, real=0.01 secs]
2325.749: [GC [PSYoungGen: 52224K->256K(58880K)] 528073K->476105K(779776K), 0.0112992 secs] [Times: user=0.06 sys=0.00, real=0.01 secs]
2325.749: [GC [PSYoungGen: 52224K->256K(58880K)] 528073K->476105K(779776K), 0.0112992 secs] [Times: user=0.06 sys=0.00, real=0.01 secs]
2325.749: [GC [PSYoungGen: 52224K->256K(58880K)] 528073K->476105K(779776K), 0.0112992 secs] [Times: user=0.06 sys=0.00, real=0.01 secs]
2325.749: [GC [PSYoungGen: 52224K->256K(58880K)] 528073K->476105K(779776K), 0.0112992 secs] [Times: user=0.06 sys=0.00, real=0.01 secs]
2325.749: [GC [PSYoungGen: 52224K->256K(58880K)] 528073K->476105K(779776K), 0.0112992 secs] [Times: user=0.06 sys=0.00, real=0.01 secs]
2325.749: [GC [PSYoungGen: 52224K->256K(58880K)] 528073K->476105K(779776K), 0.0112992 secs] [Times: user=0.06 sys=0.00, real=0.01 secs]
2325.749: [GC [PSYoungGen: 52224K->256K(58880K)] 528073K->476105K(779776K), 0.0112992 secs] [Times: user=0.06 sys=0.00, real=0.01 secs]
2325.749: [GC [PSYoungGen: 52224K->256K(58880K)] 528073K->476105K(779776K), 0.0112992 secs] [Times: user=0.06 sys=0.00, real=0.01 secs]
2325.749: [GC [PSYoungGen: 52224K->256K(58880K)] 528073K->476105K(779776K), 0.0112992 secs] [Times: user=0.06 sys=0.00, real=0.01 secs]
2325.749: [GC [PSYoungGen: 52224K->256K(58880K)] 528073K->476105K(779776K), 0.0112992 secs] [Times: user=0.06 sys=0.00, real=0.01 secs]
2325.749: [GC [PSYoungGen: 52224K->256K(58880K)] 528073K->476105K(779776K), 0.0112992 secs] [Times: user=0.06 sys=0.00, real=0.01 secs]
2325.749: [GC [PSYoungGen: 52224K->256K(58880K)] 528073K->476105K(779776K), 0.0112992 secs] [Times: user=0.06 sys=0.00, real=0.01 secs]
2325.749: [GC [PSYoungGen: 52224K->256K(58880K)] 528073K->476105K(779776K), 0.0112992 secs] [Times: user=0.06 sys=0.00, real=0.01 secs]
2325.749: [GC [PSYoungGen: 52224K->256K(58880K)] 528073K->476105K(779776K), 0.0112992 secs] [Times: user=0.06 sys=0.00, real=0.01 secs]
2325.749: [GC [PSYoungGen: 52224K->256K(58880K)] 528073K->476105K(779776K), 0.0112992 secs] [Times: user=0.06 sys=0.00, real=0.01 secs]
2325.749: [GC [PSYoungGen: 52224K->256K(58880K)] 528073K->476105K(779776K), 0.0112992 secs] [Times: user=0.06 sys=0.00, real=0.01 secs]
2325.749: [GC [PSYoungGen: 52224K->256K(58880K)] 528073K->476105K(779776K), 0.0112992 secs] [Times: user=0.06 sys=0.00, real=0.01 secs]
2325.749: [GC [PSYoungGen: 52224K->256K(58880K)] 528073K->476105K(779776K), 0.0112992 secs] [Times: user=0.06 sys=0.00, real=0.01 secs]
2325.749: [GC [PSYoungGen: 52224K->256K(58880K)] 528073K->476105K(779776K), 0.0112992 secs] [Times: user=0.06 sys=0.00, real=0.01 secs]
2325.749: [GC [PSYoungGen: 52224K->256K(58880K)] 528073K->476105K(779776K), 0.0112992 secs] [Times: user=0.06 sys=0.00, real=0.01 secs]
2325.749: [GC [PSYoungGen: 52224K->256K(58880K)] 528073K->476105K(779776K), 0.0112992 secs] [Times: user=0.06 sys=0.00, real=0.01 secs]
2325.749: [GC [PSYoungGen: 52224K->256K(58880K)] 528073K->476105K(779776K), 0.0112992 secs] [Times: user=0.06 sys=0.00, real=0.01 secs]
2325.749: [GC [PSYoungGen: 52224K->256K(58880K)] 528073K->476105K(779776K), 0.0112992 secs] [Times: user=0.06 sys=0.00, real=0.01 secs]
2325.749: [GC [PSYoungGen: 52224K->256K(58880K)] 528073K->476105K(779776K), 0.0112992 secs] [Times: user=0.06 sys=0.00, real=0.01 secs]
2325.749: [GC [PSYoungGen: 52224K->256K(58880K)] 528073K->476105K(779776K), 0.0112992 secs] [Times: user=0.06 sys=0.00, real=0.01 secs]
2325.749: [GC [PSYoungGen: 52224K->256K(58880K)] 528073K->476105K(779776K), 0.0112992 secs] [Times: user=0.06 sys=0.00, real=0.01 secs]
2325.749: [GC [PSYoungGen: 52224K->256K(58880K)] 528073K->476105K(779776K), 0.0112992 secs] [Times: user=0.06 sys=0.00, real=0.01 secs]
2325.749: [GC [PSYoungGen: 52224K->256K(58880K)] 528073K->476105K(779776K), 0.0112992 secs] [Times: user=0.06 sys=0.00, real=0.01 secs]
2325.749: [GC [PSYoungGen: 52224K->256K(58880K)] 528073K->476105K(779776K), 0.0112992 secs] [Times: user=0.06 sys=0.00, real=0.01 secs]
2325.749: [GC [PSYoungGen: 52224K->256K(58880K)] 528073K->476105K(779776K), 0.0112992 secs] [Times: user=0.06 sys=0.00, real=0.01 secs]
2325.749: [GC [PSYoungGen: 52224K->256K(58880K)] 528073K->476105K(779776K), 0.0112992 secs] [Times: user=0.06 sys=0.00, real=0.01 secs]
2325.749: [GC [PSYoungGen: 52224K->256K(58880K)] 528073K->476105K(779776K), 0.0112992 secs] [Times: user=0.06 sys=0.00, real=0.01 secs]
2325.749: [GC [PSYoungGen: 52224K->256K(58880K)] 528073K->476105K(779776K), 0.0112992 secs] [Times: user=0.06 sys=0.00, real=0.01 secs]
2325.749: [GC [PSYoungGen: 52224K->256K(58880K)] 528073K->476105K(779776K), 0.0112992 secs] [Times: user=0.06 sys=0.00, real=0.01 secs]
2325.749: [GC [PSYoungGen: 52224K->256K(58880K)] 528073K->476105K(779776K), 0.0112992 secs] [Times: user=0.06 sys=0.00, real=0.01 secs]
2325.749: [GC [PSYoungGen: 52224K->256K(58880K)] 528073K->476105K(779776K), 0.0112992 secs] [Times: user=0.06 sys=0.00, real=0.01 secs]
2325.749: [GC [PSYoungGen: 52224K->256K(58880K)] 528073K->476105K(779776K), 0.0112992 secs] [Times: user=0.06 sys=0.00, real=0.01 secs]
2325.749: [GC [PSYoungGen: 52224K->256K(58880K)] 528073K->476105K(779776K), 0.0112992 secs] [Times: user=0.06 sys=0.00, real=0.01 secs]
2325.749: [GC [PSYoungGen: 52224K->256K(58880K)] 528073K->476105K(779776K), 0.0112992 secs] [Times: user=0.06 sys=0.00, real=0.01 secs]
2325.749: [GC [PSYoungGen: 52224K->256K(58880K)] 528073K->476105K(779776K), 0.0112992 secs] [Times: user=0.06 sys=0.00, real=0.01 secs]
2325.749: [GC [PSYoungGen: 52224K->256K(58880K)] 528073K->476105K(779776K), 0.0112992 secs] [Times: user=0.06 sys=0.00, real=0.01 secs]
2325.749: [GC [PSYoungGen: 52224K->256K(58880K)] 528073K->476105K(779776K), 0.0112992 secs] [Times: user=0.06 sys=0.00, real=0.01 secs]
2325.749: [GC [PSYoungGen: 52224K->256K(58880K)] 528073K->476105K(779776K), 0.0112992 secs] [Times: user=0.06 sys=0.00, real=0.01 secs]
2325.749: [GC [PSYoungGen: 52224K->256K(58880K)] 528073K->476105K(779776K), 0.0112992 secs] [Times: user=0.06 sys=0.00, real=0.01 secs]
2325.749: [GC [PSYoungGen: 52224K->256K(58880K)] 528073K->476105K(779776K), 0.0112992 secs] [Times: user=0.06 sys=0.00, real=0.01 secs]
2325.749: [GC [PSYoungGen: 52224K->256K(58880K)] 528073K->476105K(779776K), 0.0112992 secs] [Times: user=0.06 sys=0.00, real=0.01 secs]
2325.749: [GC [PSYoungGen: 52224K->256K(58880K)] 528073K->476105K(779776K), 0.0112992 secs] [Times: user=0.06 sys=0.00, real=0.01 secs]
2325.749: [GC [PSYoungGen: 52224K->256K(58880K)] 528073K->476105K(779776K), 0.0112992 secs] [Times: user=0.06 sys=0.00, real=0.01 secs]
2325.749: [GC [PSYoungGen: 52224K->256K(58880K)] 528073K->476105K(779776K), 0.0112992 secs] [Times: user=0.06 sys=0.00, real=0.01 secs]
2325.749: [GC [PSYoungGen: 52224K->256K(58880K)] 528073K->476105K(779776K), 0.0112992 secs] [Times: user=0.06 sys=0.00, real=0.01 secs]
2325.749: [GC [PSYoungGen: 52224K->256K(58880K)] 528073K->476105K(779776K), 0.0112992 secs] [Times: user=0.06 sys=0.00, real=0.01 secs]
2325.749: [GC [PSYoungGen: 52224K->256K(58880K)] 528073K->476105K(779776K), 0.0112992 secs] [Times: user=0.06 sys=0.00, real=0.01 secs]
2325.749: [GC [PSYoungGen: 52224K->256K(58880K)] 528073K->476105K(779776K), 0.0112992 secs] [Times: user=0.06 sys=0.00, real=0.01 secs]
2325.749: [GC [PSYoungGen: 52224K->256K(58880K)] 528073K->476105K(779776K), 0.0112992 secs] [Times: user=0.06 sys=0.00, real=0.01 secs]
2325.749: [GC [PSYoungGen: 52224K->256K(58880K)] 528073K->476105K(779776K), 0.0112992 secs] [Times: user=0.06 sys=0.00, real=0.01 secs]
2325.749: [GC [PSYoungGen: 52224K->256K(58880K)] 528073K->476105K(779776K), 0.0112992 secs] [Times: user=0.06 sys=0.00, real=0.01 secs]
2325.749: [GC [PSYoungGen: 52224K->256K(58880K)] 528073K->476105K(779776K), 0.0112992 secs] [Times: user=0.06 sys=0.00, real=0.01 secs]
2325.749: [GC [PSYoungGen: 52224K->256K(58880K)] 528073K->476105K(779776K), 0.0112992 secs] [Times: user=0.06 sys=0.00, real=0.01 secs]
2325.749: [GC [PSYoungGen: 52224K->256K(58880K)] 528073K->476105K(779776K), 0.0112992 secs] [Times: user=0.06 sys=0.00, real=0.01 secs]
2325.749: [GC [PSYoungGen: 52224K->256K(58880K)] 528073K->476105K(779776K), 0.0112992 secs] [Times: user=0.06 sys=0.00, real=0.01 secs]
2325.749: [GC [PSYoungGen: 52224K->256K(58880K)] 528073K->476105K(779776K), 0.0112992 secs] [Times: user=0.06 sys=0.00, real=0.01 secs]
2325.749: [GC [PSYoungGen: 52224K->256K(58880K)] 528073K->476105K(779776K), 0.0112992 secs] [Times: user=0.06 sys=0.00, real=0.01 secs]
2325.749: [GC [PSYoungGen: 52224K->256K(58880K)] 528073K->476105K(779776K), 0.0112992 secs] [Times: user=0.06 sys=0.00, real=0.01 secs]
2325.749: [GC [PSYoungGen: 52224K->256K(58880K)] 528073K->476105K(779776K), 0.0112992 secs] [Times: user=0.06 sys=0.00, real=0.01 secs]
2325.749: [GC [PSYoungGen: 52224K->256K(58880K)] 528073K->476105K(779776K), 0.0112992 secs] [Times: user=0.06 sys=0.00, real=0.01 secs]
2325.749: [GC [PSYoungGen: 52224K->256K(58880K)] 528073K->476105K(779776K), 0.0112992 secs] [Times: user=0.06 sys=0.00, real=0.01 secs]
2325.749: [GC [PSYoungGen: 52224K->256K(58880K)] 528073K->476105K(779776K), 0.0112992 secs] [Times: user=0.06 sys=0.00, real=0.01 secs]
2325.749: [GC [PSYoungGen: 52224K->256K(58880K)] 528073K->476105K(779776K), 0.0112992 secs] [Times: user=0.06 sys=0.00, real=0.01 secs]
2325.749: [GC [PSYoungGen: 52224K->256K(58880K)] 528073K->476105K(779776K), 0.0112992 secs] [Times: user=0.06 sys=0.00, real=0.01 secs]
2325.749: [GC [PSYoungGen: 52224K->256K(58880K)] 528073K->476105K(779776K), 0.0112992 secs] [Times: user=0.06 sys=0.00, real=0.01 secs]
2325.749: [GC [PSYoungGen: 52224K->256K(58880K)] 528073K->476105K(779776K), 0.0112992 secs] [Times: user=0.06 sys=0.00, real=0.01 secs]
2325.749: [GC [PSYoungGen: 52224K->256K(58880K)] 528073K->476105K(779776K), 0.0112992 secs] [Times: user=0.06 sys=0.00, real=0.01 secs]
2325.749: [GC [PSYoungGen: 52224K->256K(58880K)] 528073K->476105K(779776K), 0.0112992 secs] [Times: user=0.06 sys=0.00, real=0.01 secs]
2325.749: [GC [PSYoungGen: 52224K->256K(58880K)] 528073K->476105K(779776K), 0.0112992 secs] [Times: user=0.06 sys=0.00, real=0.01 secs]
2325.749: [GC [PSYoungGen: 52224K->256K(58880K)] 528073K->476105K(779776K), 0.0112992 secs] [Times: user=0.06 sys=0.00, real=0.01 secs]
2325.749: [GC [PSYoungGen: 52224K->256K(58880K)] 528073K->476105K(779776K), 0.0112992 secs] [Times: user=0.06 sys=0.00, real=0.01 secs]
2325.749: [GC [PSYoungGen: 52224K->256K(58880K)] 528073K->476105K(779776K), 0.0112992 secs] [Times: user=0.06 sys=0.00, real=0.01 secs]
2325.749: [GC [PSYoungGen: 52224K->256K(58880K)] 528073K->476105K(779776K), 0.0112992 secs] [Times: user=0.06 sys=0.00, real=0.01 secs]
2325.749: [GC [PSYoungGen: 52224K->256K(58880K)] 528073K->476105K(779776K), 0.0112992 secs] [Times: user=0.06 sys=0.00, real=0.01 secs]
2325.749: [GC [PSYoungGen: 52224K->256K(58880K)] 528073K->476105K(779776K), 0.0112992 secs] [Times: user=0.06 sys=0.00, real=0.01 secs]
2325.749: [GC [PSYoungGen: 52224K->256K(58880K)] 528073K->476105K(779776K), 0.0112992 secs] [Times: user=0.06 sys=0.00, real=0.01 secs]
2325.749: [GC [PSYoungGen: 52224K->256K(58880K)] 528073K->476105K(779776K), 0.0112992 secs] [Times: user=0.06 sys=0.00, real=0.01 secs]
2325.749: [GC [PSYoungGen: 52224K->256K(58880K)] 528073K->476105K(779776K), 0.0112992 secs] [Times: user=0.06 sys=0.00, real=0.01 secs]
2325.749: [GC [PSYoungGen: 52224K->256K(58880K)] 528073K->476105K(779776K), 0.0112992 secs] [Times: user=0.06 sys=0.00, real=0.01 secs]
2325.749: [GC [PSYoungGen: 52224K->256K(58880K)] 528073K->476105K(779776K), 0.0112992 secs] [Times: user=0.06 sys=0.00, real=0.01 secs]
2325.749: [GC [PSYoungGen: 52224K->256K(58880K)] 528073K->476105K(779776K), 0.0112992 secs] [Times: user=0.06 sys=0.00, real=0.01 secs]
2325.749: [GC [PSYoungGen: 52224K->256K(58880K)] 528073K->476105K(779776K), 0.0112992 secs] [Times: user=0.06 sys=0.00, real=0.01 secs]
2325.749: [GC [PSYoungGen: 52224K->256K(58880K)] 528073K->476105K(779776K), 0.0112992 secs] [Times: user=0.06 sys=0.00, real=0.01 secs]
2325.749: [GC [PSYoungGen: 52224K->256K(58880K)] 528073K->476105K(779776K), 0.0112992 secs] [Times: user=0.06 sys=0.00, real=0.01 secs]
2325.749: [GC [PSYoungGen: 52224K->256K(58880K)] 528073K->476105K(779776K), 0.0112992 secs] [Times: user=0.06 sys=0.00, real=0.01 secs]
2325.749: [GC [PSYoungGen: 52224K->256K(58880K)] 528073K->476105K(779776K), 0.0112992 secs] [Times: user=0.06 sys=0.00, real=0.01 secs]
2325.749: [GC [PSYoungGen: 52224K->256K(58880K)] 528073K->476105K(779776K), 0.0112992 secs] [Times: user=0.06 sys=0.00, real=0.01 secs]
2325.749: [GC [PSYoungGen: 52224K->256K(58880K)] 528073K->476105K(779776K), 0.0112992 secs] [Times: user=0.06 sys=0.00, real=0.01 secs]
2325.749: [GC [PSYoungGen: 52224K->256K(58880K)] 528073K->476105K(779776K), 0.0112992 secs] [Times: user=0.06 sys=0.00, real=0.01 secs]
2325.749: [GC [PSYoungGen: 52224K->256K(58880K)] 528073K->476105K(779776K), 0.0112992 secs] [Times: user=0.06 sys=0.00, real=0.01 secs]
2325.749: [GC [PSYoungGen: 52224K->256K(58880K)] 528073K->476105K(779776K), 0.0112992 secs] [Times: user=0.06 sys=0.00, real=0.01 secs]
2325.749: [GC [PSYoungGen: 52224K->256K(58880K)] 528073K->476105K(779776K), 0.0112992 secs] [Times: user=0.06 sys=0.00, real=0.01 secs]
2325.749: [GC [PSYoungGen: 52224K->256K(58880K)] 528073K->476105K(779776K), 0.0112992 secs] [Times: user=0.06 sys=0.00, real=0.01 secs]
2325.749: [GC [PSYoungGen: 52224K->256K(58880K)] 528073K->476105K(779776K), 0.0112992 secs] [Times: user=0.06 sys=0.00, real=0.01 secs]
2325.749: [GC [PSYoungGen: 52224K->256K(58880K)] 528073K->476105K(779776K), 0.0112992 secs] [Times: user=0.06 sys=0.00, real=0.01 secs]
2325.749: [GC [PSYoungGen: 52224K->256K(58880K)] 528073K->476105K(779776K), 0.0112992 secs] [Times: user=0.06 sys=0.00, real=0.01 secs]
2325.749: [GC [PSYoungGen: 52224K->256K(58880K)] 528073K->476105K(779776K), 0.0112992 secs] [Times: user=0.06 sys=0.00, real=0.01 secs]
2325.749: [GC [PSYoungGen: 52224K->256K(58880K)] 528073K->476105K(779776K), 0.0112992 secs] [Times: user=0.06 sys=0.00, real=0.01 secs]
2325.749: [GC [PSYoungGen: 52224K->256K(58880K)] 528073K->476105K(779776K), 0.0112992 secs] [Times: user=0.06 sys=0.00, real=0.01 secs]
2325.749: [GC [PSYoungGen: 52224K->256K(58880K)] 528073K->476105K(779776K), 0.0112992 secs] [Times: user=0.06 sys=0.00, real=0.01 secs]
2325.749: [GC [PSYoungGen: 52224K->256K(58880K)] 528073K->476105K(779776K), 0.0112992 secs] [Times: user=0.06 sys=0.00, real=0.01 secs]
2325.749: [GC [PSYoungGen: 52224K->256K(58880K)] 528073K->476105K(779776K), 0.0112992 secs] [Times: user=0.06 sys=0.00, real=0.01 secs]
2325.749: [GC [PSYoungGen: 52224K->256K(58880K)] 528073K->476105K(779776K), 0.0112992 secs] [Times: user=0.06 sys=0.00, real=0.01 secs]
2325.749: [GC [PSYoungGen: 52224K->256K(58880K)] 528073K->476105K(779776K), 0.0112992 secs] [Times: user=0.06 sys=0.00, real=0.01 secs]
2325.749: [GC [PSYoungGen: 52224K->256K(58880K)] 528073K->476105K(779776K), 0.0112992 secs] [Times: user=0.06 sys=0.00, real=0.01 secs]
2325.749: [GC [PSYoungGen: 52224K->256K(58880K)] 528073K->476105K(779776K), 0.0112992 secs] [Times: user=0.06 sys=0.00, real=0.01 secs]
2325.749: [GC [PSYoungGen: 52224K->256K(58880K)] 528073K->476105K(779776K), 0.0112992 secs] [Times: user=0.06 sys=0.00, real=0.01 secs]
2325.749: [GC [PSYoungGen: 52224K->256K(58880K)] 528073K->476105K(779776K), 0.0112992 secs] [Times: user=0.06 sys=0.00, real=0.01 secs]
2325.749: [GC [PSYoungGen: 52224K->256K(58880K)] 528073K->476105K(779776K), 0.0112992 secs] [Times: user=0.06 sys=0.00, real=0.01 secs]
2325.749: [GC [PSYoungGen: 52224K->256K(58880K)] 528073K->476105K(779776K), 0.0112992 secs] [Times: user=0.06 sys=0.00, real=0.01 secs]
2325.749: [GC [PSYoungGen: 52224K->256K(58880K)] 528073K->476105K(779776K), 0.0112992 secs] [Times: user=0.06 sys=0.00, real=0.01 secs]
2325.749: [GC [PSYoungGen: 52224K->256K(58880K)] 528073K->476105K(779776K), 0.0112992 secs] [Times: user=0.06 sys=0.00, real=0.01 secs]
2325.749: [GC [PSYoungGen: 52224K->256K(58880K)] 528073K->476105K(779776K), 0.0112992 secs] [Times: user=0.06 sys=0.00, real=0.01 secs]
2325.749: [GC [PSYoungGen: 52224K->256K(58880K)] 528073K->476105K(779776K), 0.0112992 secs] [Times: user=0.06 sys=0.00, real=0.01 secs]
2325.749: [GC [PSYoungGen: 52224K->256K(58880K)] 528073K->476105K(779776K), 0.0112992 secs] [Times: user=0.06 sys=0.00, real=0.01 secs]
2325.749: [GC [PSYoungGen: 52224K->256K(58880K)] 528073K->476105K(779776K), 0.0112992 secs] [Times: user=0.06 sys=0.00, real=0.01 secs]
2325.749: [GC [PSYoungGen: 52224K->256K(58880K)] 528073K->476105K(779776K), 0.0112992 secs] [Times: user=0.06 sys=0.00, real=0.01 secs]
2325.749: [GC [PSYoungGen: 52224K->256K(58880K)] 528073K->476105K(779776K), 0.0112992 secs] [Times: user=0.06 sys=0.00, real=0.01 secs]
2325.749: [GC [PSYoungGen: 52224K->256K(58880K)] 528073K->476105K(779776K), 0.0112992 secs] [Times: user=0.06 sys=0.00, real=0.01 secs]
2325.749: [GC [PSYoungGen: 52224K->256K(58880K)] 528073K->476105K(779776K), 0.0112992 secs] [Times: user=0.06 sys=0.00, real=0.01 secs]
2325.749: [GC [PSYoungGen: 52224K->256K(58880K)] 528073K->476105K(779776K), 0.0112992 secs] [Times: user=0.06 sys=0.00, real=0.01 secs]
2325.749: [GC [PSYoungGen: 52224K->256K(58880K)] 528073K->476105K(779776K), 0.0112992 secs] [Times: user=0.06 sys=0.00, real=0.01 secs]
2325.749: [GC [PSYoungGen: 52224K->256K(58880K)] 528073K->476105K(779776K), 0.0112992 secs] [Times: user=0.06 sys=0.00, real=0.01 secs]
2325.749: [GC [PSYoungGen: 52224K->256K(58880K)] 528073K->476105K(779776K), 0.0112992 secs] [Times: user=0.06 sys=0.00, real=0.01 secs]
2325.749: [GC [PSYoungGen: 52224K->256K(58880K)] 528073K->476105K(779776K), 0.0112992 secs] [Times: user=0.06 sys=0.00, real=0.01 secs]
2325.749: [GC [PSYoungGen: 52224K->256K(58880K)] 528073K->476105K(779776K), 0.0112992 secs] [Times: user=0.06 sys=0.00, real=0.01 secs]
2325.749: [GC [PSYoungGen: 52224K->256K(58880K)] 528073K->476105K(779776K), 0.0112992 secs] [Times: user=0.06 sys=0.00, real=0.01 secs]
2325.749: [GC [PSYoungGen: 52224K->256K(58880K)] 528073K->476105K(779776K), 0.0112992 secs] [Times: user=0.06 sys=0.00, real=0.01 secs]
2325.749: [GC [PSYoungGen: 52224K->256K(58880K)] 528073K->476105K(779776K), 0.0112992 secs] [Times: user=0.06 sys=0.00, real=0.01 secs]
2325.749: [GC [PSYoungGen: 52224K->256K(58880K)] 528073K->476105K(779776K), 0.0112992 secs] [Times: user=0.06 sys=0.00, real=0.01 secs]
2325.749: [GC [PSYoungGen: 52224K->256K(58880K)] 528073K->476105K(779776K), 0.0112992 secs] [Times: user=0.06 sys=0.00, real=0.01 secs]
2325.749: [GC [PSYoungGen: 52224K->256K(58880K)] 528073K->476105K(779776K), 0.0112992 secs] [Times: user=0.06 sys=0.00, real=0.01 secs]
2325.749: [GC [PSYoungGen: 52224K->256K(58880K)] 528073K->476105K(779776K), 0.0112992 secs] [Times: user=0.06 sys=0.00, real=0.01 secs]
2325.749: [GC [PSYoungGen: 52224K->256K(58880K)] 528073K->476105K(779776K), 0.0112992 secs] [Times: user=0.06 sys=0.00, real=0.01 secs]
2325.749: [GC [PSYoungGen: 52224K->256K(58880K)] 528073K->476105K(779776K), 0.0112992 secs] [Times: user=0.06 sys=0.00, real=0.01 secs]
2325.749: [GC [PSYoungGen: 52224K->256K(58880K)] 528073K->476105K(779776K), 0.0112992 secs] [Times: user=0.06 sys=0.00, real=0.01 secs]
2325.749: [GC [PSYoungGen: 52224K->256K(58880K)] 528073K->476105K(779776K), 0.0112992 secs] [Times: user=0.06 sys=0.00, real=0.01 secs]
2325.749: [GC [PSYoungGen: 52224K->256K(58880K)] 528073K->476105K(779776K), 0.0112992 secs] [Times: user=0.06 sys=0.00, real=0.01 secs]
2325.749: [GC [PSYoungGen: 52224K->256K(58880K)] 528073K->476105K(779776K), 0.0112992 secs] [Times: user=0.06 sys=0.00, real=0.01 secs]
2325.749: [GC [PSYoungGen: 52224K->256K(58880K)] 528073K->476105K(779776K), 0.0112992 secs] [Times: user=0.06 sys=0.00, real=0.01 secs]
2325.749: [GC [PSYoungGen: 52224K->256K(58880K)] 528073K->476105K(779776K), 0.0112992 secs] [Times: user=0.06 sys=0.00, real=0.01 secs]
2325.749: [GC [PSYoungGen: 52224K->256K(58880K)] 528073K->476105K(779776K), 0.0112992 secs] [Times: user=0.06 sys=0.00, real=0.01 secs]
2325.749: [GC [PSYoungGen: 52224K->256K(58880K)] 528073K->476105K(779776K), 0.0112992 secs] [Times: user=0.06 sys=0.00, real=0.01 secs]
2325.749: [GC [PSYoungGen: 52224K->256K(58880K)] 528073K->476105K(779776K), 0.0112992 secs] [Times: user=0.06 sys=0.00, real=0.01 secs]
2325.749: [GC [PSYoungGen: 52224K->256K(58880K)] 528073K->476105K(779776K), 0.0112992 secs] [Times: user=0.06 sys=0.00, real=0.01 secs]
2325.749: [GC [PSYoungGen: 52224K->256K(58880K)] 528073K->476105K(779776K), 0.0112992 secs] [Times: user=0.06 sys=0.00, real=0.01 secs]
2325.749: [GC [PSYoungGen: 52224K->256K(58880K)] 528073K->476105K(779776K), 0.0112992 secs] [Times: user=0.06 sys=0.00, real=0.01 secs]
2325.749: [GC [PSYoungGen: 52224K->256K(58880K)] 528073K->476105K(779776K), 0.0112992 secs] [Times: user=0.06 sys=0.00, real=0.01 secs]
2325.749: [GC [PSYoungGen: 52224K->256K(58880K)] 528073K->476105K(779776K), 0.0112992 secs] [Times: user=0.06 sys=0.00, real=0.01 secs]
2325.749: [GC [PSYoungGen: 52224K->256K(58880K)] 528073K->476105K(779776K), 0.0112992 secs] [Times: user=0.06 sys=0.00, real=0.01 secs]
2325.749: [GC [PSYoungGen: 52224K->256K(58880K)] 528073K->476105K(779776K), 0.0112992 secs] [Times: user=0.06 sys=0.00, real=0.01 secs]
2325.749: [GC [PSYoungGen: 52224K->256K(58880K)] 528073K->476105K(779776K), 0.0112992 secs] [Times: user=0.06 sys=0.00, real=0.01 secs]
2325.749: [GC [PSYoungGen: 52224K->256K(58880K)] 528073K->476105K(779776K), 0.0112992 secs] [Times: user=0.06 sys=0.00, real=0.01 secs]
2325.749: [GC [PSYoungGen: 52224K->256K(58880K)] 528073K->476105K(779776K), 0.0112992 secs] [Times: user=0.06 sys=0.00, real=0.01 secs]
2325.749: [GC [PSYoungGen: 52224K->256K(58880K)] 528073K->476105K(779776K), 0.0112992 secs] [Times: user=0.06 sys=0.00, real=0.01 secs]
2325.749: [GC [PSYoungGen: 52224K->256K(58880K)] 528073K->476105K(779776K), 0.0112992 secs] [Times: user=0.06 sys=0.00, real=0.01 secs]
2325.749: [GC [PSYoungGen: 52224K->256K(58880K)] 528073K->476105K(779776K), 0.0112992 secs] [Times: user=0.06 sys=0.00, real=0.01 secs]
2325.749: [GC [PSYoungGen: 52224K->256K(58880K)] 528073K->476105K(779776K), 0.0112992 secs] [Times: user=0.06 sys=0.00, real=0.01 secs]
2325.749: [GC [PSYoungGen: 52224K->256K(58880K)] 528073K->476105K(779776K), 0.0112992 secs] [Times: user=0.06 sys=0.00, real=0.01 secs]
2325.749: [GC [PSYoungGen: 52224K->256K(58880K)] 528073K->476105K(779776K), 0.0112992 secs] [Times: user=0.06 sys=0.00, real=0.01 secs]
2325.749: [GC [PSYoungGen: 52224K->256K(58880K)] 528073K->476105K(779776K), 0.0112992 secs] [Times: user=0.06 sys=0.00, real=0.01 secs]
2325.749: [GC [PSYoungGen: 52224K->256K(58880K)] 528073K->476105K(779776K), 0.0112992 secs] [Times: user=0.06 sys=0.00, real=0.01 secs]
2325.749: [GC [PSYoungGen: 52224K->256K(58880K)] 528073K->476105K(779776K), 0.0112992 secs] [Times: user=0.06 sys=0.00, real=0.01 secs]
2325.749: [GC [PSYoungGen: 52224K->256K(58880K)] 528073K->476105K(779776K), 0.0112992 secs] [Times: user=0.06 sys=0.00, real=0.01 secs]
2325.749: [GC [PSYoungGen: 52224K->256K(58880K)] 528073K->476105K(779776K), 0.0112992 secs] [Times: user=0.06 sys=0.00, real=0.01 secs]
2325.749: [GC [PSYoungGen: 52224K->256K(58880K)] 528073K->476105K(779776K), 0.0112992 secs] [Times: user=0.06 sys=0.00, real=0.01 secs]
2325.749: [GC [PSYoungGen: 52224K->256K(58880K)] 528073K->476105K(779776K), 0.0112992 secs] [Times: user=0.06 sys=0.00, real=0.01 secs]
2325.749: [GC [PSYoungGen: 52224K->256K(58880K)] 528073K->476105K(779776K), 0.0112992 secs] [Times: user=0.06 sys=0.00, real=0.01 secs]
2325.749: [GC [PSYoungGen: 52224K->256K(58880K)] 528073K->476105K(779776K), 0.0112992 secs] [Times: user=0.06 sys=0.00, real=0.01 secs]
2325.749: [GC [PSYoungGen: 52224K->256K(58880K)] 528073K->476105K(779776K), 0.0112992 secs] [Times: user=0.06 sys=0.00, real=0.01 secs]
2325.749: [GC [PSYoungGen: 52224K->256K(58880K)] 528073K->476105K(779776K), 0.0112992 secs] [Times: user=0.06 sys=0.00, real=0.01 secs]
2325.749: [GC [PSYoungGen: 52224K->256K(58880K)] 528073K->476105K(779776K), 0.0112992 secs] [Times: user=0.06 sys=0.00, real=0.01 secs]
2325.749: [GC [PSYoungGen: 52224K->256K(58880K)] 528073K->476105K(779776K), 0.0112992 secs] [Times: user=0.06 sys=0.00, real=0.01 secs]
2325.749: [GC [PSYoungGen: 52224K->256K(58880K)] 528073K->476105K(779776K), 0.0112992 secs] [Times: user=0.06 sys=0.00, real=0.01 secs]
2325.749: [GC [PSYoungGen: 52224K->256K(58880K)] 528073K->476105K(779776K), 0.0112992 secs] [Times: user=0.06 sys=0.00, real=0.01 secs]
2325.749: [GC [PSYoungGen: 52224K->256K(58880K)] 528073K->476105K(779776K), 0.0112992 secs] [Times: user=0.06 sys=0.00, real=0.01 secs]
2325.749: [GC [PSYoungGen: 52224K->256K(58880K)] 528073K->476105K(779776K), 0.0112992 secs] [Times: user=0.06 sys=0.00, real=0.01 secs]
2325.749: [GC [PSYoungGen: 52224K->256K(58880K)] 528073K->476105K(779776K), 0.0112992 secs] [Times: user=0.06 sys=0.00, real=0.01 secs]
2325.749: [GC [PSYoungGen: 52224K->256K(58880K)] 528073K->476105K(779776K), 0.0112992 secs] [Times: user=0.06 sys=0.00, real=0.01 secs]
2325.749: [GC [PSYoungGen: 52224K->256K(58880K)] 528073K->476105K(779776K), 0.0112992 secs] [Times: user=0.06 sys=0.00, real=0.01 secs]
2325.749: [GC [PSYoungGen: 52224K->256K(58880K)] 528073K->476105K(779776K), 0.0112992 secs] [Times: user=0.06 sys=0.00, real=0.01 secs]
2325.749: [GC [PSYoungGen: 52224K->256K(58880K)] 528073K->476105K(779776K), 0.0112992 secs] [Times: user=0.06 sys=0.00, real=0.01 secs]
2325.749: [GC [PSYoungGen: 52224K->256K(58880K)] 528073K->476105K(779776K), 0.0112992 secs] [Times: user=0.06 sys=0.00, real=0.01 secs]
2325.749: [GC [PSYoungGen: 52224K->256K(58880K)] 528073K->476105K(779776K), 0.0112992 secs] [Times: user=0.06 sys=0.00, real=0.01 secs]
2325.749: [GC [PSYoungGen: 52224K->256K(58880K)] 528073K->476105K(779776K), 0.0112992 secs] [Times: user=0.06 sys=0.00, real=0.01 secs]
2325.749: [GC [PSYoungGen: 52224K->256K(58880K)] 528073K->476105K(779776K), 0.0112992 secs] [Times: user=0.06 sys=0.00, real=0.01 secs]
2325.749: [GC [PSYoungGen: 52224K->256K(58880K)] 528073K->476105K(779776K), 0.0112992 secs] [Times: user=0.06 sys=0.00, real=0.01 secs]
2325.749: [GC [PSYoungGen: 52224K->256K(58880K)] 528073K->476105K(779776K), 0.0112992 secs] [Times: user=0.06 sys=0.00, real=0.01 secs]
2325.749: [GC [PSYoungGen: 52224K->256K(58880K)] 528073K->476105K(779776K), 0.0112992 secs] [Times: user=0.06 sys=0.00, real=0.01 secs]
2325.749: [GC [PSYoungGen: 52224K->256K(58880K)] 528073K->476105K(779776K), 0.0112992 secs] [Times: user=0.06 sys=0.00, real=0.01 secs]
2325.749: [GC [PSYoungGen: 52224K->256K(58880K)] 528073K->476105K(779776K), 0.0112992 secs] [Times: user=0.06 sys=0.00, real=0.01 secs]
2325.749: [GC [PSYoungGen: 52224K->256K(58880K)] 528073K->476105K(779776K), 0.0112992 secs] [Times: user=0.06 sys=0.00, real=0.01 secs]
2325.749: [GC [PSYoungGen: 52224K->256K(58880K)] 528073K->476105K(779776K), 0.0112992 secs] [Times: user=0.06 sys=0.00, real=0.01 secs]
2325.749: [GC [PSYoungGen: 52224K->256K(58880K)] 528073K->476105K(779776K), 0.0112992 secs] [Times: user=0.06 sys=0.00, real=0.01 secs]
2325.749: [GC [PSYoungGen: 52224K->256K(58880K)] 528073K->476105K(779776K), 0.0112992 secs] [Times: user=0.06 sys=0.00, real=0.01 secs]
2325.749: [GC [PSYoungGen: 52224K->256K(58880K)] 528073K->476105K(779776K), 0.0112992 secs] [Times: user=0.06 sys=0.00, real=0.01 secs]
2325.749: [GC [PSYoungGen: 52224K->256K(58880K)] 528073K->476105K(779776K), 0.0112992 secs] [Times: user=0.06 sys=0.00, real=0.01 secs]
2325.749: [GC [PSYoungGen: 52224K->256K(58880K)] 528073K->476105K(779776K), 0.0112992 secs] [Times: user=0.06 sys=0.00, real=0.01 secs]
2325.749: [GC [PSYoungGen: 52224K->256K(58880K)] 528073K->476105K(779776K), 0.0112992 secs] [Times: user=0.06 sys=0.00, real=0.01 secs]
2325.749: [GC [PSYoungGen: 52224K->256K(58880K)] 528073K->476105K(779776K), 0.0112992 secs] [Times: user=0.06 sys=0.00, real=0.01 secs]
2325.749: [GC [PSYoungGen: 52224K->256K(58880K)] 528073K->476105K(779776K), 0.0112992 secs] [Times: user=0.06 sys=0.00, real=0.01 secs]
2325.749: [GC [PSYoungGen: 52224K->256K(58880K)] 528073K->476105K(779776K), 0.0112992 secs] [Times: user=0.06 sys=0.00, real=0.01 secs]
2325.749: [GC [PSYoungGen: 52224K->256K(58880K)] 528073K->476105K(779776K), 0.0112992 secs] [Times: user=0.06 sys=0.00, real=0.01 secs]
2325.749: [GC [PSYoungGen: 52224K->256K(58880K)] 528073K->476105K(779776K), 0.0112992 secs] [Times: user=0.06 sys=0.00, real=0.01 secs]
2325.749: [GC [PSYoungGen: 52224K->256K(58880K)] 528073K->476105K(779776K), 0.0112992 secs] [Times: user=0.06 sys=0.00, real=0.01 secs]
2325.749: [GC [PSYoungGen: 52224K->256K(58880K)] 528073K->476105K(779776K), 0.0112992 secs] [Times: user=0.06 sys=0.00, real=0.01 secs]
2325.749: [GC [PSYoungGen: 52224K->256K(58880K)] 528073K->476105K(779776K), 0.0112992 secs] [Times: user=0.06 sys=0.00, real=0.01 secs]
2325.749: [GC [PSYoungGen: 52224K->256K(58880K)] 528073K->476105K(779776K), 0.0112992 secs] [Times: user=0.06 sys=0.00, real=0.01 secs]
2325.749: [GC [PSYoungGen: 52224K->256K(58880K)] 528073K->476105K(779776K), 0.0112992 secs] [Times: user=0.06 sys=0.00, real=0.01 secs]
2325.749: [GC [PSYoungGen: 52224K->256K(58880K)] 528073K->476105K(779776K), 0.0112992 secs] [Times: user=0.06 sys=0.00, real=0.01 secs]
2325.749: [GC [PSYoungGen: 52224K->256K(58880K)] 528073K->476105K(779776K), 0.0112992 secs] [Times: user=0.06 sys=0.00, real=0.01 secs]
2325.749: [GC [PSYoungGen: 52224K->256K(58880K)] 528073K->476105K(779776K), 0.0112992 secs] [Times: user=0.06 sys=0.00, real=0.01 secs]
2325.749: [GC [PSYoungGen: 52224K->256K(58880K)] 528073K->476105K(779776K), 0.0112992 secs] [Times: user=0.06 sys=0.00, real=0.01 secs]
2325.749: [GC [PSYoungGen: 52224K->256K(58880K)] 528073K->476105K(779776K), 0.0112992 secs] [Times: user=0.06 sys=0.00, real=0.01 secs]
2325.749: [GC [PSYoungGen: 52224K->256K(58880K)] 528073K->476105K(779776K), 0.0112992 secs] [Times: user=0.06 sys=0.00, real=0.01 secs]
2325.749: [GC [PSYoungGen: 52224K->256K(58880K)] 528073K->476105K(779776K), 0.0112992 secs] [Times: user=0.06 sys=0.00, real=0.01 secs]
2325.749: [GC [PSYoungGen: 52224K->256K(58880K)] 528073K->476105K(779776K), 0.0112992 secs] [Times: user=0.06 sys=0.00, real=0.01 secs]
2325.749: [GC [PSYoungGen: 52224K->256K(58880K)] 528073K->476105K(779776K), 0.0112992 secs] [Times: user=0.06 sys=0.00, real=0.01 secs]
2325.749: [GC [PSYoungGen: 52224K->256K(58880K)] 528073K->476105K(779776K), 0.0112992 secs] [Times: user=0.06 sys=0.00, real=0.01 secs]
2325.749: [GC [PSYoungGen: 52224K->256K(58880K)] 528073K->476105K(779776K), 0.0112992 secs] [Times: user=0.06 sys=0.00, real=0.01 secs]
2325.749: [GC [PSYoungGen: 52224K->256K(58880K)] 528073K->476105K(779776K), 0.0112992 secs] [Times: user=0.06 sys=0.00, real=0.01 secs]
2325.749: [GC [PSYoungGen: 52224K->256K(58880K)] 528073K->476105K(779776K), 0.0112992 secs] [Times: user=0.06 sys=0.00, real=0.01 secs]
2325.749: [GC [PSYoungGen: 52224K->256K(58880K)] 528073K->476105K(779776K), 0.0112992 secs] [Times: user=0.06 sys=0.00, real=0.01 secs]
2325.749: [GC [PSYoungGen: 52224K->256K(58880K)] 528073K->476105K(779776K), 0.0112992 secs] [Times: user=0.06 sys=0.00, real=0.01 secs]
2325.749: [GC [PSYoungGen: 52224K->256K(58880K)] 528073K->476105K(779776K), 0.0112992 secs] [Times: user=0.06 sys=0.00, real=0.01 secs]
2325.749: [GC [PSYoungGen: 52224K->256K(58880K)] 528073K->476105K(779776K), 0.0112992 secs] [Times: user=0.06 sys=0.00, real=0.01 secs]
2325.749: [GC [PSYoungGen: 52224K->256K(58880K)] 528073K->476105K(779776K), 0.0112992 secs] [Times: user=0.06 sys=0.00, real=0.01 secs]
2325.749: [GC [PSYoungGen: 52224K->256K(58880K)] 528073K->476105K(779776K), 0.0112992 secs] [Times: user=0.06 sys=0.00, real=0.01 secs]
2325.749: [GC [PSYoungGen: 52224K->256K(58880K)] 528073K->476105K(779776K), 0.0112992 secs] [Times: user=0.06 sys=0.00, real=0.01 secs]
2325.749: [GC [PSYoungGen: 52224K->256K(58880K)] 528073K->476105K(779776K), 0.0112992 secs] [Times: user=0.06 sys=0.00, real=0.01 secs]
2325.749: [GC [PSYoungGen: 52224K->256K(58880K)] 528073K->476105K(779776K), 0.0112992 secs] [Times: user=0.06 sys=0.00, real=0.01 secs]
2325.749: [GC [PSYoungGen: 52224K->256K(58880K)] 528073K->476105K(779776K), 0.0112992 secs] [Times: user=0.06 sys=0.00, real=0.01 secs]
2325.749: [GC [PSYoungGen: 52224K->256K(58880K)] 528073K->476105K(779776K), 0.0112992 secs] [Times: user=0.06 sys=0.00, real=0.01 secs]
2325.749: [GC [PSYoungGen: 52224K->256K(58880K)] 528073K->476105K(779776K), 0.0112992 secs] [Times: user=0.06 sys=0.00, real=0.01 secs]
2325.749: [GC [PSYoungGen: 52224K->256K(58880K)] 528073K->476105K(779776K), 0.0112992 secs] [Times: user=0.06 sys=0.00, real=0.01 secs]
2325.749: [GC [PSYoungGen: 52224K->256K(58880K)] 528073K->476105K(779776K), 0.0112992 secs] [Times: user=0.06 sys=0.00, real=0.01 secs]
2325.749: [GC [PSYoungGen: 52224K->256K(58880K)] 528073K->476105K(779776K), 0.0112992 secs] [Times: user=0.06 sys=0.00, real=0.01 secs]
2325.749: [GC [PSYoungGen: 52224K->256K(58880K)] 528073K->476105K(779776K), 0.0112992 secs] [Times: user=0.06 sys=0.00, real=0.01 secs]
2325.749: [GC [PSYoungGen: 52224K->256K(58880K)] 528073K->476105K(779776K), 0.0112992 secs] [Times: user=0.06 sys=0.00, real=0.01 secs]
2325.749: [GC [PSYoungGen: 52224K->256K(58880K)] 528073K->476105K(779776K), 0.0112992 secs] [Times: user=0.06 sys=0.00, real=0.01 secs]
2325.749: [GC [PSYoungGen: 52224K->256K(58880K)] 528073K->476105K(779776K), 0.0112992 secs] [Times: user=0.06 sys=0.00, real=0.01 secs]
2325.749: [GC [PSYoungGen: 52224K->256K(58880K)] 528073K->476105K(779776K), 0.0112992 secs] [Times: user=0.06 sys=0.00, real=0.01 secs]
2325.749: [GC [PSYoungGen: 52224K->256K(58880K)] 528073K->476105K(779776K), 0.0112992 secs] [Times: user=0.06 sys=0.00, real=0.01 secs]
2325.749: [GC [PSYoungGen: 52224K->256K(58880K)] 528073K->476105K(779776K), 0.0112992 secs] [Times: user=0.06 sys=0.00, real=0.01 secs]
2325.749: [GC [PSYoungGen: 52224K->256K(58880K)] 528073K->476105K(779776K), 0.0112992 secs] [Times: user=0.06 sys=0.00, real=0.01 secs]
2325.749: [GC [PSYoungGen: 52224K->256K(58880K)] 528073K->476105K(779776K), 0.0112992 secs] [Times: user=0.06 sys=0.00, real=0.01 secs]
2325.749: [GC [PSYoungGen: 52224K->256K(58880K)] 528073K->476105K(779776K), 0.0112992 secs] [Times: user=0.06 sys=0.00, real=0.01 secs]
2325.749: [GC [PSYoungGen: 52224K->256K(58880K)] 528073K->476105K(779776K), 0.0112992 secs] [Times: user=0.06 sys=0.00, real=0.01 secs]
2325.749: [GC [PSYoungGen: 52224K->256K(58880K)] 528073K->476105K(779776K), 0.0112992 secs] [Times: user=0.06 sys=0.00, real=0.01 secs]
2325.749: [GC [PSYoungGen: 52224K->256K(58880K)] 528073K->476105K(779776K), 0.0112992 secs] [Times: user=0.06 sys=0.00, real=0.01 secs]
2325.749: [GC [PSYoungGen: 52224K->256K(58880K)] 528073K->476105K(779776K), 0.0112992 secs] [Times: user=0.06 sys=0.00, real=0.01 secs]
2325.749: [GC [PSYoungGen: 52224K->256K(58880K)] 528073K->476105K(779776K), 0.0112992 secs] [Times: user=0.06 sys=0.00, real=0.01 secs]
2325.749: [GC [PSYoungGen: 52224K->256K(58880K)] 528073K->476105K(779776K), 0.0112992 secs] [Times: user=0.06 sys=0.00, real=0.01 secs]
2325.749: [GC [PSYoungGen: 52224K->256K(58880K)] 528073K->476105K(779776K), 0.0112992 secs] [Times: user=0.06 sys=0.00, real=0.01 secs]
2325.749: [GC [PSYoungGen: 52224K->256K(58880K)] 528073K->476105K(779776K), 0.0112992 secs] [Times: user=0.06 sys=0.00, real=0.01 secs]
2325.749: [GC [PSYoungGen: 52224K->256K(58880K)] 528073K->476105K(779776K), 0.0112992 secs] [Times: user=0.06 sys=0.00, real=0.01 secs]
2325.749: [GC [PSYoungGen: 52224K->256K(58880K)] 528073K->476105K(779776K), 0.0112992 secs] [Times: user=0.06 sys=0.00, real=0.01 secs]
2325.749: [GC [PSYoungGen: 52224K->256K(58880K)] 528073K->476105K(779776K), 0.0112992 secs] [Times: user=0.06 sys=0.00, real=0.01 secs]
2325.749: [GC [PSYoungGen: 52224K->256K(58880K)] 528073K->476105K(779776K), 0.0112992 secs] [Times: user=0.06 sys=0.00, real=0.01 secs]
2325.749: [GC [PSYoungGen: 52224K->256K(58880K)] 528073K->476105K(779776K), 0.0112992 secs] [Times: user=0.06 sys=0.00, real=0.01 secs]
2325.749: [GC [PSYoungGen: 52224K->256K(58880K)] 528073K->476105K(779776K), 0.0112992 secs] [Times: user=0.06 sys=0.00, real=0.01 secs]
2325.749: [GC [PSYoungGen: 52224K->256K(58880K)] 528073K->476105K(779776K), 0.0112992 secs] [Times: user=0.06 sys=0.00, real=0.01 secs]
2325.749: [GC [PSYoungGen: 52224K->256K(58880K)] 528073K->476105K(779776K), 0.0112992 secs] [Times: user=0.06 sys=0.00, real=0.01 secs]
2325.749: [GC [PSYoungGen: 52224K->256K(58880K)] 528073K->476105K(779776K), 0.0112992 secs] [Times: user=0.06 sys=0.00, real=0.01 secs]
2325.749: [GC [PSYoungGen: 52224K->256K(58880K)] 528073K->476105K(779776K), 0.0112992 secs] [Times: user=0.06 sys=0.00, real=0.01 secs]
2325.749: [GC [PSYoungGen: 52224K->256K(58880K)] 528073K->476105K(779776K), 0.0112992 secs] [Times: user=0.06 sys=0.00, real=0.01 secs]
2325.749: [GC [PSYoungGen: 52224K->256K(58880K)] 528073K->476105K(779776K), 0.0112992 secs] [Times: user=0.06 sys=0.00, real=0.01 secs]
2325.749: [GC [PSYoungGen: 52224K->256K(58880K)] 528073K->476105K(779776K), 0.0112992 secs] [Times: user=0.06 sys=0.00, real=0.01 secs]
2325.749: [GC [PSYoungGen: 52224K->256K(58880K)] 528073K->476105K(779776K), 0.0112992 secs] [Times: user=0.06 sys=0.00, real=0.01 secs]
2325.749: [GC [PSYoungGen: 52224K->256K(58880K)] 528073K->476105K(779776K), 0.0112992 secs] [Times: user=0.06 sys=0.00, real=0.01 secs]
2325.749: [GC [PSYoungGen: 52224K->256K(58880K)] 528073K->476105K(779776K), 0.0112992 secs] [Times: user=0.06 sys=0.00, real=0.01 secs]
2325.749: [GC [PSYoungGen: 52224K->256K(58880K)] 528073K->476105K(779776K), 0.0112992 secs] [Times: user=0.06 sys=0.00, real=0.01 secs]
2325.749: [GC [PSYoungGen: 52224K->256K(58880K)] 528073K->476105K(779776K), 0.0112992 secs] [Times: user=0.06 sys=0.00, real=0.01 secs]
2325.749: [GC [PSYoungGen: 52224K->256K(58880K)] 528073K->476105K(779776K), 0.0112992 secs] [Times: user=0.06 sys=0.00, real=0.01 secs]
2325.749: [GC [PSYoungGen: 52224K->256K(58880K)] 528073K->476105K(779776K), 0.0112992 secs] [Times: user=0.06 sys=0.00, real=0.01 secs]
2325.749: [GC [PSYoungGen: 52224K->256K(58880K)] 528073K->476105K(779776K), 0.0112992 secs] [Times: user=0.06 sys=0.00, real=0.01 secs]
2325.749: [GC [PSYoungGen: 52224K->256K(58880K)] 528073K->476105K(779776K), 0.0112992 secs] [Times: user=0.06 sys=0.00, real=0.01 secs]
2325.749: [GC [PSYoungGen: 52224K->256K(58880K)] 528073K->476105K(779776K), 0.0112992 secs] [Times: user=0.06 sys=0.00, real=0.01 secs]
2325.749: [GC [PSYoungGen: 52224K->256K(58880K)] 528073K->476105K(779776K), 0.0112992 secs] [Times: user=0.06 sys=0.00, real=0.01 secs]
2325.749: [GC [PSYoungGen: 52224K->256K(58880K)] 528073K->476105K(779776K), 0.0112992 secs] [Times: user=0.06 sys=0.00, real=0.01 secs]
2325.749: [GC [PSYoungGen: 52224K->256K(58880K)] 528073K->476105K(779776K), 0.0112992 secs] [Times: user=0.06 sys=0.00, real=0.01 secs]
2325.749: [GC [PSYoungGen: 52224K->256K(58880K)] 528073K->476105K(779776K), 0.0112992 secs] [Times: user=0.06 sys=0.00, real=0.01 secs]
2325.749: [GC [PSYoungGen: 52224K->256K(58880K)] 528073K->476105K(779776K), 0.0112992 secs] [Times: user=0.06 sys=0.00, real=0.01 secs]
2325.749: [GC [PSYoungGen: 52224K->256K(58880K)] 528073K->476105K(779776K), 0.0112992 secs] [Times: user=0.06 sys=0.00, real=0.01 secs]
2325.749: [GC [PSYoungGen: 52224K->256K(58880K)] 528073K->476105K(779776K), 0.0112992 secs] [Times: user=0.06 sys=0.00, real=0.01 secs]
2325.749: [GC [PSYoungGen: 52224K->256K(58880K)] 528073K->476105K(779776K), 0.0112992 secs] [Times: user=0.06 sys=0.00, real=0.01 secs]
2325.749: [GC [PSYoungGen: 52224K->256K(58880K)] 528073K->476105K(779776K), 0.0112992 secs] [Times: user=0.06 sys=0.00, real=0.01 secs]
2325.749: [GC [PSYoungGen: 52224K->256K(58880K)] 528073K->476105K(779776K), 0.0112992 secs] [Times: user=0.06 sys=0.00, real=0.01 secs]
2325.749: [GC [PSYoungGen: 52224K->256K(58880K)] 528073K->476105K(779776K), 0.0112992 secs] [Times: user=0.06 sys=0.00, real=0.01 secs]
2325.749: [GC [PSYoungGen: 52224K->256K(58880K)] 528073K->476105K(779776K), 0.0112992 secs] [Times: user=0.06 sys=0.00, real=0.01 secs]
2325.749: [GC [PSYoungGen: 52224K->256K(58880K)] 528073K->476105K(779776K), 0.0112992 secs] [Times: user=0.06 sys=0.00, real=0.01 secs]
2325.749: [GC [PSYoungGen: 52224K->256K(58880K)] 528073K->476105K(779776K), 0.0112992 secs] [Times: user=0.06 sys=0.00, real=0.01 secs]
2325.749: [GC [PSYoungGen: 52224K->256K(58880K)] 528073K->476105K(779776K), 0.0112992 secs] [Times: user=0.06 sys=0.00, real=0.01 secs]
2325.749: [GC [PSYoungGen: 52224K->256K(58880K)] 528073K->476105K(779776K), 0.0112992 secs] [Times: user=0.06 sys=0.00, real=0.01 secs]
2325.749: [GC [PSYoungGen: 52224K->256K(58880K)] 528073K->476105K(779776K), 0.0112992 secs] [Times: user=0.06 sys=0.00, real=0.01 secs]
2325.749: [GC [PSYoungGen: 52224K->256K(58880K)] 528073K->476105K(779776K), 0.0112992 secs] [Times: user=0.06 sys=0.00, real=0.01 secs]
2325.749: [GC [PSYoungGen: 52224K->256K(58880K)] 528073K->476105K(779776K), 0.0112992 secs] [Times: user=0.06 sys=0.00, real=0.01 secs]
2325.749: [GC [PSYoungGen: 52224K->256K(58880K)] 528073K->476105K(779776K), 0.0112992 secs] [Times: user=0.06 sys=0.00, real=0.01 secs]
2325.749: [GC [PSYoungGen: 52224K->256K(58880K)] 528073K->476105K(779776K), 0.0112992 secs] [Times: user=0.06 sys=0.00, real=0.01 secs]
2325.749: [GC [PSYoungGen: 52224K->256K(58880K)] 528073K->476105K(779776K), 0.0112992 secs] [Times: user=0.06 sys=0.00, real=0.01 secs]
2325.749: [GC [PSYoungGen: 52224K->256K(58880K)] 528073K->476105K(779776K), 0.0112992 secs] [Times: user=0.06 sys=0.00, real=0.01 secs]
2325.749: [GC [PSYoungGen: 52224K->256K(58880K)] 528073K->476105K(779776K), 0.0112992 secs] [Times: user=0.06 sys=0.00, real=0.01 secs]
2325.749: [GC [PSYoungGen: 52224K->256K(58880K)] 528073K->476105K(779776K), 0.0112992 secs] [Times: user=0.06 sys=0.00, real=0.01 secs]
2325.749: [GC [PSYoungGen: 52224K->256K(58880K)] 528073K->476105K(779776K), 0.0112992 secs] [Times: user=0.06 sys=0.00, real=0.01 secs]
2325.749: [GC [PSYoungGen: 52224K->256K(58880K)] 528073K->476105K(779776K), 0.0112992 secs] [Times: user=0.06 sys=0.00, real=0.01 secs]
2325.749: [GC [PSYoungGen: 52224K->256K(58880K)] 528073K->476105K(779776K), 0.0112992 secs] [Times: user=0.06 sys=0.00, real=0.01 secs]
2325.749: [GC [PSYoungGen: 52224K->256K(58880K)] 528073K->476105K(779776K), 0.0112992 secs] [Times: user=0.06 sys=0.00, real=0.01 secs]
2325.749: [GC [PSYoungGen: 52224K->256K(58880K)] 528073K->476105K(779776K), 0.0112992 secs] [Times: user=0.06 sys=0.00, real=0.01 secs]
2325.749: [GC [PSYoungGen: 52224K->256K(58880K)] 528073K->476105K(779776K), 0.0112992 secs] [Times: user=0.06 sys=0.00, real=0.01 secs]
2325.749: [GC [PSYoungGen: 52224K->256K(58880K)] 528073K->476105K(779776K), 0.0112992 secs] [Times: user=0.06 sys=0.00, real=0.01 secs]
2325.749: [GC [PSYoungGen: 52224K->256K(58880K)] 528073K->476105K(779776K), 0.0112992 secs] [Times: user=0.06 sys=0.00, real=0.01 secs]
2325.749: [GC [PSYoungGen: 52224K->256K(58880K)] 528073K->476105K(779776K), 0.0112992 secs] [Times: user=0.06 sys=0.00, real=0.01 secs]
2325.749: [GC [PSYoungGen: 52224K->256K(58880K)] 528073K->476105K(779776K), 0.0112992 secs] [Times: user=0.06 sys=0.00, real=0.01 secs]
2325.749: [GC [PSYoungGen: 52224K->256K(58880K)] 528073K->476105K(779776K), 0.0112992 secs] [Times: user=0.06 sys=0.00, real=0.01 secs]
2325.749: [GC [PSYoungGen: 52224K->256K(58880K)] 528073K->476105K(779776K), 0.0112992 secs] [Times: user=0.06 sys=0.00, real=0.01 secs]
2325.749: [GC [PSYoungGen: 52224K->256K(58880K)] 528073K->476105K(779776K), 0.0112992 secs] [Times: user=0.06 sys=0.00, real=0.01 secs]
2325.749: [GC [PSYoungGen: 52224K->256K(58880K)] 528073K->476105K(779776K), 0.0112992 secs] [Times: user=0.06 sys=0.00, real=0.01 secs]
2325.749: [GC [PSYoungGen: 52224K->256K(58880K)] 528073K->476105K(779776K), 0.0112992 secs] [Times: user=0.06 sys=0.00, real=0.01 secs]
2325.749: [GC [PSYoungGen: 52224K->256K(58880K)] 528073K->476105K(779776K), 0.0112992 secs] [Times: user=0.06 sys=0.00, real=0.01 secs]
2325.749: [GC [PSYoungGen: 52224K->256K(58880K)] 528073K->476105K(779776K), 0.0112992 secs] [Times: user=0.06 sys=0.00, real=0.01 secs]
2325.749: [GC [PSYoungGen: 52224K->256K(58880K)] 528073K->476105K(779776K), 0.0112992 secs] [Times: user=0.06 sys=0.00, real=0.01 secs]
2325.749: [GC [PSYoungGen: 52224K->256K(58880K)] 528073K->476105K(779776K), 0.0112992 secs] [Times: user=0.06 sys=0.00, real=0.01 secs]
2325.749: [GC [PSYoungGen: 52224K->256K(58880K)] 528073K->476105K(779776K), 0.0112992 secs] [Times: user=0.06 sys=0.00, real=0.01 secs]
2325.749: [GC [PSYoungGen: 52224K->256K(58880K)] 528073K->476105K(779776K), 0.0112992 secs] [Times: user=0.06 sys=0.00, real=0.01 secs]
2325.749: [GC [PSYoungGen: 52224K->256K(58880K)] 528073K->476105K(779776K), 0.0112992 secs] [Times: user=0.06 sys=0.00, real=0.01 secs]
2325.749: [GC [PSYoungGen: 52224K->256K(58880K)] 528073K->476105K(779776K), 0.0112992 secs] [Times: user=0.06 sys=0.00, real=0.01 secs]
2325.749: [GC [PSYoungGen: 52224K->256K(58880K)] 528073K->476105K(779776K), 0.0112992 secs] [Times: user=0.06 sys=0.00, real=0.01 secs]
2325.749: [GC [PSYoungGen: 52224K->256K(58880K)] 528073K->476105K(779776K), 0.0112992 secs] [Times: user=0.06 sys=0.00, real=0.01 secs]
2325.749: [GC [PSYoungGen: 52224K->256K(58880K)] 528073K->476105K(779776K), 0.0112992 secs] [Times: user=0.06 sys=0.00, real=0.01 secs]
2325.749: [GC [PSYoungGen: 52224K->256K(58880K)] 528073K->476105K(779776K), 0.0112992 secs] [Times: user=0.06 sys=0.00, real=0.01 secs]
2325.749: [GC [PSYoungGen: 52224K->256K(58880K)] 528073K->476105K(779776K), 0.0112992 secs] [Times: user=0.06 sys=0.00, real=0.01 secs]
2325.749: [GC [PSYoungGen: 52224K->256K(58880K)] 528073K->476105K(779776K), 0.0112992 secs] [Times: user=0.06 sys=0.00, real=0.01 secs]
2325.749: [GC [PSYoungGen: 52224K->256K(58880K)] 528073K->476105K(779776K), 0.0112992 secs] [Times: user=0.06 sys=0.00, real=0.01 secs]
2325.749: [GC [PSYoungGen: 52224K->256K(58880K)] 528073K->476105K(779776K), 0.0112992 secs] [Times: user=0.06 sys=0.00, real=0.01 secs]
2325.749: [GC [PSYoungGen: 52224K->256K(58880K)] 528073K->476105K(779776K), 0.0112992 secs] [Times: user=0.06 sys=0.00, real=0.01 secs]
2325.749: [GC [PSYoungGen: 52224K->256K(58880K)] 528073K->476105K(779776K), 0.0112992 secs] [Times: user=0.06 sys=0.00, real=0.01 secs]
2325.749: [GC [PSYoungGen: 52224K->256K(58880K)] 528073K->476105K(779776K), 0.0112992 secs] [Times: user=0.06 sys=0.00, real=0.01 secs]
2325.749: [GC [PSYoungGen: 52224K->256K(58880K)] 528073K->476105K(779776K), 0.0112992 secs] [Times: user=0.06 sys=0.00, real=0.01 secs]
2325.749: [GC [PSYoungGen: 52224K->256K(58880K)] 528073K->476105K(779776K), 0.0112992 secs] [Times: user=0.06 sys=0.00, real=0.01 secs]
2325.749: [GC [PSYoungGen: 52224K->256K(58880K)] 528073K->476105K(779776K), 0.0112992 secs] [Times: user=0.06 sys=0.00, real=0.01 secs]
2325.749: [GC [PSYoungGen: 52224K->256K(58880K)] 528073K->476105K(779776K), 0.0112992 secs] [Times: user=0.06 sys=0.00, real=0.01 secs]
2325.749: [GC [PSYoungGen: 52224K->256K(58880K)] 528073K->476105K(779776K), 0.0112992 secs] [Times: user=0.06 sys=0.00, real=0.01 secs]
2325.749: [GC [PSYoungGen: 52224K->256K(58880K)] 528073K->476105K(779776K), 0.0112992 secs] [Times: user=0.06 sys=0.00, real=0.01 secs]
2325.749: [GC [PSYoungGen: 52224K->256K(58880K)] 528073K->476105K(779776K), 0.0112992 secs] [Times: user=0.06 sys=0.00, real=0.01 secs]
2325.749: [GC [PSYoungGen: 52224K->256K(58880K)] 528073K->476105K(779776K), 0.0112992 secs] [Times: user=0.06 sys=0.00, real=0.01 secs]
2325.749: [GC [PSYoungGen: 52224K->256K(58880K)] 528073K->476105K(779776K), 0.0112992 secs] [Times: user=0.06 sys=0.00, real=0.01 secs]
2325.749: [GC [PSYoungGen: 52224K->256K(58880K)] 528073K->476105K(779776K), 0.0112992 secs] [Times: user=0.06 sys=0.00, real=0.01 secs]
2325.749: [GC [PSYoungGen: 52224K->256K(58880K)] 528073K->476105K(779776K), 0.0112992 secs] [Times: user=0.06 sys=0.00, real=0.01 secs]
2325.749: [GC [PSYoungGen: 52224K->256K(58880K)] 528073K->476105K(779776K), 0.0112992 secs] [Times: user=0.06 sys=0.00, real=0.01 secs]
2325.749: [GC [PSYoungGen: 52224K->256K(58880K)] 528073K->476105K(779776K), 0.0112992 secs] [Times: user=0.06 sys=0.00, real=0.01 secs]
2325.749: [GC [PSYoungGen: 52224K->256K(58880K)] 528073K->476105K(779776K), 0.0112992 secs] [Times: user=0.06 sys=0.00, real=0.01 secs]
2325.749: [GC [PSYoungGen: 52224K->256K(58880K)] 528073K->476105K(779776K), 0.0112992 secs] [Times: user=0.06 sys=0.00, real=0.01 secs]
2325.749: [GC [PSYoungGen: 52224K->256K(58880K)] 528073K->476105K(779776K), 0.0112992 secs] [Times: user=0.06 sys=0.00, real=0.01 secs]
2325.749: [GC [PSYoungGen: 52224K->256K(58880K)] 528073K->476105K(779776K), 0.0112992 secs] [Times: user=0.06 sys=0.00, real=0.01 secs]
2325.749: [GC [PSYoungGen: 52224K->256K(58880K)] 528073K->476105K(779776K), 0.0112992 secs] [Times: user=0.06 sys=0.00, real=0.01 secs]
2325.749: [GC [PSYoungGen: 52224K->256K(58880K)] 528073K->476105K(779776K), 0.0112992 secs] [Times: user=0.06 sys=0.00, real=0.01 secs]
2325.749: [GC [PSYoungGen: 52224K->256K(58880K)] 528073K->476105K(779776K), 0.0112992 secs] [Times: user=0.06 sys=0.00, real=0.01 secs]
2325.749: [GC [PSYoungGen: 52224K->256K(58880K)] 528073K->476105K(779776K), 0.0112992 secs] [Times: user=0.06 sys=0.00, real=0.01 secs]
2325.749: [GC [PSYoungGen: 52224K->256K(58880K)] 528073K->476105K(779776K), 0.0112992 secs] [Times: user=0.06 sys=0.00, real=0.01 secs]
2325.749: [GC [PSYoungGen: 52224K->256K(58880K)] 528073K->476105K(779776K), 0.0112992 secs] [Times: user=0.06 sys=0.00, real=0.01 secs]
2325.749: [GC [PSYoungGen: 52224K->256K(58880K)] 528073K->476105K(779776K), 0.0112992 secs] [Times: user=0.06 sys=0.00, real=0.01 secs]
2325.749: [GC [PSYoungGen: 52224K->256K(58880K)] 528073K->476105K(779776K), 0.0112992 secs] [Times: user=0.06 sys=0.00, real=0.01 secs]
2325.749: [GC [PSYoungGen: 52224K->256K(58880K)] 528073K->476105K(779776K), 0.0112992 secs] [Times: user=0.06 sys=0.00, real=0.01 secs]
2325.749: [GC [PSYoungGen: 52224K->256K(58880K)] 528073K->476105K(779776K), 0.0112992 secs] [Times: user=0.06 sys=0.00, real=0.01 secs]
2325.749: [GC [PSYoungGen: 52224K->256K(58880K)] 528073K->476105K(779776K), 0.0112992 secs] [Times: user=0.06 sys=0.00, real=0.01 secs]
2325.749: [GC [PSYoungGen: 52224K->256K(58880K)] 528073K->476105K(779776K), 0.0112992 secs] [Times: user=0.06 sys=0.00, real=0.01 secs]
2325.749: [GC [PSYoungGen: 52224K->256K(58880K)] 528073K->476105K(779776K), 0.0112992 secs] [Times: user=0.06 sys=0.00, real=0.01 secs]
2325.749: [GC [PSYoungGen: 52224K->256K(58880K)] 528073K->476105K(779776K), 0.0112992 secs] [Times: user=0.06 sys=0.00, real=0.01 secs]
2325.749: [GC [PSYoungGen: 52224K->256K(58880K)] 528073K->476105K(779776K), 0.0112992 secs] [Times: user=0.06 sys=0.00, real=0.01 secs]
2325.749: [GC [PSYoungGen: 52224K->256K(58880K)] 528073K->476105K(779776K), 0.0112992 secs] [Times: user=0.06 sys=0.00, real=0.01 secs]
2325.749: [GC [PSYoungGen: 52224K->256K(58880K)] 528073K->476105K(779776K), 0.0112992 secs] [Times: user=0.06 sys=0.00, real=0.01 secs]
2325.749: [GC [PSYoungGen: 52224K->256K(58880K)] 528073K->476105K(779776K), 0.0112992 secs] [Times: user=0.06 sys=0.00, real=0.01 secs]
2325.749: [GC [PSYoungGen: 52224K->256K(58880K)] 528073K->476105K(779776K), 0.0112992 secs] [Times: user=0.06 sys=0.00, real=0.01 secs]
2325.749: [GC [PSYoungGen: 52224K->256K(58880K)] 528073K->476105K(779776K), 0.0112992 secs] [Times: user=0.06 sys=0.00, real=0.01 secs]
2325.749: [GC [PSYoungGen: 52224K->256K(58880K)] 528073K->476105K(779776K), 0.0112992 secs] [Times: user=0.06 sys=0.00, real=0.01 secs]
2325.749: [GC [PSYoungGen: 52224K->256K(58880K)] 528073K->476105K(779776K), 0.0112992 secs] [Times: user=0.06 sys=0.00, real=0.01 secs]
2325.749: [GC [PSYoungGen: 52224K->256K(58880K)] 528073K->476105K(779776K), 0.0112992 secs] [Times: user=0.06 sys=0.00, real=0.01 secs]
2325.749: [GC [PSYoungGen: 52224K->256K(58880K)] 528073K->476105K(779776K), 0.0112992 secs] [Times: user=0.06 sys=0.00, real=0.01 secs]
2325.749: [GC [PSYoungGen: 52224K->256K(58880K)] 528073K->476105K(779776K), 0.0112992 secs] [Times: user=0.06 sys=0.00, real=0.01 secs]
2325.749: [GC [PSYoungGen: 52224K->256K(58880K)] 528073K->476105K(779776K), 0.0112992 secs] [Times: user=0.06 sys=0.00, real=0.01 secs]
2325.749: [GC [PSYoungGen: 52224K->256K(58880K)] 528073K->476105K(779776K), 0.0112992 secs] [Times: user=0.06 sys=0.00, real=0.01 secs]
2325.749: [GC [PSYoungGen: 52224K->256K(58880K)] 528073K->476105K(779776K), 0.0112992 secs] [Times: user=0.06 sys=0.00, real=0.01 secs]
2325.749: [GC [PSYoungGen: 52224K->256K(58880K)] 528073K->476105K(779776K), 0.0112992 secs] [Times: user=0.06 sys=0.00, real=0.01 secs]
2325.749: [GC [PSYoungGen: 52224K->256K(58880K)] 528073K->476105K(779776K), 0.0112992 secs] [Times: user=0.06 sys=0.00, real=0.01 secs]
2325.749: [GC [PSYoungGen: 52224K->256K(58880K)] 528073K->476105K(779776K), 0.0112992 secs] [Times: user=0.06 sys=0.00, real=0.01 secs]
2325.749: [GC [PSYoungGen: 52224K->256K(58880K)] 528073K->476105K(779776K), 0.0112992 secs] [Times: user=0.06 sys=0.00, real=0.01 secs]
2325.749: [GC [PSYoungGen: 52224K->256K(58880K)] 528073K->476105K(779776K), 0.0112992 secs] [Times: user=0.06 sys=0.00, real=0.01 secs]
2325.749: [GC [PSYoungGen: 52224K->256K(58880K)] 528073K->476105K(779776K), 0.0112992 secs] [Times: user=0.06 sys=0.00, real=0.01 secs]
2325.749: [GC [PSYoungGen: 52224K->256K(58880K)] 528073K->476105K(779776K), 0.0112992 secs] [Times: user=0.06 sys=0.00, real=0.01 secs]
2325.749: [GC [PSYoungGen: 52224K->256K(58880K)] 528073K->476105K(779776K), 0.0112992 secs] [Times: user=0.06 sys=0.00, real=0.01 secs]
2325.749: [GC [PSYoungGen: 52224K->256K(58880K)] 528073K->476105K(779776K), 0.0112992 secs] [Times: user=0.06 sys=0.00, real=0.01 secs]
2325.749: [GC [PSYoungGen: 52224K->256K(58880K)] 528073K->476105K(779776K), 0.0112992 secs] [Times: user=0.06 sys=0.00, real=0.01 secs]
2325.749: [GC [PSYoungGen: 52224K->256K(58880K)] 528073K->476105K(779776K), 0.0112992 secs] [Times: user=0.06 sys=0.00, real=0.01 secs]
2325.749: [GC [PSYoungGen: 52224K->256K(58880K)] 528073K->476105K(779776K), 0.0112992 secs] [Times: user=0.06 sys=0.00, real=0.01 secs]
2325.749: [GC [PSYoungGen: 52224K->256K(58880K)] 528073K->476105K(779776K), 0.0112992 secs] [Times: user=0.06 sys=0.00, real=0.01 secs]
2325.749: [GC [PSYoungGen: 52224K->256K(58880K)] 528073K->476105K(779776K), 0.0112992 secs] [Times: user=0.06 sys=0.00, real=0.01 secs]
2325.749: [GC [PSYoungGen: 52224K->256K(58880K)] 528073K->476105K(779776K), 0.0112992 secs] [Times: user=0.06 sys=0.00, real=0.01 secs]
2325.749: [GC [PSYoungGen: 52224K->256K(58880K)] 528073K->476105K(779776K), 0.0112992 secs] [Times: user=0.06 sys=0.00, real=0.01 secs]
2325.749: [GC [PSYoungGen: 52224K->256K(58880K)] 528073K->476105K(779776K), 0.0112992 secs] [Times: user=0.06 sys=0.00, real=0.01 secs]
2325.749: [GC [PSYoungGen: 52224K->256K(58880K)] 528073K->476105K(779776K), 0.0112992 secs] [Times: user=0.06 sys=0.00, real=0.01 secs]
2325.749: [GC [PSYoungGen: 52224K->256K(58880K)] 528073K->476105K(779776K), 0.0112992 secs] [Times: user=0.06 sys=0.00, real=0.01 secs]
2325.749: [GC [PSYoungGen: 52224K->256K(58880K)] 528073K->476105K(779776K), 0.0112992 secs] [Times: user=0.06 sys=0.00, real=0.01 secs]
2325.749: [GC [PSYoungGen: 52224K->256K(58880K)] 528073K->476105K(779776K), 0.0112992 secs] [Times: user=0.06 sys=0.00, real=0.01 secs]
2325.749: [GC [PSYoungGen: 52224K->256K(58880K)] 528073K->476105K(779776K), 0.0112992 secs] [Times: user=0.06 sys=0.00, real=0.01 secs]
2325.749: [GC [PSYoungGen: 52224K->256K(58880K)] 528073K->476105K(779776K), 0.0112992 secs] [Times: user=0.06 sys=0.00, real=0.01 secs]
2325.749: [GC [PSYoungGen: 52224K->256K(58880K)] 528073K->476105K(779776K), 0.0112992 secs] [Times: user=0.06 sys=0.00, real=0.01 secs]
2325.749: [GC [PSYoungGen: 52224K->256K(58880K)] 528073K->476105K(779776K), 0.0112992 secs] [Times: user=0.06 sys=0.00, real=0.01 secs]
2325.749: [GC [PSYoungGen: 52224K->256K(58880K)] 528073K->476105K(779776K), 0.0112992 secs] [Times: user=0.06 sys=0.00, real=0.01 secs]
2325.749: [GC [PSYoungGen: 52224K->256K(58880K)] 528073K->476105K(779776K), 0.0112992 secs] [Times: user=0.06 sys=0.00, real=0.01 secs]
2325.749: [GC [PSYoungGen: 52224K->256K(58880K)] 528073K->476105K(779776K), 0.0112992 secs] [Times: user=0.06 sys=0.00, real=0.01 secs]
2325.749: [GC [PSYoungGen: 52224K->256K(58880K)] 528073K->476105K(779776K), 0.0112992 secs] [Times: user=0.06 sys=0.00, real=0.01 secs]
2325.749: [GC [PSYoungGen: 52224K->256K(58880K)] 528073K->476105K(779776K), 0.0112992 secs] [Times: user=0.06 sys=0.00, real=0.01 secs]
2325.749: [GC [PSYoungGen: 52224K->256K(58880K)] 528073K->476105K(779776K), 0.0112992 secs] [Times: user=0.06 sys=0.00, real=0.01 secs]
2325.749: [GC [PSYoungGen: 52224K->256K(58880K)] 528073K->476105K(779776K), 0.0112992 secs] [Times: user=0.06 sys=0.00, real=0.01 secs]
2325.749: [GC [PSYoungGen: 52224K->256K(58880K)] 528073K->476105K(779776K), 0.0112992 secs] [Times: user=0.06 sys=0.00, real=0.01 secs]
2325.749: [GC [PSYoungGen: 52224K->256K(58880K)] 528073K->476105K(779776K), 0.0112992 secs] [Times: user=0.06 sys=0.00, real=0.01 secs]
2325.749: [GC [PSYoungGen: 52224K->256K(58880K)] 528073K->476105K(779776K), 0.0112992 secs] [Times: user=0.06 sys=0.00, real=0.01 secs]
2325.749: [GC [PSYoungGen: 52224K->256K(58880K)] 528073K->476105K(779776K), 0.0112992 secs] [Times: user=0.06 sys=0.00, real=0.01 secs]
2325.749: [GC [PSYoungGen: 52224K->256K(58880K)] 528073K->476105K(779776K), 0.0112992 secs] [Times: user=0.06 sys=0.00, real=0.01 secs]
2325.749: [GC [PSYoungGen: 52224K->256K(58880K)] 528073K->476105K(779776K), 0.0112992 secs] [Times: user=0.06 sys=0.00, real=0.01 secs]
2325.749: [GC [PSYoungGen: 52224K->256K(58880K)] 528073K->476105K(779776K), 0.0112992 secs] [Times: user=0.06 sys=0.00, real=0.01 secs]
2325.749: [GC [PSYoungGen: 52224K->256K(58880K)] 528073K->476105K(779776K), 0.0112992 secs] [Times: user=0.06 sys=0.00, real=0.01 secs]
2325.749: [GC [PSYoungGen: 52224K->256K(58880K)] 528073K->476105K(779776K), 0.0112992 secs] [Times: user=0.06 sys=0.00, real=0.01 secs]
2325.749: [GC [PSYoungGen: 52224K->256K(58880K)] 528073K->476105K(779776K), 0.0112992 secs] [Times: user=0.06 sys=0.00, real=0.01 secs]
2325.749: [GC [PSYoungGen: 52224K->256K(58880K)] 528073K->476105K(779776K), 0.0112992 secs] [Times: user=0.06 sys=0.00, real=0.01 secs]
2325.749: [GC [PSYoungGen: 52224K->256K(58880K)] 528073K->476105K(779776K), 0.0112992 secs] [Times: user=0.06 sys=0.00, real=0.01 secs]
2325.749: [GC [PSYoungGen: 52224K->256K(58880K)] 528073K->476105K(779776K), 0.0112992 secs] [Times: user=0.06 sys=0.00, real=0.01 secs]
2325.749: [GC [PSYoungGen: 52224K->256K(58880K)] 528073K->476105K(779776K), 0.0112992 secs] [Times: user=0.06 sys=0.00, real=0.01 secs]
2325.749: [GC [PSYoungGen: 52224K->256K(58880K)] 528073K->476105K(779776K), 0.0112992 secs] [Times: user=0.06 sys=0.00, real=0.01 secs]
2325.749: [GC [PSYoungGen: 52224K->256K(58880K)] 528073K->476105K(779776K), 0.0112992 secs] [Times: user=0.06 sys=0.00, real=0.01 secs]
2325.749: [GC [PSYoungGen: 52224K->256K(58880K)] 528073K->476105K(779776K), 0.0112992 secs] [Times: user=0.06 sys=0.00, real=0.01 secs]
2325.749: [GC [PSYoungGen: 52224K->256K(58880K)] 528073K->476105K(779776K), 0.0112992 secs] [Times: user=0.06 sys=0.00, real=0.01 secs]
2325.749: [GC [PSYoungGen: 52224K->256K(58880K)] 528073K->476105K(779776K), 0.0112992 secs] [Times: user=0.06 sys=0.00, real=0.01 secs]
2325.749: [GC [PSYoungGen: 52224K->256K(58880K)] 528073K->476105K(779776K), 0.0112992 secs] [Times: user=0.06 sys=0.00, real=0.01 secs]
2325.749: [GC [PSYoungGen: 52224K->256K(58880K)] 528073K->476105K(779776K), 0.0112992 secs] [Times: user=0.06 sys=0.00, real=0.01 secs]
2325.749: [GC [PSYoungGen: 52224K->256K(58880K)] 528073K->476105K(779776K), 0.0112992 secs] [Times: user=0.06 sys=0.00, real=0.01 secs]
2325.749: [GC [PSYoungGen: 52224K->256K(58880K)] 528073K->476105K(779776K), 0.0112992 secs] [Times: user=0.06 sys=0.00, real=0.01 secs]
2325.749: [GC [PSYoungGen: 52224K->256K(58880K)] 528073K->476105K(779776K), 0.0112992 secs] [Times: user=0.06 sys=0.00, real=0.01 secs]
2325.749: [GC [PSYoungGen: 52224K->256K(58880K)] 528073K->476105K(779776K), 0.0112992 secs] [Times: user=0.06 sys=0.00, real=0.01 secs]
2325.749: [GC [PSYoungGen: 52224K->256K(58880K)] 528073K->476105K(779776K), 0.0112992 secs] [Times: user=0.06 sys=0.00, real=0.01 secs]
2325.749: [GC [PSYoungGen: 52224K->256K(58880K)] 528073K->476105K(779776K), 0.0112992 secs] [Times: user=0.06 sys=0.00, real=0.01 secs]
2325.749: [GC [PSYoungGen: 52224K->256K(58880K)] 528073K->476105K(779776K), 0.0112992 secs] [Times: user=0.06 sys=0.00, real=0.01 secs]
2325.749: [GC [PSYoungGen: 52224K->256K(58880K)] 528073K->476105K(779776K), 0.0112992 secs] [Times: user=0.06 sys=0.00, real=0.01 secs]
2325.749: [GC [PSYoungGen: 52224K->256K(58880K)] 528073K->476105K(779776K), 0.0112992 secs] [Times: user=0.06 sys=0.00, real=0.01 secs]
2325.749: [GC [PSYoungGen: 52224K->256K(58880K)] 528073K->476105K(779776K), 0.0112992 secs] [Times: user=0.06 sys=0.00, real=0.01 secs]
2325.749: [GC [PSYoungGen: 52224K->256K(58880K)] 528073K->476105K(779776K), 0.0112992 secs] [Times: user=0.06 sys=0.00, real=0.01 secs]
2325.749: [GC [PSYoungGen: 52224K->256K(58880K)] 528073K->476105K(779776K), 0.0112992 secs] [Times: user=0.06 sys=0.00, real=0.01 secs]
2325.749: [GC [PSYoungGen: 52224K->256K(58880K)] 528073K->476105K(779776K), 0.0112992 secs] [Times: user=0.06 sys=0.00, real=0.01 secs]
2325.749: [GC [PSYoungGen: 52224K->256K(58880K)] 528073K->476105K(779776K), 0.0112992 secs] [Times: user=0.06 sys=0.00, real=0.01 secs]
2325.749: [GC [PSYoungGen: 52224K->256K(58880K)] 528073K->476105K(779776K), 0.0112992 secs] [Times: user=0.06 sys=0.00, real=0.01 secs]
2325.749: [GC [PSYoungGen: 52224K->256K(58880K)] 528073K->476105K(779776K), 0.0112992 secs] [Times: user=0.06 sys=0.00, real=0.01 secs]
2325.749: [GC [PSYoungGen: 52224K->256K(58880K)] 528073K->476105K(779776K), 0.0112992 secs] [Times: user=0.06 sys=0.00, real=0.01 secs]
2325.749: [GC [PSYoungGen: 52224K->256K(58880K)] 528073K->476105K(779776K), 0.0112992 secs] [Times: user=0.06 sys=0.00, real=0.01 secs]
2325.749: [GC [PSYoungGen: 52224K->256K(58880K)] 528073K->476105K(779776K), 0.0112992 secs] [Times: user=0.06 sys=0.00, real=0.01 secs]
2325.749: [GC [PSYoungGen: 52224K->256K(58880K)] 528073K->476105K(779776K), 0.0112992 secs] [Times: user=0.06 sys=0.00, real=0.01 secs]
2325.749: [GC [PSYoungGen: 52224K->256K(58880K)] 528073K->476105K(779776K), 0.0112992 secs] [Times: user=0.06 sys=0.00, real=0.01 secs]
2325.749: [GC [PSYoungGen: 52224K->256K(58880K)] 528073K->476105K(779776K), 0.0112992 secs] [Times: user=0.06 sys=0.00, real=0.01 secs]
2325.749: [GC [PSYoungGen: 52224K->256K(58880K)] 528073K->476105K(779776K), 0.0112992 secs] [Times: user=0.06 sys=0.00, real=0.01 secs]
2325.749: [GC [PSYoungGen: 52224K->256K(58880K)] 528073K->476105K(779776K), 0.0112992 secs] [Times: user=0.06 sys=0.00, real=0.01 secs]
2325.749: [GC [PSYoungGen: 52224K->256K(58880K)] 528073K->476105K(779776K), 0.0112992 secs] [Times: user=0.06 sys=0.00, real=0.01 secs]
2325.749: [GC [PSYoungGen: 52224K->256K(58880K)] 528073K->476105K(779776K), 0.0112992 secs] [Times: user=0.06 sys=0.00, real=0.01 secs]
2325.749: [GC [PSYoungGen: 52224K->256K(58880K)] 528073K->476105K(779776K), 0.0112992 secs] [Times: user=0.06 sys=0.00, real=0.01 secs]
2325.749: [GC [PSYoungGen: 52224K->256K(58880K)] 528073K->476105K(779776K), 0.0112992 secs] [Times: user=0.06 sys=0.00, real=0.01 secs]
2325.749: [GC [PSYoungGen: 52224K->256K(58880K)] 528073K->476105K(779776K), 0.0112992 secs] [Times: user=0.06 sys=0.00, real=0.01 secs]
2325.749: [GC [PSYoungGen: 52224K->256K(58880K)] 528073K->476105K(779776K), 0.0112992 secs] [Times: user=0.06 sys=0.00, real=0.01 secs]
2325.749: [GC [PSYoungGen: 52224K->256K(58880K)] 528073K->476105K(779776K), 0.0112992 secs] [Times: user=0.06 sys=0.00, real=0.01 secs]
2325.749: [GC [PSYoungGen: 52224K->256K(58880K)] 528073K->476105K(779776K), 0.0112992 secs] [Times: user=0.06 sys=0.00, real=0.01 secs]
2325.749: [GC [PSYoungGen: 52224K->256K(58880K)] 528073K->476105K(779776K), 0.0112992 secs] [Times: user=0.06 sys=0.00, real=0.01 secs]
2325.749: [GC [PSYoungGen: 52224K->256K(58880K)] 528073K->476105K(779776K), 0.0112992 secs] [Times: user=0.06 sys=0.00, real=0.01 secs]
2325.749: [GC [PSYoungGen: 52224K->256K(58880K)] 528073K->476105K(779776K), 0.0112992 secs] [Times: user=0.06 sys=0.00, real=0.01 secs]
2325.749: [GC [PSYoungGen: 52224K->256K(58880K)] 528073K->476105K(779776K), 0.0112992 secs] [Times: user=0.06 sys=0.00, real=0.01 secs]
2325.749: [GC [PSYoungGen: 52224K->256K(58880K)] 528073K->476105K(779776K), 0.0112992 secs] [Times: user=0.06 sys=0.00, real=0.01 secs]
2325.749: [GC [PSYoungGen: 52224K->256K(58880K)] 528073K->476105K(779776K), 0.0112992 secs] [Times: user=0.06 sys=0.00, real=0.01 secs]
2325.749: [GC [PSYoungGen: 52224K->256K(58880K)] 528073K->476105K(779776K), 0.0112992 secs] [Times: user=0.06 sys=0.00, real=0.01 secs]
2325.749: [GC [PSYoungGen: 52224K->256K(58880K)] 528073K->476105K(779776K), 0.0112992 secs] [Times: user=0.06 sys=0.00, real=0.01 secs]
2325.749: [GC [PSYoungGen: 52224K->256K(58880K)] 528073K->476105K(779776K), 0.0112992 secs] [Times: user=0.06 sys=0.00, real=0.01 secs]
2325.749: [GC [PSYoungGen: 52224K->256K(58880K)] 528073K->476105K(779776K), 0.0112992 secs] [Times: user=0.06 sys=0.00, real=0.01 secs]
2325.749: [GC [PSYoungGen: 52224K->256K(58880K)] 528073K->476105K(779776K), 0.0112992 secs] [Times: user=0.06 sys=0.00, real=0.01 secs]
2325.749: [GC [PSYoungGen: 52224K->256K(58880K)] 528073K->476105K(779776K), 0.0112992 secs] [Times: user=0.06 sys=0.00, real=0.01 secs]
2325.749: [GC [PSYoungGen: 52224K->256K(58880K)] 528073K->476105K(779776K), 0.0112992 secs] [Times: user=0.06 sys=0.00, real=0.01 secs]
2325.749: [GC [PSYoungGen: 52224K->256K(58880K)] 528073K->476105K(779776K), 0.0112992 secs] [Times: user=0.06 sys=0.00, real=0.01 secs]
2325.749: [GC [PSYoungGen: 52224K->256K(58880K)] 528073K->476105K(779776K), 0.0112992 secs] [Times: user=0.06 sys=0.00, real=0.01 secs]
2325.749: [GC [PSYoungGen: 52224K->256K(58880K)] 528073K->476105K(779776K), 0.0112992 secs] [Times: user=0.06 sys=0.00, real=0.01 secs]
2325.749: [GC [PSYoungGen: 52224K->256K(58880K)] 528073K->476105K(779776K), 0.0112992 secs] [Times: user=0.06 sys=0.00, real=0.01 secs]
2325.749: [GC [PSYoungGen: 52224K->256K(58880K)] 528073K->476105K(779776K), 0.0112992 secs] [Times: user=0.06 sys=0.00, real=0.01 secs]
2325.749: [GC [PSYoungGen: 52224K->256K(58880K)] 528073K->476105K(779776K), 0.0112992 secs] [Times: user=0.06 sys=0.00, real=0.01 secs]
2325.749: [GC [PSYoungGen: 52224K->256K(58880K)] 528073K->476105K(779776K), 0.0112992 secs] [Times: user=0.06 sys=0.00, real=0.01 secs]
2325.749: [GC [PSYoungGen: 52224K->256K(58880K)] 528073K->476105K(779776K), 0.0112992 secs] [Times: user=0.06 sys=0.00, real=0.01 secs]
2325.749: [GC [PSYoungGen: 52224K->256K(58880K)] 528073K->476105K(779776K), 0.0112992 secs] [Times: user=0.06 sys=0.00, real=0.01 secs]
2325.749: [GC [PSYoungGen: 52224K->256K(58880K)] 528073K->476105K(779776K), 0.0112992 secs] [Times: user=0.06 sys=0.00, real=0.01 secs]
2325.749: [GC [PSYoungGen: 52224K->256K(58880K)] 528073K->476105K(779776K), 0.0112992 secs] [Times: user=0.06 sys=0.00, real=0.01 secs]
2325.749: [GC [PSYoungGen: 52224K->256K(58880K)] 528073K->476105K(779776K), 0.0112992 secs] [Times: user=0.06 sys=0.00, real=0.01 secs]
2325.749: [GC [PSYoungGen: 52224K->256K(58880K)] 528073K->476105K(779776K), 0.0112992 secs] [Times: user=0.06 sys=0.00, real=0.01 secs]
2325.749: [GC [PSYoungGen: 52224K->256K(58880K)] 528073K->476105K(779776K), 0.0112992 secs] [Times: user=0.06 sys=0.00, real=0.01 secs]
2325.749: [GC [PSYoungGen: 52224K->256K(58880K)] 528073K->476105K(779776K), 0.0112992 secs] [Times: user=0.06 sys=0.00, real=0.01 secs]
2325.749: [GC [PSYoungGen: 52224K->256K(58880K)] 528073K->476105K(779776K), 0.0112992 secs] [Times: user=0.06 sys=0.00, real=0.01 secs]
2325.749: [GC [PSYoungGen: 52224K->256K(58880K)] 528073K->476105K(779776K), 0.0112992 secs] [Times: user=0.06 sys=0.00, real=0.01 secs]
2325.749: [GC [PSYoungGen: 52224K->256K(58880K)] 528073K->476105K(779776K), 0.0112992 secs] [Times: user=0.06 sys=0.00, real=0.01 secs]
2325.749: [GC [PSYoungGen: 52224K->256K(58880K)] 528073K->476105K(779776K), 0.0112992 secs] [Times: user=0.06 sys=0.00, real=0.01 secs]
2325.749: [GC [PSYoungGen: 52224K->256K(58880K)] 528073K->476105K(779776K), 0.0112992 secs] [Times: user=0.06 sys=0.00, real=0.01 secs]
2325.749: [GC [PSYoungGen: 52224K->256K(58880K)] 528073K->476105K(779776K), 0.0112992 secs] [Times: user=0.06 sys=0.00, real=0.01 secs]
2325.749: [GC [PSYoungGen: 52224K->256K(58880K)] 528073K->476105K(779776K), 0.0112992 secs] [Times: user=0.06 sys=0.00, real=0.01 secs]
2325.749: [GC [PSYoungGen: 52224K->256K(58880K)] 528073K->476105K(779776K), 0.0112992 secs] [Times: user=0.06 sys=0.00, real=0.01 secs]
2325.749: [GC [PSYoungGen: 52224K->256K(58880K)] 528073K->476105K(779776K), 0.0112992 secs] [Times: user=0.06 sys=0.00, real=0.01 secs]
2325.749: [GC [PSYoungGen: 52224K->256K(58880K)] 528073K->476105K(779776K), 0.0112992 secs] [Times: user=0.06 sys=0.00, real=0.01 secs]
2325.749: [GC [PSYoungGen: 52224K->256K(58880K)] 528073K->476105K(779776K), 0.0112992 secs] [Times: user=0.06 sys=0.00, real=0.01 secs]
2325.749: [GC [PSYoungGen: 52224K->256K(58880K)] 528073K->476105K(779776K), 0.0112992 secs] [Times: user=0.06 sys=0.00, real=0.01 secs]
2325.749: [GC [PSYoungGen: 52224K->256K(58880K)] 528073K->476105K(779776K), 0.0112992 secs] [Times: user=0.06 sys=0.00, real=0.01 secs]
2325.749: [GC [PSYoungGen: 52224K->256K(58880K)] 528073K->476105K(779776K), 0.0112992 secs] [Times: user=0.06 sys=0.00, real=0.01 secs]
2325.749: [GC [PSYoungGen: 52224K->256K(58880K)] 528073K->476105K(779776K), 0.0112992 secs] [Times: user=0.06 sys=0.00, real=0.01 secs]
2325.749: [GC [PSYoungGen: 52224K->256K(58880K)] 528073K->476105K(779776K), 0.0112992 secs] [Times: user=0.06 sys=0.00, real=0.01 secs]
2325.749: [GC [PSYoungGen: 52224K->256K(58880K)] 528073K->476105K(779776K), 0.0112992 secs] [Times: user=0.06 sys=0.00, real=0.01 secs]
2325.749: [GC [PSYoungGen: 52224K->256K(58880K)] 528073K->476105K(779776K), 0.0112992 secs] [Times: user=0.06 sys=0.00, real=0.01 secs]
2325.749: [GC [PSYoungGen: 52224K->256K(58880K)] 528073K->476105K(779776K), 0.0112992 secs] [Times: user=0.06 sys=0.00, real=0.01 secs]
2325.749: [GC [PSYoungGen: 52224K->256K(58880K)] 528073K->476105K(779776K), 0.0112992 secs] [Times: user=0.06 sys=0.00, real=0.01 secs]
2325.749: [GC [PSYoungGen: 52224K->256K(58880K)] 528073K->476105K(779776K), 0.0112992 secs] [Times: user=0.06 sys=0.00, real=0.01 secs]
2325.749: [GC [PSYoungGen: 52224K->256K(58880K)] 528073K->476105K(779776K), 0.0112992 secs] [Times: user=0.06 sys=0.00, real=0.01 secs]
2325.749: [GC [PSYoungGen: 52224K->256K(58880K)] 528073K->476105K(779776K), 0.0112992 secs] [Times: user=0.06 sys=0.00, real=0.01 secs]
2325.749: [GC [PSYoungGen: 52224K->256K(58880K)] 528073K->476105K(779776K), 0.0112992 secs] [Times: user=0.06 sys=0.00, real=0.01 secs]
2325.749: [GC [PSYoungGen: 52224K->256K(58880K)] 528073K->476105K(779776K), 0.0112992 secs] [Times: user=0.06 sys=0.00, real=0.01 secs]
2325.749: [GC [PSYoungGen: 52224K->256K(58880K)] 528073K->476105K(779776K), 0.0112992 secs] [Times: user=0.06 sys=0.00, real=0.01 secs]
2325.749: [GC [PSYoungGen: 52224K->256K(58880K)] 528073K->476105K(779776K), 0.0112992 secs] [Times: user=0.06 sys=0.00, real=0.01 secs]
2325.749: [GC [PSYoungGen: 52224K->256K(58880K)] 528073K->476105K(779776K), 0.0112992 secs] [Times: user=0.06 sys=0.00, real=0.01 secs]
2325.749: [GC [PSYoungGen: 52224K->256K(58880K)] 528073K->476105K(779776K), 0.0112992 secs] [Times: user=0.06 sys=0.00, real=0.01 secs]
2325.749: [GC [PSYoungGen: 52224K->256K(58880K)] 528073K->476105K(779776K), 0.0112992 secs] [Times: user=0.06 sys=0.00, real=0.01 secs]
2325.749: [GC [PSYoungGen: 52224K->256K(58880K)] 528073K->476105K(779776K), 0.0112992 secs] [Times: user=0.06 sys=0.00, real=0.01 secs]
2325.749: [GC [PSYoungGen: 52224K->256K(58880K)] 528073K->476105K(779776K), 0.0112992 secs] [Times: user=0.06 sys=0.00, real=0.01 secs]
2325.749: [GC [PSYoungGen: 52224K->256K(58880K)] 528073K->476105K(779776K), 0.0112992 secs] [Times: user=0.06 sys=0.00, real=0.01 secs]
2325.749: [GC [PSYoungGen: 52224K->256K(58880K)] 528073K->476105K(779776K), 0.0112992 secs] [Times: user=0.06 sys=0.00, real=0.01 secs]
2325.749: [GC [PSYoungGen: 52224K->256K(58880K)] 528073K->476105K(779776K), 0.0112992 secs] [Times: user=0.06 sys=0.00, real=0.01 secs]
2325.749: [GC [PSYoungGen: 52224K->256K(58880K)] 528073K->476105K(779776K), 0.0112992 secs] [Times: user=0.06 sys=0.00, real=0.01 secs]
2325.749: [GC [PSYoungGen: 52224K->256K(58880K)] 528073K->476105K(779776K), 0.0112992 secs] [Times: user=0.06 sys=0.00, real=0.01 secs]
2325.749: [GC [PSYoungGen: 52224K->256K(58880K)] 528073K->476105K(779776K), 0.0112992 secs] [Times: user=0.06 sys=0.00, real=0.01 secs]
2325.749: [GC [PSYoungGen: 52224K->256K(58880K)] 528073K->476105K(779776K), 0.0112992 secs] [Times: user=0.06 sys=0.00, real=0.01 secs]
2325.749: [GC [PSYoungGen: 52224K->256K(58880K)] 528073K->476105K(779776K), 0.0112992 secs] [Times: user=0.06 sys=0.00, real=0.01 secs]
2325.749: [GC [PSYoungGen: 52224K->256K(58880K)] 528073K->476105K(779776K), 0.0112992 secs] [Times: user=0.06 sys=0.00, real=0.01 secs]
2325.749: [GC [PSYoungGen: 52224K->256K(58880K)] 528073K->476105K(779776K), 0.0112992 secs] [Times: user=0.06 sys=0.00, real=0.01 secs]
2325.749: [GC [PSYoungGen: 52224K->256K(58880K)] 528073K->476105K(779776K), 0.0112992 secs] [Times: user=0.06 sys=0.00, real=0.01 secs]
2325.749: [GC [PSYoungGen: 52224K->256K(58880K)] 528073K->476105K(779776K), 0.0112992 secs] [Times: user=0.06 sys=0.00, real=0.01 secs]
2325.749: [GC [PSYoungGen: 52224K->256K(58880K)] 528073K->476105K(779776K), 0.0112992 secs] [Times: user=0.06 sys=0.00, real=0.01 secs]
2325.749: [GC [PSYoungGen: 52224K->256K(58880K)] 528073K->476105K(779776K), 0.0112992 secs] [Times: user=0.06 sys=0.00, real=0.01 secs]
2325.749: [GC [PSYoungGen: 52224K->256K(58880K)] 528073K->476105K(779776K), 0.0112992 secs] [Times: user=0.06 sys=0.00, real=0.01 secs]
2325.749: [GC [PSYoungGen: 52224K->256K(58880K)] 528073K->476105K(779776K), 0.0112992 secs] [Times: user=0.06 sys=0.00, real=0.01 secs]
2325.749: [GC [PSYoungGen: 52224K->256K(58880K)] 528073K->476105K(779776K), 0.0112992 secs] [Times: user=0.06 sys=0.00, real=0.01 secs]
2325.749: [GC [PSYoungGen: 52224K->256K(58880K)] 528073K->476105K(779776K), 0.0112992 secs] [Times: user=0.06 sys=0.00, real=0.01 secs]
2325.749: [GC [PSYoungGen: 52224K->256K(58880K)] 528073K->476105K(779776K), 0.0112992 secs] [Times: user=0.06 sys=0.00, real=0.01 secs]
2325.749: [GC [PSYoungGen: 52224K->256K(58880K)] 528073K->476105K(779776K), 0.0112992 secs] [Times: user=0.06 sys=0.00, real=0.01 secs]
2325.749: [GC [PSYoungGen: 52224K->256K(58880K)] 528073K->476105K(779776K), 0.0112992 secs] [Times: user=0.06 sys=0.00, real=0.01 secs]
2325.749: [GC [PSYoungGen: 52224K->256K(58880K)] 528073K->476105K(779776K), 0.0112992 secs] [Times: user=0.06 sys=0.00, real=0.01 secs]
2325.749: [GC [PSYoungGen: 52224K->256K(58880K)] 528073K->476105K(779776K), 0.0112992 secs] [Times: user=0.06 sys=0.00, real=0.01 secs]
2325.749: [GC [PSYoungGen: 52224K->256K(58880K)] 528073K->476105K(779776K), 0.0112992 secs] [Times: user=0.06 sys=0.00, real=0.01 secs]
2325.749: [GC [PSYoungGen: 52224K->256K(58880K)] 528073K->476105K(779776K), 0.0112992 secs] [Times: user=0.06 sys=0.00, real=0.01 secs]
2325.749: [GC [PSYoungGen: 52224K->256K(58880K)] 528073K->476105K(779776K), 0.0112992 secs] [Times: user=0.06 sys=0.00, real=0.01 secs]
2325.749: [GC [PSYoungGen: 52224K->256K(58880K)] 528073K->476105K(779776K), 0.0112992 secs] [Times: user=0.06 sys=0.00, real=0.01 secs]
2325.749: [GC [PSYoungGen: 52224K->256K(58880K)] 528073K->476105K(779776K), 0.0112992 secs] [Times: user=0.06 sys=0.00, real=0.01 secs]
2325.749: [GC [PSYoungGen: 52224K->256K(58880K)] 528073K->476105K(779776K), 0.0112992 secs] [Times: user=0.06 sys=0.00, real=0.01 secs]
2325.749: [GC [PSYoungGen: 52224K->256K(58880K)] 528073K->476105K(779776K), 0.0112992 secs] [Times: user=0.06 sys=0.00, real=0.01 secs]
2325.749: [GC [PSYoungGen: 52224K->256K(58880K)] 528073K->476105K(779776K), 0.0112992 secs] [Times: user=0.06 sys=0.00, real=0.01 secs]
2325.749: [GC [PSYoungGen: 52224K->256K(58880K)] 528073K->476105K(779776K), 0.0112992 secs] [Times: user=0.06 sys=0.00, real=0.01 secs]
2325.749: [GC [PSYoungGen: 52224K->256K(58880K)] 528073K->476105K(779776K), 0.0112992 secs] [Times: user=0.06 sys=0.00, real=0.01 secs]
2325.749: [GC [PSYoungGen: 52224K->256K(58880K)] 528073K->476105K(779776K), 0.0112992 secs] [Times: user=0.06 sys=0.00, real=0.01 secs]
2325.749: [GC [PSYoungGen: 52224K->256K(58880K)] 528073K->476105K(779776K), 0.0112992 secs] [Times: user=0.06 sys=0.00, real=0.01 secs]
2325.749: [GC [PSYoungGen: 52224K->256K(58880K)] 528073K->476105K(779776K), 0.0112992 secs] [Times: user=0.06 sys=0.00, real=0.01 secs]
2325.749: [GC [PSYoungGen: 52224K->256K(58880K)] 528073K->476105K(779776K), 0.0112992 secs] [Times: user=0.06 sys=0.00, real=0.01 secs]
2325.749: [GC [PSYoungGen: 52224K->256K(58880K)] 528073K->476105K(779776K), 0.0112992 secs] [Times: user=0.06 sys=0.00, real=0.01 secs]
2325.749: [GC [PSYoungGen: 52224K->256K(58880K)] 528073K->476105K(779776K), 0.0112992 secs] [Times: user=0.06 sys=0.00, real=0.01 secs]
2325.749: [GC [PSYoungGen: 52224K->256K(58880K)] 528073K->476105K(779776K), 0.0112992 secs] [Times: user=0.06 sys=0.00, real=0.01 secs]
2325.749: [GC [PSYoungGen: 52224K->256K(58880K)] 528073K->476105K(779776K), 0.0112992 secs] [Times: user=0.06 sys=0.00, real=0.01 secs]
2325.749: [GC [PSYoungGen: 52224K->256K(58880K)] 528073K->476105K(779776K), 0.0112992 secs] [Times: user=0.06 sys=0.00, real=0.01 secs]
2325.749: [GC [PSYoungGen: 52224K->256K(58880K)] 528073K->476105K(779776K), 0.0112992 secs] [Times: user=0.06 sys=0.00, real=0.01 secs]
2325.749: [GC [PSYoungGen: 52224K->256K(58880K)] 528073K->476105K(779776K), 0.0112992 secs] [Times: user=0.06 sys=0.00, real=0.01 secs]
2325.749: [GC [PSYoungGen: 52224K->256K(58880K)] 528073K->476105K(779776K), 0.0112992 secs] [Times: user=0.06 sys=0.00, real=0.01 secs]
2325.749: [GC [PSYoungGen: 52224K->256K(58880K)] 528073K->476105K(779776K), 0.0112992 secs] [Times: user=0.06 sys=0.00, real=0.01 secs]
2325.749: [GC [PSYoungGen: 52224K->256K(58880K)] 528073K->476105K(779776K), 0.0112992 secs] [Times: user=0.06 sys=0.00, real=0.01 secs]
2325.749: [GC [PSYoungGen: 52224K->256K(58880K)] 528073K->476105K(779776K), 0.0112992 secs] [Times: user=0.06 sys=0.00, real=0.01 secs]
2325.749: [GC [PSYoungGen: 52224K->256K(58880K)] 528073K->476105K(779776K), 0.0112992 secs] [Times: user=0.06 sys=0.00, real=0.01 secs]
2325.749: [GC [PSYoungGen: 52224K->256K(58880K)] 528073K->476105K(779776K), 0.0112992 secs] [Times: user=0.06 sys=0.00, real=0.01 secs]
2325.749: [GC [PSYoungGen: 52224K->256K(58880K)] 528073K->476105K(779776K), 0.0112992 secs] [Times: user=0.06 sys=0.00, real=0.01 secs]
2325.749: [GC [PSYoungGen: 52224K->256K(58880K)] 528073K->476105K(779776K), 0.0112992 secs] [Times: user=0.06 sys=0.00, real=0.01 secs]
2325.749: [GC [PSYoungGen: 52224K->256K(58880K)] 528073K->476105K(779776K), 0.0112992 secs] [Times: user=0.06 sys=0.00, real=0.01 secs]
2325.749: [GC [PSYoungGen: 52224K->256K(58880K)] 528073K->476105K(779776K), 0.0112992 secs] [Times: user=0.06 sys=0.00, real=0.01 secs]
2325.749: [GC [PSYoungGen: 52224K->256K(58880K)] 528073K->476105K(779776K), 0.0112992 secs] [Times: user=0.06 sys=0.00, real=0.01 secs]
2325.749: [GC [PSYoungGen: 52224K->256K(58880K)] 528073K->476105K(779776K), 0.0112992 secs] [Times: user=0.06 sys=0.00, real=0.01 secs]
2325.749: [GC [PSYoungGen: 52224K->256K(58880K)] 528073K->476105K(779776K), 0.0112992 secs] [Times: user=0.06 sys=0.00, real=0.01 secs]
2325.749: [GC [PSYoungGen: 52224K->256K(58880K)] 528073K->476105K(779776K), 0.0112992 secs] [Times: user=0.06 sys=0.00, real=0.01 secs]
2325.749: [GC [PSYoungGen: 52224K->256K(58880K)] 528073K->476105K(779776K), 0.0112992 secs] [Times: user=0.06 sys=0.00, real=0.01 secs]
2325.749: [GC [PSYoungGen: 52224K->256K(58880K)] 528073K->476105K(779776K), 0.0112992 secs] [Times: user=0.06 sys=0.00, real=0.01 secs]
2325.749: [GC [PSYoungGen: 52224K->256K(58880K)] 528073K->476105K(779776K), 0.0112992 secs] [Times: user=0.06 sys=0.00, real=0.01 secs]
2325.749: [GC [PSYoungGen: 52224K->256K(58880K)] 528073K->476105K(779776K), 0.0112992 secs] [Times: user=0.06 sys=0.00, real=0.01 secs]
2325.749: [GC [PSYoungGen: 52224K->256K(58880K)] 528073K->476105K(779776K), 0.0112992 secs] [Times: user=0.06 sys=0.00, real=0.01 secs]
2325.749: [GC [PSYoungGen: 52224K->256K(58880K)] 528073K->476105K(779776K), 0.0112992 secs] [Times: user=0.06 sys=0.00, real=0.01 secs]
2325.749: [GC [PSYoungGen: 52224K->256K(58880K)] 528073K->476105K(779776K), 0.0112992 secs] [Times: user=0.06 sys=0.00, real=0.01 secs]
2325.749: [GC [PSYoungGen: 52224K->256K(58880K)] 528073K->476105K(779776K), 0.0112992 secs] [Times: user=0.06 sys=0.00, real=0.01 secs]
2325.749: [GC [PSYoungGen: 52224K->256K(58880K)] 528073K->476105K(779776K), 0.0112992 secs] [Times: user=0.06 sys=0.00, real=0.01 secs]
2325.749: [GC [PSYoungGen: 52224K->256K(58880K)] 528073K->476105K(779776K), 0.0112992 secs] [Times: user=0.06 sys=0.00, real=0.01 secs]
2325.749: [GC [PSYoungGen: 52224K->256K(58880K)] 528073K->476105K(779776K), 0.0112992 secs] [Times: user=0.06 sys=0.00, real=0.01 secs]
2325.749: [GC [PSYoungGen: 52224K->256K(58880K)] 528073K->476105K(779776K), 0.0112992 secs] [Times: user=0.06 sys=0.00, real=0.01 secs]
2325.749: [GC [PSYoungGen: 52224K->256K(58880K)] 528073K->476105K(779776K), 0.0112992 secs] [Times: user=0.06 sys=0.00, real=0.01 secs]
2325.749: [GC [PSYoungGen: 52224K->256K(58880K)] 528073K->476105K(779776K), 0.0112992 secs] [Times: user=0.06 sys=0.00, real=0.01 secs]
2325.749: [GC [PSYoungGen: 52224K->256K(58880K)] 528073K->476105K(779776K), 0.0112992 secs] [Times: user=0.06 sys=0.00, real=0.01 secs]
2325.749: [GC [PSYoungGen: 52224K->256K(58880K)] 528073K->476105K(779776K), 0.0112992 secs] [Times: user=0.06 sys=0.00, real=0.01 secs]
2325.749: [GC [PSYoungGen: 52224K->256K(58880K)] 528073K->476105K(779776K), 0.0112992 secs] [Times: user=0.06 sys=0.00, real=0.01 secs]
2325.749: [GC [PSYoungGen: 52224K->256K(58880K)] 528073K->476105K(779776K), 0.0112992 secs] [Times: user=0.06 sys=0.00, real=0.01 secs]
2325.749: [GC [PSYoungGen: 52224K->256K(58880K)] 528073K->476105K(779776K), 0.0112992 secs] [Times: user=0.06 sys=0.00, real=0.01 secs]
2325.749: [GC [PSYoungGen: 52224K->256K(58880K)] 528073K->476105K(779776K), 0.0112992 secs] [Times: user=0.06 sys=0.00, real=0.01 secs]
2325.749: [GC [PSYoungGen: 52224K->256K(58880K)] 528073K->476105K(779776K), 0.0112992 secs] [Times: user=0.06 sys=0.00, real=0.01 secs]
2325.749: [GC [PSYoungGen: 52224K->256K(58880K)] 528073K->476105K(779776K), 0.0112992 secs] [Times: user=0.06 sys=0.00, real=0.01 secs]
2325.749: [GC [PSYoungGen: 52224K->256K(58880K)] 528073K->476105K(779776K), 0.0112992 secs] [Times: user=0.06 sys=0.00, real=0.01 secs]
2325.749: [GC [PSYoungGen: 52224K->256K(58880K)] 528073K->476105K(779776K), 0.0112992 secs] [Times: user=0.06 sys=0.00, real=0.01 secs]
2325.749: [GC [PSYoungGen: 52224K->256K(58880K)] 528073K->476105K(779776K), 0.0112992 secs] [Times: user=0.06 sys=0.00, real=0.01 secs]
2325.749: [GC [PSYoungGen: 52224K->256K(58880K)] 528073K->476105K(779776K), 0.0112992 secs] [Times: user=0.06 sys=0.00, real=0.01 secs]
2325.749: [GC [PSYoungGen: 52224K->256K(58880K)] 528073K->476105K(779776K), 0.0112992 secs] [Times: user=0.06 sys=0.00, real=0.01 secs]
2325.749: [GC [PSYoungGen: 52224K->256K(58880K)] 528073K->476105K(779776K), 0.0112992 secs] [Times: user=0.06 sys=0.00, real=0.01 secs]
2325.749: [GC [PSYoungGen: 52224K->256K(58880K)] 528073K->476105K(779776K), 0.0112992 secs] [Times: user=0.06 sys=0.00, real=0.01 secs]
2325.749: [GC [PSYoungGen: 52224K->256K(58880K)] 528073K->476105K(779776K), 0.0112992 secs] [Times: user=0.06 sys=0.00, real=0.01 secs]
2325.749: [GC [PSYoungGen: 52224K->256K(58880K)] 528073K->476105K(779776K), 0.0112992 secs] [Times: user=0.06 sys=0.00, real=0.01 secs]
2325.749: [GC [PSYoungGen: 52224K->256K(58880K)] 528073K->476105K(779776K), 0.0112992 secs] [Times: user=0.06 sys=0.00, real=0.01 secs]
2325.749: [GC [PSYoungGen: 52224K->256K(58880K)] 528073K->476105K(779776K), 0.0112992 secs] [Times: user=0.06 sys=0.00, real=0.01 secs]
2325.749: [GC [PSYoungGen: 52224K->256K(58880K)] 528073K->476105K(779776K), 0.0112992 secs] [Times: user=0.06 sys=0.00, real=0.01 secs]
2325.749: [GC [PSYoungGen: 52224K->256K(58880K)] 528073K->476105K(779776K), 0.0112992 secs] [Times: user=0.06 sys=0.00, real=0.01 secs]
2325.749: [GC [PSYoungGen: 52224K->256K(58880K)] 528073K->476105K(779776K), 0.0112992 secs] [Times: user=0.06 sys=0.00, real=0.01 secs]
2325.749: [GC [PSYoungGen: 52224K->256K(58880K)] 528073K->476105K(779776K), 0.0112992 secs] [Times: user=0.06 sys=0.00, real=0.01 secs]
2325.749: [GC [PSYoungGen: 52224K->256K(58880K)] 528073K->476105K(779776K), 0.0112992 secs] [Times: user=0.06 sys=0.00, real=0.01 secs]
2325.749: [GC [PSYoungGen: 52224K->256K(58880K)] 528073K->476105K(779776K), 0.0112992 secs] [Times: user=0.06 sys=0.00, real=0.01 secs]
2325.749: [GC [PSYoungGen: 52224K->256K(58880K)] 528073K->476105K(779776K), 0.0112992 secs] [Times: user=0.06 sys=0.00, real=0.01 secs]
2325.749: [GC [PSYoungGen: 52224K->256K(58880K)] 528073K->476105K(779776K), 0.0112992 secs] [Times: user=0.06 sys=0.00, real=0.01 secs]
2325.749: [GC [PSYoungGen: 52224K->256K(58880K)] 528073K->476105K(779776K), 0.0112992 secs] [Times: user=0.06 sys=0.00, real=0.01 secs]
2325.749: [GC [PSYoungGen: 52224K->256K(58880K)] 528073K->476105K(779776K), 0.0112992 secs] [Times: user=0.06 sys=0.00, real=0.01 secs]
2325.749: [GC [PSYoungGen: 52224K->256K(58880K)] 528073K->476105K(779776K), 0.0112992 secs] [Times: user=0.06 sys=0.00, real=0.01 secs]
2325.749: [GC [PSYoungGen: 52224K->256K(58880K)] 528073K->476105K(779776K), 0.0112992 secs] [Times: user=0.06 sys=0.00, real=0.01 secs]
2325.749: [GC [PSYoungGen: 52224K->256K(58880K)] 528073K->476105K(779776K), 0.0112992 secs] [Times: user=0.06 sys=0.00, real=0.01 secs]
2325.749: [GC [PSYoungGen: 52224K->256K(58880K)] 528073K->476105K(779776K), 0.0112992 secs] [Times: user=0.06 sys=0.00, real=0.01 secs]
2325.749: [GC [PSYoungGen: 52224K->256K(58880K)] 528073K->476105K(779776K), 0.0112992 secs] [Times: user=0.06 sys=0.00, real=0.01 secs]
2325.749: [GC [PSYoungGen: 52224K->256K(58880K)] 528073K->476105K(779776K), 0.0112992 secs] [Times: user=0.06 sys=0.00, real=0.01 secs]
2325.749: [GC [PSYoungGen: 52224K->256K(58880K)] 528073K->476105K(779776K), 0.0112992 secs] [Times: user=0.06 sys=0.00, real=0.01 secs]
2325.749: [GC [PSYoungGen: 52224K->256K(58880K)] 528073K->476105K(779776K), 0.0112992 secs] [Times: user=0.06 sys=0.00, real=0.01 secs]
2325.749: [GC [PSYoungGen: 52224K->256K(58880K)] 528073K->476105K(779776K), 0.0112992 secs] [Times: user=0.06 sys=0.00, real=0.01 secs]
2325.749: [GC [PSYoungGen: 52224K->256K(58880K)] 528073K->476105K(779776K), 0.0112992 secs] [Times: user=0.06 sys=0.00, real=0.01 secs]
2325.749: [GC [PSYoungGen: 52224K->256K(58880K)] 528073K->476105K(779776K), 0.0112992 secs] [Times: user=0.06 sys=0.00, real=0.01 secs]
2325.749: [GC [PSYoungGen: 52224K->256K(58880K)] 528073K->476105K(779776K), 0.0112992 secs] [Times: user=0.06 sys=0.00, real=0.01 secs]
2325.749: [GC [PSYoungGen: 52224K->256K(58880K)] 528073K->476105K(779776K), 0.0112992 secs] [Times: user=0.06 sys=0.00, real=0.01 secs]
2325.749: [GC [PSYoungGen: 52224K->256K(58880K)] 528073K->476105K(779776K), 0.0112992 secs] [Times: user=0.06 sys=0.00, real=0.01 secs]
2325.749: [GC [PSYoungGen: 52224K->256K(58880K)] 528073K->476105K(779776K), 0.0112992 secs] [Times: user=0.06 sys=0.00, real=0.01 secs]
2325.749: [GC [PSYoungGen: 52224K->256K(58880K)] 528073K->476105K(779776K), 0.0112992 secs] [Times: user=0.06 sys=0.00, real=0.01 secs]
2325.749: [GC [PSYoungGen: 52224K->256K(58880K)] 528073K->476105K(779776K), 0.0112992 secs] [Times: user=0.06 sys=0.00, real=0.01 secs]
2325.749: [GC [PSYoungGen: 52224K->256K(58880K)] 528073K->476105K(779776K), 0.0112992 secs] [Times: user=0.06 sys=0.00, real=0.01 secs]
2325.749: [GC [PSYoungGen: 52224K->256K(58880K)] 528073K->476105K(779776K), 0.0112992 secs] [Times: user=0.06 sys=0.00, real=0.01 secs]
2325.749: [GC [PSYoungGen: 52224K->256K(58880K)] 528073K->476105K(779776K), 0.0112992 secs] [Times: user=0.06 sys=0.00, real=0.01 secs]
2325.749: [GC [PSYoungGen: 52224K->256K(58880K)] 528073K->476105K(779776K), 0.0112992 secs] [Times: user=0.06 sys=0.00, real=0.01 secs]
2325.749: [GC [PSYoungGen: 52224K->256K(58880K)] 528073K->476105K(779776K), 0.0112992 secs] [Times: user=0.06 sys=0.00, real=0.01 secs]
2325.749: [GC [PSYoungGen: 52224K->256K(58880K)] 528073K->476105K(779776K), 0.0112992 secs] [Times: user=0.06 sys=0.00, real=0.01 secs]
2325.749: [GC [PSYoungGen: 52224K->256K(58880K)] 528073K->476105K(779776K), 0.0112992 secs] [Times: user=0.06 sys=0.00, real=0.01 secs]
2325.749: [GC [PSYoungGen: 52224K->256K(58880K)] 528073K->476105K(779776K), 0.0112992 secs] [Times: user=0.06 sys=0.00, real=0.01 secs]
2325.749: [GC [PSYoungGen: 52224K->256K(58880K)] 528073K->476105K(779776K), 0.0112992 secs] [Times: user=0.06 sys=0.00, real=0.01 secs]
2325.749: [GC [PSYoungGen: 52224K->256K(58880K)] 528073K->476105K(779776K), 0.0112992 secs] [Times: user=0.06 sys=0.00, real=0.01 secs]
2325.749: [GC [PSYoungGen: 52224K->256K(58880K)] 528073K->476105K(779776K), 0.0112992 secs] [Times: user=0.06 sys=0.00, real=0.01 secs]
2325.749: [GC [PSYoungGen: 52224K->256K(58880K)] 528073K->476105K(779776K), 0.0112992 secs] [Times: user=0.06 sys=0.00, real=0.01 secs]
2325.749: [GC [PSYoungGen: 52224K->256K(58880K)] 528073K->476105K(779776K), 0.0112992 secs] [Times: user=0.06 sys=0.00, real=0.01 secs]
2325.749: [GC [PSYoungGen: 52224K->256K(58880K)] 528073K->476105K(779776K), 0.0112992 secs] [Times: user=0.06 sys=0.00, real=0.01 secs]
2325.749: [GC [PSYoungGen: 52224K->256K(58880K)] 528073K->476105K(779776K), 0.0112992 secs] [Times: user=0.06 sys=0.00, real=0.01 secs]
2325.749: [GC [PSYoungGen: 52224K->256K(58880K)] 528073K->476105K(779776K), 0.0112992 secs] [Times: user=0.06 sys=0.00, real=0.01 secs]
2325.749: [GC [PSYoungGen: 52224K->256K(58880K)] 528073K->476105K(779776K), 0.0112992 secs] [Times: user=0.06 sys=0.00, real=0.01 secs]
2325.749: [GC [PSYoungGen: 52224K->256K(58880K)] 528073K->476105K(779776K), 0.0112992 secs] [Times: user=0.06 sys=0.00, real=0.01 secs]
2325.749: [GC [PSYoungGen: 52224K->256K(58880K)] 528073K->476105K(779776K), 0.0112992 secs] [Times: user=0.06 sys=0.00, real=0.01 secs]
2325.749: [GC [PSYoungGen: 52224K->256K(58880K)] 528073K->476105K(779776K), 0.0112992 secs] [Times: user=0.06 sys=0.00, real=0.01 secs]
2325.749: [GC [PSYoungGen: 52224K->256K(58880K)] 528073K->476105K(779776K), 0.0112992 secs] [Times: user=0.06 sys=0.00, real=0.01 secs]
2325.749: [GC [PSYoungGen: 52224K->256K(58880K)] 528073K->476105K(779776K), 0.0112992 secs] [Times: user=0.06 sys=0.00, real=0.01 secs]
2325.749: [GC [PSYoungGen: 52224K->256K(58880K)] 528073K->476105K(779776K), 0.0112992 secs] [Times: user=0.06 sys=0.00, real=0.01 secs]
2325.749: [GC [PSYoungGen: 52224K->256K(58880K)] 528073K->476105K(779776K), 0.0112992 secs] [Times: user=0.06 sys=0.00, real=0.01 secs]
2325.749: [GC [PSYoungGen: 52224K->256K(58880K)] 528073K->476105K(779776K), 0.0112992 secs] [Times: user=0.06 sys=0.00, real=0.01 secs]
2325.749: [GC [PSYoungGen: 52224K->256K(58880K)] 528073K->476105K(779776K), 0.0112992 secs] [Times: user=0.06 sys=0.00, real=0.01 secs]
2325.749: [GC [PSYoungGen: 52224K->256K(58880K)] 528073K->476105K(779776K), 0.0112992 secs] [Times: user=0.06 sys=0.00, real=0.01 secs]
2325.749: [GC [PSYoungGen: 52224K->256K(58880K)] 528073K->476105K(779776K), 0.0112992 secs] [Times: user=0.06 sys=0.00, real=0.01 secs]
2325.749: [GC [PSYoungGen: 52224K->256K(58880K)] 528073K->476105K(779776K), 0.0112992 secs] [Times: user=0.06 sys=0.00, real=0.01 secs]
2325.749: [GC [PSYoungGen: 52224K->256K(58880K)] 528073K->476105K(779776K), 0.0112992 secs] [Times: user=0.06 sys=0.00, real=0.01 secs]
2325.749: [GC [PSYoungGen: 52224K->256K(58880K)] 528073K->476105K(779776K), 0.0112992 secs] [Times: user=0.06 sys=0.00, real=0.01 secs]
2325.749: [GC [PSYoungGen: 52224K->256K(58880K)] 528073K->476105K(779776K), 0.0112992 secs] [Times: user=0.06 sys=0.00, real=0.01 secs]
2325.749: [GC [PSYoungGen: 52224K->256K(58880K)] 528073K->476105K(779776K), 0.0112992 secs] [Times: user=0.06 sys=0.00, real=0.01 secs]
2325.749: [GC [PSYoungGen: 52224K->256K(58880K)] 528073K->476105K(779776K), 0.0112992 secs] [Times: user=0.06 sys=0.00, real=0.01 secs]
2325.749: [GC [PSYoungGen: 52224K->256K(58880K)] 528073K->476105K(779776K), 0.0112992 secs] [Times: user=0.06 sys=0.00, real=0.01 secs]
2325.749: [GC [PSYoungGen: 52224K->256K(58880K)] 528073K->476105K(779776K), 0.0112992 secs] [Times: user=0.06 sys=0.00, real=0.01 secs]
2325.749: [GC [PSYoungGen: 52224K->256K(58880K)] 528073K->476105K(779776K), 0.0112992 secs] [Times: user=0.06 sys=0.00, real=0.01 secs]
2325.749: [GC [PSYoungGen: 52224K->256K(58880K)] 528073K->476105K(779776K), 0.0112992 secs] [Times: user=0.06 sys=0.00, real=0.01 secs]
2325.749: [GC [PSYoungGen: 52224K->256K(58880K)] 528073K->476105K(779776K), 0.0112992 secs] [Times: user=0.06 sys=0.00, real=0.01 secs]
2325.749: [GC [PSYoungGen: 52224K->256K(58880K)] 528073K->476105K(779776K), 0.0112992 secs] [Times: user=0.06 sys=0.00, real=0.01 secs]
2325.749: [GC [PSYoungGen: 52224K->256K(58880K)] 528073K->476105K(779776K), 0.0112992 secs] [Times: user=0.06 sys=0.00, real=0.01 secs]
2325.749: [GC [PSYoungGen: 52224K->256K(58880K)] 528073K->476105K(779776K), 0.0112992 secs] [Times: user=0.06 sys=0.00, real=0.01 secs]
2325.749: [GC [PSYoungGen: 52224K->256K(58880K)] 528073K->476105K(779776K), 0.0112992 secs] [Times: user=0.06 sys=0.00, real=0.01 secs]
2325.749: [GC [PSYoungGen: 52224K->256K(58880K)] 528073K->476105K(779776K), 0.0112992 secs] [Times: user=0.06 sys=0.00, real=0.01 secs]
2325.749: [GC [PSYoungGen: 52224K->256K(58880K)] 528073K->476105K(779776K), 0.0112992 secs] [Times: user=0.06 sys=0.00, real=0.01 secs]
2325.749: [GC [PSYoungGen: 52224K->256K(58880K)] 528073K->476105K(779776K), 0.0112992 secs] [Times: user=0.06 sys=0.00, real=0.01 secs]
2325.749: [GC [PSYoungGen: 52224K->256K(58880K)] 528073K->476105K(779776K), 0.0112992 secs] [Times: user=0.06 sys=0.00, real=0.01 secs]
2325.749: [GC [PSYoungGen: 52224K->256K(58880K)] 528073K->476105K(779776K), 0.0112992 secs] [Times: user=0.06 sys=0.00, real=0.01 secs]
2325.749: [GC [PSYoungGen: 52224K->256K(58880K)] 528073K->476105K(779776K), 0.0112992 secs] [Times: user=0.06 sys=0.00, real=0.01 secs]
2325.749: [GC [PSYoungGen: 52224K->256K(58880K)] 528073K->476105K(779776K), 0.0112992 secs] [Times: user=0.06 sys=0.00, real=0.01 secs]
2325.749: [GC [PSYoungGen: 52224K->256K(58880K)] 528073K->476105K(779776K), 0.0112992 secs] [Times: user=0.06 sys=0.00, real=0.01 secs]
2325.749: [GC [PSYoungGen: 52224K->256K(58880K)] 528073K->476105K(779776K), 0.0112992 secs] [Times: user=0.06 sys=0.00, real=0.01 secs]
2325.749: [GC [PSYoungGen: 52224K->256K(58880K)] 528073K->476105K(779776K), 0.0112992 secs] [Times: user=0.06 sys=0.00, real=0.01 secs]
2325.749: [GC [PSYoungGen: 52224K->256K(58880K)] 528073K->476105K(779776K), 0.0112992 secs] [Times: user=0.06 sys=0.00, real=0.01 secs]
2325.749: [GC [PSYoungGen: 52224K->256K(58880K)] 528073K->476105K(779776K), 0.0112992 secs] [Times: user=0.06 sys=0.00, real=0.01 secs]
2325.749: [GC [PSYoungGen: 52224K->256K(58880K)] 528073K->476105K(779776K), 0.0112992 secs] [Times: user=0.06 sys=0.00, real=0.01 secs]
2325.749: [GC [PSYoungGen: 52224K->256K(58880K)] 528073K->476105K(779776K), 0.0112992 secs] [Times: user=0.06 sys=0.00, real=0.01 secs]
2325.749: [GC [PSYoungGen: 52224K->256K(58880K)] 528073K->476105K(779776K), 0.0112992 secs] [Times: user=0.06 sys=0.00, real=0.01 secs]
2325.749: [GC [PSYoungGen: 52224K->256K(58880K)] 528073K->476105K(779776K), 0.0112992 secs] [Times: user=0.06 sys=0.00, real=0.01 secs]
2325.749: [GC [PSYoungGen: 52224K->256K(58880K)] 528073K->476105K(779776K), 0.0112992 secs] [Times: user=0.06 sys=0.00, real=0.01 secs]
2325.749: [GC [PSYoungGen: 52224K->256K(58880K)] 528073K->476105K(779776K), 0.0112992 secs] [Times: user=0.06 sys=0.00, real=0.01 secs]
2325.749: [GC [PSYoungGen: 52224K->256K(58880K)] 528073K->476105K(779776K), 0.0112992 secs] [Times: user=0.06 sys=0.00, real=0.01 secs]
2325.749: [GC [PSYoungGen: 52224K->256K(58880K)] 528073K->476105K(779776K), 0.0112992 secs] [Times: user=0.06 sys=0.00, real=0.01 secs]
2325.749: [GC [PSYoungGen: 52224K->256K(58880K)] 528073K->476105K(779776K), 0.0112992 secs] [Times: user=0.06 sys=0.00, real=0.01 secs]
2325.749: [GC [PSYoungGen: 52224K->256K(58880K)] 528073K->476105K(779776K), 0.0112992 secs] [Times: user=0.06 sys=0.00, real=0.01 secs]
2325.749: [GC [PSYoungGen: 52224K->256K(58880K)] 528073K->476105K(779776K), 0.0112992 secs] [Times: user=0.06 sys=0.00, real=0.01 secs]
2325.749: [GC [PSYoungGen: 52224K->256K(58880K)] 528073K->476105K(779776K), 0.0112992 secs] [Times: user=0.06 sys=0.00, real=0.01 secs]
2325.749: [GC [PSYoungGen: 52224K->256K(58880K)] 528073K->476105K(779776K), 0.0112992 secs] [Times: user=0.06 sys=0.00, real=0.01 secs]
2325.749: [GC [PSYoungGen: 52224K->256K(58880K)] 528073K->476105K(779776K), 0.0112992 secs] [Times: user=0.06 sys=0.00, real=0.01 secs]
2325.749: [GC [PSYoungGen: 52224K->256K(58880K)] 528073K->476105K(779776K), 0.0112992 secs] [Times: user=0.06 sys=0.00, real=0.01 secs]
2325.749: [GC [PSYoungGen: 52224K->256K(58880K)] 528073K->476105K(779776K), 0.0112992 secs] [Times: user=0.06 sys=0.00, real=0.01 secs]
2325.749: [GC [PSYoungGen: 52224K->256K(58880K)] 528073K->476105K(779776K), 0.0112992 secs] [Times: user=0.06 sys=0.00, real=0.01 secs]
2325.749: [GC [PSYoungGen: 52224K->256K(58880K)] 528073K->476105K(779776K), 0.0112992 secs] [Times: user=0.06 sys=0.00, real=0.01 secs]
2325.749: [GC [PSYoungGen: 52224K->256K(58880K)] 528073K->476105K(779776K), 0.0112992 secs] [Times: user=0.06 sys=0.00, real=0.01 secs]
2325.749: [GC [PSYoungGen: 52224K->256K(58880K)] 528073K->476105K(779776K), 0.0112992 secs] [Times: user=0.06 sys=0.00, real=0.01 secs]
2325.749: [GC [PSYoungGen: 52224K->256K(58880K)] 528073K->476105K(779776K), 0.0112992 secs] [Times: user=0.06 sys=0.00, real=0.01 secs]
2325.749: [GC [PSYoungGen: 52224K->256K(58880K)] 528073K->476105K(779776K), 0.0112992 secs] [Times: user=0.06 sys=0.00, real=0.01 secs]
2325.749: [GC [PSYoungGen: 52224K->256K(58880K)] 528073K->476105K(779776K), 0.0112992 secs] [Times: user=0.06 sys=0.00, real=0.01 secs]
2325.749: [GC [PSYoungGen: 52224K->256K(58880K)] 528073K->476105K(779776K), 0.0112992 secs] [Times: user=0.06 sys=0.00, real=0.01 secs]
2325.749: [GC [PSYoungGen: 52224K->256K(58880K)] 528073K->476105K(779776K), 0.0112992 secs] [Times: user=0.06 sys=0.00, real=0.01 secs]
2325.749: [GC [PSYoungGen: 52224K->256K(58880K)] 528073K->476105K(779776K), 0.0112992 secs] [Times: user=0.06 sys=0.00, real=0.01 secs]
2325.749: [GC [PSYoungGen: 52224K->256K(58880K)] 528073K->476105K(779776K), 0.0112992 secs] [Times: user=0.06 sys=0.00, real=0.01 secs]
2325.749: [GC [PSYoungGen: 52224K->256K(58880K)] 528073K->476105K(779776K), 0.0112992 secs] [Times: user=0.06 sys=0.00, real=0.01 secs]
2325.749: [GC [PSYoungGen: 52224K->256K(58880K)] 528073K->476105K(779776K), 0.0112992 secs] [Times: user=0.06 sys=0.00, real=0.01 secs]
2325.749: [GC [PSYoungGen: 52224K->256K(58880K)] 528073K->476105K(779776K), 0.0112992 secs] [Times: user=0.06 sys=0.00, real=0.01 secs]
2325.749: [GC [PSYoungGen: 52224K->256K(58880K)] 528073K->476105K(779776K), 0.0112992 secs] [Times: user=0.06 sys=0.00, real=0.01 secs]
2325.749: [GC [PSYoungGen: 52224K->256K(58880K)] 528073K->476105K(779776K), 0.0112992 secs] [Times: user=0.06 sys=0.00, real=0.01 secs]
2325.749: [GC [PSYoungGen: 52224K->256K(58880K)] 528073K->476105K(779776K), 0.0112992 secs] [Times: user=0.06 sys=0.00, real=0.01 secs]
2325.749: [GC [PSYoungGen: 52224K->256K(58880K)] 528073K->476105K(779776K), 0.0112992 secs] [Times: user=0.06 sys=0.00, real=0.01 secs]
2325.749: [GC [PSYoungGen: 52224K->256K(58880K)] 528073K->476105K(779776K), 0.0112992 secs] [Times: user=0.06 sys=0.00, real=0.01 secs]
2325.749: [GC [PSYoungGen: 52224K->256K(58880K)] 528073K->476105K(779776K), 0.0112992 secs] [Times: user=0.06 sys=0.00, real=0.01 secs]
2325.749: [GC [PSYoungGen: 52224K->256K(58880K)] 528073K->476105K(779776K), 0.0112992 secs] [Times: user=0.06 sys=0.00, real=0.01 secs]
2325.749: [GC [PSYoungGen: 52224K->256K(58880K)] 528073K->476105K(779776K), 0.0112992 secs] [Times: user=0.06 sys=0.00, real=0.01 secs]
2325.749: [GC [PSYoungGen: 52224K->256K(58880K)] 528073K->476105K(779776K), 0.0112992 secs] [Times: user=0.06 sys=0.00, real=0.01 secs]
2325.749: [GC [PSYoungGen: 52224K->256K(58880K)] 528073K->476105K(779776K), 0.0112992 secs] [Times: user=0.06 sys=0.00, real=0.01 secs]
2325.749: [GC [PSYoungGen: 52224K->256K(58880K)] 528073K->476105K(779776K), 0.0112992 secs] [Times: user=0.06 sys=0.00, real=0.01 secs]
2325.749: [GC [PSYoungGen: 52224K->256K(58880K)] 528073K->476105K(779776K), 0.0112992 secs] [Times: user=0.06 sys=0.00, real=0.01 secs]
2325.749: [GC [PSYoungGen: 52224K->256K(58880K)] 528073K->476105K(779776K), 0.0112992 secs] [Times: user=0.06 sys=0.00, real=0.01 secs]
2325.749: [GC [PSYoungGen: 52224K->256K(58880K)] 528073K->476105K(779776K), 0.0112992 secs] [Times: user=0.06 sys=0.00, real=0.01 secs]
2325.749: [GC [PSYoungGen: 52224K->256K(58880K)] 528073K->476105K(779776K), 0.0112992 secs] [Times: user=0.06 sys=0.00, real=0.01 secs]
2325.749: [GC [PSYoungGen: 52224K->256K(58880K)] 528073K->476105K(779776K), 0.0112992 secs] [Times: user=0.06 sys=0.00, real=0.01 secs]
2325.749: [GC [PSYoungGen: 52224K->256K(58880K)] 528073K->476105K(779776K), 0.0112992 secs] [Times: user=0.06 sys=0.00, real=0.01 secs]
2325.749: [GC [PSYoungGen: 52224K->256K(58880K)] 528073K->476105K(779776K), 0.0112992 secs] [Times: user=0.06 sys=0.00, real=0.01 secs]
2325.749: [GC [PSYoungGen: 52224K->256K(58880K)] 528073K->476105K(779776K), 0.0112992 secs] [Times: user=0.06 sys=0.00, real=0.01 secs]
2325.749: [GC [PSYoungGen: 52224K->256K(58880K)] 528073K->476105K(779776K), 0.0112992 secs] [Times: user=0.06 sys=0.00, real=0.01 secs]
2325.749: [GC [PSYoungGen: 52224K->256K(58880K)] 528073K->476105K(779776K), 0.0112992 secs] [Times: user=0.06 sys=0.00, real=0.01 secs]
2325.749: [GC [PSYoungGen: 52224K->256K(58880K)] 528073K->476105K(779776K), 0.0112992 secs] [Times: user=0.06 sys=0.00, real=0.01 secs]
2325.749: [GC [PSYoungGen: 52224K->256K(58880K)] 528073K->476105K(779776K), 0.0112992 secs] [Times: user=0.06 sys=0.00, real=0.01 secs]
2325.749: [GC [PSYoungGen: 52224K->256K(58880K)] 528073K->476105K(779776K), 0.0112992 secs] [Times: user=0.06 sys=0.00, real=0.01 secs]
2325.749: [GC [PSYoungGen: 52224K->256K(58880K)] 528073K->476105K(779776K), 0.0112992 secs] [Times: user=0.06 sys=0.00, real=0.01 secs]
2325.749: [GC [PSYoungGen: 52224K->256K(58880K)] 528073K->476105K(779776K), 0.0112992 secs] [Times: user=0.06 sys=0.00, real=0.01 secs]
2325.749: [GC [PSYoungGen: 52224K->256K(58880K)] 528073K->476105K(779776K), 0.0112992 secs] [Times: user=0.06 sys=0.00, real=0.01 secs]
2325.749: [GC [PSYoungGen: 52224K->256K(58880K)] 528073K->476105K(779776K), 0.0112992 secs] [Times: user=0.06 sys=0.00, real=0.01 secs]
2325.749: [GC [PSYoungGen: 52224K->256K(58880K)] 528073K->476105K(779776K), 0.0112992 secs] [Times: user=0.06 sys=0.00, real=0.01 secs]
2325.749: [GC [PSYoungGen: 52224K->256K(58880K)] 528073K->476105K(779776K), 0.0112992 secs] [Times: user=0.06 sys=0.00, real=0.01 secs]
2325.749: [GC [PSYoungGen: 52224K->256K(58880K)] 528073K->476105K(779776K), 0.0112992 secs] [Times: user=0.06 sys=0.00, real=0.01 secs]
2325.749: [GC [PSYoungGen: 52224K->256K(58880K)] 528073K->476105K(779776K), 0.0112992 secs] [Times: user=0.06 sys=0.00, real=0.01 secs]
2325.749: [GC [PSYoungGen: 52224K->256K(58880K)] 528073K->476105K(779776K), 0.0112992 secs] [Times: user=0.06 sys=0.00, real=0.01 secs]
2325.749: [GC [PSYoungGen: 52224K->256K(58880K)] 528073K->476105K(779776K), 0.0112992 secs] [Times: user=0.06 sys=0.00, real=0.01 secs]
2325.749: [GC [PSYoungGen: 52224K->256K(58880K)] 528073K->476105K(779776K), 0.0112992 secs] [Times: user=0.06 sys=0.00, real=0.01 secs]
2325.749: [GC [PSYoungGen: 52224K->256K(58880K)] 528073K->476105K(779776K), 0.0112992 secs] [Times: user=0.06 sys=0.00, real=0.01 secs]
2325.749: [GC [PSYoungGen: 52224K->256K(58880K)] 528073K->476105K(779776K), 0.0112992 secs] [Times: user=0.06 sys=0.00, real=0.01 secs]
2325.749: [GC [PSYoungGen: 52224K->256K(58880K)] 528073K->476105K(779776K), 0.0112992 secs] [Times: user=0.06 sys=0.00, real=0.01 secs]
2325.749: [GC [PSYoungGen: 52224K->256K(58880K)] 528073K->476105K(779776K), 0.0112992 secs] [Times: user=0.06 sys=0.00, real=0.01 secs]
2325.749: [GC [PSYoungGen: 52224K->256K(58880K)] 528073K->476105K(779776K), 0.0112992 secs] [Times: user=0.06 sys=0.00, real=0.01 secs]
2325.749: [GC [PSYoungGen: 52224K->256K(58880K)] 528073K->476105K(779776K), 0.0112992 secs] [Times: user=0.06 sys=0.00, real=0.01 secs]
2325.749: [GC [PSYoungGen: 52224K->256K(58880K)] 528073K->476105K(779776K), 0.0112992 secs] [Times: user=0.06 sys=0.00, real=0.01 secs]
2325.749: [GC [PSYoungGen: 52224K->256K(58880K)] 528073K->476105K(779776K), 0.0112992 secs] [Times: user=0.06 sys=0.00, real=0.01 secs]
2325.749: [GC [PSYoungGen: 52224K->256K(58880K)] 528073K->476105K(779776K), 0.0112992 secs] [Times: user=0.06 sys=0.00, real=0.01 secs]
2325.749: [GC [PSYoungGen: 52224K->256K(58880K)] 528073K->476105K(779776K), 0.0112992 secs] [Times: user=0.06 sys=0.00, real=0.01 secs]
2325.749: [GC [PSYoungGen: 52224K->256K(58880K)] 528073K->476105K(779776K), 0.0112992 secs] [Times: user=0.06 sys=0.00, real=0.01 secs]
2325.749: [GC [PSYoungGen: 52224K->256K(58880K)] 528073K->476105K(779776K), 0.0112992 secs] [Times: user=0.06 sys=0.00, real=0.01 secs]
2325.749: [GC [PSYoungGen: 52224K->256K(58880K)] 528073K->476105K(779776K), 0.0112992 secs] [Times: user=0.06 sys=0.00, real=0.01 secs]
2325.749: [GC [PSYoungGen: 52224K->256K(58880K)] 528073K->476105K(779776K), 0.0112992 secs] [Times: user=0.06 sys=0.00, real=0.01 secs]
2325.749: [GC [PSYoungGen: 52224K->256K(58880K)] 528073K->476105K(779776K), 0.0112992 secs] [Times: user=0.06 sys=0.00, real=0.01 secs]
2325.749: [GC [PSYoungGen: 52224K->256K(58880K)] 528073K->476105K(779776K), 0.0112992 secs] [Times: user=0.06 sys=0.00, real=0.01 secs]
2325.749: [GC [PSYoungGen: 52224K->256K(58880K)] 528073K->476105K(779776K), 0.0112992 secs] [Times: user=0.06 sys=0.00, real=0.01 secs]
2325.749: [GC [PSYoungGen: 52224K->256K(58880K)] 528073K->476105K(779776K), 0.0112992 secs] [Times: user=0.06 sys=0.00, real=0.01 secs]
2325.749: [GC [PSYoungGen: 52224K->256K(58880K)] 528073K->476105K(779776K), 0.0112992 secs] [Times: user=0.06 sys=0.00, real=0.01 secs]
2325.749: [GC [PSYoungGen: 52224K->256K(58880K)] 528073K->476105K(779776K), 0.0112992 secs] [Times: user=0.06 sys=0.00, real=0.01 secs]
2325.749: [GC [PSYoungGen: 52224K->256K(58880K)] 528073K->476105K(779776K), 0.0112992 secs] [Times: user=0.06 sys=0.00, real=0.01 secs]
2325.749: [GC [PSYoungGen: 52224K->256K(58880K)] 528073K->476105K(779776K), 0.0112992 secs] [Times: user=0.06 sys=0.00, real=0.01 secs]
2325.749: [GC [PSYoungGen: 52224K->256K(58880K)] 528073K->476105K(779776K), 0.0112992 secs] [Times: user=0.06 sys=0.00, real=0.01 secs]
2325.749: [GC [PSYoungGen: 52224K->256K(58880K)] 528073K->476105K(779776K), 0.0112992 secs] [Times: user=0.06 sys=0.00, real=0.01 secs]
2325.749: [GC [PSYoungGen: 52224K->256K(58880K)] 528073K->476105K(779776K), 0.0112992 secs] [Times: user=0.06 sys=0.00, real=0.01 secs]
2325.749: [GC [PSYoungGen: 52224K->256K(58880K)] 528073K->476105K(779776K), 0.0112992 secs] [Times: user=0.06 sys=0.00, real=0.01 secs]
2325.749: [GC [PSYoungGen: 52224K->256K(58880K)] 528073K->476105K(779776K), 0.0112992 secs] [Times: user=0.06 sys=0.00, real=0.01 secs]
2325.749: [GC [PSYoungGen: 52224K->256K(58880K)] 528073K->476105K(779776K), 0.0112992 secs] [Times: user=0.06 sys=0.00, real=0.01 secs]
2325.749: [GC [PSYoungGen: 52224K->256K(58880K)] 528073K->476105K(779776K), 0.0112992 secs] [Times: user=0.06 sys=0.00, real=0.01 secs]
2325.749: [GC [PSYoungGen: 52224K->256K(58880K)] 528073K->476105K(779776K), 0.0112992 secs] [Times: user=0.06 sys=0.00, real=0.01 secs]
2325.749: [GC [PSYoungGen: 52224K->256K(58880K)] 528073K->476105K(779776K), 0.0112992 secs] [Times: user=0.06 sys=0.00, real=0.01 secs]
2325.749: [GC [PSYoungGen: 52224K->256K(58880K)] 528073K->476105K(779776K), 0.0112992 secs] [Times: user=0.06 sys=0.00, real=0.01 secs]
2325.749: [GC [PSYoungGen: 52224K->256K(58880K)] 528073K->476105K(779776K), 0.0112992 secs] [Times: user=0.06 sys=0.00, real=0.01 secs]
2325.749: [GC [PSYoungGen: 52224K->256K(58880K)] 528073K->476105K(779776K), 0.0112992 secs] [Times: user=0.06 sys=0.00, real=0.01 secs]
2325.749: [GC [PSYoungGen: 52224K->256K(58880K)] 528073K->476105K(779776K), 0.0112992 secs] [Times: user=0.06 sys=0.00, real=0.01 secs]
2325.749: [GC [PSYoungGen: 52224K->256K(58880K)] 528073K->476105K(779776K), 0.0112992 secs] [Times: user=0.06 sys=0.00, real=0.01 secs]
2325.749: [GC [PSYoungGen: 52224K->256K(58880K)] 528073K->476105K(779776K), 0.0112992 secs] [Times: user=0.06 sys=0.00, real=0.01 secs]
2325.749: [GC [PSYoungGen: 52224K->256K(58880K)] 528073K->476105K(779776K), 0.0112992 secs] [Times: user=0.06 sys=0.00, real=0.01 secs]
2325.749: [GC [PSYoungGen: 52224K->256K(58880K)] 528073K->476105K(779776K), 0.0112992 secs] [Times: user=0.06 sys=0.00, real=0.01 secs]
2325.749: [GC [PSYoungGen: 52224K->256K(58880K)] 528073K->476105K(779776K), 0.0112992 secs] [Times: user=0.06 sys=0.00, real=0.01 secs]
2325.749: [GC [PSYoungGen: 52224K->256K(58880K)] 528073K->476105K(779776K), 0.0112992 secs] [Times: user=0.06 sys=0.00, real=0.01 secs]
2325.749: [GC [PSYoungGen: 52224K->256K(58880K)] 528073K->476105K(779776K), 0.0112992 secs] [Times: user=0.06 sys=0.00, real=0.01 secs]
2325.749: [GC [PSYoungGen: 52224K->256K(58880K)] 528073K->476105K(779776K), 0.0112992 secs] [Times: user=0.06 sys=0.00, real=0.01 secs]
2325.749: [GC [PSYoungGen: 52224K->256K(58880K)] 528073K->476105K(779776K), 0.0112992 secs] [Times: user=0.06 sys=0.00, real=0.01 secs]
2325.749: [GC [PSYoungGen: 52224K->256K(58880K)] 528073K->476105K(779776K), 0.0112992 secs] [Times: user=0.06 sys=0.00, real=0.01 secs]
2325.749: [GC [PSYoungGen: 52224K->256K(58880K)] 528073K->476105K(779776K), 0.0112992 secs] [Times: user=0.06 sys=0.00, real=0.01 secs]
2325.749: [GC [PSYoungGen: 52224K->256K(58880K)] 528073K->476105K(779776K), 0.0112992 secs] [Times: user=0.06 sys=0.00, real=0.01 secs]
2325.749: [GC [PSYoungGen: 52224K->256K(58880K)] 528073K->476105K(779776K), 0.0112992 secs] [Times: user=0.06 sys=0.00, real=0.01 secs]
2325.749: [GC [PSYoungGen: 52224K->256K(58880K)] 528073K->476105K(779776K), 0.0112992 secs] [Times: user=0.06 sys=0.00, real=0.01 secs]
2325.749: [GC [PSYoungGen: 52224K->256K(58880K)] 528073K->476105K(779776K), 0.0112992 secs] [Times: user=0.06 sys=0.00, real=0.01 secs]
2325.749: [GC [PSYoungGen: 52224K->256K(58880K)] 528073K->476105K(779776K), 0.0112992 secs] [Times: user=0.06 sys=0.00, real=0.01 secs]
2325.749: [GC [PSYoungGen: 52224K->256K(58880K)] 528073K->476105K(779776K), 0.0112992 secs] [Times: user=0.06 sys=0.00, real=0.01 secs]
2325.749: [GC [PSYoungGen: 52224K->256K(58880K)] 528073K->476105K(779776K), 0.0112992 secs] [Times: user=0.06 sys=0.00, real=0.01 secs]
2325.749: [GC [PSYoungGen: 52224K->256K(58880K)] 528073K->476105K(779776K), 0.0112992 secs] [Times: user=0.06 sys=0.00, real=0.01 secs]
2325.749: [GC [PSYoungGen: 52224K->256K(58880K)] 528073K->476105K(779776K), 0.0112992 secs] [Times: user=0.06 sys=0.00, real=0.01 secs]
2325.749: [GC [PSYoungGen: 52224K->256K(58880K)] 528073K->476105K(779776K), 0.0112992 secs] [Times: user=0.06 sys=0.00, real=0.01 secs]
2325.749: [GC [PSYoungGen: 52224K->256K(58880K)] 528073K->476105K(779776K), 0.0112992 secs] [Times: user=0.06 sys=0.00, real=0.01 secs]
2325.749: [GC [PSYoungGen: 52224K->256K(58880K)] 528073K->476105K(779776K), 0.0112992 secs] [Times: user=0.06 sys=0.00, real=0.01 secs]
2325.749: [GC [PSYoungGen: 52224K->256K(58880K)] 528073K->476105K(779776K), 0.0112992 secs] [Times: user=0.06 sys=0.00, real=0.01 secs]
2325.749: [GC [PSYoungGen: 52224K->256K(58880K)] 528073K->476105K(779776K), 0.0112992 secs] [Times: user=0.06 sys=0.00, real=0.01 secs]
2325.749: [GC [PSYoungGen: 52224K->256K(58880K)] 528073K->476105K(779776K), 0.0112992 secs] [Times: user=0.06 sys=0.00, real=0.01 secs]
2325.749: [GC [PSYoungGen: 52224K->256K(58880K)] 528073K->476105K(779776K), 0.0112992 secs] [Times: user=0.06 sys=0.00, real=0.01 secs]
2325.749: [GC [PSYoungGen: 52224K->256K(58880K)] 528073K->476105K(779776K), 0.0112992 secs] [Times: user=0.06 sys=0.00, real=0.01 secs]
2325.749: [GC [PSYoungGen: 52224K->256K(58880K)] 528073K->476105K(779776K), 0.0112992 secs] [Times: user=0.06 sys=0.00, real=0.01 secs]
2325.749: [GC [PSYoungGen: 52224K->256K(58880K)] 528073K->476105K(779776K), 0.0112992 secs] [Times: user=0.06 sys=0.00, real=0.01 secs]
2325.749: [GC [PSYoungGen: 52224K->256K(58880K)] 528073K->476105K(779776K), 0.0112992 secs] [Times: user=0.06 sys=0.00, real=0.01 secs]
2325.749: [GC [PSYoungGen: 52224K->256K(58880K)] 528073K->476105K(779776K), 0.0112992 secs] [Times: user=0.06 sys=0.00, real=0.01 secs]
2325.749: [GC [PSYoungGen: 52224K->256K(58880K)] 528073K->476105K(779776K), 0.0112992 secs] [Times: user=0.06 sys=0.00, real=0.01 secs]
2325.749: [GC [PSYoungGen: 52224K->256K(58880K)] 528073K->476105K(779776K), 0.0112992 secs] [Times: user=0.06 sys=0.00, real=0.01 secs]
2325.749: [GC [PSYoungGen: 52224K->256K(58880K)] 528073K->476105K(779776K), 0.0112992 secs] [Times: user=0.06 sys=0.00, real=0.01 secs]
2325.749: [GC [PSYoungGen: 52224K->256K(58880K)] 528073K->476105K(779776K), 0.0112992 secs] [Times: user=0.06 sys=0.00, real=0.01 secs]
2325.749: [GC [PSYoungGen: 52224K->256K(58880K)] 528073K->476105K(779776K), 0.0112992 secs] [Times: user=0.06 sys=0.00, real=0.01 secs]
2325.749: [GC [PSYoungGen: 52224K->256K(58880K)] 528073K->476105K(779776K), 0.0112992 secs] [Times: user=0.06 sys=0.00, real=0.01 secs]
2325.749: [GC [PSYoungGen: 52224K->256K(58880K)] 528073K->476105K(779776K), 0.0112992 secs] [Times: user=0.06 sys=0.00, real=0.01 secs]
2325.749: [GC [PSYoungGen: 52224K->256K(58880K)] 528073K->476105K(779776K), 0.0112992 secs] [Times: user=0.06 sys=0.00, real=0.01 secs]
2325.749: [GC [PSYoungGen: 52224K->256K(58880K)] 528073K->476105K(779776K), 0.0112992 secs] [Times: user=0.06 sys=0.00, real=0.01 secs]
2325.749: [GC [PSYoungGen: 52224K->256K(58880K)] 528073K->476105K(779776K), 0.0112992 secs] [Times: user=0.06 sys=0.00, real=0.01 secs]
2325.749: [GC [PSYoungGen: 52224K->256K(58880K)] 528073K->476105K(779776K), 0.0112992 secs] [Times: user=0.06 sys=0.00, real=0.01 secs]
2325.749: [GC [PSYoungGen: 52224K->256K(58880K)] 528073K->476105K(779776K), 0.0112992 secs] [Times: user=0.06 sys=0.00, real=0.01 secs]
2325.749: [GC [PSYoungGen: 52224K->256K(58880K)] 528073K->476105K(779776K), 0.0112992 secs] [Times: user=0.06 sys=0.00, real=0.01 secs]
2325.749: [GC [PSYoungGen: 52224K->256K(58880K)] 528073K->476105K(779776K), 0.0112992 secs] [Times: user=0.06 sys=0.00, real=0.01 secs]
2325.749: [GC [PSYoungGen: 52224K->256K(58880K)] 528073K->476105K(779776K), 0.0112992 secs] [Times: user=0.06 sys=0.00, real=0.01 secs]
2325.749: [GC [PSYoungGen: 52224K->256K(58880K)] 528073K->476105K(779776K), 0.0112992 secs] [Times: user=0.06 sys=0.00, real=0.01 secs]
2325.749: [GC [PSYoungGen: 52224K->256K(58880K)] 528073K->476105K(779776K), 0.0112992 secs] [Times: user=0.06 sys=0.00, real=0.01 secs]
2325.749: [GC [PSYoungGen: 52224K->256K(58880K)] 528073K->476105K(779776K), 0.0112992 secs] [Times: user=0.06 sys=0.00, real=0.01 secs]
2325.749: [GC [PSYoungGen: 52224K->256K(58880K)] 528073K->476105K(779776K), 0.0112992 secs] [Times: user=0.06 sys=0.00, real=0.01 secs]
2325.749: [GC [PSYoungGen: 52224K->256K(58880K)] 528073K->476105K(779776K), 0.0112992 secs] [Times: user=0.06 sys=0.00, real=0.01 secs]
2325.749: [GC [PSYoungGen: 52224K->256K(58880K)] 528073K->476105K(779776K), 0.0112992 secs] [Times: user=0.06 sys=0.00, real=0.01 secs]
2325.749: [GC [PSYoungGen: 52224K->256K(58880K)] 528073K->476105K(779776K), 0.0112992 secs] [Times: user=0.06 sys=0.00, real=0.01 secs]
2325.749: [GC [PSYoungGen: 52224K->256K(58880K)] 528073K->476105K(779776K), 0.0112992 secs] [Times: user=0.06 sys=0.00, real=0.01 secs]
2325.749: [GC [PSYoungGen: 52224K->256K(58880K)] 528073K->476105K(779776K), 0.0112992 secs] [Times: user=0.06 sys=0.00, real=0.01 secs]
2325.749: [GC [PSYoungGen: 52224K->256K(58880K)] 528073K->476105K(779776K), 0.0112992 secs] [Times: user=0.06 sys=0.00, real=0.01 secs]
2325.749: [GC [PSYoungGen: 52224K->256K(58880K)] 528073K->476105K(779776K), 0.0112992 secs] [Times: user=0.06 sys=0.00, real=0.01 secs]
2325.749: [GC [PSYoungGen: 52224K->256K(58880K)] 528073K->476105K(779776K), 0.0112992 secs] [Times: user=0.06 sys=0.00, real=0.01 secs]
2325.749: [GC [PSYoungGen: 52224K->256K(58880K)] 528073K->476105K(779776K), 0.0112992 secs] [Times: user=0.06 sys=0.00, real=0.01 secs]
2325.749: [GC [PSYoungGen: 52224K->256K(58880K)] 528073K->476105K(779776K), 0.0112992 secs] [Times: user=0.06 sys=0.00, real=0.01 secs]
2325.749: [GC [PSYoungGen: 52224K->256K(58880K)] 528073K->476105K(779776K), 0.0112992 secs] [Times: user=0.06 sys=0.00, real=0.01 secs]
2325.749: [GC [PSYoungGen: 52224K->256K(58880K)] 528073K->476105K(779776K), 0.0112992 secs] [Times: user=0.06 sys=0.00, real=0.01 secs]
2325.749: [GC [PSYoungGen: 52224K->256K(58880K)] 528073K->476105K(779776K), 0.0112992 secs] [Times: user=0.06 sys=0.00, real=0.01 secs]
2325.749: [GC [PSYoungGen: 52224K->256K(58880K)] 528073K->476105K(779776K), 0.0112992 secs] [Times: user=0.06 sys=0.00, real=0.01 secs]
2325.749: [GC [PSYoungGen: 52224K->256K(58880K)] 528073K->476105K(779776K), 0.0112992 secs] [Times: user=0.06 sys=0.00, real=0.01 secs]
2325.749: [GC [PSYoungGen: 52224K->256K(58880K)] 528073K->476105K(779776K), 0.0112992 secs] [Times: user=0.06 sys=0.00, real=0.01 secs]
2325.749: [GC [PSYoungGen: 52224K->256K(58880K)] 528073K->476105K(779776K), 0.0112992 secs] [Times: user=0.06 sys=0.00, real=0.01 secs]
2325.749: [GC [PSYoungGen: 52224K->256K(58880K)] 528073K->476105K(779776K), 0.0112992 secs] [Times: user=0.06 sys=0.00, real=0.01 secs]
2325.749: [GC [PSYoungGen: 52224K->256K(58880K)] 528073K->476105K(779776K), 0.0112992 secs] [Times: user=0.06 sys=0.00, real=0.01 secs]
2325.749: [GC [PSYoungGen: 52224K->256K(58880K)] 528073K->476105K(779776K), 0.0112992 secs] [Times: user=0.06 sys=0.00, real=0.01 secs]
2325.749: [GC [PSYoungGen: 52224K->256K(58880K)] 528073K->476105K(779776K), 0.0112992 secs] [Times: user=0.06 sys=0.00, real=0.01 secs]
2325.749: [GC [PSYoungGen: 52224K->256K(58880K)] 528073K->476105K(779776K), 0.0112992 secs] [Times: user=0.06 sys=0.00, real=0.01 secs]
2325.749: [GC [PSYoungGen: 52224K->256K(58880K)] 528073K->476105K(779776K), 0.0112992 secs] [Times: user=0.06 sys=0.00, real=0.01 secs]
2325.749: [GC [PSYoungGen: 52224K->256K(58880K)] 528073K->476105K(779776K), 0.0112992 secs] [Times: user=0.06 sys=0.00, real=0.01 secs]
2325.749: [GC [PSYoungGen: 52224K->256K(58880K)] 528073K->476105K(779776K), 0.0112992 secs] [Times: user=0.06 sys=0.00, real=0.01 secs]
2325.749: [GC [PSYoungGen: 52224K->256K(58880K)] 528073K->476105K(779776K), 0.0112992 secs] [Times: user=0.06 sys=0.00, real=0.01 secs]
2325.749: [GC [PSYoungGen: 52224K->256K(58880K)] 528073K->476105K(779776K), 0.0112992 secs] [Times: user=0.06 sys=0.00, real=0.01 secs]
2325.749: [GC [PSYoungGen: 52224K->256K(58880K)] 528073K->476105K(779776K), 0.0112992 secs] [Times: user=0.06 sys=0.00, real=0.01 secs]
2325.749: [GC [PSYoungGen: 52224K->256K(58880K)] 528073K->476105K(779776K), 0.0112992 secs] [Times: user=0.06 sys=0.00, real=0.01 secs]
2325.749: [GC [PSYoungGen: 52224K->256K(58880K)] 528073K->476105K(779776K), 0.0112992 secs] [Times: user=0.06 sys=0.00, real=0.01 secs]
2325.749: [GC [PSYoungGen: 52224K->256K(58880K)] 528073K->476105K(779776K), 0.0112992 secs] [Times: user=0.06 sys=0.00, real=0.01 secs]
2325.749: [GC [PSYoungGen: 52224K->256K(58880K)] 528073K->476105K(779776K), 0.0112992 secs] [Times: user=0.06 sys=0.00, real=0.01 secs]
2325.749: [GC [PSYoungGen: 52224K->256K(58880K)] 528073K->476105K(779776K), 0.0112992 secs] [Times: user=0.06 sys=0.00, real=0.01 secs]
2325.749: [GC [PSYoungGen: 52224K->256K(58880K)] 528073K->476105K(779776K), 0.0112992 secs] [Times: user=0.06 sys=0.00, real=0.01 secs]
2325.749: [GC [PSYoungGen: 52224K->256K(58880K)] 528073K->476105K(779776K), 0.0112992 secs] [Times: user=0.06 sys=0.00, real=0.01 secs]
2325.749: [GC [PSYoungGen: 52224K->256K(58880K)] 528073K->476105K(779776K), 0.0112992 secs] [Times: user=0.06 sys=0.00, real=0.01 secs]
2325.749: [GC [PSYoungGen: 52224K->256K(58880K)] 528073K->476105K(779776K), 0.0112992 secs] [Times: user=0.06 sys=0.00, real=0.01 secs]
2325.749: [GC [PSYoungGen: 52224K->256K(58880K)] 528073K->476105K(779776K), 0.0112992 secs] [Times: user=0.06 sys=0.00, real=0.01 secs]
2325.749: [GC [PSYoungGen: 52224K->256K(58880K)] 528073K->476105K(779776K), 0.0112992 secs] [Times: user=0.06 sys=0.00, real=0.01 secs]
2325.749: [GC [PSYoungGen: 52224K->256K(58880K)] 528073K->476105K(779776K), 0.0112992 secs] [Times: user=0.06 sys=0.00, real=0.01 secs]
2325.749: [GC [PSYoungGen: 52224K->256K(58880K)] 528073K->476105K(779776K), 0.0112992 secs] [Times: user=0.06 sys=0.00, real=0.01 secs]
2325.749: [GC [PSYoungGen: 52224K->256K(58880K)] 528073K->476105K(779776K), 0.0112992 secs] [Times: user=0.06 sys=0.00, real=0.01 secs]
2325.749: [GC [PSYoungGen: 52224K->256K(58880K)] 528073K->476105K(779776K), 0.0112992 secs] [Times: user=0.06 sys=0.00, real=0.01 secs]
2325.749: [GC [PSYoungGen: 52224K->256K(58880K)] 528073K->476105K(779776K), 0.0112992 secs] [Times: user=0.06 sys=0.00, real=0.01 secs]
2325.749: [GC [PSYoungGen: 52224K->256K(58880K)] 528073K->476105K(779776K), 0.0112992 secs] [Times: user=0.06 sys=0.00, real=0.01 secs]
2325.749: [GC [PSYoungGen: 52224K->256K(58880K)] 528073K->476105K(779776K), 0.0112992 secs] [Times: user=0.06 sys=0.00, real=0.01 secs]
2325.749: [GC [PSYoungGen: 52224K->256K(58880K)] 528073K->476105K(779776K), 0.0112992 secs] [Times: user=0.06 sys=0.00, real=0.01 secs]
2325.749: [GC [PSYoungGen: 52224K->256K(58880K)] 528073K->476105K(779776K), 0.0112992 secs] [Times: user=0.06 sys=0.00, real=0.01 secs]
2325.749: [GC [PSYoungGen: 52224K->256K(58880K)] 528073K->476105K(779776K), 0.0112992 secs] [Times: user=0.06 sys=0.00, real=0.01 secs]
2325.749: [GC [PSYoungGen: 52224K->256K(58880K)] 528073K->476105K(779776K), 0.0112992 secs] [Times: user=0.06 sys=0.00, real=0.01 secs]
2325.749: [GC [PSYoungGen: 52224K->256K(58880K)] 528073K->476105K(779776K), 0.0112992 secs] [Times: user=0.06 sys=0.00, real=0.01 secs]
2325.749: [GC [PSYoungGen: 52224K->256K(58880K)] 528073K->476105K(779776K), 0.0112992 secs] [Times: user=0.06 sys=0.00, real=0.01 secs]
2325.749: [GC [PSYoungGen: 52224K->256K(58880K)] 528073K->476105K(779776K), 0.0112992 secs] [Times: user=0.06 sys=0.00, real=0.01 secs]
2325.749: [GC [PSYoungGen: 52224K->256K(58880K)] 528073K->476105K(779776K), 0.0112992 secs] [Times: user=0.06 sys=0.00, real=0.01 secs]
2325.749: [GC [PSYoungGen: 52224K->256K(58880K)] 528073K->476105K(779776K), 0.0112992 secs] [Times: user=0.06 sys=0.00, real=0.01 secs]
2325.749: [GC [PSYoungGen: 52224K->256K(58880K)] 528073K->476105K(779776K), 0.0112992 secs] [Times: user=0.06 sys=0.00, real=0.01 secs]
2325.749: [GC [PSYoungGen: 52224K->256K(58880K)] 528073K->476105K(779776K), 0.0112992 secs] [Times: user=0.06 sys=0.00, real=0.01 secs]
2325.749: [GC [PSYoungGen: 52224K->256K(58880K)] 528073K->476105K(779776K), 0.0112992 secs] [Times: user=0.06 sys=0.00, real=0.01 secs]
2325.749: [GC [PSYoungGen: 52224K->256K(58880K)] 528073K->476105K(779776K), 0.0112992 secs] [Times: user=0.06 sys=0.00, real=0.01 secs]
2325.749: [GC [PSYoungGen: 52224K->256K(58880K)] 528073K->476105K(779776K), 0.0112992 secs] [Times: user=0.06 sys=0.00, real=0.01 secs]
2325.749: [GC [PSYoungGen: 52224K->256K(58880K)] 528073K->476105K(779776K), 0.0112992 secs] [Times: user=0.06 sys=0.00, real=0.01 secs]
2325.749: [GC [PSYoungGen: 52224K->256K(58880K)] 528073K->476105K(779776K), 0.0112992 secs] [Times: user=0.06 sys=0.00, real=0.01 secs]
2325.749: [GC [PSYoungGen: 52224K->256K(58880K)] 528073K->476105K(779776K), 0.0112992 secs] [Times: user=0.06 sys=0.00, real=0.01 secs]
2325.749: [GC [PSYoungGen: 52224K->256K(58880K)] 528073K->476105K(779776K), 0.0112992 secs] [Times: user=0.06 sys=0.00, real=0.01 secs]
2325.749: [GC [PSYoungGen: 52224K->256K(58880K)] 528073K->476105K(779776K), 0.0112992 secs] [Times: user=0.06 sys=0.00, real=0.01 secs]
2325.749: [GC [PSYoungGen: 52224K->256K(58880K)] 528073K->476105K(779776K), 0.0112992 secs] [Times: user=0.06 sys=0.00, real=0.01 secs]
2325.749: [GC [PSYoungGen: 52224K->256K(58880K)] 528073K->476105K(779776K), 0.0112992 secs] [Times: user=0.06 sys=0.00, real=0.01 secs]
2325.749: [GC [PSYoungGen: 52224K->256K(58880K)] 528073K->476105K(779776K), 0.0112992 secs] [Times: user=0.06 sys=0.00, real=0.01 secs]
2325.749: [GC [PSYoungGen: 52224K->256K(58880K)] 528073K->476105K(779776K), 0.0112992 secs] [Times: user=0.06 sys=0.00, real=0.01 secs]
2325.749: [GC [PSYoungGen: 52224K->256K(58880K)] 528073K->476105K(779776K), 0.0112992 secs] [Times: user=0.06 sys=0.00, real=0.01 secs]
2325.749: [GC [PSYoungGen: 52224K->256K(58880K)] 528073K->476105K(779776K), 0.0112992 secs] [Times: user=0.06 sys=0.00, real=0.01 secs]
2325.749: [GC [PSYoungGen: 52224K->256K(58880K)] 528073K->476105K(779776K), 0.0112992 secs] [Times: user=0.06 sys=0.00, real=0.01 secs]
2325.749: [GC [PSYoungGen: 52224K->256K(58880K)] 528073K->476105K(779776K), 0.0112992 secs] [Times: user=0.06 sys=0.00, real=0.01 secs]
2325.749: [GC [PSYoungGen: 52224K->256K(58880K)] 528073K->476105K(779776K), 0.0112992 secs] [Times: user=0.06 sys=0.00, real=0.01 secs]
2325.749: [GC [PSYoungGen: 52224K->256K(58880K)] 528073K->476105K(779776K), 0.0112992 secs] [Times: user=0.06 sys=0.00, real=0.01 secs]
2325.749: [GC [PSYoungGen: 52224K->256K(58880K)] 528073K->476105K(779776K), 0.0112992 secs] [Times: user=0.06 sys=0.00, real=0.01 secs]
2325.749: [GC [PSYoungGen: 52224K->256K(58880K)] 528073K->476105K(779776K), 0.0112992 secs] [Times: user=0.06 sys=0.00, real=0.01 secs]
2325.749: [GC [PSYoungGen: 52224K->256K(58880K)] 528073K->476105K(779776K), 0.0112992 secs] [Times: user=0.06 sys=0.00, real=0.01 secs]
2325.749: [GC [PSYoungGen: 52224K->256K(58880K)] 528073K->476105K(779776K), 0.0112992 secs] [Times: user=0.06 sys=0.00, real=0.01 secs]
2325.749: [GC [PSYoungGen: 52224K->256K(58880K)] 528073K->476105K(779776K), 0.0112992 secs] [Times: user=0.06 sys=0.00, real=0.01 secs]
2325.749: [GC [PSYoungGen: 52224K->256K(58880K)] 528073K->476105K(779776K), 0.0112992 secs] [Times: user=0.06 sys=0.00, real=0.01 secs]
2325.749: [GC [PSYoungGen: 52224K->256K(58880K)] 528073K->476105K(779776K), 0.0112992 secs] [Times: user=0.06 sys=0.00, real=0.01 secs]
2325.749: [GC [PSYoungGen: 52224K->256K(58880K)] 528073K->476105K(779776K), 0.0112992 secs] [Times: user=0.06 sys=0.00, real=0.01 secs]
2325.749: [GC [PSYoungGen: 52224K->256K(58880K)] 528073K->476105K(779776K), 0.0112992 secs] [Times: user=0.06 sys=0.00, real=0.01 secs]
2325.749: [GC [PSYoungGen: 52224K->256K(58880K)] 528073K->476105K(779776K), 0.0112992 secs] [Times: user=0.06 sys=0.00, real=0.01 secs]
2325.749: [GC [PSYoungGen: 52224K->256K(58880K)] 528073K->476105K(779776K), 0.0112992 secs] [Times: user=0.06 sys=0.00, real=0.01 secs]
2325.749: [GC [PSYoungGen: 52224K->256K(58880K)] 528073K->476105K(779776K), 0.0112992 secs] [Times: user=0.06 sys=0.00, real=0.01 secs]
2325.749: [GC [PSYoungGen: 52224K->256K(58880K)] 528073K->476105K(779776K), 0.0112992 secs] [Times: user=0.06 sys=0.00, real=0.01 secs]
2325.749: [GC [PSYoungGen: 52224K->256K(58880K)] 528073K->476105K(779776K), 0.0112992 secs] [Times: user=0.06 sys=0.00, real=0.01 secs]
2325.749: [GC [PSYoungGen: 52224K->256K(58880K)] 528073K->476105K(779776K), 0.0112992 secs] [Times: user=0.06 sys=0.00, real=0.01 secs]
2325.749: [GC [PSYoungGen: 52224K->256K(58880K)] 528073K->476105K(779776K), 0.0112992 secs] [Times: user=0.06 sys=0.00, real=0.01 secs]
2325.749: [GC [PSYoungGen: 52224K->256K(58880K)] 528073K->476105K(779776K), 0.0112992 secs] [Times: user=0.06 sys=0.00, real=0.01 secs]
2325.749: [GC [PSYoungGen: 52224K->256K(58880K)] 528073K->476105K(779776K), 0.0112992 secs] [Times: user=0.06 sys=0.00, real=0.01 secs]
2325.749: [GC [PSYoungGen: 52224K->256K(58880K)] 528073K->476105K(779776K), 0.0112992 secs] [Times: user=0.06 sys=0.00, real=0.01 secs]
2325.749: [GC [PSYoungGen: 52224K->256K(58880K)] 528073K->476105K(779776K), 0.0112992 secs] [Times: user=0.06 sys=0.00, real=0.01 secs]
2325.749: [GC [PSYoungGen: 52224K->256K(58880K)] 528073K->476105K(779776K), 0.0112992 secs] [Times: user=0.06 sys=0.00, real=0.01 secs]
2325.749: [GC [PSYoungGen: 52224K->256K(58880K)] 528073K->476105K(779776K), 0.0112992 secs] [Times: user=0.06 sys=0.00, real=0.01 secs]
2325.749: [GC [PSYoungGen: 52224K->256K(58880K)] 528073K->476105K(779776K), 0.0112992 secs] [Times: user=0.06 sys=0.00, real=0.01 secs]
2325.749: [GC [PSYoungGen: 52224K->256K(58880K)] 528073K->476105K(779776K), 0.0112992 secs] [Times: user=0.06 sys=0.00, real=0.01 secs]
2325.749: [GC [PSYoungGen: 52224K->256K(58880K)] 528073K->476105K(779776K), 0.0112992 secs] [Times: user=0.06 sys=0.00, real=0.01 secs]
2325.749: [GC [PSYoungGen: 52224K->256K(58880K)] 528073K->476105K(779776K), 0.0112992 secs] [Times: user=0.06 sys=0.00, real=0.01 secs]
2325.749: [GC [PSYoungGen: 52224K->256K(58880K)] 528073K->476105K(779776K), 0.0112992 secs] [Times: user=0.06 sys=0.00, real=0.01 secs]
2325.749: [GC [PSYoungGen: 52224K->256K(58880K)] 528073K->476105K(779776K), 0.0112992 secs] [Times: user=0.06 sys=0.00, real=0.01 secs]
2325.749: [GC [PSYoungGen: 52224K->256K(58880K)] 528073K->476105K(779776K), 0.0112992 secs] [Times: user=0.06 sys=0.00, real=0.01 secs]
2325.749: [GC [PSYoungGen: 52224K->256K(58880K)] 528073K->476105K(779776K), 0.0112992 secs] [Times: user=0.06 sys=0.00, real=0.01 secs]
2325.749: [GC [PSYoungGen: 52224K->256K(58880K)] 528073K->476105K(779776K), 0.0112992 secs] [Times: user=0.06 sys=0.00, real=0.01 secs]
2325.749: [GC [PSYoungGen: 52224K->256K(58880K)] 528073K->476105K(779776K), 0.0112992 secs] [Times: user=0.06 sys=0.00, real=0.01 secs]
2325.749: [GC [PSYoungGen: 52224K->256K(58880K)] 528073K->476105K(779776K), 0.0112992 secs] [Times: user=0.06 sys=0.00, real=0.01 secs]
2325.749: [GC [PSYoungGen: 52224K->256K(58880K)] 528073K->476105K(779776K), 0.0112992 secs] [Times: user=0.06 sys=0.00, real=0.01 secs]
2325.749: [GC [PSYoungGen: 52224K->256K(58880K)] 528073K->476105K(779776K), 0.0112992 secs] [Times: user=0.06 sys=0.00, real=0.01 secs]
2325.749: [GC [PSYoungGen: 52224K->256K(58880K)] 528073K->476105K(779776K), 0.0112992 secs] [Times: user=0.06 sys=0.00, real=0.01 secs]
2325.749: [GC [PSYoungGen: 52224K->256K(58880K)] 528073K->476105K(779776K), 0.0112992 secs] [Times: user=0.06 sys=0.00, real=0.01 secs]
2325.749: [GC [PSYoungGen: 52224K->256K(58880K)] 528073K->476105K(779776K), 0.0112992 secs] [Times: user=0.06 sys=0.00, real=0.01 secs]
2325.749: [GC [PSYoungGen: 52224K->256K(58880K)] 528073K->476105K(779776K), 0.0112992 secs] [Times: user=0.06 sys=0.00, real=0.01 secs]
2325.749: [GC [PSYoungGen: 52224K->256K(58880K)] 528073K->476105K(779776K), 0.0112992 secs] [Times: user=0.06 sys=0.00, real=0.01 secs]
2325.749: [GC [PSYoungGen: 52224K->256K(58880K)] 528073K->476105K(779776K), 0.0112992 secs] [Times: user=0.06 sys=0.00, real=0.01 secs]
2325.749: [GC [PSYoungGen: 52224K->256K(58880K)] 528073K->476105K(779776K), 0.0112992 secs] [Times: user=0.06 sys=0.00, real=0.01 secs]
2325.749: [GC [PSYoungGen: 52224K->256K(58880K)] 528073K->476105K(779776K), 0.0112992 secs] [Times: user=0.06 sys=0.00, real=0.01 secs]
2325.749: [GC [PSYoungGen: 52224K->256K(58880K)] 528073K->476105K(779776K), 0.0112992 secs] [Times: user=0.06 sys=0.00, real=0.01 secs]
2325.749: [GC [PSYoungGen: 52224K->256K(58880K)] 528073K->476105K(779776K), 0.0112992 secs] [Times: user=0.06 sys=0.00, real=0.01 secs]
2325.749: [GC [PSYoungGen: 52224K->256K(58880K)] 528073K->476105K(779776K), 0.0112992 secs] [Times: user=0.06 sys=0.00, real=0.01 secs]
2325.749: [GC [PSYoungGen: 52224K->256K(58880K)] 528073K->476105K(779776K), 0.0112992 secs] [Times: user=0.06 sys=0.00, real=0.01 secs]
2325.749: [GC [PSYoungGen: 52224K->256K(58880K)] 528073K->476105K(779776K), 0.0112992 secs] [Times: user=0.06 sys=0.00, real=0.01 secs]
2325.749: [GC [PSYoungGen: 52224K->256K(58880K)] 528073K->476105K(779776K), 0.0112992 secs] [Times: user=0.06 sys=0.00, real=0.01 secs]
2325.749: [GC [PSYoungGen: 52224K->256K(58880K)] 528073K->476105K(779776K), 0.0112992 secs] [Times: user=0.06 sys=0.00, real=0.01 secs]
2325.749: [GC [PSYoungGen: 52224K->256K(58880K)] 528073K->476105K(779776K), 0.0112992 secs] [Times: user=0.06 sys=0.00, real=0.01 secs]
2325.749: [GC [PSYoungGen: 52224K->256K(58880K)] 528073K->476105K(779776K), 0.0112992 secs] [Times: user=0.06 sys=0.00, real=0.01 secs]
2325.749: [GC [PSYoungGen: 52224K->256K(58880K)] 528073K->476105K(779776K), 0.0112992 secs] [Times: user=0.06 sys=0.00, real=0.01 secs]
2325.749: [GC [PSYoungGen: 52224K->256K(58880K)] 528073K->476105K(779776K), 0.0112992 secs] [Times: user=0.06 sys=0.00, real=0.01 secs]
2325.749: [GC [PSYoungGen: 52224K->256K(58880K)] 528073K->476105K(779776K), 0.0112992 secs] [Times: user=0.06 sys=0.00, real=0.01 secs]
2325.749: [GC [PSYoungGen: 52224K->256K(58880K)] 528073K->476105K(779776K), 0.0112992 secs] [Times: user=0.06 sys=0.00, real=0.01 secs]
2325.749: [GC [PSYoungGen: 52224K->256K(58880K)] 528073K->476105K(779776K), 0.0112992 secs] [Times: user=0.06 sys=0.00, real=0.01 secs]
2325.749: [GC [PSYoungGen: 52224K->256K(58880K)] 528073K->476105K(779776K), 0.0112992 secs] [Times: user=0.06 sys=0.00, real=0.01 secs]
2325.749: [GC [PSYoungGen: 52224K->256K(58880K)] 528073K->476105K(779776K), 0.0112992 secs] [Times: user=0.06 sys=0.00, real=0.01 secs]
2325.749: [GC [PSYoungGen: 52224K->256K(58880K)] 528073K->476105K(779776K), 0.0112992 secs] [Times: user=0.06 sys=0.00, real=0.01 secs]
2325.749: [GC [PSYoungGen: 52224K->256K(58880K)] 528073K->476105K(779776K), 0.0112992 secs] [Times: user=0.06 sys=0.00, real=0.01 secs]
2325.749: [GC [PSYoungGen: 52224K->256K(58880K)] 528073K->476105K(779776K), 0.0112992 secs] [Times: user=0.06 sys=0.00, real=0.01 secs]
2325.749: [GC [PSYoungGen: 52224K->256K(58880K)] 528073K->476105K(779776K), 0.0112992 secs] [Times: user=0.06 sys=0.00, real=0.01 secs]
2325.749: [GC [PSYoungGen: 52224K->256K(58880K)] 528073K->476105K(779776K), 0.0112992 secs] [Times: user=0.06 sys=0.00, real=0.01 secs]
2325.749: [GC [PSYoungGen: 52224K->256K(58880K)] 528073K->476105K(779776K), 0.0112992 secs] [Times: user=0.06 sys=0.00, real=0.01 secs]
2325.749: [GC [PSYoungGen: 52224K->256K(58880K)] 528073K->476105K(779776K), 0.0112992 secs] [Times: user=0.06 sys=0.00, real=0.01 secs]
2325.749: [GC [PSYoungGen: 52224K->256K(58880K)] 528073K->476105K(779776K), 0.0112992 secs] [Times: user=0.06 sys=0.00, real=0.01 secs]
2325.749: [GC [PSYoungGen: 52224K->256K(58880K)] 528073K->476105K(779776K), 0.0112992 secs] [Times: user=0.06 sys=0.00, real=0.01 secs]
2325.749: [GC [PSYoungGen: 52224K->256K(58880K)] 528073K->476105K(779776K), 0.0112992 secs] [Times: user=0.06 sys=0.00, real=0.01 secs]
2325.749: [GC [PSYoungGen: 52224K->256K(58880K)] 528073K->476105K(779776K), 0.0112992 secs] [Times: user=0.06 sys=0.00, real=0.01 secs]
2325.749: [GC [PSYoungGen: 52224K->256K(58880K)] 528073K->476105K(779776K), 0.0112992 secs] [Times: user=0.06 sys=0.00, real=0.01 secs]
2325.749: [GC [PSYoungGen: 52224K->256K(58880K)] 528073K->476105K(779776K), 0.0112992 secs] [Times: user=0.06 sys=0.00, real=0.01 secs]
2325.749: [GC [PSYoungGen: 52224K->256K(58880K)] 528073K->476105K(779776K), 0.0112992 secs] [Times: user=0.06 sys=0.00, real=0.01 secs]
2325.749: [GC [PSYoungGen: 52224K->256K(58880K)] 528073K->476105K(779776K), 0.0112992 secs] [Times: user=0.06 sys=0.00, real=0.01 secs]
2325.749: [GC [PSYoungGen: 52224K->256K(58880K)] 528073K->476105K(779776K), 0.0112992 secs] [Times: user=0.06 sys=0.00, real=0.01 secs]
2325.749: [GC [PSYoungGen: 52224K->256K(58880K)] 528073K->476105K(779776K), 0.0112992 secs] [Times: user=0.06 sys=0.00, real=0.01 secs]
2325.749: [GC [PSYoungGen: 52224K->256K(58880K)] 528073K->476105K(779776K), 0.0112992 secs] [Times: user=0.06 sys=0.00, real=0.01 secs]
2325.749: [GC [PSYoungGen: 52224K->256K(58880K)] 528073K->476105K(779776K), 0.0112992 secs] [Times: user=0.06 sys=0.00, real=0.01 secs]
2325.749: [GC [PSYoungGen: 52224K->256K(58880K)] 528073K->476105K(779776K), 0.0112992 secs] [Times: user=0.06 sys=0.00, real=0.01 secs]
2325.749: [GC [PSYoungGen: 52224K->256K(58880K)] 528073K->476105K(779776K), 0.0112992 secs] [Times: user=0.06 sys=0.00, real=0.01 secs]
2325.749: [GC [PSYoungGen: 52224K->256K(58880K)] 528073K->476105K(779776K), 0.0112992 secs] [Times: user=0.06 sys=0.00, real=0.01 secs]
2325.749: [GC [PSYoungGen: 52224K->256K(58880K)] 528073K->476105K(779776K), 0.0112992 secs] [Times: user=0.06 sys=0.00, real=0.01 secs]
2325.749: [GC [PSYoungGen: 52224K->256K(58880K)] 528073K->476105K(779776K), 0.0112992 secs] [Times: user=0.06 sys=0.00, real=0.01 secs]
2325.749: [GC [PSYoungGen: 52224K->256K(58880K)] 528073K->476105K(779776K), 0.0112992 secs] [Times: user=0.06 sys=0.00, real=0.01 secs]
2325.749: [GC [PSYoungGen: 52224K->256K(58880K)] 528073K->476105K(779776K), 0.0112992 secs] [Times: user=0.06 sys=0.00, real=0.01 secs]
2325.749: [GC [PSYoungGen: 52224K->256K(58880K)] 528073K->476105K(779776K), 0.0112992 secs] [Times: user=0.06 sys=0.00, real=0.01 secs]
2325.749: [GC [PSYoungGen: 52224K->256K(58880K)] 528073K->476105K(779776K), 0.0112992 secs] [Times: user=0.06 sys=0.00, real=0.01 secs]
2325.749: [GC [PSYoungGen: 52224K->256K(58880K)] 528073K->476105K(779776K), 0.0112992 secs] [Times: user=0.06 sys=0.00, real=0.01 secs]
2325.749: [GC [PSYoungGen: 52224K->256K(58880K)] 528073K->476105K(779776K), 0.0112992 secs] [Times: user=0.06 sys=0.00, real=0.01 secs]
2325.749: [GC [PSYoungGen: 52224K->256K(58880K)] 528073K->476105K(779776K), 0.0112992 secs] [Times: user=0.06 sys=0.00, real=0.01 secs]
2325.749: [GC [PSYoungGen: 52224K->256K(58880K)] 528073K->476105K(779776K), 0.0112992 secs] [Times: user=0.06 sys=0.00, real=0.01 secs]
2325.749: [GC [PSYoungGen: 52224K->256K(58880K)] 528073K->476105K(779776K), 0.0112992 secs] [Times: user=0.06 sys=0.00, real=0.01 secs]
2325.749: [GC [PSYoungGen: 52224K->256K(58880K)] 528073K->476105K(779776K), 0.0112992 secs] [Times: user=0.06 sys=0.00, real=0.01 secs]
2325.749: [GC [PSYoungGen: 52224K->256K(58880K)] 528073K->476105K(779776K), 0.0112992 secs] [Times: user=0.06 sys=0.00, real=0.01 secs]
2325.749: [GC [PSYoungGen: 52224K->256K(58880K)] 528073K->476105K(779776K), 0.0112992 secs] [Times: user=0.06 sys=0.00, real=0.01 secs]
2325.749: [GC [PSYoungGen: 52224K->256K(58880K)] 528073K->476105K(779776K), 0.0112992 secs] [Times: user=0.06 sys=0.00, real=0.01 secs]
2325.749: [GC [PSYoungGen: 52224K->256K(58880K)] 528073K->476105K(779776K), 0.0112992 secs] [Times: user=0.06 sys=0.00, real=0.01 secs]
2325.749: [GC [PSYoungGen: 52224K->256K(58880K)] 528073K->476105K(779776K), 0.0112992 secs] [Times: user=0.06 sys=0.00, real=0.01 secs]
2325.749: [GC [PSYoungGen: 52224K->256K(58880K)] 528073K->476105K(779776K), 0.0112992 secs] [Times: user=0.06 sys=0.00, real=0.01 secs]
2325.749: [GC [PSYoungGen: 52224K->256K(58880K)] 528073K->476105K(779776K), 0.0112992 secs] [Times: user=0.06 sys=0.00, real=0.01 secs]
2325.749: [GC [PSYoungGen: 52224K->256K(58880K)] 528073K->476105K(779776K), 0.0112992 secs] [Times: user=0.06 sys=0.00, real=0.01 secs]
2325.749: [GC [PSYoungGen: 52224K->256K(58880K)] 528073K->476105K(779776K), 0.0112992 secs] [Times: user=0.06 sys=0.00, real=0.01 secs]
2325.749: [GC [PSYoungGen: 52224K->256K(58880K)] 528073K->476105K(779776K), 0.0112992 secs] [Times: user=0.06 sys=0.00, real=0.01 secs]
2325.749: [GC [PSYoungGen: 52224K->256K(58880K)] 528073K->476105K(779776K), 0.0112992 secs] [Times: user=0.06 sys=0.00, real=0.01 secs]
2325.749: [GC [PSYoungGen: 52224K->256K(58880K)] 528073K->476105K(779776K), 0.0112992 secs] [Times: user=0.06 sys=0.00, real=0.01 secs]
2325.749: [GC [PSYoungGen: 52224K->256K(58880K)] 528073K->476105K(779776K), 0.0112992 secs] [Times: user=0.06 sys=0.00, real=0.01 secs]
2325.749: [GC [PSYoungGen: 52224K->256K(58880K)] 528073K->476105K(779776K), 0.0112992 secs] [Times: user=0.06 sys=0.00, real=0.01 secs]
2325.749: [GC [PSYoungGen: 52224K->256K(58880K)] 528073K->476105K(779776K), 0.0112992 secs] [Times: user=0.06 sys=0.00, real=0.01 secs]
2325.749: [GC [PSYoungGen: 52224K->256K(58880K)] 528073K->476105K(779776K), 0.0112992 secs] [Times: user=0.06 sys=0.00, real=0.01 secs]
2325.749: [GC [PSYoungGen: 52224K->256K(58880K)] 528073K->476105K(779776K), 0.0112992 secs] [Times: user=0.06 sys=0.00, real=0.01 secs]
2325.749: [GC [PSYoungGen: 52224K->256K(58880K)] 528073K->476105K(779776K), 0.0112992 secs] [Times: user=0.06 sys=0.00, real=0.01 secs]
2325.749: [GC [PSYoungGen: 52224K->256K(58880K)] 528073K->476105K(779776K), 0.0112992 secs] [Times: user=0.06 sys=0.00, real=0.01 secs]
2325.749: [GC [PSYoungGen: 52224K->256K(58880K)] 528073K->476105K(779776K), 0.0112992 secs] [Times: user=0.06 sys=0.00, real=0.01 secs]
2325.749: [GC [PSYoungGen: 52224K->256K(58880K)] 528073K->476105K(779776K), 0.0112992 secs] [Times: user=0.06 sys=0.00, real=0.01 secs]
2325.749: [GC [PSYoungGen: 52224K->256K(58880K)] 528073K->476105K(779776K), 0.0112992 secs] [Times: user=0.06 sys=0.00, real=0.01 secs]
2325.749: [GC [PSYoungGen: 52224K->256K(58880K)] 528073K->476105K(779776K), 0.0112992 secs] [Times: user=0.06 sys=0.00, real=0.01 secs]
2325.749: [GC [PSYoungGen: 52224K->256K(58880K)] 528073K->476105K(779776K), 0.0112992 secs] [Times: user=0.06 sys=0.00, real=0.01 secs]
2325.749: [GC [PSYoungGen: 52224K->256K(58880K)] 528073K->476105K(779776K), 0.0112992 secs] [Times: user=0.06 sys=0.00, real=0.01 secs]
2325.749: [GC [PSYoungGen: 52224K->256K(58880K)] 528073K->476105K(779776K), 0.0112992 secs] [Times: user=0.06 sys=0.00, real=0.01 secs]
2325.749: [GC [PSYoungGen: 52224K->256K(58880K)] 528073K->476105K(779776K), 0.0112992 secs] [Times: user=0.06 sys=0.00, real=0.01 secs]
2325.749: [GC [PSYoungGen: 52224K->256K(58880K)] 528073K->476105K(779776K), 0.0112992 secs] [Times: user=0.06 sys=0.00, real=0.01 secs]
2325.749: [GC [PSYoungGen: 52224K->256K(58880K)] 528073K->476105K(779776K), 0.0112992 secs] [Times: user=0.06 sys=0.00, real=0.01 secs]
2325.749: [GC [PSYoungGen: 52224K->256K(58880K)] 528073K->476105K(779776K), 0.0112992 secs] [Times: user=0.06 sys=0.00, real=0.01 secs]
2325.749: [GC [PSYoungGen: 52224K->256K(58880K)] 528073K->476105K(779776K), 0.0112992 secs] [Times: user=0.06 sys=0.00, real=0.01 secs]
2325.749: [GC [PSYoungGen: 52224K->256K(58880K)] 528073K->476105K(779776K), 0.0112992 secs] [Times: user=0.06 sys=0.00, real=0.01 secs]
2325.749: [GC [PSYoungGen: 52224K->256K(58880K)] 528073K->476105K(779776K), 0.0112992 secs] [Times: user=0.06 sys=0.00, real=0.01 secs]
2325.749: [GC [PSYoungGen: 52224K->256K(58880K)] 528073K->476105K(779776K), 0.0112992 secs] [Times: user=0.06 sys=0.00, real=0.01 secs]
2325.749: [GC [PSYoungGen: 52224K->256K(58880K)] 528073K->476105K(779776K), 0.0112992 secs] [Times: user=0.06 sys=0.00, real=0.01 secs]
2325.749: [GC [PSYoungGen: 52224K->256K(58880K)] 528073K->476105K(779776K), 0.0112992 secs] [Times: user=0.06 sys=0.00, real=0.01 secs]
2325.749: [GC [PSYoungGen: 52224K->256K(58880K)] 528073K->476105K(779776K), 0.0112992 secs] [Times: user=0.06 sys=0.00, real=0.01 secs]
2325.749: [GC [PSYoungGen: 52224K->256K(58880K)] 528073K->476105K(779776K), 0.0112992 secs] [Times: user=0.06 sys=0.00, real=0.01 secs]
2325.749: [GC [PSYoungGen: 52224K->256K(58880K)] 528073K->476105K(779776K), 0.0112992 secs] [Times: user=0.06 sys=0.00, real=0.01 secs]
2325.749: [GC [PSYoungGen: 52224K->256K(58880K)] 528073K->476105K(779776K), 0.0112992 secs] [Times: user=0.06 sys=0.00, real=0.01 secs]
2325.749: [GC [PSYoungGen: 52224K->256K(58880K)] 528073K->476105K(779776K), 0.0112992 secs] [Times: user=0.06 sys=0.00, real=0.01 secs]
2325.749: [GC [PSYoungGen: 52224K->256K(58880K)] 528073K->476105K(779776K), 0.0112992 secs] [Times: user=0.06 sys=0.00, real=0.01 secs]
2325.749: [GC [PSYoungGen: 52224K->256K(58880K)] 528073K->476105K(779776K), 0.0112992 secs] [Times: user=0.06 sys=0.00, real=0.01 secs]
2325.749: [GC [PSYoungGen: 52224K->256K(58880K)] 528073K->476105K(779776K), 0.0112992 secs] [Times: user=0.06 sys=0.00, real=0.01 secs]
2325.749: [GC [PSYoungGen: 52224K->256K(58880K)] 528073K->476105K(779776K), 0.0112992 secs] [Times: user=0.06 sys=0.00, real=0.01 secs]
2325.749: [GC [PSYoungGen: 52224K->256K(58880K)] 528073K->476105K(779776K), 0.0112992 secs] [Times: user=0.06 sys=0.00, real=0.01 secs]
2325.749: [GC [PSYoungGen: 52224K->256K(58880K)] 528073K->476105K(779776K), 0.0112992 secs] [Times: user=0.06 sys=0.00, real=0.01 secs]
2325.749: [GC [PSYoungGen: 52224K->256K(58880K)] 528073K->476105K(779776K), 0.0112992 secs] [Times: user=0.06 sys=0.00, real=0.01 secs]
2325.749: [GC [PSYoungGen: 52224K->256K(58880K)] 528073K->476105K(779776K), 0.0112992 secs] [Times: user=0.06 sys=0.00, real=0.01 secs]
2325.749: [GC [PSYoungGen: 52224K->256K(58880K)] 528073K->476105K(779776K), 0.0112992 secs] [Times: user=0.06 sys=0.00, real=0.01 secs]
2325.749: [GC [PSYoungGen: 52224K->256K(58880K)] 528073K->476105K(779776K), 0.0112992 secs] [Times: user=0.06 sys=0.00, real=0.01 secs]
2325.749: [GC [PSYoungGen: 52224K->256K(58880K)] 528073K->476105K(779776K), 0.0112992 secs] [Times: user=0.06 sys=0.00, real=0.01 secs]
2325.749: [GC [PSYoungGen: 52224K->256K(58880K)] 528073K->476105K(779776K), 0.0112992 secs] [Times: user=0.06 sys=0.00, real=0.01 secs]
2325.749: [GC [PSYoungGen: 52224K->256K(58880K)] 528073K->476105K(779776K), 0.0112992 secs] [Times: user=0.06 sys=0.00, real=0.01 secs]
2325.749: [GC [PSYoungGen: 52224K->256K(58880K)] 528073K->476105K(779776K), 0.0112992 secs] [Times: user=0.06 sys=0.00, real=0.01 secs]
2325.749: [GC [PSYoungGen: 52224K->256K(58880K)] 528073K->476105K(779776K), 0.0112992 secs] [Times: user=0.06 sys=0.00, real=0.01 secs]
2325.749: [GC [PSYoungGen: 52224K->256K(58880K)] 528073K->476105K(779776K), 0.0112992 secs] [Times: user=0.06 sys=0.00, real=0.01 secs]
2325.749: [GC [PSYoungGen: 52224K->256K(58880K)] 528073K->476105K(779776K), 0.0112992 secs] [Times: user=0.06 sys=0.00, real=0.01 secs]
2325.749: [GC [PSYoungGen: 52224K->256K(58880K)] 528073K->476105K(779776K), 0.0112992 secs] [Times: user=0.06 sys=0.00, real=0.01 secs]
2325.749: [GC [PSYoungGen: 52224K->256K(58880K)] 528073K->476105K(779776K), 0.0112992 secs] [Times: user=0.06 sys=0.00, real=0.01 secs]
2325.749: [GC [PSYoungGen: 52224K->256K(58880K)] 528073K->476105K(779776K), 0.0112992 secs] [Times: user=0.06 sys=0.00, real=0.01 secs]
2325.749: [GC [PSYoungGen: 52224K->256K(58880K)] 528073K->476105K(779776K), 0.0112992 secs] [Times: user=0.06 sys=0.00, real=0.01 secs]
2325.749: [GC [PSYoungGen: 52224K->256K(58880K)] 528073K->476105K(779776K), 0.0112992 secs] [Times: user=0.06 sys=0.00, real=0.01 secs]
2325.749: [GC [PSYoungGen: 52224K->256K(58880K)] 528073K->476105K(779776K), 0.0112992 secs] [Times: user=0.06 sys=0.00, real=0.01 secs]
2325.749: [GC [PSYoungGen: 52224K->256K(58880K)] 528073K->476105K(779776K), 0.0112992 secs] [Times: user=0.06 sys=0.00, real=0.01 secs]
2325.749: [GC [PSYoungGen: 52224K->256K(58880K)] 528073K->476105K(779776K), 0.0112992 secs] [Times: user=0.06 sys=0.00, real=0.01 secs]
2325.749: [GC [PSYoungGen: 52224K->256K(58880K)] 528073K->476105K(779776K), 0.0112992 secs] [Times: user=0.06 sys=0.00, real=0.01 secs]
2325.749: [GC [PSYoungGen: 52224K->256K(58880K)] 528073K->476105K(779776K), 0.0112992 secs] [Times: user=0.06 sys=0.00, real=0.01 secs]
2325.749: [GC [PSYoungGen: 52224K->256K(58880K)] 528073K->476105K(779776K), 0.0112992 secs] [Times: user=0.06 sys=0.00, real=0.01 secs]
2325.749: [GC [PSYoungGen: 52224K->256K(58880K)] 528073K->476105K(779776K), 0.0112992 secs] [Times: user=0.06 sys=0.00, real=0.01 secs]
2325.749: [GC [PSYoungGen: 52224K->256K(58880K)] 528073K->476105K(779776K), 0.0112992 secs] [Times: user=0.06 sys=0.00, real=0.01 secs]
2325.749: [GC [PSYoungGen: 52224K->256K(58880K)] 528073K->476105K(779776K), 0.0112992 secs] [Times: user=0.06 sys=0.00, real=0.01 secs]
2325.749: [GC [PSYoungGen: 52224K->256K(58880K)] 528073K->476105K(779776K), 0.0112992 secs] [Times: user=0.06 sys=0.00, real=0.01 secs]
2325.749: [GC [PSYoungGen: 52224K->256K(58880K)] 528073K->476105K(779776K), 0.0112992 secs] [Times: user=0.06 sys=0.00, real=0.01 secs]
2325.749: [GC [PSYoungGen: 52224K->256K(58880K)] 528073K->476105K(779776K), 0.0112992 secs] [Times: user=0.06 sys=0.00, real=0.01 secs]
2325.749: [GC [PSYoungGen: 52224K->256K(58880K)] 528073K->476105K(779776K), 0.0112992 secs] [Times: user=0.06 sys=0.00, real=0.01 secs]
2325.749: [GC [PSYoungGen: 52224K->256K(58880K)] 528073K->476105K(779776K), 0.0112992 secs] [Times: user=0.06 sys=0.00, real=0.01 secs]
2325.749: [GC [PSYoungGen: 52224K->256K(58880K)] 528073K->476105K(779776K), 0.0112992 secs] [Times: user=0.06 sys=0.00, real=0.01 secs]
2325.749: [GC [PSYoungGen: 52224K->256K(58880K)] 528073K->476105K(779776K), 0.0112992 secs] [Times: user=0.06 sys=0.00, real=0.01 secs]
2325.749: [GC [PSYoungGen: 52224K->256K(58880K)] 528073K->476105K(779776K), 0.0112992 secs] [Times: user=0.06 sys=0.00, real=0.01 secs]
2325.749: [GC [PSYoungGen: 52224K->256K(58880K)] 528073K->476105K(779776K), 0.0112992 secs] [Times: user=0.06 sys=0.00, real=0.01 secs]
2325.749: [GC [PSYoungGen: 52224K->256K(58880K)] 528073K->476105K(779776K), 0.0112992 secs] [Times: user=0.06 sys=0.00, real=0.01 secs]
2325.749: [GC [PSYoungGen: 52224K->256K(58880K)] 528073K->476105K(779776K), 0.0112992 secs] [Times: user=0.06 sys=0.00, real=0.01 secs]
2325.749: [GC [PSYoungGen: 52224K->256K(58880K)] 528073K->476105K(779776K), 0.0112992 secs] [Times: user=0.06 sys=0.00, real=0.01 secs]
2325.749: [GC [PSYoungGen: 52224K->256K(58880K)] 528073K->476105K(779776K), 0.0112992 secs] [Times: user=0.06 sys=0.00, real=0.01 secs]
2325.749: [GC [PSYoungGen: 52224K->256K(58880K)] 528073K->476105K(779776K), 0.0112992 secs] [Times: user=0.06 sys=0.00, real=0.01 secs]
2325.749: [GC [PSYoungGen: 52224K->256K(58880K)] 528073K->476105K(779776K), 0.0112992 secs] [Times: user=0.06 sys=0.00, real=0.01 secs]
2325.749: [GC [PSYoungGen: 52224K->256K(58880K)] 528073K->476105K(779776K), 0.0112992 secs] [Times: user=0.06 sys=0.00, real=0.01 secs]
2325.749: [GC [PSYoungGen: 52224K->256K(58880K)] 528073K->476105K(779776K), 0.0112992 secs] [Times: user=0.06 sys=0.00, real=0.01 secs]
2325.749: [GC [PSYoungGen: 52224K->256K(58880K)] 528073K->476105K(779776K), 0.0112992 secs] [Times: user=0.06 sys=0.00, real=0.01 secs]
2325.749: [GC [PSYoungGen: 52224K->256K(58880K)] 528073K->476105K(779776K), 0.0112992 secs] [Times: user=0.06 sys=0.00, real=0.01 secs]
2325.749: [GC [PSYoungGen: 52224K->256K(58880K)] 528073K->476105K(779776K), 0.0112992 secs] [Times: user=0.06 sys=0.00, real=0.01 secs]
2325.749: [GC [PSYoungGen: 52224K->256K(58880K)] 528073K->476105K(779776K), 0.0112992 secs] [Times: user=0.06 sys=0.00, real=0.01 secs]
2325.749: [GC [PSYoungGen: 52224K->256K(58880K)] 528073K->476105K(779776K), 0.0112992 secs] [Times: user=0.06 sys=0.00, real=0.01 secs]
2325.749: [GC [PSYoungGen: 52224K->256K(58880K)] 528073K->476105K(779776K), 0.0112992 secs] [Times: user=0.06 sys=0.00, real=0.01 secs]
2325.749: [GC [PSYoungGen: 52224K->256K(58880K)] 528073K->476105K(779776K), 0.0112992 secs] [Times: user=0.06 sys=0.00, real=0.01 secs]
2325.749: [GC [PSYoungGen: 52224K->256K(58880K)] 528073K->476105K(779776K), 0.0112992 secs] [Times: user=0.06 sys=0.00, real=0.01 secs]
2325.749: [GC [PSYoungGen: 52224K->256K(58880K)] 528073K->476105K(779776K), 0.0112992 secs] [Times: user=0.06 sys=0.00, real=0.01 secs]
2325.749: [GC [PSYoungGen: 52224K->256K(58880K)] 528073K->476105K(779776K), 0.0112992 secs] [Times: user=0.06 sys=0.00, real=0.01 secs]
2325.749: [GC [PSYoungGen: 52224K->256K(58880K)] 528073K->476105K(779776K), 0.0112992 secs] [Times: user=0.06 sys=0.00, real=0.01 secs]
2325.749: [GC [PSYoungGen: 52224K->256K(58880K)] 528073K->476105K(779776K), 0.0112992 secs] [Times: user=0.06 sys=0.00, real=0.01 secs]
2325.749: [GC [PSYoungGen: 52224K->256K(58880K)] 528073K->476105K(779776K), 0.0112992 secs] [Times: user=0.06 sys=0.00, real=0.01 secs]
2325.749: [GC [PSYoungGen: 52224K->256K(58880K)] 528073K->476105K(779776K), 0.0112992 secs] [Times: user=0.06 sys=0.00, real=0.01 secs]
2325.749: [GC [PSYoungGen: 52224K->256K(58880K)] 528073K->476105K(779776K), 0.0112992 secs] [Times: user=0.06 sys=0.00, real=0.01 secs]
2325.749: [GC [PSYoungGen: 52224K->256K(58880K)] 528073K->476105K(779776K), 0.0112992 secs] [Times: user=0.06 sys=0.00, real=0.01 secs]
2325.749: [GC [PSYoungGen: 52224K->256K(58880K)] 528073K->476105K(779776K), 0.0112992 secs] [Times: user=0.06 sys=0.00, real=0.01 secs]
2325.749: [GC [PSYoungGen: 52224K->256K(58880K)] 528073K->476105K(779776K), 0.0112992 secs] [Times: user=0.06 sys=0.00, real=0.01 secs]
2325.749: [GC [PSYoungGen: 52224K->256K(58880K)] 528073K->476105K(779776K), 0.0112992 secs] [Times: user=0.06 sys=0.00, real=0.01 secs]
2325.749: [GC [PSYoungGen: 52224K->256K(58880K)] 528073K->476105K(779776K), 0.0112992 secs] [Times: user=0.06 sys=0.00, real=0.01 secs]
2325.749: [GC [PSYoungGen: 52224K->256K(58880K)] 528073K->476105K(779776K), 0.0112992 secs] [Times: user=0.06 sys=0.00, real=0.01 secs]
2325.749: [GC [PSYoungGen: 52224K->256K(58880K)] 528073K->476105K(779776K), 0.0112992 secs] [Times: user=0.06 sys=0.00, real=0.01 secs]
2325.749: [GC [PSYoungGen: 52224K->256K(58880K)] 528073K->476105K(779776K), 0.0112992 secs] [Times: user=0.06 sys=0.00, real=0.01 secs]
2325.749: [GC [PSYoungGen: 52224K->256K(58880K)] 528073K->476105K(779776K), 0.0112992 secs] [Times: user=0.06 sys=0.00, real=0.01 secs]
2325.749: [GC [PSYoungGen: 52224K->256K(58880K)] 528073K->476105K(779776K), 0.0112992 secs] [Times: user=0.06 sys=0.00, real=0.01 secs]
2325.749: [GC [PSYoungGen: 52224K->256K(58880K)] 528073K->476105K(779776K), 0.0112992 secs] [Times: user=0.06 sys=0.00, real=0.01 secs]
2325.749: [GC [PSYoungGen: 52224K->256K(58880K)] 528073K->476105K(779776K), 0.0112992 secs] [Times: user=0.06 sys=0.00, real=0.01 secs]
2325.749: [GC [PSYoungGen: 52224K->256K(58880K)] 528073K->476105K(779776K), 0.0112992 secs] [Times: user=0.06 sys=0.00, real=0.01 secs]
2325.749: [GC [PSYoungGen: 52224K->256K(58880K)] 528073K->476105K(779776K), 0.0112992 secs] [Times: user=0.06 sys=0.00, real=0.01 secs]
2325.749: [GC [PSYoungGen: 52224K->256K(58880K)] 528073K->476105K(779776K), 0.0112992 secs] [Times: user=0.06 sys=0.00, real=0.01 secs]
2325.749: [GC [PSYoungGen: 52224K->256K(58880K)] 528073K->476105K(779776K), 0.0112992 secs] [Times: user=0.06 sys=0.00, real=0.01 secs]
2325.749: [GC [PSYoungGen: 52224K->256K(58880K)] 528073K->476105K(779776K), 0.0112992 secs] [Times: user=0.06 sys=0.00, real=0.01 secs]
2325.749: [GC [PSYoungGen: 52224K->256K(58880K)] 528073K->476105K(779776K), 0.0112992 secs] [Times: user=0.06 sys=0.00, real=0.01 secs]
2325.749: [GC [PSYoungGen: 52224K->256K(58880K)] 528073K->476105K(779776K), 0.0112992 secs] [Times: user=0.06 sys=0.00, real=0.01 secs]
2325.749: [GC [PSYoungGen: 52224K->256K(58880K)] 528073K->476105K(779776K), 0.0112992 secs] [Times: user=0.06 sys=0.00, real=0.01 secs]
2325.749: [GC [PSYoungGen: 52224K->256K(58880K)] 528073K->476105K(779776K), 0.0112992 secs] [Times: user=0.06 sys=0.00, real=0.01 secs]
2325.749: [GC [PSYoungGen: 52224K->256K(58880K)] 528073K->476105K(779776K), 0.0112992 secs] [Times: user=0.06 sys=0.00, real=0.01 secs]
2325.749: [GC [PSYoungGen: 52224K->256K(58880K)] 528073K->476105K(779776K), 0.0112992 secs] [Times: user=0.06 sys=0.00, real=0.01 secs]
2325.749: [GC [PSYoungGen: 52224K->256K(58880K)] 528073K->476105K(779776K), 0.0112992 secs] [Times: user=0.06 sys=0.00, real=0.01 secs]
2325.749: [GC [PSYoungGen: 52224K->256K(58880K)] 528073K->476105K(779776K), 0.0112992 secs] [Times: user=0.06 sys=0.00, real=0.01 secs]
2325.749: [GC [PSYoungGen: 52224K->256K(58880K)] 528073K->476105K(779776K), 0.0112992 secs] [Times: user=0.06 sys=0.00, real=0.01 secs]
2325.749: [GC [PSYoungGen: 52224K->256K(58880K)] 528073K->476105K(779776K), 0.0112992 secs] [Times: user=0.06 sys=0.00, real=0.01 secs]
2325.749: [GC [PSYoungGen: 52224K->256K(58880K)] 528073K->476105K(779776K), 0.0112992 secs] [Times: user=0.06 sys=0.00, real=0.01 secs]
2325.749: [GC [PSYoungGen: 52224K->256K(58880K)] 528073K->476105K(779776K), 0.0112992 secs] [Times: user=0.06 sys=0.00, real=0.01 secs]
2325.749: [GC [PSYoungGen: 52224K->256K(58880K)] 528073K->476105K(779776K), 0.0112992 secs] [Times: user=0.06 sys=0.00, real=0.01 secs]
2325.749: [GC [PSYoungGen: 52224K->256K(58880K)] 528073K->476105K(779776K), 0.0112992 secs] [Times: user=0.06 sys=0.00, real=0.01 secs]
2325.749: [GC [PSYoungGen: 52224K->256K(58880K)] 528073K->476105K(779776K), 0.0112992 secs] [Times: user=0.06 sys=0.00, real=0.01 secs]
2325.749: [GC [PSYoungGen: 52224K->256K(58880K)] 528073K->476105K(779776K), 0.0112992 secs] [Times: user=0.06 sys=0.00, real=0.01 secs]
2325.749: [GC [PSYoungGen: 52224K->256K(58880K)] 528073K->476105K(779776K), 0.0112992 secs] [Times: user=0.06 sys=0.00, real=0.01 secs]
2325.749: [GC [PSYoungGen: 52224K->256K(58880K)] 528073K->476105K(779776K), 0.0112992 secs] [Times: user=0.06 sys=0.00, real=0.01 secs]
2325.749: [GC [PSYoungGen: 52224K->256K(58880K)] 528073K->476105K(779776K), 0.0112992 secs] [Times: user=0.06 sys=0.00, real=0.01 secs]
2325.749: [GC [PSYoungGen: 52224K->256K(58880K)] 528073K->476105K(779776K), 0.0112992 secs] [Times: user=0.06 sys=0.00, real=0.01 secs]
2325.749: [GC [PSYoungGen: 52224K->256K(58880K)] 528073K->476105K(779776K), 0.0112992 secs] [Times: user=0.06 sys=0.00, real=0.01 secs]
2325.749: [GC [PSYoungGen: 52224K->256K(58880K)] 528073K->476105K(779776K), 0.0112992 secs] [Times: user=0.06 sys=0.00, real=0.01 secs]
2325.749: [GC [PSYoungGen: 52224K->256K(58880K)] 528073K->476105K(779776K), 0.0112992 secs] [Times: user=0.06 sys=0.00, real=0.01 secs]
2325.749: [GC [PSYoungGen: 52224K->256K(58880K)] 528073K->476105K(779776K), 0.0112992 secs] [Times: user=0.06 sys=0.00, real=0.01 secs]
2325.749: [GC [PSYoungGen: 52224K->256K(58880K)] 528073K->476105K(779776K), 0.0112992 secs] [Times: user=0.06 sys=0.00, real=0.01 secs]
2325.749: [GC [PSYoungGen: 52224K->256K(58880K)] 528073K->476105K(779776K), 0.0112992 secs] [Times: user=0.06 sys=0.00, real=0.01 secs]
2325.749: [GC [PSYoungGen: 52224K->256K(58880K)] 528073K->476105K(779776K), 0.0112992 secs] [Times: user=0.06 sys=0.00, real=0.01 secs]
2325.749: [GC [PSYoungGen: 52224K->256K(58880K)] 528073K->476105K(779776K), 0.0112992 secs] [Times: user=0.06 sys=0.00, real=0.01 secs]
2325.749: [GC [PSYoungGen: 52224K->256K(58880K)] 528073K->476105K(779776K), 0.0112992 secs] [Times: user=0.06 sys=0.00, real=0.01 secs]
2325.749: [GC [PSYoungGen: 52224K->256K(58880K)] 528073K->476105K(779776K), 0.0112992 secs] [Times: user=0.06 sys=0.00, real=0.01 secs]
2325.749: [GC [PSYoungGen: 52224K->256K(58880K)] 528073K->476105K(779776K), 0.0112992 secs] [Times: user=0.06 sys=0.00, real=0.01 secs]
2325.749: [GC [PSYoungGen: 52224K->256K(58880K)] 528073K->476105K(779776K), 0.0112992 secs] [Times: user=0.06 sys=0.00, real=0.01 secs]
2325.749: [GC [PSYoungGen: 52224K->256K(58880K)] 528073K->476105K(779776K), 0.0112992 secs] [Times: user=0.06 sys=0.00, real=0.01 secs]
2325.749: [GC [PSYoungGen: 52224K->256K(58880K)] 528073K->476105K(779776K), 0.0112992 secs] [Times: user=0.06 sys=0.00, real=0.01 secs]
2325.749: [GC [PSYoungGen: 52224K->256K(58880K)] 528073K->476105K(779776K), 0.0112992 secs] [Times: user=0.06 sys=0.00, real=0.01 secs]
2325.749: [GC [PSYoungGen: 52224K->256K(58880K)] 528073K->476105K(779776K), 0.0112992 secs] [Times: user=0.06 sys=0.00, real=0.01 secs]
2325.749: [GC [PSYoungGen: 52224K->256K(58880K)] 528073K->476105K(779776K), 0.0112992 secs] [Times: user=0.06 sys=0.00, real=0.01 secs]
2325.749: [GC [PSYoungGen: 52224K->256K(58880K)] 528073K->476105K(779776K), 0.0112992 secs] [Times: user=0.06 sys=0.00, real=0.01 secs]
2325.749: [GC [PSYoungGen: 52224K->256K(58880K)] 528073K->476105K(779776K), 0.0112992 secs] [Times: user=0.06 sys=0.00, real=0.01 secs]
2325.749: [GC [PSYoungGen: 52224K->256K(58880K)] 528073K->476105K(779776K), 0.0112992 secs] [Times: user=0.06 sys=0.00, real=0.01 secs]
2325.749: [GC [PSYoungGen: 52224K->256K(58880K)] 528073K->476105K(779776K), 0.0112992 secs] [Times: user=0.06 sys=0.00, real=0.01 secs]
2325.749: [GC [PSYoungGen: 52224K->256K(58880K)] 528073K->476105K(779776K), 0.0112992 secs] [Times: user=0.06 sys=0.00, real=0.01 secs]
2325.749: [GC [PSYoungGen: 52224K->256K(58880K)] 528073K->476105K(779776K), 0.0112992 secs] [Times: user=0.06 sys=0.00, real=0.01 secs]
2325.749: [GC [PSYoungGen: 52224K->256K(58880K)] 528073K->476105K(779776K), 0.0112992 secs] [Times: user=0.06 sys=0.00, real=0.01 secs]
2325.749: [GC [PSYoungGen: 52224K->256K(58880K)] 528073K->476105K(779776K), 0.0112992 secs] [Times: user=0.06 sys=0.00, real=0.01 secs]
2325.749: [GC [PSYoungGen: 52224K->256K(58880K)] 528073K->476105K(779776K), 0.0112992 secs] [Times: user=0.06 sys=0.00, real=0.01 secs]
2325.749: [GC [PSYoungGen: 52224K->256K(58880K)] 528073K->476105K(779776K), 0.0112992 secs] [Times: user=0.06 sys=0.00, real=0.01 secs]
2325.749: [GC [PSYoungGen: 52224K->256K(58880K)] 528073K->476105K(779776K), 0.0112992 secs] [Times: user=0.06 sys=0.00, real=0.01 secs]
2325.749: [GC [PSYoungGen: 52224K->256K(58880K)] 528073K->476105K(779776K), 0.0112992 secs] [Times: user=0.06 sys=0.00, real=0.01 secs]
2325.749: [GC [PSYoungGen: 52224K->256K(58880K)] 528073K->476105K(779776K), 0.0112992 secs] [Times: user=0.06 sys=0.00, real=0.01 secs]
2325.749: [GC [PSYoungGen: 52224K->256K(58880K)] 528073K->476105K(779776K), 0.0112992 secs] [Times: user=0.06 sys=0.00, real=0.01 secs]
2325.749: [GC [PSYoungGen: 52224K->256K(58880K)] 528073K->476105K(779776K), 0.0112992 secs] [Times: user=0.06 sys=0.00, real=0.01 secs]
2325.749: [GC [PSYoungGen: 52224K->256K(58880K)] 528073K->476105K(779776K), 0.0112992 secs] [Times: user=0.06 sys=0.00, real=0.01 secs]
2325.749: [GC [PSYoungGen: 52224K->256K(58880K)] 528073K->476105K(779776K), 0.0112992 secs] [Times: user=0.06 sys=0.00, real=0.01 secs]
2325.749: [GC [PSYoungGen: 52224K->256K(58880K)] 528073K->476105K(779776K), 0.0112992 secs] [Times: user=0.06 sys=0.00, real=0.01 secs]
2325.749: [GC [PSYoungGen: 52224K->256K(58880K)] 528073K->476105K(779776K), 0.0112992 secs] [Times: user=0.06 sys=0.00, real=0.01 secs]
2325.749: [GC [PSYoungGen: 52224K->256K(58880K)] 528073K->476105K(779776K), 0.0112992 secs] [Times: user=0.06 sys=0.00, real=0.01 secs]
2325.749: [GC [PSYoungGen: 52224K->256K(58880K)] 528073K->476105K(779776K), 0.0112992 secs] [Times: user=0.06 sys=0.00, real=0.01 secs]
2325.749: [GC [PSYoungGen: 52224K->256K(58880K)] 528073K->476105K(779776K), 0.0112992 secs] [Times: user=0.06 sys=0.00, real=0.01 secs]
2325.749: [GC [PSYoungGen: 52224K->256K(58880K)] 528073K->476105K(779776K), 0.0112992 secs] [Times: user=0.06 sys=0.00, real=0.01 secs]
2325.749: [GC [PSYoungGen: 52224K->256K(58880K)] 528073K->476105K(779776K), 0.0112992 secs] [Times: user=0.06 sys=0.00, real=0.01 secs]
2325.749: [GC [PSYoungGen: 52224K->256K(58880K)] 528073K->476105K(779776K), 0.0112992 secs] [Times: user=0.06 sys=0.00, real=0.01 secs]
2325.749: [GC [PSYoungGen: 52224K->256K(58880K)] 528073K->476105K(779776K), 0.0112992 secs] [Times: user=0.06 sys=0.00, real=0.01 secs]
2325.749: [GC [PSYoungGen: 52224K->256K(58880K)] 528073K->476105K(779776K), 0.0112992 secs] [Times: user=0.06 sys=0.00, real=0.01 secs]
2325.749: [GC [PSYoungGen: 52224K->256K(58880K)] 528073K->476105K(779776K), 0.0112992 secs] [Times: user=0.06 sys=0.00, real=0.01 secs]
2325.749: [GC [PSYoungGen: 52224K->256K(58880K)] 528073K->476105K(779776K), 0.0112992 secs] [Times: user=0.06 sys=0.00, real=0.01 secs]
2325.749: [GC [PSYoungGen: 52224K->256K(58880K)] 528073K->476105K(779776K), 0.0112992 secs] [Times: user=0.06 sys=0.00, real=0.01 secs]
2325.749: [GC [PSYoungGen: 52224K->256K(58880K)] 528073K->476105K(779776K), 0.0112992 secs] [Times: user=0.06 sys=0.00, real=0.01 secs]
2325.749: [GC [PSYoungGen: 52224K->256K(58880K)] 528073K->476105K(779776K), 0.0112992 secs] [Times: user=0.06 sys=0.00, real=0.01 secs]
2325.749: [GC [PSYoungGen: 52224K->256K(58880K)] 528073K->476105K(779776K), 0.0112992 secs] [Times: user=0.06 sys=0.00, real=0.01 secs]
2325.749: [GC [PSYoungGen: 52224K->256K(58880K)] 528073K->476105K(779776K), 0.0112992 secs] [Times: user=0.06 sys=0.00, real=0.01 secs]
2325.749: [GC [PSYoungGen: 52224K->256K(58880K)] 528073K->476105K(779776K), 0.0112992 secs] [Times: user=0.06 sys=0.00, real=0.01 secs]
2325.749: [GC [PSYoungGen: 52224K->256K(58880K)] 528073K->476105K(779776K), 0.0112992 secs] [Times: user=0.06 sys=0.00, real=0.01 secs]
2325.749: [GC [PSYoungGen: 52224K->256K(58880K)] 528073K->476105K(779776K), 0.0112992 secs] [Times: user=0.06 sys=0.00, real=0.01 secs]
2325.749: [GC [PSYoungGen: 52224K->256K(58880K)] 528073K->476105K(779776K), 0.0112992 secs] [Times: user=0.06 sys=0.00, real=0.01 secs]
2325.749: [GC [PSYoungGen: 52224K->256K(58880K)] 528073K->476105K(779776K), 0.0112992 secs] [Times: user=0.06 sys=0.00, real=0.01 secs]
2325.749: [GC [PSYoungGen: 52224K->256K(58880K)] 528073K->476105K(779776K), 0.0112992 secs] [Times: user=0.06 sys=0.00, real=0.01 secs]
2325.749: [GC [PSYoungGen: 52224K->256K(58880K)] 528073K->476105K(779776K), 0.0112992 secs] [Times: user=0.06 sys=0.00, real=0.01 secs]
2325.749: [GC [PSYoungGen: 52224K->256K(58880K)] 528073K->476105K(779776K), 0.0112992 secs] [Times: user=0.06 sys=0.00, real=0.01 secs]
2325.749: [GC [PSYoungGen: 52224K->256K(58880K)] 528073K->476105K(779776K), 0.0112992 secs] [Times: user=0.06 sys=0.00, real=0.01 secs]
2325.749: [GC [PSYoungGen: 52224K->256K(58880K)] 528073K->476105K(779776K), 0.0112992 secs] [Times: user=0.06 sys=0.00, real=0.01 secs]
2325.749: [GC [PSYoungGen: 52224K->256K(58880K)] 528073K->476105K(779776K), 0.0112992 secs] [Times: user=0.06 sys=0.00, real=0.01 secs]
2325.749: [GC [PSYoungGen: 52224K->256K(58880K)] 528073K->476105K(779776K), 0.0112992 secs] [Times: user=0.06 sys=0.00, real=0.01 secs]
2325.749: [GC [PSYoungGen: 52224K->256K(58880K)] 528073K->476105K(779776K), 0.0112992 secs] [Times: user=0.06 sys=0.00, real=0.01 secs]
2325.749: [GC [PSYoungGen: 52224K->256K(58880K)] 528073K->476105K(779776K), 0.0112992 secs] [Times: user=0.06 sys=0.00, real=0.01 secs]
2325.749: [GC [PSYoungGen: 52224K->256K(58880K)] 528073K->476105K(779776K), 0.0112992 secs] [Times: user=0.06 sys=0.00, real=0.01 secs]
2325.749: [GC [PSYoungGen: 52224K->256K(58880K)] 528073K->476105K(779776K), 0.0112992 secs] [Times: user=0.06 sys=0.00, real=0.01 secs]
2325.749: [GC [PSYoungGen: 52224K->256K(58880K)] 528073K->476105K(779776K), 0.0112992 secs] [Times: user=0.06 sys=0.00, real=0.01 secs]
2325.749: [GC [PSYoungGen: 52224K->256K(58880K)] 528073K->476105K(779776K), 0.0112992 secs] [Times: user=0.06 sys=0.00, real=0.01 secs]
2325.749: [GC [PSYoungGen: 52224K->256K(58880K)] 528073K->476105K(779776K), 0.0112992 secs] [Times: user=0.06 sys=0.00, real=0.01 secs]
2325.749: [GC [PSYoungGen: 52224K->256K(58880K)] 528073K->476105K(779776K), 0.0112992 secs] [Times: user=0.06 sys=0.00, real=0.01 secs]
2325.749: [GC [PSYoungGen: 52224K->256K(58880K)] 528073K->476105K(779776K), 0.0112992 secs] [Times: user=0.06 sys=0.00, real=0.01 secs]
2325.749: [GC [PSYoungGen: 52224K->256K(58880K)] 528073K->476105K(779776K), 0.0112992 secs] [Times: user=0.06 sys=0.00, real=0.01 secs]
2325.749: [GC [PSYoungGen: 52224K->256K(58880K)] 528073K->476105K(779776K), 0.0112992 secs] [Times: user=0.06 sys=0.00, real=0.01 secs]
2325.749: [GC [PSYoungGen: 52224K->256K(58880K)] 528073K->476105K(779776K), 0.0112992 secs] [Times: user=0.06 sys=0.00, real=0.01 secs]
2325.749: [GC [PSYoungGen: 52224K->256K(58880K)] 528073K->476105K(779776K), 0.0112992 secs] [Times: user=0.06 sys=0.00, real=0.01 secs]
2325.749: [GC [PSYoungGen: 52224K->256K(58880K)] 528073K->476105K(779776K), 0.0112992 secs] [Times: user=0.06 sys=0.00, real=0.01 secs]
2325.749: [GC [PSYoungGen: 52224K->256K(58880K)] 528073K->476105K(779776K), 0.0112992 secs] [Times: user=0.06 sys=0.00, real=0.01 secs]
2325.749: [GC [PSYoungGen: 52224K->256K(58880K)] 528073K->476105K(779776K), 0.0112992 secs] [Times: user=0.06 sys=0.00, real=0.01 secs]
2325.749: [GC [PSYoungGen: 52224K->256K(58880K)] 528073K->476105K(779776K), 0.0112992 secs] [Times: user=0.06 sys=0.00, real=0.01 secs]
2325.749: [GC [PSYoungGen: 52224K->256K(58880K)] 528073K->476105K(779776K), 0.0112992 secs] [Times: user=0.06 sys=0.00, real=0.01 secs]
2325.749: [GC [PSYoungGen: 52224K->256K(58880K)] 528073K->476105K(779776K), 0.0112992 secs] [Times: user=0.06 sys=0.00, real=0.01 secs]
2325.749: [GC [PSYoungGen: 52224K->256K(58880K)] 528073K->476105K(779776K), 0.0112992 secs] [Times: user=0.06 sys=0.00, real=0.01 secs]
2325.749: [GC [PSYoungGen: 52224K->256K(58880K)] 528073K->476105K(779776K), 0.0112992 secs] [Times: user=0.06 sys=0.00, real=0.01 secs]
2325.749: [GC [PSYoungGen: 52224K->256K(58880K)] 528073K->476105K(779776K), 0.0112992 secs] [Times: user=0.06 sys=0.00, real=0.01 secs]
2325.749: [GC [PSYoungGen: 52224K->256K(58880K)] 528073K->476105K(779776K), 0.0112992 secs] [Times: user=0.06 sys=0.00, real=0.01 secs]
2325.749: [GC [PSYoungGen: 52224K->256K(58880K)] 528073K->476105K(779776K), 0.0112992 secs] [Times: user=0.06 sys=0.00, real=0.01 secs]
2325.749: [GC [PSYoungGen: 52224K->256K(58880K)] 528073K->476105K(779776K), 0.0112992 secs] [Times: user=0.06 sys=0.00, real=0.01 secs]
2325.749: [GC [PSYoungGen: 52224K->256K(58880K)] 528073K->476105K(779776K), 0.0112992 secs] [Times: user=0.06 sys=0.00, real=0.01 secs]
2325.749: [GC [PSYoungGen: 52224K->256K(58880K)] 528073K->476105K(779776K), 0.0112992 secs] [Times: user=0.06 sys=0.00, real=0.01 secs]
2325.749: [GC [PSYoungGen: 52224K->256K(58880K)] 528073K->476105K(779776K), 0.0112992 secs] [Times: user=0.06 sys=0.00, real=0.01 secs]
2325.749: [GC [PSYoungGen: 52224K->256K(58880K)] 528073K->476105K(779776K), 0.0112992 secs] [Times: user=0.06 sys=0.00, real=0.01 secs]
2325.749: [GC [PSYoungGen: 52224K->256K(58880K)] 528073K->476105K(779776K), 0.0112992 secs] [Times: user=0.06 sys=0.00, real=0.01 secs]
2325.749: [GC [PSYoungGen: 52224K->256K(58880K)] 528073K->476105K(779776K), 0.0112992 secs] [Times: user=0.06 sys=0.00, real=0.01 secs]
2325.749: [GC [PSYoungGen: 52224K->256K(58880K)] 528073K->476105K(779776K), 0.0112992 secs] [Times: user=0.06 sys=0.00, real=0.01 secs]
2325.749: [GC [PSYoungGen: 52224K->256K(58880K)] 528073K->476105K(779776K), 0.0112992 secs] [Times: user=0.06 sys=0.00, real=0.01 secs]
2325.749: [GC [PSYoungGen: 52224K->256K(58880K)] 528073K->476105K(779776K), 0.0112992 secs] [Times: user=0.06 sys=0.00, real=0.01 secs]
2325.749: [GC [PSYoungGen: 52224K->256K(58880K)] 528073K->476105K(779776K), 0.0112992 secs] [Times: user=0.06 sys=0.00, real=0.01 secs]
2325.749: [GC [PSYoungGen: 52224K->256K(58880K)] 528073K->476105K(779776K), 0.0112992 secs] [Times: user=0.06 sys=0.00, real=0.01 secs]
2325.749: [GC [PSYoungGen: 52224K->256K(58880K)] 528073K->476105K(779776K), 0.0112992 secs] [Times: user=0.06 sys=0.00, real=0.01 secs]
2325.749: [GC [PSYoungGen: 52224K->256K(58880K)] 528073K->476105K(779776K), 0.0112992 secs] [Times: user=0.06 sys=0.00, real=0.01 secs]
2325.749: [GC [PSYoungGen: 52224K->256K(58880K)] 528073K->476105K(779776K), 0.0112992 secs] [Times: user=0.06 sys=0.00, real=0.01 secs]
2325.749: [GC [PSYoungGen: 52224K->256K(58880K)] 528073K->476105K(779776K), 0.0112992 secs] [Times: user=0.06 sys=0.00, real=0.01 secs]
2325.749: [GC [PSYoungGen: 52224K->256K(58880K)] 528073K->476105K(779776K), 0.0112992 secs] [Times: user=0.06 sys=0.00, real=0.01 secs]
2325.749: [GC [PSYoungGen: 52224K->256K(58880K)] 528073K->476105K(779776K), 0.0112992 secs] [Times: user=0.06 sys=0.00, real=0.01 secs]
2325.749: [GC [PSYoungGen: 52224K->256K(58880K)] 528073K->476105K(779776K), 0.0112992 secs] [Times: user=0.06 sys=0.00, real=0.01 secs]
2325.749: [GC [PSYoungGen: 52224K->256K(58880K)] 528073K->476105K(779776K), 0.0112992 secs] [Times: user=0.06 sys=0.00, real=0.01 secs]
2325.749: [GC [PSYoungGen: 52224K->256K(58880K)] 528073K->476105K(779776K), 0.0112992 secs] [Times: user=0.06 sys=0.00, real=0.01 secs]
2325.749: [GC [PSYoungGen: 52224K->256K(58880K)] 528073K->476105K(779776K), 0.0112992 secs] [Times: user=0.06 sys=0.00, real=0.01 secs]
2325.749: [GC [PSYoungGen: 52224K->256K(58880K)] 528073K->476105K(779776K), 0.0112992 secs] [Times: user=0.06 sys=0.00, real=0.01 secs]
2325.749: [GC [PSYoungGen: 52224K->256K(58880K)] 528073K->476105K(779776K), 0.0112992 secs] [Times: user=0.06 sys=0.00, real=0.01 secs]
2325.749: [GC [PSYoungGen: 52224K->256K(58880K)] 528073K->476105K(779776K), 0.0112992 secs] [Times: user=0.06 sys=0.00, real=0.01 secs]
2325.749: [GC [PSYoungGen: 52224K->256K(58880K)] 528073K->476105K(779776K), 0.0112992 secs] [Times: user=0.06 sys=0.00, real=0.01 secs]
2325.749: [GC [PSYoungGen: 52224K->256K(58880K)] 528073K->476105K(779776K), 0.0112992 secs] [Times: user=0.06 sys=0.00, real=0.01 secs]
2325.749: [GC [PSYoungGen: 52224K->256K(58880K)] 528073K->476105K(779776K), 0.0112992 secs] [Times: user=0.06 sys=0.00, real=0.01 secs]
2325.749: [GC [PSYoungGen: 52224K->256K(58880K)] 528073K->476105K(779776K), 0.0112992 secs] [Times: user=0.06 sys=0.00, real=0.01 secs]
2325.749: [GC [PSYoungGen: 52224K->256K(58880K)] 528073K->476105K(779776K), 0.0112992 secs] [Times: user=0.06 sys=0.00, real=0.01 secs]
2325.749: [GC [PSYoungGen: 52224K->256K(58880K)] 528073K->476105K(779776K), 0.0112992 secs] [Times: user=0.06 sys=0.00, real=0.01 secs]
2325.749: [GC [PSYoungGen: 52224K->256K(58880K)] 528073K->476105K(779776K), 0.0112992 secs] [Times: user=0.06 sys=0.00, real=0.01 secs]
2325.749: [GC [PSYoungGen: 52224K->256K(58880K)] 528073K->476105K(779776K), 0.0112992 secs] [Times: user=0.06 sys=0.00, real=0.01 secs]
2325.749: [GC [PSYoungGen: 52224K->256K(58880K)] 528073K->476105K(779776K), 0.0112992 secs] [Times: user=0.06 sys=0.00, real=0.01 secs]
2325.749: [GC [PSYoungGen: 52224K->256K(58880K)] 528073K->476105K(779776K), 0.0112992 secs] [Times: user=0.06 sys=0.00, real=0.01 secs]
2325.749: [GC [PSYoungGen: 52224K->256K(58880K)] 528073K->476105K(779776K), 0.0112992 secs] [Times: user=0.06 sys=0.00, real=0.01 secs]
2325.749: [GC [PSYoungGen: 52224K->256K(58880K)] 528073K->476105K(779776K), 0.0112992 secs] [Times: user=0.06 sys=0.00, real=0.01 secs]
2325.749: [GC [PSYoungGen: 52224K->256K(58880K)] 528073K->476105K(779776K), 0.0112992 secs] [Times: user=0.06 sys=0.00, real=0.01 secs]
2325.749: [GC [PSYoungGen: 52224K->256K(58880K)] 528073K->476105K(779776K), 0.0112992 secs] [Times: user=0.06 sys=0.00, real=0.01 secs]
2325.749: [GC [PSYoungGen: 52224K->256K(58880K)] 528073K->476105K(779776K), 0.0112992 secs] [Times: user=0.06 sys=0.00, real=0.01 secs]
2325.749: [GC [PSYoungGen: 52224K->256K(58880K)] 528073K->476105K(779776K), 0.0112992 secs] [Times: user=0.06 sys=0.00, real=0.01 secs]
2325.749: [GC [PSYoungGen: 52224K->256K(58880K)] 528073K->476105K(779776K), 0.0112992 secs] [Times: user=0.06 sys=0.00, real=0.01 secs]
2325.749: [GC [PSYoungGen: 52224K->256K(58880K)] 528073K->476105K(779776K), 0.0112992 secs] [Times: user=0.06 sys=0.00, real=0.01 secs]
2325.749: [GC [PSYoungGen: 52224K->256K(58880K)] 528073K->476105K(779776K), 0.0112992 secs] [Times: user=0.06 sys=0.00, real=0.01 secs]
2325.749: [GC [PSYoungGen: 52224K->256K(58880K)] 528073K->476105K(779776K), 0.0112992 secs] [Times: user=0.06 sys=0.00, real=0.01 secs]
2325.749: [GC [PSYoungGen: 52224K->256K(58880K)] 528073K->476105K(779776K), 0.0112992 secs] [Times: user=0.06 sys=0.00, real=0.01 secs]
2325.749: [GC [PSYoungGen: 52224K->256K(58880K)] 528073K->476105K(779776K), 0.0112992 secs] [Times: user=0.06 sys=0.00, real=0.01 secs]
2325.749: [GC [PSYoungGen: 52224K->256K(58880K)] 528073K->476105K(779776K), 0.0112992 secs] [Times: user=0.06 sys=0.00, real=0.01 secs]
2325.749: [GC [PSYoungGen: 52224K->256K(58880K)] 528073K->476105K(779776K), 0.0112992 secs] [Times: user=0.06 sys=0.00, real=0.01 secs]
2325.749: [GC [PSYoungGen: 52224K->256K(58880K)] 528073K->476105K(779776K), 0.0112992 secs] [Times: user=0.06 sys=0.00, real=0.01 secs]
2325.749: [GC [PSYoungGen: 52224K->256K(58880K)] 528073K->476105K(779776K), 0.0112992 secs] [Times: user=0.06 sys=0.00, real=0.01 secs]
2325.749: [GC [PSYoungGen: 52224K->256K(58880K)] 528073K->476105K(779776K), 0.0112992 secs] [Times: user=0.06 sys=0.00, real=0.01 secs]
2325.749: [GC [PSYoungGen: 52224K->256K(58880K)] 528073K->476105K(779776K), 0.0112992 secs] [Times: user=0.06 sys=0.00, real=0.01 secs]
2325.749: [GC [PSYoungGen: 52224K->256K(58880K)] 528073K->476105K(779776K), 0.0112992 secs] [Times: user=0.06 sys=0.00, real=0.01 secs]
2325.749: [GC [PSYoungGen: 52224K->256K(58880K)] 528073K->476105K(779776K), 0.0112992 secs] [Times: user=0.06 sys=0.00, real=0.01 secs]
2325.749: [GC [PSYoungGen: 52224K->256K(58880K)] 528073K->476105K(779776K), 0.0112992 secs] [Times: user=0.06 sys=0.00, real=0.01 secs]
2325.749: [GC [PSYoungGen: 52224K->256K(58880K)] 528073K->476105K(779776K), 0.0112992 secs] [Times: user=0.06 sys=0.00, real=0.01 secs]
2325.749: [GC [PSYoungGen: 52224K->256K(58880K)] 528073K->476105K(779776K), 0.0112992 secs] [Times: user=0.06 sys=0.00, real=0.01 secs]
2325.749: [GC [PSYoungGen: 52224K->256K(58880K)] 528073K->476105K(779776K), 0.0112992 secs] [Times: user=0.06 sys=0.00, real=0.01 secs]
2325.749: [GC [PSYoungGen: 52224K->256K(58880K)] 528073K->476105K(779776K), 0.0112992 secs] [Times: user=0.06 sys=0.00, real=0.01 secs]
2325.749: [GC [PSYoungGen: 52224K->256K(58880K)] 528073K->476105K(779776K), 0.0112992 secs] [Times: user=0.06 sys=0.00, real=0.01 secs]
2325.749: [GC [PSYoungGen: 52224K->256K(58880K)] 528073K->476105K(779776K), 0.0112992 secs] [Times: user=0.06 sys=0.00, real=0.01 secs]
2325.749: [GC [PSYoungGen: 52224K->256K(58880K)] 528073K->476105K(779776K), 0.0112992 secs] [Times: user=0.06 sys=0.00, real=0.01 secs]
2325.749: [GC [PSYoungGen: 52224K->256K(58880K)] 528073K->476105K(779776K), 0.0112992 secs] [Times: user=0.06 sys=0.00, real=0.01 secs]
2325.749: [GC [PSYoungGen: 52224K->256K(58880K)] 528073K->476105K(779776K), 0.0112992 secs] [Times: user=0.06 sys=0.00, real=0.01 secs]
2325.749: [GC [PSYoungGen: 52224K->256K(58880K)] 528073K->476105K(779776K), 0.0112992 secs] [Times: user=0.06 sys=0.00, real=0.01 secs]
2325.749: [GC [PSYoungGen: 52224K->256K(58880K)] 528073K->476105K(779776K), 0.0112992 secs] [Times: user=0.06 sys=0.00, real=0.01 secs]
2325.749: [GC [PSYoungGen: 52224K->256K(58880K)] 528073K->476105K(779776K), 0.0112992 secs] [Times: user=0.06 sys=0.00, real=0.01 secs]
2325.749: [GC [PSYoungGen: 52224K->256K(58880K)] 528073K->476105K(779776K), 0.0112992 secs] [Times: user=0.06 sys=0.00, real=0.01 secs]
2325.749: [GC [PSYoungGen: 52224K->256K(58880K)] 528073K->476105K(779776K), 0.0112992 secs] [Times: user=0.06 sys=0.00, real=0.01 secs]
2325.749: [GC [PSYoungGen: 52224K->256K(58880K)] 528073K->476105K(779776K), 0.0112992 secs] [Times: user=0.06 sys=0.00, real=0.01 secs]
2325.749: [GC [PSYoungGen: 52224K->256K(58880K)] 528073K->476105K(779776K), 0.0112992 secs] [Times: user=0.06 sys=0.00, real=0.01 secs]
2325.749: [GC [PSYoungGen: 52224K->256K(58880K)] 528073K->476105K(779776K), 0.0112992 secs] [Times: user=0.06 sys=0.00, real=0.01 secs]
2325.749: [GC [PSYoungGen: 52224K->256K(58880K)] 528073K->476105K(779776K), 0.0112992 secs] [Times: user=0.06 sys=0.00, real=0.01 secs]
2325.749: [GC [PSYoungGen: 52224K->256K(58880K)] 528073K->476105K(779776K), 0.0112992 secs] [Times: user=0.06 sys=0.00, real=0.01 secs]
2325.749: [GC [PSYoungGen: 52224K->256K(58880K)] 528073K->476105K(779776K), 0.0112992 secs] [Times: user=0.06 sys=0.00, real=0.01 secs]
2325.749: [GC [PSYoungGen: 52224K->256K(58880K)] 528073K->476105K(779776K), 0.0112992 secs] [Times: user=0.06 sys=0.00, real=0.01 secs]
2325.749: [GC [PSYoungGen: 52224K->256K(58880K)] 528073K->476105K(779776K), 0.0112992 secs] [Times: user=0.06 sys=0.00, real=0.01 secs]
2325.749: [GC [PSYoungGen: 52224K->256K(58880K)] 528073K->476105K(779776K), 0.0112992 secs] [Times: user=0.06 sys=0.00, real=0.01 secs]
2325.749: [GC [PSYoungGen: 52224K->256K(58880K)] 528073K->476105K(779776K), 0.0112992 secs] [Times: user=0.06 sys=0.00, real=0.01 secs]
2325.749: [GC [PSYoungGen: 52224K->256K(58880K)] 528073K->476105K(779776K), 0.0112992 secs] [Times: user=0.06 sys=0.00, real=0.01 secs]
2325.749: [GC [PSYoungGen: 52224K->256K(58880K)] 528073K->476105K(779776K), 0.0112992 secs] [Times: user=0.06 sys=0.00, real=0.01 secs]
2325.749: [GC [PSYoungGen: 52224K->256K(58880K)] 528073K->476105K(779776K), 0.0112992 secs] [Times: user=0.06 sys=0.00, real=0.01 secs]
2325.749: [GC [PSYoungGen: 52224K->256K(58880K)] 528073K->476105K(779776K), 0.0112992 secs] [Times: user=0.06 sys=0.00, real=0.01 secs]
2325.749: [GC [PSYoungGen: 52224K->256K(58880K)] 528073K->476105K(779776K), 0.0112992 secs] [Times: user=0.06 sys=0.00, real=0.01 secs]
2325.749: [GC [PSYoungGen: 52224K->256K(58880K)] 528073K->476105K(779776K), 0.0112992 secs] [Times: user=0.06 sys=0.00, real=0.01 secs]
2325.749: [GC [PSYoungGen: 52224K->256K(58880K)] 528073K->476105K(779776K), 0.0112992 secs] [Times: user=0.06 sys=0.00, real=0.01 secs]
2325.749: [GC [PSYoungGen: 52224K->256K(58880K)] 528073K->476105K(779776K), 0.0112992 secs] [Times: user=0.06 sys=0.00, real=0.01 secs]
2325.749: [GC [PSYoungGen: 52224K->256K(58880K)] 528073K->476105K(779776K), 0.0112992 secs] [Times: user=0.06 sys=0.00, real=0.01 secs]
2325.749: [GC [PSYoungGen: 52224K->256K(58880K)] 528073K->476105K(779776K), 0.0112992 secs] [Times: user=0.06 sys=0.00, real=0.01 secs]
2325.749: [GC [PSYoungGen: 52224K->256K(58880K)] 528073K->476105K(779776K), 0.0112992 secs] [Times: user=0.06 sys=0.00, real=0.01 secs]
2325.749: [GC [PSYoungGen: 52224K->256K(58880K)] 528073K->476105K(779776K), 0.0112992 secs] [Times: user=0.06 sys=0.00, real=0.01 secs]
2325.749: [GC [PSYoungGen: 52224K->256K(58880K)] 528073K->476105K(779776K), 0.0112992 secs] [Times: user=0.06 sys=0.00, real=0.01 secs]
2325.749: [GC [PSYoungGen: 52224K->256K(58880K)] 528073K->476105K(779776K), 0.0112992 secs] [Times: user=0.06 sys=0.00, real=0.01 secs]
2325.749: [GC [PSYoungGen: 52224K->256K(58880K)] 528073K->476105K(779776K), 0.0112992 secs] [Times: user=0.06 sys=0.00, real=0.01 secs]
2325.749: [GC [PSYoungGen: 52224K->256K(58880K)] 528073K->476105K(779776K), 0.0112992 secs] [Times: user=0.06 sys=0.00, real=0.01 secs]
2325.749: [GC [PSYoungGen: 52224K->256K(58880K)] 528073K->476105K(779776K), 0.0112992 secs] [Times: user=0.06 sys=0.00, real=0.01 secs]
2325.749: [GC [PSYoungGen: 52224K->256K(58880K)] 528073K->476105K(779776K), 0.0112992 secs] [Times: user=0.06 sys=0.00, real=0.01 secs]
2325.749: [GC [PSYoungGen: 52224K->256K(58880K)] 528073K->476105K(779776K), 0.0112992 secs] [Times: user=0.06 sys=0.00, real=0.01 secs]
2325.749: [GC [PSYoungGen: 52224K->256K(58880K)] 528073K->476105K(779776K), 0.0112992 secs] [Times: user=0.06 sys=0.00, real=0.01 secs]
2325.749: [GC [PSYoungGen: 52224K->256K(58880K)] 528073K->476105K(779776K), 0.0112992 secs] [Times: user=0.06 sys=0.00, real=0.01 secs]
2325.749: [GC [PSYoungGen: 52224K->256K(58880K)] 528073K->476105K(779776K), 0.0112992 secs] [Times: user=0.06 sys=0.00, real=0.01 secs]
2325.749: [GC [PSYoungGen: 52224K->256K(58880K)] 528073K->476105K(779776K), 0.0112992 secs] [Times: user=0.06 sys=0.00, real=0.01 secs]
2325.749: [GC [PSYoungGen: 52224K->256K(58880K)] 528073K->476105K(779776K), 0.0112992 secs] [Times: user=0.06 sys=0.00, real=0.01 secs]
2325.749: [GC [PSYoungGen: 52224K->256K(58880K)] 528073K->476105K(779776K), 0.0112992 secs] [Times: user=0.06 sys=0.00, real=0.01 secs]
2325.749: [GC [PSYoungGen: 52224K->256K(58880K)] 528073K->476105K(779776K), 0.0112992 secs] [Times: user=0.06 sys=0.00, real=0.01 secs]
2325.749: [GC [PSYoungGen: 52224K->256K(58880K)] 528073K->476105K(779776K), 0.0112992 secs] [Times: user=0.06 sys=0.00, real=0.01 secs]
2325.749: [GC [PSYoungGen: 52224K->256K(58880K)] 528073K->476105K(779776K), 0.0112992 secs] [Times: user=0.06 sys=0.00, real=0.01 secs]
2325.749: [GC [PSYoungGen: 52224K->256K(58880K)] 528073K->476105K(779776K), 0.0112992 secs] [Times: user=0.06 sys=0.00, real=0.01 secs]
2325.749: [GC [PSYoungGen: 52224K->256K(58880K)] 528073K->476105K(779776K), 0.0112992 secs] [Times: user=0.06 sys=0.00, real=0.01 secs]
2325.749: [GC [PSYoungGen: 52224K->256K(58880K)] 528073K->476105K(779776K), 0.0112992 secs] [Times: user=0.06 sys=0.00, real=0.01 secs]
2325.749: [GC [PSYoungGen: 52224K->256K(58880K)] 528073K->476105K(779776K), 0.0112992 secs] [Times: user=0.06 sys=0.00, real=0.01 secs]
2325.749: [GC [PSYoungGen: 52224K->256K(58880K)] 528073K->476105K(779776K), 0.0112992 secs] [Times: user=0.06 sys=0.00, real=0.01 secs]
2325.749: [GC [PSYoungGen: 52224K->256K(58880K)] 528073K->476105K(779776K), 0.0112992 secs] [Times: user=0.06 sys=0.00, real=0.01 secs]
2325.749: [GC [PSYoungGen: 52224K->256K(58880K)] 528073K->476105K(779776K), 0.0112992 secs] [Times: user=0.06 sys=0.00, real=0.01 secs]
2325.749: [GC [PSYoungGen: 52224K->256K(58880K)] 528073K->476105K(779776K), 0.0112992 secs] [Times: user=0.06 sys=0.00, real=0.01 secs]
2325.749: [GC [PSYoungGen: 52224K->256K(58880K)] 528073K->476105K(779776K), 0.0112992 secs] [Times: user=0.06 sys=0.00, real=0.01 secs]
2325.749: [GC [PSYoungGen: 52224K->256K(58880K)] 528073K->476105K(779776K), 0.0112992 secs] [Times: user=0.06 sys=0.00, real=0.01 secs]
2325.749: [GC [PSYoungGen: 52224K->256K(58880K)] 528073K->476105K(779776K), 0.0112992 secs] [Times: user=0.06 sys=0.00, real=0.01 secs]
2325.749: [GC [PSYoungGen: 52224K->256K(58880K)] 528073K->476105K(779776K), 0.0112992 secs] [Times: user=0.06 sys=0.00, real=0.01 secs]
2325.749: [GC [PSYoungGen: 52224K->256K(58880K)] 528073K->476105K(779776K), 0.0112992 secs] [Times: user=0.06 sys=0.00, real=0.01 secs]
2325.749: [GC [PSYoungGen: 52224K->256K(58880K)] 528073K->476105K(779776K), 0.0112992 secs] [Times: user=0.06 sys=0.00, real=0.01 secs]
2325.749: [GC [PSYoungGen: 52224K->256K(58880K)] 528073K->476105K(779776K), 0.0112992 secs] [Times: user=0.06 sys=0.00, real=0.01 secs]
2325.749: [GC [PSYoungGen: 52224K->256K(58880K)] 528073K->476105K(779776K), 0.0112992 secs] [Times: user=0.06 sys=0.00, real=0.01 secs]
2325.749: [GC [PSYoungGen: 52224K->256K(58880K)] 528073K->476105K(779776K), 0.0112992 secs] [Times: user=0.06 sys=0.00, real=0.01 secs]
2325.749: [GC [PSYoungGen: 52224K->256K(58880K)] 528073K->476105K(779776K), 0.0112992 secs] [Times: user=0.06 sys=0.00, real=0.01 secs]
2325.749: [GC [PSYoungGen: 52224K->256K(58880K)] 528073K->476105K(779776K), 0.0112992 secs] [Times: user=0.06 sys=0.00, real=0.01 secs]
2325.749: [GC [PSYoungGen: 52224K->256K(58880K)] 528073K->476105K(779776K), 0.0112992 secs] [Times: user=0.06 sys=0.00, real=0.01 secs]
2325.749: [GC [PSYoungGen: 52224K->256K(58880K)] 528073K->476105K(779776K), 0.0112992 secs] [Times: user=0.06 sys=0.00, real=0.01 secs]
2325.749: [GC [PSYoungGen: 52224K->256K(58880K)] 528073K->476105K(779776K), 0.0112992 secs] [Times: user=0.06 sys=0.00, real=0.01 secs]
2325.749: [GC [PSYoungGen: 52224K->256K(58880K)] 528073K->476105K(779776K), 0.0112992 secs] [Times: user=0.06 sys=0.00, real=0.01 secs]
2325.749: [GC [PSYoungGen: 52224K->256K(58880K)] 528073K->476105K(779776K), 0.0112992 secs] [Times: user=0.06 sys=0.00, real=0.01 secs]
2325.749: [GC [PSYoungGen: 52224K->256K(58880K)] 528073K->476105K(779776K), 0.0112992 secs] [Times: user=0.06 sys=0.00, real=0.01 secs]
2325.749: [GC [PSYoungGen: 52224K->256K(58880K)] 528073K->476105K(779776K), 0.0112992 secs] [Times: user=0.06 sys=0.00, real=0.01 secs]
2325.749: [GC [PSYoungGen: 52224K->256K(58880K)] 528073K->476105K(779776K), 0.0112992 secs] [Times: user=0.06 sys=0.00, real=0.01 secs]
2325.749: [GC [PSYoungGen: 52224K->256K(58880K)] 528073K->476105K(779776K), 0.0112992 secs] [Times: user=0.06 sys=0.00, real=0.01 secs]
2325.749: [GC [PSYoungGen: 52224K->256K(58880K)] 528073K->476105K(779776K), 0.0112992 secs] [Times: user=0.06 sys=0.00, real=0.01 secs]
2325.749: [GC [PSYoungGen: 52224K->256K(58880K)] 528073K->476105K(779776K), 0.0112992 secs] [Times: user=0.06 sys=0.00, real=0.01 secs]
2325.749: [GC [PSYoungGen: 52224K->256K(58880K)] 528073K->476105K(779776K), 0.0112992 secs] [Times: user=0.06 sys=0.00, real=0.01 secs]
2325.749: [GC [PSYoungGen: 52224K->256K(58880K)] 528073K->476105K(779776K), 0.0112992 secs] [Times: user=0.06 sys=0.00, real=0.01 secs]
2325.749: [GC [PSYoungGen: 52224K->256K(58880K)] 528073K->476105K(779776K), 0.0112992 secs] [Times: user=0.06 sys=0.00, real=0.01 secs]
2325.749: [GC [PSYoungGen: 52224K->256K(58880K)] 528073K->476105K(779776K), 0.0112992 secs] [Times: user=0.06 sys=0.00, real=0.01 secs]
2325.749: [GC [PSYoungGen: 52224K->256K(58880K)] 528073K->476105K(779776K), 0.0112992 secs] [Times: user=0.06 sys=0.00, real=0.01 secs]
2325.749: [GC [PSYoungGen: 52224K->256K(58880K)] 528073K->476105K(779776K), 0.0112992 secs] [Times: user=0.06 sys=0.00, real=0.01 secs]
2325.749: [GC [PSYoungGen: 52224K->256K(58880K)] 528073K->476105K(779776K), 0.0112992 secs] [Times: user=0.06 sys=0.00, real=0.01 secs]
2325.749: [GC [PSYoungGen: 52224K->256K(58880K)] 528073K->476105K(779776K), 0.0112992 secs] [Times: user=0.06 sys=0.00, real=0.01 secs]
2325.749: [GC [PSYoungGen: 52224K->256K(58880K)] 528073K->476105K(779776K), 0.0112992 secs] [Times: user=0.06 sys=0.00, real=0.01 secs]
2325.749: [GC [PSYoungGen: 52224K->256K(58880K)] 528073K->476105K(779776K), 0.0112992 secs] [Times: user=0.06 sys=0.00, real=0.01 secs]
2325.749: [GC [PSYoungGen: 52224K->256K(58880K)] 528073K->476105K(779776K), 0.0112992 secs] [Times: user=0.06 sys=0.00, real=0.01 secs]
2325.749: [GC [PSYoungGen: 52224K->256K(58880K)] 528073K->476105K(779776K), 0.0112992 secs] [Times: user=0.06 sys=0.00, real=0.01 secs]
2325.749: [GC [PSYoungGen: 52224K->256K(58880K)] 528073K->476105K(779776K), 0.0112992 secs] [Times: user=0.06 sys=0.00, real=0.01 secs]
2325.749: [GC [PSYoungGen: 52224K->256K(58880K)] 528073K->476105K(779776K), 0.0112992 secs] [Times: user=0.06 sys=0.00, real=0.01 secs]
2325.749: [GC [PSYoungGen: 52224K->256K(58880K)] 528073K->476105K(779776K), 0.0112992 secs] [Times: user=0.06 sys=0.00, real=0.01 secs]
2325.749: [GC [PSYoungGen: 52224K->256K(58880K)] 528073K->476105K(779776K), 0.0112992 secs] [Times: user=0.06 sys=0.00, real=0.01 secs]
2325.749: [GC [PSYoungGen: 52224K->256K(58880K)] 528073K->476105K(779776K), 0.0112992 secs] [Times: user=0.06 sys=0.00, real=0.01 secs]
2325.749: [GC [PSYoungGen: 52224K->256K(58880K)] 528073K->476105K(779776K), 0.0112992 secs] [Times: user=0.06 sys=0.00, real=0.01 secs]
2325.749: [GC [PSYoungGen: 52224K->256K(58880K)] 528073K->476105K(779776K), 0.0112992 secs] [Times: user=0.06 sys=0.00, real=0.01 secs]
2325.749: [GC [PSYoungGen: 52224K->256K(58880K)] 528073K->476105K(779776K), 0.0112992 secs] [Times: user=0.06 sys=0.00, real=0.01 secs]
2325.749: [GC [PSYoungGen: 52224K->256K(58880K)] 528073K->476105K(779776K), 0.0112992 secs] [Times: user=0.06 sys=0.00, real=0.01 secs]
2325.749: [GC [PSYoungGen: 52224K->256K(58880K)] 528073K->476105K(779776K), 0.0112992 secs] [Times: user=0.06 sys=0.00, real=0.01 secs]
2325.749: [GC [PSYoungGen: 52224K->256K(58880K)] 528073K->476105K(779776K), 0.0112992 secs] [Times: user=0.06 sys=0.00, real=0.01 secs]
2325.749: [GC [PSYoungGen: 52224K->256K(58880K)] 528073K->476105K(779776K), 0.0112992 secs] [Times: user=0.06 sys=0.00, real=0.01 secs]
2325.749: [GC [PSYoungGen: 52224K->256K(58880K)] 528073K->476105K(779776K), 0.0112992 secs] [Times: user=0.06 sys=0.00, real=0.01 secs]
2325.749: [GC [PSYoungGen: 52224K->256K(58880K)] 528073K->476105K(779776K), 0.0112992 secs] [Times: user=0.06 sys=0.00, real=0.01 secs]
2325.749: [GC [PSYoungGen: 52224K->256K(58880K)] 528073K->476105K(779776K), 0.0112992 secs] [Times: user=0.06 sys=0.00, real=0.01 secs]
2325.749: [GC [PSYoungGen: 52224K->256K(58880K)] 528073K->476105K(779776K), 0.0112992 secs] [Times: user=0.06 sys=0.00, real=0.01 secs]
2325.749: [GC [PSYoungGen: 52224K->256K(58880K)] 528073K->476105K(779776K), 0.0112992 secs] [Times: user=0.06 sys=0.00, real=0.01 secs]
2325.749: [GC [PSYoungGen: 52224K->256K(58880K)] 528073K->476105K(779776K), 0.0112992 secs] [Times: user=0.06 sys=0.00, real=0.01 secs]
2325.749: [GC [PSYoungGen: 52224K->256K(58880K)] 528073K->476105K(779776K), 0.0112992 secs] [Times: user=0.06 sys=0.00, real=0.01 secs]
2325.749: [GC [PSYoungGen: 52224K->256K(58880K)] 528073K->476105K(779776K), 0.0112992 secs] [Times: user=0.06 sys=0.00, real=0.01 secs]
2325.749: [GC [PSYoungGen: 52224K->256K(58880K)] 528073K->476105K(779776K), 0.0112992 secs] [Times: user=0.06 sys=0.00, real=0.01 secs]
2325.749: [GC [PSYoungGen: 52224K->256K(58880K)] 528073K->476105K(779776K), 0.0112992 secs] [Times: user=0.06 sys=0.00, real=0.01 secs]
2325.749: [GC [PSYoungGen: 52224K->256K(58880K)] 528073K->476105K(779776K), 0.0112992 secs] [Times: user=0.06 sys=0.00, real=0.01 secs]
2325.749: [GC [PSYoungGen: 52224K->256K(58880K)] 528073K->476105K(779776K), 0.0112992 secs] [Times: user=0.06 sys=0.00, real=0.01 secs]
2325.749: [GC [PSYoungGen: 52224K->256K(58880K)] 528073K->476105K(779776K), 0.0112992 secs] [Times: user=0.06 sys=0.00, real=0.01 secs]
2325.749: [GC [PSYoungGen: 52224K->256K(58880K)] 528073K->476105K(779776K), 0.0112992 secs] [Times: user=0.06 sys=0.00, real=0.01 secs]
2325.749: [GC [PSYoungGen: 52224K->256K(58880K)] 528073K->476105K(779776K), 0.0112992 secs] [Times: user=0.06 sys=0.00, real=0.01 secs]
2325.749: [GC [PSYoungGen: 52224K->256K(58880K)] 528073K->476105K(779776K), 0.0112992 secs] [Times: user=0.06 sys=0.00, real=0.01 secs]
2325.749: [GC [PSYoungGen: 52224K->256K(58880K)] 528073K->476105K(779776K), 0.0112992 secs] [Times: user=0.06 sys=0.00, real=0.01 secs]
2325.749: [GC [PSYoungGen: 52224K->256K(58880K)] 528073K->476105K(779776K), 0.0112992 secs] [Times: user=0.06 sys=0.00, real=0.01 secs]
2325.749: [GC [PSYoungGen: 52224K->256K(58880K)] 528073K->476105K(779776K), 0.0112992 secs] [Times: user=0.06 sys=0.00, real=0.01 secs]
2325.749: [GC [PSYoungGen: 52224K->256K(58880K)] 528073K->476105K(779776K), 0.0112992 secs] [Times: user=0.06 sys=0.00, real=0.01 secs]
2325.749: [GC [PSYoungGen: 52224K->256K(58880K)] 528073K->476105K(779776K), 0.0112992 secs] [Times: user=0.06 sys=0.00, real=0.01 secs]
2325.749: [GC [PSYoungGen: 52224K->256K(58880K)] 528073K->476105K(779776K), 0.0112992 secs] [Times: user=0.06 sys=0.00, real=0.01 secs]
2325.749: [GC [PSYoungGen: 52224K->256K(58880K)] 528073K->476105K(779776K), 0.0112992 secs] [Times: user=0.06 sys=0.00, real=0.01 secs]
2325.749: [GC [PSYoungGen: 52224K->256K(58880K)] 528073K->476105K(779776K), 0.0112992 secs] [Times: user=0.06 sys=0.00, real=0.01 secs]
2325.749: [GC [PSYoungGen: 52224K->256K(58880K)] 528073K->476105K(779776K), 0.0112992 secs] [Times: user=0.06 sys=0.00, real=0.01 secs]
2325.749: [GC [PSYoungGen: 52224K->256K(58880K)] 528073K->476105K(779776K), 0.0112992 secs] [Times: user=0.06 sys=0.00, real=0.01 secs]
2325.749: [GC [PSYoungGen: 52224K->256K(58880K)] 528073K->476105K(779776K), 0.0112992 secs] [Times: user=0.06 sys=0.00, real=0.01 secs]
2325.749: [GC [PSYoungGen: 52224K->256K(58880K)] 528073K->476105K(779776K), 0.0112992 secs] [Times: user=0.06 sys=0.00, real=0.01 secs]
2325.749: [GC [PSYoungGen: 52224K->256K(58880K)] 528073K->476105K(779776K), 0.0112992 secs] [Times: user=0.06 sys=0.00, real=0.01 secs]
2325.749: [GC [PSYoungGen: 52224K->256K(58880K)] 528073K->476105K(779776K), 0.0112992 secs] [Times: user=0.06 sys=0.00, real=0.01 secs]
2325.749: [GC [PSYoungGen: 52224K->256K(58880K)] 528073K->476105K(779776K), 0.0112992 secs] [Times: user=0.06 sys=0.00, real=0.01 secs]
2325.749: [GC [PSYoungGen: 52224K->256K(58880K)] 528073K->476105K(779776K), 0.0112992 secs] [Times: user=0.06 sys=0.00, real=0.01 secs]
2325.749: [GC [PSYoungGen: 52224K->256K(58880K)] 528073K->476105K(779776K), 0.0112992 secs] [Times: user=0.06 sys=0.00, real=0.01 secs]
2325.749: [GC [PSYoungGen: 52224K->256K(58880K)] 528073K->476105K(779776K), 0.0112992 secs] [Times: user=0.06 sys=0.00, real=0.01 secs]
2325.749: [GC [PSYoungGen: 52224K->256K(58880K)] 528073K->476105K(779776K), 0.0112992 secs] [Times: user=0.06 sys=0.00, real=0.01 secs]
2325.749: [GC [PSYoungGen: 52224K->256K(58880K)] 528073K->476105K(779776K), 0.0112992 secs] [Times: user=0.06 sys=0.00, real=0.01 secs]
2325.749: [GC [PSYoungGen: 52224K->256K(58880K)] 528073K->476105K(779776K), 0.0112992 secs] [Times: user=0.06 sys=0.00, real=0.01 secs]
2325.749: [GC [PSYoungGen: 52224K->256K(58880K)] 528073K->476105K(779776K), 0.0112992 secs] [Times: user=0.06 sys=0.00, real=0.01 secs]
2325.749: [GC [PSYoungGen: 52224K->256K(58880K)] 528073K->476105K(779776K), 0.0112992 secs] [Times: user=0.06 sys=0.00, real=0.01 secs]
2325.749: [GC [PSYoungGen: 52224K->256K(58880K)] 528073K->476105K(779776K), 0.0112992 secs] [Times: user=0.06 sys=0.00, real=0.01 secs]
2325.749: [GC [PSYoungGen: 52224K->256K(58880K)] 528073K->476105K(779776K), 0.0112992 secs] [Times: user=0.06 sys=0.00, real=0.01 secs]
2325.749: [GC [PSYoungGen: 52224K->256K(58880K)] 528073K->476105K(779776K), 0.0112992 secs] [Times: user=0.06 sys=0.00, real=0.01 secs]
2325.749: [GC [PSYoungGen: 52224K->256K(58880K)] 528073K->476105K(779776K), 0.0112992 secs] [Times: user=0.06 sys=0.00, real=0.01 secs]
2325.749: [GC [PSYoungGen: 52224K->256K(58880K)] 528073K->476105K(779776K), 0.0112992 secs] [Times: user=0.06 sys=0.00, real=0.01 secs]
2325.749: [GC [PSYoungGen: 52224K->256K(58880K)] 528073K->476105K(779776K), 0.0112992 secs] [Times: user=0.06 sys=0.00, real=0.01 secs]
2325.749: [GC [PSYoungGen: 52224K->256K(58880K)] 528073K->476105K(779776K), 0.0112992 secs] [Times: user=0.06 sys=0.00, real=0.01 secs]
2325.749: [GC [PSYoungGen: 52224K->256K(58880K)] 528073K->476105K(779776K), 0.0112992 secs] [Times: user=0.06 sys=0.00, real=0.01 secs]
2325.749: [GC [PSYoungGen: 52224K->256K(58880K)] 528073K->476105K(779776K), 0.0112992 secs] [Times: user=0.06 sys=0.00, real=0.01 secs]
2325.749: [GC [PSYoungGen: 52224K->256K(58880K)] 528073K->476105K(779776K), 0.0112992 secs] [Times: user=0.06 sys=0.00, real=0.01 secs]
2325.749: [GC [PSYoungGen: 52224K->256K(58880K)] 528073K->476105K(779776K), 0.0112992 secs] [Times: user=0.06 sys=0.00, real=0.01 secs]
2325.749: [GC [PSYoungGen: 52224K->256K(58880K)] 528073K->476105K(779776K), 0.0112992 secs] [Times: user=0.06 sys=0.00, real=0.01 secs]
2325.749: [GC [PSYoungGen: 52224K->256K(58880K)] 528073K->476105K(779776K), 0.0112992 secs] [Times: user=0.06 sys=0.00, real=0.01 secs]
2325.749: [GC [PSYoungGen: 52224K->256K(58880K)] 528073K->476105K(779776K), 0.0112992 secs] [Times: user=0.06 sys=0.00, real=0.01 secs]
2325.749: [GC [PSYoungGen: 52224K->256K(58880K)] 528073K->476105K(779776K), 0.0112992 secs] [Times: user=0.06 sys=0.00, real=0.01 secs]
2325.749: [GC [PSYoungGen: 52224K->256K(58880K)] 528073K->476105K(779776K), 0.0112992 secs] [Times: user=0.06 sys=0.00, real=0.01 secs]
2325.749: [GC [PSYoungGen: 52224K->256K(58880K)] 528073K->476105K(779776K), 0.0112992 secs] [Times: user=0.06 sys=0.00, real=0.01 secs]
2325.749: [GC [PSYoungGen: 52224K->256K(58880K)] 528073K->476105K(779776K), 0.0112992 secs] [Times: user=0.06 sys=0.00, real=0.01 secs]
2325.749: [GC [PSYoungGen: 52224K->256K(58880K)] 528073K->476105K(779776K), 0.0112992 secs] [Times: user=0.06 sys=0.00, real=0.01 secs]
2325.749: [GC [PSYoungGen: 52224K->256K(58880K)] 528073K->476105K(779776K), 0.0112992 secs] [Times: user=0.06 sys=0.00, real=0.01 secs]
2325.749: [GC [PSYoungGen: 52224K->256K(58880K)] 528073K->476105K(779776K), 0.0112992 secs] [Times: user=0.06 sys=0.00, real=0.01 secs]
2325.749: [GC [PSYoungGen: 52224K->256K(58880K)] 528073K->476105K(779776K), 0.0112992 secs] [Times: user=0.06 sys=0.00, real=0.01 secs]
2325.749: [GC [PSYoungGen: 52224K->256K(58880K)] 528073K->476105K(779776K), 0.0112992 secs] [Times: user=0.06 sys=0.00, real=0.01 secs]
2325.749: [GC [PSYoungGen: 52224K->256K(58880K)] 528073K->476105K(779776K), 0.0112992 secs] [Times: user=0.06 sys=0.00, real=0.01 secs]
2325.749: [GC [PSYoungGen: 52224K->256K(58880K)] 528073K->476105K(779776K), 0.0112992 secs] [Times: user=0.06 sys=0.00, real=0.01 secs]
2325.749: [GC [PSYoungGen: 52224K->256K(58880K)] 528073K->476105K(779776K), 0.0112992 secs] [Times: user=0.06 sys=0.00, real=0.01 secs]
2325.749: [GC [PSYoungGen: 52224K->256K(58880K)] 528073K->476105K(779776K), 0.0112992 secs] [Times: user=0.06 sys=0.00, real=0.01 secs]
2325.749: [GC [PSYoungGen: 52224K->256K(58880K)] 528073K->476105K(779776K), 0.0112992 secs] [Times: user=0.06 sys=0.00, real=0.01 secs]
2325.749: [GC [PSYoungGen: 52224K->256K(58880K)] 528073K->476105K(779776K), 0.0112992 secs] [Times: user=0.06 sys=0.00, real=0.01 secs]
2325.749: [GC [PSYoungGen: 52224K->256K(58880K)] 528073K->476105K(779776K), 0.0112992 secs] [Times: user=0.06 sys=0.00, real=0.01 secs]
2325.749: [GC [PSYoungGen: 52224K->256K(58880K)] 528073K->476105K(779776K), 0.0112992 secs] [Times: user=0.06 sys=0.00, real=0.01 secs]
2325.749: [GC [PSYoungGen: 52224K->256K(58880K)] 528073K->476105K(779776K), 0.0112992 secs] [Times: user=0.06 sys=0.00, real=0.01 secs]
2325.749: [GC [PSYoungGen: 52224K->256K(58880K)] 528073K->476105K(779776K), 0.0112992 secs] [Times: user=0.06 sys=0.00, real=0.01 secs]
2325.749: [GC [PSYoungGen: 52224K->256K(58880K)] 528073K->476105K(779776K), 0.0112992 secs] [Times: user=0.06 sys=0.00, real=0.01 secs]
2325.749: [GC [PSYoungGen: 52224K->256K(58880K)] 528073K->476105K(779776K), 0.0112992 secs] [Times: user=0.06 sys=0.00, real=0.01 secs]
2325.749: [GC [PSYoungGen: 52224K->256K(58880K)] 528073K->476105K(779776K), 0.0112992 secs] [Times: user=0.06 sys=0.00, real=0.01 secs]
2325.749: [GC [PSYoungGen: 52224K->256K(58880K)] 528073K->476105K(779776K), 0.0112992 secs] [Times: user=0.06 sys=0.00, real=0.01 secs]
2325.749: [GC [PSYoungGen: 52224K->256K(58880K)] 528073K->476105K(779776K), 0.0112992 secs] [Times: user=0.06 sys=0.00, real=0.01 secs]
2325.749: [GC [PSYoungGen: 52224K->256K(58880K)] 528073K->476105K(779776K), 0.0112992 secs] [Times: user=0.06 sys=0.00, real=0.01 secs]
2325.749: [GC [PSYoungGen: 52224K->256K(58880K)] 528073K->476105K(779776K), 0.0112992 secs] [Times: user=0.06 sys=0.00, real=0.01 secs]
2325.749: [GC [PSYoungGen: 52224K->256K(58880K)] 528073K->476105K(779776K), 0.0112992 secs] [Times: user=0.06 sys=0.00, real=0.01 secs]
2325.749: [GC [PSYoungGen: 52224K->256K(58880K)] 528073K->476105K(779776K), 0.0112992 secs] [Times: user=0.06 sys=0.00, real=0.01 secs]
2325.749: [GC [PSYoungGen: 52224K->256K(58880K)] 528073K->476105K(779776K), 0.0112992 secs] [Times: user=0.06 sys=0.00, real=0.01 secs]
2325.749: [GC [PSYoungGen: 52224K->256K(58880K)] 528073K->476105K(779776K), 0.0112992 secs] [Times: user=0.06 sys=0.00, real=0.01 secs]
2325.749: [GC [PSYoungGen: 52224K->256K(58880K)] 528073K->476105K(779776K), 0.0112992 secs] [Times: user=0.06 sys=0.00, real=0.01 secs]
2325.749: [GC [PSYoungGen: 52224K->256K(58880K)] 528073K->476105K(779776K), 0.0112992 secs] [Times: user=0.06 sys=0.00, real=0.01 secs]
2325.749: [GC [PSYoungGen: 52224K->256K(58880K)] 528073K->476105K(779776K), 0.0112992 secs] [Times: user=0.06 sys=0.00, real=0.01 secs]
2325.749: [GC [PSYoungGen: 52224K->256K(58880K)] 528073K->476105K(779776K), 0.0112992 secs] [Times: user=0.06 sys=0.00, real=0.01 secs]
2325.749: [GC [PSYoungGen: 52224K->256K(58880K)] 528073K->476105K(779776K), 0.0112992 secs] [Times: user=0.06 sys=0.00, real=0.01 secs]
2325.749: [GC [PSYoungGen: 52224K->256K(58880K)] 528073K->476105K(779776K), 0.0112992 secs] [Times: user=0.06 sys=0.00, real=0.01 secs]
2325.749: [GC [PSYoungGen: 52224K->256K(58880K)] 528073K->476105K(779776K), 0.0112992 secs] [Times: user=0.06 sys=0.00, real=0.01 secs]
2325.749: [GC [PSYoungGen: 52224K->256K(58880K)] 528073K->476105K(779776K), 0.0112992 secs] [Times: user=0.06 sys=0.00, real=0.01 secs]
2325.749: [GC [PSYoungGen: 52224K->256K(58880K)] 528073K->476105K(779776K), 0.0112992 secs] [Times: user=0.06 sys=0.00, real=0.01 secs]
2325.749: [GC [PSYoungGen: 52224K->256K(58880K)] 528073K->476105K(779776K), 0.0112992 secs] [Times: user=0.06 sys=0.00, real=0.01 secs]
2325.749: [GC [PSYoungGen: 52224K->256K(58880K)] 528073K->476105K(779776K), 0.0112992 secs] [Times: user=0.06 sys=0.00, real=0.01 secs]
2325.749: [GC [PSYoungGen: 52224K->256K(58880K)] 528073K->476105K(779776K), 0.0112992 secs] [Times: user=0.06 sys=0.00, real=0.01 secs]
2325.749: [GC [PSYoungGen: 52224K->256K(58880K)] 528073K->476105K(779776K), 0.0112992 secs] [Times: user=0.06 sys=0.00, real=0.01 secs]
2325.749: [GC [PSYoungGen: 52224K->256K(58880K)] 528073K->476105K(779776K), 0.0112992 secs] [Times: user=0.06 sys=0.00, real=0.01 secs]
2325.749: [GC [PSYoungGen: 52224K->256K(58880K)] 528073K->476105K(779776K), 0.0112992 secs] [Times: user=0.06 sys=0.00, real=0.01 secs]
2325.749: [GC [PSYoungGen: 52224K->256K(58880K)] 528073K->476105K(779776K), 0.0112992 secs] [Times: user=0.06 sys=0.00, real=0.01 secs]
2325.749: [GC [PSYoungGen: 52224K->256K(58880K)] 528073K->476105K(779776K), 0.0112992 secs] [Times: user=0.06 sys=0.00, real=0.01 secs]
2325.749: [GC [PSYoungGen: 52224K->256K(58880K)] 528073K->476105K(779776K), 0.0112992 secs] [Times: user=0.06 sys=0.00, real=0.01 secs]
2325.749: [GC [PSYoungGen: 52224K->256K(58880K)] 528073K->476105K(779776K), 0.0112992 secs] [Times: user=0.06 sys=0.00, real=0.01 secs]
2325.749: [GC [PSYoungGen: 52224K->256K(58880K)] 528073K->476105K(779776K), 0.0112992 secs] [Times: user=0.06 sys=0.00, real=0.01 secs]
2325.749: [GC [PSYoungGen: 52224K->256K(58880K)] 528073K->476105K(779776K), 0.0112992 secs] [Times: user=0.06 sys=0.00, real=0.01 secs]
2325.749: [GC [PSYoungGen: 52224K->256K(58880K)] 528073K->476105K(779776K), 0.0112992 secs] [Times: user=0.06 sys=0.00, real=0.01 secs]
2325.749: [GC [PSYoungGen: 52224K->256K(58880K)] 528073K->476105K(779776K), 0.0112992 secs] [Times: user=0.06 sys=0.00, real=0.01 secs]
2325.749: [GC [PSYoungGen: 52224K->256K(58880K)] 528073K->476105K(779776K), 0.0112992 secs] [Times: user=0.06 sys=0.00, real=0.01 secs]
2325.749: [GC [PSYoungGen: 52224K->256K(58880K)] 528073K->476105K(779776K), 0.0112992 secs] [Times: user=0.06 sys=0.00, real=0.01 secs]
2325.749: [GC [PSYoungGen: 52224K->256K(58880K)] 528073K->476105K(779776K), 0.0112992 secs] [Times: user=0.06 sys=0.00, real=0.01 secs]
2325.749: [GC [PSYoungGen: 52224K->256K(58880K)] 528073K->476105K(779776K), 0.0112992 secs] [Times: user=0.06 sys=0.00, real=0.01 secs]
2325.749: [GC [PSYoungGen: 52224K->256K(58880K)] 528073K->476105K(779776K), 0.0112992 secs] [Times: user=0.06 sys=0.00, real=0.01 secs]
2325.749: [GC [PSYoungGen: 52224K->256K(58880K)] 528073K->476105K(779776K), 0.0112992 secs] [Times: user=0.06 sys=0.00, real=0.01 secs]
2325.749: [GC [PSYoungGen: 52224K->256K(58880K)] 528073K->476105K(779776K), 0.0112992 secs] [Times: user=0.06 sys=0.00, real=0.01 secs]
2325.749: [GC [PSYoungGen: 52224K->256K(58880K)] 528073K->476105K(779776K), 0.0112992 secs] [Times: user=0.06 sys=0.00, real=0.01 secs]
2325.749: [GC [PSYoungGen: 52224K->256K(58880K)] 528073K->476105K(779776K), 0.0112992 secs] [Times: user=0.06 sys=0.00, real=0.01 secs]
2325.749: [GC [PSYoungGen: 52224K->256K(58880K)] 528073K->476105K(779776K), 0.0112992 secs] [Times: user=0.06 sys=0.00, real=0.01 secs]
2325.749: [GC [PSYoungGen: 52224K->256K(58880K)] 528073K->476105K(779776K), 0.0112992 secs] [Times: user=0.06 sys=0.00, real=0.01 secs]
2325.749: [GC [PSYoungGen: 52224K->256K(58880K)] 528073K->476105K(779776K), 0.0112992 secs] [Times: user=0.06 sys=0.00, real=0.01 secs]
2325.749: [GC [PSYoungGen: 52224K->256K(58880K)] 528073K->476105K(779776K), 0.0112992 secs] [Times: user=0.06 sys=0.00, real=0.01 secs]
2325.749: [GC [PSYoungGen: 52224K->256K(58880K)] 528073K->476105K(779776K), 0.0112992 secs] [Times: user=0.06 sys=0.00, real=0.01 secs]
2325.749: [GC [PSYoungGen: 52224K->256K(58880K)] 528073K->476105K(779776K), 0.0112992 secs] [Times: user=0.06 sys=0.00, real=0.01 secs]
2325.749: [GC [PSYoungGen: 52224K->256K(58880K)] 528073K->476105K(779776K), 0.0112992 secs] [Times: user=0.06 sys=0.00, real=0.01 secs]
2325.749: [GC [PSYoungGen: 52224K->256K(58880K)] 528073K->476105K(779776K), 0.0112992 secs] [Times: user=0.06 sys=0.00, real=0.01 secs]
2325.749: [GC [PSYoungGen: 52224K->256K(58880K)] 528073K->476105K(779776K), 0.0112992 secs] [Times: user=0.06 sys=0.00, real=0.01 secs]
2325.749: [GC [PSYoungGen: 52224K->256K(58880K)] 528073K->476105K(779776K), 0.0112992 secs] [Times: user=0.06 sys=0.00, real=0.01 secs]
2325.749: [GC [PSYoungGen: 52224K->256K(58880K)] 528073K->476105K(779776K), 0.0112992 secs] [Times: user=0.06 sys=0.00, real=0.01 secs]
2325.749: [GC [PSYoungGen: 52224K->256K(58880K)] 528073K->476105K(779776K), 0.0112992 secs] [Times: user=0.06 sys=0.00, real=0.01 secs]
2325.749: [GC [PSYoungGen: 52224K->256K(58880K)] 528073K->476105K(779776K), 0.0112992 secs] [Times: user=0.06 sys=0.00, real=0.01 secs]
2325.749: [GC [PSYoungGen: 52224K->256K(58880K)] 528073K->476105K(779776K), 0.0112992 secs] [Times: user=0.06 sys=0.00, real=0.01 secs]
2325.749: [GC [PSYoungGen: 52224K->256K(58880K)] 528073K->476105K(779776K), 0.0112992 secs] [Times: user=0.06 sys=0.00, real=0.01 secs]
2325.749: [GC [PSYoungGen: 52224K->256K(58880K)] 528073K->476105K(779776K), 0.0112992 secs] [Times: user=0.06 sys=0.00, real=0.01 secs]
2325.749: [GC [PSYoungGen: 52224K->256K(58880K)] 528073K->476105K(779776K), 0.0112992 secs] [Times: user=0.06 sys=0.00, real=0.01 secs]
2325.749: [GC [PSYoungGen: 52224K->256K(58880K)] 528073K->476105K(779776K), 0.0112992 secs] [Times: user=0.06 sys=0.00, real=0.01 secs]
2325.749: [GC [PSYoungGen: 52224K->256K(58880K)] 528073K->476105K(779776K), 0.0112992 secs] [Times: user=0.06 sys=0.00, real=0.01 secs]
2325.749: [GC [PSYoungGen: 52224K->256K(58880K)] 528073K->476105K(779776K), 0.0112992 secs] [Times: user=0.06 sys=0.00, real=0.01 secs]
2325.749: [GC [PSYoungGen: 52224K->256K(58880K)] 528073K->476105K(779776K), 0.0112992 secs] [Times: user=0.06 sys=0.00, real=0.01 secs]
2325.749: [GC [PSYoungGen: 52224K->256K(58880K)] 528073K->476105K(779776K), 0.0112992 secs] [Times: user=0.06 sys=0.00, real=0.01 secs]
2325.749: [GC [PSYoungGen: 52224K->256K(58880K)] 528073K->476105K(779776K), 0.0112992 secs] [Times: user=0.06 sys=0.00, real=0.01 secs]
2325.749: [GC [PSYoungGen: 52224K->256K(58880K)] 528073K->476105K(779776K), 0.0112992 secs] [Times: user=0.06 sys=0.00, real=0.01 secs]
2325.749: [GC [PSYoungGen: 52224K->256K(58880K)] 528073K->476105K(779776K), 0.0112992 secs] [Times: user=0.06 sys=0.00, real=0.01 secs]
2325.749: [GC [PSYoungGen: 52224K->256K(58880K)] 528073K->476105K(779776K), 0.0112992 secs] [Times: user=0.06 sys=0.00, real=0.01 secs]
2325.749: [GC [PSYoungGen: 52224K->256K(58880K)] 528073K->476105K(779776K), 0.0112992 secs] [Times: user=0.06 sys=0.00, real=0.01 secs]
2325.749: [GC [PSYoungGen: 52224K->256K(58880K)] 528073K->476105K(779776K), 0.0112992 secs] [Times: user=0.06 sys=0.00, real=0.01 secs]
2325.749: [GC [PSYoungGen: 52224K->256K(58880K)] 528073K->476105K(779776K), 0.0112992 secs] [Times: user=0.06 sys=0.00, real=0.01 secs]
2325.749: [GC [PSYoungGen: 52224K->256K(58880K)] 528073K->476105K(779776K), 0.0112992 secs] [Times: user=0.06 sys=0.00, real=0.01 secs]
2325.749: [GC [PSYoungGen: 52224K->256K(58880K)] 528073K->476105K(779776K), 0.0112992 secs] [Times: user=0.06 sys=0.00, real=0.01 secs]
2325.749: [GC [PSYoungGen: 52224K->256K(58880K)] 528073K->476105K(779776K), 0.0112992 secs] [Times: user=0.06 sys=0.00, real=0.01 secs]
2325.749: [GC [PSYoungGen: 52224K->256K(58880K)] 528073K->476105K(779776K), 0.0112992 secs] [Times: user=0.06 sys=0.00, real=0.01 secs]
2325.749: [GC [PSYoungGen: 52224K->256K(58880K)] 528073K->476105K(779776K), 0.0112992 secs] [Times: user=0.06 sys=0.00, real=0.01 secs]
2325.749: [GC [PSYoungGen: 52224K->256K(58880K)] 528073K->476105K(779776K), 0.0112992 secs] [Times: user=0.06 sys=0.00, real=0.01 secs]
2325.749: [GC [PSYoungGen: 52224K->256K(58880K)] 528073K->476105K(779776K), 0.0112992 secs] [Times: user=0.06 sys=0.00, real=0.01 secs]
2325.749: [GC [PSYoungGen: 52224K->256K(58880K)] 528073K->476105K(779776K), 0.0112992 secs] [Times: user=0.06 sys=0.00, real=0.01 secs]
2325.749: [GC [PSYoungGen: 52224K->256K(58880K)] 528073K->476105K(779776K), 0.0112992 secs] [Times: user=0.06 sys=0.00, real=0.01 secs]
2325.749: [GC [PSYoungGen: 52224K->256K(58880K)] 528073K->476105K(779776K), 0.0112992 secs] [Times: user=0.06 sys=0.00, real=0.01 secs]
2325.749: [GC [PSYoungGen: 52224K->256K(58880K)] 528073K->476105K(779776K), 0.0112992 secs] [Times: user=0.06 sys=0.00, real=0.01 secs]
2325.749: [GC [PSYoungGen: 52224K->256K(58880K)] 528073K->476105K(779776K), 0.0112992 secs] [Times: user=0.06 sys=0.00, real=0.01 secs]
2325.749: [GC [PSYoungGen: 52224K->256K(58880K)] 528073K->476105K(779776K), 0.0112992 secs] [Times: user=0.06 sys=0.00, real=0.01 secs]
2325.749: [GC [PSYoungGen: 52224K->256K(58880K)] 528073K->476105K(779776K), 0.0112992 secs] [Times: user=0.06 sys=0.00, real=0.01 secs]
2325.749: [GC [PSYoungGen: 52224K->256K(58880K)] 528073K->476105K(779776K), 0.0112992 secs] [Times: user=0.06 sys=0.00, real=0.01 secs]
2325.749: [GC [PSYoungGen: 52224K->256K(58880K)] 528073K->476105K(779776K), 0.0112992 secs] [Times: user=0.06 sys=0.00, real=0.01 secs]
2325.749: [GC [PSYoungGen: 52224K->256K(58880K)] 528073K->476105K(779776K), 0.0112992 secs] [Times: user=0.06 sys=0.00, real=0.01 secs]
2325.749: [GC [PSYoungGen: 52224K->256K(58880K)] 528073K->476105K(779776K), 0.0112992 secs] [Times: user=0.06 sys=0.00, real=0.01 secs]
2325.749: [GC [PSYoungGen: 52224K->256K(58880K)] 528073K->476105K(779776K), 0.0112992 secs] [Times: user=0.06 sys=0.00, real=0.01 secs]
2325.749: [GC [PSYoungGen: 52224K->256K(58880K)] 528073K->476105K(779776K), 0.0112992 secs] [Times: user=0.06 sys=0.00, real=0.01 secs]
2325.749: [GC [PSYoungGen: 52224K->256K(58880K)] 528073K->476105K(779776K), 0.0112992 secs] [Times: user=0.06 sys=0.00, real=0.01 secs]
2325.749: [GC [PSYoungGen: 52224K->256K(58880K)] 528073K->476105K(779776K), 0.0112992 secs] [Times: user=0.06 sys=0.00, real=0.01 secs]
2325.749: [GC [PSYoungGen: 52224K->256K(58880K)] 528073K->476105K(779776K), 0.0112992 secs] [Times: user=0.06 sys=0.00, real=0.01 secs]
2325.749: [GC [PSYoungGen: 52224K->256K(58880K)] 528073K->476105K(779776K), 0.0112992 secs] [Times: user=0.06 sys=0.00, real=0.01 secs]
2325.749: [GC [PSYoungGen: 52224K->256K(58880K)] 528073K->476105K(779776K), 0.0112992 secs] [Times: user=0.06 sys=0.00, real=0.01 secs]
2325.749: [GC [PSYoungGen: 52224K->256K(58880K)] 528073K->476105K(779776K), 0.0112992 secs] [Times: user=0.06 sys=0.00, real=0.01 secs]
2325.749: [GC [PSYoungGen: 52224K->256K(58880K)] 528073K->476105K(779776K), 0.0112992 secs] [Times: user=0.06 sys=0.00, real=0.01 secs]
2325.749: [GC [PSYoungGen: 52224K->256K(58880K)] 528073K->476105K(779776K), 0.0112992 secs] [Times: user=0.06 sys=0.00, real=0.01 secs]
2325.749: [GC [PSYoungGen: 52224K->256K(58880K)] 528073K->476105K(779776K), 0.0112992 secs] [Times: user=0.06 sys=0.00, real=0.01 secs]
2325.749: [GC [PSYoungGen: 52224K->256K(58880K)] 528073K->476105K(779776K), 0.0112992 secs] [Times: user=0.06 sys=0.00, real=0.01 secs]
2325.749: [GC [PSYoungGen: 52224K->256K(58880K)] 528073K->476105K(779776K), 0.0112992 secs] [Times: user=0.06 sys=0.00, real=0.01 secs]
2325.749: [GC [PSYoungGen: 52224K->256K(58880K)] 528073K->476105K(779776K), 0.0112992 secs] [Times: user=0.06 sys=0.00, real=0.01 secs]
2325.749: [GC [PSYoungGen: 52224K->256K(58880K)] 528073K->476105K(779776K), 0.0112992 secs] [Times: user=0.06 sys=0.00, real=0.01 secs]
2325.749: [GC [PSYoungGen: 52224K->256K(58880K)] 528073K->476105K(779776K), 0.0112992 secs] [Times: user=0.06 sys=0.00, real=0.01 secs]
2325.749: [GC [PSYoungGen: 52224K->256K(58880K)] 528073K->476105K(779776K), 0.0112992 secs] [Times: user=0.06 sys=0.00, real=0.01 secs]
2325.749: [GC [PSYoungGen: 52224K->256K(58880K)] 528073K->476105K(779776K), 0.0112992 secs] [Times: user=0.06 sys=0.00, real=0.01 secs]
2325.749: [GC [PSYoungGen: 52224K->256K(58880K)] 528073K->476105K(779776K), 0.0112992 secs] [Times: user=0.06 sys=0.00, real=0.01 secs]
2325.749: [GC [PSYoungGen: 52224K->256K(58880K)] 528073K->476105K(779776K), 0.0112992 secs] [Times: user=0.06 sys=0.00, real=0.01 secs]
2325.749: [GC [PSYoungGen: 52224K->256K(58880K)] 528073K->476105K(779776K), 0.0112992 secs] [Times: user=0.06 sys=0.00, real=0.01 secs]
2325.749: [GC [PSYoungGen: 52224K->256K(58880K)] 528073K->476105K(779776K), 0.0112992 secs] [Times: user=0.06 sys=0.00, real=0.01 secs]
2325.749: [GC [PSYoungGen: 52224K->256K(58880K)] 528073K->476105K(779776K), 0.0112992 secs] [Times: user=0.06 sys=0.00, real=0.01 secs]
2325.749: [GC [PSYoungGen: 52224K->256K(58880K)] 528073K->476105K(779776K), 0.0112992 secs] [Times: user=0.06 sys=0.00, real=0.01 secs]
2325.749: [GC [PSYoungGen: 52224K->256K(58880K)] 528073K->476105K(779776K), 0.0112992 secs] [Times: user=0.06 sys=0.00, real=0.01 secs]
2325.749: [GC [PSYoungGen: 52224K->256K(58880K)] 528073K->476105K(779776K), 0.0112992 secs] [Times: user=0.06 sys=0.00, real=0.01 secs]
2325.749: [GC [PSYoungGen: 52224K->256K(58880K)] 528073K->476105K(779776K), 0.0112992 secs] [Times: user=0.06 sys=0.00, real=0.01 secs]
2325.749: [GC [PSYoungGen: 52224K->256K(58880K)] 528073K->476105K(779776K), 0.0112992 secs] [Times: user=0.06 sys=0.00, real=0.01 secs]
2325.749: [GC [PSYoungGen: 52224K->256K(58880K)] 528073K->476105K(779776K), 0.0112992 secs] [Times: user=0.06 sys=0.00, real=0.01 secs]
2325.749: [GC [PSYoungGen: 52224K->256K(58880K)] 528073K->476105K(779776K), 0.0112992 secs] [Times: user=0.06 sys=0.00, real=0.01 secs]
2325.749: [GC [PSYoungGen: 52224K->256K(58880K)] 528073K->476105K(779776K), 0.0112992 secs] [Times: user=0.06 sys=0.00, real=0.01 secs]
2325.749: [GC [PSYoungGen: 52224K->256K(58880K)] 528073K->476105K(779776K), 0.0112992 secs] [Times: user=0.06 sys=0.00, real=0.01 secs]
2325.749: [GC [PSYoungGen: 52224K->256K(58880K)] 528073K->476105K(779776K), 0.0112992 secs] [Times: user=0.06 sys=0.00, real=0.01 secs]
2325.749: [GC [PSYoungGen: 52224K->256K(58880K)] 528073K->476105K(779776K), 0.0112992 secs] [Times: user=0.06 sys=0.00, real=0.01 secs]
2325.749: [GC [PSYoungGen: 52224K->256K(58880K)] 528073K->476105K(779776K), 0.0112992 secs] [Times: user=0.06 sys=0.00, real=0.01 secs]
2325.749: [GC [PSYoungGen: 52224K->256K(58880K)] 528073K->476105K(779776K), 0.0112992 secs] [Times: user=0.06 sys=0.00, real=0.01 secs]
2325.749: [GC [PSYoungGen: 52224K->256K(58880K)] 528073K->476105K(779776K), 0.0112992 secs] [Times: user=0.06 sys=0.00, real=0.01 secs]
2325.749: [GC [PSYoungGen: 52224K->256K(58880K)] 528073K->476105K(779776K), 0.0112992 secs] [Times: user=0.06 sys=0.00, real=0.01 secs]
2325.749: [GC [PSYoungGen: 52224K->256K(58880K)] 528073K->476105K(779776K), 0.0112992 secs] [Times: user=0.06 sys=0.00, real=0.01 secs]
2325.749: [GC [PSYoungGen: 52224K->256K(58880K)] 528073K->476105K(779776K), 0.0112992 secs] [Times: user=0.06 sys=0.00, real=0.01 secs]
2325.749: [GC [PSYoungGen: 52224K->256K(58880K)] 528073K->476105K(779776K), 0.0112992 secs] [Times: user=0.06 sys=0.00, real=0.01 secs]
2325.749: [GC [PSYoungGen: 52224K->256K(58880K)] 528073K->476105K(779776K), 0.0112992 secs] [Times: user=0.06 sys=0.00, real=0.01 secs]
2325.749: [GC [PSYoungGen: 52224K->256K(58880K)] 528073K->476105K(779776K), 0.0112992 secs] [Times: user=0.06 sys=0.00, real=0.01 secs]
2325.749: [GC [PSYoungGen: 52224K->256K(58880K)] 528073K->476105K(779776K), 0.0112992 secs] [Times: user=0.06 sys=0.00, real=0.01 secs]
2325.749: [GC [PSYoungGen: 52224K->256K(58880K)] 528073K->476105K(779776K), 0.0112992 secs] [Times: user=0.06 sys=0.00, real=0.01 secs]
2325.749: [GC [PSYoungGen: 52224K->256K(58880K)] 528073K->476105K(779776K), 0.0112992 secs] [Times: user=0.06 sys=0.00, real=0.01 secs]
2325.749: [GC [PSYoungGen: 52224K->256K(58880K)] 528073K->476105K(779776K), 0.0112992 secs] [Times: user=0.06 sys=0.00, real=0.01 secs]
2325.749: [GC [PSYoungGen: 52224K->256K(58880K)] 528073K->476105K(779776K), 0.0112992 secs] [Times: user=0.06 sys=0.00, real=0.01 secs]
2325.749: [GC [PSYoungGen: 52224K->256K(58880K)] 528073K->476105K(779776K), 0.0112992 secs] [Times: user=0.06 sys=0.00, real=0.01 secs]
2325.749: [GC [PSYoungGen: 52224K->256K(58880K)] 528073K->476105K(779776K), 0.0112992 secs] [Times: user=0.06 sys=0.00, real=0.01 secs]
2325.749: [GC [PSYoungGen: 52224K->256K(58880K)] 528073K->476105K(779776K), 0.0112992 secs] [Times: user=0.06 sys=0.00, real=0.01 secs]
2325.749: [GC [PSYoungGen: 52224K->256K(58880K)] 528073K->476105K(779776K), 0.0112992 secs] [Times: user=0.06 sys=0.00, real=0.01 secs]
2325.749: [GC [PSYoungGen: 52224K->256K(58880K)] 528073K->476105K(779776K), 0.0112992 secs] [Times: user=0.06 sys=0.00, real=0.01 secs]
2325.749: [GC [PSYoungGen: 52224K->256K(58880K)] 528073K->476105K(779776K), 0.0112992 secs] [Times: user=0.06 sys=0.00, real=0.01 secs]
2325.749: [GC [PSYoungGen: 52224K->256K(58880K)] 528073K->476105K(779776K), 0.0112992 secs] [Times: user=0.06 sys=0.00, real=0.01 secs]
2325.749: [GC [PSYoungGen: 52224K->256K(58880K)] 528073K->476105K(779776K), 0.0112992 secs] [Times: user=0.06 sys=0.00, real=0.01 secs]
2325.749: [GC [PSYoungGen: 52224K->256K(58880K)] 528073K->476105K(779776K), 0.0112992 secs] [Times: user=0.06 sys=0.00, real=0.01 secs]
2325.749: [GC [PSYoungGen: 52224K->256K(58880K)] 528073K->476105K(779776K), 0.0112992 secs] [Times: user=0.06 sys=0.00, real=0.01 secs]
2325.749: [GC [PSYoungGen: 52224K->256K(58880K)] 528073K->476105K(779776K), 0.0112992 secs] [Times: user=0.06 sys=0.00, real=0.01 secs]
2325.749: [GC [PSYoungGen: 52224K->256K(58880K)] 528073K->476105K(779776K), 0.0112992 secs] [Times: user=0.06 sys=0.00, real=0.01 secs]
2325.749: [GC [PSYoungGen: 52224K->256K(58880K)] 528073K->476105K(779776K), 0.0112992 secs] [Times: user=0.06 sys=0.00, real=0.01 secs]
2325.749: [GC [PSYoungGen: 52224K->256K(58880K)] 528073K->476105K(779776K), 0.0112992 secs] [Times: user=0.06 sys=0.00, real=0.01 secs]
2325.749: [GC [PSYoungGen: 52224K->256K(58880K)] 528073K->476105K(779776K), 0.0112992 secs] [Times: user=0.06 sys=0.00, real=0.01 secs]
2325.749: [GC [PSYoungGen: 52224K->256K(58880K)] 528073K->476105K(779776K), 0.0112992 secs] [Times: user=0.06 sys=0.00, real=0.01 secs]
2325.749: [GC [PSYoungGen: 52224K->256K(58880K)] 528073K->476105K(779776K), 0.0112992 secs] [Times: user=0.06 sys=0.00, real=0.01 secs]
2325.749: [GC [PSYoungGen: 52224K->256K(58880K)] 528073K->476105K(779776K), 0.0112992 secs] [Times: user=0.06 sys=0.00, real=0.01 secs]
2325.749: [GC [PSYoungGen: 52224K->256K(58880K)] 528073K->476105K(779776K), 0.0112992 secs] [Times: user=0.06 sys=0.00, real=0.01 secs]
2325.749: [GC [PSYoungGen: 52224K->256K(58880K)] 528073K->476105K(779776K), 0.0112992 secs] [Times: user=0.06 sys=0.00, real=0.01 secs]
2325.749: [GC [PSYoungGen: 52224K->256K(58880K)] 528073K->476105K(779776K), 0.0112992 secs] [Times: user=0.06 sys=0.00, real=0.01 secs]
2325.749: [GC [PSYoungGen: 52224K->256K(58880K)] 528073K->476105K(779776K), 0.0112992 secs] [Times: user=0.06 sys=0.00, real=0.01 secs]
2325.749: [GC [PSYoungGen: 52224K->256K(58880K)] 528073K->476105K(779776K), 0.0112992 secs] [Times: user=0.06 sys=0.00, real=0.01 secs]
2325.749: [GC [PSYoungGen: 52224K->256K(58880K)] 528073K->476105K(779776K), 0.0112992 secs] [Times: user=0.06 sys=0.00, real=0.01 secs]
2325.749: [GC [PSYoungGen: 52224K->256K(58880K)] 528073K->476105K(779776K), 0.0112992 secs] [Times: user=0.06 sys=0.00, real=0.01 secs]
2325.749: [GC [PSYoungGen: 52224K->256K(58880K)] 528073K->476105K(779776K), 0.0112992 secs] [Times: user=0.06 sys=0.00, real=0.01 secs]
2325.749: [GC [PSYoungGen: 52224K->256K(58880K)] 528073K->476105K(779776K), 0.0112992 secs] [Times: user=0.06 sys=0.00, real=0.01 secs]
2325.749: [GC [PSYoungGen: 52224K->256K(58880K)] 528073K->476105K(779776K), 0.0112992 secs] [Times: user=0.06 sys=0.00, real=0.01 secs]
2325.749: [GC [PSYoungGen: 52224K->256K(58880K)] 528073K->476105K(779776K), 0.0112992 secs] [Times: user=0.06 sys=0.00, real=0.01 secs]
2325.749: [GC [PSYoungGen: 52224K->256K(58880K)] 528073K->476105K(779776K), 0.0112992 secs] [Times: user=0.06 sys=0.00, real=0.01 secs]
2325.749: [GC [PSYoungGen: 52224K->256K(58880K)] 528073K->476105K(779776K), 0.0112992 secs] [Times: user=0.06 sys=0.00, real=0.01 secs]
2325.749: [GC [PSYoungGen: 52224K->256K(58880K)] 528073K->476105K(779776K), 0.0112992 secs] [Times: user=0.06 sys=0.00, real=0.01 secs]
2325.749: [GC [PSYoungGen: 52224K->256K(58880K)] 528073K->476105K(779776K), 0.0112992 secs] [Times: user=0.06 sys=0.00, real=0.01 secs]
2325.749: [GC [PSYoungGen: 52224K->256K(58880K)] 528073K->476105K(779776K), 0.0112992 secs] [Times: user=0.06 sys=0.00, real=0.01 secs]
2325.749: [GC [PSYoungGen: 52224K->256K(58880K)] 528073K->476105K(779776K), 0.0112992 secs] [Times: user=0.06 sys=0.00, real=0.01 secs]
2325.749: [GC [PSYoungGen: 52224K->256K(58880K)] 528073K->476105K(779776K), 0.0112992 secs] [Times: user=0.06 sys=0.00, real=0.01 secs]
2325.749: [GC [PSYoungGen: 52224K->256K(58880K)] 528073K->476105K(779776K), 0.0112992 secs] [Times: user=0.06 sys=0.00, real=0.01 secs]
2325.749: [GC [PSYoungGen: 52224K->256K(58880K)] 528073K->476105K(779776K), 0.0112992 secs] [Times: user=0.06 sys=0.00, real=0.01 secs]
2325.749: [GC [PSYoungGen: 52224K->256K(58880K)] 528073K->476105K(779776K), 0.0112992 secs] [Times: user=0.06 sys=0.00, real=0.01 secs]
2325.749: [GC [PSYoungGen: 52224K->256K(58880K)] 528073K->476105K(779776K), 0.0112992 secs] [Times: user=0.06 sys=0.00, real=0.01 secs]
2325.749: [GC [PSYoungGen: 52224K->256K(58880K)] 528073K->476105K(779776K), 0.0112992 secs] [Times: user=0.06 sys=0.00, real=0.01 secs]
2325.749: [GC [PSYoungGen: 52224K->256K(58880K)] 528073K->476105K(779776K), 0.0112992 secs] [Times: user=0.06 sys=0.00, real=0.01 secs]
2325.749: [GC [PSYoungGen: 52224K->256K(58880K)] 528073K->476105K(779776K), 0.0112992 secs] [Times: user=0.06 sys=0.00, real=0.01 secs]
2325.749: [GC [PSYoungGen: 52224K->256K(58880K)] 528073K->476105K(779776K), 0.0112992 secs] [Times: user=0.06 sys=0.00, real=0.01 secs]
2325.749: [GC [PSYoungGen: 52224K->256K(58880K)] 528073K->476105K(779776K), 0.0112992 secs] [Times: user=0.06 sys=0.00, real=0.01 secs]
2325.749: [GC [PSYoungGen: 52224K->256K(58880K)] 528073K->476105K(779776K), 0.0112992 secs] [Times: user=0.06 sys=0.00, real=0.01 secs]
2325.749: [GC [PSYoungGen: 52224K->256K(58880K)] 528073K->476105K(779776K), 0.0112992 secs] [Times: user=0.06 sys=0.00, real=0.01 secs]
2325.749: [GC [PSYoungGen: 52224K->256K(58880K)] 528073K->476105K(779776K), 0.0112992 secs] [Times: user=0.06 sys=0.00, real=0.01 secs]
2325.749: [GC [PSYoungGen: 52224K->256K(58880K)] 528073K->476105K(779776K), 0.0112992 secs] [Times: user=0.06 sys=0.00, real=0.01 secs]
2325.749: [GC [PSYoungGen: 52224K->256K(58880K)] 528073K->476105K(779776K), 0.0112992 secs] [Times: user=0.06 sys=0.00, real=0.01 secs]
2325.749: [GC [PSYoungGen: 52224K->256K(58880K)] 528073K->476105K(779776K), 0.0112992 secs] [Times: user=0.06 sys=0.00, real=0.01 secs]
2325.749: [GC [PSYoungGen: 52224K->256K(58880K)] 528073K->476105K(779776K), 0.0112992 secs] [Times: user=0.06 sys=0.00, real=0.01 secs]
2325.749: [GC [PSYoungGen: 52224K->256K(58880K)] 528073K->476105K(779776K), 0.0112992 secs] [Times: user=0.06 sys=0.00, real=0.01 secs]
2325.749: [GC [PSYoungGen: 52224K->256K(58880K)] 528073K->476105K(779776K), 0.0112992 secs] [Times: user=0.06 sys=0.00, real=0.01 secs]
2325.749: [GC [PSYoungGen: 52224K->256K(58880K)] 528073K->476105K(779776K), 0.0112992 secs] [Times: user=0.06 sys=0.00, real=0.01 secs]
2325.749: [GC [PSYoungGen: 52224K->256K(58880K)] 528073K->476105K(779776K), 0.0112992 secs] [Times: user=0.06 sys=0.00, real=0.01 secs]
2325.749: [GC [PSYoungGen: 52224K->256K(58880K)] 528073K->476105K(779776K), 0.0112992 secs] [Times: user=0.06 sys=0.00, real=0.01 secs]
2325.749: [GC [PSYoungGen: 52224K->256K(58880K)] 528073K->476105K(779776K), 0.0112992 secs] [Times: user=0.06 sys=0.00, real=0.01 secs]
2325.749: [GC [PSYoungGen: 52224K->256K(58880K)] 528073K->476105K(779776K), 0.0112992 secs] [Times: user=0.06 sys=0.00, real=0.01 secs]
2325.749: [GC [PSYoungGen: 52224K->256K(58880K)] 528073K->476105K(779776K), 0.0112992 secs] [Times: user=0.06 sys=0.00, real=0.01 secs]
2325.749: [GC [PSYoungGen: 52224K->256K(58880K)] 528073K->476105K(779776K), 0.0112992 secs] [Times: user=0.06 sys=0.00, real=0.01 secs]
2325.749: [GC [PSYoungGen: 52224K->256K(58880K)] 528073K->476105K(779776K), 0.0112992 secs] [Times: user=0.06 sys=0.00, real=0.01 secs]
2325.749: [GC [PSYoungGen: 52224K->256K(58880K)] 528073K->476105K(779776K), 0.0112992 secs] [Times: user=0.06 sys=0.00, real=0.01 secs]
2325.749: [GC [PSYoungGen: 52224K->256K(58880K)] 528073K->476105K(779776K), 0.0112992 secs] [Times: user=0.06 sys=0.00, real=0.01 secs]
2325.749: [GC [PSYoungGen: 52224K->256K(58880K)] 528073K->476105K(779776K), 0.0112992 secs] [Times: user=0.06 sys=0.00, real=0.01 secs]
2325.749: [GC [PSYoungGen: 52224K->256K(58880K)] 528073K->476105K(779776K), 0.0112992 secs] [Times: user=0.06 sys=0.00, real=0.01 secs]
2325.749: [GC [PSYoungGen: 52224K->256K(58880K)] 528073K->476105K(779776K), 0.0112992 secs] [Times: user=0.06 sys=0.00, real=0.01 secs]
2325.749: [GC [PSYoungGen: 52224K->256K(58880K)] 528073K->476105K(779776K), 0.0112992 secs] [Times: user=0.06 sys=0.00, real=0.01 secs]
2325.749: [GC [PSYoungGen: 52224K->256K(58880K)] 528073K->476105K(779776K), 0.0112992 secs] [Times: user=0.06 sys=0.00, real=0.01 secs]
2325.749: [GC [PSYoungGen: 52224K->256K(58880K)] 528073K->476105K(779776K), 0.0112992 secs] [Times: user=0.06 sys=0.00, real=0.01 secs]
2325.749: [GC [PSYoungGen: 52224K->256K(58880K)] 528073K->476105K(779776K), 0.0112992 secs] [Times: user=0.06 sys=0.00, real=0.01 secs]
2325.749: [GC [PSYoungGen: 52224K->256K(58880K)] 528073K->476105K(779776K), 0.0112992 secs] [Times: user=0.06 sys=0.00, real=0.01 secs]
2325.749: [GC [PSYoungGen: 52224K->256K(58880K)] 528073K->476105K(779776K), 0.0112992 secs] [Times: user=0.06 sys=0.00, real=0.01 secs]
2325.749: [GC [PSYoungGen: 52224K->256K(58880K)] 528073K->476105K(779776K), 0.0112992 secs] [Times: user=0.06 sys=0.00, real=0.01 secs]
2325.749: [GC [PSYoungGen: 52224K->256K(58880K)] 528073K->476105K(779776K), 0.0112992 secs] [Times: user=0.06 sys=0.00, real=0.01 secs]
2325.749: [GC [PSYoungGen: 52224K->256K(58880K)] 528073K->476105K(779776K), 0.0112992 secs] [Times: user=0.06 sys=0.00, real=0.01 secs]
2325.749: [GC [PSYoungGen: 52224K->256K(58880K)] 528073K->476105K(779776K), 0.0112992 secs] [Times: user=0.06 sys=0.00, real=0.01 secs]
2325.749: [GC [PSYoungGen: 52224K->256K(58880K)] 528073K->476105K(779776K), 0.0112992 secs] [Times: user=0.06 sys=0.00, real=0.01 secs]
2325.749: [GC [PSYoungGen: 52224K->256K(58880K)] 528073K->476105K(779776K), 0.0112992 secs] [Times: user=0.06 sys=0.00, real=0.01 secs]
2325.749: [GC [PSYoungGen: 52224K->256K(58880K)] 528073K->476105K(779776K), 0.0112992 secs] [Times: user=0.06 sys=0.00, real=0.01 secs]
2325.749: [GC [PSYoungGen: 52224K->256K(58880K)] 528073K->476105K(779776K), 0.0112992 secs] [Times: user=0.06 sys=0.00, real=0.01 secs]
2325.749: [GC [PSYoungGen: 52224K->256K(58880K)] 528073K->476105K(779776K), 0.0112992 secs] [Times: user=0.06 sys=0.00, real=0.01 secs]
2325.749: [GC [PSYoungGen: 52224K->256K(58880K)] 528073K->476105K(779776K), 0.0112992 secs] [Times: user=0.06 sys=0.00, real=0.01 secs]
2325.749: [GC [PSYoungGen: 52224K->256K(58880K)] 528073K->476105K(779776K), 0.0112992 secs] [Times: user=0.06 sys=0.00, real=0.01 secs]
2325.749: [GC [PSYoungGen: 52224K->256K(58880K)] 528073K->476105K(779776K), 0.0112992 secs] [Times: user=0.06 sys=0.00, real=0.01 secs]
2325.749: [GC [PSYoungGen: 52224K->256K(58880K)] 528073K->476105K(779776K), 0.0112992 secs] [Times: user=0.06 sys=0.00, real=0.01 secs]
2325.749: [GC [PSYoungGen: 52224K->256K(58880K)] 528073K->476105K(779776K), 0.0112992 secs] [Times: user=0.06 sys=0.00, real=0.01 secs]
2325.749: [GC [PSYoungGen: 52224K->256K(58880K)] 528073K->476105K(779776K), 0.0112992 secs] [Times: user=0.06 sys=0.00, real=0.01 secs]
2325.749: [GC [PSYoungGen: 52224K->256K(58880K)] 528073K->476105K(779776K), 0.0112992 secs] [Times: user=0.06 sys=0.00, real=0.01 secs]
2325.749: [GC [PSYoungGen: 52224K->256K(58880K)] 528073K->476105K(779776K), 0.0112992 secs] [Times: user=0.06 sys=0.00, real=0.01 secs]
2325.749: [GC [PSYoungGen: 52224K->256K(58880K)] 528073K->476105K(779776K), 0.0112992 secs] [Times: user=0.06 sys=0.00, real=0.01 secs]
2325.749: [GC [PSYoungGen: 52224K->256K(58880K)] 528073K->476105K(779776K), 0.0112992 secs] [Times: user=0.06 sys=0.00, real=0.01 secs]
2325.749: [GC [PSYoungGen: 52224K->256K(58880K)] 528073K->476105K(779776K), 0.0112992 secs] [Times: user=0.06 sys=0.00, real=0.01 secs]
2325.749: [GC [PSYoungGen: 52224K->256K(58880K)] 528073K->476105K(779776K), 0.0112992 secs] [Times: user=0.06 sys=0.00, real=0.01 secs]
2325.749: [GC [PSYoungGen: 52224K->256K(58880K)] 528073K->476105K(779776K), 0.0112992 secs] [Times: user=0.06 sys=0.00, real=0.01 secs]
2325.749: [GC [PSYoungGen: 52224K->256K(58880K)] 528073K->476105K(779776K), 0.0112992 secs] [Times: user=0.06 sys=0.00, real=0.01 secs]
2325.749: [GC [PSYoungGen: 52224K->256K(58880K)] 528073K->476105K(779776K), 0.0112992 secs] [Times: user=0.06 sys=0.00, real=0.01 secs]
2325.749: [GC [PSYoungGen: 52224K->256K(58880K)] 528073K->476105K(779776K), 0.0112992 secs] [Times: user=0.06 sys=0.00, real=0.01 secs]
2325.749: [GC [PSYoungGen: 52224K->256K(58880K)] 528073K->476105K(779776K), 0.0112992 secs] [Times: user=0.06 sys=0.00, real=0.01 secs]
2325.749: [GC [PSYoungGen: 52224K->256K(58880K)] 528073K->476105K(779776K), 0.0112992 secs] [Times: user=0.06 sys=0.00, real=0.01 secs]
2325.749: [GC [PSYoungGen: 52224K->256K(58880K)] 528073K->476105K(779776K), 0.0112992 secs] [Times: user=0.06 sys=0.00, real=0.01 secs]
2325.749: [GC [PSYoungGen: 52224K->256K(58880K)] 528073K->476105K(779776K), 0.0112992 secs] [Times: user=0.06 sys=0.00, real=0.01 secs]
2325.749: [GC [PSYoungGen: 52224K->256K(58880K)] 528073K->476105K(779776K), 0.0112992 secs] [Times: user=0.06 sys=0.00, real=0.01 secs]
2325.749: [GC [PSYoungGen: 52224K->256K(58880K)] 528073K->476105K(779776K), 0.0112992 secs] [Times: user=0.06 sys=0.00, real=0.01 secs]
2325.749: [GC [PSYoungGen: 52224K->256K(58880K)] 528073K->476105K(779776K), 0.0112992 secs] [Times: user=0.06 sys=0.00, real=0.01 secs]
2325.749: [GC [PSYoungGen: 52224K->256K(58880K)] 528073K->476105K(779776K), 0.0112992 secs] [Times: user=0.06 sys=0.00, real=0.01 secs]
2325.749: [GC [PSYoungGen: 52224K->256K(58880K)] 528073K->476105K(779776K), 0.0112992 secs] [Times: user=0.06 sys=0.00, real=0.01 secs]
2325.749: [GC [PSYoungGen: 52224K->256K(58880K)] 528073K->476105K(779776K), 0.0112992 secs] [Times: user=0.06 sys=0.00, real=0.01 secs]
2325.749: [GC [PSYoungGen: 52224K->256K(58880K)] 528073K->476105K(779776K), 0.0112992 secs] [Times: user=0.06 sys=0.00, real=0.01 secs]
2325.749: [GC [PSYoungGen: 52224K->256K(58880K)] 528073K->476105K(779776K), 0.0112992 secs] [Times: user=0.06 sys=0.00, real=0.01 secs]
2325.749: [GC [PSYoungGen: 52224K->256K(58880K)] 528073K->476105K(779776K), 0.0112992 secs] [Times: user=0.06 sys=0.00, real=0.01 secs]
2325.749: [GC [PSYoungGen: 52224K->256K(58880K)] 528073K->476105K(779776K), 0.0112992 secs] [Times: user=0.06 sys=0.00, real=0.01 secs]
2325.749: [GC [PSYoungGen: 52224K->256K(58880K)] 528073K->476105K(779776K), 0.0112992 secs] [Times: user=0.06 sys=0.00, real=0.01 secs]
2325.749: [GC [PSYoungGen: 52224K->256K(58880K)] 528073K->476105K(779776K), 0.0112992 secs] [Times: user=0.06 sys=0.00, real=0.01 secs]
2325.749: [GC [PSYoungGen: 52224K->256K(58880K)] 528073K->476105K(779776K), 0.0112992 secs] [Times: user=0.06 sys=0.00, real=0.01 secs]
2325.749: [GC [PSYoungGen: 52224K->256K(58880K)] 528073K->476105K(779776K), 0.0112992 secs] [Times: user=0.06 sys=0.00, real=0.01 secs]
2325.749: [GC [PSYoungGen: 52224K->256K(58880K)] 528073K->476105K(779776K), 0.0112992 secs] [Times: user=0.06 sys=0.00, real=0.01 secs]
2325.749: [GC [PSYoungGen: 52224K->256K(58880K)] 528073K->476105K(779776K), 0.0112992 secs] [Times: user=0.06 sys=0.00, real=0.01 secs]
2325.749: [GC [PSYoungGen: 52224K->256K(58880K)] 528073K->476105K(779776K), 0.0112992 secs] [Times: user=0.06 sys=0.00, real=0.01 secs]
2325.749: [GC [PSYoungGen: 52224K->256K(58880K)] 528073K->476105K(779776K), 0.0112992 secs] [Times: user=0.06 sys=0.00, real=0.01 secs]
2325.749: [GC [PSYoungGen: 52224K->256K(58880K)] 528073K->476105K(779776K), 0.0112992 secs] [Times: user=0.06 sys=0.00, real=0.01 secs]
2325.749: [GC [PSYoungGen: 52224K->256K(58880K)] 528073K->476105K(779776K), 0.0112992 secs] [Times: user=0.06 sys=0.00, real=0.01 secs]
2325.749: [GC [PSYoungGen: 52224K->256K(58880K)] 528073K->476105K(779776K), 0.0112992 secs] [Times: user=0.06 sys=0.00, real=0.01 secs]
2325.749: [GC [PSYoungGen: 52224K->256K(58880K)] 528073K->476105K(779776K), 0.0112992 secs] [Times: user=0.06 sys=0.00, real=0.01 secs]
2325.749: [GC [PSYoungGen: 52224K->256K(58880K)] 528073K->476105K(779776K), 0.0112992 secs] [Times: user=0.06 sys=0.00, real=0.01 secs]
2325.749: [GC [PSYoungGen: 52224K->256K(58880K)] 528073K->476105K(779776K), 0.0112992 secs] [Times: user=0.06 sys=0.00, real=0.01 secs]
2325.749: [GC [PSYoungGen: 52224K->256K(58880K)] 528073K->476105K(779776K), 0.0112992 secs] [Times: user=0.06 sys=0.00, real=0.01 secs]
2325.749: [GC [PSYoungGen: 52224K->256K(58880K)] 528073K->476105K(779776K), 0.0112992 secs] [Times: user=0.06 sys=0.00, real=0.01 secs]
2325.749: [GC [PSYoungGen: 52224K->256K(58880K)] 528073K->476105K(779776K), 0.0112992 secs] [Times: user=0.06 sys=0.00, real=0.01 secs]
2325.749: [GC [PSYoungGen: 52224K->256K(58880K)] 528073K->476105K(779776K), 0.0112992 secs] [Times: user=0.06 sys=0.00, real=0.01 secs]
2325.749: [GC [PSYoungGen: 52224K->256K(58880K)] 528073K->476105K(779776K), 0.0112992 secs] [Times: user=0.06 sys=0.00, real=0.01 secs]
2325.749: [GC [PSYoungGen: 52224K->256K(58880K)] 528073K->476105K(779776K), 0.0112992 secs] [Times: user=0.06 sys=0.00, real=0.01 secs]
2325.749: [GC [PSYoungGen: 52224K->256K(58880K)] 528073K->476105K(779776K), 0.0112992 secs] [Times: user=0.06 sys=0.00, real=0.01 secs]
2325.749: [GC [PSYoungGen: 52224K->256K(58880K)] 528073K->476105K(779776K), 0.0112992 secs] [Times: user=0.06 sys=0.00, real=0.01 secs]
2325.749: [GC [PSYoungGen: 52224K->256K(58880K)] 528073K->476105K(779776K), 0.0112992 secs] [Times: user=0.06 sys=0.00, real=0.01 secs]
2325.749: [GC [PSYoungGen: 52224K->256K(58880K)] 528073K->476105K(779776K), 0.0112992 secs] [Times: user=0.06 sys=0.00, real=0.01 secs]
2325.749: [GC [PSYoungGen: 52224K->256K(58880K)] 528073K->476105K(779776K), 0.0112992 secs] [Times: user=0.06 sys=0.00, real=0.01 secs]
2325.749: [GC [PSYoungGen: 52224K->256K(58880K)] 528073K->476105K(779776K), 0.0112992 secs] [Times: user=0.06 sys=0.00, real=0.01 secs]
2325.749: [GC [PSYoungGen: 52224K->256K(58880K)] 528073K->476105K(779776K), 0.0112992 secs] [Times: user=0.06 sys=0.00, real=0.01 secs]
2325.749: [GC [PSYoungGen: 52224K->256K(58880K)] 528073K->476105K(779776K), 0.0112992 secs] [Times: user=0.06 sys=0.00, real=0.01 secs]
2325.749: [GC [PSYoungGen: 52224K->256K(58880K)] 528073K->476105K(779776K), 0.0112992 secs] [Times: user=0.06 sys=0.00, real=0.01 secs]
2325.749: [GC [PSYoungGen: 52224K->256K(58880K)] 528073K->476105K(779776K), 0.0112992 secs] [Times: user=0.06 sys=0.00, real=0.01 secs]
2325.749: [GC [PSYoungGen: 52224K->256K(58880K)] 528073K->476105K(779776K), 0.0112992 secs] [Times: user=0.06 sys=0.00, real=0.01 secs]
2325.749: [GC [PSYoungGen: 52224K->256K(58880K)] 528073K->476105K(779776K), 0.0112992 secs] [Times: user=0.06 sys=0.00, real=0.01 secs]
2325.749: [GC [PSYoungGen: 52224K->256K(58880K)] 528073K->476105K(779776K), 0.0112992 secs] [Times: user=0.06 sys=0.00, real=0.01 secs]
2325.749: [GC [PSYoungGen: 52224K->256K(58880K)] 528073K->476105K(779776K), 0.0112992 secs] [Times: user=0.06 sys=0.00, real=0.01 secs]
2325.749: [GC [PSYoungGen: 52224K->256K(58880K)] 528073K->476105K(779776K), 0.0112992 secs] [Times: user=0.06 sys=0.00, real=0.01 secs]
2325.749: [GC [PSYoungGen: 52224K->256K(58880K)] 528073K->476105K(779776K), 0.0112992 secs] [Times: user=0.06 sys=0.00, real=0.01 secs]
2325.749: [GC [PSYoungGen: 52224K->256K(58880K)] 528073K->476105K(779776K), 0.0112992 secs] [Times: user=0.06 sys=0.00, real=0.01 secs]
2325.749: [GC [PSYoungGen: 52224K->256K(58880K)] 528073K->476105K(779776K), 0.0112992 secs] [Times: user=0.06 sys=0.00, real=0.01 secs]
2325.749: [GC [PSYoungGen: 52224K->256K(58880K)] 528073K->476105K(779776K), 0.0112992 secs] [Times: user=0.06 sys=0.00, real=0.01 secs]
2325.749: [GC [PSYoungGen: 52224K->256K(58880K)] 528073K->476105K(779776K), 0.0112992 secs] [Times: user=0.06 sys=0.00, real=0.01 secs]
2325.749: [GC [PSYoungGen: 52224K->256K(58880K)] 528073K->476105K(779776K), 0.0112992 secs] [Times: user=0.06 sys=0.00, real=0.01 secs]
2325.749: [GC [PSYoungGen: 52224K->256K(58880K)] 528073K->476105K(779776K), 0.0112992 secs] [Times: user=0.06 sys=0.00, real=0.01 secs]
2325.749: [GC [PSYoungGen: 52224K->256K(58880K)] 528073K->476105K(779776K), 0.0112992 secs] [Times: user=0.06 sys=0.00, real=0.01 secs]
2325.749: [GC [PSYoungGen: 52224K->256K(58880K)] 528073K->476105K(779776K), 0.0112992 secs] [Times: user=0.06 sys=0.00, real=0.01 secs]
2325.749: [GC [PSYoungGen: 52224K->256K(58880K)] 528073K->476105K(779776K), 0.0112992 secs] [Times: user=0.06 sys=0.00, real=0.01 secs]
2325.749: [GC [PSYoungGen: 52224K->256K(58880K)] 528073K->476105K(779776K), 0.0112992 secs] [Times: user=0.06 sys=0.00, real=0.01 secs]
2325.749: [GC [PSYoungGen: 52224K->256K(58880K)] 528073K->476105K(779776K), 0.0112992 secs] [Times: user=0.06 sys=0.00, real=0.01 secs]
2325.749: [GC [PSYoungGen: 52224K->256K(58880K)] 528073K->476105K(779776K), 0.0112992 secs] [Times: user=0.06 sys=0.00, real=0.01 secs]
2325.749: [GC [PSYoungGen: 52224K->256K(58880K)] 528073K->476105K(779776K), 0.0112992 secs] [Times: user=0.06 sys=0.00, real=0.01 secs]
2325.749: [GC [PSYoungGen: 52224K->256K(58880K)] 528073K->476105K(779776K), 0.0112992 secs] [Times: user=0.06 sys=0.00, real=0.01 secs]
2325.749: [GC [PSYoungGen: 52224K->256K(58880K)] 528073K->476105K(779776K), 0.0112992 secs] [Times: user=0.06 sys=0.00, real=0.01 secs]
2325.749: [GC [PSYoungGen: 52224K->256K(58880K)] 528073K->476105K(779776K), 0.0112992 secs] [Times: user=0.06 sys=0.00, real=0.01 secs]
2325.749: [GC [PSYoungGen: 52224K->256K(58880K)] 528073K->476105K(779776K), 0.0112992 secs] [Times: user=0.06 sys=0.00, real=0.01 secs]
2325.749: [GC [PSYoungGen: 52224K->256K(58880K)] 528073K->476105K(779776K), 0.0112992 secs] [Times: user=0.06 sys=0.00, real=0.01 secs]
2325.749: [GC [PSYoungGen: 52224K->256K(58880K)] 528073K->476105K(779776K), 0.0112992 secs] [Times: user=0.06 sys=0.00, real=0.01 secs]
2325.749: [GC [PSYoungGen: 52224K->256K(58880K)] 528073K->476105K(779776K), 0.0112992 secs] [Times: user=0.06 sys=0.00, real=0.01 secs]
2325.749: [GC [PSYoungGen: 52224K->256K(58880K)] 528073K->476105K(779776K), 0.0112992 secs] [Times: user=0.06 sys=0.00, real=0.01 secs]
2325.749: [GC [PSYoungGen: 52224K->256K(58880K)] 528073K->476105K(779776K), 0.0112992 secs] [Times: user=0.06 sys=0.00, real=0.01 secs]
2325.749: [GC [PSYoungGen: 52224K->256K(58880K)] 528073K->476105K(779776K), 0.0112992 secs] [Times: user=0.06 sys=0.00, real=0.01 secs]
2325.749: [GC [PSYoungGen: 52224K->256K(58880K)] 528073K->476105K(779776K), 0.0112992 secs] [Times: user=0.06 sys=0.00, real=0.01 secs]
2325.749: [GC [PSYoungGen: 52224K->256K(58880K)] 528073K->476105K(779776K), 0.0112992 secs] [Times: user=0.06 sys=0.00, real=0.01 secs]
2325.749: [GC [PSYoungGen: 52224K->256K(58880K)] 528073K->476105K(779776K), 0.0112992 secs] [Times: user=0.06 sys=0.00, real=0.01 secs]
2325.749: [GC [PSYoungGen: 52224K->256K(58880K)] 528073K->476105K(779776K), 0.0112992 secs] [Times: user=0.06 sys=0.00, real=0.01 secs]
2325.749: [GC [PSYoungGen: 52224K->256K(58880K)] 528073K->476105K(779776K), 0.0112992 secs] [Times: user=0.06 sys=0.00, real=0.01 secs]
2325.749: [GC [PSYoungGen: 52224K->256K(58880K)] 528073K->476105K(779776K), 0.0112992 secs] [Times: user=0.06 sys=0.00, real=0.01 secs]
2325.749: [GC [PSYoungGen: 52224K->256K(58880K)] 528073K->476105K(779776K), 0.0112992 secs] [Times: user=0.06 sys=0.00, real=0.01 secs]
2325.749: [GC [PSYoungGen: 52224K->256K(58880K)] 528073K->476105K(779776K), 0.0112992 secs] [Times: user=0.06 sys=0.00, real=0.01 secs]
2325.749: [GC [PSYoungGen: 52224K->256K(58880K)] 528073K->476105K(779776K), 0.0112992 secs] [Times: user=0.06 sys=0.00, real=0.01 secs]
2325.749: [GC [PSYoungGen: 52224K->256K(58880K)] 528073K->476105K(779776K), 0.0112992 secs] [Times: user=0.06 sys=0.00, real=0.01 secs]
2325.749: [GC [PSYoungGen: 52224K->256K(58880K)] 528073K->476105K(779776K), 0.0112992 secs] [Times: user=0.06 sys=0.00, real=0.01 secs]
2325.749: [GC [PSYoungGen: 52224K->256K(58880K)] 528073K->476105K(779776K), 0.0112992 secs] [Times: user=0.06 sys=0.00, real=0.01 secs]
2325.749: [GC [PSYoungGen: 52224K->256K(58880K)] 528073K->476105K(779776K), 0.0112992 secs] [Times: user=0.06 sys=0.00, real=0.01 secs]
2325.749: [GC [PSYoungGen: 52224K->256K(58880K)] 528073K->476105K(779776K), 0.0112992 secs] [Times: user=0.06 sys=0.00, real=0.01 secs]
2325.749: [GC [PSYoungGen: 52224K->256K(58880K)] 528073K->476105K(779776K), 0.0112992 secs] [Times: user=0.06 sys=0.00, real=0.01 secs]
2325.749: [GC [PSYoungGen: 52224K->256K(58880K)] 528073K->476105K(779776K), 0.0112992 secs] [Times: user=0.06 sys=0.00, real=0.01 secs]
2325.749: [GC [PSYoungGen: 52224K->256K(58880K)] 528073K->476105K(779776K), 0.0112992 secs] [Times: user=0.06 sys=0.00, real=0.01 secs]
2325.749: [GC [PSYoungGen: 52224K->256K(58880K)] 528073K->476105K(779776K), 0.0112992 secs] [Times: user=0.06 sys=0.00, real=0.01 secs]
2325.749: [GC [PSYoungGen: 52224K->256K(58880K)] 528073K->476105K(779776K), 0.0112992 secs] [Times: user=0.06 sys=0.00, real=0.01 secs]
2325.749: [GC [PSYoungGen: 52224K->256K(58880K)] 528073K->476105K(779776K), 0.0112992 secs] [Times: user=0.06 sys=0.00, real=0.01 secs]
2325.749: [GC [PSYoungGen: 52224K->256K(58880K)] 528073K->476105K(779776K), 0.0112992 secs] [Times: user=0.06 sys=0.00, real=0.01 secs]
2325.749: [GC [PSYoungGen: 52224K->256K(58880K)] 528073K->476105K(779776K), 0.0112992 secs] [Times: user=0.06 sys=0.00, real=0.01 secs]
2325.749: [GC [PSYoungGen: 52224K->256K(58880K)] 528073K->476105K(779776K), 0.0112992 secs] [Times: user=0.06 sys=0.00, real=0.01 secs]
2325.749: [GC [PSYoungGen: 52224K->256K(58880K)] 528073K->476105K(779776K), 0.0112992 secs] [Times: user=0.06 sys=0.00, real=0.01 secs]
2325.749: [GC [PSYoungGen: 52224K->256K(58880K)] 528073K->476105K(779776K), 0.0112992 secs] [Times: user=0.06 sys=0.00, real=0.01 secs]
2325.749: [GC [PSYoungGen: 52224K->256K(58880K)] 528073K->476105K(779776K), 0.0112992 secs] [Times: user=0.06 sys=0.00, real=0.01 secs]
2325.749: [GC [PSYoungGen: 52224K->256K(58880K)] 528073K->476105K(779776K), 0.0112992 secs] [Times: user=0.06 sys=0.00, real=0.01 secs]
2325.749: [GC [PSYoungGen: 52224K->256K(58880K)] 528073K->476105K(779776K), 0.0112992 secs] [Times: user=0.06 sys=0.00, real=0.01 secs]
2325.749: [GC [PSYoungGen: 52224K->256K(58880K)] 528073K->476105K(779776K), 0.0112992 secs] [Times: user=0.06 sys=0.00, real=0.01 secs]
2325.749: [GC [PSYoungGen: 52224K->256K(58880K)] 528073K->476105K(779776K), 0.0112992 secs] [Times: user=0.06 sys=0.00, real=0.01 secs]
2325.749: [GC [PSYoungGen: 52224K->256K(58880K)] 528073K->476105K(779776K), 0.0112992 secs] [Times: user=0.06 sys=0.00, real=0.01 secs]
2325.749: [GC [PSYoungGen: 52224K->256K(58880K)] 528073K->476105K(779776K), 0.0112992 secs] [Times: user=0.06 sys=0.00, real=0.01 secs]
2325.749: [GC [PSYoungGen: 52224K->256K(58880K)] 528073K->476105K(779776K), 0.0112992 secs] [Times: user=0.06 sys=0.00, real=0.01 secs]
2325.749: [GC [PSYoungGen: 52224K->256K(58880K)] 528073K->476105K(779776K), 0.0112992 secs] [Times: user=0.06 sys=0.00, real=0.01 secs]
2325.749: [GC [PSYoungGen: 52224K->256K(58880K)] 528073K->476105K(779776K), 0.0112992 secs] [Times: user=0.06 sys=0.00, real=0.01 secs]
2325.749: [GC [PSYoungGen: 52224K->256K(58880K)] 528073K->476105K(779776K), 0.0112992 secs] [Times: user=0.06 sys=0.00, real=0.01 secs]
2325.749: [GC [PSYoungGen: 52224K->256K(58880K)] 528073K->476105K(779776K), 0.0112992 secs] [Times: user=0.06 sys=0.00, real=0.01 secs]
2325.749: [GC [PSYoungGen: 52224K->256K(58880K)] 528073K->476105K(779776K), 0.0112992 secs] [Times: user=0.06 sys=0.00, real=0.01 secs]
2325.749: [GC [PSYoungGen: 52224K->256K(58880K)] 528073K->476105K(779776K), 0.0112992 secs] [Times: user=0.06 sys=0.00, real=0.01 secs]
2325.749: [GC [PSYoungGen: 52224K->256K(58880K)] 528073K->476105K(779776K), 0.0112992 secs] [Times: user=0.06 sys=0.00, real=0.01 secs]
2325.749: [GC [PSYoungGen: 52224K->256K(58880K)] 528073K->476105K(779776K), 0.0112992 secs] [Times: user=0.06 sys=0.00, real=0.01 secs]
2325.749: [GC [PSYoungGen: 52224K->256K(58880K)] 528073K->476105K(779776K), 0.0112992 secs] [Times: user=0.06 sys=0.00, real=0.01 secs]
2325.749: [GC [PSYoungGen: 52224K->256K(58880K)] 528073K->476105K(779776K), 0.0112992 secs] [Times: user=0.06 sys=0.00, real=0.01 secs]
2325.749: [GC [PSYoungGen: 52224K->256K(58880K)] 528073K->476105K(779776K), 0.0112992 secs] [Times: user=0.06 sys=0.00, real=0.01 secs]
2325.749: [GC [PSYoungGen: 52224K->256K(58880K)] 528073K->476105K(779776K), 0.0112992 secs] [Times: user=0.06 sys=0.00, real=0.01 secs]
2325.749: [GC [PSYoungGen: 52224K->256K(58880K)] 528073K->476105K(779776K), 0.0112992 secs] [Times: user=0.06 sys=0.00, real=0.01 secs]
2325.749: [GC [PSYoungGen: 52224K->256K(58880K)] 528073K->476105K(779776K), 0.0112992 secs] [Times: user=0.06 sys=0.00, real=0.01 secs]
2325.749: [GC [PSYoungGen: 52224K->256K(58880K)] 528073K->476105K(779776K), 0.0112992 secs] [Times: user=0.06 sys=0.00, real=0.01 secs]
2325.749: [GC [PSYoungGen: 52224K->256K(58880K)] 528073K->476105K(779776K), 0.0112992 secs] [Times: user=0.06 sys=0.00, real=0.01 secs]
2325.749: [GC [PSYoungGen: 52224K->256K(58880K)] 528073K->476105K(779776K), 0.0112992 secs] [Times: user=0.06 sys=0.00, real=0.01 secs]
2325.749: [GC [PSYoungGen: 52224K->256K(58880K)] 528073K->476105K(779776K), 0.0112992 secs] [Times: user=0.06 sys=0.00, real=0.01 secs]
2325.749: [GC [PSYoungGen: 52224K->256K(58880K)] 528073K->476105K(779776K), 0.0112992 secs] [Times: user=0.06 sys=0.00, real=0.01 secs]
2325.749: [GC [PSYoungGen: 52224K->256K(58880K)] 528073K->476105K(779776K), 0.0112992 secs] [Times: user=0.06 sys=0.00, real=0.01 secs]
2325.749: [GC [PSYoungGen: 52224K->256K(58880K)] 528073K->476105K(779776K), 0.0112992 secs] [Times: user=0.06 sys=0.00, real=0.01 secs]
2325.749: [GC [PSYoungGen: 52224K->256K(58880K)] 528073K->476105K(779776K), 0.0112992 secs] [Times: user=0.06 sys=0.00, real=0.01 secs]
2325.749: [GC [PSYoungGen: 52224K->256K(58880K)] 528073K->476105K(779776K), 0.0112992 secs] [Times: user=0.06 sys=0.00, real=0.01 secs]
2325.749: [GC [PSYoungGen: 52224K->256K(58880K)] 528073K->476105K(779776K), 0.0112992 secs] [Times: user=0.06 sys=0.00, real=0.01 secs]
2325.749: [GC [PSYoungGen: 52224K->256K(58880K)] 528073K->476105K(779776K), 0.0112992 secs] [Times: user=0.06 sys=0.00, real=0.01 secs]
2325.749: [GC [PSYoungGen: 52224K->256K(58880K)] 528073K->476105K(779776K), 0.0112992 secs] [Times: user=0.06 sys=0.00, real=0.01 secs]
2325.749: [GC [PSYoungGen: 52224K->256K(58880K)] 528073K->476105K(779776K), 0.0112992 secs] [Times: user=0.06 sys=0.00, real=0.01 secs]
2325.749: [GC [PSYoungGen: 52224K->256K(58880K)] 528073K->476105K(779776K), 0.0112992 secs] [Times: user=0.06 sys=0.00, real=0.01 secs]
2325.749: [GC [PSYoungGen: 52224K->256K(58880K)] 528073K->476105K(779776K), 0.0112992 secs] [Times: user=0.06 sys=0.00, real=0.01 secs]
2325.749: [GC [PSYoungGen: 52224K->256K(58880K)] 528073K->476105K(779776K), 0.0112992 secs] [Times: user=0.06 sys=0.00, real=0.01 secs]
2325.749: [GC [PSYoungGen: 52224K->256K(58880K)] 528073K->476105K(779776K), 0.0112992 secs] [Times: user=0.06 sys=0.00, real=0.01 secs]
2325.749: [GC [PSYoungGen: 52224K->256K(58880K)] 528073K->476105K(779776K), 0.0112992 secs] [Times: user=0.06 sys=0.00, real=0.01 secs]
2325.749: [GC [PSYoungGen: 52224K->256K(58880K)] 528073K->476105K(779776K), 0.0112992 secs] [Times: user=0.06 sys=0.00, real=0.01 secs]
2325.749: [GC [PSYoungGen: 52224K->256K(58880K)] 528073K->476105K(779776K), 0.0112992 secs] [Times: user=0.06 sys=0.00, real=0.01 secs]
2325.749: [GC [PSYoungGen: 52224K->256K(58880K)] 528073K->476105K(779776K), 0.0112992 secs] [Times: user=0.06 sys=0.00, real=0.01 secs]
2325.749: [GC [PSYoungGen: 52224K->256K(58880K)] 528073K->476105K(779776K), 0.0112992 secs] [Times: user=0.06 sys=0.00, real=0.01 secs]
2325.749: [GC [PSYoungGen: 52224K->256K(58880K)] 528073K->476105K(779776K), 0.0112992 secs] [Times: user=0.06 sys=0.00, real=0.01 secs]
2325.749: [GC [PSYoungGen: 52224K->256K(58880K)] 528073K->476105K(779776K), 0.0112992 secs] [Times: user=0.06 sys=0.00, real=0.01 secs]
2325.749: [GC [PSYoungGen: 52224K->256K(58880K)] 528073K->476105K(779776K), 0.0112992 secs] [Times: user=0.06 sys=0.00, real=0.01 secs]
2325.749: [GC [PSYoungGen: 52224K->256K(58880K)] 528073K->476105K(779776K), 0.0112992 secs] [Times: user=0.06 sys=0.00, real=0.01 secs]
2325.749: [GC [PSYoungGen: 52224K->256K(58880K)] 528073K->476105K(779776K), 0.0112992 secs] [Times: user=0.06 sys=0.00, real=0.01 secs]
2325.749: [GC [PSYoungGen: 52224K->256K(58880K)] 528073K->476105K(779776K), 0.0112992 secs] [Times: user=0.06 sys=0.00, real=0.01 secs]
2325.749: [GC [PSYoungGen: 52224K->256K(58880K)] 528073K->476105K(779776K), 0.0112992 secs] [Times: user=0.06 sys=0.00, real=0.01 secs]
2325.749: [GC [PSYoungGen: 52224K->256K(58880K)] 528073K->476105K(779776K), 0.0112992 secs] [Times: user=0.06 sys=0.00, real=0.01 secs]
2325.749: [GC [PSYoungGen: 52224K->256K(58880K)] 528073K->476105K(779776K), 0.0112992 secs] [Times: user=0.06 sys=0.00, real=0.01 secs]
2325.749: [GC [PSYoungGen: 52224K->256K(58880K)] 528073K->476105K(779776K), 0.0112992 secs] [Times: user=0.06 sys=0.00, real=0.01 secs]
2325.749: [GC [PSYoungGen: 52224K->256K(58880K)] 528073K->476105K(779776K), 0.0112992 secs] [Times: user=0.06 sys=0.00, real=0.01 secs]
2325.749: [GC [PSYoungGen: 52224K->256K(58880K)] 528073K->476105K(779776K), 0.0112992 secs] [Times: user=0.06 sys=0.00, real=0.01 secs]
2325.749: [GC [PSYoungGen: 52224K->256K(58880K)] 528073K->476105K(779776K), 0.0112992 secs] [Times: user=0.06 sys=0.00, real=0.01 secs]
2325.749: [GC [PSYoungGen: 52224K->256K(58880K)] 528073K->476105K(779776K), 0.0112992 secs] [Times: user=0.06 sys=0.00, real=0.01 secs]
2325.749: [GC [PSYoungGen: 52224K->256K(58880K)] 528073K->476105K(779776K), 0.0112992 secs] [Times: user=0.06 sys=0.00, real=0.01 secs]
2325.749: [GC [PSYoungGen: 52224K->256K(58880K)] 528073K->476105K(779776K), 0.0112992 secs] [Times: user=0.06 sys=0.00, real=0.01 secs]
2325.749: [GC [PSYoungGen: 52224K->256K(58880K)] 528073K->476105K(779776K), 0.0112992 secs] [Times: user=0.06 sys=0.00, real=0.01 secs]
2325.749: [GC [PSYoungGen: 52224K->256K(58880K)] 528073K->476105K(779776K), 0.0112992 secs] [Times: user=0.06 sys=0.00, real=0.01 secs]
2325.749: [GC [PSYoungGen: 52224K->256K(58880K)] 528073K->476105K(779776K), 0.0112992 secs] [Times: user=0.06 sys=0.00, real=0.01 secs]
2325.749: [GC [PSYoungGen: 52224K->256K(58880K)] 528073K->476105K(779776K), 0.0112992 secs] [Times: user=0.06 sys=0.00, real=0.01 secs]
2325.749: [GC [PSYoungGen: 52224K->256K(58880K)] 528073K->476105K(779776K), 0.0112992 secs] [Times: user=0.06 sys=0.00, real=0.01 secs]
2325.749: [GC [PSYoungGen: 52224K->256K(58880K)] 528073K->476105K(779776K), 0.0112992 secs] [Times: user=0.06 sys=0.00, real=0.01 secs]
2325.749: [GC [PSYoungGen: 52224K->256K(58880K)] 528073K->476105K(779776K), 0.0112992 secs] [Times: user=0.06 sys=0.00, real=0.01 secs]
2325.749: [GC [PSYoungGen: 52224K->256K(58880K)] 528073K->476105K(779776K), 0.0112992 secs] [Times: user=0.06 sys=0.00, real=0.01 secs]
2325.749: [GC [PSYoungGen: 52224K->256K(58880K)] 528073K->476105K(779776K), 0.0112992 secs] [Times: user=0.06 sys=0.00, real=0.01 secs]
2325.749: [GC [PSYoungGen: 52224K->256K(58880K)] 528073K->476105K(779776K), 0.0112992 secs] [Times: user=0.06 sys=0.00, real=0.01 secs]
2325.749: [GC [PSYoungGen: 52224K->256K(58880K)] 528073K->476105K(779776K), 0.0112992 secs] [Times: user=0.06 sys=0.00, real=0.01 secs]
2325.749: [GC [PSYoungGen: 52224K->256K(58880K)] 528073K->476105K(779776K), 0.0112992 secs] [Times: user=0.06 sys=0.00, real=0.01 secs]
2325.749: [GC [PSYoungGen: 52224K->256K(58880K)] 528073K->476105K(779776K), 0.0112992 secs] [Times: user=0.06 sys=0.00, real=0.01 secs]
2325.749: [GC [PSYoungGen: 52224K->256K(58880K)] 528073K->476105K(779776K), 0.0112992 secs] [Times: user=0.06 sys=0.00, real=0.01 secs]
2325.749: [GC [PSYoungGen: 52224K->256K(58880K)] 528073K->476105K(779776K), 0.0112992 secs] [Times: user=0.06 sys=0.00, real=0.01 secs]
2325.749: [GC [PSYoungGen: 52224K->256K(58880K)] 528073K->476105K(779776K), 0.0112992 secs] [Times: user=0.06 sys=0.00, real=0.01 secs]
2325.749: [GC [PSYoungGen: 52224K->256K(58880K)] 528073K->476105K(779776K), 0.0112992 secs] [Times: user=0.06 sys=0.00, real=0.01 secs]
2325.749: [GC [PSYoungGen: 52224K->256K(58880K)] 528073K->476105K(779776K), 0.0112992 secs] [Times: user=0.06 sys=0.00, real=0.01 secs]
2325.749: [GC [PSYoungGen: 52224K->256K(58880K)] 528073K->476105K(779776K), 0.0112992 secs] [Times: user=0.06 sys=0.00, real=0.01 secs]
2325.749: [GC [PSYoungGen: 52224K->256K(58880K)] 528073K->476105K(779776K), 0.0112992 secs] [Times: user=0.06 sys=0.00, real=0.01 secs]
2325.749: [GC [PSYoungGen: 52224K->256K(58880K)] 528073K->476105K(779776K), 0.0112992 secs] [Times: user=0.06 sys=0.00, real=0.01 secs]
2325.749: [GC [PSYoungGen: 52224K->256K(58880K)] 528073K->476105K(779776K), 0.0112992 secs] [Times: user=0.06 sys=0.00, real=0.01 secs]
2325.749: [GC [PSYoungGen: 52224K->256K(58880K)] 528073K->476105K(779776K), 0.0112992 secs] [Times: user=0.06 sys=0.00, real=0.01 secs]
2325.749: [GC [PSYoungGen: 52224K->256K(58880K)] 528073K->476105K(779776K), 0.0112992 secs] [Times: user=0.06 sys=0.00, real=0.01 secs]
2325.749: [GC [PSYoungGen: 52224K->256K(58880K)] 528073K->476105K(779776K), 0.0112992 secs] [Times: user=0.06 sys=0.00, real=0.01 secs]
2325.749: [GC [PSYoungGen: 52224K->256K(58880K)] 528073K->476105K(779776K), 0.0112992 secs] [Times: user=0.06 sys=0.00, real=0.01 secs]
2325.749: [GC [PSYoungGen: 52224K->256K(58880K)] 528073K->476105K(779776K), 0.0112992 secs] [Times: user=0.06 sys=0.00, real=0.01 secs]
2325.749: [GC [PSYoungGen: 52224K->256K(58880K)] 528073K->476105K(779776K), 0.0112992 secs] [Times: user=0.06 sys=0.00, real=0.01 secs]
2325.749: [GC [PSYoungGen: 52224K->256K(58880K)] 528073K->476105K(779776K), 0.0112992 secs] [Times: user=0.06 sys=0.00, real=0.01 secs]
2325.749: [GC [PSYoungGen: 52224K->256K(58880K)] 528073K->476105K(779776K), 0.0112992 secs] [Times: user=0.06 sys=0.00, real=0.01 secs]
2325.749: [GC [PSYoungGen: 52224K->256K(58880K)] 528073K->476105K(779776K), 0.0112992 secs] [Times: user=0.06 sys=0.00, real=0.01 secs]
2325.749: [GC [PSYoungGen: 52224K->256K(58880K)] 528073K->476105K(779776K), 0.0112992 secs] [Times: user=0.06 sys=0.00, real=0.01 secs]
2325.749: [GC [PSYoungGen: 52224K->256K(58880K)] 528073K->476105K(779776K), 0.0112992 secs] [Times: user=0.06 sys=0.00, real=0.01 secs]
2325.749: [GC [PSYoungGen: 52224K->256K(58880K)] 528073K->476105K(779776K), 0.0112992 secs] [Times: user=0.06 sys=0.00, real=0.01 secs]
2325.749: [GC [PSYoungGen: 52224K->256K(58880K)] 528073K->476105K(779776K), 0.0112992 secs] [Times: user=0.06 sys=0.00, real=0.01 secs]
2325.749: [GC [PSYoungGen: 52224K->256K(58880K)] 528073K->476105K(779776K), 0.0112992 secs] [Times: user=0.06 sys=0.00, real=0.01 secs]
2325.749: [GC [PSYoungGen: 52224K->256K(58880K)] 528073K->476105K(779776K), 0.0112992 secs] [Times: user=0.06 sys=0.00, real=0.01 secs]
2325.749: [GC [PSYoungGen: 52224K->256K(58880K)] 528073K->476105K(779776K), 0.0112992 secs] [Times: user=0.06 sys=0.00, real=0.01 secs]
2325.749: [GC [PSYoungGen: 52224K->256K(58880K)] 528073K->476105K(779776K), 0.0112992 secs] [Times: user=0.06 sys=0.00, real=0.01 secs]
2325.749: [GC [PSYoungGen: 52224K->256K(58880K)] 528073K->476105K(779776K), 0.0112992 secs] [Times: user=0.06 sys=0.00, real=0.01 secs]
2325.749: [GC [PSYoungGen: 52224K->256K(58880K)] 528073K->476105K(779776K), 0.0112992 secs] [Times: user=0.06 sys=0.00, real=0.01 secs]
2325.749: [GC [PSYoungGen: 52224K->256K(58880K)] 528073K->476105K(779776K), 0.0112992 secs] [Times: user=0.06 sys=0.00, real=0.01 secs]
2325.749: [GC [PSYoungGen: 52224K->256K(58880K)] 528073K->476105K(779776K), 0.0112992 secs] [Times: user=0.06 sys=0.00, real=0.01 secs]
2325.749: [GC [PSYoungGen: 52224K->256K(58880K)] 528073K->476105K(779776K), 0.0112992 secs] [Times: user=0.06 sys=0.00, real=0.01 secs]
2325.749: [GC [PSYoungGen: 52224K->256K(58880K)] 528073K->476105K(779776K), 0.0112992 secs] [Times: user=0.06 sys=0.00, real=0.01 secs]
2325.749: [GC [PSYoungGen: 52224K->256K(58880K)] 528073K->476105K(779776K), 0.0112992 secs] [Times: user=0.06 sys=0.00, real=0.01 secs]
2325.749: [GC [PSYoungGen: 52224K->256K(58880K)] 528073K->476105K(779776K), 0.0112992 secs] [Times: user=0.06 sys=0.00, real=0.01 secs]
2325.749: [GC [PSYoungGen: 52224K->256K(58880K)] 528073K->476105K(779776K), 0.0112992 secs] [Times: user=0.06 sys=0.00, real=0.01 secs]
2325.749: [GC [PSYoungGen: 52224K->256K(58880K)] 528073K->476105K(779776K), 0.0112992 secs] [Times: user=0.06 sys=0.00, real=0.01 secs]
2325.749: [GC [PSYoungGen: 52224K->256K(58880K)] 528073K->476105K(779776K), 0.0112992 secs] [Times: user=0.06 sys=0.00, real=0.01 secs]
2325.749: [GC [PSYoungGen: 52224K->256K(58880K)] 528073K->476105K(779776K), 0.0112992 secs] [Times: user=0.06 sys=0.00, real=0.01 secs]
2325.749: [GC [PSYoungGen: 52224K->256K(58880K)] 528073K->476105K(779776K), 0.0112992 secs] [Times: user=0.06 sys=0.00, real=0.01 secs]
2325.749: [GC [PSYoungGen: 52224K->256K(58880K)] 528073K->476105K(779776K), 0.0112992 secs] [Times: user=0.06 sys=0.00, real=0.01 secs]
2325.749: [GC [PSYoungGen: 52224K->256K(58880K)] 528073K->476105K(779776K), 0.0112992 secs] [Times: user=0.06 sys=0.00, real=0.01 secs]
2325.749: [GC [PSYoungGen: 52224K->256K(58880K)] 528073K->476105K(779776K), 0.0112992 secs] [Times: user=0.06 sys=0.00, real=0.01 secs]
2325.749: [GC [PSYoungGen: 52224K->256K(58880K)] 528073K->476105K(779776K), 0.0112992 secs] [Times: user=0.06 sys=0.00, real=0.01 secs]
2325.749: [GC [PSYoungGen: 52224K->256K(58880K)] 528073K->476105K(779776K), 0.0112992 secs] [Times: user=0.06 sys=0.00, real=0.01 secs]
2325.749: [GC [PSYoungGen: 52224K->256K(58880K)] 528073K->476105K(779776K), 0.0112992 secs] [Times: user=0.06 sys=0.00, real=0.01 secs]
2325.749: [GC [PSYoungGen: 52224K->256K(58880K)] 528073K->476105K(779776K), 0.0112992 secs] [Times: user=0.06 sys=0.00, real=0.01 secs]
2325.749: [GC [PSYoungGen: 52224K->256K(58880K)] 528073K->476105K(779776K), 0.0112992 secs] [Times: user=0.06 sys=0.00, real=0.01 secs]
2325.749: [GC [PSYoungGen: 52224K->256K(58880K)] 528073K->476105K(779776K), 0.0112992 secs] [Times: user=0.06 sys=0.00, real=0.01 secs]
2325.749: [GC [PSYoungGen: 52224K->256K(58880K)] 528073K->476105K(779776K), 0.0112992 secs] [Times: user=0.06 sys=0.00, real=0.01 secs]
2325.749: [GC [PSYoungGen: 52224K->256K(58880K)] 528073K->476105K(779776K), 0.0112992 secs] [Times: user=0.06 sys=0.00, real=0.01 secs]
2325.749: [GC [PSYoungGen: 52224K->256K(58880K)] 528073K->476105K(779776K), 0.0112992 secs] [Times: user=0.06 sys=0.00, real=0.01 secs]
2325.749: [GC [PSYoungGen: 52224K->256K(58880K)] 528073K->476105K(779776K), 0.0112992 secs] [Times: user=0.06 sys=0.00, real=0.01 secs]
2325.749: [GC [PSYoungGen: 52224K->256K(58880K)] 528073K->476105K(779776K), 0.0112992 secs] [Times: user=0.06 sys=0.00, real=0.01 secs]
2325.749: [GC [PSYoungGen: 52224K->256K(58880K)] 528073K->476105K(779776K), 0.0112992 secs] [Times: user=0.06 sys=0.00, real=0.01 secs]
2325.749: [GC [PSYoungGen: 52224K->256K(58880K)] 528073K->476105K(779776K), 0.0112992 secs] [Times: user=0.06 sys=0.00, real=0.01 secs]
2325.749: [GC [PSYoungGen: 52224K->256K(58880K)] 528073K->476105K(779776K), 0.0112992 secs] [Times: user=0.06 sys=0.00, real=0.01 secs]
2325.749: [GC [PSYoungGen: 52224K->256K(58880K)] 528073K->476105K(779776K), 0.0112992 secs] [Times: user=0.06 sys=0.00, real=0.01 secs]
2325.749: [GC [PSYoungGen: 52224K->256K(58880K)] 528073K->476105K(779776K), 0.0112992 secs] [Times: user=0.06 sys=0.00, real=0.01 secs]
2325.749: [GC [PSYoungGen: 52224K->256K(58880K)] 528073K->476105K(779776K), 0.0112992 secs] [Times: user=0.06 sys=0.00, real=0.01 secs]
2325.749: [GC [PSYoungGen: 52224K->256K(58880K)] 528073K->476105K(779776K), 0.0112992 secs] [Times: user=0.06 sys=0.00, real=0.01 secs]
2325.749: [GC [PSYoungGen: 52224K->256K(58880K)] 528073K->476105K(779776K), 0.0112992 secs] [Times: user=0.06 sys=0.00, real=0.01 secs]
2325.749: [GC [PSYoungGen: 52224K->256K(58880K)] 528073K->476105K(779776K), 0.0112992 secs] [Times: user=0.06 sys=0.00, real=0.01 secs]
2325.749: [GC [PSYoungGen: 52224K->256K(58880K)] 528073K->476105K(779776K), 0.0112992 secs] [Times: user=0.06 sys=0.00, real=0.01 secs]
2325.749: [GC [PSYoungGen: 52224K->256K(58880K)] 528073K->476105K(779776K), 0.0112992 secs] [Times: user=0.06 sys=0.00, real=0.01 secs]
2325.749: [GC [PSYoungGen: 52224K->256K(58880K)] 528073K->476105K(779776K), 0.0112992 secs] [Times: user=0.06 sys=0.00, real=0.01 secs]
2325.749: [GC [PSYoungGen: 52224K->256K(58880K)] 528073K->476105K(779776K), 0.0112992 secs] [Times: user=0.06 sys=0.00, real=0.01 secs]
2325.749: [GC [PSYoungGen: 52224K->256K(58880K)] 528073K->476105K(779776K), 0.0112992 secs] [Times: user=0.06 sys=0.00, real=0.01 secs]
2325.749: [GC [PSYoungGen: 52224K->256K(58880K)] 528073K->476105K(779776K), 0.0112992 secs] [Times: user=0.06 sys=0.00, real=0.01 secs]
2325.749: [GC [PSYoungGen: 52224K->256K(58880K)] 528073K->476105K(779776K), 0.0112992 secs] [Times: user=0.06 sys=0.00, real=0.01 secs]
2325.749: [GC [PSYoungGen: 52224K->256K(58880K)] 528073K->476105K(779776K), 0.0112992 secs] [Times: user=0.06 sys=0.00, real=0.01 secs]
2325.749: [GC [PSYoungGen: 52224K->256K(58880K)] 528073K->476105K(779776K), 0.0112992 secs] [Times: user=0.06 sys=0.00, real=0.01 secs]
2325.749: [GC [PSYoungGen: 52224K->256K(58880K)] 528073K->476105K(779776K), 0.0112992 secs] [Times: user=0.06 sys=0.00, real=0.01 secs]
2325.749: [GC [PSYoungGen: 52224K->256K(58880K)] 528073K->476105K(779776K), 0.0112992 secs] [Times: user=0.06 sys=0.00, real=0.01 secs]
2325.749: [GC [PSYoungGen: 52224K->256K(58880K)] 528073K->476105K(779776K), 0.0112992 secs] [Times: user=0.06 sys=0.00, real=0.01 secs]
2325.749: [GC [PSYoungGen: 52224K->256K(58880K)] 528073K->476105K(779776K), 0.0112992 secs] [Times: user=0.06 sys=0.00, real=0.01 secs]
2325.749: [GC [PSYoungGen: 52224K->256K(58880K)] 528073K->476105K(779776K), 0.0112992 secs] [Times: user=0.06 sys=0.00, real=0.01 secs]
2325.749: [GC [PSYoungGen: 52224K->256K(58880K)] 528073K->476105K(779776K), 0.0112992 secs] [Times: user=0.06 sys=0.00, real=0.01 secs]
2325.749: [GC [PSYoungGen: 52224K->256K(58880K)] 528073K->476105K(779776K), 0.0112992 secs] [Times: user=0.06 sys=0.00, real=0.01 secs]
2325.749: [GC [PSYoungGen: 52224K->256K(58880K)] 528073K->476105K(779776K), 0.0112992 secs] [Times: user=0.06 sys=0.00, real=0.01 secs]
2325.749: [GC [PSYoungGen: 52224K->256K(58880K)] 528073K->476105K(779776K), 0.0112992 secs] [Times: user=0.06 sys=0.00, real=0.01 secs]
2325.749: [GC [PSYoungGen: 52224K->256K(58880K)] 528073K->476105K(779776K), 0.0112992 secs] [Times: user=0.06 sys=0.00, real=0.01 secs]
2325.749: [GC [PSYoungGen: 52224K->256K(58880K)] 528073K->476105K(779776K), 0.0112992 secs] [Times: user=0.06 sys=0.00, real=0.01 secs]
2325.749: [GC [PSYoungGen: 52224K->256K(58880K)] 528073K->476105K(779776K), 0.0112992 secs] [Times: user=0.06 sys=0.00, real=0.01 secs]
2325.749: [GC [PSYoungGen: 52224K->256K(58880K)] 528073K->476105K(779776K), 0.0112992 secs] [Times: user=0.06 sys=0.00, real=0.01 secs]
2325.749: [GC [PSYoungGen: 52224K->256K(58880K)] 528073K->476105K(779776K), 0.0112992 secs] [Times: user=0.06 sys=0.00, real=0.01 secs]
2325.749: [GC [PSYoungGen: 52224K->256K(58880K)] 528073K->476105K(779776K), 0.0112992 secs] [Times: user=0.06 sys=0.00, real=0.01 secs]
2325.749: [GC [PSYoungGen: 52224K->256K(58880K)] 528073K->476105K(779776K), 0.0112992 secs] [Times: user=0.06 sys=0.00, real=0.01 secs]
2325.749: [GC [PSYoungGen: 52224K->256K(58880K)] 528073K->476105K(779776K), 0.0112992 secs] [Times: user=0.06 sys=0.00, real=0.01 secs]
2325.749: [GC [PSYoungGen: 52224K->256K(58880K)] 528073K->476105K(779776K), 0.0112992 secs] [Times: user=0.06 sys=0.00, real=0.01 secs]
2325.749: [GC [PSYoungGen: 52224K->256K(58880K)] 528073K->476105K(779776K), 0.0112992 secs] [Times: user=0.06 sys=0.00, real=0.01 secs]
2325.749: [GC [PSYoungGen: 52224K->256K(58880K)] 528073K->476105K(779776K), 0.0112992 secs] [Times: user=0.06 sys=0.00, real=0.01 secs]
2325.749: [GC [PSYoungGen: 52224K->256K(58880K)] 528073K->476105K(779776K), 0.0112992 secs] [Times: user=0.06 sys=0.00, real=0.01 secs]
2325.749: [GC [PSYoungGen: 52224K->256K(58880K)] 528073K->476105K(779776K), 0.0112992 secs] [Times: user=0.06 sys=0.00, real=0.01 secs]
2325.749: [GC [PSYoungGen: 52224K->256K(58880K)] 528073K->476105K(779776K), 0.0112992 secs] [Times: user=0.06 sys=0.00, real=0.01 secs]
2325.749: [GC [PSYoungGen: 52224K->256K(58880K)] 528073K->476105K(779776K), 0.0112992 secs] [Times: user=0.06 sys=0.00, real=0.01 secs]
2325.749: [GC [PSYoungGen: 52224K->256K(58880K)] 528073K->476105K(779776K), 0.0112992 secs] [Times: user=0.06 sys=0.00, real=0.01 secs]
2325.749: [GC [PSYoungGen: 52224K->256K(58880K)] 528073K->476105K(779776K), 0.0112992 secs] [Times: user=0.06 sys=0.00, real=0.01 secs]
2325.749: [GC [PSYoungGen: 52224K->256K(58880K)] 528073K->476105K(779776K), 0.0112992 secs] [Times: user=0.06 sys=0.00, real=0.01 secs]
2325.749: [GC [PSYoungGen: 52224K->256K(58880K)] 528073K->476105K(779776K), 0.0112992 secs] [Times: user=0.06 sys=0.00, real=0.01 secs]
2325.749: [GC [PSYoungGen: 52224K->256K(58880K)] 528073K->476105K(779776K), 0.0112992 secs] [Times: user=0.06 sys=0.00, real=0.01 secs]
2325.749: [GC [PSYoungGen: 52224K->256K(58880K)] 528073K->476105K(779776K), 0.0112992 secs] [Times: user=0.06 sys=0.00, real=0.01 secs]
2325.749: [GC [PSYoungGen: 52224K->256K(58880K)] 528073K->476105K(779776K), 0.0112992 secs] [Times: user=0.06 sys=0.00, real=0.01 secs]
2325.749: [GC [PSYoungGen: 52224K->256K(58880K)] 528073K->476105K(779776K), 0.0112992 secs] [Times: user=0.06 sys=0.00, real=0.01 secs]
2325.749: [GC [PSYoungGen: 52224K->256K(58880K)] 528073K->476105K(779776K), 0.0112992 secs] [Times: user=0.06 sys=0.00, real=0.01 secs]
2325.749: [GC [PSYoungGen: 52224K->256K(58880K)] 528073K->476105K(779776K), 0.0112992 secs] [Times: user=0.06 sys=0.00, real=0.01 secs]
2325.749: [GC [PSYoungGen: 52224K->256K(58880K)] 528073K->476105K(779776K), 0.0112992 secs] [Times: user=0.06 sys=0.00, real=0.01 secs]
2325.749: [GC [PSYoungGen: 52224K->256K(58880K)] 528073K->476105K(779776K), 0.0112992 secs] [Times: user=0.06 sys=0.00, real=0.01 secs]
2325.749: [GC [PSYoungGen: 52224K->256K(58880K)] 528073K->476105K(779776K), 0.0112992 secs] [Times: user=0.06 sys=0.00, real=0.01 secs]
2325.749: [GC [PSYoungGen: 52224K->256K(58880K)] 528073K->476105K(779776K), 0.0112992 secs] [Times: user=0.06 sys=0.00, real=0.01 secs]
2325.749: [GC [PSYoungGen: 52224K->256K(58880K)] 528073K->476105K(779776K), 0.0112992 secs] [Times: user=0.06 sys=0.00, real=0.01 secs]
2325.749: [GC [PSYoungGen: 52224K->256K(58880K)] 528073K->476105K(779776K), 0.0112992 secs] [Times: user=0.06 sys=0.00, real=0.01 secs]
2325.749: [GC [PSYoungGen: 52224K->256K(58880K)] 528073K->476105K(779776K), 0.0112992 secs] [Times: user=0.06 sys=0.00, real=0.01 secs]
2325.749: [GC [PSYoungGen: 52224K->256K(58880K)] 528073K->476105K(779776K), 0.0112992 secs] [Times: user=0.06 sys=0.00, real=0.01 secs]
2325.749: [GC [PSYoungGen: 52224K->256K(58880K)] 528073K->476105K(779776K), 0.0112992 secs] [Times: user=0.06 sys=0.00, real=0.01 secs]
2325.749: [GC [PSYoungGen: 52224K->256K(58880K)] 528073K->476105K(779776K), 0.0112992 secs] [Times: user=0.06 sys=0.00, real=0.01 secs]
2325.749: [GC [PSYoungGen: 52224K->256K(58880K)] 528073K->476105K(779776K), 0.0112992 secs] [Times: user=0.06 sys=0.00, real=0.01 secs]
2325.749: [GC [PSYoungGen: 52224K->256K(58880K)] 528073K->476105K(779776K), 0.0112992 secs] [Times: user=0.06 sys=0.00, real=0.01 secs]
2325.749: [GC [PSYoungGen: 52224K->256K(58880K)] 528073K->476105K(779776K), 0.0112992 secs] [Times: user=0.06 sys=0.00, real=0.01 secs]
2325.749: [GC [PSYoungGen: 52224K->256K(58880K)] 528073K->476105K(779776K), 0.0112992 secs] [Times: user=0.06 sys=0.00, real=0.01 secs]
2325.749: [GC [PSYoungGen: 52224K->256K(58880K)] 528073K->476105K(779776K), 0.0112992 secs] [Times: user=0.06 sys=0.00, real=0.01 secs]
2325.749: [GC [PSYoungGen: 52224K->256K(58880K)] 528073K->476105K(779776K), 0.0112992 secs] [Times: user=0.06 sys=0.00, real=0.01 secs]
2325.749: [GC [PSYoungGen: 52224K->256K(58880K)] 528073K->476105K(779776K), 0.0112992 secs] [Times: user=0.06 sys=0.00, real=0.01 secs]
2325.749: [GC [PSYoungGen: 52224K->256K(58880K)] 528073K->476105K(779776K), 0.0112992 secs] [Times: user=0.06 sys=0.00, real=0.01 secs]
2325.749: [GC [PSYoungGen: 52224K->256K(58880K)] 528073K->476105K(779776K), 0.0112992 secs] [Times: user=0.06 sys=0.00, real=0.01 secs]
2325.749: [GC [PSYoungGen: 52224K->256K(58880K)] 528073K->476105K(779776K), 0.0112992 secs] [Times: user=0.06 sys=0.00, real=0.01 secs]
2325.749: [GC [PSYoungGen: 52224K->256K(58880K)] 528073K->476105K(779776K), 0.0112992 secs] [Times: user=0.06 sys=0.00, real=0.01 secs]
2325.749: [GC [PSYoungGen: 52224K->256K(58880K)] 528073K->476105K(779776K), 0.0112992 secs] [Times: user=0.06 sys=0.00, real=0.01 secs]
2325.749: [GC [PSYoungGen: 52224K->256K(58880K)] 528073K->476105K(779776K), 0.0112992 secs] [Times: user=0.06 sys=0.00, real=0.01 secs]
2325.749: [GC [PSYoungGen: 52224K->256K(58880K)] 528073K->476105K(779776K), 0.0112992 secs] [Times: user=0.06 sys=0.00, real=0.01 secs]
2325.749: [GC [PSYoungGen: 52224K->256K(58880K)] 528073K->476105K(779776K), 0.0112992 secs] [Times: user=0.06 sys=0.00, real=0.01 secs]
2325.749: [GC [PSYoungGen: 52224K->256K(58880K)] 528073K->476105K(779776K), 0.0112992 secs] [Times: user=0.06 sys=0.00, real=0.01 secs]
2325.749: [GC [PSYoungGen: 52224K->256K(58880K)] 528073K->476105K(779776K), 0.0112992 secs] [Times: user=0.06 sys=0.00, real=0.01 secs]
2325.749: [GC [PSYoungGen: 52224K->256K(58880K)] 528073K->476105K(779776K), 0.0112992 secs] [Times: user=0.06 sys=0.00, real=0.01 secs]
2325.749: [GC [PSYoungGen: 52224K->256K(58880K)] 528073K->476105K(779776K), 0.0112992 secs] [Times: user=0.06 sys=0.00, real=0.01 secs]
2325.749: [GC [PSYoungGen: 52224K->256K(58880K)] 528073K->476105K(779776K), 0.0112992 secs] [Times: user=0.06 sys=0.00, real=0.01 secs]
2325.749: [GC [PSYoungGen: 52224K->256K(58880K)] 528073K->476105K(779776K), 0.0112992 secs] [Times: user=0.06 sys=0.00, real=0.01 secs]
2325.749: [GC [PSYoungGen: 52224K->256K(58880K)] 528073K->476105K(779776K), 0.0112992 secs] [Times: user=0.06 sys=0.00, real=0.01 secs]
2325.749: [GC [PSYoungGen: 52224K->256K(58880K)] 528073K->476105K(779776K), 0.0112992 secs] [Times: user=0.06 sys=0.00, real=0.01 secs]
2325.749: [GC [PSYoungGen: 52224K->256K(58880K)] 528073K->476105K(779776K), 0.0112992 secs] [Times: user=0.06 sys=0.00, real=0.01 secs]
2325.749: [GC [PSYoungGen: 52224K->256K(58880K)] 528073K->476105K(779776K), 0.0112992 secs] [Times: user=0.06 sys=0.00, real=0.01 secs]
2325.749: [GC [PSYoungGen: 52224K->256K(58880K)] 528073K->476105K(779776K), 0.0112992 secs] [Times: user=0.06 sys=0.00, real=0.01 secs]
2325.749: [GC [PSYoungGen: 52224K->256K(58880K)] 528073K->476105K(779776K), 0.0112992 secs] [Times: user=0.06 sys=0.00, real=0.01 secs]
2325.749: [GC [PSYoungGen: 52224K->256K(58880K)] 528073K->476105K(779776K), 0.0112992 secs] [Times: user=0.06 sys=0.00, real=0.01 secs]
2325.749: [GC [PSYoungGen: 52224K->256K(58880K)] 528073K->476105K(779776K), 0.0112992 secs] [Times: user=0.06 sys=0.00, real=0.01 secs]
2325.749: [GC [PSYoungGen: 52224K->256K(58880K)] 528073K->476105K(779776K), 0.0112992 secs] [Times: user=0.06 sys=0.00, real=0.01 secs]
2325.749: [GC [PSYoungGen: 52224K->256K(58880K)] 528073K->476105K(779776K), 0.0112992 secs] [Times: user=0.06 sys=0.00, real=0.01 secs]
2325.749: [GC [PSYoungGen: 52224K->256K(58880K)] 528073K->476105K(779776K), 0.0112992 secs] [Times: user=0.06 sys=0.00, real=0.01 secs]
2325.749: [GC [PSYoungGen: 52224K->256K(58880K)] 528073K->476105K(779776K), 0.0112992 secs] [Times: user=0.06 sys=0.00, real=0.01 secs]
2325.749: [GC [PSYoungGen: 52224K->256K(58880K)] 528073K->476105K(779776K), 0.0112992 secs] [Times: user=0.06 sys=0.00, real=0.01 secs]
2325.749: [GC [PSYoungGen: 52224K->256K(58880K)] 528073K->476105K(779776K), 0.0112992 secs] [Times: user=0.06 sys=0.00, real=0.01 secs]
2325.749: [GC [PSYoungGen: 52224K->256K(58880K)] 528073K->476105K(779776K), 0.0112992 secs] [Times: user=0.06 sys=0.00, real=0.01 secs]
2325.749: [GC [PSYoungGen: 52224K->256K(58880K)] 528073K->476105K(779776K), 0.0112992 secs] [Times: user=0.06 sys=0.00, real=0.01 secs]
2325.749: [GC [PSYoungGen: 52224K->256K(58880K)] 528073K->476105K(779776K), 0.0112992 secs] [Times: user=0.06 sys=0.00, real=0.01 secs]
2325.749: [GC [PSYoungGen: 52224K->256K(58880K)] 528073K->476105K(779776K), 0.0112992 secs] [Times: user=0.06 sys=0.00, real=0.01 secs]
2325.749: [GC [PSYoungGen: 52224K->256K(58880K)] 528073K->476105K(779776K), 0.0112992 secs] [Times: user=0.06 sys=0.00, real=0.01 secs]
2325.749: [GC [PSYoungGen: 52224K->256K(58880K)] 528073K->476105K(779776K), 0.0112992 secs] [Times: user=0.06 sys=0.00, real=0.01 secs]
2325.749: [GC [PSYoungGen: 52224K->256K(58880K)] 528073K->476105K(779776K), 0.0112992 secs] [Times: user=0.06 sys=0.00, real=0.01 secs]
2325.749: [GC [PSYoungGen: 52224K->256K(58880K)] 528073K->476105K(779776K), 0.0112992 secs] [Times: user=0.06 sys=0.00, real=0.01 secs]
2325.749: [GC [PSYoungGen: 52224K->256K(58880K)] 528073K->476105K(779776K), 0.0112992 secs] [Times: user=0.06 sys=0.00, real=0.01 secs]
2325.749: [GC [PSYoungGen: 52224K->256K(58880K)] 528073K->476105K(779776K), 0.0112992 secs] [Times: user=0.06 sys=0.00, real=0.01 secs]
2325.749: [GC [PSYoungGen: 52224K->256K(58880K)] 528073K->476105K(779776K), 0.0112992 secs] [Times: user=0.06 sys=0.00, real=0.01 secs]
2325.749: [GC [PSYoungGen: 52224K->256K(58880K)] 528073K->476105K(779776K), 0.0112992 secs] [Times: user=0.06 sys=0.00, real=0.01 secs]
2325.749: [GC [PSYoungGen: 52224K->256K(58880K)] 528073K->476105K(779776K), 0.0112992 secs] [Times: user=0.06 sys=0.00, real=0.01 secs]
2325.749: [GC [PSYoungGen: 52224K->256K(58880K)] 528073K->476105K(779776K), 0.0112992 secs] [Times: user=0.06 sys=0.00, real=0.01 secs]
2325.749: [GC [PSYoungGen: 52224K->256K(58880K)] 528073K->476105K(779776K), 0.0112992 secs] [Times: user=0.06 sys=0.00, real=0.01 secs]
2325.749: [GC [PSYoungGen: 52224K->256K(58880K)] 528073K->476105K(779776K), 0.0112992 secs] [Times: user=0.06 sys=0.00, real=0.01 secs]
2325.749: [GC [PSYoungGen: 52224K->256K(58880K)] 528073K->476105K(779776K), 0.0112992 secs] [Times: user=0.06 sys=0.00, real=0.01 secs]
2325.749: [GC [PSYoungGen: 52224K->256K(58880K)] 528073K->476105K(779776K), 0.0112992 secs] [Times: user=0.06 sys=0.00, real=0.01 secs]
2325.749: [GC [PSYoungGen: 52224K->256K(58880K)] 528073K->476105K(779776K), 0.0112992 secs] [Times: user=0.06 sys=0.00, real=0.01 secs]
2325.749: [GC [PSYoungGen: 52224K->256K(58880K)] 528073K->476105K(779776K), 0.0112992 secs] [Times: user=0.06 sys=0.00, real=0.01 secs]
2325.749: [GC [PSYoungGen: 52224K->256K(58880K)] 528073K->476105K(779776K), 0.0112992 secs] [Times: user=0.06 sys=0.00, real=0.01 secs]
2325.749: [GC [PSYoungGen: 52224K->256K(58880K)] 528073K->476105K(779776K), 0.0112992 secs] [Times: user=0.06 sys=0.00, real=0.01 secs]
2325.749: [GC [PSYoungGen: 52224K->256K(58880K)] 528073K->476105K(779776K), 0.0112992 secs] [Times: user=0.06 sys=0.00, real=0.01 secs]
2325.749: [GC [PSYoungGen: 52224K->256K(58880K)] 528073K->476105K(779776K), 0.0112992 secs] [Times: user=0.06 sys=0.00, real=0.01 secs]
2325.749: [GC [PSYoungGen: 52224K->256K(58880K)] 528073K->476105K(779776K), 0.0112992 secs] [Times: user=0.06 sys=0.00, real=0.01 secs]
2325.749: [GC [PSYoungGen: 52224K->256K(58880K)] 528073K->476105K(779776K), 0.0112992 secs] [Times: user=0.06 sys=0.00, real=0.01 secs]
2325.749: [GC [PSYoungGen: 52224K->256K(58880K)] 528073K->476105K(779776K), 0.0112992 secs] [Times: user=0.06 sys=0.00, real=0.01 secs]
2325.749: [GC [PSYoungGen: 52224K->256K(58880K)] 528073K->476105K(779776K), 0.0112992 secs] [Times: user=0.06 sys=0.00, real=0.01 secs]
2325.749: [GC [PSYoungGen: 52224K->256K(58880K)] 528073K->476105K(779776K), 0.0112992 secs] [Times: user=0.06 sys=0.00, real=0.01 secs]
2325.749: [GC [PSYoungGen: 52224K->256K(58880K)] 528073K->476105K(779776K), 0.0112992 secs] [Times: user=0.06 sys=0.00, real=0.01 secs]
2325.749: [GC [PSYoungGen: 52224K->256K(58880K)] 528073K->476105K(779776K), 0.0112992 secs] [Times: user=0.06 sys=0.00, real=0.01 secs]
2325.749: [GC [PSYoungGen: 52224K->256K(58880K)] 528073K->476105K(779776K), 0.0112992 secs] [Times: user=0.06 sys=0.00, real=0.01 secs]
2325.749: [GC [PSYoungGen: 52224K->256K(58880K)] 528073K->476105K(779776K), 0.0112992 secs] [Times: user=0.06 sys=0.00, real=0.01 secs]
2325.749: [GC [PSYoungGen: 52224K->256K(58880K)] 528073K->476105K(779776K), 0.0112992 secs] [Times: user=0.06 sys=0.00, real=0.01 secs]
2325.749: [GC [PSYoungGen: 52224K->256K(58880K)] 528073K->476105K(779776K), 0.0112992 secs] [Times: user=0.06 sys=0.00, real=0.01 secs]
2325.749: [GC [PSYoungGen: 52224K->256K(58880K)] 528073K->476105K(779776K), 0.0112992 secs] [Times: user=0.06 sys=0.00, real=0.01 secs]
2325.749: [GC [PSYoungGen: 52224K->256K(58880K)] 528073K->476105K(779776K), 0.0112992 secs] [Times: user=0.06 sys=0.00, real=0.01 secs]
2325.749: [GC [PSYoungGen: 52224K->256K(58880K)] 528073K->476105K(779776K), 0.0112992 secs] [Times: user=0.06 sys=0.00, real=0.01 secs]
2325.749: [GC [PSYoungGen: 52224K->256K(58880K)] 528073K->476105K(779776K), 0.0112992 secs] [Times: user=0.06 sys=0.00, real=0.01 secs]
2325.749: [GC [PSYoungGen: 52224K->256K(58880K)] 528073K->476105K(779776K), 0.0112992 secs] [Times: user=0.06 sys=0.00, real=0.01 secs]
2325.749: [GC [PSYoungGen: 52224K->256K(58880K)] 528073K->476105K(779776K), 0.0112992 secs] [Times: user=0.06 sys=0.00, real=0.01 secs]
2325.749: [GC [PSYoungGen: 52224K->256K(58880K)] 528073K->476105K(779776K), 0.0112992 secs] [Times: user=0.06 sys=0.00, real=0.01 secs]
2325.749: [GC [PSYoungGen: 52224K->256K(58880K)] 528073K->476105K(779776K), 0.0112992 secs] [Times: user=0.06 sys=0.00, real=0.01 secs]
2325.749: [GC [PSYoungGen: 52224K->256K(58880K)] 528073K->476105K(779776K), 0.0112992 secs] [Times: user=0.06 sys=0.00, real=0.01 secs]
2325.749: [GC [PSYoungGen: 52224K->256K(58880K)] 528073K->476105K(779776K), 0.0112992 secs] [Times: user=0.06 sys=0.00, real=0.01 secs]
2325.749: [GC [PSYoungGen: 52224K->256K(58880K)] 528073K->476105K(779776K), 0.0112992 secs] [Times: user=0.06 sys=0.00, real=0.01 secs]
2325.749: [GC [PSYoungGen: 52224K->256K(58880K)] 528073K->476105K(779776K), 0.0112992 secs] [Times: user=0.06 sys=0.00, real=0.01 secs]
2325.749: [GC [PSYoungGen: 52224K->256K(58880K)] 528073K->476105K(779776K), 0.0112992 secs] [Times: user=0.06 sys=0.00, real=0.01 secs]
2325.749: [GC [PSYoungGen: 52224K->256K(58880K)] 528073K->476105K(779776K), 0.0112992 secs] [Times: user=0.06 sys=0.00, real=0.01 secs]
2325.749: [GC [PSYoungGen: 52224K->256K(58880K)] 528073K->476105K(779776K), 0.0112992 secs] [Times: user=0.06 sys=0.00, real=0.01 secs]
2325.749: [GC [PSYoungGen: 52224K->256K(58880K)] 528073K->476105K(779776K), 0.0112992 secs] [Times: user=0.06 sys=0.00, real=0.01 secs]
2325.749: [GC [PSYoungGen: 52224K->256K(58880K)] 528073K->476105K(779776K), 0.0112992 secs] [Times: user=0.06 sys=0.00, real=0.01 secs]
2325.749: [GC [PSYoungGen: 52224K->256K(58880K)] 528073K->476105K(779776K), 0.0112992 secs] [Times: user=0.06 sys=0.00, real=0.01 secs]
2325.749: [GC [PSYoungGen: 52224K->256K(58880K)] 528073K->476105K(779776K), 0.0112992 secs] [Times: user=0.06 sys=0.00, real=0.01 secs]
2325.749: [GC [PSYoungGen: 52224K->256K(58880K)] 528073K->476105K(779776K), 0.0112992 secs] [Times: user=0.06 sys=0.00, real=0.01 secs]
2325.749: [GC [PSYoungGen: 52224K->256K(58880K)] 528073K->476105K(779776K), 0.0112992 secs] [Times: user=0.06 sys=0.00, real=0.01 secs]
2325.749: [GC [PSYoungGen: 52224K->256K(58880K)] 528073K->476105K(779776K), 0.0112992 secs] [Times: user=0.06 sys=0.00, real=0.01 secs]
2325.749: [GC [PSYoungGen: 52224K->256K(58880K)] 528073K->476105K(779776K), 0.0112992 secs] [Times: user=0.06 sys=0.00, real=0.01 secs]
2325.749: [GC [PSYoungGen: 52224K->256K(58880K)] 528073K->476105K(779776K), 0.0112992 secs] [Times: user=0.06 sys=0.00, real=0.01 secs]
2325.749: [GC [PSYoungGen: 52224K->256K(58880K)] 528073K->476105K(779776K), 0.0112992 secs] [Times: user=0.06 sys=0.00, real=0.01 secs]
2325.749: [GC [PSYoungGen: 52224K->256K(58880K)] 528073K->476105K(779776K), 0.0112992 secs] [Times: user=0.06 sys=0.00, real=0.01 secs]
2325.749: [GC [PSYoungGen: 52224K->256K(58880K)] 528073K->476105K(779776K), 0.0112992 secs] [Times: user=0.06 sys=0.00, real=0.01 secs]
2325.749: [GC [PSYoungGen: 52224K->256K(58880K)] 528073K->476105K(779776K), 0.0112992 secs] [Times: user=0.06 sys=0.00, real=0.01 secs]
2325.749: [GC [PSYoungGen: 52224K->256K(58880K)] 528073K->476105K(779776K), 0.0112992 secs] [Times: user=0.06 sys=0.00, real=0.01 secs]
2325.749: [GC [PSYoungGen: 52224K->256K(58880K)] 528073K->476105K(779776K), 0.0112992 secs] [Times: user=0.06 sys=0.00, real=0.01 secs]
2325.749: [GC [PSYoungGen: 52224K->256K(58880K)] 528073K->476105K(779776K), 0.0112992 secs] [Times: user=0.06 sys=0.00, real=0.01 secs]
2325.749: [GC [PSYoungGen: 52224K->256K(58880K)] 528073K->476105K(779776K), 0.0112992 secs] [Times: user=0.06 sys=0.00, real=0.01 secs]
2325.749: [GC [PSYoungGen: 52224K->256K(58880K)] 528073K->476105K(779776K), 0.0112992 secs] [Times: user=0.06 sys=0.00, real=0.01 secs]
2325.749: [GC [PSYoungGen: 52224K->256K(58880K)] 528073K->476105K(779776K), 0.0112992 secs] [Times: user=0.06 sys=0.00, real=0.01 secs]
2325.749: [GC [PSYoungGen: 52224K->256K(58880K)] 528073K->476105K(779776K), 0.0112992 secs] [Times: user=0.06 sys=0.00, real=0.01 secs]
2325.749: [GC [PSYoungGen: 52224K->256K(58880K)] 528073K->476105K(779776K), 0.0112992 secs] [Times: user=0.06 sys=0.00, real=0.01 secs]
2325.749: [GC [PSYoungGen: 52224K->256K(58880K)] 528073K->476105K(779776K), 0.0112992 secs] [Times: user=0.06 sys=0.00, real=0.01 secs]
2325.749: [GC [PSYoungGen: 52224K->256K(58880K)] 528073K->476105K(779776K), 0.0112992 secs] [Times: user=0.06 sys=0.00, real=0.01 secs]
2325.749: [GC [PSYoungGen: 52224K->256K(58880K)] 528073K->476105K(779776K), 0.0112992 secs] [Times: user=0.06 sys=0.00, real=0.01 secs]
2325.749: [GC [PSYoungGen: 52224K->256K(58880K)] 528073K->476105K(779776K), 0.0112992 secs] [Times: user=0.06 sys=0.00, real=0.01 secs]
2325.749: [GC [PSYoungGen: 52224K->256K(58880K)] 528073K->476105K(779776K), 0.0112992 secs] [Times: user=0.06 sys=0.00, real=0.01 secs]
2325.749: [GC [PSYoungGen: 52224K->256K(58880K)] 528073K->476105K(779776K), 0.0112992 secs] [Times: user=0.06 sys=0.00, real=0.01 secs]
2325.749: [GC [PSYoungGen: 52224K->256K(58880K)] 528073K->476105K(779776K), 0.0112992 secs] [Times: user=0.06 sys=0.00, real=0.01 secs]
2325.749: [GC [PSYoungGen: 52224K->256K(58880K)] 528073K->476105K(779776K), 0.0112992 secs] [Times: user=0.06 sys=0.00, real=0.01 secs]
2325.749: [GC [PSYoungGen: 52224K->256K(58880K)] 528073K->476105K(779776K), 0.0112992 secs] [Times: user=0.06 sys=0.00, real=0.01 secs]
2325.749: [GC [PSYoungGen: 52224K->256K(58880K)] 528073K->476105K(779776K), 0.0112992 secs] [Times: user=0.06 sys=0.00, real=0.01 secs]
2325.749: [GC [PSYoungGen: 52224K->256K(58880K)] 528073K->476105K(779776K), 0.0112992 secs] [Times: user=0.06 sys=0.00, real=0.01 secs]
2325.749: [GC [PSYoungGen: 52224K->256K(58880K)] 528073K->476105K(779776K), 0.0112992 secs] [Times: user=0.06 sys=0.00, real=0.01 secs]
2325.749: [GC [PSYoungGen: 52224K->256K(58880K)] 528073K->476105K(779776K), 0.0112992 secs] [Times: user=0.06 sys=0.00, real=0.01 secs]
2325.749: [GC [PSYoungGen: 52224K->256K(58880K)] 528073K->476105K(779776K), 0.0112992 secs] [Times: user=0.06 sys=0.00, real=0.01 secs]
2325.749: [GC [PSYoungGen: 52224K->256K(58880K)] 528073K->476105K(779776K), 0.0112992 secs] [Times: user=0.06 sys=0.00, real=0.01 secs]
2325.749: [GC [PSYoungGen: 52224K->256K(58880K)] 528073K->476105K(779776K), 0.0112992 secs] [Times: user=0.06 sys=0.00, real=0.01 secs]
2325.749: [GC [PSYoungGen: 52224K->256K(58880K)] 528073K->476105K(779776K), 0.0112992 secs] [Times: user=0.06 sys=0.00, real=0.01 secs]
2325.749: [GC [PSYoungGen: 52224K->256K(58880K)] 528073K->476105K(779776K), 0.0112992 secs] [Times: user=0.06 sys=0.00, real=0.01 secs]
2325.749: [GC [PSYoungGen: 52224K->256K(58880K)] 528073K->476105K(779776K), 0.0112992 secs] [Times: user=0.06 sys=0.00, real=0.01 secs]
2325.749: [GC [PSYoungGen: 52224K->256K(58880K)] 528073K->476105K(779776K), 0.0112992 secs] [Times: user=0.06 sys=0.00, real=0.01 secs]
2325.749: [GC [PSYoungGen: 52224K->256K(58880K)] 528073K->476105K(779776K), 0.0112992 secs] [Times: user=0.06 sys=0.00, real=0.01 secs]
2325.749: [GC [PSYoungGen: 52224K->256K(58880K)] 528073K->476105K(779776K), 0.0112992 secs] [Times: user=0.06 sys=0.00, real=0.01 secs]
2325.749: [GC [PSYoungGen: 52224K->256K(58880K)] 528073K->476105K(779776K), 0.0112992 secs] [Times: user=0.06 sys=0.00, real=0.01 secs]
2325.749: [GC [PSYoungGen: 52224K->256K(58880K)] 528073K->476105K(779776K), 0.0112992 secs] [Times: user=0.06 sys=0.00, real=0.01 secs]
2325.749: [GC [PSYoungGen: 52224K->256K(58880K)] 528073K->476105K(779776K), 0.0112992 secs] [Times: user=0.06 sys=0.00, real=0.01 secs]
2325.749: [GC [PSYoungGen: 52224K->256K(58880K)] 528073K->476105K(779776K), 0.0112992 secs] [Times: user=0.06 sys=0.00, real=0.01 secs]
2325.749: [GC [PSYoungGen: 52224K->256K(58880K)] 528073K->476105K(779776K), 0.0112992 secs] [Times: user=0.06 sys=0.00, real=0.01 secs]
2325.749: [GC [PSYoungGen: 52224K->256K(58880K)] 528073K->476105K(779776K), 0.0112992 secs] [Times: user=0.06 sys=0.00, real=0.01 secs]
2325.749: [GC [PSYoungGen: 52224K->256K(58880K)] 528073K->476105K(779776K), 0.0112992 secs] [Times: user=0.06 sys=0.00, real=0.01 secs]
2325.749: [GC [PSYoungGen: 52224K->256K(58880K)] 528073K->476105K(779776K), 0.0112992 secs] [Times: user=0.06 sys=0.00, real=0.01 secs]
2325.749: [GC [PSYoungGen: 52224K->256K(58880K)] 528073K->476105K(779776K), 0.0112992 secs] [Times: user=0.06 sys=0.00, real=0.01 secs]
2325.749: [GC [PSYoungGen: 52224K->256K(58880K)] 528073K->476105K(779776K), 0.0112992 secs] [Times: user=0.06 sys=0.00, real=0.01 secs]
2325.749: [GC [PSYoungGen: 52224K->256K(58880K)] 528073K->476105K(779776K), 0.0112992 secs] [Times: user=0.06 sys=0.00, real=0.01 secs]
2325.749: [GC [PSYoungGen: 52224K->256K(58880K)] 528073K->476105K(779776K), 0.0112992 secs] [Times: user=0.06 sys=0.00, real=0.01 secs]
2325.749: [GC [PSYoungGen: 52224K->256K(58880K)] 528073K->476105K(779776K), 0.0112992 secs] [Times: user=0.06 sys=0.00, real=0.01 secs]
2325.749: [GC [PSYoungGen: 52224K->256K(58880K)] 528073K->476105K(779776K), 0.0112992 secs] [Times: user=0.06 sys=0.00, real=0.01 secs]
2325.749: [GC [PSYoungGen: 52224K->256K(58880K)] 528073K->476105K(779776K), 0.0112992 secs] [Times: user=0.06 sys=0.00, real=0.01 secs]
2325.749: [GC [PSYoungGen: 52224K->256K(58880K)] 528073K->476105K(779776K), 0.0112992 secs] [Times: user=0.06 sys=0.00, real=0.01 secs]
2325.749: [GC [PSYoungGen: 52224K->256K(58880K)] 528073K->476105K(779776K), 0.0112992 secs] [Times: user=0.06 sys=0.00, real=0.01 secs]
2325.749: [GC [PSYoungGen: 52224K->256K(58880K)] 528073K->476105K(779776K), 0.0112992 secs] [Times: user=0.06 sys=0.00, real=0.01 secs]
2325.749: [GC [PSYoungGen: 52224K->256K(58880K)] 528073K->476105K(779776K), 0.0112992 secs] [Times: user=0.06 sys=0.00, real=0.01 secs]
2325.749: [GC [PSYoungGen: 52224K->256K(58880K)] 528073K->476105K(779776K), 0.0112992 secs] [Times: user=0.06 sys=0.00, real=0.01 secs]
2325.749: [GC [PSYoungGen: 52224K->256K(58880K)] 528073K->476105K(779776K), 0.0112992 secs] [Times: user=0.06 sys=0.00, real=0.01 secs]
2325.749: [GC [PSYoungGen: 52224K->256K(58880K)] 528073K->476105K(779776K), 0.0112992 secs] [Times: user=0.06 sys=0.00, real=0.01 secs]
2325.749: [GC [PSYoungGen: 52224K->256K(58880K)] 528073K->476105K(779776K), 0.0112992 secs] [Times: user=0.06 sys=0.00, real=0.01 secs]
2325.749: [GC [PSYoungGen: 52224K->256K(58880K)] 528073K->476105K(779776K), 0.0112992 secs] [Times: user=0.06 sys=0.00, real=0.01 secs]
2325.749: [GC [PSYoungGen: 52224K->256K(58880K)] 528073K->476105K(779776K), 0.0112992 secs] [Times: user=0.06 sys=0.00, real=0.01 secs]
2325.749: [GC [PSYoungGen: 52224K->256K(58880K)] 528073K->476105K(779776K), 0.0112992 secs] [Times: user=0.06 sys=0.00, real=0.01 secs]
2325.749: [GC [PSYoungGen: 52224K->256K(58880K)] 528073K->476105K(779776K), 0.0112992 secs] [Times: user=0.06 sys=0.00, real=0.01 secs]
2325.749: [GC [PSYoungGen: 52224K->256K(58880K)] 528073K->476105K(779776K), 0.0112992 secs] [Times: user=0.06 sys=0.00, real=0.01 secs]
2325.749: [GC [PSYoungGen: 52224K->256K(58880K)] 528073K->476105K(779776K), 0.0112992 secs] [Times: user=0.06 sys=0.00, real=0.01 secs]
2325.749: [GC [PSYoungGen: 52224K->256K(58880K)] 528073K->476105K(779776K), 0.0112992 secs] [Times: user=0.06 sys=0.00, real=0.01 secs]
2325.749: [GC [PSYoungGen: 52224K->256K(58880K)] 528073K->476105K(779776K), 0.0112992 secs] [Times: user=0.06 sys=0.00, real=0.01 secs]
2325.749: [GC [PSYoungGen: 52224K->256K(58880K)] 528073K->476105K(779776K), 0.0112992 secs] [Times: user=0.06 sys=0.00, real=0.01 secs]
2325.749: [GC [PSYoungGen: 52224K->256K(58880K)] 528073K->476105K(779776K), 0.0112992 secs] [Times: user=0.06 sys=0.00, real=0.01 secs]
2325.749: [GC [PSYoungGen: 52224K->256K(58880K)] 528073K->476105K(779776K), 0.0112992 secs] [Times: user=0.06 sys=0.00, real=0.01 secs]
2325.749: [GC [PSYoungGen: 52224K->256K(58880K)] 528073K->476105K(779776K), 0.0112992 secs] [Times: user=0.06 sys=0.00, real=0.01 secs]
2325.749: [GC [PSYoungGen: 52224K->256K(58880K)] 528073K->476105K(779776K), 0.0112992 secs] [Times: user=0.06 sys=0.00, real=0.01 secs]
2325.749: [GC [PSYoungGen: 52224K->256K(58880K)] 528073K->476105K(779776K), 0.0112992 secs] [Times: user=0.06 sys=0.00, real=0.01 secs]
2325.749: [GC [PSYoungGen: 52224K->256K(58880K)] 528073K->476105K(779776K), 0.0112992 secs] [Times: user=0.06 sys=0.00, real=0.01 secs]
2325.749: [GC [PSYoungGen: 52224K->256K(58880K)] 528073K->476105K(779776K), 0.0112992 secs] [Times: user=0.06 sys=0.00, real=0.01 secs]
2325.749: [GC [PSYoungGen: 52224K->256K(58880K)] 528073K->476105K(779776K), 0.0112992 secs] [Times: user=0.06 sys=0.00, real=0.01 secs]
2325.749: [GC [PSYoungGen: 52224K->256K(58880K)] 528073K->476105K(779776K), 0.0112992 secs] [Times: user=0.06 sys=0.00, real=0.01 secs]
2325.749: [GC [PSYoungGen: 52224K->256K(58880K)] 528073K->476105K(779776K), 0.0112992 secs] [Times: user=0.06 sys=0.00, real=0.01 secs]
2325.749: [GC [PSYoungGen: 52224K->256K(58880K)] 528073K->476105K(779776K), 0.0112992 secs] [Times: user=0.06 sys=0.00, real=0.01 secs]
2325.749: [GC [PSYoungGen: 52224K->256K(58880K)] 528073K->476105K(779776K), 0.0112992 secs] [Times: user=0.06 sys=0.00, real=0.01 secs]
2325.749: [GC [PSYoungGen: 52224K->256K(58880K)] 528073K->476105K(779776K), 0.0112992 secs] [Times: user=0.06 sys=0.00, real=0.01 secs]
2325.749: [GC [PSYoungGen: 52224K->256K(58880K)] 528073K->476105K(779776K), 0.0112992 secs] [Times: user=0.06 sys=0.00, real=0.01 secs]
2325.749: [GC [PSYoungGen: 52224K->256K(58880K)] 528073K->476105K(779776K), 0.0112992 secs] [Times: user=0.06 sys=0.00, real=0.01 secs]
2325.749: [GC [PSYoungGen: 52224K->256K(58880K)] 528073K->476105K(779776K), 0.0112992 secs] [Times: user=0.06 sys=0.00, real=0.01 secs]
2325.749: [GC [PSYoungGen: 52224K->256K(58880K)] 528073K->476105K(779776K), 0.0112992 secs] [Times: user=0.06 sys=0.00, real=0.01 secs]
2325.749: [GC [PSYoungGen: 52224K->256K(58880K)] 528073K->476105K(779776K), 0.0112992 secs] [Times: user=0.06 sys=0.00, real=0.01 secs]
2325.749: [GC [PSYoungGen: 52224K->256K(58880K)] 528073K->476105K(779776K), 0.0112992 secs] [Times: user=0.06 sys=0.00, real=0.01 secs]
2325.749: [GC [PSYoungGen: 52224K->256K(58880K)] 528073K->476105K(779776K), 0.0112992 secs] [Times: user=0.06 sys=0.00, real=0.01 secs]
2325.749: [GC [PSYoungGen: 52224K->256K(58880K)] 528073K->476105K(779776K), 0.0112992 secs] [Times: user=0.06 sys=0.00, real=0.01 secs]
2325.749: [GC [PSYoungGen: 52224K->256K(58880K)] 528073K->476105K(779776K), 0.0112992 secs] [Times: user=0.06 sys=0.00, real=0.01 secs]
2325.749: [GC [PSYoungGen: 52224K->256K(58880K)] 528073K->476105K(779776K), 0.0112992 secs] [Times: user=0.06 sys=0.00, real=0.01 secs]
2325.749: [GC [PSYoungGen: 52224K->256K(58880K)] 528073K->476105K(779776K), 0.0112992 secs] [Times: user=0.06 sys=0.00, real=0.01 secs]
2325.749: [GC [PSYoungGen: 52224K->256K(58880K)] 528073K->476105K(779776K), 0.0112992 secs] [Times: user=0.06 sys=0.00, real=0.01 secs]
2325.749: [GC [PSYoungGen: 52224K->256K(58880K)] 528073K->476105K(779776K), 0.0112992 secs] [Times: user=0.06 sys=0.00, real=0.01 secs]
2325.749: [GC [PSYoungGen: 52224K->256K(58880K)] 528073K->476105K(779776K), 0.0112992 secs] [Times: user=0.06 sys=0.00, real=0.01 secs]
2325.749: [GC [PSYoungGen: 52224K->256K(58880K)] 528073K->476105K(779776K), 0.0112992 secs] [Times: user=0.06 sys=0.00, real=0.01 secs]
2325.749: [GC [PSYoungGen: 52224K->256K(58880K)] 528073K->476105K(779776K), 0.0112992 secs] [Times: user=0.06 sys=0.00, real=0.01 secs]
2325.749: [GC [PSYoungGen: 52224K->256K(58880K)] 528073K->476105K(779776K), 0.0112992 secs] [Times: user=0.06 sys=0.00, real=0.01 secs]
2325.749: [GC [PSYoungGen: 52224K->256K(58880K)] 528073K->476105K(779776K), 0.0112992 secs] [Times: user=0.06 sys=0.00, real=0.01 secs]
2325.749: [GC [PSYoungGen: 52224K->256K(58880K)] 528073K->476105K(779776K), 0.0112992 secs] [Times: user=0.06 sys=0.00, real=0.01 secs]
2325.749: [GC [PSYoungGen: 52224K->256K(58880K)] 528073K->476105K(779776K), 0.0112992 secs] [Times: user=0.06 sys=0.00, real=0.01 secs]
2325.749: [GC [PSYoungGen: 52224K->256K(58880K)] 528073K->476105K(779776K), 0.0112992 secs] [Times: user=0.06 sys=0.00, real=0.01 secs]
2325.749: [GC [PSYoungGen: 52224K->256K(58880K)] 528073K->476105K(779776K), 0.0112992 secs] [Times: user=0.06 sys=0.00, real=0.01 secs]
2325.749: [GC [PSYoungGen: 52224K->256K(58880K)] 528073K->476105K(779776K), 0.0112992 secs] [Times: user=0.06 sys=0.00, real=0.01 secs]
2325.749: [GC [PSYoungGen: 52224K->256K(58880K)] 528073K->476105K(779776K), 0.0112992 secs] [Times: user=0.06 sys=0.00, real=0.01 secs]
2325.749: [GC [PSYoungGen: 52224K->256K(58880K)] 528073K->476105K(779776K), 0.0112992 secs] [Times: user=0.06 sys=0.00, real=0.01 secs]
2325.749: [GC [PSYoungGen: 52224K->256K(58880K)] 528073K->476105K(779776K), 0.0112992 secs] [Times: user=0.06 sys=0.00, real=0.01 secs]
2325.749: [GC [PSYoungGen: 52224K->256K(58880K)] 528073K->476105K(779776K), 0.0112992 secs] [Times: user=0.06 sys=0.00, real=0.01 secs]
2325.749: [GC [PSYoungGen: 52224K->256K(58880K)] 528073K->476105K(779776K), 0.0112992 secs] [Times: user=0.06 sys=0.00, real=0.01 secs]
2325.749: [GC [PSYoungGen: 52224K->256K(58880K)] 528073K->476105K(779776K), 0.0112992 secs] [Times: user=0.06 sys=0.00, real=0.01 secs]
2325.749: [GC [PSYoungGen: 52224K->256K(58880K)] 528073K->476105K(779776K), 0.0112992 secs] [Times: user=0.06 sys=0.00, real=0.01 secs]
2325.749: [GC [PSYoungGen: 52224K->256K(58880K)] 528073K->476105K(779776K), 0.0112992 secs] [Times: user=0.06 sys=0.00, real=0.01 secs]
2325.749: [GC [PSYoungGen: 52224K->256K(58880K)] 528073K->476105K(779776K), 0.0112992 secs] [Times: user=0.06 sys=0.00, real=0.01 secs]
2325.749: [GC [PSYoungGen: 52224K->256K(58880K)] 528073K->476105K(779776K), 0.0112992 secs] [Times: user=0.06 sys=0.00, real=0.01 secs]
2325.749: [GC [PSYoungGen: 52224K->256K(58880K)] 528073K->476105K(779776K), 0.0112992 secs] [Times: user=0.06 sys=0.00, real=0.01 secs]
2325.749: [GC [PSYoungGen: 52224K->256K(58880K)] 528073K->476105K(779776K), 0.0112992 secs] [Times: user=0.06 sys=0.00, real=0.01 secs]
2325.749: [GC [PSYoungGen: 52224K->256K(58880K)] 528073K->476105K(779776K), 0.0112992 secs] [Times: user=0.06 sys=0.00, real=0.01 secs]
2325.749: [GC [PSYoungGen: 52224K->256K(58880K)] 528073K->476105K(779776K), 0.0112992 secs] [Times: user=0.06 sys=0.00, real=0.01 secs]
2325.749: [GC [PSYoungGen: 52224K->256K(58880K)] 528073K->476105K(779776K), 0.0112992 secs] [Times: user=0.06 sys=0.00, real=0.01 secs]
2325.749: [GC [PSYoungGen: 52224K->256K(58880K)] 528073K->476105K(779776K), 0.0112992 secs] [Times: user=0.06 sys=0.00, real=0.01 secs]
2325.749: [GC [PSYoungGen: 52224K->256K(58880K)] 528073K->476105K(779776K), 0.0112992 secs] [Times: user=0.06 sys=0.00, real=0.01 secs]
2325.749: [GC [PSYoungGen: 52224K->256K(58880K)] 528073K->476105K(779776K), 0.0112992 secs] [Times: user=0.06 sys=0.00, real=0.01 secs]
2325.749: [GC [PSYoungGen: 52224K->256K(58880K)] 528073K->476105K(779776K), 0.0112992 secs] [Times: user=0.06 sys=0.00, real=0.01 secs]
2325.749: [GC [PSYoungGen: 52224K->256K(58880K)] 528073K->476105K(779776K), 0.0112992 secs] [Times: user=0.06 sys=0.00, real=0.01 secs]
2325.749: [GC [PSYoungGen: 52224K->256K(58880K)] 528073K->476105K(779776K), 0.0112992 secs] [Times: user=0.06 sys=0.00, real=0.01 secs]
2325.749: [GC [PSYoungGen: 52224K->256K(58880K)] 528073K->476105K(779776K), 0.0112992 secs] [Times: user=0.06 sys=0.00, real=0.01 secs]
2325.749: [GC [PSYoungGen: 52224K->256K(58880K)] 528073K->476105K(779776K), 0.0112992 secs] [Times: user=0.06 sys=0.00, real=0.01 secs]
2325.749: [GC [PSYoungGen: 52224K->256K(58880K)] 528073K->476105K(779776K), 0.0112992 secs] [Times: user=0.06 sys=0.00, real=0.01 secs]
2325.749: [GC [PSYoungGen: 52224K->256K(58880K)] 528073K->476105K(779776K), 0.0112992 secs] [Times: user=0.06 sys=0.00, real=0.01 secs]
2325.749: [GC [PSYoungGen: 52224K->256K(58880K)] 528073K->476105K(779776K), 0.0112992 secs] [Times: user=0.06 sys=0.00, real=0.01 secs]
2325.749: [GC [PSYoungGen: 52224K->256K(58880K)] 528073K->476105K(779776K), 0.0112992 secs] [Times: user=0.06 sys=0.00, real=0.01 secs]
2325.749: [GC [PSYoungGen: 52224K->256K(58880K)] 528073K->476105K(779776K), 0.0112992 secs] [Times: user=0.06 sys=0.00, real=0.01 secs]
2325.749: [GC [PSYoungGen: 52224K->256K(58880K)] 528073K->476105K(779776K), 0.0112992 secs] [Times: user=0.06 sys=0.00, real=0.01 secs]
2325.749: [GC [PSYoungGen: 52224K->256K(58880K)] 528073K->476105K(779776K), 0.0112992 secs] [Times: user=0.06 sys=0.00, real=0.01 secs]
2325.749: [GC [PSYoungGen: 52224K->256K(58880K)] 528073K->476105K(779776K), 0.0112992 secs] [Times: user=0.06 sys=0.00, real=0.01 secs]
2325.749: [GC [PSYoungGen: 52224K->256K(58880K)] 528073K->476105K(779776K), 0.0112992 secs] [Times: user=0.06 sys=0.00, real=0.01 secs]
2325.749: [GC [PSYoungGen: 52224K->256K(58880K)] 528073K->476105K(779776K), 0.0112992 secs] [Times: user=0.06 sys=0.00, real=0.01 secs]
2325.749: [GC [PSYoungGen: 52224K->256K(58880K)] 528073K->476105K(779776K), 0.0112992 secs] [Times: user=0.06 sys=0.00, real=0.01 secs]
2325.749: [GC [PSYoungGen: 52224K->256K(58880K)] 528073K->476105K(779776K), 0.0112992 secs] [Times: user=0.06 sys=0.00, real=0.01 secs]
2325.749: [GC [PSYoungGen: 52224K->256K(58880K)] 528073K->476105K(779776K), 0.0112992 secs] [Times: user=0.06 sys=0.00, real=0.01 secs]
2325.749: [GC [PSYoungGen: 52224K->256K(58880K)] 528073K->476105K(779776K), 0.0112992 secs] [Times: user=0.06 sys=0.00, real=0.01 secs]
2325.749: [GC [PSYoungGen: 52224K->256K(58880K)] 528073K->476105K(779776K), 0.0112992 secs] [Times: user=0.06 sys=0.00, real=0.01 secs]
2325.749: [GC [PSYoungGen: 52224K->256K(58880K)] 528073K->476105K(779776K), 0.0112992 secs] [Times: user=0.06 sys=0.00, real=0.01 secs]
2325.749: [GC [PSYoungGen: 52224K->256K(58880K)] 528073K->476105K(779776K), 0.0112992 secs] [Times: user=0.06 sys=0.00, real=0.01 secs]
2325.749: [GC [PSYoungGen: 52224K->256K(58880K)] 528073K->476105K(779776K), 0.0112992 secs] [Times: user=0.06 sys=0.00, real=0.01 secs]
2325.749: [GC [PSYoungGen: 52224K->256K(58880K)] 528073K->476105K(779776K), 0.0112992 secs] [Times: user=0.06 sys=0.00, real=0.01 secs]
2325.749: [GC [PSYoungGen: 52224K->256K(58880K)] 528073K->476105K(779776K), 0.0112992 secs] [Times: user=0.06 sys=0.00, real=0.01 secs]
2325.749: [GC [PSYoungGen: 52224K->256K(58880K)] 528073K->476105K(779776K), 0.0112992 secs] [Times: user=0.06 sys=0.00, real=0.01 secs]
2325.749: [GC [PSYoungGen: 52224K->256K(58880K)] 528073K->476105K(779776K), 0.0112992 secs] [Times: user=0.06 sys=0.00, real=0.01 secs]
2325.749: [GC [PSYoungGen: 52224K->256K(58880K)] 528073K->476105K(779776K), 0.0112992 secs] [Times: user=0.06 sys=0.00, real=0.01 secs]
2325.749: [GC [PSYoungGen: 52224K->256K(58880K)] 528073K->476105K(779776K), 0.0112992 secs] [Times: user=0.06 sys=0.00, real=0.01 secs]
2325.749: [GC [PSYoungGen: 52224K->256K(58880K)] 528073K->476105K(779776K), 0.0112992 secs] [Times: user=0.06 sys=0.00, real=0.01 secs]
2325.749: [GC [PSYoungGen: 52224K->256K(58880K)] 528073K->476105K(779776K), 0.0112992 secs] [Times: user=0.06 sys=0.00, real=0.01 secs]
2325.749: [GC [PSYoungGen: 52224K->256K(58880K)] 528073K->476105K(779776K), 0.0112992 secs] [Times: user=0.06 sys=0.00, real=0.01 secs]
2325.749: [GC [PSYoungGen: 52224K->256K(58880K)] 528073K->476105K(779776K), 0.0112992 secs] [Times: user=0.06 sys=0.00, real=0.01 secs]
2325.749: [GC [PSYoungGen: 52224K->256K(58880K)] 528073K->476105K(779776K), 0.0112992 secs] [Times: user=0.06 sys=0.00, real=0.01 secs]
2325.749: [GC [PSYoungGen: 52224K->256K(58880K)] 528073K->476105K(779776K), 0.0112992 secs] [Times: user=0.06 sys=0.00, real=0.01 secs]
2325.749: [GC [PSYoungGen: 52224K->256K(58880K)] 528073K->476105K(779776K), 0.0112992 secs] [Times: user=0.06 sys=0.00, real=0.01 secs]
2325.749: [GC [PSYoungGen: 52224K->256K(58880K)] 528073K->476105K(779776K), 0.0112992 secs] [Times: user=0.06 sys=0.00, real=0.01 secs]
2325.749: [GC [PSYoungGen: 52224K->256K(58880K)] 528073K->476105K(779776K), 0.0112992 secs] [Times: user=0.06 sys=0.00, real=0.01 secs]
2325.749: [GC [PSYoungGen: 52224K->256K(58880K)] 528073K->476105K(779776K), 0.0112992 secs] [Times: user=0.06 sys=0.00, real=0.01 secs]
2325.749: [GC [PSYoungGen: 52224K->256K(58880K)] 528073K->476105K(779776K), 0.0112992 secs] [Times: user=0.06 sys=0.00, real=0.01 secs]
2325.749: [GC [PSYoungGen: 52224K->256K(58880K)] 528073K->476105K(779776K), 0.0112992 secs] [Times: user=0.06 sys=0.00, real=0.01 secs]
2325.749: [GC [PSYoungGen: 52224K->256K(58880K)] 528073K->476105K(779776K), 0.0112992 secs] [Times: user=0.06 sys=0.00, real=0.01 secs]
2325.749: [GC [PSYoungGen: 52224K->256K(58880K)] 528073K->476105K(779776K), 0.0112992 secs] [Times: user=0.06 sys=0.00, real=0.01 secs]
2325.749: [GC [PSYoungGen: 52224K->256K(58880K)] 528073K->476105K(779776K), 0.0112992 secs] [Times: user=0.06 sys=0.00, real=0.01 secs]
2325.749: [GC [PSYoungGen: 52224K->256K(58880K)] 528073K->476105K(779776K), 0.0112992 secs] [Times: user=0.06 sys=0.00, real=0.01 secs]
2325.749: [GC [PSYoungGen: 52224K->256K(58880K)] 528073K->476105K(779776K), 0.0112992 secs] [Times: user=0.06 sys=0.00, real=0.01 secs]
2325.749: [GC [PSYoungGen: 52224K->256K(58880K)] 528073K->476105K(779776K), 0.0112992 secs] [Times: user=0.06 sys=0.00, real=0.01 secs]
2325.749: [GC [PSYoungGen: 52224K->256K(58880K)] 528073K->476105K(779776K), 0.0112992 secs] [Times: user=0.06 sys=0.00, real=0.01 secs]
2325.749: [GC [PSYoungGen: 52224K->256K(58880K)] 528073K->476105K(779776K), 0.0112992 secs] [Times: user=0.06 sys=0.00, real=0.01 secs]
2325.749: [GC [PSYoungGen: 52224K->256K(58880K)] 528073K->476105K(779776K), 0.0112992 secs] [Times: user=0.06 sys=0.00, real=0.01 secs]
2325.749: [GC [PSYoungGen: 52224K->256K(58880K)] 528073K->476105K(779776K), 0.0112992 secs] [Times: user=0.06 sys=0.00, real=0.01 secs]
2325.749: [GC [PSYoungGen: 52224K->256K(58880K)] 528073K->476105K(779776K), 0.0112992 secs] [Times: user=0.06 sys=0.00, real=0.01 secs]
2325.749: [GC [PSYoungGen: 52224K->256K(58880K)] 528073K->476105K(779776K), 0.0112992 secs] [Times: user=0.06 sys=0.00, real=0.01 secs]
2325.749: [GC [PSYoungGen: 52224K->256K(58880K)] 528073K->476105K(779776K), 0.0112992 secs] [Times: user=0.06 sys=0.00, real=0.01 secs]
2325.749: [GC [PSYoungGen: 52224K->256K(58880K)] 528073K->476105K(779776K), 0.0112992 secs] [Times: user=0.06 sys=0.00, real=0.01 secs]
2325.749: [GC [PSYoungGen: 52224K->256K(58880K)] 528073K->476105K(779776K), 0.0112992 secs] [Times: user=0.06 sys=0.00, real=0.01 secs]
2325.749: [GC [PSYoungGen: 52224K->256K(58880K)] 528073K->476105K(779776K), 0.0112992 secs] [Times: user=0.06 sys=0.00, real=0.01 secs]
2325.749: [GC [PSYoungGen: 52224K->256K(58880K)] 528073K->476105K(779776K), 0.0112992 secs] [Times: user=0.06 sys=0.00, real=0.01 secs]
2325.749: [GC [PSYoungGen: 52224K->256K(58880K)] 528073K->476105K(779776K), 0.0112992 secs] [Times: user=0.06 sys=0.00, real=0.01 secs]
2325.749: [GC [PSYoungGen: 52224K->256K(58880K)] 528073K->476105K(779776K), 0.0112992 secs] [Times: user=0.06 sys=0.00, real=0.01 secs]
2325.749: [GC [PSYoungGen: 52224K->256K(58880K)] 528073K->476105K(779776K), 0.0112992 secs] [Times: user=0.06 sys=0.00, real=0.01 secs]
2325.749: [GC [PSYoungGen: 52224K->256K(58880K)] 528073K->476105K(779776K), 0.0112992 secs] [Times: user=0.06 sys=0.00, real=0.01 secs]
2325.749: [GC [PSYoungGen: 52224K->256K(58880K)] 528073K->476105K(779776K), 0.0112992 secs] [Times: user=0.06 sys=0.00, real=0.01 secs]
2325.749: [GC [PSYoungGen: 52224K->256K(58880K)] 528073K->476105K(779776K), 0.0112992 secs] [Times: user=0.06 sys=0.00, real=0.01 secs]
2325.749: [GC [PSYoungGen: 52224K->256K(58880K)] 528073K->476105K(779776K), 0.0112992 secs] [Times: user=0.06 sys=0.00, real=0.01 secs]
2325.749: [GC [PSYoungGen: 52224K->256K(58880K)] 528073K->476105K(779776K), 0.0112992 secs] [Times: user=0.06 sys=0.00, real=0.01 secs]
2325.749: [GC [PSYoungGen: 52224K->256K(58880K)] 528073K->476105K(779776K), 0.0112992 secs] [Times: user=0.06 sys=0.00, real=0.01 secs]
2325.749: [GC [PSYoungGen: 52224K->256K(58880K)] 528073K->476105K(779776K), 0.0112992 secs] [Times: user=0.06 sys=0.00, real=0.01 secs]
2325.749: [GC [PSYoungGen: 52224K->256K(58880K)] 528073K->476105K(779776K), 0.0112992 secs] [Times: user=0.06 sys=0.00, real=0.01 secs]
2325.749: [GC [PSYoungGen: 52224K->256K(58880K)] 528073K->476105K(779776K), 0.0112992 secs] [Times: user=0.06 sys=0.00, real=0.01 secs]
2325.749: [GC [PSYoungGen: 52224K->256K(58880K)] 528073K->476105K(779776K), 0.0112992 secs] [Times: user=0.06 sys=0.00, real=0.01 secs]
2325.749: [GC [PSYoungGen: 52224K->256K(58880K)] 528073K->476105K(779776K), 0.0112992 secs] [Times: user=0.06 sys=0.00, real=0.01 secs]
2325.749: [GC [PSYoungGen: 52224K->256K(58880K)] 528073K->476105K(779776K), 0.0112992 secs] [Times: user=0.06 sys=0.00, real=0.01 secs]
2325.749: [GC [PSYoungGen: 52224K->256K(58880K)] 528073K->476105K(779776K), 0.0112992 secs] [Times: user=0.06 sys=0.00, real=0.01 secs]
2325.749: [GC [PSYoungGen: 52224K->256K(58880K)] 528073K->476105K(779776K), 0.0112992 secs] [Times: user=0.06 sys=0.00, real=0.01 secs]
2325.749: [GC [PSYoungGen: 52224K->256K(58880K)] 528073K->476105K(779776K), 0.0112992 secs] [Times: user=0.06 sys=0.00, real=0.01 secs]
2325.749: [GC [PSYoungGen: 52224K->256K(58880K)] 528073K->476105K(779776K), 0.0112992 secs] [Times: user=0.06 sys=0.00, real=0.01 secs]
2325.749: [GC [PSYoungGen: 52224K->256K(58880K)] 528073K->476105K(779776K), 0.0112992 secs] [Times: user=0.06 sys=0.00, real=0.01 secs]
2325.749: [GC [PSYoungGen: 52224K->256K(58880K)] 528073K->476105K(779776K), 0.0112992 secs] [Times: user=0.06 sys=0.00, real=0.01 secs]
2325.749: [GC [PSYoungGen: 52224K->256K(58880K)] 528073K->476105K(779776K), 0.0112992 secs] [Times: user=0.06 sys=0.00, real=0.01 secs]
2325.749: [GC [PSYoungGen: 52224K->256K(58880K)] 528073K->476105K(779776K), 0.0112992 secs] [Times: user=0.06 sys=0.00, real=0.01 secs]
2325.749: [GC [PSYoungGen: 52224K->256K(58880K)] 528073K->476105K(779776K), 0.0112992 secs] [Times: user=0.06 sys=0.00, real=0.01 secs]
2325.749: [GC [PSYoungGen: 52224K->256K(58880K)] 528073K->476105K(779776K), 0.0112992 secs] [Times: user=0.06 sys=0.00, real=0.01 secs]
2325.749: [GC [PSYoungGen: 52224K->256K(58880K)] 528073K->476105K(779776K), 0.0112992 secs] [Times: user=0.06 sys=0.00, real=0.01 secs]
2325.749: [GC [PSYoungGen: 52224K->256K(58880K)] 528073K->476105K(779776K), 0.0112992 secs] [Times: user=0.06 sys=0.00, real=0.01 secs]
2325.749: [GC [PSYoungGen: 52224K->256K(58880K)] 528073K->476105K(779776K), 0.0112992 secs] [Times: user=0.06 sys=0.00, real=0.01 secs]
2325.749: [GC [PSYoungGen: 52224K->256K(58880K)] 528073K->476105K(779776K), 0.0112992 secs] [Times: user=0.06 sys=0.00, real=0.01 secs]
2325.749: [GC [PSYoungGen: 52224K->256K(58880K)] 528073K->476105K(779776K), 0.0112992 secs] [Times: user=0.06 sys=0.00, real=0.01 secs]
2325.749: [GC [PSYoungGen: 52224K->256K(58880K)] 528073K->476105K(779776K), 0.0112992 secs] [Times: user=0.06 sys=0.00, real=0.01 secs]
2325.749: [GC [PSYoungGen: 52224K->256K(58880K)] 528073K->476105K(779776K), 0.0112992 secs] [Times: user=0.06 sys=0.00, real=0.01 secs]
2325.749: [GC [PSYoungGen: 52224K->256K(58880K)] 528073K->476105K(779776K), 0.0112992 secs] [Times: user=0.06 sys=0.00, real=0.01 secs]
2325.749: [GC [PSYoungGen: 52224K->256K(58880K)] 528073K->476105K(779776K), 0.0112992 secs] [Times: user=0.06 sys=0.00, real=0.01 secs]
2325.749: [GC [PSYoungGen: 52224K->256K(58880K)] 528073K->476105K(779776K), 0.0112992 secs] [Times: user=0.06 sys=0.00, real=0.01 secs]
2325.749: [GC [PSYoungGen: 52224K->256K(58880K)] 528073K->476105K(779776K), 0.0112992 secs] [Times: user=0.06 sys=0.00, real=0.01 secs]
2325.749: [GC [PSYoungGen: 52224K->256K(58880K)] 528073K->476105K(779776K), 0.0112992 secs] [Times: user=0.06 sys=0.00, real=0.01 secs]
2325.749: [GC [PSYoungGen: 52224K->256K(58880K)] 528073K->476105K(779776K), 0.0112992 secs] [Times: user=0.06 sys=0.00, real=0.01 secs]
2325.749: [GC [PSYoungGen: 52224K->256K(58880K)] 528073K->476105K(779776K), 0.0112992 secs] [Times: user=0.06 sys=0.00, real=0.01 secs]
2325.749: [GC [PSYoungGen: 52224K->256K(58880K)] 528073K->476105K(779776K), 0.0112992 secs] [Times: user=0.06 sys=0.00, real=0.01 secs]
2325.749: [GC [PSYoungGen: 52224K->256K(58880K)] 528073K->476105K(779776K), 0.0112992 secs] [Times: user=0.06 sys=0.00, real=0.01 secs]
2325.749: [GC [PSYoungGen: 52224K->256K(58880K)] 528073K->476105K(779776K), 0.0112992 secs] [Times: user=0.06 sys=0.00, real=0.01 secs]
2325.749: [GC [PSYoungGen: 52224K->256K(58880K)] 528073K->476105K(779776K), 0.0112992 secs] [Times: user=0.06 sys=0.00, real=0.01 secs]
2325.749: [GC [PSYoungGen: 52224K->256K(58880K)] 528073K->476105K(779776K), 0.0112992 secs] [Times: user=0.06 sys=0.00, real=0.01 secs]
2325.749: [GC [PSYoungGen: 52224K->256K(58880K)] 528073K->476105K(779776K), 0.0112992 secs] [Times: user=0.06 sys=0.00, real=0.01 secs]
2325.749: [GC [PSYoungGen: 52224K->256K(58880K)] 528073K->476105K(779776K), 0.0112992 secs] [Times: user=0.06 sys=0.00, real=0.01 secs]
2325.749: [GC [PSYoungGen: 52224K->256K(58880K)] 528073K->476105K(779776K), 0.0112992 secs] [Times: user=0.06 sys=0.00, real=0.01 secs]
2325.749: [GC [PSYoungGen: 52224K->256K(58880K)] 528073K->476105K(779776K), 0.0112992 secs] [Times: user=0.06 sys=0.00, real=0.01 secs]
2325.749: [GC [PSYoungGen: 52224K->256K(58880K)] 528073K->476105K(779776K), 0.0112992 secs] [Times: user=0.06 sys=0.00, real=0.01 secs]
2325.749: [GC [PSYoungGen: 52224K->256K(58880K)] 528073K->476105K(779776K), 0.0112992 secs] [Times: user=0.06 sys=0.00, real=0.01 secs]
2325.749: [GC [PSYoungGen: 52224K->256K(58880K)] 528073K->476105K(779776K), 0.0112992 secs] [Times: user=0.06 sys=0.00, real=0.01 secs]
2325.749: [GC [PSYoungGen: 52224K->256K(58880K)] 528073K->476105K(779776K), 0.0112992 secs] [Times: user=0.06 sys=0.00, real=0.01 secs]
2325.749: [GC [PSYoungGen: 52224K->256K(58880K)] 528073K->476105K(779776K), 0.0112992 secs] [Times: user=0.06 sys=0.00, real=0.01 secs]
2325.749: [GC [PSYoungGen: 52224K->256K(58880K)] 528073K->476105K(779776K), 0.0112992 secs] [Times: user=0.06 sys=0.00, real=0.01 secs]
2325.749: [GC [PSYoungGen: 52224K->256K(58880K)] 528073K->476105K(779776K), 0.0112992 secs] [Times: user=0.06 sys=0.00, real=0.01 secs]
2325.749: [GC [PSYoungGen: 52224K->256K(58880K)] 528073K->476105K(779776K), 0.0112992 secs] [Times: user=0.06 sys=0.00, real=0.01 secs]
2325.749: [GC [PSYoungGen: 52224K->256K(58880K)] 528073K->476105K(779776K), 0.0112992 secs] [Times: user=0.06 sys=0.00, real=0.01 secs]
2325.749: [GC [PSYoungGen: 52224K->256K(58880K)] 528073K->476105K(779776K), 0.0112992 secs] [Times: user=0.06 sys=0.00, real=0.01 secs]
2325.749: [GC [PSYoungGen: 52224K->256K(58880K)] 528073K->476105K(779776K), 0.0112992 secs] [Times: user=0.06 sys=0.00, real=0.01 secs]
2325.749: [GC [PSYoungGen: 52224K->256K(58880K)] 528073K->476105K(779776K), 0.0112992 secs] [Times: user=0.06 sys=0.00, real=0.01 secs]
2325.749: [GC [PSYoungGen: 52224K->256K(58880K)] 528073K->476105K(779776K), 0.0112992 secs] [Times: user=0.06 sys=0.00, real=0.01 secs]
2325.749: [GC [PSYoungGen: 52224K->256K(58880K)] 528073K->476105K(779776K), 0.0112992 secs] [Times: user=0.06 sys=0.00, real=0.01 secs]
2325.749: [GC [PSYoungGen: 52224K->256K(58880K)] 528073K->476105K(779776K), 0.0112992 secs] [Times: user=0.06 sys=0.00, real=0.01 secs]
2325.749: [GC [PSYoungGen: 52224K->256K(58880K)] 528073K->476105K(779776K), 0.0112992 secs] [Times: user=0.06 sys=0.00, real=0.01 secs]
2325.749: [GC [PSYoungGen: 52224K->256K(58880K)] 528073K->476105K(779776K), 0.0112992 secs] [Times: user=0.06 sys=0.00, real=0.01 secs]
2325.749: [GC [PSYoungGen: 52224K->256K(58880K)] 528073K->476105K(779776K), 0.0112992 secs] [Times: user=0.06 sys=0.00, real=0.01 secs]
2325.749: [GC [PSYoungGen: 52224K->256K(58880K)] 528073K->476105K(779776K), 0.0112992 secs] [Times: user=0.06 sys=0.00, real=0.01 secs]
2325.749: [GC [PSYoungGen: 52224K->256K(58880K)] 528073K->476105K(779776K), 0.0112992 secs] [Times: user=0.06 sys=0.00, real=0.01 secs]
2325.749: [GC [PSYoungGen: 52224K->256K(58880K)] 528073K->476105K(779776K), 0.0112992 secs] [Times: user=0.06 sys=0.00, real=0.01 secs]
2325.749: [GC [PSYoungGen: 52224K->256K(58880K)] 528073K->476105K(779776K), 0.0112992 secs] [Times: user=0.06 sys=0.00, real=0.01 secs]
2325.749: [GC [PSYoungGen: 52224K->256K(58880K)] 528073K->476105K(779776K), 0.0112992 secs] [Times: user=0.06 sys=0.00, real=0.01 secs]
2325.749: [GC [PSYoungGen: 52224K->256K(58880K)] 528073K->476105K(779776K), 0.0112992 secs] [Times: user=0.06 sys=0.00, real=0.01 secs]
2325.749: [GC [PSYoungGen: 52224K->256K(58880K)] 528073K->476105K(779776K), 0.0112992 secs] [Times: user=0.06 sys=0.00, real=0.01 secs]
2325.749: [GC [PSYoungGen: 52224K->256K(58880K)] 528073K->476105K(779776K), 0.0112992 secs] [Times: user=0.06 sys=0.00, real=0.01 secs]
2325.749: [GC [PSYoungGen: 52224K->256K(58880K)] 528073K->476105K(779776K), 0.0112992 secs] [Times: user=0.06 sys=0.00, real=0.01 secs]
2325.749: [GC [PSYoungGen: 52224K->256K(58880K)] 528073K->476105K(779776K), 0.0112992 secs] [Times: user=0.06 sys=0.00, real=0.01 secs]
2325.749: [GC [PSYoungGen: 52224K->256K(58880K)] 528073K->476105K(779776K), 0.0112992 secs] [Times: user=0.06 sys=0.00, real=0.01 secs]
2325.749: [GC [PSYoungGen: 52224K->256K(58880K)] 528073K->476105K(779776K), 0.0112992 secs] [Times: user=0.06 sys=0.00, real=0.01 secs]
2325.749: [GC [PSYoungGen: 52224K->256K(58880K)] 528073K->476105K(779776K), 0.0112992 secs] [Times: user=0.06 sys=0.00, real=0.01 secs]
2325.749: [GC [PSYoungGen: 52224K->256K(58880K)] 528073K->476105K(779776K), 0.0112992 secs] [Times: user=0.06 sys=0.00, real=0.01 secs]
2325.749: [GC [PSYoungGen: 52224K->256K(58880K)] 528073K->476105K(779776K), 0.0112992 secs] [Times: user=0.06 sys=0.00, real=0.01 secs]
2325.749: [GC [PSYoungGen: 52224K->256K(58880K)] 528073K->476105K(779776K), 0.0112992 secs] [Times: user=0.06 sys=0.00, real=0.01 secs]
2325.749: [GC [PSYoungGen: 52224K->256K(58880K)] 528073K->476105K(779776K), 0.0112992 secs] [Times: user=0.06 sys=0.00, real=0.01 secs]
2325.749: [GC [PSYoungGen: 52224K->256K(58880K)] 528073K->476105K(779776K), 0.0112992 secs] [Times: user=0.06 sys=0.00, real=0.01 secs]
2325.749: [GC [PSYoungGen: 52224K->256K(58880K)] 528073K->476105K(779776K), 0.0112992 secs] [Times: user=0.06 sys=0.00, real=0.01 secs]
2325.749: [GC [PSYoungGen: 52224K->256K(58880K)] 528073K->476105K(779776K), 0.0112992 secs] [Times: user=0.06 sys=0.00, real=0.01 secs]
2325.749: [GC [PSYoungGen: 52224K->256K(58880K)] 528073K->476105K(779776K), 0.0112992 secs] [Times: user=0.06 sys=0.00, real=0.01 secs]
2325.749: [GC [PSYoungGen: 52224K->256K(58880K)] 528073K->476105K(779776K), 0.0112992 secs] [Times: user=0.06 sys=0.00, real=0.01 secs]
2325.749: [GC [PSYoungGen: 52224K->256K(58880K)] 528073K->476105K(779776K), 0.0112992 secs] [Times: user=0.06 sys=0.00, real=0.01 secs]
2325.749: [GC [PSYoungGen: 52224K->256K(58880K)] 528073K->476105K(779776K), 0.0112992 secs] [Times: user=0.06 sys=0.00, real=0.01 secs]
2325.749: [GC [PSYoungGen: 52224K->256K(58880K)] 528073K->476105K(779776K), 0.0112992 secs] [Times: user=0.06 sys=0.00, real=0.01 secs]
2325.749: [GC [PSYoungGen: 52224K->256K(58880K)] 528073K->476105K(779776K), 0.0112992 secs] [Times: user=0.06 sys=0.00, real=0.01 secs]
2325.749: [GC [PSYoungGen: 52224K->256K(58880K)] 528073K->476105K(779776K), 0.0112992 secs] [Times: user=0.06 sys=0.00, real=0.01 secs]
2325.749: [GC [PSYoungGen: 52224K->256K(58880K)] 528073K->476105K(779776K), 0.0112992 secs] [Times: user=0.06 sys=0.00, real=0.01 secs]
2325.749: [GC [PSYoungGen: 52224K->256K(58880K)] 528073K->476105K(779776K), 0.0112992 secs] [Times: user=0.06 sys=0.00, real=0.01 secs]
2325.749: [GC [PSYoungGen: 52224K->256K(58880K)] 528073K->476105K(779776K), 0.0112992 secs] [Times: user=0.06 sys=0.00, real=0.01 secs]
2325.749: [GC [PSYoungGen: 52224K->256K(58880K)] 528073K->476105K(779776K), 0.0112992 secs] [Times: user=0.06 sys=0.00, real=0.01 secs]
2325.749: [GC [PSYoungGen: 52224K->256K(58880K)] 528073K->476105K(779776K), 0.0112992 secs] [Times: user=0.06 sys=0.00, real=0.01 secs]
2325.749: [GC [PSYoungGen: 52224K->256K(58880K)] 528073K->476105K(779776K), 0.0112992 secs] [Times: user=0.06 sys=0.00, real=0.01 secs]
2325.749: [GC [PSYoungGen: 52224K->256K(58880K)] 528073K->476105K(779776K), 0.0112992 secs] [Times: user=0.06 sys=0.00, real=0.01 secs]
2325.749: [GC [PSYoungGen: 52224K->256K(58880K)] 528073K->476105K(779776K), 0.0112992 secs] [Times: user=0.06 sys=0.00, real=0.01 secs]
2325.749: [GC [PSYoungGen: 52224K->256K(58880K)] 528073K->476105K(779776K), 0.0112992 secs] [Times: user=0.06 sys=0.00, real=0.01 secs]
2325.749: [GC [PSYoungGen: 52224K->256K(58880K)] 528073K->476105K(779776K), 0.0112992 secs] [Times: user=0.06 sys=0.00, real=0.01 secs]
2325.749: [GC [PSYoungGen: 52224K->256K(58880K)] 528073K->476105K(779776K), 0.0112992 secs] [Times: user=0.06 sys=0.00, real=0.01 secs]
2325.749: [GC [PSYoungGen: 52224K->256K(58880K)] 528073K->476105K(779776K), 0.0112992 secs] [Times: user=0.06 sys=0.00, real=0.01 secs]
2325.749: [GC [PSYoungGen: 52224K->256K(58880K)] 528073K->476105K(779776K), 0.0112992 secs] [Times: user=0.06 sys=0.00, real=0.01 secs]
2325.749: [GC [PSYoungGen: 52224K->256K(58880K)] 528073K->476105K(779776K), 0.0112992 secs] [Times: user=0.06 sys=0.00, real=0.01 secs]
2325.749: [GC [PSYoungGen: 52224K->256K(58880K)] 528073K->476105K(779776K), 0.0112992 secs] [Times: user=0.06 sys=0.00, real=0.01 secs]
2325.749: [GC [PSYoungGen: 52224K->256K(58880K)] 528073K->476105K(779776K), 0.0112992 secs] [Times: user=0.06 sys=0.00, real=0.01 secs]
2325.749: [GC [PSYoungGen: 52224K->256K(58880K)] 528073K->476105K(779776K), 0.0112992 secs] [Times: user=0.06 sys=0.00, real=0.01 secs]
2325.749: [GC [PSYoungGen: 52224K->256K(58880K)] 528073K->476105K(779776K), 0.0112992 secs] [Times: user=0.06 sys=0.00, real=0.01 secs]
2325.749: [GC [PSYoungGen: 52224K->256K(58880K)] 528073K->476105K(779776K), 0.0112992 secs] [Times: user=0.06 sys=0.00, real=0.01 secs]
2325.749: [GC [PSYoungGen: 52224K->256K(58880K)] 528073K->476105K(779776K), 0.0112992 secs] [Times: user=0.06 sys=0.00, real=0.01 secs]
2325.749: [GC [PSYoungGen: 52224K->256K(58880K)] 528073K->476105K(779776K), 0.0112992 secs] [Times: user=0.06 sys=0.00, real=0.01 secs]
2325.749: [GC [PSYoungGen: 52224K->256K(58880K)] 528073K->476105K(779776K), 0.0112992 secs] [Times: user=0.06 sys=0.00, real=0.01 secs]
2325.749: [GC [PSYoungGen: 52224K->256K(58880K)] 528073K->476105K(779776K), 0.0112992 secs] [Times: user=0.06 sys=0.00, real=0.01 secs]
2325.749: [GC [PSYoungGen: 52224K->256K(58880K)] 528073K->476105K(779776K), 0.0112992 secs] [Times: user=0.06 sys=0.00, real=0.01 secs]
2325.749: [GC [PSYoungGen: 52224K->256K(58880K)] 528073K->476105K(779776K), 0.0112992 secs] [Times: user=0.06 sys=0.00, real=0.01 secs]
2325.749: [GC [PSYoungGen: 52224K->256K(58880K)] 528073K->476105K(779776K), 0.0112992 secs] [Times: user=0.06 sys=0.00, real=0.01 secs]
2325.749: [GC [PSYoungGen: 52224K->256K(58880K)] 528073K->476105K(779776K), 0.0112992 secs] [Times: user=0.06 sys=0.00, real=0.01 secs]
2325.749: [GC [PSYoungGen: 52224K->256K(58880K)] 528073K->476105K(779776K), 0.0112992 secs] [Times: user=0.06 sys=0.00, real=0.01 secs]
2325.749: [GC [PSYoungGen: 52224K->256K(58880K)] 528073K->476105K(779776K), 0.0112992 secs] [Times: user=0.06 sys=0.00, real=0.01 secs]
2325.749: [GC [PSYoungGen: 52224K->256K(58880K)] 528073K->476105K(779776K), 0.0112992 secs] [Times: user=0.06 sys=0.00, real=0.01 secs]
2325.749: [GC [PSYoungGen: 52224K->256K(58880K)] 528073K->476105K(779776K), 0.0112992 secs] [Times: user=0.06 sys=0.00, real=0.01 secs]
2325.749: [GC [PSYoungGen: 52224K->256K(58880K)] 528073K->476105K(779776K), 0.0112992 secs] [Times: user=0.06 sys=0.00, real=0.01 secs]
2325.749: [GC [PSYoungGen: 52224K->256K(58880K)] 528073K->476105K(779776K), 0.0112992 secs] [Times: user=0.06 sys=0.00, real=0.01 secs]
2325.749: [GC [PSYoungGen: 52224K->256K(58880K)] 528073K->476105K(779776K), 0.0112992 secs] [Times: user=0.06 sys=0.00, real=0.01 secs]
2325.749: [GC [PSYoungGen: 52224K->256K(58880K)] 528073K->476105K(779776K), 0.0112992 secs] [Times: user=0.06 sys=0.00, real=0.01 secs]
2325.749: [GC [PSYoungGen: 52224K->256K(58880K)] 528073K->476105K(779776K), 0.0112992 secs] [Times: user=0.06 sys=0.00, real=0.01 secs]
2325.749: [GC [PSYoungGen: 52224K->256K(58880K)] 528073K->476105K(779776K), 0.0112992 secs] [Times: user=0.06 sys=0.00, real=0.01 secs]
2325.749: [GC [PSYoungGen: 52224K->256K(58880K)] 528073K->476105K(779776K), 0.0112992 secs] [Times: user=0.06 sys=0.00, real=0.01 secs]
2325.749: [GC [PSYoungGen: 52224K->256K(58880K)] 528073K->476105K(779776K), 0.0112992 secs] [Times: user=0.06 sys=0.00, real=0.01 secs]
2325.749: [GC [PSYoungGen: 52224K->256K(58880K)] 528073K->476105K(779776K), 0.0112992 secs] [Times: user=0.06 sys=0.00, real=0.01 secs]
2325.749: [GC [PSYoungGen: 52224K->256K(58880K)] 528073K->476105K(779776K), 0.0112992 secs] [Times: user=0.06 sys=0.00, real=0.01 secs]
2325.749: [GC [PSYoungGen: 52224K->256K(58880K)] 528073K->476105K(779776K), 0.0112992 secs] [Times: user=0.06 sys=0.00, real=0.01 secs]
2325.749: [GC [PSYoungGen: 52224K->256K(58880K)] 528073K->476105K(779776K), 0.0112992 secs] [Times: user=0.06 sys=0.00, real=0.01 secs]
2325.749: [GC [PSYoungGen: 52224K->256K(58880K)] 528073K->476105K(779776K), 0.0112992 secs] [Times: user=0.06 sys=0.00, real=0.01 secs]
2325.749: [GC [PSYoungGen: 52224K->256K(58880K)] 528073K->476105K(779776K), 0.0112992 secs] [Times: user=0.06 sys=0.00, real=0.01 secs]
2325.749: [GC [PSYoungGen: 52224K->256K(58880K)] 528073K->476105K(779776K), 0.0112992 secs] [Times: user=0.06 sys=0.00, real=0.01 secs]
2325.749: [GC [PSYoungGen: 52224K->256K(58880K)] 528073K->476105K(779776K), 0.0112992 secs] [Times: user=0.06 sys=0.00, real=0.01 secs]
2325.749: [GC [PSYoungGen: 52224K->256K(58880K)] 528073K->476105K(779776K), 0.0112992 secs] [Times: user=0.06 sys=0.00, real=0.01 secs]
2325.749: [GC [PSYoungGen: 52224K->256K(58880K)] 528073K->476105K(779776K), 0.0112992 secs] [Times: user=0.06 sys=0.00, real=0.01 secs]
2325.749: [GC [PSYoungGen: 52224K->256K(58880K)] 528073K->476105K(779776K), 0.0112992 secs] [Times: user=0.06 sys=0.00, real=0.01 secs]
2325.749: [GC [PSYoungGen: 52224K->256K(58880K)] 528073K->476105K(779776K), 0.0112992 secs] [Times: user=0.06 sys=0.00, real=0.01 secs]
2325.749: [GC [PSYoungGen: 52224K->256K(58880K)] 528073K->476105K(779776K), 0.0112992 secs] [Times: user=0.06 sys=0.00, real=0.01 secs]
2325.749: [GC [PSYoungGen: 52224K->256K(58880K)] 528073K->476105K(779776K), 0.0112992 secs] [Times: user=0.06 sys=0.00, real=0.01 secs]
2325.749: [GC [PSYoungGen: 52224K->256K(58880K)] 528073K->476105K(779776K), 0.0112992 secs] [Times: user=0.06 sys=0.00, real=0.01 secs]
2325.749: [GC [PSYoungGen: 52224K->256K(58880K)] 528073K->476105K(779776K), 0.0112992 secs] [Times: user=0.06 sys=0.00, real=0.01 secs]
2325.749: [GC [PSYoungGen: 52224K->256K(58880K)] 528073K->476105K(779776K), 0.0112992 secs] [Times: user=0.06 sys=0.00, real=0.01 secs]
2325.749: [GC [PSYoungGen: 52224K->256K(58880K)] 528073K->476105K(779776K), 0.0112992 secs] [Times: user=0.06 sys=0.00, real=0.01 secs]
2325.749: [GC [PSYoungGen: 52224K->256K(58880K)] 528073K->476105K(779776K), 0.0112992 secs] [Times: user=0.06 sys=0.00, real=0.01 secs]
2325.749: [GC [PSYoungGen: 52224K->256K(58880K)] 528073K->476105K(779776K), 0.0112992 secs] [Times: user=0.06 sys=0.00, real=0.01 secs]
2325.749: [GC [PSYoungGen: 52224K->256K(58880K)] 528073K->476105K(779776K), 0.0112992 secs] [Times: user=0.06 sys=0.00, real=0.01 secs]
2325.749: [GC [PSYoungGen: 52224K->256K(58880K)] 528073K->476105K(779776K), 0.0112992 secs] [Times: user=0.06 sys=0.00, real=0.01 secs]
2325.749: [GC [PSYoungGen: 52224K->256K(58880K)] 528073K->476105K(779776K), 0.0112992 secs] [Times: user=0.06 sys=0.00, real=0.01 secs]
2325.749: [GC [PSYoungGen: 52224K->256K(58880K)] 528073K->476105K(779776K), 0.0112992 secs] [Times: user=0.06 sys=0.00, real=0.01 secs]
2325.749: [GC [PSYoungGen: 52224K->256K(58880K)] 528073K->476105K(779776K), 0.0112992 secs] [Times: user=0.06 sys=0.00, real=0.01 secs]
2325.749: [GC [PSYoungGen: 52224K->256K(58880K)] 528073K->476105K(779776K), 0.0112992 secs] [Times: user=0.06 sys=0.00, real=0.01 secs]
2325.749: [GC [PSYoungGen: 52224K->256K(58880K)] 528073K->476105K(779776K), 0.0112992 secs] [Times: user=0.06 sys=0.00, real=0.01 secs]
2325.749: [GC [PSYoungGen: 52224K->256K(58880K)] 528073K->476105K(779776K), 0.0112992 secs] [Times: user=0.06 sys=0.00, real=0.01 secs]
2325.749: [GC [PSYoungGen: 52224K->256K(58880K)] 528073K->476105K(779776K), 0.0112992 secs] [Times: user=0.06 sys=0.00, real=0.01 secs]
2325.749: [GC [PSYoungGen: 52224K->256K(58880K)] 528073K->476105K(779776K), 0.0112992 secs] [Times: user=0.06 sys=0.00, real=0.01 secs]
2325.749: [GC [PSYoungGen: 52224K->256K(58880K)] 528073K->476105K(779776K), 0.0112992 secs] [Times: user=0.06 sys=0.00, real=0.01 secs]
2325.749: [GC [PSYoungGen: 52224K->256K(58880K)] 528073K->476105K(779776K), 0.0112992 secs] [Times: user=0.06 sys=0.00, real=0.01 secs]
2325.749: [GC [PSYoungGen: 52224K->256K(58880K)] 528073K->476105K(779776K), 0.0112992 secs] [Times: user=0.06 sys=0.00, real=0.01 secs]
2325.749: [GC [PSYoungGen: 52224K->256K(58880K)] 528073K->476105K(779776K), 0.0112992 secs] [Times: user=0.06 sys=0.00, real=0.01 secs]
2325.749: [GC [PSYoungGen: 52224K->256K(58880K)] 528073K->476105K(779776K), 0.0112992 secs] [Times: user=0.06 sys=0.00, real=0.01 secs]
2325.749: [GC [PSYoungGen: 52224K->256K(58880K)] 528073K->476105K(779776K), 0.0112992 secs] [Times: user=0.06 sys=0.00, real=0.01 secs]
2325.749: [GC [PSYoungGen: 52224K->256K(58880K)] 528073K->476105K(779776K), 0.0112992 secs] [Times: user=0.06 sys=0.00, real=0.01 secs]
2325.749: [GC [PSYoungGen: 52224K->256K(58880K)] 528073K->476105K(779776K), 0.0112992 secs] [Times: user=0.06 sys=0.00, real=0.01 secs]
2325.749: [GC [PSYoungGen: 52224K->256K(58880K)] 528073K->476105K(779776K), 0.0112992 secs] [Times: user=0.06 sys=0.00, real=0.01 secs]
2325.749: [GC [PSYoungGen: 52224K->256K(58880K)] 528073K->476105K(779776K), 0.0112992 secs] [Times: user=0.06 sys=0.00, real=0.01 secs]
2325.749: [GC [PSYoungGen: 52224K->256K(58880K)] 528073K->476105K(779776K), 0.0112992 secs] [Times: user=0.06 sys=0.00, real=0.01 secs]
2325.749: [GC [PSYoungGen: 52224K->256K(58880K)] 528073K->476105K(779776K), 0.0112992 secs] [Times: user=0.06 sys=0.00, real=0.01 secs]
2325.749: [GC [PSYoungGen: 52224K->256K(58880K)] 528073K->476105K(779776K), 0.0112992 secs] [Times: user=0.06 sys=0.00, real=0.01 secs]
2325.749: [GC [PSYoungGen: 52224K->256K(58880K)] 528073K->476105K(779776K), 0.0112992 secs] [Times: user=0.06 sys=0.00, real=0.01 secs]
2325.749: [GC [PSYoungGen: 52224K->256K(58880K)] 528073K->476105K(779776K), 0.0112992 secs] [Times: user=0.06 sys=0.00, real=0.01 secs]
2325.749: [GC [PSYoungGen: 52224K->256K(58880K)] 528073K->476105K(779776K), 0.0112992 secs] [Times: user=0.06 sys=0.00, real=0.01 secs]
2325.749: [GC [PSYoungGen: 52224K->256K(58880K)] 528073K->476105K(779776K), 0.0112992 secs] [Times: user=0.06 sys=0.00, real=0.01 secs]
2325.749: [GC [PSYoungGen: 52224K->256K(58880K)] 528073K->476105K(779776K), 0.0112992 secs] [Times: user=0.06 sys=0.00, real=0.01 secs]
2325.749: [GC [PSYoungGen: 52224K->256K(58880K)] 528073K->476105K(779776K), 0.0112992 secs] [Times: user=0.06 sys=0.00, real=0.01 secs]
2325.749: [GC [PSYoungGen: 52224K->256K(58880K)] 528073K->476105K(779776K), 0.0112992 secs] [Times: user=0.06 sys=0.00, real=0.01 secs]
2325.749: [GC [PSYoungGen: 52224K->256K(58880K)] 528073K->476105K(779776K), 0.0112992 secs] [Times: user=0.06 sys=0.00, real=0.01 secs]
2325.749: [GC [PSYoungGen: 52224K->256K(58880K)] 528073K->476105K(779776K), 0.0112992 secs] [Times: user=0.06 sys=0.00, real=0.01 secs]
2325.749: [GC [PSYoungGen: 52224K->256K(58880K)] 528073K->476105K(779776K), 0.0112992 secs] [Times: user=0.06 sys=0.00, real=0.01 secs]
2325.749: [GC [PSYoungGen: 52224K->256K(58880K)] 528073K->476105K(779776K), 0.0112992 secs] [Times: user=0.06 sys=0.00, real=0.01 secs]
2325.749: [GC [PSYoungGen: 52224K->256K(58880K)] 528073K->476105K(779776K), 0.0112992 secs] [Times: user=0.06 sys=0.00, real=0.01 secs]
2325.749: [GC [PSYoungGen: 52224K->256K(58880K)] 528073K->476105K(779776K), 0.0112992 secs] [Times: user=0.06 sys=0.00, real=0.01 secs]
2325.749: [GC [PSYoungGen: 52224K->256K(58880K)] 528073K->476105K(779776K), 0.0112992 secs] [Times: user=0.06 sys=0.00, real=0.01 secs]
2325.749: [GC [PSYoungGen: 52224K->256K(58880K)] 528073K->476105K(779776K), 0.0112992 secs] [Times: user=0.06 sys=0.00, real=0.01 secs]
2325.749: [GC [PSYoungGen: 52224K->256K(58880K)] 528073K->476105K(779776K), 0.0112992 secs] [Times: user=0.06 sys=0.00, real=0.01 secs]
2325.749: [GC [PSYoungGen: 52224K->256K(58880K)] 528073K->476105K(779776K), 0.0112992 secs] [Times: user=0.06 sys=0.00, real=0.01 secs]
2325.749: [GC [PSYoungGen: 52224K->256K(58880K)] 528073K->476105K(779776K), 0.0112992 secs] [Times: user=0.06 sys=0.00, real=0.01 secs]
2325.749: [GC [PSYoungGen: 52224K->256K(58880K)] 528073K->476105K(779776K), 0.0112992 secs] [Times: user=0.06 sys=0.00, real=0.01 secs]
2325.749: [GC [PSYoungGen: 52224K->256K(58880K)] 528073K->476105K(779776K), 0.0112992 secs] [Times: user=0.06 sys=0.00, real=0.01 secs]
2325.749: [GC [PSYoungGen: 52224K->256K(58880K)] 528073K->476105K(779776K), 0.0112992 secs] [Times: user=0.06 sys=0.00, real=0.01 secs]
2325.749: [GC [PSYoungGen: 52224K->256K(58880K)] 528073K->476105K(779776K), 0.0112992 secs] [Times: user=0.06 sys=0.00, real=0.01 secs]
2325.749: [GC [PSYoungGen: 52224K->256K(58880K)] 528073K->476105K(779776K), 0.0112992 secs] [Times: user=0.06 sys=0.00, real=0.01 secs]
2325.749: [GC [PSYoungGen: 52224K->256K(58880K)] 528073K->476105K(779776K), 0.0112992 secs] [Times: user=0.06 sys=0.00, real=0.01 secs]
2325.749: [GC [PSYoungGen: 52224K->256K(58880K)] 528073K->476105K(779776K), 0.0112992 secs] [Times: user=0.06 sys=0.00, real=0.01 secs]
2325.749: [GC [PSYoungGen: 52224K->256K(58880K)] 528073K->476105K(779776K), 0.0112992 secs] [Times: user=0.06 sys=0.00, real=0.01 secs]
2325.749: [GC [PSYoungGen: 52224K->256K(58880K)] 528073K->476105K(779776K), 0.0112992 secs] [Times: user=0.06 sys=0.00, real=0.01 secs]
2325.749: [GC [PSYoungGen: 52224K->256K(58880K)] 528073K->476105K(779776K), 0.0112992 secs] [Times: user=0.06 sys=0.00, real=0.01 secs]
2325.749: [GC [PSYoungGen: 52224K->256K(58880K)] 528073K->476105K(779776K), 0.0112992 secs] [Times: user=0.06 sys=0.00, real=0.01 secs]
2325.749: [GC [PSYoungGen: 52224K->256K(58880K)] 528073K->476105K(779776K), 0.0112992 secs] [Times: user=0.06 sys=0.00, real=0.01 secs]
2325.749: [GC [PSYoungGen: 52224K->256K(58880K)] 528073K->476105K(779776K), 0.0112992 secs] [Times: user=0.06 sys=0.00, real=0.01 secs]
2325.749: [GC [PSYoungGen: 52224K->256K(58880K)] 528073K->476105K(779776K), 0.0112992 secs] [Times: user=0.06 sys=0.00, real=0.01 secs]
2325.749: [GC [PSYoungGen: 52224K->256K(58880K)] 528073K->476105K(779776K), 0.0112992 secs] [Times: user=0.06 sys=0.00, real=0.01 secs]
2325.749: [GC [PSYoungGen: 52224K->256K(58880K)] 528073K->476105K(779776K), 0.0112992 secs] [Times: user=0.06 sys=0.00, real=0.01 secs]
2325.749: [GC [PSYoungGen: 52224K->256K(58880K)] 528073K->476105K(779776K), 0.0112992 secs] [Times: user=0.06 sys=0.00, real=0.01 secs]
2325.749: [GC [PSYoungGen: 52224K->256K(58880K)] 528073K->476105K(779776K), 0.0112992 secs] [Times: user=0.06 sys=0.00, real=0.01 secs]
2325.749: [GC [PSYoungGen: 52224K->256K(58880K)] 528073K->476105K(779776K), 0.0112992 secs] [Times: user=0.06 sys=0.00, real=0.01 secs]
2325.749: [GC [PSYoungGen: 52224K->256K(58880K)] 528073K->476105K(779776K), 0.0112992 secs] [Times: user=0.06 sys=0.00, real=0.01 secs]
2325.749: [GC [PSYoungGen: 52224K->256K(58880K)] 528073K->476105K(779776K), 0.0112992 secs] [Times: user=0.06 sys=0.00, real=0.01 secs]
2325.749: [GC [PSYoungGen: 52224K->256K(58880K)] 528073K->476105K(779776K), 0.0112992 secs] [Times: user=0.06 sys=0.00, real=0.01 secs]
2325.749: [GC [PSYoungGen: 52224K->256K(58880K)] 528073K->476105K(779776K), 0.0112992 secs] [Times: user=0.06 sys=0.00, real=0.01 secs]
2325.749: [GC [PSYoungGen: 52224K->256K(58880K)] 528073K->476105K(779776K), 0.0112992 secs] [Times: user=0.06 sys=0.00, real=0.01 secs]
2325.749: [GC [PSYoungGen: 52224K->256K(58880K)] 528073K->476105K(779776K), 0.0112992 secs] [Times: user=0.06 sys=0.00, real=0.01 secs]
2325.749: [GC [PSYoungGen: 52224K->256K(58880K)] 528073K->476105K(779776K), 0.0112992 secs] [Times: user=0.06 sys=0.00, real=0.01 secs]
2325.749: [GC [PSYoungGen: 52224K->256K(58880K)] 528073K->476105K(779776K), 0.0112992 secs] [Times: user=0.06 sys=0.00, real=0.01 secs]
2325.749: [GC [PSYoungGen: 52224K->256K(58880K)] 528073K->476105K(779776K), 0.0112992 secs] [Times: user=0.06 sys=0.00, real=0.01 secs]
2325.749: [GC [PSYoungGen: 52224K->256K(58880K)] 528073K->476105K(779776K), 0.0112992 secs] [Times: user=0.06 sys=0.00, real=0.01 secs]
2325.749: [GC [PSYoungGen: 52224K->256K(58880K)] 528073K->476105K(779776K), 0.0112992 secs] [Times: user=0.06 sys=0.00, real=0.01 secs]
2325.749: [GC [PSYoungGen: 52224K->256K(58880K)] 528073K->476105K(779776K), 0.0112992 secs] [Times: user=0.06 sys=0.00, real=0.01 secs]
2325.749: [GC [PSYoungGen: 52224K->256K(58880K)] 528073K->476105K(779776K), 0.0112992 secs] [Times: user=0.06 sys=0.00, real=0.01 secs]
2325.749: [GC [PSYoungGen: 52224K->256K(58880K)] 528073K->476105K(779776K), 0.0112992 secs] [Times: user=0.06 sys=0.00, real=0.01 secs]
2325.749: [GC [PSYoungGen: 52224K->256K(58880K)] 528073K->476105K(779776K), 0.0112992 secs] [Times: user=0.06 sys=0.00, real=0.01 secs]
2325.749: [GC [PSYoungGen: 52224K->256K(58880K)] 528073K->476105K(779776K), 0.0112992 secs] [Times: user=0.06 sys=0.00, real=0.01 secs]
2325.749: [GC [PSYoungGen: 52224K->256K(58880K)] 528073K->476105K(779776K), 0.0112992 secs] [Times: user=0.06 sys=0.00, real=0.01 secs]
2325.749: [GC [PSYoungGen: 52224K->256K(58880K)] 528073K->476105K(779776K), 0.0112992 secs] [Times: user=0.06 sys=0.00, real=0.01 secs]
2325.749: [GC [PSYoungGen: 52224K->256K(58880K)] 528073K->476105K(779776K), 0.0112992 secs] [Times: user=0.06 sys=0.00, real=0.01 secs]
2325.749: [GC [PSYoungGen: 52224K->256K(58880K)] 528073K->476105K(779776K), 0.0112992 secs] [Times: user=0.06 sys=0.00, real=0.01 secs]
2325.749: [GC [PSYoungGen: 52224K->256K(58880K)] 528073K->476105K(779776K), 0.0112992 secs] [Times: user=0.06 sys=0.00, real=0.01 secs]
2325.749: [GC [PSYoungGen: 52224K->256K(58880K)] 528073K->476105K(779776K), 0.0112992 secs] [Times: user=0.06 sys=0.00, real=0.01 secs]
2325.749: [GC [PSYoungGen: 52224K->256K(58880K)] 528073K->476105K(779776K), 0.0112992 secs] [Times: user=0.06 sys=0.00, real=0.01 secs]
2325.749: [GC [PSYoungGen: 52224K->256K(58880K)] 528073K->476105K(779776K), 0.0112992 secs] [Times: user=0.06 sys=0.00, real=0.01 secs]
2325.749: [GC [PSYoungGen: 52224K->256K(58880K)] 528073K->476105K(779776K), 0.0112992 secs] [Times: user=0.06 sys=0.00, real=0.01 secs]
2325.749: [GC [PSYoungGen: 52224K->256K(58880K)] 528073K->476105K(779776K), 0.0112992 secs] [Times: user=0.06 sys=0.00, real=0.01 secs]
2325.749: [GC [PSYoungGen: 52224K->256K(58880K)] 528073K->476105K(779776K), 0.0112992 secs] [Times: user=0.06 sys=0.00, real=0.01 secs]
2325.749: [GC [PSYoungGen: 52224K->256K(58880K)] 528073K->476105K(779776K), 0.0112992 secs] [Times: user=0.06 sys=0.00, real=0.01 secs]
2325.749: [GC [PSYoungGen: 52224K->256K(58880K)] 528073K->476105K(779776K), 0.0112992 secs] [Times: user=0.06 sys=0.00, real=0.01 secs]
2325.749: [GC [PSYoungGen: 52224K->256K(58880K)] 528073K->476105K(779776K), 0.0112992 secs] [Times: user=0.06 sys=0.00, real=0.01 secs]
2325.749: [GC [PSYoungGen: 52224K->256K(58880K)] 528073K->476105K(779776K), 0.0112992 secs] [Times: user=0.06 sys=0.00, real=0.01 secs]
2325.749: [GC [PSYoungGen: 52224K->256K(58880K)] 528073K->476105K(779776K), 0.0112992 secs] [Times: user=0.06 sys=0.00, real=0.01 secs]
2325.749: [GC [PSYoungGen: 52224K->256K(58880K)] 528073K->476105K(779776K), 0.0112992 secs] [Times: user=0.06 sys=0.00, real=0.01 secs]
2325.749: [GC [PSYoungGen: 52224K->256K(58880K)] 528073K->476105K(779776K), 0.0112992 secs] [Times: user=0.06 sys=0.00, real=0.01 secs]
2325.749: [GC [PSYoungGen: 52224K->256K(58880K)] 528073K->476105K(779776K), 0.0112992 secs] [Times: user=0.06 sys=0.00, real=0.01 secs]
2325.749: [GC [PSYoungGen: 52224K->256K(58880K)] 528073K->476105K(779776K), 0.0112992 secs] [Times: user=0.06 sys=0.00, real=0.01 secs]
2325.749: [GC [PSYoungGen: 52224K->256K(58880K)] 528073K->476105K(779776K), 0.0112992 secs] [Times: user=0.06 sys=0.00, real=0.01 secs]
2325.749: [GC [PSYoungGen: 52224K->256K(58880K)] 528073K->476105K(779776K), 0.0112992 secs] [Times: user=0.06 sys=0.00, real=0.01 secs]
2325.749: [GC [PSYoungGen: 52224K->256K(58880K)] 528073K->476105K(779776K), 0.0112992 secs] [Times: user=0.06 sys=0.00, real=0.01 secs]
2325.749: [GC [PSYoungGen: 52224K->256K(58880K)] 528073K->476105K(779776K), 0.0112992 secs] [Times: user=0.06 sys=0.00, real=0.01 secs]
2325.749: [GC [PSYoungGen: 52224K->256K(58880K)] 528073K->476105K(779776K), 0.0112992 secs] [Times: user=0.06 sys=0.00, real=0.01 secs]
2325.749: [GC [PSYoungGen: 52224K->256K(58880K)] 528073K->476105K(779776K), 0.0112992 secs] [Times: user=0.06 sys=0.00, real=0.01 secs]
2325.749: [GC [PSYoungGen: 52224K->256K(58880K)] 528073K->476105K(779776K), 0.0112992 secs] [Times: user=0.06 sys=0.00, real=0.01 secs]
2325.749: [GC [PSYoungGen: 52224K->256K(58880K)] 528073K->476105K(779776K), 0.0112992 secs] [Times: user=0.06 sys=0.00, real=0.01 secs]
2325.749: [GC [PSYoungGen: 52224K->256K(58880K)] 528073K->476105K(779776K), 0.0112992 secs] [Times: user=0.06 sys=0.00, real=0.01 secs]
2325.749: [GC [PSYoungGen: 52224K->256K(58880K)] 528073K->476105K(779776K), 0.0112992 secs] [Times: user=0.06 sys=0.00, real=0.01 secs]
2325.749: [GC [PSYoungGen: 52224K->256K(58880K)] 528073K->476105K(779776K), 0.0112992 secs] [Times: user=0.06 sys=0.00, real=0.01 secs]
2325.749: [GC [PSYoungGen: 52224K->256K(58880K)] 528073K->476105K(779776K), 0.0112992 secs] [Times: user=0.06 sys=0.00, real=0.01 secs]
2325.749: [GC [PSYoungGen: 52224K->256K(58880K)] 528073K->476105K(779776K), 0.0112992 secs] [Times: user=0.06 sys=0.00, real=0.01 secs]
2325.749: [GC [PSYoungGen: 52224K->256K(58880K)] 528073K->476105K(779776K), 0.0112992 secs] [Times: user=0.06 sys=0.00, real=0.01 secs]
2325.749: [GC [PSYoungGen: 52224K->256K(58880K)] 528073K->476105K(779776K), 0.0112992 secs] [Times: user=0.06 sys=0.00, real=0.01 secs]
2325.749: [GC [PSYoungGen: 52224K->256K(58880K)] 528073K->476105K(779776K), 0.0112992 secs] [Times: user=0.06 sys=0.00, real=0.01 secs]
2325.749: [GC [PSYoungGen: 52224K->256K(58880K)] 528073K->476105K(779776K), 0.0112992 secs] [Times: user=0.06 sys=0.00, real=0.01 secs]
2325.749: [GC [PSYoungGen: 52224K->256K(58880K)] 528073K->476105K(779776K), 0.0112992 secs] [Times: user=0.06 sys=0.00, real=0.01 secs]
2325.749: [GC [PSYoungGen: 52224K->256K(58880K)] 528073K->476105K(779776K), 0.0112992 secs] [Times: user=0.06 sys=0.00, real=0.01 secs]
2325.749: [GC [PSYoungGen: 52224K->256K(58880K)] 528073K->476105K(779776K), 0.0112992 secs] [Times: user=0.06 sys=0.00, real=0.01 secs]
2325.749: [GC [PSYoungGen: 52224K->256K(58880K)] 528073K->476105K(779776K), 0.0112992 secs] [Times: user=0.06 sys=0.00, real=0.01 secs]
2325.749: [GC [PSYoungGen: 52224K->256K(58880K)] 528073K->476105K(779776K), 0.0112992 secs] [Times: user=0.06 sys=0.00, real=0.01 secs]
2325.749: [GC [PSYoungGen: 52224K->256K(58880K)] 528073K->476105K(779776K), 0.0112992 secs] [Times: user=0.06 sys=0.00, real=0.01 secs]
2325.749: [GC [PSYoungGen: 52224K->256K(58880K)] 528073K->476105K(779776K), 0.0112992 secs] [Times: user=0.06 sys=0.00, real=0.01 secs]
2325.749: [GC [PSYoungGen: 52224K->256K(58880K)] 528073K->476105K(779776K), 0.0112992 secs] [Times: user=0.06 sys=0.00, real=0.01 secs]
2325.749: [GC [PSYoungGen: 52224K->256K(58880K)] 528073K->476105K(779776K), 0.0112992 secs] [Times: user=0.06 sys=0.00, real=0.01 secs]
2325.749: [GC [PSYoungGen: 52224K->256K(58880K)] 528073K->476105K(779776K), 0.0112992 secs] [Times: user=0.06 sys=0.00, real=0.01 secs]
2325.749: [GC [PSYoungGen: 52224K->256K(58880K)] 528073K->476105K(779776K), 0.0112992 secs] [Times: user=0.06 sys=0.00, real=0.01 secs]
2325.749: [GC [PSYoungGen: 52224K->256K(58880K)] 528073K->476105K(779776K), 0.0112992 secs] [Times: user=0.06 sys=0.00, real=0.01 secs]
2325.749: [GC [PSYoungGen: 52224K->256K(58880K)] 528073K->476105K(779776K), 0.0112992 secs] [Times: user=0.06 sys=0.00, real=0.01 secs]
2325.749: [GC [PSYoungGen: 52224K->256K(58880K)] 528073K->476105K(779776K), 0.0112992 secs] [Times: user=0.06 sys=0.00, real=0.01 secs]
2325.749: [GC [PSYoungGen: 52224K->256K(58880K)] 528073K->476105K(779776K), 0.0112992 secs] [Times: user=0.06 sys=0.00, real=0.01 secs]
2325.749: [GC [PSYoungGen: 52224K->256K(58880K)] 528073K->476105K(779776K), 0.0112992 secs] [Times: user=0.06 sys=0.00, real=0.01 secs]
2325.749: [GC [PSYoungGen: 52224K->256K(58880K)] 528073K->476105K(779776K), 0.0112992 secs] [Times: user=0.06 sys=0.00, real=0.01 secs]
2325.749: [GC [PSYoungGen: 52224K->256K(58880K)] 528073K->476105K(779776K), 0.0112992 secs] [Times: user=0.06 sys=0.00, real=0.01 secs]
2325.749: [GC [PSYoungGen: 52224K->256K(58880K)] 528073K->476105K(779776K), 0.0112992 secs] [Times: user=0.06 sys=0.00, real=0.01 secs]
2325.749: [GC [PSYoungGen: 52224K->256K(58880K)] 528073K->476105K(779776K), 0.0112992 secs] [Times: user=0.06 sys=0.00, real=0.01 secs]
2325.749: [GC [PSYoungGen: 52224K->256K(58880K)] 528073K->476105K(779776K), 0.0112992 secs] [Times: user=0.06 sys=0.00, real=0.01 secs]
2325.749: [GC [PSYoungGen: 52224K->256K(58880K)] 528073K->476105K(779776K), 0.0112992 secs] [Times: user=0.06 sys=0.00, real=0.01 secs]
2325.749: [GC [PSYoungGen: 52224K->256K(58880K)] 528073K->476105K(779776K), 0.0112992 secs] [Times: user=0.06 sys=0.00, real=0.01 secs]
2325.749: [GC [PSYoungGen: 52224K->256K(58880K)] 528073K->476105K(779776K), 0.0112992 secs] [Times: user=0.06 sys=0.00, real=0.01 secs]
2325.749: [GC [PSYoungGen: 52224K->256K(58880K)] 528073K->476105K(779776K), 0.0112992 secs] [Times: user=0.06 sys=0.00, real=0.01 secs]
2325.749: [GC [PSYoungGen: 52224K->256K(58880K)] 528073K->476105K(779776K), 0.0112992 secs] [Times: user=0.06 sys=0.00, real=0.01 secs]
2325.749: [GC [PSYoungGen: 52224K->256K(58880K)] 528073K->476105K(779776K), 0.0112992 secs] [Times: user=0.06 sys=0.00, real=0.01 secs]
2325.749: [GC [PSYoungGen: 52224K->256K(58880K)] 528073K->476105K(779776K), 0.0112992 secs] [Times: user=0.06 sys=0.00, real=0.01 secs]
2325.749: [GC [PSYoungGen: 52224K->256K(58880K)] 528073K->476105K(779776K), 0.0112992 secs] [Times: user=0.06 sys=0.00, real=0.01 secs]
2325.749: [GC [PSYoungGen: 52224K->256K(58880K)] 528073K->476105K(779776K), 0.0112992 secs] [Times: user=0.06 sys=0.00, real=0.01 secs]
2325.749: [GC [PSYoungGen: 52224K->256K(58880K)] 528073K->476105K(779776K), 0.0112992 secs] [Times: user=0.06 sys=0.00, real=0.01 secs]
2325.749: [GC [PSYoungGen: 52224K->256K(58880K)] 528073K->476105K(779776K), 0.0112992 secs] [Times: user=0.06 sys=0.00, real=0.01 secs]
2325.749: [GC [PSYoungGen: 52224K->256K(58880K)] 528073K->476105K(779776K), 0.0112992 secs] [Times: user=0.06 sys=0.00, real=0.01 secs]
2325.749: [GC [PSYoungGen: 52224K->256K(58880K)] 528073K->476105K(779776K), 0.0112992 secs] [Times: user=0.06 sys=0.00, real=0.01 secs]
2325.749: [GC [PSYoungGen: 52224K->256K(58880K)] 528073K->476105K(779776K), 0.0112992 secs] [Times: user=0.06 sys=0.00, real=0.01 secs]
2325.749: [GC [PSYoungGen: 52224K->256K(58880K)] 528073K->476105K(779776K), 0.0112992 secs] [Times: user=0.06 sys=0.00, real=0.01 secs]
2325.749: [GC [PSYoungGen: 52224K->256K(58880K)] 528073K->476105K(779776K), 0.0112992 secs] [Times: user=0.06 sys=0.00, real=0.01 secs]
2325.749: [GC [PSYoungGen: 52224K->256K(58880K)] 528073K->476105K(779776K), 0.0112992 secs] [Times: user=0.06 sys=0.00, real=0.01 secs]
2325.749: [GC [PSYoungGen: 52224K->256K(58880K)] 528073K->476105K(779776K), 0.0112992 secs] [Times: user=0.06 sys=0.00, real=0.01 secs]
2325.749: [GC [PSYoungGen: 52224K->256K(58880K)] 528073K->476105K(779776K), 0.0112992 secs] [Times: user=0.06 sys=0.00, real=0.01 secs]
2325.749: [GC [PSYoungGen: 52224K->256K(58880K)] 528073K->476105K(779776K), 0.0112992 secs] [Times: user=0.06 sys=0.00, real=0.01 secs]
2325.749: [GC [PSYoungGen: 52224K->256K(58880K)] 528073K->476105K(779776K), 0.0112992 secs] [Times: user=0.06 sys=0.00, real=0.01 secs]
2325.749: [GC [PSYoungGen: 52224K->256K(58880K)] 528073K->476105K(779776K), 0.0112992 secs] [Times: user=0.06 sys=0.00, real=0.01 secs]
2325.749: [GC [PSYoungGen: 52224K->256K(58880K)] 528073K->476105K(779776K), 0.0112992 secs] [Times: user=0.06 sys=0.00, real=0.01 secs]
2325.749: [GC [PSYoungGen: 52224K->256K(58880K)] 528073K->476105K(779776K), 0.0112992 secs] [Times: user=0.06 sys=0.00, real=0.01 secs]
2325.749: [GC [PSYoungGen: 52224K->256K(58880K)] 528073K->476105K(779776K), 0.0112992 secs] [Times: user=0.06 sys=0.00, real=0.01 secs]
2325.749: [GC [PSYoungGen: 52224K->256K(58880K)] 528073K->476105K(779776K), 0.0112992 secs] [Times: user=0.06 sys=0.00, real=0.01 secs]
2325.749: [GC [PSYoungGen: 52224K->256K(58880K)] 528073K->476105K(779776K), 0.0112992 secs] [Times: user=0.06 sys=0.00, real=0.01 secs]
2325.749: [GC [PSYoungGen: 52224K->256K(58880K)] 528073K->476105K(779776K), 0.0112992 secs] [Times: user=0.06 sys=0.00, real=0.01 secs]
2325.749: [GC [PSYoungGen: 52224K->256K(58880K)] 528073K->476105K(779776K), 0.0112992 secs] [Times: user=0.06 sys=0.00, real=0.01 secs]
2325.749: [GC [PSYoungGen: 52224K->256K(58880K)] 528073K->476105K(779776K), 0.0112992 secs] [Times: user=0.06 sys=0.00, real=0.01 secs]
2325.749: [GC [PSYoungGen: 52224K->256K(58880K)] 528073K->476105K(779776K), 0.0112992 secs] [Times: user=0.06 sys=0.00, real=0.01 secs]
2325.749: [GC [PSYoungGen: 52224K->256K(58880K)] 528073K->476105K(779776K), 0.0112992 secs] [Times: user=0.06 sys=0.00, real=0.01 secs]
2325.749: [GC [PSYoungGen: 52224K->256K(58880K)] 528073K->476105K(779776K), 0.0112992 secs] [Times: user=0.06 sys=0.00, real=0.01 secs]
2325.749: [GC [PSYoungGen: 52224K->256K(58880K)] 528073K->476105K(779776K), 0.0112992 secs] [Times: user=0.06 sys=0.00, real=0.01 secs]
2325.749: [GC [PSYoungGen: 52224K->256K(58880K)] 528073K->476105K(779776K), 0.0112992 secs] [Times: user=0.06 sys=0.00, real=0.01 secs]
2325.749: [GC [PSYoungGen: 52224K->256K(58880K)] 528073K->476105K(779776K), 0.0112992 secs] [Times: user=0.06 sys=0.00, real=0.01 secs]
2325.749: [GC [PSYoungGen: 52224K->256K(58880K)] 528073K->476105K(779776K), 0.0112992 secs] [Times: user=0.06 sys=0.00, real=0.01 secs]
2325.749: [GC [PSYoungGen: 52224K->256K(58880K)] 528073K->476105K(779776K), 0.0112992 secs] [Times: user=0.06 sys=0.00, real=0.01 secs]
2325.749: [GC [PSYoungGen: 52224K->256K(58880K)] 528073K->476105K(779776K), 0.0112992 secs] [Times: user=0.06 sys=0.00, real=0.01 secs]
2325.749: [GC [PSYoungGen: 52224K->256K(58880K)] 528073K->476105K(779776K), 0.0112992 secs] [Times: user=0.06 sys=0.00, real=0.01 secs]
2325.749: [GC [PSYoungGen: 52224K->256K(58880K)] 528073K->476105K(779776K), 0.0112992 secs] [Times: user=0.06 sys=0.00, real=0.01 secs]
2325.749: [GC [PSYoungGen: 52224K->256K(58880K)] 528073K->476105K(779776K), 0.0112992 secs] [Times: user=0.06 sys=0.00, real=0.01 secs]
2325.749: [GC [PSYoungGen: 52224K->256K(58880K)] 528073K->476105K(779776K), 0.0112992 secs] [Times: user=0.06 sys=0.00, real=0.01 secs]
2325.749: [GC [PSYoungGen: 52224K->256K(58880K)] 528073K->476105K(779776K), 0.0112992 secs] [Times: user=0.06 sys=0.00, real=0.01 secs]
2325.749: [GC [PSYoungGen: 52224K->256K(58880K)] 528073K->476105K(779776K), 0.0112992 secs] [Times: user=0.06 sys=0.00, real=0.01 secs]
2325.749: [GC [PSYoungGen: 52224K->256K(58880K)] 528073K->476105K(779776K), 0.0112992 secs] [Times: user=0.06 sys=0.00, real=0.01 secs]
2325.749: [GC [PSYoungGen: 52224K->256K(58880K)] 528073K->476105K(779776K), 0.0112992 secs] [Times: user=0.06 sys=0.00, real=0.01 secs]
2325.749: [GC [PSYoungGen: 52224K->256K(58880K)] 528073K->476105K(779776K), 0.0112992 secs] [Times: user=0.06 sys=0.00, real=0.01 secs]
2325.749: [GC [PSYoungGen: 52224K->256K(58880K)] 528073K->476105K(779776K), 0.0112992 secs] [Times: user=0.06 sys=0.00, real=0.01 secs]
2325.749: [GC [PSYoungGen: 52224K->256K(58880K)] 528073K->476105K(779776K), 0.0112992 secs] [Times: user=0.06 sys=0.00, real=0.01 secs]
2325.749: [GC [PSYoungGen: 52224K->256K(58880K)] 528073K->476105K(779776K), 0.0112992 secs] [Times: user=0.06 sys=0.00, real=0.01 secs]
2325.749: [GC [PSYoungGen: 52224K->256K(58880K)] 528073K->476105K(779776K), 0.0112992 secs] [Times: user=0.06 sys=0.00, real=0.01 secs]
2325.749: [GC [PSYoungGen: 52224K->256K(58880K)] 528073K->476105K(779776K), 0.0112992 secs] [Times: user=0.06 sys=0.00, real=0.01 secs]
2325.749: [GC [PSYoungGen: 52224K->256K(58880K)] 528073K->476105K(779776K), 0.0112992 secs] [Times: user=0.06 sys=0.00, real=0.01 secs]
2325.749: [GC [PSYoungGen: 52224K->256K(58880K)] 528073K->476105K(779776K), 0.0112992 secs] [Times: user=0.06 sys=0.00, real=0.01 secs]
2325.749: [GC [PSYoungGen: 52224K->256K(58880K)] 528073K->476105K(779776K), 0.0112992 secs] [Times: user=0.06 sys=0.00, real=0.01 secs]
2325.749: [GC [PSYoungGen: 52224K->256K(58880K)] 528073K->476105K(779776K), 0.0112992 secs] [Times: user=0.06 sys=0.00, real=0.01 secs]
2325.749: [GC [PSYoungGen: 52224K->256K(58880K)] 528073K->476105K(779776K), 0.0112992 secs] [Times: user=0.06 sys=0.00, real=0.01 secs]
2325.749: [GC [PSYoungGen: 52224K->256K(58880K)] 528073K->476105K(779776K), 0.0112992 secs] [Times: user=0.06 sys=0.00, real=0.01 secs]
2325.749: [GC [PSYoungGen: 52224K->256K(58880K)] 528073K->476105K(779776K), 0.0112992 secs] [Times: user=0.06 sys=0.00, real=0.01 secs]
2325.749: [GC [PSYoungGen: 52224K->256K(58880K)] 528073K->476105K(779776K), 0.0112992 secs] [Times: user=0.06 sys=0.00, real=0.01 secs]
2325.749: [GC [PSYoungGen: 52224K->256K(58880K)] 528073K->476105K(779776K), 0.0112992 secs] [Times: user=0.06 sys=0.00, real=0.01 secs]
2325.749: [GC [PSYoungGen: 52224K->256K(58880K)] 528073K->476105K(779776K), 0.0112992 secs] [Times: user=0.06 sys=0.00, real=0.01 secs]
2325.749: [GC [PSYoungGen: 52224K->256K(58880K)] 528073K->476105K(779776K), 0.0112992 secs] [Times: user=0.06 sys=0.00, real=0.01 secs]
2325.749: [GC [PSYoungGen: 52224K->256K(58880K)] 528073K->476105K(779776K), 0.0112992 secs] [Times: user=0.06 sys=0.00, real=0.01 secs]
2325.749: [GC [PSYoungGen: 52224K->256K(58880K)] 528073K->476105K(779776K), 0.0112992 secs] [Times: user=0.06 sys=0.00, real=0.01 secs]
2325.749: [GC [PSYoungGen: 52224K->256K(58880K)] 528073K->476105K(779776K), 0.0112992 secs] [Times: user=0.06 sys=0.00, real=0.01 secs]
2325.749: [GC [PSYoungGen: 52224K->256K(58880K)] 528073K->476105K(779776K), 0.0112992 secs] [Times: user=0.06 sys=0.00, real=0.01 secs]
2325.749: [GC [PSYoungGen: 52224K->256K(58880K)] 528073K->476105K(779776K), 0.0112992 secs] [Times: user=0.06 sys=0.00, real=0.01 secs]
2325.749: [GC [PSYoungGen: 52224K->256K(58880K)] 528073K->476105K(779776K), 0.0112992 secs] [Times: user=0.06 sys=0.00, real=0.01 secs]
2325.749: [GC [PSYoungGen: 52224K->256K(58880K)] 528073K->476105K(779776K), 0.0112992 secs] [Times: user=0.06 sys=0.00, real=0.01 secs]
2325.749: [GC [PSYoungGen: 52224K->256K(58880K)] 528073K->476105K(779776K), 0.0112992 secs] [Times: user=0.06 sys=0.00, real=0.01 secs]
2325.749: [GC [PSYoungGen: 52224K->256K(58880K)] 528073K->476105K(779776K), 0.0112992 secs] [Times: user=0.06 sys=0.00, real=0.01 secs]
2325.749: [GC [PSYoungGen: 52224K->256K(58880K)] 528073K->476105K(779776K), 0.0112992 secs] [Times: user=0.06 sys=0.00, real=0.01 secs]
2325.749: [GC [PSYoungGen: 52224K->256K(58880K)] 528073K->476105K(779776K), 0.0112992 secs] [Times: user=0.06 sys=0.00, real=0.01 secs]
2325.749: [GC [PSYoungGen: 52224K->256K(58880K)] 528073K->476105K(779776K), 0.0112992 secs] [Times: user=0.06 sys=0.00, real=0.01 secs]
2325.749: [GC [PSYoungGen: 52224K->256K(58880K)] 528073K->476105K(779776K), 0.0112992 secs] [Times: user=0.06 sys=0.00, real=0.01 secs]
2325.749: [GC [PSYoungGen: 52224K->256K(58880K)] 528073K->476105K(779776K), 0.0112992 secs] [Times: user=0.06 sys=0.00, real=0.01 secs]
2325.749: [GC [PSYoungGen: 52224K->256K(58880K)] 528073K->476105K(779776K), 0.0112992 secs] [Times: user=0.06 sys=0.00, real=0.01 secs]
2325.749: [GC [PSYoungGen: 52224K->256K(58880K)] 528073K->476105K(779776K), 0.0112992 secs] [Times: user=0.06 sys=0.00, real=0.01 secs]
2325.749: [GC [PSYoungGen: 52224K->256K(58880K)] 528073K->476105K(779776K), 0.0112992 secs] [Times: user=0.06 sys=0.00, real=0.01 secs]
2325.749: [GC [PSYoungGen: 52224K->256K(58880K)] 528073K->476105K(779776K), 0.0112992 secs] [Times: user=0.06 sys=0.00, real=0.01 secs]
2325.749: [GC [PSYoungGen: 52224K->256K(58880K)] 528073K->476105K(779776K), 0.0112992 secs] [Times: user=0.06 sys=0.00, real=0.01 secs]
2325.749: [GC [PSYoungGen: 52224K->256K(58880K)] 528073K->476105K(779776K), 0.0112992 secs] [Times: user=0.06 sys=0.00, real=0.01 secs]
2325.749: [GC [PSYoungGen: 52224K->256K(58880K)] 528073K->476105K(779776K), 0.0112992 secs] [Times: user=0.06 sys=0.00, real=0.01 secs]
2325.749: [GC [PSYoungGen: 52224K->256K(58880K)] 528073K->476105K(779776K), 0.0112992 secs] [Times: user=0.06 sys=0.00, real=0.01 secs]
2325.749: [GC [PSYoungGen: 52224K->256K(58880K)] 528073K->476105K(779776K), 0.0112992 secs] [Times: user=0.06 sys=0.00, real=0.01 secs]
2325.749: [GC [PSYoungGen: 52224K->256K(58880K)] 528073K->476105K(779776K), 0.0112992 secs] [Times: user=0.06 sys=0.00, real=0.01 secs]
2325.749: [GC [PSYoungGen: 52224K->256K(58880K)] 528073K->476105K(779776K), 0.0112992 secs] [Times: user=0.06 sys=0.00, real=0.01 secs]
2325.749: [GC [PSYoungGen: 52224K->256K(58880K)] 528073K->476105K(779776K), 0.0112992 secs] [Times: user=0.06 sys=0.00, real=0.01 secs]
2325.749: [GC [PSYoungGen: 52224K->256K(58880K)] 528073K->476105K(779776K), 0.0112992 secs] [Times: user=0.06 sys=0.00, real=0.01 secs]
2325.749: [GC [PSYoungGen: 52224K->256K(58880K)] 528073K->476105K(779776K), 0.0112992 secs] [Times: user=0.06 sys=0.00, real=0.01 secs]
2325.749: [GC [PSYoungGen: 52224K->256K(58880K)] 528073K->476105K(779776K), 0.0112992 secs] [Times: user=0.06 sys=0.00, real=0.01 secs]
2325.749: [GC [PSYoungGen: 52224K->256K(58880K)] 528073K->476105K(779776K), 0.0112992 secs] [Times: user=0.06 sys=0.00, real=0.01 secs]
2325.749: [GC [PSYoungGen: 52224K->256K(58880K)] 528073K->476105K(779776K), 0.0112992 secs] [Times: user=0.06 sys=0.00, real=0.01 secs]
2325.749: [GC [PSYoungGen: 52224K->256K(58880K)] 528073K->476105K(779776K), 0.0112992 secs] [Times: user=0.06 sys=0.00, real=0.01 secs]
2325.749: [GC [PSYoungGen: 52224K->256K(58880K)] 528073K->476105K(779776K), 0.0112992 secs] [Times: user=0.06 sys=0.00, real=0.01 secs]
2325.749: [GC [PSYoungGen: 52224K->256K(58880K)] 528073K->476105K(779776K), 0.0112992 secs] [Times: user=0.06 sys=0.00, real=0.01 secs]
2325.749: [GC [PSYoungGen: 52224K->256K(58880K)] 528073K->476105K(779776K), 0.0112992 secs] [Times: user=0.06 sys=0.00, real=0.01 secs]
2325.749: [GC [PSYoungGen: 52224K->256K(58880K)] 528073K->476105K(779776K), 0.0112992 secs] [Times: user=0.06 sys=0.00, real=0.01 secs]
2325.749: [GC [PSYoungGen: 52224K->256K(58880K)] 528073K->476105K(779776K), 0.0112992 secs] [Times: user=0.06 sys=0.00, real=0.01 secs]
2325.749: [GC [PSYoungGen: 52224K->256K(58880K)] 528073K->476105K(779776K), 0.0112992 secs] [Times: user=0.06 sys=0.00, real=0.01 secs]
2325.749: [GC [PSYoungGen: 52224K->256K(58880K)] 528073K->476105K(779776K), 0.0112992 secs] [Times: user=0.06 sys=0.00, real=0.01 secs]
2325.749: [GC [PSYoungGen: 52224K->256K(58880K)] 528073K->476105K(779776K), 0.0112992 secs] [Times: user=0.06 sys=0.00, real=0.01 secs]
2325.749: [GC [PSYoungGen: 52224K->256K(58880K)] 528073K->476105K(779776K), 0.0112992 secs] [Times: user=0.06 sys=0.00, real=0.01 secs]
2325.749: [GC [PSYoungGen: 52224K->256K(58880K)] 528073K->476105K(779776K), 0.0112992 secs] [Times: user=0.06 sys=0.00, real=0.01 secs]
2325.749: [GC [PSYoungGen: 52224K->256K(58880K)] 528073K->476105K(779776K), 0.0112992 secs] [Times: user=0.06 sys=0.00, real=0.01 secs]
2325.749: [GC [PSYoungGen: 52224K->256K(58880K)] 528073K->476105K(779776K), 0.0112992 secs] [Times: user=0.06 sys=0.00, real=0.01 secs]
2325.749: [GC [PSYoungGen: 52224K->256K(58880K)] 528073K->476105K(779776K), 0.0112992 secs] [Times: user=0.06 sys=0.00, real=0.01 secs]
2325.749: [GC [PSYoungGen: 52224K->256K(58880K)] 528073K->476105K(779776K), 0.0112992 secs] [Times: user=0.06 sys=0.00, real=0.01 secs]
2325.749: [GC [PSYoungGen: 52224K->256K(58880K)] 528073K->476105K(779776K), 0.0112992 secs] [Times: user=0.06 sys=0.00, real=0.01 secs]
2325.749: [GC [PSYoungGen: 52224K->256K(58880K)] 528073K->476105K(779776K), 0.0112992 secs] [Times: user=0.06 sys=0.00, real=0.01 secs]
2325.749: [GC [PSYoungGen: 52224K->256K(58880K)] 528073K->476105K(779776K), 0.0112992 secs] [Times: user=0.06 sys=0.00, real=0.01 secs]
2325.749: [GC [PSYoungGen: 52224K->256K(58880K)] 528073K->476105K(779776K), 0.0112992 secs] [Times: user=0.06 sys=0.00, real=0.01 secs]
2325.749: [GC [PSYoungGen: 52224K->256K(58880K)] 528073K->476105K(779776K), 0.0112992 secs] [Times: user=0.06 sys=0.00, real=0.01 secs]
2325.749: [GC [PSYoungGen: 52224K->256K(58880K)] 528073K->476105K(779776K), 0.0112992 secs] [Times: user=0.06 sys=0.00, real=0.01 secs]
2325.749: [GC [PSYoungGen: 52224K->256K(58880K)] 528073K->476105K(779776K), 0.0112992 secs] [Times: user=0.06 sys=0.00, real=0.01 secs]
2325.749: [GC [PSYoungGen: 52224K->256K(58880K)] 528073K->476105K(779776K), 0.0112992 secs] [Times: user=0.06 sys=0.00, real=0.01 secs]
2325.749: [GC [PSYoungGen: 52224K->256K(58880K)] 528073K->476105K(779776K), 0.0112992 secs] [Times: user=0.06 sys=0.00, real=0.01 secs]
2325.749: [GC [PSYoungGen: 52224K->256K(58880K)] 528073K->476105K(779776K), 0.0112992 secs] [Times: user=0.06 sys=0.00, real=0.01 secs]
2325.749: [GC [PSYoungGen: 52224K->256K(58880K)] 528073K->476105K(779776K), 0.0112992 secs] [Times: user=0.06 sys=0.00, real=0.01 secs]
2325.749: [GC [PSYoungGen: 52224K->256K(58880K)] 528073K->476105K(779776K), 0.0112992 secs] [Times: user=0.06 sys=0.00, real=0.01 secs]
2325.749: [GC [PSYoungGen: 52224K->256K(58880K)] 528073K->476105K(779776K), 0.0112992 secs] [Times: user=0.06 sys=0.00, real=0.01 secs]
2325.749: [GC [PSYoungGen: 52224K->256K(58880K)] 528073K->476105K(779776K), 0.0112992 secs] [Times: user=0.06 sys=0.00, real=0.01 secs]
2325.749: [GC [PSYoungGen: 52224K->256K(58880K)] 528073K->476105K(779776K), 0.0112992 secs] [Times: user=0.06 sys=0.00, real=0.01 secs]
2325.749: [GC [PSYoungGen: 52224K->256K(58880K)] 528073K->476105K(779776K), 0.0112992 secs] [Times: user=0.06 sys=0.00, real=0.01 secs]
2325.749: [GC [PSYoungGen: 52224K->256K(58880K)] 528073K->476105K(779776K), 0.0112992 secs] [Times: user=0.06 sys=0.00, real=0.01 secs]
2325.749: [GC [PSYoungGen: 52224K->256K(58880K)] 528073K->476105K(779776K), 0.0112992 secs] [Times: user=0.06 sys=0.00, real=0.01 secs]
2325.749: [GC [PSYoungGen: 52224K->256K(58880K)] 528073K->476105K(779776K), 0.0112992 secs] [Times: user=0.06 sys=0.00, real=0.01 secs]
2325.749: [GC [PSYoungGen: 52224K->256K(58880K)] 528073K->476105K(779776K), 0.0112992 secs] [Times: user=0.06 sys=0.00, real=0.01 secs]
2325.749: [GC [PSYoungGen: 52224K->256K(58880K)] 528073K->476105K(779776K), 0.0112992 secs] [Times: user=0.06 sys=0.00, real=0.01 secs]
2325.749: [GC [PSYoungGen: 52224K->256K(58880K)] 528073K->476105K(779776K), 0.0112992 secs] [Times: user=0.06 sys=0.00, real=0.01 secs]
2325.749: [GC [PSYoungGen: 52224K->256K(58880K)] 528073K->476105K(779776K), 0.0112992 secs] [Times: user=0.06 sys=0.00, real=0.01 secs]
2325.749: [GC [PSYoungGen: 52224K->256K(58880K)] 528073K->476105K(779776K), 0.0112992 secs] [Times: user=0.06 sys=0.00, real=0.01 secs]
2325.749: [GC [PSYoungGen: 52224K->256K(58880K)] 528073K->476105K(779776K), 0.0112992 secs] [Times: user=0.06 sys=0.00, real=0.01 secs]
2325.749: [GC [PSYoungGen: 52224K->256K(58880K)] 528073K->476105K(779776K), 0.0112992 secs] [Times: user=0.06 sys=0.00, real=0.01 secs]
2325.749: [GC [PSYoungGen: 52224K->256K(58880K)] 528073K->476105K(779776K), 0.0112992 secs] [Times: user=0.06 sys=0.00, real=0.01 secs]
2325.749: [GC [PSYoungGen: 52224K->256K(58880K)] 528073K->476105K(779776K), 0.0112992 secs] [Times: user=0.06 sys=0.00, real=0.01 secs]
2325.749: [GC [PSYoungGen: 52224K->256K(58880K)] 528073K->476105K(779776K), 0.0112992 secs] [Times: user=0.06 sys=0.00, real=0.01 secs]
2325.749: [GC [PSYoungGen: 52224K->256K(58880K)] 528073K->476105K(779776K), 0.0112992 secs] [Times: user=0.06 sys=0.00, real=0.01 secs]
2325.749: [GC [PSYoungGen: 52224K->256K(58880K)] 528073K->476105K(779776K), 0.0112992 secs] [Times: user=0.06 sys=0.00, real=0.01 secs]
2325.749: [GC [PSYoungGen: 52224K->256K(58880K)] 528073K->476105K(779776K), 0.0112992 secs] [Times: user=0.06 sys=0.00, real=0.01 secs]
2325.749: [GC [PSYoungGen: 52224K->256K(58880K)] 528073K->476105K(779776K), 0.0112992 secs] [Times: user=0.06 sys=0.00, real=0.01 secs]
2325.749: [GC [PSYoungGen: 52224K->256K(58880K)] 528073K->476105K(779776K), 0.0112992 secs] [Times: user=0.06 sys=0.00, real=0.01 secs]
2325.749: [GC [PSYoungGen: 52224K->256K(58880K)] 528073K->476105K(779776K), 0.0112992 secs] [Times: user=0.06 sys=0.00, real=0.01 secs]
2325.749: [GC [PSYoungGen: 52224K->256K(58880K)] 528073K->476105K(779776K), 0.0112992 secs] [Times: user=0.06 sys=0.00, real=0.01 secs]
2325.749: [GC [PSYoungGen: 52224K->256K(58880K)] 528073K->476105K(779776K), 0.0112992 secs] [Times: user=0.06 sys=0.00, real=0.01 secs]
2325.749: [GC [PSYoungGen: 52224K->256K(58880K)] 528073K->476105K(779776K), 0.0112992 secs] [Times: user=0.06 sys=0.00, real=0.01 secs]
2325.749: [GC [PSYoungGen: 52224K->256K(58880K)] 528073K->476105K(779776K), 0.0112992 secs] [Times: user=0.06 sys=0.00, real=0.01 secs]
2325.749: [GC [PSYoungGen: 52224K->256K(58880K)] 528073K->476105K(779776K), 0.0112992 secs] [Times: user=0.06 sys=0.00, real=0.01 secs]
2325.749: [GC [PSYoungGen: 52224K->256K(58880K)] 528073K->476105K(779776K), 0.0112992 secs] [Times: user=0.06 sys=0.00, real=0.01 secs]
2325.749: [GC [PSYoungGen: 52224K->256K(58880K)] 528073K->476105K(779776K), 0.0112992 secs] [Times: user=0.06 sys=0.00, real=0.01 secs]
2325.749: [GC [PSYoungGen: 52224K->256K(58880K)] 528073K->476105K(779776K), 0.0112992 secs] [Times: user=0.06 sys=0.00, real=0.01 secs]
2325.749: [GC [PSYoungGen: 52224K->256K(58880K)] 528073K->476105K(779776K), 0.0112992 secs] [Times: user=0.06 sys=0.00, real=0.01 secs]
2325.749: [GC [PSYoungGen: 52224K->256K(58880K)] 528073K->476105K(779776K), 0.0112992 secs] [Times: user=0.06 sys=0.00, real=0.01 secs]
2325.749: [GC [PSYoungGen: 52224K->256K(58880K)] 528073K->476105K(779776K), 0.0112992 secs] [Times: user=0.06 sys=0.00, real=0.01 secs]
2325.749: [GC [PSYoungGen: 52224K->256K(58880K)] 528073K->476105K(779776K), 0.0112992 secs] [Times: user=0.06 sys=0.00, real=0.01 secs]
2325.749: [GC [PSYoungGen: 52224K->256K(58880K)] 528073K->476105K(779776K), 0.0112992 secs] [Times: user=0.06 sys=0.00, real=0.01 secs]
2325.749: [GC [PSYoungGen: 52224K->256K(58880K)] 528073K->476105K(779776K), 0.0112992 secs] [Times: user=0.06 sys=0.00, real=0.01 secs]
2325.749: [GC [PSYoungGen: 52224K->256K(58880K)] 528073K->476105K(779776K), 0.0112992 secs] [Times: user=0.06 sys=0.00, real=0.01 secs]
2325.749: [GC [PSYoungGen: 52224K->256K(58880K)] 528073K->476105K(779776K), 0.0112992 secs] [Times: user=0.06 sys=0.00, real=0.01 secs]
2325.749: [GC [PSYoungGen: 52224K->256K(58880K)] 528073K->476105K(779776K), 0.0112992 secs] [Times: user=0.06 sys=0.00, real=0.01 secs]
2325.749: [GC [PSYoungGen: 52224K->256K(58880K)] 528073K->476105K(779776K), 0.0112992 secs] [Times: user=0.06 sys=0.00, real=0.01 secs]
2325.749: [GC [PSYoungGen: 52224K->256K(58880K)] 528073K->476105K(779776K), 0.0112992 secs] [Times: user=0.06 sys=0.00, real=0.01 secs]
2325.749: [GC [PSYoungGen: 52224K->256K(58880K)] 528073K->476105K(779776K), 0.0112992 secs] [Times: user=0.06 sys=0.00, real=0.01 secs]
2325.749: [GC [PSYoungGen: 52224K->256K(58880K)] 528073K->476105K(779776K), 0.0112992 secs] [Times: user=0.06 sys=0.00, real=0.01 secs]
2325.749: [GC [PSYoungGen: 52224K->256K(58880K)] 528073K->476105K(779776K), 0.0112992 secs] [Times: user=0.06 sys=0.00, real=0.01 secs]
2325.749: [GC [PSYoungGen: 52224K->256K(58880K)] 528073K->476105K(779776K), 0.0112992 secs] [Times: user=0.06 sys=0.00, real=0.01 secs]
2325.749: [GC [PSYoungGen: 52224K->256K(58880K)] 528073K->476105K(779776K), 0.0112992 secs] [Times: user=0.06 sys=0.00, real=0.01 secs]
2325.749: [GC [PSYoungGen: 52224K->256K(58880K)] 528073K->476105K(779776K), 0.0112992 secs] [Times: user=0.06 sys=0.00, real=0.01 secs]
2325.749: [GC [PSYoungGen: 52224K->256K(58880K)] 528073K->476105K(779776K), 0.0112992 secs] [Times: user=0.06 sys=0.00, real=0.01 secs]
2325.749: [GC [PSYoungGen: 52224K->256K(58880K)] 528073K->476105K(779776K), 0.0112992 secs] [Times: user=0.06 sys=0.00, real=0.01 secs]
2325.749: [GC [PSYoungGen: 52224K->256K(58880K)] 528073K->476105K(779776K), 0.0112992 secs] [Times: user=0.06 sys=0.00, real=0.01 secs]
2325.749: [GC [PSYoungGen: 52224K->256K(58880K)] 528073K->476105K(779776K), 0.0112992 secs] [Times: user=0.06 sys=0.00, real=0.01 secs]
2325.749: [GC [PSYoungGen: 52224K->256K(58880K)] 528073K->476105K(779776K), 0.0112992 secs] [Times: user=0.06 sys=0.00, real=0.01 secs]
2325.749: [GC [PSYoungGen: 52224K->256K(58880K)] 528073K->476105K(779776K), 0.0112992 secs] [Times: user=0.06 sys=0.00, real=0.01 secs]
2325.749: [GC [PSYoungGen: 52224K->256K(58880K)] 528073K->476105K(779776K), 0.0112992 secs] [Times: user=0.06 sys=0.00, real=0.01 secs]
2325.749: [GC [PSYoungGen: 52224K->256K(58880K)] 528073K->476105K(779776K), 0.0112992 secs] [Times: user=0.06 sys=0.00, real=0.01 secs]
2325.749: [GC [PSYoungGen: 52224K->256K(58880K)] 528073K->476105K(779776K), 0.0112992 secs] [Times: user=0.06 sys=0.00, real=0.01 secs]
2325.749: [GC [PSYoungGen: 52224K->256K(58880K)] 528073K->476105K(779776K), 0.0112992 secs] [Times: user=0.06 sys=0.00, real=0.01 secs]
2325.749: [GC [PSYoungGen: 52224K->256K(58880K)] 528073K->476105K(779776K), 0.0112992 secs] [Times: user=0.06 sys=0.00, real=0.01 secs]
2325.749: [GC [PSYoungGen: 52224K->256K(58880K)] 528073K->476105K(779776K), 0.0112992 secs] [Times: user=0.06 sys=0.00, real=0.01 secs]
2325.749: [GC [PSYoungGen: 52224K->256K(58880K)] 528073K->476105K(779776K), 0.0112992 secs] [Times: user=0.06 sys=0.00, real=0.01 secs]
2325.749: [GC [PSYoungGen: 52224K->256K(58880K)] 528073K->476105K(779776K), 0.0112992 secs] [Times: user=0.06 sys=0.00, real=0.01 secs]
2325.749: [GC [PSYoungGen: 52224K->256K(58880K)] 528073K->476105K(779776K), 0.0112992 secs] [Times: user=0.06 sys=0.00, real=0.01 secs]
2325.749: [GC [PSYoungGen: 52224K->256K(58880K)] 528073K->476105K(779776K), 0.0112992 secs] [Times: user=0.06 sys=0.00, real=0.01 secs]
2325.749: [GC [PSYoungGen: 52224K->256K(58880K)] 528073K->476105K(779776K), 0.0112992 secs] [Times: user=0.06 sys=0.00, real=0.01 secs]
2325.749: [GC [PSYoungGen: 52224K->256K(58880K)] 528073K->476105K(779776K), 0.0112992 secs] [Times: user=0.06 sys=0.00, real=0.01 secs]
2325.749: [GC [PSYoungGen: 52224K->256K(58880K)] 528073K->476105K(779776K), 0.0112992 secs] [Times: user=0.06 sys=0.00, real=0.01 secs]
2325.749: [GC [PSYoungGen: 52224K->256K(58880K)] 528073K->476105K(779776K), 0.0112992 secs] [Times: user=0.06 sys=0.00, real=0.01 secs]
2325.749: [GC [PSYoungGen: 52224K->256K(58880K)] 528073K->476105K(779776K), 0.0112992 secs] [Times: user=0.06 sys=0.00, real=0.01 secs]
2325.749: [GC [PSYoungGen: 52224K->256K(58880K)] 528073K->476105K(779776K), 0.0112992 secs] [Times: user=0.06 sys=0.00, real=0.01 secs]
2325.749: [GC [PSYoungGen: 52224K->256K(58880K)] 528073K->476105K(779776K), 0.0112992 secs] [Times: user=0.06 sys=0.00, real=0.01 secs]
2325.749: [GC [PSYoungGen: 52224K->256K(58880K)] 528073K->476105K(779776K), 0.0112992 secs] [Times: user=0.06 sys=0.00, real=0.01 secs]
2325.749: [GC [PSYoungGen: 52224K->256K(58880K)] 528073K->476105K(779776K), 0.0112992 secs] [Times: user=0.06 sys=0.00, real=0.01 secs]
2325.749: [GC [PSYoungGen: 52224K->256K(58880K)] 528073K->476105K(779776K), 0.0112992 secs] [Times: user=0.06 sys=0.00, real=0.01 secs]
2325.749: [GC [PSYoungGen: 52224K->256K(58880K)] 528073K->476105K(779776K), 0.0112992 secs] [Times: user=0.06 sys=0.00, real=0.01 secs]
2325.749: [GC [PSYoungGen: 52224K->256K(58880K)] 528073K->476105K(779776K), 0.0112992 secs] [Times: user=0.06 sys=0.00, real=0.01 secs]
2325.749: [GC [PSYoungGen: 52224K->256K(58880K)] 528073K->476105K(779776K), 0.0112992 secs] [Times: user=0.06 sys=0.00, real=0.01 secs]
2325.749: [GC [PSYoungGen: 52224K->256K(58880K)] 528073K->476105K(779776K), 0.0112992 secs] [Times: user=0.06 sys=0.00, real=0.01 secs]
2325.749: [GC [PSYoungGen: 52224K->256K(58880K)] 528073K->476105K(779776K), 0.0112992 secs] [Times: user=0.06 sys=0.00, real=0.01 secs]
2325.749: [GC [PSYoungGen: 52224K->256K(58880K)] 528073K->476105K(779776K), 0.0112992 secs] [Times: user=0.06 sys=0.00, real=0.01 secs]
2325.749: [GC [PSYoungGen: 52224K->256K(58880K)] 528073K->476105K(779776K), 0.0112992 secs] [Times: user=0.06 sys=0.00, real=0.01 secs]
2325.749: [GC [PSYoungGen: 52224K->256K(58880K)] 528073K->476105K(779776K), 0.0112992 secs] [Times: user=0.06 sys=0.00, real=0.01 secs]
2325.749: [GC [PSYoungGen: 52224K->256K(58880K)] 528073K->476105K(779776K), 0.0112992 secs] [Times: user=0.06 sys=0.00, real=0.01 secs]
2325.749: [GC [PSYoungGen: 52224K->256K(58880K)] 528073K->476105K(779776K), 0.0112992 secs] [Times: user=0.06 sys=0.00, real=0.01 secs]
2325.749: [GC [PSYoungGen: 52224K->256K(58880K)] 528073K->476105K(779776K), 0.0112992 secs] [Times: user=0.06 sys=0.00, real=0.01 secs]
2325.749: [GC [PSYoungGen: 52224K->256K(58880K)] 528073K->476105K(779776K), 0.0112992 secs] [Times: user=0.06 sys=0.00, real=0.01 secs]
2325.749: [GC [PSYoungGen: 52224K->256K(58880K)] 528073K->476105K(779776K), 0.0112992 secs] [Times: user=0.06 sys=0.00, real=0.01 secs]
2325.749: [GC [PSYoungGen: 52224K->256K(58880K)] 528073K->476105K(779776K), 0.0112992 secs] [Times: user=0.06 sys=0.00, real=0.01 secs]
2325.749: [GC [PSYoungGen: 52224K->256K(58880K)] 528073K->476105K(779776K), 0.0112992 secs] [Times: user=0.06 sys=0.00, real=0.01 secs]
2325.749: [GC [PSYoungGen: 52224K->256K(58880K)] 528073K->476105K(779776K), 0.0112992 secs] [Times: user=0.06 sys=0.00, real=0.01 secs]
2325.749: [GC [PSYoungGen: 52224K->256K(58880K)] 528073K->476105K(779776K), 0.0112992 secs] [Times: user=0.06 sys=0.00, real=0.01 secs]
2325.749: [GC [PSYoungGen: 52224K->256K(58880K)] 528073K->476105K(779776K), 0.0112992 secs] [Times: user=0.06 sys=0.00, real=0.01 secs]
2325.749: [GC [PSYoungGen: 52224K->256K(58880K)] 528073K->476105K(779776K), 0.0112992 secs] [Times: user=0.06 sys=0.00, real=0.01 secs]
2325.749: [GC [PSYoungGen: 52224K->256K(58880K)] 528073K->476105K(779776K), 0.0112992 secs] [Times: user=0.06 sys=0.00, real=0.01 secs]
2325.749: [GC [PSYoungGen: 52224K->256K(58880K)] 528073K->476105K(779776K), 0.0112992 secs] [Times: user=0.06 sys=0.00, real=0.01 secs]
2325.749: [GC [PSYoungGen: 52224K->256K(58880K)] 528073K->476105K(779776K), 0.0112992 secs] [Times: user=0.06 sys=0.00, real=0.01 secs]
2325.749: [GC [PSYoungGen: 52224K->256K(58880K)] 528073K->476105K(779776K), 0.0112992 secs] [Times: user=0.06 sys=0.00, real=0.01 secs]
2325.749: [GC [PSYoungGen: 52224K->256K(58880K)] 528073K->476105K(779776K), 0.0112992 secs] [Times: user=0.06 sys=0.00, real=0.01 secs]
2325.749: [GC [PSYoungGen: 52224K->256K(58880K)] 528073K->476105K(779776K), 0.0112992 secs] [Times: user=0.06 sys=0.00, real=0.01 secs]
2325.749: [GC [PSYoungGen: 52224K->256K(58880K)] 528073K->476105K(779776K), 0.0112992 secs] [Times: user=0.06 sys=0.00, real=0.01 secs]
2325.749: [GC [PSYoungGen: 52224K->256K(58880K)] 528073K->476105K(779776K), 0.0112992 secs] [Times: user=0.06 sys=0.00, real=0.01 secs]
2325.749: [GC [PSYoungGen: 52224K->256K(58880K)] 528073K->476105K(779776K), 0.0112992 secs] [Times: user=0.06 sys=0.00, real=0.01 secs]
2325.749: [GC [PSYoungGen: 52224K->256K(58880K)] 528073K->476105K(779776K), 0.0112992 secs] [Times: user=0.06 sys=0.00, real=0.01 secs]
2325.749: [GC [PSYoungGen: 52224K->256K(58880K)] 528073K->476105K(779776K), 0.0112992 secs] [Times: user=0.06 sys=0.00, real=0.01 secs]
2325.749: [GC [PSYoungGen: 52224K->256K(58880K)] 528073K->476105K(779776K), 0.0112992 secs] [Times: user=0.06 sys=0.00, real=0.01 secs]
2325.749: [GC [PSYoungGen: 52224K->256K(58880K)] 528073K->476105K(779776K), 0.0112992 secs] [Times: user=0.06 sys=0.00, real=0.01 secs]
2325.749: [GC [PSYoungGen: 52224K->256K(58880K)] 528073K->476105K(779776K), 0.0112992 secs] [Times: user=0.06 sys=0.00, real=0.01 secs]
2325.749: [GC [PSYoungGen: 52224K->256K(58880K)] 528073K->476105K(779776K), 0.0112992 secs] [Times: user=0.06 sys=0.00, real=0.01 secs]
2325.749: [GC [PSYoungGen: 52224K->256K(58880K)] 528073K->476105K(779776K), 0.0112992 secs] [Times: user=0.06 sys=0.00, real=0.01 secs]
2325.749: [GC [PSYoungGen: 52224K->256K(58880K)] 528073K->476105K(779776K), 0.0112992 secs] [Times: user=0.06 sys=0.00, real=0.01 secs]
2325.749: [GC [PSYoungGen: 52224K->256K(58880K)] 528073K->476105K(779776K), 0.0112992 secs] [Times: user=0.06 sys=0.00, real=0.01 secs]
2325.749: [GC [PSYoungGen: 52224K->256K(58880K)] 528073K->476105K(779776K), 0.0112992 secs] [Times: user=0.06 sys=0.00, real=0.01 secs]
2325.749: [GC [PSYoungGen: 52224K->256K(58880K)] 528073K->476105K(779776K), 0.0112992 secs] [Times: user=0.06 sys=0.00, real=0.01 secs]
2325.749: [GC [PSYoungGen: 52224K->256K(58880K)] 528073K->476105K(779776K), 0.0112992 secs] [Times: user=0.06 sys=0.00, real=0.01 secs]
2325.749: [GC [PSYoungGen: 52224K->256K(58880K)] 528073K->476105K(779776K), 0.0112992 secs] [Times: user=0.06 sys=0.00, real=0.01 secs]
2325.749: [GC [PSYoungGen: 52224K->256K(58880K)] 528073K->476105K(779776K), 0.0112992 secs] [Times: user=0.06 sys=0.00, real=0.01 secs]
2325.749: [GC [PSYoungGen: 52224K->256K(58880K)] 528073K->476105K(779776K), 0.0112992 secs] [Times: user=0.06 sys=0.00, real=0.01 secs]
2325.749: [GC [PSYoungGen: 52224K->256K(58880K)] 528073K->476105K(779776K), 0.0112992 secs] [Times: user=0.06 sys=0.00, real=0.01 secs]
2325.749: [GC [PSYoungGen: 52224K->256K(58880K)] 528073K->476105K(779776K), 0.0112992 secs] [Times: user=0.06 sys=0.00, real=0.01 secs]
2325.749: [GC [PSYoungGen: 52224K->256K(58880K)] 528073K->476105K(779776K), 0.0112992 secs] [Times: user=0.06 sys=0.00, real=0.01 secs]
2325.749: [GC [PSYoungGen: 52224K->256K(58880K)] 528073K->476105K(779776K), 0.0112992 secs] [Times: user=0.06 sys=0.00, real=0.01 secs]
2325.749: [GC [PSYoungGen: 52224K->256K(58880K)] 528073K->476105K(779776K), 0.0112992 secs] [Times: user=0.06 sys=0.00, real=0.01 secs]
2325.749: [GC [PSYoungGen: 52224K->256K(58880K)] 528073K->476105K(779776K), 0.0112992 secs] [Times: user=0.06 sys=0.00, real=0.01 secs]
2325.749: [GC [PSYoungGen: 52224K->256K(58880K)] 528073K->476105K(779776K), 0.0112992 secs] [Times: user=0.06 sys=0.00, real=0.01 secs]
2325.749: [GC [PSYoungGen: 52224K->256K(58880K)] 528073K->476105K(779776K), 0.0112992 secs] [Times: user=0.06 sys=0.00, real=0.01 secs]
2325.749: [GC [PSYoungGen: 52224K->256K(58880K)] 528073K->476105K(779776K), 0.0112992 secs] [Times: user=0.06 sys=0.00, real=0.01 secs]
2325.749: [GC [PSYoungGen: 52224K->256K(58880K)] 528073K->476105K(779776K), 0.0112992 secs] [Times: user=0.06 sys=0.00, real=0.01 secs]
2325.749: [GC [PSYoungGen: 52224K->256K(58880K)] 528073K->476105K(779776K), 0.0112992 secs] [Times: user=0.06 sys=0.00, real=0.01 secs]
2325.749: [GC [PSYoungGen: 52224K->256K(58880K)] 528073K->476105K(779776K), 0.0112992 secs] [Times: user=0.06 sys=0.00, real=0.01 secs]
2325.749: [GC [PSYoungGen: 52224K->256K(58880K)] 528073K->476105K(779776K), 0.0112992 secs] [Times: user=0.06 sys=0.00, real=0.01 secs]
2325.749: [GC [PSYoungGen: 52224K->256K(58880K)] 528073K->476105K(779776K), 0.0112992 secs] [Times: user=0.06 sys=0.00, real=0.01 secs]
2325.749: [GC [PSYoungGen: 52224K->256K(58880K)] 528073K->476105K(779776K), 0.0112992 secs] [Times: user=0.06 sys=0.00, real=0.01 secs]
2325.749: [GC [PSYoungGen: 52224K->256K(58880K)] 528073K->476105K(779776K), 0.0112992 secs] [Times: user=0.06 sys=0.00, real=0.01 secs]
2325.749: [GC [PSYoungGen: 52224K->256K(58880K)] 528073K->476105K(779776K), 0.0112992 secs] [Times: user=0.06 sys=0.00, real=0.01 secs]
2325.749: [GC [PSYoungGen: 52224K->256K(58880K)] 528073K->476105K(779776K), 0.0112992 secs] [Times: user=0.06 sys=0.00, real=0.01 secs]
2325.749: [GC [PSYoungGen: 52224K->256K(58880K)] 528073K->476105K(779776K), 0.0112992 secs] [Times: user=0.06 sys=0.00, real=0.01 secs]
2325.749: [GC [PSYoungGen: 52224K->256K(58880K)] 528073K->476105K(779776K), 0.0112992 secs] [Times: user=0.06 sys=0.00, real=0.01 secs]
2325.749: [GC [PSYoungGen: 52224K->256K(58880K)] 528073K->476105K(779776K), 0.0112992 secs] [Times: user=0.06 sys=0.00, real=0.01 secs]
2325.749: [GC [PSYoungGen: 52224K->256K(58880K)] 528073K->476105K(779776K), 0.0112992 secs] [Times: user=0.06 sys=0.00, real=0.01 secs]
2325.749: [GC [PSYoungGen: 52224K->256K(58880K)] 528073K->476105K(779776K), 0.0112992 secs] [Times: user=0.06 sys=0.00, real=0.01 secs]
2325.749: [GC [PSYoungGen: 52224K->256K(58880K)] 528073K->476105K(779776K), 0.0112992 secs] [Times: user=0.06 sys=0.00, real=0.01 secs]
2325.749: [GC [PSYoungGen: 52224K->256K(58880K)] 528073K->476105K(779776K), 0.0112992 secs] [Times: user=0.06 sys=0.00, real=0.01 secs]
2325.749: [GC [PSYoungGen: 52224K->256K(58880K)] 528073K->476105K(779776K), 0.0112992 secs] [Times: user=0.06 sys=0.00, real=0.01 secs]
2325.749: [GC [PSYoungGen: 52224K->256K(58880K)] 528073K->476105K(779776K), 0.0112992 secs] [Times: user=0.06 sys=0.00, real=0.01 secs]
2325.749: [GC [PSYoungGen: 52224K->256K(58880K)] 528073K->476105K(779776K), 0.0112992 secs] [Times: user=0.06 sys=0.00, real=0.01 secs]
2325.749: [GC [PSYoungGen: 52224K->256K(58880K)] 528073K->476105K(779776K), 0.0112992 secs] [Times: user=0.06 sys=0.00, real=0.01 secs]
2325.749: [GC [PSYoungGen: 52224K->256K(58880K)] 528073K->476105K(779776K), 0.0112992 secs] [Times: user=0.06 sys=0.00, real=0.01 secs]
2325.749: [GC [PSYoungGen: 52224K->256K(58880K)] 528073K->476105K(779776K), 0.0112992 secs] [Times: user=0.06 sys=0.00, real=0.01 secs]
2325.749: [GC [PSYoungGen: 52224K->256K(58880K)] 528073K->476105K(779776K), 0.0112992 secs] [Times: user=0.06 sys=0.00, real=0.01 secs]
2325.749: [GC [PSYoungGen: 52224K->256K(58880K)] 528073K->476105K(779776K), 0.0112992 secs] [Times: user=0.06 sys=0.00, real=0.01 secs]
2325.749: [GC [PSYoungGen: 52224K->256K(58880K)] 528073K->476105K(779776K), 0.0112992 secs] [Times: user=0.06 sys=0.00, real=0.01 secs]
2325.749: [GC [PSYoungGen: 52224K->256K(58880K)] 528073K->476105K(779776K), 0.0112992 secs] [Times: user=0.06 sys=0.00, real=0.01 secs]
2325.749: [GC [PSYoungGen: 52224K->256K(58880K)] 528073K->476105K(779776K), 0.0112992 secs] [Times: user=0.06 sys=0.00, real=0.01 secs]
2325.749: [GC [PSYoungGen: 52224K->256K(58880K)] 528073K->476105K(779776K), 0.0112992 secs] [Times: user=0.06 sys=0.00, real=0.01 secs]
2325.749: [GC [PSYoungGen: 52224K->256K(58880K)] 528073K->476105K(779776K), 0.0112992 secs] [Times: user=0.06 sys=0.00, real=0.01 secs]
2325.749: [GC [PSYoungGen: 52224K->256K(58880K)] 528073K->476105K(779776K), 0.0112992 secs] [Times: user=0.06 sys=0.00, real=0.01 secs]
2325.749: [GC [PSYoungGen: 52224K->256K(58880K)] 528073K->476105K(779776K), 0.0112992 secs] [Times: user=0.06 sys=0.00, real=0.01 secs]
2325.749: [GC [PSYoungGen: 52224K->256K(58880K)] 528073K->476105K(779776K), 0.0112992 secs] [Times: user=0.06 sys=0.00, real=0.01 secs]
2325.749: [GC [PSYoungGen: 52224K->256K(58880K)] 528073K->476105K(779776K), 0.0112992 secs] [Times: user=0.06 sys=0.00, real=0.01 secs]
2325.749: [GC [PSYoungGen: 52224K->256K(58880K)] 528073K->476105K(779776K), 0.0112992 secs] [Times: user=0.06 sys=0.00, real=0.01 secs]
2325.749: [GC [PSYoungGen: 52224K->256K(58880K)] 528073K->476105K(779776K), 0.0112992 secs] [Times: user=0.06 sys=0.00, real=0.01 secs]
2325.749: [GC [PSYoungGen: 52224K->256K(58880K)] 528073K->476105K(779776K), 0.0112992 secs] [Times: user=0.06 sys=0.00, real=0.01 secs]
2325.749: [GC [PSYoungGen: 52224K->256K(58880K)] 528073K->476105K(779776K), 0.0112992 secs] [Times: user=0.06 sys=0.00, real=0.01 secs]
2325.749: [GC [PSYoungGen: 52224K->256K(58880K)] 528073K->476105K(779776K), 0.0112992 secs] [Times: user=0.06 sys=0.00, real=0.01 secs]
2325.749: [GC [PSYoungGen: 52224K->256K(58880K)] 528073K->476105K(779776K), 0.0112992 secs] [Times: user=0.06 sys=0.00, real=0.01 secs]
2325.749: [GC [PSYoungGen: 52224K->256K(58880K)] 528073K->476105K(779776K), 0.0112992 secs] [Times: user=0.06 sys=0.00, real=0.01 secs]
2325.749: [GC [PSYoungGen: 52224K->256K(58880K)] 528073K->476105K(779776K), 0.0112992 secs] [Times: user=0.06 sys=0.00, real=0.01 secs]
2325.749: [GC [PSYoungGen: 52224K->256K(58880K)] 528073K->476105K(779776K), 0.0112992 secs] [Times: user=0.06 sys=0.00, real=0.01 secs]
2325.749: [GC [PSYoungGen: 52224K->256K(58880K)] 528073K->476105K(779776K), 0.0112992 secs] [Times: user=0.06 sys=0.00, real=0.01 secs]
2325.749: [GC [PSYoungGen: 52224K->256K(58880K)] 528073K->476105K(779776K), 0.0112992 secs] [Times: user=0.06 sys=0.00, real=0.01 secs]
2325.749: [GC [PSYoungGen: 52224K->256K(58880K)] 528073K->476105K(779776K), 0.0112992 secs] [Times: user=0.06 sys=0.00, real=0.01 secs]
2325.749: [GC [PSYoungGen: 52224K->256K(58880K)] 528073K->476105K(779776K), 0.0112992 secs] [Times: user=0.06 sys=0.00, real=0.01 secs]
2325.749: [GC [PSYoungGen: 52224K->256K(58880K)] 528073K->476105K(779776K), 0.0112992 secs] [Times: user=0.06 sys=0.00, real=0.01 secs]
2325.749: [GC [PSYoungGen: 52224K->256K(58880K)] 528073K->476105K(779776K), 0.0112992 secs] [Times: user=0.06 sys=0.00, real=0.01 secs]
2325.749: [GC [PSYoungGen: 52224K->256K(58880K)] 528073K->476105K(779776K), 0.0112992 secs] [Times: user=0.06 sys=0.00, real=0.01 secs]
2325.749: [GC [PSYoungGen: 52224K->256K(58880K)] 528073K->476105K(779776K), 0.0112992 secs] [Times: user=0.06 sys=0.00, real=0.01 secs]
2325.749: [GC [PSYoungGen: 52224K->256K(58880K)] 528073K->476105K(779776K), 0.0112992 secs] [Times: user=0.06 sys=0.00, real=0.01 secs]
2325.749: [GC [PSYoungGen: 52224K->256K(58880K)] 528073K->476105K(779776K), 0.0112992 secs] [Times: user=0.06 sys=0.00, real=0.01 secs]
2325.749: [GC [PSYoungGen: 52224K->256K(58880K)] 528073K->476105K(779776K), 0.0112992 secs] [Times: user=0.06 sys=0.00, real=0.01 secs]
2325.749: [GC [PSYoungGen: 52224K->256K(58880K)] 528073K->476105K(779776K), 0.0112992 secs] [Times: user=0.06 sys=0.00, real=0.01 secs]
2325.749: [GC [PSYoungGen: 52224K->256K(58880K)] 528073K->476105K(779776K), 0.0112992 secs] [Times: user=0.06 sys=0.00, real=0.01 secs]
2325.749: [GC [PSYoungGen: 52224K->256K(58880K)] 528073K->476105K(779776K), 0.0112992 secs] [Times: user=0.06 sys=0.00, real=0.01 secs]
2325.749: [GC [PSYoungGen: 52224K->256K(58880K)] 528073K->476105K(779776K), 0.0112992 secs] [Times: user=0.06 sys=0.00, real=0.01 secs]
2325.749: [GC [PSYoungGen: 52224K->256K(58880K)] 528073K->476105K(779776K), 0.0112992 secs] [Times: user=0.06 sys=0.00, real=0.01 secs]
2325.749: [GC [PSYoungGen: 52224K->256K(58880K)] 528073K->476105K(779776K), 0.0112992 secs] [Times: user=0.06 sys=0.00, real=0.01 secs]
2325.749: [GC [PSYoungGen: 52224K->256K(58880K)] 528073K->476105K(779776K), 0.0112992 secs] [Times: user=0.06 sys=0.00, real=0.01 secs]
